[size_order] train=90 layouts  held-out=36 layouts
objc[14816]: Class SDLApplication is implemented in both /Users/linmuyi/miniconda3/envs/llm_gs/lib/python3.9/site-packages/pygame/.dylibs/libSDL2-2.0.0.dylib (0x1209512c8) and /Users/linmuyi/miniconda3/envs/llm_gs/lib/python3.9/site-packages/cv2/.dylibs/libSDL2-2.0.0.dylib (0x30c308890). This may cause spurious casting failures and mysterious crashes. One of the duplicates must be removed or renamed.
objc[14816]: Class SDLAppDelegate is implemented in both /Users/linmuyi/miniconda3/envs/llm_gs/lib/python3.9/site-packages/pygame/.dylibs/libSDL2-2.0.0.dylib (0x120951318) and /Users/linmuyi/miniconda3/envs/llm_gs/lib/python3.9/site-packages/cv2/.dylibs/libSDL2-2.0.0.dylib (0x30c3088e0). This may cause spurious casting failures and mysterious crashes. One of the duplicates must be removed or renamed.
objc[14816]: Class SDLTranslatorResponder is implemented in both /Users/linmuyi/miniconda3/envs/llm_gs/lib/python3.9/site-packages/pygame/.dylibs/libSDL2-2.0.0.dylib (0x120951390) and /Users/linmuyi/miniconda3/envs/llm_gs/lib/python3.9/site-packages/cv2/.dylibs/libSDL2-2.0.0.dylib (0x30c308958). This may cause spurious casting failures and mysterious crashes. One of the duplicates must be removed or renamed.
objc[14816]: Class SDLMessageBoxPresenter is implemented in both /Users/linmuyi/miniconda3/envs/llm_gs/lib/python3.9/site-packages/pygame/.dylibs/libSDL2-2.0.0.dylib (0x1209513b8) and /Users/linmuyi/miniconda3/envs/llm_gs/lib/python3.9/site-packages/cv2/.dylibs/libSDL2-2.0.0.dylib (0x30c308980). This may cause spurious casting failures and mysterious crashes. One of the duplicates must be removed or renamed.
objc[14816]: Class SDL_cocoametalview is implemented in both /Users/linmuyi/miniconda3/envs/llm_gs/lib/python3.9/site-packages/pygame/.dylibs/libSDL2-2.0.0.dylib (0x120951408) and /Users/linmuyi/miniconda3/envs/llm_gs/lib/python3.9/site-packages/cv2/.dylibs/libSDL2-2.0.0.dylib (0x30c3089d0). This may cause spurious casting failures and mysterious crashes. One of the duplicates must be removed or renamed.
objc[14816]: Class SDLOpenGLContext is implemented in both /Users/linmuyi/miniconda3/envs/llm_gs/lib/python3.9/site-packages/pygame/.dylibs/libSDL2-2.0.0.dylib (0x120951458) and /Users/linmuyi/miniconda3/envs/llm_gs/lib/python3.9/site-packages/cv2/.dylibs/libSDL2-2.0.0.dylib (0x30c308a20). This may cause spurious casting failures and mysterious crashes. One of the duplicates must be removed or renamed.
objc[14816]: Class SDL_ShapeData is implemented in both /Users/linmuyi/miniconda3/envs/llm_gs/lib/python3.9/site-packages/pygame/.dylibs/libSDL2-2.0.0.dylib (0x1209514d0) and /Users/linmuyi/miniconda3/envs/llm_gs/lib/python3.9/site-packages/cv2/.dylibs/libSDL2-2.0.0.dylib (0x30c308a98). This may cause spurious casting failures and mysterious crashes. One of the duplicates must be removed or renamed.
objc[14816]: Class SDL_CocoaClosure is implemented in both /Users/linmuyi/miniconda3/envs/llm_gs/lib/python3.9/site-packages/pygame/.dylibs/libSDL2-2.0.0.dylib (0x120951520) and /Users/linmuyi/miniconda3/envs/llm_gs/lib/python3.9/site-packages/cv2/.dylibs/libSDL2-2.0.0.dylib (0x30c308ae8). This may cause spurious casting failures and mysterious crashes. One of the duplicates must be removed or renamed.
objc[14816]: Class SDL_VideoData is implemented in both /Users/linmuyi/miniconda3/envs/llm_gs/lib/python3.9/site-packages/pygame/.dylibs/libSDL2-2.0.0.dylib (0x120951570) and /Users/linmuyi/miniconda3/envs/llm_gs/lib/python3.9/site-packages/cv2/.dylibs/libSDL2-2.0.0.dylib (0x30c308b38). This may cause spurious casting failures and mysterious crashes. One of the duplicates must be removed or renamed.
objc[14816]: Class SDL_WindowData is implemented in both /Users/linmuyi/miniconda3/envs/llm_gs/lib/python3.9/site-packages/pygame/.dylibs/libSDL2-2.0.0.dylib (0x1209515c0) and /Users/linmuyi/miniconda3/envs/llm_gs/lib/python3.9/site-packages/cv2/.dylibs/libSDL2-2.0.0.dylib (0x30c308b88). This may cause spurious casting failures and mysterious crashes. One of the duplicates must be removed or renamed.
objc[14816]: Class SDLWindow is implemented in both /Users/linmuyi/miniconda3/envs/llm_gs/lib/python3.9/site-packages/pygame/.dylibs/libSDL2-2.0.0.dylib (0x1209515e8) and /Users/linmuyi/miniconda3/envs/llm_gs/lib/python3.9/site-packages/cv2/.dylibs/libSDL2-2.0.0.dylib (0x30c308bb0). This may cause spurious casting failures and mysterious crashes. One of the duplicates must be removed or renamed.
objc[14816]: Class Cocoa_WindowListener is implemented in both /Users/linmuyi/miniconda3/envs/llm_gs/lib/python3.9/site-packages/pygame/.dylibs/libSDL2-2.0.0.dylib (0x120951610) and /Users/linmuyi/miniconda3/envs/llm_gs/lib/python3.9/site-packages/cv2/.dylibs/libSDL2-2.0.0.dylib (0x30c308bd8). This may cause spurious casting failures and mysterious crashes. One of the duplicates must be removed or renamed.
objc[14816]: Class SDLView is implemented in both /Users/linmuyi/miniconda3/envs/llm_gs/lib/python3.9/site-packages/pygame/.dylibs/libSDL2-2.0.0.dylib (0x120951688) and /Users/linmuyi/miniconda3/envs/llm_gs/lib/python3.9/site-packages/cv2/.dylibs/libSDL2-2.0.0.dylib (0x30c308c50). This may cause spurious casting failures and mysterious crashes. One of the duplicates must be removed or renamed.
objc[14816]: Class METAL_RenderData is implemented in both /Users/linmuyi/miniconda3/envs/llm_gs/lib/python3.9/site-packages/pygame/.dylibs/libSDL2-2.0.0.dylib (0x120951700) and /Users/linmuyi/miniconda3/envs/llm_gs/lib/python3.9/site-packages/cv2/.dylibs/libSDL2-2.0.0.dylib (0x30c308cc8). This may cause spurious casting failures and mysterious crashes. One of the duplicates must be removed or renamed.
objc[14816]: Class METAL_TextureData is implemented in both /Users/linmuyi/miniconda3/envs/llm_gs/lib/python3.9/site-packages/pygame/.dylibs/libSDL2-2.0.0.dylib (0x120951750) and /Users/linmuyi/miniconda3/envs/llm_gs/lib/python3.9/site-packages/cv2/.dylibs/libSDL2-2.0.0.dylib (0x30c308d18). This may cause spurious casting failures and mysterious crashes. One of the duplicates must be removed or renamed.
objc[14816]: Class SDL_RumbleMotor is implemented in both /Users/linmuyi/miniconda3/envs/llm_gs/lib/python3.9/site-packages/pygame/.dylibs/libSDL2-2.0.0.dylib (0x120951778) and /Users/linmuyi/miniconda3/envs/llm_gs/lib/python3.9/site-packages/cv2/.dylibs/libSDL2-2.0.0.dylib (0x30c308d40). This may cause spurious casting failures and mysterious crashes. One of the duplicates must be removed or renamed.
objc[14816]: Class SDL_RumbleContext is implemented in both /Users/linmuyi/miniconda3/envs/llm_gs/lib/python3.9/site-packages/pygame/.dylibs/libSDL2-2.0.0.dylib (0x1209517c8) and /Users/linmuyi/miniconda3/envs/llm_gs/lib/python3.9/site-packages/cv2/.dylibs/libSDL2-2.0.0.dylib (0x30c308d90). This may cause spurious casting failures and mysterious crashes. One of the duplicates must be removed or renamed.
[size_order] 600000 steps, 12 checkpoints, curriculum

  steps=  50000  held=0.05  gate=0.11  bins=1/3  active= 30  (90s)
  steps= 100000  held=0.31  gate=0.79  bins=2/3  active= 60  [UNLOCK:gate]  (202s)
  steps= 150000  held=0.52  gate=0.86  bins=3/3  active= 90  [UNLOCK:gate]  (313s)
  steps= 200000  held=0.55  gate=0.55  bins=3/3  active= 90  (415s)
  steps= 250000  held=0.60  gate=0.60  bins=3/3  active= 90  (520s)
  steps= 300000  held=0.53  gate=0.53  bins=3/3  active= 90  (621s)
  steps= 350000  held=0.51  gate=0.51  bins=3/3  active= 90  (726s)
  steps= 400000  held=0.53  gate=0.53  bins=3/3  active= 90  (835s)
  steps= 450000  held=0.53  gate=0.53  bins=3/3  active= 90  (943s)
  steps= 500000  held=0.51  gate=0.51  bins=3/3  active= 90  (1032s)
  steps= 550000  held=0.53  gate=0.53  bins=3/3  active= 90  (1077s)
  steps= 600000  held=0.57  gate=0.57  bins=3/3  active= 90  (1125s)

[size_order] DONE  final held=0.57  steps_to_0.3=100,000  wall=1124s  -> size_order_seed0.json
[size_order] per-cell held: s7N1=0.31  s7N2=0.50  s7N3=0.50  s9N1=0.75  s9N2=0.69  s9N3=0.19  s11N1=1.00  s11N2=0.38  s11N3=0.81
