[flat] train=90 layouts  held-out=36 layouts
objc[20067]: Class SDLApplication is implemented in both /Users/linmuyi/miniconda3/envs/llm_gs/lib/python3.9/site-packages/pygame/.dylibs/libSDL2-2.0.0.dylib (0x123d452c8) and /Users/linmuyi/miniconda3/envs/llm_gs/lib/python3.9/site-packages/cv2/.dylibs/libSDL2-2.0.0.dylib (0x16ed60890). This may cause spurious casting failures and mysterious crashes. One of the duplicates must be removed or renamed.
objc[20067]: Class SDLAppDelegate is implemented in both /Users/linmuyi/miniconda3/envs/llm_gs/lib/python3.9/site-packages/pygame/.dylibs/libSDL2-2.0.0.dylib (0x123d45318) and /Users/linmuyi/miniconda3/envs/llm_gs/lib/python3.9/site-packages/cv2/.dylibs/libSDL2-2.0.0.dylib (0x16ed608e0). This may cause spurious casting failures and mysterious crashes. One of the duplicates must be removed or renamed.
objc[20067]: Class SDLTranslatorResponder is implemented in both /Users/linmuyi/miniconda3/envs/llm_gs/lib/python3.9/site-packages/pygame/.dylibs/libSDL2-2.0.0.dylib (0x123d45390) and /Users/linmuyi/miniconda3/envs/llm_gs/lib/python3.9/site-packages/cv2/.dylibs/libSDL2-2.0.0.dylib (0x16ed60958). This may cause spurious casting failures and mysterious crashes. One of the duplicates must be removed or renamed.
objc[20067]: Class SDLMessageBoxPresenter is implemented in both /Users/linmuyi/miniconda3/envs/llm_gs/lib/python3.9/site-packages/pygame/.dylibs/libSDL2-2.0.0.dylib (0x123d453b8) and /Users/linmuyi/miniconda3/envs/llm_gs/lib/python3.9/site-packages/cv2/.dylibs/libSDL2-2.0.0.dylib (0x16ed60980). This may cause spurious casting failures and mysterious crashes. One of the duplicates must be removed or renamed.
objc[20067]: Class SDL_cocoametalview is implemented in both /Users/linmuyi/miniconda3/envs/llm_gs/lib/python3.9/site-packages/pygame/.dylibs/libSDL2-2.0.0.dylib (0x123d45408) and /Users/linmuyi/miniconda3/envs/llm_gs/lib/python3.9/site-packages/cv2/.dylibs/libSDL2-2.0.0.dylib (0x16ed609d0). This may cause spurious casting failures and mysterious crashes. One of the duplicates must be removed or renamed.
objc[20067]: Class SDLOpenGLContext is implemented in both /Users/linmuyi/miniconda3/envs/llm_gs/lib/python3.9/site-packages/pygame/.dylibs/libSDL2-2.0.0.dylib (0x123d45458) and /Users/linmuyi/miniconda3/envs/llm_gs/lib/python3.9/site-packages/cv2/.dylibs/libSDL2-2.0.0.dylib (0x16ed60a20). This may cause spurious casting failures and mysterious crashes. One of the duplicates must be removed or renamed.
objc[20067]: Class SDL_ShapeData is implemented in both /Users/linmuyi/miniconda3/envs/llm_gs/lib/python3.9/site-packages/pygame/.dylibs/libSDL2-2.0.0.dylib (0x123d454d0) and /Users/linmuyi/miniconda3/envs/llm_gs/lib/python3.9/site-packages/cv2/.dylibs/libSDL2-2.0.0.dylib (0x16ed60a98). This may cause spurious casting failures and mysterious crashes. One of the duplicates must be removed or renamed.
objc[20067]: Class SDL_CocoaClosure is implemented in both /Users/linmuyi/miniconda3/envs/llm_gs/lib/python3.9/site-packages/pygame/.dylibs/libSDL2-2.0.0.dylib (0x123d45520) and /Users/linmuyi/miniconda3/envs/llm_gs/lib/python3.9/site-packages/cv2/.dylibs/libSDL2-2.0.0.dylib (0x16ed60ae8). This may cause spurious casting failures and mysterious crashes. One of the duplicates must be removed or renamed.
objc[20067]: Class SDL_VideoData is implemented in both /Users/linmuyi/miniconda3/envs/llm_gs/lib/python3.9/site-packages/pygame/.dylibs/libSDL2-2.0.0.dylib (0x123d45570) and /Users/linmuyi/miniconda3/envs/llm_gs/lib/python3.9/site-packages/cv2/.dylibs/libSDL2-2.0.0.dylib (0x16ed60b38). This may cause spurious casting failures and mysterious crashes. One of the duplicates must be removed or renamed.
objc[20067]: Class SDL_WindowData is implemented in both /Users/linmuyi/miniconda3/envs/llm_gs/lib/python3.9/site-packages/pygame/.dylibs/libSDL2-2.0.0.dylib (0x123d455c0) and /Users/linmuyi/miniconda3/envs/llm_gs/lib/python3.9/site-packages/cv2/.dylibs/libSDL2-2.0.0.dylib (0x16ed60b88). This may cause spurious casting failures and mysterious crashes. One of the duplicates must be removed or renamed.
objc[20067]: Class SDLWindow is implemented in both /Users/linmuyi/miniconda3/envs/llm_gs/lib/python3.9/site-packages/pygame/.dylibs/libSDL2-2.0.0.dylib (0x123d455e8) and /Users/linmuyi/miniconda3/envs/llm_gs/lib/python3.9/site-packages/cv2/.dylibs/libSDL2-2.0.0.dylib (0x16ed60bb0). This may cause spurious casting failures and mysterious crashes. One of the duplicates must be removed or renamed.
objc[20067]: Class Cocoa_WindowListener is implemented in both /Users/linmuyi/miniconda3/envs/llm_gs/lib/python3.9/site-packages/pygame/.dylibs/libSDL2-2.0.0.dylib (0x123d45610) and /Users/linmuyi/miniconda3/envs/llm_gs/lib/python3.9/site-packages/cv2/.dylibs/libSDL2-2.0.0.dylib (0x16ed60bd8). This may cause spurious casting failures and mysterious crashes. One of the duplicates must be removed or renamed.
objc[20067]: Class SDLView is implemented in both /Users/linmuyi/miniconda3/envs/llm_gs/lib/python3.9/site-packages/pygame/.dylibs/libSDL2-2.0.0.dylib (0x123d45688) and /Users/linmuyi/miniconda3/envs/llm_gs/lib/python3.9/site-packages/cv2/.dylibs/libSDL2-2.0.0.dylib (0x16ed60c50). This may cause spurious casting failures and mysterious crashes. One of the duplicates must be removed or renamed.
objc[20067]: Class METAL_RenderData is implemented in both /Users/linmuyi/miniconda3/envs/llm_gs/lib/python3.9/site-packages/pygame/.dylibs/libSDL2-2.0.0.dylib (0x123d45700) and /Users/linmuyi/miniconda3/envs/llm_gs/lib/python3.9/site-packages/cv2/.dylibs/libSDL2-2.0.0.dylib (0x16ed60cc8). This may cause spurious casting failures and mysterious crashes. One of the duplicates must be removed or renamed.
objc[20067]: Class METAL_TextureData is implemented in both /Users/linmuyi/miniconda3/envs/llm_gs/lib/python3.9/site-packages/pygame/.dylibs/libSDL2-2.0.0.dylib (0x123d45750) and /Users/linmuyi/miniconda3/envs/llm_gs/lib/python3.9/site-packages/cv2/.dylibs/libSDL2-2.0.0.dylib (0x16ed60d18). This may cause spurious casting failures and mysterious crashes. One of the duplicates must be removed or renamed.
objc[20067]: Class SDL_RumbleMotor is implemented in both /Users/linmuyi/miniconda3/envs/llm_gs/lib/python3.9/site-packages/pygame/.dylibs/libSDL2-2.0.0.dylib (0x123d45778) and /Users/linmuyi/miniconda3/envs/llm_gs/lib/python3.9/site-packages/cv2/.dylibs/libSDL2-2.0.0.dylib (0x16ed60d40). This may cause spurious casting failures and mysterious crashes. One of the duplicates must be removed or renamed.
objc[20067]: Class SDL_RumbleContext is implemented in both /Users/linmuyi/miniconda3/envs/llm_gs/lib/python3.9/site-packages/pygame/.dylibs/libSDL2-2.0.0.dylib (0x123d457c8) and /Users/linmuyi/miniconda3/envs/llm_gs/lib/python3.9/site-packages/cv2/.dylibs/libSDL2-2.0.0.dylib (0x16ed60d90). This may cause spurious casting failures and mysterious crashes. One of the duplicates must be removed or renamed.
[flat] 600000 steps, 12 checkpoints, flat (no curriculum)

  steps=  50000  held=0.01  gate=0.01  bins=3/3  active= 90  (46s)
  steps= 100000  held=0.00  gate=0.00  bins=3/3  active= 90  (106s)
  steps= 150000  held=0.00  gate=0.00  bins=3/3  active= 90  (164s)
  steps= 200000  held=0.00  gate=0.00  bins=3/3  active= 90  (229s)
  steps= 250000  held=0.03  gate=0.03  bins=3/3  active= 90  (277s)
  steps= 300000  held=0.06  gate=0.06  bins=3/3  active= 90  (328s)
  steps= 350000  held=0.06  gate=0.06  bins=3/3  active= 90  (377s)
  steps= 400000  held=0.25  gate=0.25  bins=3/3  active= 90  (448s)
  steps= 450000  held=0.35  gate=0.35  bins=3/3  active= 90  (614s)
  steps= 500000  held=0.48  gate=0.48  bins=3/3  active= 90  (761s)
  steps= 550000  held=0.65  gate=0.65  bins=3/3  active= 90  (899s)
  steps= 600000  held=0.63  gate=0.63  bins=3/3  active= 90  (1021s)
python(33363) MallocStackLogging: can't turn off malloc stack logging because it was not enabled.

[flat] DONE  final held=0.63  steps_to_0.3=450,000  wall=1021s  -> flat_seed1.json
[flat] per-cell held: s7N1=0.75  s7N2=0.75  s7N3=0.81  s9N1=0.38  s9N2=0.94  s9N3=0.44  s11N1=0.50  s11N2=0.69  s11N3=0.44
