[size_order] train=90 layouts  held-out=36 layouts
objc[20097]: Class SDLApplication is implemented in both /Users/linmuyi/miniconda3/envs/llm_gs/lib/python3.9/site-packages/pygame/.dylibs/libSDL2-2.0.0.dylib (0x10d14d2c8) and /Users/linmuyi/miniconda3/envs/llm_gs/lib/python3.9/site-packages/cv2/.dylibs/libSDL2-2.0.0.dylib (0x13393c890). This may cause spurious casting failures and mysterious crashes. One of the duplicates must be removed or renamed.
objc[20097]: Class SDLAppDelegate is implemented in both /Users/linmuyi/miniconda3/envs/llm_gs/lib/python3.9/site-packages/pygame/.dylibs/libSDL2-2.0.0.dylib (0x10d14d318) and /Users/linmuyi/miniconda3/envs/llm_gs/lib/python3.9/site-packages/cv2/.dylibs/libSDL2-2.0.0.dylib (0x13393c8e0). This may cause spurious casting failures and mysterious crashes. One of the duplicates must be removed or renamed.
objc[20097]: Class SDLTranslatorResponder is implemented in both /Users/linmuyi/miniconda3/envs/llm_gs/lib/python3.9/site-packages/pygame/.dylibs/libSDL2-2.0.0.dylib (0x10d14d390) and /Users/linmuyi/miniconda3/envs/llm_gs/lib/python3.9/site-packages/cv2/.dylibs/libSDL2-2.0.0.dylib (0x13393c958). This may cause spurious casting failures and mysterious crashes. One of the duplicates must be removed or renamed.
objc[20097]: Class SDLMessageBoxPresenter is implemented in both /Users/linmuyi/miniconda3/envs/llm_gs/lib/python3.9/site-packages/pygame/.dylibs/libSDL2-2.0.0.dylib (0x10d14d3b8) and /Users/linmuyi/miniconda3/envs/llm_gs/lib/python3.9/site-packages/cv2/.dylibs/libSDL2-2.0.0.dylib (0x13393c980). This may cause spurious casting failures and mysterious crashes. One of the duplicates must be removed or renamed.
objc[20097]: Class SDL_cocoametalview is implemented in both /Users/linmuyi/miniconda3/envs/llm_gs/lib/python3.9/site-packages/pygame/.dylibs/libSDL2-2.0.0.dylib (0x10d14d408) and /Users/linmuyi/miniconda3/envs/llm_gs/lib/python3.9/site-packages/cv2/.dylibs/libSDL2-2.0.0.dylib (0x13393c9d0). This may cause spurious casting failures and mysterious crashes. One of the duplicates must be removed or renamed.
objc[20097]: Class SDLOpenGLContext is implemented in both /Users/linmuyi/miniconda3/envs/llm_gs/lib/python3.9/site-packages/pygame/.dylibs/libSDL2-2.0.0.dylib (0x10d14d458) and /Users/linmuyi/miniconda3/envs/llm_gs/lib/python3.9/site-packages/cv2/.dylibs/libSDL2-2.0.0.dylib (0x13393ca20). This may cause spurious casting failures and mysterious crashes. One of the duplicates must be removed or renamed.
objc[20097]: Class SDL_ShapeData is implemented in both /Users/linmuyi/miniconda3/envs/llm_gs/lib/python3.9/site-packages/pygame/.dylibs/libSDL2-2.0.0.dylib (0x10d14d4d0) and /Users/linmuyi/miniconda3/envs/llm_gs/lib/python3.9/site-packages/cv2/.dylibs/libSDL2-2.0.0.dylib (0x13393ca98). This may cause spurious casting failures and mysterious crashes. One of the duplicates must be removed or renamed.
objc[20097]: Class SDL_CocoaClosure is implemented in both /Users/linmuyi/miniconda3/envs/llm_gs/lib/python3.9/site-packages/pygame/.dylibs/libSDL2-2.0.0.dylib (0x10d14d520) and /Users/linmuyi/miniconda3/envs/llm_gs/lib/python3.9/site-packages/cv2/.dylibs/libSDL2-2.0.0.dylib (0x13393cae8). This may cause spurious casting failures and mysterious crashes. One of the duplicates must be removed or renamed.
objc[20097]: Class SDL_VideoData is implemented in both /Users/linmuyi/miniconda3/envs/llm_gs/lib/python3.9/site-packages/pygame/.dylibs/libSDL2-2.0.0.dylib (0x10d14d570) and /Users/linmuyi/miniconda3/envs/llm_gs/lib/python3.9/site-packages/cv2/.dylibs/libSDL2-2.0.0.dylib (0x13393cb38). This may cause spurious casting failures and mysterious crashes. One of the duplicates must be removed or renamed.
objc[20097]: Class SDL_WindowData is implemented in both /Users/linmuyi/miniconda3/envs/llm_gs/lib/python3.9/site-packages/pygame/.dylibs/libSDL2-2.0.0.dylib (0x10d14d5c0) and /Users/linmuyi/miniconda3/envs/llm_gs/lib/python3.9/site-packages/cv2/.dylibs/libSDL2-2.0.0.dylib (0x13393cb88). This may cause spurious casting failures and mysterious crashes. One of the duplicates must be removed or renamed.
objc[20097]: Class SDLWindow is implemented in both /Users/linmuyi/miniconda3/envs/llm_gs/lib/python3.9/site-packages/pygame/.dylibs/libSDL2-2.0.0.dylib (0x10d14d5e8) and /Users/linmuyi/miniconda3/envs/llm_gs/lib/python3.9/site-packages/cv2/.dylibs/libSDL2-2.0.0.dylib (0x13393cbb0). This may cause spurious casting failures and mysterious crashes. One of the duplicates must be removed or renamed.
objc[20097]: Class Cocoa_WindowListener is implemented in both /Users/linmuyi/miniconda3/envs/llm_gs/lib/python3.9/site-packages/pygame/.dylibs/libSDL2-2.0.0.dylib (0x10d14d610) and /Users/linmuyi/miniconda3/envs/llm_gs/lib/python3.9/site-packages/cv2/.dylibs/libSDL2-2.0.0.dylib (0x13393cbd8). This may cause spurious casting failures and mysterious crashes. One of the duplicates must be removed or renamed.
objc[20097]: Class SDLView is implemented in both /Users/linmuyi/miniconda3/envs/llm_gs/lib/python3.9/site-packages/pygame/.dylibs/libSDL2-2.0.0.dylib (0x10d14d688) and /Users/linmuyi/miniconda3/envs/llm_gs/lib/python3.9/site-packages/cv2/.dylibs/libSDL2-2.0.0.dylib (0x13393cc50). This may cause spurious casting failures and mysterious crashes. One of the duplicates must be removed or renamed.
objc[20097]: Class METAL_RenderData is implemented in both /Users/linmuyi/miniconda3/envs/llm_gs/lib/python3.9/site-packages/pygame/.dylibs/libSDL2-2.0.0.dylib (0x10d14d700) and /Users/linmuyi/miniconda3/envs/llm_gs/lib/python3.9/site-packages/cv2/.dylibs/libSDL2-2.0.0.dylib (0x13393ccc8). This may cause spurious casting failures and mysterious crashes. One of the duplicates must be removed or renamed.
objc[20097]: Class METAL_TextureData is implemented in both /Users/linmuyi/miniconda3/envs/llm_gs/lib/python3.9/site-packages/pygame/.dylibs/libSDL2-2.0.0.dylib (0x10d14d750) and /Users/linmuyi/miniconda3/envs/llm_gs/lib/python3.9/site-packages/cv2/.dylibs/libSDL2-2.0.0.dylib (0x13393cd18). This may cause spurious casting failures and mysterious crashes. One of the duplicates must be removed or renamed.
objc[20097]: Class SDL_RumbleMotor is implemented in both /Users/linmuyi/miniconda3/envs/llm_gs/lib/python3.9/site-packages/pygame/.dylibs/libSDL2-2.0.0.dylib (0x10d14d778) and /Users/linmuyi/miniconda3/envs/llm_gs/lib/python3.9/site-packages/cv2/.dylibs/libSDL2-2.0.0.dylib (0x13393cd40). This may cause spurious casting failures and mysterious crashes. One of the duplicates must be removed or renamed.
objc[20097]: Class SDL_RumbleContext is implemented in both /Users/linmuyi/miniconda3/envs/llm_gs/lib/python3.9/site-packages/pygame/.dylibs/libSDL2-2.0.0.dylib (0x10d14d7c8) and /Users/linmuyi/miniconda3/envs/llm_gs/lib/python3.9/site-packages/cv2/.dylibs/libSDL2-2.0.0.dylib (0x13393cd90). This may cause spurious casting failures and mysterious crashes. One of the duplicates must be removed or renamed.
[size_order] 600000 steps, 12 checkpoints, curriculum

  steps=  50000  held=0.06  gate=0.22  bins=1/3  active= 30  (49s)
  steps= 100000  held=0.31  gate=0.68  bins=2/3  active= 60  [UNLOCK:gate]  (114s)
  steps= 150000  held=0.44  gate=0.82  bins=3/3  active= 90  [UNLOCK:gate]  (178s)
  steps= 200000  held=0.49  gate=0.49  bins=3/3  active= 90  (241s)
  steps= 250000  held=0.38  gate=0.38  bins=3/3  active= 90  (303s)
  steps= 300000  held=0.53  gate=0.53  bins=3/3  active= 90  (351s)
  steps= 350000  held=0.62  gate=0.62  bins=3/3  active= 90  (407s)
  steps= 400000  held=0.62  gate=0.62  bins=3/3  active= 90  (501s)
  steps= 450000  held=0.60  gate=0.60  bins=3/3  active= 90  (667s)
  steps= 500000  held=0.62  gate=0.62  bins=3/3  active= 90  (791s)
  steps= 550000  held=0.56  gate=0.56  bins=3/3  active= 90  (934s)
  steps= 600000  held=0.60  gate=0.60  bins=3/3  active= 90  (1041s)

[size_order] DONE  final held=0.60  steps_to_0.3=100,000  wall=1041s  -> size_order_seed1.json
[size_order] per-cell held: s7N1=0.62  s7N2=0.75  s7N3=0.50  s9N1=0.75  s9N2=0.81  s9N3=0.00  s11N1=0.81  s11N2=0.62  s11N3=0.50
