[size_order] train=90 layouts  held-out=36 layouts
objc[14834]: Class SDLApplication is implemented in both /Users/linmuyi/miniconda3/envs/llm_gs/lib/python3.9/site-packages/pygame/.dylibs/libSDL2-2.0.0.dylib (0x10b9112c8) and /Users/linmuyi/miniconda3/envs/llm_gs/lib/python3.9/site-packages/cv2/.dylibs/libSDL2-2.0.0.dylib (0x139b1c890). This may cause spurious casting failures and mysterious crashes. One of the duplicates must be removed or renamed.
objc[14834]: Class SDLAppDelegate is implemented in both /Users/linmuyi/miniconda3/envs/llm_gs/lib/python3.9/site-packages/pygame/.dylibs/libSDL2-2.0.0.dylib (0x10b911318) and /Users/linmuyi/miniconda3/envs/llm_gs/lib/python3.9/site-packages/cv2/.dylibs/libSDL2-2.0.0.dylib (0x139b1c8e0). This may cause spurious casting failures and mysterious crashes. One of the duplicates must be removed or renamed.
objc[14834]: Class SDLTranslatorResponder is implemented in both /Users/linmuyi/miniconda3/envs/llm_gs/lib/python3.9/site-packages/pygame/.dylibs/libSDL2-2.0.0.dylib (0x10b911390) and /Users/linmuyi/miniconda3/envs/llm_gs/lib/python3.9/site-packages/cv2/.dylibs/libSDL2-2.0.0.dylib (0x139b1c958). This may cause spurious casting failures and mysterious crashes. One of the duplicates must be removed or renamed.
objc[14834]: Class SDLMessageBoxPresenter is implemented in both /Users/linmuyi/miniconda3/envs/llm_gs/lib/python3.9/site-packages/pygame/.dylibs/libSDL2-2.0.0.dylib (0x10b9113b8) and /Users/linmuyi/miniconda3/envs/llm_gs/lib/python3.9/site-packages/cv2/.dylibs/libSDL2-2.0.0.dylib (0x139b1c980). This may cause spurious casting failures and mysterious crashes. One of the duplicates must be removed or renamed.
objc[14834]: Class SDL_cocoametalview is implemented in both /Users/linmuyi/miniconda3/envs/llm_gs/lib/python3.9/site-packages/pygame/.dylibs/libSDL2-2.0.0.dylib (0x10b911408) and /Users/linmuyi/miniconda3/envs/llm_gs/lib/python3.9/site-packages/cv2/.dylibs/libSDL2-2.0.0.dylib (0x139b1c9d0). This may cause spurious casting failures and mysterious crashes. One of the duplicates must be removed or renamed.
objc[14834]: Class SDLOpenGLContext is implemented in both /Users/linmuyi/miniconda3/envs/llm_gs/lib/python3.9/site-packages/pygame/.dylibs/libSDL2-2.0.0.dylib (0x10b911458) and /Users/linmuyi/miniconda3/envs/llm_gs/lib/python3.9/site-packages/cv2/.dylibs/libSDL2-2.0.0.dylib (0x139b1ca20). This may cause spurious casting failures and mysterious crashes. One of the duplicates must be removed or renamed.
objc[14834]: Class SDL_ShapeData is implemented in both /Users/linmuyi/miniconda3/envs/llm_gs/lib/python3.9/site-packages/pygame/.dylibs/libSDL2-2.0.0.dylib (0x10b9114d0) and /Users/linmuyi/miniconda3/envs/llm_gs/lib/python3.9/site-packages/cv2/.dylibs/libSDL2-2.0.0.dylib (0x139b1ca98). This may cause spurious casting failures and mysterious crashes. One of the duplicates must be removed or renamed.
objc[14834]: Class SDL_CocoaClosure is implemented in both /Users/linmuyi/miniconda3/envs/llm_gs/lib/python3.9/site-packages/pygame/.dylibs/libSDL2-2.0.0.dylib (0x10b911520) and /Users/linmuyi/miniconda3/envs/llm_gs/lib/python3.9/site-packages/cv2/.dylibs/libSDL2-2.0.0.dylib (0x139b1cae8). This may cause spurious casting failures and mysterious crashes. One of the duplicates must be removed or renamed.
objc[14834]: Class SDL_VideoData is implemented in both /Users/linmuyi/miniconda3/envs/llm_gs/lib/python3.9/site-packages/pygame/.dylibs/libSDL2-2.0.0.dylib (0x10b911570) and /Users/linmuyi/miniconda3/envs/llm_gs/lib/python3.9/site-packages/cv2/.dylibs/libSDL2-2.0.0.dylib (0x139b1cb38). This may cause spurious casting failures and mysterious crashes. One of the duplicates must be removed or renamed.
objc[14834]: Class SDL_WindowData is implemented in both /Users/linmuyi/miniconda3/envs/llm_gs/lib/python3.9/site-packages/pygame/.dylibs/libSDL2-2.0.0.dylib (0x10b9115c0) and /Users/linmuyi/miniconda3/envs/llm_gs/lib/python3.9/site-packages/cv2/.dylibs/libSDL2-2.0.0.dylib (0x139b1cb88). This may cause spurious casting failures and mysterious crashes. One of the duplicates must be removed or renamed.
objc[14834]: Class SDLWindow is implemented in both /Users/linmuyi/miniconda3/envs/llm_gs/lib/python3.9/site-packages/pygame/.dylibs/libSDL2-2.0.0.dylib (0x10b9115e8) and /Users/linmuyi/miniconda3/envs/llm_gs/lib/python3.9/site-packages/cv2/.dylibs/libSDL2-2.0.0.dylib (0x139b1cbb0). This may cause spurious casting failures and mysterious crashes. One of the duplicates must be removed or renamed.
objc[14834]: Class Cocoa_WindowListener is implemented in both /Users/linmuyi/miniconda3/envs/llm_gs/lib/python3.9/site-packages/pygame/.dylibs/libSDL2-2.0.0.dylib (0x10b911610) and /Users/linmuyi/miniconda3/envs/llm_gs/lib/python3.9/site-packages/cv2/.dylibs/libSDL2-2.0.0.dylib (0x139b1cbd8). This may cause spurious casting failures and mysterious crashes. One of the duplicates must be removed or renamed.
objc[14834]: Class SDLView is implemented in both /Users/linmuyi/miniconda3/envs/llm_gs/lib/python3.9/site-packages/pygame/.dylibs/libSDL2-2.0.0.dylib (0x10b911688) and /Users/linmuyi/miniconda3/envs/llm_gs/lib/python3.9/site-packages/cv2/.dylibs/libSDL2-2.0.0.dylib (0x139b1cc50). This may cause spurious casting failures and mysterious crashes. One of the duplicates must be removed or renamed.
objc[14834]: Class METAL_RenderData is implemented in both /Users/linmuyi/miniconda3/envs/llm_gs/lib/python3.9/site-packages/pygame/.dylibs/libSDL2-2.0.0.dylib (0x10b911700) and /Users/linmuyi/miniconda3/envs/llm_gs/lib/python3.9/site-packages/cv2/.dylibs/libSDL2-2.0.0.dylib (0x139b1ccc8). This may cause spurious casting failures and mysterious crashes. One of the duplicates must be removed or renamed.
objc[14834]: Class METAL_TextureData is implemented in both /Users/linmuyi/miniconda3/envs/llm_gs/lib/python3.9/site-packages/pygame/.dylibs/libSDL2-2.0.0.dylib (0x10b911750) and /Users/linmuyi/miniconda3/envs/llm_gs/lib/python3.9/site-packages/cv2/.dylibs/libSDL2-2.0.0.dylib (0x139b1cd18). This may cause spurious casting failures and mysterious crashes. One of the duplicates must be removed or renamed.
objc[14834]: Class SDL_RumbleMotor is implemented in both /Users/linmuyi/miniconda3/envs/llm_gs/lib/python3.9/site-packages/pygame/.dylibs/libSDL2-2.0.0.dylib (0x10b911778) and /Users/linmuyi/miniconda3/envs/llm_gs/lib/python3.9/site-packages/cv2/.dylibs/libSDL2-2.0.0.dylib (0x139b1cd40). This may cause spurious casting failures and mysterious crashes. One of the duplicates must be removed or renamed.
objc[14834]: Class SDL_RumbleContext is implemented in both /Users/linmuyi/miniconda3/envs/llm_gs/lib/python3.9/site-packages/pygame/.dylibs/libSDL2-2.0.0.dylib (0x10b9117c8) and /Users/linmuyi/miniconda3/envs/llm_gs/lib/python3.9/site-packages/cv2/.dylibs/libSDL2-2.0.0.dylib (0x139b1cd90). This may cause spurious casting failures and mysterious crashes. One of the duplicates must be removed or renamed.
[size_order] 1500000 steps, 30 checkpoints, curriculum

  steps=  50000  held=0.01  gate=0.03  bins=1/3  active= 30  (131s)
  steps= 100000  held=0.00  gate=0.00  bins=1/3  active= 30  (240s)
  steps= 150000  held=0.00  gate=0.01  bins=1/3  active= 30  (360s)
  steps= 200000  held=0.14  gate=0.17  bins=1/3  active= 30  (464s)
  steps= 250000  held=0.14  gate=0.22  bins=1/3  active= 30  (623s)
  steps= 300000  held=0.14  gate=0.28  bins=1/3  active= 30  (721s)
  steps= 350000  held=0.14  gate=0.28  bins=1/3  active= 30  (846s)
  steps= 400000  held=0.14  gate=0.28  bins=2/3  active= 60  [UNLOCK:deadline]  (1010s)
  steps= 450000  held=0.09  gate=0.04  bins=2/3  active= 60  (1083s)
  steps= 500000  held=0.01  gate=0.00  bins=2/3  active= 60  (1164s)
  steps= 550000  held=0.07  gate=0.06  bins=2/3  active= 60  (1243s)
  steps= 600000  held=0.01  gate=0.00  bins=2/3  active= 60  (1349s)
  steps= 650000  held=0.06  gate=0.07  bins=2/3  active= 60  (1446s)
  steps= 700000  held=0.05  gate=0.08  bins=2/3  active= 60  (1541s)
  steps= 750000  held=0.10  gate=0.12  bins=2/3  active= 60  (1767s)
  steps= 800000  held=0.09  gate=0.06  bins=3/3  active= 90  [UNLOCK:deadline]  (1995s)
  steps= 850000  held=0.03  gate=0.03  bins=3/3  active= 90  (2129s)
  steps= 900000  held=0.17  gate=0.17  bins=3/3  active= 90  (2246s)
  steps= 950000  held=0.12  gate=0.12  bins=3/3  active= 90  (2542s)
