[rivers_only] train=90 layouts  held-out=36 layouts
objc[14727]: Class SDLApplication is implemented in both /Users/linmuyi/miniconda3/envs/llm_gs/lib/python3.9/site-packages/pygame/.dylibs/libSDL2-2.0.0.dylib (0x10815d2c8) and /Users/linmuyi/miniconda3/envs/llm_gs/lib/python3.9/site-packages/cv2/.dylibs/libSDL2-2.0.0.dylib (0x139804890). This may cause spurious casting failures and mysterious crashes. One of the duplicates must be removed or renamed.
objc[14727]: Class SDLAppDelegate is implemented in both /Users/linmuyi/miniconda3/envs/llm_gs/lib/python3.9/site-packages/pygame/.dylibs/libSDL2-2.0.0.dylib (0x10815d318) and /Users/linmuyi/miniconda3/envs/llm_gs/lib/python3.9/site-packages/cv2/.dylibs/libSDL2-2.0.0.dylib (0x1398048e0). This may cause spurious casting failures and mysterious crashes. One of the duplicates must be removed or renamed.
objc[14727]: Class SDLTranslatorResponder is implemented in both /Users/linmuyi/miniconda3/envs/llm_gs/lib/python3.9/site-packages/pygame/.dylibs/libSDL2-2.0.0.dylib (0x10815d390) and /Users/linmuyi/miniconda3/envs/llm_gs/lib/python3.9/site-packages/cv2/.dylibs/libSDL2-2.0.0.dylib (0x139804958). This may cause spurious casting failures and mysterious crashes. One of the duplicates must be removed or renamed.
objc[14727]: Class SDLMessageBoxPresenter is implemented in both /Users/linmuyi/miniconda3/envs/llm_gs/lib/python3.9/site-packages/pygame/.dylibs/libSDL2-2.0.0.dylib (0x10815d3b8) and /Users/linmuyi/miniconda3/envs/llm_gs/lib/python3.9/site-packages/cv2/.dylibs/libSDL2-2.0.0.dylib (0x139804980). This may cause spurious casting failures and mysterious crashes. One of the duplicates must be removed or renamed.
objc[14727]: Class SDL_cocoametalview is implemented in both /Users/linmuyi/miniconda3/envs/llm_gs/lib/python3.9/site-packages/pygame/.dylibs/libSDL2-2.0.0.dylib (0x10815d408) and /Users/linmuyi/miniconda3/envs/llm_gs/lib/python3.9/site-packages/cv2/.dylibs/libSDL2-2.0.0.dylib (0x1398049d0). This may cause spurious casting failures and mysterious crashes. One of the duplicates must be removed or renamed.
objc[14727]: Class SDLOpenGLContext is implemented in both /Users/linmuyi/miniconda3/envs/llm_gs/lib/python3.9/site-packages/pygame/.dylibs/libSDL2-2.0.0.dylib (0x10815d458) and /Users/linmuyi/miniconda3/envs/llm_gs/lib/python3.9/site-packages/cv2/.dylibs/libSDL2-2.0.0.dylib (0x139804a20). This may cause spurious casting failures and mysterious crashes. One of the duplicates must be removed or renamed.
objc[14727]: Class SDL_ShapeData is implemented in both /Users/linmuyi/miniconda3/envs/llm_gs/lib/python3.9/site-packages/pygame/.dylibs/libSDL2-2.0.0.dylib (0x10815d4d0) and /Users/linmuyi/miniconda3/envs/llm_gs/lib/python3.9/site-packages/cv2/.dylibs/libSDL2-2.0.0.dylib (0x139804a98). This may cause spurious casting failures and mysterious crashes. One of the duplicates must be removed or renamed.
objc[14727]: Class SDL_CocoaClosure is implemented in both /Users/linmuyi/miniconda3/envs/llm_gs/lib/python3.9/site-packages/pygame/.dylibs/libSDL2-2.0.0.dylib (0x10815d520) and /Users/linmuyi/miniconda3/envs/llm_gs/lib/python3.9/site-packages/cv2/.dylibs/libSDL2-2.0.0.dylib (0x139804ae8). This may cause spurious casting failures and mysterious crashes. One of the duplicates must be removed or renamed.
objc[14727]: Class SDL_VideoData is implemented in both /Users/linmuyi/miniconda3/envs/llm_gs/lib/python3.9/site-packages/pygame/.dylibs/libSDL2-2.0.0.dylib (0x10815d570) and /Users/linmuyi/miniconda3/envs/llm_gs/lib/python3.9/site-packages/cv2/.dylibs/libSDL2-2.0.0.dylib (0x139804b38). This may cause spurious casting failures and mysterious crashes. One of the duplicates must be removed or renamed.
objc[14727]: Class SDL_WindowData is implemented in both /Users/linmuyi/miniconda3/envs/llm_gs/lib/python3.9/site-packages/pygame/.dylibs/libSDL2-2.0.0.dylib (0x10815d5c0) and /Users/linmuyi/miniconda3/envs/llm_gs/lib/python3.9/site-packages/cv2/.dylibs/libSDL2-2.0.0.dylib (0x139804b88). This may cause spurious casting failures and mysterious crashes. One of the duplicates must be removed or renamed.
objc[14727]: Class SDLWindow is implemented in both /Users/linmuyi/miniconda3/envs/llm_gs/lib/python3.9/site-packages/pygame/.dylibs/libSDL2-2.0.0.dylib (0x10815d5e8) and /Users/linmuyi/miniconda3/envs/llm_gs/lib/python3.9/site-packages/cv2/.dylibs/libSDL2-2.0.0.dylib (0x139804bb0). This may cause spurious casting failures and mysterious crashes. One of the duplicates must be removed or renamed.
objc[14727]: Class Cocoa_WindowListener is implemented in both /Users/linmuyi/miniconda3/envs/llm_gs/lib/python3.9/site-packages/pygame/.dylibs/libSDL2-2.0.0.dylib (0x10815d610) and /Users/linmuyi/miniconda3/envs/llm_gs/lib/python3.9/site-packages/cv2/.dylibs/libSDL2-2.0.0.dylib (0x139804bd8). This may cause spurious casting failures and mysterious crashes. One of the duplicates must be removed or renamed.
objc[14727]: Class SDLView is implemented in both /Users/linmuyi/miniconda3/envs/llm_gs/lib/python3.9/site-packages/pygame/.dylibs/libSDL2-2.0.0.dylib (0x10815d688) and /Users/linmuyi/miniconda3/envs/llm_gs/lib/python3.9/site-packages/cv2/.dylibs/libSDL2-2.0.0.dylib (0x139804c50). This may cause spurious casting failures and mysterious crashes. One of the duplicates must be removed or renamed.
objc[14727]: Class METAL_RenderData is implemented in both /Users/linmuyi/miniconda3/envs/llm_gs/lib/python3.9/site-packages/pygame/.dylibs/libSDL2-2.0.0.dylib (0x10815d700) and /Users/linmuyi/miniconda3/envs/llm_gs/lib/python3.9/site-packages/cv2/.dylibs/libSDL2-2.0.0.dylib (0x139804cc8). This may cause spurious casting failures and mysterious crashes. One of the duplicates must be removed or renamed.
objc[14727]: Class METAL_TextureData is implemented in both /Users/linmuyi/miniconda3/envs/llm_gs/lib/python3.9/site-packages/pygame/.dylibs/libSDL2-2.0.0.dylib (0x10815d750) and /Users/linmuyi/miniconda3/envs/llm_gs/lib/python3.9/site-packages/cv2/.dylibs/libSDL2-2.0.0.dylib (0x139804d18). This may cause spurious casting failures and mysterious crashes. One of the duplicates must be removed or renamed.
objc[14727]: Class SDL_RumbleMotor is implemented in both /Users/linmuyi/miniconda3/envs/llm_gs/lib/python3.9/site-packages/pygame/.dylibs/libSDL2-2.0.0.dylib (0x10815d778) and /Users/linmuyi/miniconda3/envs/llm_gs/lib/python3.9/site-packages/cv2/.dylibs/libSDL2-2.0.0.dylib (0x139804d40). This may cause spurious casting failures and mysterious crashes. One of the duplicates must be removed or renamed.
objc[14727]: Class SDL_RumbleContext is implemented in both /Users/linmuyi/miniconda3/envs/llm_gs/lib/python3.9/site-packages/pygame/.dylibs/libSDL2-2.0.0.dylib (0x10815d7c8) and /Users/linmuyi/miniconda3/envs/llm_gs/lib/python3.9/site-packages/cv2/.dylibs/libSDL2-2.0.0.dylib (0x139804d90). This may cause spurious casting failures and mysterious crashes. One of the duplicates must be removed or renamed.
[rivers_only] 1500000 steps, 30 checkpoints, curriculum

  steps=  50000  held=0.00  gate=0.01  bins=1/3  active= 30  (115s)
  steps= 100000  held=0.00  gate=0.00  bins=1/3  active= 30  (227s)
  steps= 150000  held=0.00  gate=0.01  bins=1/3  active= 30  (330s)
  steps= 200000  held=0.01  gate=0.04  bins=1/3  active= 30  (459s)
  steps= 250000  held=0.01  gate=0.04  bins=1/3  active= 30  (587s)
  steps= 300000  held=0.00  gate=0.01  bins=1/3  active= 30  (730s)
  steps= 350000  held=0.03  gate=0.11  bins=1/3  active= 30  (838s)
  steps= 400000  held=0.02  gate=0.11  bins=2/3  active= 60  [UNLOCK:deadline]  (955s)
  steps= 450000  held=0.03  gate=0.01  bins=2/3  active= 60  (1061s)
  steps= 500000  held=0.03  gate=0.15  bins=2/3  active= 60  (1135s)
  steps= 550000  held=0.03  gate=0.04  bins=2/3  active= 60  (1226s)
  steps= 600000  held=0.06  gate=0.06  bins=2/3  active= 60  (1286s)
  steps= 650000  held=0.03  gate=0.06  bins=2/3  active= 60  (1390s)
  steps= 700000  held=0.03  gate=0.06  bins=2/3  active= 60  (1475s)
  steps= 750000  held=0.02  gate=0.07  bins=2/3  active= 60  (1599s)
  steps= 800000  held=0.04  gate=0.10  bins=3/3  active= 90  [UNLOCK:deadline]  (1870s)
  steps= 850000  held=0.03  gate=0.03  bins=3/3  active= 90  (2075s)
  steps= 900000  held=0.03  gate=0.03  bins=3/3  active= 90  (2221s)
  steps= 950000  held=0.08  gate=0.08  bins=3/3  active= 90  (2391s)
