[grader] train=90 layouts  held-out=36 layouts
objc[14851]: Class SDLApplication is implemented in both /Users/linmuyi/miniconda3/envs/llm_gs/lib/python3.9/site-packages/pygame/.dylibs/libSDL2-2.0.0.dylib (0x10bc552c8) and /Users/linmuyi/miniconda3/envs/llm_gs/lib/python3.9/site-packages/cv2/.dylibs/libSDL2-2.0.0.dylib (0x311224890). This may cause spurious casting failures and mysterious crashes. One of the duplicates must be removed or renamed.
objc[14851]: Class SDLAppDelegate is implemented in both /Users/linmuyi/miniconda3/envs/llm_gs/lib/python3.9/site-packages/pygame/.dylibs/libSDL2-2.0.0.dylib (0x10bc55318) and /Users/linmuyi/miniconda3/envs/llm_gs/lib/python3.9/site-packages/cv2/.dylibs/libSDL2-2.0.0.dylib (0x3112248e0). This may cause spurious casting failures and mysterious crashes. One of the duplicates must be removed or renamed.
objc[14851]: Class SDLTranslatorResponder is implemented in both /Users/linmuyi/miniconda3/envs/llm_gs/lib/python3.9/site-packages/pygame/.dylibs/libSDL2-2.0.0.dylib (0x10bc55390) and /Users/linmuyi/miniconda3/envs/llm_gs/lib/python3.9/site-packages/cv2/.dylibs/libSDL2-2.0.0.dylib (0x311224958). This may cause spurious casting failures and mysterious crashes. One of the duplicates must be removed or renamed.
objc[14851]: Class SDLMessageBoxPresenter is implemented in both /Users/linmuyi/miniconda3/envs/llm_gs/lib/python3.9/site-packages/pygame/.dylibs/libSDL2-2.0.0.dylib (0x10bc553b8) and /Users/linmuyi/miniconda3/envs/llm_gs/lib/python3.9/site-packages/cv2/.dylibs/libSDL2-2.0.0.dylib (0x311224980). This may cause spurious casting failures and mysterious crashes. One of the duplicates must be removed or renamed.
objc[14851]: Class SDL_cocoametalview is implemented in both /Users/linmuyi/miniconda3/envs/llm_gs/lib/python3.9/site-packages/pygame/.dylibs/libSDL2-2.0.0.dylib (0x10bc55408) and /Users/linmuyi/miniconda3/envs/llm_gs/lib/python3.9/site-packages/cv2/.dylibs/libSDL2-2.0.0.dylib (0x3112249d0). This may cause spurious casting failures and mysterious crashes. One of the duplicates must be removed or renamed.
objc[14851]: Class SDLOpenGLContext is implemented in both /Users/linmuyi/miniconda3/envs/llm_gs/lib/python3.9/site-packages/pygame/.dylibs/libSDL2-2.0.0.dylib (0x10bc55458) and /Users/linmuyi/miniconda3/envs/llm_gs/lib/python3.9/site-packages/cv2/.dylibs/libSDL2-2.0.0.dylib (0x311224a20). This may cause spurious casting failures and mysterious crashes. One of the duplicates must be removed or renamed.
objc[14851]: Class SDL_ShapeData is implemented in both /Users/linmuyi/miniconda3/envs/llm_gs/lib/python3.9/site-packages/pygame/.dylibs/libSDL2-2.0.0.dylib (0x10bc554d0) and /Users/linmuyi/miniconda3/envs/llm_gs/lib/python3.9/site-packages/cv2/.dylibs/libSDL2-2.0.0.dylib (0x311224a98). This may cause spurious casting failures and mysterious crashes. One of the duplicates must be removed or renamed.
objc[14851]: Class SDL_CocoaClosure is implemented in both /Users/linmuyi/miniconda3/envs/llm_gs/lib/python3.9/site-packages/pygame/.dylibs/libSDL2-2.0.0.dylib (0x10bc55520) and /Users/linmuyi/miniconda3/envs/llm_gs/lib/python3.9/site-packages/cv2/.dylibs/libSDL2-2.0.0.dylib (0x311224ae8). This may cause spurious casting failures and mysterious crashes. One of the duplicates must be removed or renamed.
objc[14851]: Class SDL_VideoData is implemented in both /Users/linmuyi/miniconda3/envs/llm_gs/lib/python3.9/site-packages/pygame/.dylibs/libSDL2-2.0.0.dylib (0x10bc55570) and /Users/linmuyi/miniconda3/envs/llm_gs/lib/python3.9/site-packages/cv2/.dylibs/libSDL2-2.0.0.dylib (0x311224b38). This may cause spurious casting failures and mysterious crashes. One of the duplicates must be removed or renamed.
objc[14851]: Class SDL_WindowData is implemented in both /Users/linmuyi/miniconda3/envs/llm_gs/lib/python3.9/site-packages/pygame/.dylibs/libSDL2-2.0.0.dylib (0x10bc555c0) and /Users/linmuyi/miniconda3/envs/llm_gs/lib/python3.9/site-packages/cv2/.dylibs/libSDL2-2.0.0.dylib (0x311224b88). This may cause spurious casting failures and mysterious crashes. One of the duplicates must be removed or renamed.
objc[14851]: Class SDLWindow is implemented in both /Users/linmuyi/miniconda3/envs/llm_gs/lib/python3.9/site-packages/pygame/.dylibs/libSDL2-2.0.0.dylib (0x10bc555e8) and /Users/linmuyi/miniconda3/envs/llm_gs/lib/python3.9/site-packages/cv2/.dylibs/libSDL2-2.0.0.dylib (0x311224bb0). This may cause spurious casting failures and mysterious crashes. One of the duplicates must be removed or renamed.
objc[14851]: Class Cocoa_WindowListener is implemented in both /Users/linmuyi/miniconda3/envs/llm_gs/lib/python3.9/site-packages/pygame/.dylibs/libSDL2-2.0.0.dylib (0x10bc55610) and /Users/linmuyi/miniconda3/envs/llm_gs/lib/python3.9/site-packages/cv2/.dylibs/libSDL2-2.0.0.dylib (0x311224bd8). This may cause spurious casting failures and mysterious crashes. One of the duplicates must be removed or renamed.
objc[14851]: Class SDLView is implemented in both /Users/linmuyi/miniconda3/envs/llm_gs/lib/python3.9/site-packages/pygame/.dylibs/libSDL2-2.0.0.dylib (0x10bc55688) and /Users/linmuyi/miniconda3/envs/llm_gs/lib/python3.9/site-packages/cv2/.dylibs/libSDL2-2.0.0.dylib (0x311224c50). This may cause spurious casting failures and mysterious crashes. One of the duplicates must be removed or renamed.
objc[14851]: Class METAL_RenderData is implemented in both /Users/linmuyi/miniconda3/envs/llm_gs/lib/python3.9/site-packages/pygame/.dylibs/libSDL2-2.0.0.dylib (0x10bc55700) and /Users/linmuyi/miniconda3/envs/llm_gs/lib/python3.9/site-packages/cv2/.dylibs/libSDL2-2.0.0.dylib (0x311224cc8). This may cause spurious casting failures and mysterious crashes. One of the duplicates must be removed or renamed.
objc[14851]: Class METAL_TextureData is implemented in both /Users/linmuyi/miniconda3/envs/llm_gs/lib/python3.9/site-packages/pygame/.dylibs/libSDL2-2.0.0.dylib (0x10bc55750) and /Users/linmuyi/miniconda3/envs/llm_gs/lib/python3.9/site-packages/cv2/.dylibs/libSDL2-2.0.0.dylib (0x311224d18). This may cause spurious casting failures and mysterious crashes. One of the duplicates must be removed or renamed.
objc[14851]: Class SDL_RumbleMotor is implemented in both /Users/linmuyi/miniconda3/envs/llm_gs/lib/python3.9/site-packages/pygame/.dylibs/libSDL2-2.0.0.dylib (0x10bc55778) and /Users/linmuyi/miniconda3/envs/llm_gs/lib/python3.9/site-packages/cv2/.dylibs/libSDL2-2.0.0.dylib (0x311224d40). This may cause spurious casting failures and mysterious crashes. One of the duplicates must be removed or renamed.
objc[14851]: Class SDL_RumbleContext is implemented in both /Users/linmuyi/miniconda3/envs/llm_gs/lib/python3.9/site-packages/pygame/.dylibs/libSDL2-2.0.0.dylib (0x10bc557c8) and /Users/linmuyi/miniconda3/envs/llm_gs/lib/python3.9/site-packages/cv2/.dylibs/libSDL2-2.0.0.dylib (0x311224d90). This may cause spurious casting failures and mysterious crashes. One of the duplicates must be removed or renamed.
[grader] 1500000 steps, 30 checkpoints, curriculum

  steps=  50000  held=0.00  gate=0.01  bins=1/3  active= 30  (117s)
  steps= 100000  held=0.01  gate=0.01  bins=1/3  active= 30  (226s)
  steps= 150000  held=0.00  gate=0.00  bins=1/3  active= 30  (394s)
  steps= 200000  held=0.00  gate=0.00  bins=1/3  active= 30  (563s)
  steps= 250000  held=0.00  gate=0.00  bins=1/3  active= 30  (743s)
  steps= 300000  held=0.00  gate=0.00  bins=1/3  active= 30  (931s)
  steps= 350000  held=0.00  gate=0.00  bins=1/3  active= 30  (1031s)
  steps= 400000  held=0.00  gate=0.00  bins=2/3  active= 60  [UNLOCK:deadline]  (1080s)
  steps= 450000  held=0.01  gate=0.00  bins=2/3  active= 60  (1121s)
  steps= 500000  held=0.12  gate=0.11  bins=2/3  active= 60  (1162s)
  steps= 550000  held=0.14  gate=0.11  bins=2/3  active= 60  (1227s)
  steps= 600000  held=0.13  gate=0.11  bins=2/3  active= 60  (1309s)
  steps= 650000  held=0.12  gate=0.06  bins=2/3  active= 60  (1389s)
  steps= 700000  held=0.14  gate=0.11  bins=2/3  active= 60  (1481s)
  steps= 750000  held=0.00  gate=0.00  bins=2/3  active= 60  (1661s)
  steps= 800000  held=0.02  gate=0.03  bins=3/3  active= 90  [UNLOCK:deadline]  (1850s)
  steps= 850000  held=0.09  gate=0.09  bins=3/3  active= 90  (1982s)
  steps= 900000  held=0.06  gate=0.06  bins=3/3  active= 90  (2170s)
  steps= 950000  held=0.04  gate=0.04  bins=3/3  active= 90  (2332s)
