[size_order] train=90 layouts  held-out=36 layouts
objc[14692]: Class SDLApplication is implemented in both /Users/linmuyi/miniconda3/envs/llm_gs/lib/python3.9/site-packages/pygame/.dylibs/libSDL2-2.0.0.dylib (0x102f612c8) and /Users/linmuyi/miniconda3/envs/llm_gs/lib/python3.9/site-packages/cv2/.dylibs/libSDL2-2.0.0.dylib (0x148370890). This may cause spurious casting failures and mysterious crashes. One of the duplicates must be removed or renamed.
objc[14692]: Class SDLAppDelegate is implemented in both /Users/linmuyi/miniconda3/envs/llm_gs/lib/python3.9/site-packages/pygame/.dylibs/libSDL2-2.0.0.dylib (0x102f61318) and /Users/linmuyi/miniconda3/envs/llm_gs/lib/python3.9/site-packages/cv2/.dylibs/libSDL2-2.0.0.dylib (0x1483708e0). This may cause spurious casting failures and mysterious crashes. One of the duplicates must be removed or renamed.
objc[14692]: Class SDLTranslatorResponder is implemented in both /Users/linmuyi/miniconda3/envs/llm_gs/lib/python3.9/site-packages/pygame/.dylibs/libSDL2-2.0.0.dylib (0x102f61390) and /Users/linmuyi/miniconda3/envs/llm_gs/lib/python3.9/site-packages/cv2/.dylibs/libSDL2-2.0.0.dylib (0x148370958). This may cause spurious casting failures and mysterious crashes. One of the duplicates must be removed or renamed.
objc[14692]: Class SDLMessageBoxPresenter is implemented in both /Users/linmuyi/miniconda3/envs/llm_gs/lib/python3.9/site-packages/pygame/.dylibs/libSDL2-2.0.0.dylib (0x102f613b8) and /Users/linmuyi/miniconda3/envs/llm_gs/lib/python3.9/site-packages/cv2/.dylibs/libSDL2-2.0.0.dylib (0x148370980). This may cause spurious casting failures and mysterious crashes. One of the duplicates must be removed or renamed.
objc[14692]: Class SDL_cocoametalview is implemented in both /Users/linmuyi/miniconda3/envs/llm_gs/lib/python3.9/site-packages/pygame/.dylibs/libSDL2-2.0.0.dylib (0x102f61408) and /Users/linmuyi/miniconda3/envs/llm_gs/lib/python3.9/site-packages/cv2/.dylibs/libSDL2-2.0.0.dylib (0x1483709d0). This may cause spurious casting failures and mysterious crashes. One of the duplicates must be removed or renamed.
objc[14692]: Class SDLOpenGLContext is implemented in both /Users/linmuyi/miniconda3/envs/llm_gs/lib/python3.9/site-packages/pygame/.dylibs/libSDL2-2.0.0.dylib (0x102f61458) and /Users/linmuyi/miniconda3/envs/llm_gs/lib/python3.9/site-packages/cv2/.dylibs/libSDL2-2.0.0.dylib (0x148370a20). This may cause spurious casting failures and mysterious crashes. One of the duplicates must be removed or renamed.
objc[14692]: Class SDL_ShapeData is implemented in both /Users/linmuyi/miniconda3/envs/llm_gs/lib/python3.9/site-packages/pygame/.dylibs/libSDL2-2.0.0.dylib (0x102f614d0) and /Users/linmuyi/miniconda3/envs/llm_gs/lib/python3.9/site-packages/cv2/.dylibs/libSDL2-2.0.0.dylib (0x148370a98). This may cause spurious casting failures and mysterious crashes. One of the duplicates must be removed or renamed.
objc[14692]: Class SDL_CocoaClosure is implemented in both /Users/linmuyi/miniconda3/envs/llm_gs/lib/python3.9/site-packages/pygame/.dylibs/libSDL2-2.0.0.dylib (0x102f61520) and /Users/linmuyi/miniconda3/envs/llm_gs/lib/python3.9/site-packages/cv2/.dylibs/libSDL2-2.0.0.dylib (0x148370ae8). This may cause spurious casting failures and mysterious crashes. One of the duplicates must be removed or renamed.
objc[14692]: Class SDL_VideoData is implemented in both /Users/linmuyi/miniconda3/envs/llm_gs/lib/python3.9/site-packages/pygame/.dylibs/libSDL2-2.0.0.dylib (0x102f61570) and /Users/linmuyi/miniconda3/envs/llm_gs/lib/python3.9/site-packages/cv2/.dylibs/libSDL2-2.0.0.dylib (0x148370b38). This may cause spurious casting failures and mysterious crashes. One of the duplicates must be removed or renamed.
objc[14692]: Class SDL_WindowData is implemented in both /Users/linmuyi/miniconda3/envs/llm_gs/lib/python3.9/site-packages/pygame/.dylibs/libSDL2-2.0.0.dylib (0x102f615c0) and /Users/linmuyi/miniconda3/envs/llm_gs/lib/python3.9/site-packages/cv2/.dylibs/libSDL2-2.0.0.dylib (0x148370b88). This may cause spurious casting failures and mysterious crashes. One of the duplicates must be removed or renamed.
objc[14692]: Class SDLWindow is implemented in both /Users/linmuyi/miniconda3/envs/llm_gs/lib/python3.9/site-packages/pygame/.dylibs/libSDL2-2.0.0.dylib (0x102f615e8) and /Users/linmuyi/miniconda3/envs/llm_gs/lib/python3.9/site-packages/cv2/.dylibs/libSDL2-2.0.0.dylib (0x148370bb0). This may cause spurious casting failures and mysterious crashes. One of the duplicates must be removed or renamed.
objc[14692]: Class Cocoa_WindowListener is implemented in both /Users/linmuyi/miniconda3/envs/llm_gs/lib/python3.9/site-packages/pygame/.dylibs/libSDL2-2.0.0.dylib (0x102f61610) and /Users/linmuyi/miniconda3/envs/llm_gs/lib/python3.9/site-packages/cv2/.dylibs/libSDL2-2.0.0.dylib (0x148370bd8). This may cause spurious casting failures and mysterious crashes. One of the duplicates must be removed or renamed.
objc[14692]: Class SDLView is implemented in both /Users/linmuyi/miniconda3/envs/llm_gs/lib/python3.9/site-packages/pygame/.dylibs/libSDL2-2.0.0.dylib (0x102f61688) and /Users/linmuyi/miniconda3/envs/llm_gs/lib/python3.9/site-packages/cv2/.dylibs/libSDL2-2.0.0.dylib (0x148370c50). This may cause spurious casting failures and mysterious crashes. One of the duplicates must be removed or renamed.
objc[14692]: Class METAL_RenderData is implemented in both /Users/linmuyi/miniconda3/envs/llm_gs/lib/python3.9/site-packages/pygame/.dylibs/libSDL2-2.0.0.dylib (0x102f61700) and /Users/linmuyi/miniconda3/envs/llm_gs/lib/python3.9/site-packages/cv2/.dylibs/libSDL2-2.0.0.dylib (0x148370cc8). This may cause spurious casting failures and mysterious crashes. One of the duplicates must be removed or renamed.
objc[14692]: Class METAL_TextureData is implemented in both /Users/linmuyi/miniconda3/envs/llm_gs/lib/python3.9/site-packages/pygame/.dylibs/libSDL2-2.0.0.dylib (0x102f61750) and /Users/linmuyi/miniconda3/envs/llm_gs/lib/python3.9/site-packages/cv2/.dylibs/libSDL2-2.0.0.dylib (0x148370d18). This may cause spurious casting failures and mysterious crashes. One of the duplicates must be removed or renamed.
objc[14692]: Class SDL_RumbleMotor is implemented in both /Users/linmuyi/miniconda3/envs/llm_gs/lib/python3.9/site-packages/pygame/.dylibs/libSDL2-2.0.0.dylib (0x102f61778) and /Users/linmuyi/miniconda3/envs/llm_gs/lib/python3.9/site-packages/cv2/.dylibs/libSDL2-2.0.0.dylib (0x148370d40). This may cause spurious casting failures and mysterious crashes. One of the duplicates must be removed or renamed.
objc[14692]: Class SDL_RumbleContext is implemented in both /Users/linmuyi/miniconda3/envs/llm_gs/lib/python3.9/site-packages/pygame/.dylibs/libSDL2-2.0.0.dylib (0x102f617c8) and /Users/linmuyi/miniconda3/envs/llm_gs/lib/python3.9/site-packages/cv2/.dylibs/libSDL2-2.0.0.dylib (0x148370d90). This may cause spurious casting failures and mysterious crashes. One of the duplicates must be removed or renamed.
[size_order] 1500000 steps, 30 checkpoints, curriculum

  steps=  50000  held=0.00  gate=0.00  bins=1/3  active= 30  (143s)
  steps= 100000  held=0.00  gate=0.00  bins=1/3  active= 30  (261s)
  steps= 150000  held=0.00  gate=0.00  bins=1/3  active= 30  (391s)
  steps= 200000  held=0.00  gate=0.00  bins=1/3  active= 30  (559s)
  steps= 250000  held=0.00  gate=0.00  bins=1/3  active= 30  (747s)
  steps= 300000  held=0.00  gate=0.00  bins=1/3  active= 30  (852s)
  steps= 350000  held=0.00  gate=0.00  bins=1/3  active= 30  (966s)
  steps= 400000  held=0.03  gate=0.11  bins=2/3  active= 60  [UNLOCK:deadline]  (1049s)
  steps= 450000  held=0.01  gate=0.00  bins=2/3  active= 60  (1133s)
  steps= 500000  held=0.02  gate=0.04  bins=2/3  active= 60  (1228s)
  steps= 550000  held=0.01  gate=0.00  bins=2/3  active= 60  (1317s)
  steps= 600000  held=0.02  gate=0.08  bins=2/3  active= 60  (1411s)
  steps= 650000  held=0.03  gate=0.06  bins=2/3  active= 60  (1507s)
  steps= 700000  held=0.03  gate=0.03  bins=2/3  active= 60  (1694s)
  steps= 750000  held=0.01  gate=0.00  bins=2/3  active= 60  (1883s)
  steps= 800000  held=0.01  gate=0.01  bins=3/3  active= 90  [UNLOCK:deadline]  (2096s)
  steps= 850000  held=0.00  gate=0.00  bins=3/3  active= 90  (2230s)
  steps= 900000  held=0.00  gate=0.00  bins=3/3  active= 90  (2454s)
