[random_curriculum] train=90 layouts  held-out=36 layouts
objc[14697]: Class SDLApplication is implemented in both /Users/linmuyi/miniconda3/envs/llm_gs/lib/python3.9/site-packages/pygame/.dylibs/libSDL2-2.0.0.dylib (0x10b14d2c8) and /Users/linmuyi/miniconda3/envs/llm_gs/lib/python3.9/site-packages/cv2/.dylibs/libSDL2-2.0.0.dylib (0x1695dc890). This may cause spurious casting failures and mysterious crashes. One of the duplicates must be removed or renamed.
objc[14697]: Class SDLAppDelegate is implemented in both /Users/linmuyi/miniconda3/envs/llm_gs/lib/python3.9/site-packages/pygame/.dylibs/libSDL2-2.0.0.dylib (0x10b14d318) and /Users/linmuyi/miniconda3/envs/llm_gs/lib/python3.9/site-packages/cv2/.dylibs/libSDL2-2.0.0.dylib (0x1695dc8e0). This may cause spurious casting failures and mysterious crashes. One of the duplicates must be removed or renamed.
objc[14697]: Class SDLTranslatorResponder is implemented in both /Users/linmuyi/miniconda3/envs/llm_gs/lib/python3.9/site-packages/pygame/.dylibs/libSDL2-2.0.0.dylib (0x10b14d390) and /Users/linmuyi/miniconda3/envs/llm_gs/lib/python3.9/site-packages/cv2/.dylibs/libSDL2-2.0.0.dylib (0x1695dc958). This may cause spurious casting failures and mysterious crashes. One of the duplicates must be removed or renamed.
objc[14697]: Class SDLMessageBoxPresenter is implemented in both /Users/linmuyi/miniconda3/envs/llm_gs/lib/python3.9/site-packages/pygame/.dylibs/libSDL2-2.0.0.dylib (0x10b14d3b8) and /Users/linmuyi/miniconda3/envs/llm_gs/lib/python3.9/site-packages/cv2/.dylibs/libSDL2-2.0.0.dylib (0x1695dc980). This may cause spurious casting failures and mysterious crashes. One of the duplicates must be removed or renamed.
objc[14697]: Class SDL_cocoametalview is implemented in both /Users/linmuyi/miniconda3/envs/llm_gs/lib/python3.9/site-packages/pygame/.dylibs/libSDL2-2.0.0.dylib (0x10b14d408) and /Users/linmuyi/miniconda3/envs/llm_gs/lib/python3.9/site-packages/cv2/.dylibs/libSDL2-2.0.0.dylib (0x1695dc9d0). This may cause spurious casting failures and mysterious crashes. One of the duplicates must be removed or renamed.
objc[14697]: Class SDLOpenGLContext is implemented in both /Users/linmuyi/miniconda3/envs/llm_gs/lib/python3.9/site-packages/pygame/.dylibs/libSDL2-2.0.0.dylib (0x10b14d458) and /Users/linmuyi/miniconda3/envs/llm_gs/lib/python3.9/site-packages/cv2/.dylibs/libSDL2-2.0.0.dylib (0x1695dca20). This may cause spurious casting failures and mysterious crashes. One of the duplicates must be removed or renamed.
objc[14697]: Class SDL_ShapeData is implemented in both /Users/linmuyi/miniconda3/envs/llm_gs/lib/python3.9/site-packages/pygame/.dylibs/libSDL2-2.0.0.dylib (0x10b14d4d0) and /Users/linmuyi/miniconda3/envs/llm_gs/lib/python3.9/site-packages/cv2/.dylibs/libSDL2-2.0.0.dylib (0x1695dca98). This may cause spurious casting failures and mysterious crashes. One of the duplicates must be removed or renamed.
objc[14697]: Class SDL_CocoaClosure is implemented in both /Users/linmuyi/miniconda3/envs/llm_gs/lib/python3.9/site-packages/pygame/.dylibs/libSDL2-2.0.0.dylib (0x10b14d520) and /Users/linmuyi/miniconda3/envs/llm_gs/lib/python3.9/site-packages/cv2/.dylibs/libSDL2-2.0.0.dylib (0x1695dcae8). This may cause spurious casting failures and mysterious crashes. One of the duplicates must be removed or renamed.
objc[14697]: Class SDL_VideoData is implemented in both /Users/linmuyi/miniconda3/envs/llm_gs/lib/python3.9/site-packages/pygame/.dylibs/libSDL2-2.0.0.dylib (0x10b14d570) and /Users/linmuyi/miniconda3/envs/llm_gs/lib/python3.9/site-packages/cv2/.dylibs/libSDL2-2.0.0.dylib (0x1695dcb38). This may cause spurious casting failures and mysterious crashes. One of the duplicates must be removed or renamed.
objc[14697]: Class SDL_WindowData is implemented in both /Users/linmuyi/miniconda3/envs/llm_gs/lib/python3.9/site-packages/pygame/.dylibs/libSDL2-2.0.0.dylib (0x10b14d5c0) and /Users/linmuyi/miniconda3/envs/llm_gs/lib/python3.9/site-packages/cv2/.dylibs/libSDL2-2.0.0.dylib (0x1695dcb88). This may cause spurious casting failures and mysterious crashes. One of the duplicates must be removed or renamed.
objc[14697]: Class SDLWindow is implemented in both /Users/linmuyi/miniconda3/envs/llm_gs/lib/python3.9/site-packages/pygame/.dylibs/libSDL2-2.0.0.dylib (0x10b14d5e8) and /Users/linmuyi/miniconda3/envs/llm_gs/lib/python3.9/site-packages/cv2/.dylibs/libSDL2-2.0.0.dylib (0x1695dcbb0). This may cause spurious casting failures and mysterious crashes. One of the duplicates must be removed or renamed.
objc[14697]: Class Cocoa_WindowListener is implemented in both /Users/linmuyi/miniconda3/envs/llm_gs/lib/python3.9/site-packages/pygame/.dylibs/libSDL2-2.0.0.dylib (0x10b14d610) and /Users/linmuyi/miniconda3/envs/llm_gs/lib/python3.9/site-packages/cv2/.dylibs/libSDL2-2.0.0.dylib (0x1695dcbd8). This may cause spurious casting failures and mysterious crashes. One of the duplicates must be removed or renamed.
objc[14697]: Class SDLView is implemented in both /Users/linmuyi/miniconda3/envs/llm_gs/lib/python3.9/site-packages/pygame/.dylibs/libSDL2-2.0.0.dylib (0x10b14d688) and /Users/linmuyi/miniconda3/envs/llm_gs/lib/python3.9/site-packages/cv2/.dylibs/libSDL2-2.0.0.dylib (0x1695dcc50). This may cause spurious casting failures and mysterious crashes. One of the duplicates must be removed or renamed.
objc[14697]: Class METAL_RenderData is implemented in both /Users/linmuyi/miniconda3/envs/llm_gs/lib/python3.9/site-packages/pygame/.dylibs/libSDL2-2.0.0.dylib (0x10b14d700) and /Users/linmuyi/miniconda3/envs/llm_gs/lib/python3.9/site-packages/cv2/.dylibs/libSDL2-2.0.0.dylib (0x1695dccc8). This may cause spurious casting failures and mysterious crashes. One of the duplicates must be removed or renamed.
objc[14697]: Class METAL_TextureData is implemented in both /Users/linmuyi/miniconda3/envs/llm_gs/lib/python3.9/site-packages/pygame/.dylibs/libSDL2-2.0.0.dylib (0x10b14d750) and /Users/linmuyi/miniconda3/envs/llm_gs/lib/python3.9/site-packages/cv2/.dylibs/libSDL2-2.0.0.dylib (0x1695dcd18). This may cause spurious casting failures and mysterious crashes. One of the duplicates must be removed or renamed.
objc[14697]: Class SDL_RumbleMotor is implemented in both /Users/linmuyi/miniconda3/envs/llm_gs/lib/python3.9/site-packages/pygame/.dylibs/libSDL2-2.0.0.dylib (0x10b14d778) and /Users/linmuyi/miniconda3/envs/llm_gs/lib/python3.9/site-packages/cv2/.dylibs/libSDL2-2.0.0.dylib (0x1695dcd40). This may cause spurious casting failures and mysterious crashes. One of the duplicates must be removed or renamed.
objc[14697]: Class SDL_RumbleContext is implemented in both /Users/linmuyi/miniconda3/envs/llm_gs/lib/python3.9/site-packages/pygame/.dylibs/libSDL2-2.0.0.dylib (0x10b14d7c8) and /Users/linmuyi/miniconda3/envs/llm_gs/lib/python3.9/site-packages/cv2/.dylibs/libSDL2-2.0.0.dylib (0x1695dcd90). This may cause spurious casting failures and mysterious crashes. One of the duplicates must be removed or renamed.
[random_curriculum] 1500000 steps, 30 checkpoints, curriculum

  steps=  50000  held=0.00  gate=0.00  bins=1/3  active= 30  (100s)
  steps= 100000  held=0.01  gate=0.01  bins=1/3  active= 30  (183s)
  steps= 150000  held=0.03  gate=0.10  bins=1/3  active= 30  (266s)
  steps= 200000  held=0.03  gate=0.06  bins=1/3  active= 30  (348s)
  steps= 250000  held=0.03  gate=0.11  bins=1/3  active= 30  (432s)
  steps= 300000  held=0.03  gate=0.11  bins=1/3  active= 30  (518s)
  steps= 350000  held=0.03  gate=0.11  bins=1/3  active= 30  (609s)
  steps= 400000  held=0.18  gate=0.25  bins=2/3  active= 60  [UNLOCK:deadline]  (745s)
  steps= 450000  held=0.11  gate=0.19  bins=2/3  active= 60  (896s)
  steps= 500000  held=0.23  gate=0.33  bins=2/3  active= 60  (1034s)
  steps= 550000  held=0.38  gate=0.60  bins=3/3  active= 90  [UNLOCK:gate]  (1103s)
  steps= 600000  held=0.28  gate=0.28  bins=3/3  active= 90  (1157s)
  steps= 650000  held=0.33  gate=0.33  bins=3/3  active= 90  (1228s)
  steps= 700000  held=0.42  gate=0.42  bins=3/3  active= 90  (1296s)
  steps= 750000  held=0.57  gate=0.57  bins=3/3  active= 90  (1379s)
  steps= 800000  held=0.65  gate=0.65  bins=3/3  active= 90  (1447s)
  steps= 850000  held=0.25  gate=0.25  bins=3/3  active= 90  (1527s)
  steps= 900000  held=0.47  gate=0.47  bins=3/3  active= 90  (1650s)
  steps= 950000  held=0.42  gate=0.42  bins=3/3  active= 90  (1863s)
  steps=1000000  held=0.59  gate=0.59  bins=3/3  active= 90  (2021s)
  steps=1050000  held=0.58  gate=0.58  bins=3/3  active= 90  (2162s)
  steps=1100000  held=0.62  gate=0.62  bins=3/3  active= 90  (2286s)
