[flat] train=90 layouts  held-out=36 layouts
objc[98136]: Class SDLApplication is implemented in both /Users/linmuyi/miniconda3/envs/llm_gs/lib/python3.9/site-packages/pygame/.dylibs/libSDL2-2.0.0.dylib (0x10b94d2c8) and /Users/linmuyi/miniconda3/envs/llm_gs/lib/python3.9/site-packages/cv2/.dylibs/libSDL2-2.0.0.dylib (0x16b83c890). This may cause spurious casting failures and mysterious crashes. One of the duplicates must be removed or renamed.
objc[98136]: Class SDLAppDelegate is implemented in both /Users/linmuyi/miniconda3/envs/llm_gs/lib/python3.9/site-packages/pygame/.dylibs/libSDL2-2.0.0.dylib (0x10b94d318) and /Users/linmuyi/miniconda3/envs/llm_gs/lib/python3.9/site-packages/cv2/.dylibs/libSDL2-2.0.0.dylib (0x16b83c8e0). This may cause spurious casting failures and mysterious crashes. One of the duplicates must be removed or renamed.
objc[98136]: Class SDLTranslatorResponder is implemented in both /Users/linmuyi/miniconda3/envs/llm_gs/lib/python3.9/site-packages/pygame/.dylibs/libSDL2-2.0.0.dylib (0x10b94d390) and /Users/linmuyi/miniconda3/envs/llm_gs/lib/python3.9/site-packages/cv2/.dylibs/libSDL2-2.0.0.dylib (0x16b83c958). This may cause spurious casting failures and mysterious crashes. One of the duplicates must be removed or renamed.
objc[98136]: Class SDLMessageBoxPresenter is implemented in both /Users/linmuyi/miniconda3/envs/llm_gs/lib/python3.9/site-packages/pygame/.dylibs/libSDL2-2.0.0.dylib (0x10b94d3b8) and /Users/linmuyi/miniconda3/envs/llm_gs/lib/python3.9/site-packages/cv2/.dylibs/libSDL2-2.0.0.dylib (0x16b83c980). This may cause spurious casting failures and mysterious crashes. One of the duplicates must be removed or renamed.
objc[98136]: Class SDL_cocoametalview is implemented in both /Users/linmuyi/miniconda3/envs/llm_gs/lib/python3.9/site-packages/pygame/.dylibs/libSDL2-2.0.0.dylib (0x10b94d408) and /Users/linmuyi/miniconda3/envs/llm_gs/lib/python3.9/site-packages/cv2/.dylibs/libSDL2-2.0.0.dylib (0x16b83c9d0). This may cause spurious casting failures and mysterious crashes. One of the duplicates must be removed or renamed.
objc[98136]: Class SDLOpenGLContext is implemented in both /Users/linmuyi/miniconda3/envs/llm_gs/lib/python3.9/site-packages/pygame/.dylibs/libSDL2-2.0.0.dylib (0x10b94d458) and /Users/linmuyi/miniconda3/envs/llm_gs/lib/python3.9/site-packages/cv2/.dylibs/libSDL2-2.0.0.dylib (0x16b83ca20). This may cause spurious casting failures and mysterious crashes. One of the duplicates must be removed or renamed.
objc[98136]: Class SDL_ShapeData is implemented in both /Users/linmuyi/miniconda3/envs/llm_gs/lib/python3.9/site-packages/pygame/.dylibs/libSDL2-2.0.0.dylib (0x10b94d4d0) and /Users/linmuyi/miniconda3/envs/llm_gs/lib/python3.9/site-packages/cv2/.dylibs/libSDL2-2.0.0.dylib (0x16b83ca98). This may cause spurious casting failures and mysterious crashes. One of the duplicates must be removed or renamed.
objc[98136]: Class SDL_CocoaClosure is implemented in both /Users/linmuyi/miniconda3/envs/llm_gs/lib/python3.9/site-packages/pygame/.dylibs/libSDL2-2.0.0.dylib (0x10b94d520) and /Users/linmuyi/miniconda3/envs/llm_gs/lib/python3.9/site-packages/cv2/.dylibs/libSDL2-2.0.0.dylib (0x16b83cae8). This may cause spurious casting failures and mysterious crashes. One of the duplicates must be removed or renamed.
objc[98136]: Class SDL_VideoData is implemented in both /Users/linmuyi/miniconda3/envs/llm_gs/lib/python3.9/site-packages/pygame/.dylibs/libSDL2-2.0.0.dylib (0x10b94d570) and /Users/linmuyi/miniconda3/envs/llm_gs/lib/python3.9/site-packages/cv2/.dylibs/libSDL2-2.0.0.dylib (0x16b83cb38). This may cause spurious casting failures and mysterious crashes. One of the duplicates must be removed or renamed.
objc[98136]: Class SDL_WindowData is implemented in both /Users/linmuyi/miniconda3/envs/llm_gs/lib/python3.9/site-packages/pygame/.dylibs/libSDL2-2.0.0.dylib (0x10b94d5c0) and /Users/linmuyi/miniconda3/envs/llm_gs/lib/python3.9/site-packages/cv2/.dylibs/libSDL2-2.0.0.dylib (0x16b83cb88). This may cause spurious casting failures and mysterious crashes. One of the duplicates must be removed or renamed.
objc[98136]: Class SDLWindow is implemented in both /Users/linmuyi/miniconda3/envs/llm_gs/lib/python3.9/site-packages/pygame/.dylibs/libSDL2-2.0.0.dylib (0x10b94d5e8) and /Users/linmuyi/miniconda3/envs/llm_gs/lib/python3.9/site-packages/cv2/.dylibs/libSDL2-2.0.0.dylib (0x16b83cbb0). This may cause spurious casting failures and mysterious crashes. One of the duplicates must be removed or renamed.
objc[98136]: Class Cocoa_WindowListener is implemented in both /Users/linmuyi/miniconda3/envs/llm_gs/lib/python3.9/site-packages/pygame/.dylibs/libSDL2-2.0.0.dylib (0x10b94d610) and /Users/linmuyi/miniconda3/envs/llm_gs/lib/python3.9/site-packages/cv2/.dylibs/libSDL2-2.0.0.dylib (0x16b83cbd8). This may cause spurious casting failures and mysterious crashes. One of the duplicates must be removed or renamed.
objc[98136]: Class SDLView is implemented in both /Users/linmuyi/miniconda3/envs/llm_gs/lib/python3.9/site-packages/pygame/.dylibs/libSDL2-2.0.0.dylib (0x10b94d688) and /Users/linmuyi/miniconda3/envs/llm_gs/lib/python3.9/site-packages/cv2/.dylibs/libSDL2-2.0.0.dylib (0x16b83cc50). This may cause spurious casting failures and mysterious crashes. One of the duplicates must be removed or renamed.
objc[98136]: Class METAL_RenderData is implemented in both /Users/linmuyi/miniconda3/envs/llm_gs/lib/python3.9/site-packages/pygame/.dylibs/libSDL2-2.0.0.dylib (0x10b94d700) and /Users/linmuyi/miniconda3/envs/llm_gs/lib/python3.9/site-packages/cv2/.dylibs/libSDL2-2.0.0.dylib (0x16b83ccc8). This may cause spurious casting failures and mysterious crashes. One of the duplicates must be removed or renamed.
objc[98136]: Class METAL_TextureData is implemented in both /Users/linmuyi/miniconda3/envs/llm_gs/lib/python3.9/site-packages/pygame/.dylibs/libSDL2-2.0.0.dylib (0x10b94d750) and /Users/linmuyi/miniconda3/envs/llm_gs/lib/python3.9/site-packages/cv2/.dylibs/libSDL2-2.0.0.dylib (0x16b83cd18). This may cause spurious casting failures and mysterious crashes. One of the duplicates must be removed or renamed.
objc[98136]: Class SDL_RumbleMotor is implemented in both /Users/linmuyi/miniconda3/envs/llm_gs/lib/python3.9/site-packages/pygame/.dylibs/libSDL2-2.0.0.dylib (0x10b94d778) and /Users/linmuyi/miniconda3/envs/llm_gs/lib/python3.9/site-packages/cv2/.dylibs/libSDL2-2.0.0.dylib (0x16b83cd40). This may cause spurious casting failures and mysterious crashes. One of the duplicates must be removed or renamed.
objc[98136]: Class SDL_RumbleContext is implemented in both /Users/linmuyi/miniconda3/envs/llm_gs/lib/python3.9/site-packages/pygame/.dylibs/libSDL2-2.0.0.dylib (0x10b94d7c8) and /Users/linmuyi/miniconda3/envs/llm_gs/lib/python3.9/site-packages/cv2/.dylibs/libSDL2-2.0.0.dylib (0x16b83cd90). This may cause spurious casting failures and mysterious crashes. One of the duplicates must be removed or renamed.
[flat] 1500000 steps, 30 checkpoints, flat (no curriculum)

  steps=  50000  held=0.12  gate=0.12  bins=3/3  active= 90  (349s)
  steps= 100000  held=0.03  gate=0.03  bins=3/3  active= 90  (619s)
  steps= 150000  held=0.01  gate=0.01  bins=3/3  active= 90  (869s)
  steps= 200000  held=0.01  gate=0.01  bins=3/3  active= 90  (1160s)
  steps= 250000  held=0.00  gate=0.00  bins=3/3  active= 90  (1411s)
  steps= 300000  held=0.00  gate=0.00  bins=3/3  active= 90  (1505s)
  steps= 350000  held=0.00  gate=0.00  bins=3/3  active= 90  (1608s)
  steps= 400000  held=0.01  gate=0.01  bins=3/3  active= 90  (1721s)
  steps= 450000  held=0.00  gate=0.00  bins=3/3  active= 90  (1835s)
  steps= 500000  held=0.00  gate=0.00  bins=3/3  active= 90  (1948s)
  steps= 550000  held=0.00  gate=0.00  bins=3/3  active= 90  (2048s)
  steps= 600000  held=0.00  gate=0.00  bins=3/3  active= 90  (2152s)
  steps= 650000  held=0.00  gate=0.00  bins=3/3  active= 90  (2275s)
  steps= 700000  held=0.00  gate=0.00  bins=3/3  active= 90  (2393s)
  steps= 750000  held=0.00  gate=0.00  bins=3/3  active= 90  (2501s)
  steps= 800000  held=0.00  gate=0.00  bins=3/3  active= 90  (2635s)
  steps= 850000  held=0.00  gate=0.00  bins=3/3  active= 90  (2770s)
  steps= 900000  held=0.00  gate=0.00  bins=3/3  active= 90  (2903s)
  steps= 950000  held=0.00  gate=0.00  bins=3/3  active= 90  (3043s)
  steps=1000000  held=0.00  gate=0.00  bins=3/3  active= 90  (3183s)
  steps=1050000  held=0.00  gate=0.00  bins=3/3  active= 90  (3335s)
  steps=1100000  held=0.00  gate=0.00  bins=3/3  active= 90  (3499s)
  steps=1150000  held=0.00  gate=0.00  bins=3/3  active= 90  (3662s)
  steps=1200000  held=0.00  gate=0.00  bins=3/3  active= 90  (3861s)
  steps=1250000  held=0.00  gate=0.00  bins=3/3  active= 90  (4098s)
  steps=1300000  held=0.01  gate=0.01  bins=3/3  active= 90  (4309s)
  steps=1350000  held=0.00  gate=0.00  bins=3/3  active= 90  (4522s)
  steps=1400000  held=0.00  gate=0.00  bins=3/3  active= 90  (4748s)
  steps=1450000  held=0.00  gate=0.00  bins=3/3  active= 90  (4935s)
  steps=1500000  held=0.00  gate=0.00  bins=3/3  active= 90  (5081s)

[flat] DONE  final held=0.00  steps_to_0.3=NOT REACHED  wall=5081s  -> flat_seed1.json
[flat] per-cell held: s19N0=0.00
