[wall_count] train=90 layouts  held-out=36 layouts
objc[98195]: Class SDLApplication is implemented in both /Users/linmuyi/miniconda3/envs/llm_gs/lib/python3.9/site-packages/pygame/.dylibs/libSDL2-2.0.0.dylib (0x10b0bd2c8) and /Users/linmuyi/miniconda3/envs/llm_gs/lib/python3.9/site-packages/cv2/.dylibs/libSDL2-2.0.0.dylib (0x127dcc890). This may cause spurious casting failures and mysterious crashes. One of the duplicates must be removed or renamed.
objc[98195]: Class SDLAppDelegate is implemented in both /Users/linmuyi/miniconda3/envs/llm_gs/lib/python3.9/site-packages/pygame/.dylibs/libSDL2-2.0.0.dylib (0x10b0bd318) and /Users/linmuyi/miniconda3/envs/llm_gs/lib/python3.9/site-packages/cv2/.dylibs/libSDL2-2.0.0.dylib (0x127dcc8e0). This may cause spurious casting failures and mysterious crashes. One of the duplicates must be removed or renamed.
objc[98195]: Class SDLTranslatorResponder is implemented in both /Users/linmuyi/miniconda3/envs/llm_gs/lib/python3.9/site-packages/pygame/.dylibs/libSDL2-2.0.0.dylib (0x10b0bd390) and /Users/linmuyi/miniconda3/envs/llm_gs/lib/python3.9/site-packages/cv2/.dylibs/libSDL2-2.0.0.dylib (0x127dcc958). This may cause spurious casting failures and mysterious crashes. One of the duplicates must be removed or renamed.
objc[98195]: Class SDLMessageBoxPresenter is implemented in both /Users/linmuyi/miniconda3/envs/llm_gs/lib/python3.9/site-packages/pygame/.dylibs/libSDL2-2.0.0.dylib (0x10b0bd3b8) and /Users/linmuyi/miniconda3/envs/llm_gs/lib/python3.9/site-packages/cv2/.dylibs/libSDL2-2.0.0.dylib (0x127dcc980). This may cause spurious casting failures and mysterious crashes. One of the duplicates must be removed or renamed.
objc[98195]: Class SDL_cocoametalview is implemented in both /Users/linmuyi/miniconda3/envs/llm_gs/lib/python3.9/site-packages/pygame/.dylibs/libSDL2-2.0.0.dylib (0x10b0bd408) and /Users/linmuyi/miniconda3/envs/llm_gs/lib/python3.9/site-packages/cv2/.dylibs/libSDL2-2.0.0.dylib (0x127dcc9d0). This may cause spurious casting failures and mysterious crashes. One of the duplicates must be removed or renamed.
objc[98195]: Class SDLOpenGLContext is implemented in both /Users/linmuyi/miniconda3/envs/llm_gs/lib/python3.9/site-packages/pygame/.dylibs/libSDL2-2.0.0.dylib (0x10b0bd458) and /Users/linmuyi/miniconda3/envs/llm_gs/lib/python3.9/site-packages/cv2/.dylibs/libSDL2-2.0.0.dylib (0x127dcca20). This may cause spurious casting failures and mysterious crashes. One of the duplicates must be removed or renamed.
objc[98195]: Class SDL_ShapeData is implemented in both /Users/linmuyi/miniconda3/envs/llm_gs/lib/python3.9/site-packages/pygame/.dylibs/libSDL2-2.0.0.dylib (0x10b0bd4d0) and /Users/linmuyi/miniconda3/envs/llm_gs/lib/python3.9/site-packages/cv2/.dylibs/libSDL2-2.0.0.dylib (0x127dcca98). This may cause spurious casting failures and mysterious crashes. One of the duplicates must be removed or renamed.
objc[98195]: Class SDL_CocoaClosure is implemented in both /Users/linmuyi/miniconda3/envs/llm_gs/lib/python3.9/site-packages/pygame/.dylibs/libSDL2-2.0.0.dylib (0x10b0bd520) and /Users/linmuyi/miniconda3/envs/llm_gs/lib/python3.9/site-packages/cv2/.dylibs/libSDL2-2.0.0.dylib (0x127dccae8). This may cause spurious casting failures and mysterious crashes. One of the duplicates must be removed or renamed.
objc[98195]: Class SDL_VideoData is implemented in both /Users/linmuyi/miniconda3/envs/llm_gs/lib/python3.9/site-packages/pygame/.dylibs/libSDL2-2.0.0.dylib (0x10b0bd570) and /Users/linmuyi/miniconda3/envs/llm_gs/lib/python3.9/site-packages/cv2/.dylibs/libSDL2-2.0.0.dylib (0x127dccb38). This may cause spurious casting failures and mysterious crashes. One of the duplicates must be removed or renamed.
objc[98195]: Class SDL_WindowData is implemented in both /Users/linmuyi/miniconda3/envs/llm_gs/lib/python3.9/site-packages/pygame/.dylibs/libSDL2-2.0.0.dylib (0x10b0bd5c0) and /Users/linmuyi/miniconda3/envs/llm_gs/lib/python3.9/site-packages/cv2/.dylibs/libSDL2-2.0.0.dylib (0x127dccb88). This may cause spurious casting failures and mysterious crashes. One of the duplicates must be removed or renamed.
objc[98195]: Class SDLWindow is implemented in both /Users/linmuyi/miniconda3/envs/llm_gs/lib/python3.9/site-packages/pygame/.dylibs/libSDL2-2.0.0.dylib (0x10b0bd5e8) and /Users/linmuyi/miniconda3/envs/llm_gs/lib/python3.9/site-packages/cv2/.dylibs/libSDL2-2.0.0.dylib (0x127dccbb0). This may cause spurious casting failures and mysterious crashes. One of the duplicates must be removed or renamed.
objc[98195]: Class Cocoa_WindowListener is implemented in both /Users/linmuyi/miniconda3/envs/llm_gs/lib/python3.9/site-packages/pygame/.dylibs/libSDL2-2.0.0.dylib (0x10b0bd610) and /Users/linmuyi/miniconda3/envs/llm_gs/lib/python3.9/site-packages/cv2/.dylibs/libSDL2-2.0.0.dylib (0x127dccbd8). This may cause spurious casting failures and mysterious crashes. One of the duplicates must be removed or renamed.
objc[98195]: Class SDLView is implemented in both /Users/linmuyi/miniconda3/envs/llm_gs/lib/python3.9/site-packages/pygame/.dylibs/libSDL2-2.0.0.dylib (0x10b0bd688) and /Users/linmuyi/miniconda3/envs/llm_gs/lib/python3.9/site-packages/cv2/.dylibs/libSDL2-2.0.0.dylib (0x127dccc50). This may cause spurious casting failures and mysterious crashes. One of the duplicates must be removed or renamed.
objc[98195]: Class METAL_RenderData is implemented in both /Users/linmuyi/miniconda3/envs/llm_gs/lib/python3.9/site-packages/pygame/.dylibs/libSDL2-2.0.0.dylib (0x10b0bd700) and /Users/linmuyi/miniconda3/envs/llm_gs/lib/python3.9/site-packages/cv2/.dylibs/libSDL2-2.0.0.dylib (0x127dcccc8). This may cause spurious casting failures and mysterious crashes. One of the duplicates must be removed or renamed.
objc[98195]: Class METAL_TextureData is implemented in both /Users/linmuyi/miniconda3/envs/llm_gs/lib/python3.9/site-packages/pygame/.dylibs/libSDL2-2.0.0.dylib (0x10b0bd750) and /Users/linmuyi/miniconda3/envs/llm_gs/lib/python3.9/site-packages/cv2/.dylibs/libSDL2-2.0.0.dylib (0x127dccd18). This may cause spurious casting failures and mysterious crashes. One of the duplicates must be removed or renamed.
objc[98195]: Class SDL_RumbleMotor is implemented in both /Users/linmuyi/miniconda3/envs/llm_gs/lib/python3.9/site-packages/pygame/.dylibs/libSDL2-2.0.0.dylib (0x10b0bd778) and /Users/linmuyi/miniconda3/envs/llm_gs/lib/python3.9/site-packages/cv2/.dylibs/libSDL2-2.0.0.dylib (0x127dccd40). This may cause spurious casting failures and mysterious crashes. One of the duplicates must be removed or renamed.
objc[98195]: Class SDL_RumbleContext is implemented in both /Users/linmuyi/miniconda3/envs/llm_gs/lib/python3.9/site-packages/pygame/.dylibs/libSDL2-2.0.0.dylib (0x10b0bd7c8) and /Users/linmuyi/miniconda3/envs/llm_gs/lib/python3.9/site-packages/cv2/.dylibs/libSDL2-2.0.0.dylib (0x127dccd90). This may cause spurious casting failures and mysterious crashes. One of the duplicates must be removed or renamed.
[wall_count] 1500000 steps, 30 checkpoints, curriculum

  steps=  50000  held=0.13  gate=0.17  bins=1/3  active= 30  (452s)
  steps= 100000  held=0.13  gate=0.15  bins=1/3  active= 30  (769s)
  steps= 150000  held=0.03  gate=0.06  bins=1/3  active= 30  (1146s)
  steps= 200000  held=0.01  gate=0.06  bins=1/3  active= 30  (1434s)
  steps= 250000  held=0.00  gate=0.04  bins=1/3  active= 30  (1562s)
  steps= 300000  held=0.00  gate=0.00  bins=1/3  active= 30  (1713s)
  steps= 350000  held=0.00  gate=0.00  bins=1/3  active= 30  (1871s)
  steps= 400000  held=0.06  gate=0.07  bins=2/3  active= 60  [UNLOCK:deadline]  (2008s)
  steps= 450000  held=0.02  gate=0.06  bins=2/3  active= 60  (2146s)
  steps= 500000  held=0.01  gate=0.01  bins=2/3  active= 60  (2304s)
  steps= 550000  held=0.02  gate=0.01  bins=2/3  active= 60  (2455s)
  steps= 600000  held=0.15  gate=0.12  bins=2/3  active= 60  (2627s)
  steps= 650000  held=0.03  gate=0.04  bins=2/3  active= 60  (2806s)
  steps= 700000  held=0.00  gate=0.00  bins=2/3  active= 60  (2989s)
  steps= 750000  held=0.01  gate=0.00  bins=2/3  active= 60  (3177s)
  steps= 800000  held=0.00  gate=0.00  bins=3/3  active= 90  [UNLOCK:deadline]  (3386s)
  steps= 850000  held=0.02  gate=0.02  bins=3/3  active= 90  (3547s)
  steps= 900000  held=0.00  gate=0.00  bins=3/3  active= 90  (3709s)
  steps= 950000  held=0.00  gate=0.00  bins=3/3  active= 90  (3932s)
  steps=1000000  held=0.00  gate=0.00  bins=3/3  active= 90  (4157s)
  steps=1050000  held=0.00  gate=0.00  bins=3/3  active= 90  (4368s)
  steps=1100000  held=0.00  gate=0.00  bins=3/3  active= 90  (4592s)
  steps=1150000  held=0.00  gate=0.00  bins=3/3  active= 90  (4798s)
  steps=1200000  held=0.01  gate=0.01  bins=3/3  active= 90  (4980s)
  steps=1250000  held=0.00  gate=0.00  bins=3/3  active= 90  (5102s)
  steps=1300000  held=0.01  gate=0.01  bins=3/3  active= 90  (5193s)
  steps=1350000  held=0.03  gate=0.03  bins=3/3  active= 90  (5287s)
  steps=1400000  held=0.01  gate=0.01  bins=3/3  active= 90  (5374s)
  steps=1450000  held=0.01  gate=0.01  bins=3/3  active= 90  (5462s)
  steps=1500000  held=0.00  gate=0.00  bins=3/3  active= 90  (5549s)

[wall_count] DONE  final held=0.00  steps_to_0.3=NOT REACHED  wall=5549s  -> wall_count_seed0.json
[wall_count] per-cell held: s19N0=0.00
