[flat] train=90 layouts  held-out=36 layouts
objc[98427]: Class SDLApplication is implemented in both /Users/linmuyi/miniconda3/envs/llm_gs/lib/python3.9/site-packages/pygame/.dylibs/libSDL2-2.0.0.dylib (0x107dcd2c8) and /Users/linmuyi/miniconda3/envs/llm_gs/lib/python3.9/site-packages/cv2/.dylibs/libSDL2-2.0.0.dylib (0x147350890). This may cause spurious casting failures and mysterious crashes. One of the duplicates must be removed or renamed.
objc[98427]: Class SDLAppDelegate is implemented in both /Users/linmuyi/miniconda3/envs/llm_gs/lib/python3.9/site-packages/pygame/.dylibs/libSDL2-2.0.0.dylib (0x107dcd318) and /Users/linmuyi/miniconda3/envs/llm_gs/lib/python3.9/site-packages/cv2/.dylibs/libSDL2-2.0.0.dylib (0x1473508e0). This may cause spurious casting failures and mysterious crashes. One of the duplicates must be removed or renamed.
objc[98427]: Class SDLTranslatorResponder is implemented in both /Users/linmuyi/miniconda3/envs/llm_gs/lib/python3.9/site-packages/pygame/.dylibs/libSDL2-2.0.0.dylib (0x107dcd390) and /Users/linmuyi/miniconda3/envs/llm_gs/lib/python3.9/site-packages/cv2/.dylibs/libSDL2-2.0.0.dylib (0x147350958). This may cause spurious casting failures and mysterious crashes. One of the duplicates must be removed or renamed.
objc[98427]: Class SDLMessageBoxPresenter is implemented in both /Users/linmuyi/miniconda3/envs/llm_gs/lib/python3.9/site-packages/pygame/.dylibs/libSDL2-2.0.0.dylib (0x107dcd3b8) and /Users/linmuyi/miniconda3/envs/llm_gs/lib/python3.9/site-packages/cv2/.dylibs/libSDL2-2.0.0.dylib (0x147350980). This may cause spurious casting failures and mysterious crashes. One of the duplicates must be removed or renamed.
objc[98427]: Class SDL_cocoametalview is implemented in both /Users/linmuyi/miniconda3/envs/llm_gs/lib/python3.9/site-packages/pygame/.dylibs/libSDL2-2.0.0.dylib (0x107dcd408) and /Users/linmuyi/miniconda3/envs/llm_gs/lib/python3.9/site-packages/cv2/.dylibs/libSDL2-2.0.0.dylib (0x1473509d0). This may cause spurious casting failures and mysterious crashes. One of the duplicates must be removed or renamed.
objc[98427]: Class SDLOpenGLContext is implemented in both /Users/linmuyi/miniconda3/envs/llm_gs/lib/python3.9/site-packages/pygame/.dylibs/libSDL2-2.0.0.dylib (0x107dcd458) and /Users/linmuyi/miniconda3/envs/llm_gs/lib/python3.9/site-packages/cv2/.dylibs/libSDL2-2.0.0.dylib (0x147350a20). This may cause spurious casting failures and mysterious crashes. One of the duplicates must be removed or renamed.
objc[98427]: Class SDL_ShapeData is implemented in both /Users/linmuyi/miniconda3/envs/llm_gs/lib/python3.9/site-packages/pygame/.dylibs/libSDL2-2.0.0.dylib (0x107dcd4d0) and /Users/linmuyi/miniconda3/envs/llm_gs/lib/python3.9/site-packages/cv2/.dylibs/libSDL2-2.0.0.dylib (0x147350a98). This may cause spurious casting failures and mysterious crashes. One of the duplicates must be removed or renamed.
objc[98427]: Class SDL_CocoaClosure is implemented in both /Users/linmuyi/miniconda3/envs/llm_gs/lib/python3.9/site-packages/pygame/.dylibs/libSDL2-2.0.0.dylib (0x107dcd520) and /Users/linmuyi/miniconda3/envs/llm_gs/lib/python3.9/site-packages/cv2/.dylibs/libSDL2-2.0.0.dylib (0x147350ae8). This may cause spurious casting failures and mysterious crashes. One of the duplicates must be removed or renamed.
objc[98427]: Class SDL_VideoData is implemented in both /Users/linmuyi/miniconda3/envs/llm_gs/lib/python3.9/site-packages/pygame/.dylibs/libSDL2-2.0.0.dylib (0x107dcd570) and /Users/linmuyi/miniconda3/envs/llm_gs/lib/python3.9/site-packages/cv2/.dylibs/libSDL2-2.0.0.dylib (0x147350b38). This may cause spurious casting failures and mysterious crashes. One of the duplicates must be removed or renamed.
objc[98427]: Class SDL_WindowData is implemented in both /Users/linmuyi/miniconda3/envs/llm_gs/lib/python3.9/site-packages/pygame/.dylibs/libSDL2-2.0.0.dylib (0x107dcd5c0) and /Users/linmuyi/miniconda3/envs/llm_gs/lib/python3.9/site-packages/cv2/.dylibs/libSDL2-2.0.0.dylib (0x147350b88). This may cause spurious casting failures and mysterious crashes. One of the duplicates must be removed or renamed.
objc[98427]: Class SDLWindow is implemented in both /Users/linmuyi/miniconda3/envs/llm_gs/lib/python3.9/site-packages/pygame/.dylibs/libSDL2-2.0.0.dylib (0x107dcd5e8) and /Users/linmuyi/miniconda3/envs/llm_gs/lib/python3.9/site-packages/cv2/.dylibs/libSDL2-2.0.0.dylib (0x147350bb0). This may cause spurious casting failures and mysterious crashes. One of the duplicates must be removed or renamed.
objc[98427]: Class Cocoa_WindowListener is implemented in both /Users/linmuyi/miniconda3/envs/llm_gs/lib/python3.9/site-packages/pygame/.dylibs/libSDL2-2.0.0.dylib (0x107dcd610) and /Users/linmuyi/miniconda3/envs/llm_gs/lib/python3.9/site-packages/cv2/.dylibs/libSDL2-2.0.0.dylib (0x147350bd8). This may cause spurious casting failures and mysterious crashes. One of the duplicates must be removed or renamed.
objc[98427]: Class SDLView is implemented in both /Users/linmuyi/miniconda3/envs/llm_gs/lib/python3.9/site-packages/pygame/.dylibs/libSDL2-2.0.0.dylib (0x107dcd688) and /Users/linmuyi/miniconda3/envs/llm_gs/lib/python3.9/site-packages/cv2/.dylibs/libSDL2-2.0.0.dylib (0x147350c50). This may cause spurious casting failures and mysterious crashes. One of the duplicates must be removed or renamed.
objc[98427]: Class METAL_RenderData is implemented in both /Users/linmuyi/miniconda3/envs/llm_gs/lib/python3.9/site-packages/pygame/.dylibs/libSDL2-2.0.0.dylib (0x107dcd700) and /Users/linmuyi/miniconda3/envs/llm_gs/lib/python3.9/site-packages/cv2/.dylibs/libSDL2-2.0.0.dylib (0x147350cc8). This may cause spurious casting failures and mysterious crashes. One of the duplicates must be removed or renamed.
objc[98427]: Class METAL_TextureData is implemented in both /Users/linmuyi/miniconda3/envs/llm_gs/lib/python3.9/site-packages/pygame/.dylibs/libSDL2-2.0.0.dylib (0x107dcd750) and /Users/linmuyi/miniconda3/envs/llm_gs/lib/python3.9/site-packages/cv2/.dylibs/libSDL2-2.0.0.dylib (0x147350d18). This may cause spurious casting failures and mysterious crashes. One of the duplicates must be removed or renamed.
objc[98427]: Class SDL_RumbleMotor is implemented in both /Users/linmuyi/miniconda3/envs/llm_gs/lib/python3.9/site-packages/pygame/.dylibs/libSDL2-2.0.0.dylib (0x107dcd778) and /Users/linmuyi/miniconda3/envs/llm_gs/lib/python3.9/site-packages/cv2/.dylibs/libSDL2-2.0.0.dylib (0x147350d40). This may cause spurious casting failures and mysterious crashes. One of the duplicates must be removed or renamed.
objc[98427]: Class SDL_RumbleContext is implemented in both /Users/linmuyi/miniconda3/envs/llm_gs/lib/python3.9/site-packages/pygame/.dylibs/libSDL2-2.0.0.dylib (0x107dcd7c8) and /Users/linmuyi/miniconda3/envs/llm_gs/lib/python3.9/site-packages/cv2/.dylibs/libSDL2-2.0.0.dylib (0x147350d90). This may cause spurious casting failures and mysterious crashes. One of the duplicates must be removed or renamed.
[flat] 1500000 steps, 30 checkpoints, flat (no curriculum)

  steps=  50000  held=0.01  gate=0.01  bins=3/3  active= 90  (353s)
  steps= 100000  held=0.00  gate=0.00  bins=3/3  active= 90  (611s)
  steps= 150000  held=0.01  gate=0.01  bins=3/3  active= 90  (855s)
  steps= 200000  held=0.00  gate=0.00  bins=3/3  active= 90  (1141s)
  steps= 250000  held=0.00  gate=0.00  bins=3/3  active= 90  (1391s)
  steps= 300000  held=0.00  gate=0.00  bins=3/3  active= 90  (1483s)
  steps= 350000  held=0.00  gate=0.00  bins=3/3  active= 90  (1581s)
  steps= 400000  held=0.00  gate=0.00  bins=3/3  active= 90  (1694s)
  steps= 450000  held=0.00  gate=0.00  bins=3/3  active= 90  (1804s)
  steps= 500000  held=0.00  gate=0.00  bins=3/3  active= 90  (1918s)
  steps= 550000  held=0.00  gate=0.00  bins=3/3  active= 90  (2016s)
  steps= 600000  held=0.00  gate=0.00  bins=3/3  active= 90  (2118s)
  steps= 650000  held=0.00  gate=0.00  bins=3/3  active= 90  (2241s)
  steps= 700000  held=0.00  gate=0.00  bins=3/3  active= 90  (2356s)
  steps= 750000  held=0.02  gate=0.02  bins=3/3  active= 90  (2454s)
  steps= 800000  held=0.01  gate=0.01  bins=3/3  active= 90  (2587s)
  steps= 850000  held=0.01  gate=0.01  bins=3/3  active= 90  (2720s)
  steps= 900000  held=0.01  gate=0.01  bins=3/3  active= 90  (2851s)
  steps= 950000  held=0.00  gate=0.00  bins=3/3  active= 90  (2986s)
  steps=1000000  held=0.00  gate=0.00  bins=3/3  active= 90  (3122s)
  steps=1050000  held=0.00  gate=0.00  bins=3/3  active= 90  (3265s)
  steps=1100000  held=0.00  gate=0.00  bins=3/3  active= 90  (3424s)
  steps=1150000  held=0.00  gate=0.00  bins=3/3  active= 90  (3583s)
  steps=1200000  held=0.00  gate=0.00  bins=3/3  active= 90  (3744s)
  steps=1250000  held=0.01  gate=0.01  bins=3/3  active= 90  (3975s)
  steps=1300000  held=0.00  gate=0.00  bins=3/3  active= 90  (4194s)
  steps=1350000  held=0.00  gate=0.00  bins=3/3  active= 90  (4398s)
  steps=1400000  held=0.00  gate=0.00  bins=3/3  active= 90  (4623s)
  steps=1450000  held=0.00  gate=0.00  bins=3/3  active= 90  (4817s)
  steps=1500000  held=0.00  gate=0.00  bins=3/3  active= 90  (4990s)

[flat] DONE  final held=0.00  steps_to_0.3=NOT REACHED  wall=4990s  -> flat_seed3.json
[flat] per-cell held: s19N0=0.00
