[wall_count] train=90 layouts  held-out=36 layouts
objc[98252]: Class SDLApplication is implemented in both /Users/linmuyi/miniconda3/envs/llm_gs/lib/python3.9/site-packages/pygame/.dylibs/libSDL2-2.0.0.dylib (0x10a8a92c8) and /Users/linmuyi/miniconda3/envs/llm_gs/lib/python3.9/site-packages/cv2/.dylibs/libSDL2-2.0.0.dylib (0x162654890). This may cause spurious casting failures and mysterious crashes. One of the duplicates must be removed or renamed.
objc[98252]: Class SDLAppDelegate is implemented in both /Users/linmuyi/miniconda3/envs/llm_gs/lib/python3.9/site-packages/pygame/.dylibs/libSDL2-2.0.0.dylib (0x10a8a9318) and /Users/linmuyi/miniconda3/envs/llm_gs/lib/python3.9/site-packages/cv2/.dylibs/libSDL2-2.0.0.dylib (0x1626548e0). This may cause spurious casting failures and mysterious crashes. One of the duplicates must be removed or renamed.
objc[98252]: Class SDLTranslatorResponder is implemented in both /Users/linmuyi/miniconda3/envs/llm_gs/lib/python3.9/site-packages/pygame/.dylibs/libSDL2-2.0.0.dylib (0x10a8a9390) and /Users/linmuyi/miniconda3/envs/llm_gs/lib/python3.9/site-packages/cv2/.dylibs/libSDL2-2.0.0.dylib (0x162654958). This may cause spurious casting failures and mysterious crashes. One of the duplicates must be removed or renamed.
objc[98252]: Class SDLMessageBoxPresenter is implemented in both /Users/linmuyi/miniconda3/envs/llm_gs/lib/python3.9/site-packages/pygame/.dylibs/libSDL2-2.0.0.dylib (0x10a8a93b8) and /Users/linmuyi/miniconda3/envs/llm_gs/lib/python3.9/site-packages/cv2/.dylibs/libSDL2-2.0.0.dylib (0x162654980). This may cause spurious casting failures and mysterious crashes. One of the duplicates must be removed or renamed.
objc[98252]: Class SDL_cocoametalview is implemented in both /Users/linmuyi/miniconda3/envs/llm_gs/lib/python3.9/site-packages/pygame/.dylibs/libSDL2-2.0.0.dylib (0x10a8a9408) and /Users/linmuyi/miniconda3/envs/llm_gs/lib/python3.9/site-packages/cv2/.dylibs/libSDL2-2.0.0.dylib (0x1626549d0). This may cause spurious casting failures and mysterious crashes. One of the duplicates must be removed or renamed.
objc[98252]: Class SDLOpenGLContext is implemented in both /Users/linmuyi/miniconda3/envs/llm_gs/lib/python3.9/site-packages/pygame/.dylibs/libSDL2-2.0.0.dylib (0x10a8a9458) and /Users/linmuyi/miniconda3/envs/llm_gs/lib/python3.9/site-packages/cv2/.dylibs/libSDL2-2.0.0.dylib (0x162654a20). This may cause spurious casting failures and mysterious crashes. One of the duplicates must be removed or renamed.
objc[98252]: Class SDL_ShapeData is implemented in both /Users/linmuyi/miniconda3/envs/llm_gs/lib/python3.9/site-packages/pygame/.dylibs/libSDL2-2.0.0.dylib (0x10a8a94d0) and /Users/linmuyi/miniconda3/envs/llm_gs/lib/python3.9/site-packages/cv2/.dylibs/libSDL2-2.0.0.dylib (0x162654a98). This may cause spurious casting failures and mysterious crashes. One of the duplicates must be removed or renamed.
objc[98252]: Class SDL_CocoaClosure is implemented in both /Users/linmuyi/miniconda3/envs/llm_gs/lib/python3.9/site-packages/pygame/.dylibs/libSDL2-2.0.0.dylib (0x10a8a9520) and /Users/linmuyi/miniconda3/envs/llm_gs/lib/python3.9/site-packages/cv2/.dylibs/libSDL2-2.0.0.dylib (0x162654ae8). This may cause spurious casting failures and mysterious crashes. One of the duplicates must be removed or renamed.
objc[98252]: Class SDL_VideoData is implemented in both /Users/linmuyi/miniconda3/envs/llm_gs/lib/python3.9/site-packages/pygame/.dylibs/libSDL2-2.0.0.dylib (0x10a8a9570) and /Users/linmuyi/miniconda3/envs/llm_gs/lib/python3.9/site-packages/cv2/.dylibs/libSDL2-2.0.0.dylib (0x162654b38). This may cause spurious casting failures and mysterious crashes. One of the duplicates must be removed or renamed.
objc[98252]: Class SDL_WindowData is implemented in both /Users/linmuyi/miniconda3/envs/llm_gs/lib/python3.9/site-packages/pygame/.dylibs/libSDL2-2.0.0.dylib (0x10a8a95c0) and /Users/linmuyi/miniconda3/envs/llm_gs/lib/python3.9/site-packages/cv2/.dylibs/libSDL2-2.0.0.dylib (0x162654b88). This may cause spurious casting failures and mysterious crashes. One of the duplicates must be removed or renamed.
objc[98252]: Class SDLWindow is implemented in both /Users/linmuyi/miniconda3/envs/llm_gs/lib/python3.9/site-packages/pygame/.dylibs/libSDL2-2.0.0.dylib (0x10a8a95e8) and /Users/linmuyi/miniconda3/envs/llm_gs/lib/python3.9/site-packages/cv2/.dylibs/libSDL2-2.0.0.dylib (0x162654bb0). This may cause spurious casting failures and mysterious crashes. One of the duplicates must be removed or renamed.
objc[98252]: Class Cocoa_WindowListener is implemented in both /Users/linmuyi/miniconda3/envs/llm_gs/lib/python3.9/site-packages/pygame/.dylibs/libSDL2-2.0.0.dylib (0x10a8a9610) and /Users/linmuyi/miniconda3/envs/llm_gs/lib/python3.9/site-packages/cv2/.dylibs/libSDL2-2.0.0.dylib (0x162654bd8). This may cause spurious casting failures and mysterious crashes. One of the duplicates must be removed or renamed.
objc[98252]: Class SDLView is implemented in both /Users/linmuyi/miniconda3/envs/llm_gs/lib/python3.9/site-packages/pygame/.dylibs/libSDL2-2.0.0.dylib (0x10a8a9688) and /Users/linmuyi/miniconda3/envs/llm_gs/lib/python3.9/site-packages/cv2/.dylibs/libSDL2-2.0.0.dylib (0x162654c50). This may cause spurious casting failures and mysterious crashes. One of the duplicates must be removed or renamed.
objc[98252]: Class METAL_RenderData is implemented in both /Users/linmuyi/miniconda3/envs/llm_gs/lib/python3.9/site-packages/pygame/.dylibs/libSDL2-2.0.0.dylib (0x10a8a9700) and /Users/linmuyi/miniconda3/envs/llm_gs/lib/python3.9/site-packages/cv2/.dylibs/libSDL2-2.0.0.dylib (0x162654cc8). This may cause spurious casting failures and mysterious crashes. One of the duplicates must be removed or renamed.
objc[98252]: Class METAL_TextureData is implemented in both /Users/linmuyi/miniconda3/envs/llm_gs/lib/python3.9/site-packages/pygame/.dylibs/libSDL2-2.0.0.dylib (0x10a8a9750) and /Users/linmuyi/miniconda3/envs/llm_gs/lib/python3.9/site-packages/cv2/.dylibs/libSDL2-2.0.0.dylib (0x162654d18). This may cause spurious casting failures and mysterious crashes. One of the duplicates must be removed or renamed.
objc[98252]: Class SDL_RumbleMotor is implemented in both /Users/linmuyi/miniconda3/envs/llm_gs/lib/python3.9/site-packages/pygame/.dylibs/libSDL2-2.0.0.dylib (0x10a8a9778) and /Users/linmuyi/miniconda3/envs/llm_gs/lib/python3.9/site-packages/cv2/.dylibs/libSDL2-2.0.0.dylib (0x162654d40). This may cause spurious casting failures and mysterious crashes. One of the duplicates must be removed or renamed.
objc[98252]: Class SDL_RumbleContext is implemented in both /Users/linmuyi/miniconda3/envs/llm_gs/lib/python3.9/site-packages/pygame/.dylibs/libSDL2-2.0.0.dylib (0x10a8a97c8) and /Users/linmuyi/miniconda3/envs/llm_gs/lib/python3.9/site-packages/cv2/.dylibs/libSDL2-2.0.0.dylib (0x162654d90). This may cause spurious casting failures and mysterious crashes. One of the duplicates must be removed or renamed.
[wall_count] 1500000 steps, 30 checkpoints, curriculum

  steps=  50000  held=0.02  gate=0.10  bins=1/3  active= 30  (462s)
  steps= 100000  held=0.05  gate=0.04  bins=1/3  active= 30  (787s)
  steps= 150000  held=0.01  gate=0.00  bins=1/3  active= 30  (1167s)
  steps= 200000  held=0.13  gate=0.21  bins=1/3  active= 30  (1433s)
  steps= 250000  held=0.08  gate=0.18  bins=1/3  active= 30  (1558s)
  steps= 300000  held=0.18  gate=0.24  bins=1/3  active= 30  (1701s)
  steps= 350000  held=0.10  gate=0.19  bins=1/3  active= 30  (1849s)
  steps= 400000  held=0.02  gate=0.04  bins=2/3  active= 60  [UNLOCK:deadline]  (1991s)
  steps= 450000  held=0.03  gate=0.10  bins=2/3  active= 60  (2127s)
  steps= 500000  held=0.01  gate=0.01  bins=2/3  active= 60  (2285s)
  steps= 550000  held=0.00  gate=0.00  bins=2/3  active= 60  (2434s)
  steps= 600000  held=0.00  gate=0.00  bins=2/3  active= 60  (2605s)
  steps= 650000  held=0.00  gate=0.00  bins=2/3  active= 60  (2784s)
  steps= 700000  held=0.00  gate=0.00  bins=2/3  active= 60  (2966s)
  steps= 750000  held=0.00  gate=0.00  bins=2/3  active= 60  (3153s)
  steps= 800000  held=0.01  gate=0.03  bins=3/3  active= 90  [UNLOCK:deadline]  (3357s)
  steps= 850000  held=0.01  gate=0.01  bins=3/3  active= 90  (3519s)
  steps= 900000  held=0.00  gate=0.00  bins=3/3  active= 90  (3679s)
  steps= 950000  held=0.00  gate=0.00  bins=3/3  active= 90  (3886s)
  steps=1000000  held=0.09  gate=0.09  bins=3/3  active= 90  (4113s)
  steps=1050000  held=0.16  gate=0.16  bins=3/3  active= 90  (4312s)
  steps=1100000  held=0.17  gate=0.17  bins=3/3  active= 90  (4512s)
  steps=1150000  held=0.14  gate=0.14  bins=3/3  active= 90  (4725s)
  steps=1200000  held=0.15  gate=0.15  bins=3/3  active= 90  (4899s)
  steps=1250000  held=0.03  gate=0.03  bins=3/3  active= 90  (5054s)
  steps=1300000  held=0.11  gate=0.11  bins=3/3  active= 90  (5147s)
  steps=1350000  held=0.05  gate=0.05  bins=3/3  active= 90  (5238s)
  steps=1400000  held=0.00  gate=0.00  bins=3/3  active= 90  (5330s)
  steps=1450000  held=0.00  gate=0.00  bins=3/3  active= 90  (5418s)
  steps=1500000  held=0.01  gate=0.01  bins=3/3  active= 90  (5507s)

[wall_count] DONE  final held=0.01  steps_to_0.3=NOT REACHED  wall=5507s  -> wall_count_seed1.json
[wall_count] per-cell held: s19N0=0.01
