[wall_count] train=90 layouts  held-out=36 layouts
objc[98556]: Class SDLApplication is implemented in both /Users/linmuyi/miniconda3/envs/llm_gs/lib/python3.9/site-packages/pygame/.dylibs/libSDL2-2.0.0.dylib (0x1073dd2c8) and /Users/linmuyi/miniconda3/envs/llm_gs/lib/python3.9/site-packages/cv2/.dylibs/libSDL2-2.0.0.dylib (0x1626c0890). This may cause spurious casting failures and mysterious crashes. One of the duplicates must be removed or renamed.
objc[98556]: Class SDLAppDelegate is implemented in both /Users/linmuyi/miniconda3/envs/llm_gs/lib/python3.9/site-packages/pygame/.dylibs/libSDL2-2.0.0.dylib (0x1073dd318) and /Users/linmuyi/miniconda3/envs/llm_gs/lib/python3.9/site-packages/cv2/.dylibs/libSDL2-2.0.0.dylib (0x1626c08e0). This may cause spurious casting failures and mysterious crashes. One of the duplicates must be removed or renamed.
objc[98556]: Class SDLTranslatorResponder is implemented in both /Users/linmuyi/miniconda3/envs/llm_gs/lib/python3.9/site-packages/pygame/.dylibs/libSDL2-2.0.0.dylib (0x1073dd390) and /Users/linmuyi/miniconda3/envs/llm_gs/lib/python3.9/site-packages/cv2/.dylibs/libSDL2-2.0.0.dylib (0x1626c0958). This may cause spurious casting failures and mysterious crashes. One of the duplicates must be removed or renamed.
objc[98556]: Class SDLMessageBoxPresenter is implemented in both /Users/linmuyi/miniconda3/envs/llm_gs/lib/python3.9/site-packages/pygame/.dylibs/libSDL2-2.0.0.dylib (0x1073dd3b8) and /Users/linmuyi/miniconda3/envs/llm_gs/lib/python3.9/site-packages/cv2/.dylibs/libSDL2-2.0.0.dylib (0x1626c0980). This may cause spurious casting failures and mysterious crashes. One of the duplicates must be removed or renamed.
objc[98556]: Class SDL_cocoametalview is implemented in both /Users/linmuyi/miniconda3/envs/llm_gs/lib/python3.9/site-packages/pygame/.dylibs/libSDL2-2.0.0.dylib (0x1073dd408) and /Users/linmuyi/miniconda3/envs/llm_gs/lib/python3.9/site-packages/cv2/.dylibs/libSDL2-2.0.0.dylib (0x1626c09d0). This may cause spurious casting failures and mysterious crashes. One of the duplicates must be removed or renamed.
objc[98556]: Class SDLOpenGLContext is implemented in both /Users/linmuyi/miniconda3/envs/llm_gs/lib/python3.9/site-packages/pygame/.dylibs/libSDL2-2.0.0.dylib (0x1073dd458) and /Users/linmuyi/miniconda3/envs/llm_gs/lib/python3.9/site-packages/cv2/.dylibs/libSDL2-2.0.0.dylib (0x1626c0a20). This may cause spurious casting failures and mysterious crashes. One of the duplicates must be removed or renamed.
objc[98556]: Class SDL_ShapeData is implemented in both /Users/linmuyi/miniconda3/envs/llm_gs/lib/python3.9/site-packages/pygame/.dylibs/libSDL2-2.0.0.dylib (0x1073dd4d0) and /Users/linmuyi/miniconda3/envs/llm_gs/lib/python3.9/site-packages/cv2/.dylibs/libSDL2-2.0.0.dylib (0x1626c0a98). This may cause spurious casting failures and mysterious crashes. One of the duplicates must be removed or renamed.
objc[98556]: Class SDL_CocoaClosure is implemented in both /Users/linmuyi/miniconda3/envs/llm_gs/lib/python3.9/site-packages/pygame/.dylibs/libSDL2-2.0.0.dylib (0x1073dd520) and /Users/linmuyi/miniconda3/envs/llm_gs/lib/python3.9/site-packages/cv2/.dylibs/libSDL2-2.0.0.dylib (0x1626c0ae8). This may cause spurious casting failures and mysterious crashes. One of the duplicates must be removed or renamed.
objc[98556]: Class SDL_VideoData is implemented in both /Users/linmuyi/miniconda3/envs/llm_gs/lib/python3.9/site-packages/pygame/.dylibs/libSDL2-2.0.0.dylib (0x1073dd570) and /Users/linmuyi/miniconda3/envs/llm_gs/lib/python3.9/site-packages/cv2/.dylibs/libSDL2-2.0.0.dylib (0x1626c0b38). This may cause spurious casting failures and mysterious crashes. One of the duplicates must be removed or renamed.
objc[98556]: Class SDL_WindowData is implemented in both /Users/linmuyi/miniconda3/envs/llm_gs/lib/python3.9/site-packages/pygame/.dylibs/libSDL2-2.0.0.dylib (0x1073dd5c0) and /Users/linmuyi/miniconda3/envs/llm_gs/lib/python3.9/site-packages/cv2/.dylibs/libSDL2-2.0.0.dylib (0x1626c0b88). This may cause spurious casting failures and mysterious crashes. One of the duplicates must be removed or renamed.
objc[98556]: Class SDLWindow is implemented in both /Users/linmuyi/miniconda3/envs/llm_gs/lib/python3.9/site-packages/pygame/.dylibs/libSDL2-2.0.0.dylib (0x1073dd5e8) and /Users/linmuyi/miniconda3/envs/llm_gs/lib/python3.9/site-packages/cv2/.dylibs/libSDL2-2.0.0.dylib (0x1626c0bb0). This may cause spurious casting failures and mysterious crashes. One of the duplicates must be removed or renamed.
objc[98556]: Class Cocoa_WindowListener is implemented in both /Users/linmuyi/miniconda3/envs/llm_gs/lib/python3.9/site-packages/pygame/.dylibs/libSDL2-2.0.0.dylib (0x1073dd610) and /Users/linmuyi/miniconda3/envs/llm_gs/lib/python3.9/site-packages/cv2/.dylibs/libSDL2-2.0.0.dylib (0x1626c0bd8). This may cause spurious casting failures and mysterious crashes. One of the duplicates must be removed or renamed.
objc[98556]: Class SDLView is implemented in both /Users/linmuyi/miniconda3/envs/llm_gs/lib/python3.9/site-packages/pygame/.dylibs/libSDL2-2.0.0.dylib (0x1073dd688) and /Users/linmuyi/miniconda3/envs/llm_gs/lib/python3.9/site-packages/cv2/.dylibs/libSDL2-2.0.0.dylib (0x1626c0c50). This may cause spurious casting failures and mysterious crashes. One of the duplicates must be removed or renamed.
objc[98556]: Class METAL_RenderData is implemented in both /Users/linmuyi/miniconda3/envs/llm_gs/lib/python3.9/site-packages/pygame/.dylibs/libSDL2-2.0.0.dylib (0x1073dd700) and /Users/linmuyi/miniconda3/envs/llm_gs/lib/python3.9/site-packages/cv2/.dylibs/libSDL2-2.0.0.dylib (0x1626c0cc8). This may cause spurious casting failures and mysterious crashes. One of the duplicates must be removed or renamed.
objc[98556]: Class METAL_TextureData is implemented in both /Users/linmuyi/miniconda3/envs/llm_gs/lib/python3.9/site-packages/pygame/.dylibs/libSDL2-2.0.0.dylib (0x1073dd750) and /Users/linmuyi/miniconda3/envs/llm_gs/lib/python3.9/site-packages/cv2/.dylibs/libSDL2-2.0.0.dylib (0x1626c0d18). This may cause spurious casting failures and mysterious crashes. One of the duplicates must be removed or renamed.
objc[98556]: Class SDL_RumbleMotor is implemented in both /Users/linmuyi/miniconda3/envs/llm_gs/lib/python3.9/site-packages/pygame/.dylibs/libSDL2-2.0.0.dylib (0x1073dd778) and /Users/linmuyi/miniconda3/envs/llm_gs/lib/python3.9/site-packages/cv2/.dylibs/libSDL2-2.0.0.dylib (0x1626c0d40). This may cause spurious casting failures and mysterious crashes. One of the duplicates must be removed or renamed.
objc[98556]: Class SDL_RumbleContext is implemented in both /Users/linmuyi/miniconda3/envs/llm_gs/lib/python3.9/site-packages/pygame/.dylibs/libSDL2-2.0.0.dylib (0x1073dd7c8) and /Users/linmuyi/miniconda3/envs/llm_gs/lib/python3.9/site-packages/cv2/.dylibs/libSDL2-2.0.0.dylib (0x1626c0d90). This may cause spurious casting failures and mysterious crashes. One of the duplicates must be removed or renamed.
[wall_count] 1500000 steps, 30 checkpoints, curriculum

  steps=  50000  held=0.00  gate=0.00  bins=1/3  active= 30  (458s)
  steps= 100000  held=0.00  gate=0.00  bins=1/3  active= 30  (783s)
  steps= 150000  held=0.06  gate=0.10  bins=1/3  active= 30  (1155s)
  steps= 200000  held=0.03  gate=0.07  bins=1/3  active= 30  (1422s)
  steps= 250000  held=0.00  gate=0.00  bins=1/3  active= 30  (1549s)
  steps= 300000  held=0.01  gate=0.01  bins=1/3  active= 30  (1697s)
  steps= 350000  held=0.06  gate=0.07  bins=1/3  active= 30  (1848s)
  steps= 400000  held=0.07  gate=0.06  bins=2/3  active= 60  [UNLOCK:deadline]  (1984s)
  steps= 450000  held=0.05  gate=0.06  bins=2/3  active= 60  (2115s)
  steps= 500000  held=0.05  gate=0.06  bins=2/3  active= 60  (2270s)
  steps= 550000  held=0.03  gate=0.01  bins=2/3  active= 60  (2417s)
  steps= 600000  held=0.07  gate=0.07  bins=2/3  active= 60  (2584s)
  steps= 650000  held=0.00  gate=0.00  bins=2/3  active= 60  (2762s)
  steps= 700000  held=0.01  gate=0.00  bins=2/3  active= 60  (2941s)
  steps= 750000  held=0.00  gate=0.00  bins=2/3  active= 60  (3128s)
  steps= 800000  held=0.00  gate=0.00  bins=3/3  active= 90  [UNLOCK:deadline]  (3326s)
  steps= 850000  held=0.01  gate=0.01  bins=3/3  active= 90  (3486s)
  steps= 900000  held=0.01  gate=0.01  bins=3/3  active= 90  (3643s)
  steps= 950000  held=0.03  gate=0.03  bins=3/3  active= 90  (3838s)
  steps=1000000  held=0.01  gate=0.01  bins=3/3  active= 90  (4070s)
  steps=1050000  held=0.01  gate=0.01  bins=3/3  active= 90  (4276s)
  steps=1100000  held=0.00  gate=0.00  bins=3/3  active= 90  (4484s)
  steps=1150000  held=0.02  gate=0.02  bins=3/3  active= 90  (4709s)
  steps=1200000  held=0.06  gate=0.06  bins=3/3  active= 90  (4888s)
  steps=1250000  held=0.08  gate=0.08  bins=3/3  active= 90  (5039s)
  steps=1300000  held=0.05  gate=0.05  bins=3/3  active= 90  (5131s)
  steps=1350000  held=0.00  gate=0.00  bins=3/3  active= 90  (5220s)
  steps=1400000  held=0.00  gate=0.00  bins=3/3  active= 90  (5307s)
  steps=1450000  held=0.00  gate=0.00  bins=3/3  active= 90  (5391s)
  steps=1500000  held=0.00  gate=0.00  bins=3/3  active= 90  (5476s)

[wall_count] DONE  final held=0.00  steps_to_0.3=NOT REACHED  wall=5476s  -> wall_count_seed0.json
[wall_count] per-cell held: s19N0=0.00
