[wall_count] train=90 layouts  held-out=36 layouts
objc[98567]: Class SDLApplication is implemented in both /Users/linmuyi/miniconda3/envs/llm_gs/lib/python3.9/site-packages/pygame/.dylibs/libSDL2-2.0.0.dylib (0x10616d2c8) and /Users/linmuyi/miniconda3/envs/llm_gs/lib/python3.9/site-packages/cv2/.dylibs/libSDL2-2.0.0.dylib (0x17d140890). This may cause spurious casting failures and mysterious crashes. One of the duplicates must be removed or renamed.
objc[98567]: Class SDLAppDelegate is implemented in both /Users/linmuyi/miniconda3/envs/llm_gs/lib/python3.9/site-packages/pygame/.dylibs/libSDL2-2.0.0.dylib (0x10616d318) and /Users/linmuyi/miniconda3/envs/llm_gs/lib/python3.9/site-packages/cv2/.dylibs/libSDL2-2.0.0.dylib (0x17d1408e0). This may cause spurious casting failures and mysterious crashes. One of the duplicates must be removed or renamed.
objc[98567]: Class SDLTranslatorResponder is implemented in both /Users/linmuyi/miniconda3/envs/llm_gs/lib/python3.9/site-packages/pygame/.dylibs/libSDL2-2.0.0.dylib (0x10616d390) and /Users/linmuyi/miniconda3/envs/llm_gs/lib/python3.9/site-packages/cv2/.dylibs/libSDL2-2.0.0.dylib (0x17d140958). This may cause spurious casting failures and mysterious crashes. One of the duplicates must be removed or renamed.
objc[98567]: Class SDLMessageBoxPresenter is implemented in both /Users/linmuyi/miniconda3/envs/llm_gs/lib/python3.9/site-packages/pygame/.dylibs/libSDL2-2.0.0.dylib (0x10616d3b8) and /Users/linmuyi/miniconda3/envs/llm_gs/lib/python3.9/site-packages/cv2/.dylibs/libSDL2-2.0.0.dylib (0x17d140980). This may cause spurious casting failures and mysterious crashes. One of the duplicates must be removed or renamed.
objc[98567]: Class SDL_cocoametalview is implemented in both /Users/linmuyi/miniconda3/envs/llm_gs/lib/python3.9/site-packages/pygame/.dylibs/libSDL2-2.0.0.dylib (0x10616d408) and /Users/linmuyi/miniconda3/envs/llm_gs/lib/python3.9/site-packages/cv2/.dylibs/libSDL2-2.0.0.dylib (0x17d1409d0). This may cause spurious casting failures and mysterious crashes. One of the duplicates must be removed or renamed.
objc[98567]: Class SDLOpenGLContext is implemented in both /Users/linmuyi/miniconda3/envs/llm_gs/lib/python3.9/site-packages/pygame/.dylibs/libSDL2-2.0.0.dylib (0x10616d458) and /Users/linmuyi/miniconda3/envs/llm_gs/lib/python3.9/site-packages/cv2/.dylibs/libSDL2-2.0.0.dylib (0x17d140a20). This may cause spurious casting failures and mysterious crashes. One of the duplicates must be removed or renamed.
objc[98567]: Class SDL_ShapeData is implemented in both /Users/linmuyi/miniconda3/envs/llm_gs/lib/python3.9/site-packages/pygame/.dylibs/libSDL2-2.0.0.dylib (0x10616d4d0) and /Users/linmuyi/miniconda3/envs/llm_gs/lib/python3.9/site-packages/cv2/.dylibs/libSDL2-2.0.0.dylib (0x17d140a98). This may cause spurious casting failures and mysterious crashes. One of the duplicates must be removed or renamed.
objc[98567]: Class SDL_CocoaClosure is implemented in both /Users/linmuyi/miniconda3/envs/llm_gs/lib/python3.9/site-packages/pygame/.dylibs/libSDL2-2.0.0.dylib (0x10616d520) and /Users/linmuyi/miniconda3/envs/llm_gs/lib/python3.9/site-packages/cv2/.dylibs/libSDL2-2.0.0.dylib (0x17d140ae8). This may cause spurious casting failures and mysterious crashes. One of the duplicates must be removed or renamed.
objc[98567]: Class SDL_VideoData is implemented in both /Users/linmuyi/miniconda3/envs/llm_gs/lib/python3.9/site-packages/pygame/.dylibs/libSDL2-2.0.0.dylib (0x10616d570) and /Users/linmuyi/miniconda3/envs/llm_gs/lib/python3.9/site-packages/cv2/.dylibs/libSDL2-2.0.0.dylib (0x17d140b38). This may cause spurious casting failures and mysterious crashes. One of the duplicates must be removed or renamed.
objc[98567]: Class SDL_WindowData is implemented in both /Users/linmuyi/miniconda3/envs/llm_gs/lib/python3.9/site-packages/pygame/.dylibs/libSDL2-2.0.0.dylib (0x10616d5c0) and /Users/linmuyi/miniconda3/envs/llm_gs/lib/python3.9/site-packages/cv2/.dylibs/libSDL2-2.0.0.dylib (0x17d140b88). This may cause spurious casting failures and mysterious crashes. One of the duplicates must be removed or renamed.
objc[98567]: Class SDLWindow is implemented in both /Users/linmuyi/miniconda3/envs/llm_gs/lib/python3.9/site-packages/pygame/.dylibs/libSDL2-2.0.0.dylib (0x10616d5e8) and /Users/linmuyi/miniconda3/envs/llm_gs/lib/python3.9/site-packages/cv2/.dylibs/libSDL2-2.0.0.dylib (0x17d140bb0). This may cause spurious casting failures and mysterious crashes. One of the duplicates must be removed or renamed.
objc[98567]: Class Cocoa_WindowListener is implemented in both /Users/linmuyi/miniconda3/envs/llm_gs/lib/python3.9/site-packages/pygame/.dylibs/libSDL2-2.0.0.dylib (0x10616d610) and /Users/linmuyi/miniconda3/envs/llm_gs/lib/python3.9/site-packages/cv2/.dylibs/libSDL2-2.0.0.dylib (0x17d140bd8). This may cause spurious casting failures and mysterious crashes. One of the duplicates must be removed or renamed.
objc[98567]: Class SDLView is implemented in both /Users/linmuyi/miniconda3/envs/llm_gs/lib/python3.9/site-packages/pygame/.dylibs/libSDL2-2.0.0.dylib (0x10616d688) and /Users/linmuyi/miniconda3/envs/llm_gs/lib/python3.9/site-packages/cv2/.dylibs/libSDL2-2.0.0.dylib (0x17d140c50). This may cause spurious casting failures and mysterious crashes. One of the duplicates must be removed or renamed.
objc[98567]: Class METAL_RenderData is implemented in both /Users/linmuyi/miniconda3/envs/llm_gs/lib/python3.9/site-packages/pygame/.dylibs/libSDL2-2.0.0.dylib (0x10616d700) and /Users/linmuyi/miniconda3/envs/llm_gs/lib/python3.9/site-packages/cv2/.dylibs/libSDL2-2.0.0.dylib (0x17d140cc8). This may cause spurious casting failures and mysterious crashes. One of the duplicates must be removed or renamed.
objc[98567]: Class METAL_TextureData is implemented in both /Users/linmuyi/miniconda3/envs/llm_gs/lib/python3.9/site-packages/pygame/.dylibs/libSDL2-2.0.0.dylib (0x10616d750) and /Users/linmuyi/miniconda3/envs/llm_gs/lib/python3.9/site-packages/cv2/.dylibs/libSDL2-2.0.0.dylib (0x17d140d18). This may cause spurious casting failures and mysterious crashes. One of the duplicates must be removed or renamed.
objc[98567]: Class SDL_RumbleMotor is implemented in both /Users/linmuyi/miniconda3/envs/llm_gs/lib/python3.9/site-packages/pygame/.dylibs/libSDL2-2.0.0.dylib (0x10616d778) and /Users/linmuyi/miniconda3/envs/llm_gs/lib/python3.9/site-packages/cv2/.dylibs/libSDL2-2.0.0.dylib (0x17d140d40). This may cause spurious casting failures and mysterious crashes. One of the duplicates must be removed or renamed.
objc[98567]: Class SDL_RumbleContext is implemented in both /Users/linmuyi/miniconda3/envs/llm_gs/lib/python3.9/site-packages/pygame/.dylibs/libSDL2-2.0.0.dylib (0x10616d7c8) and /Users/linmuyi/miniconda3/envs/llm_gs/lib/python3.9/site-packages/cv2/.dylibs/libSDL2-2.0.0.dylib (0x17d140d90). This may cause spurious casting failures and mysterious crashes. One of the duplicates must be removed or renamed.
[wall_count] 1500000 steps, 30 checkpoints, curriculum

  steps=  50000  held=0.01  gate=0.00  bins=1/3  active= 30  (455s)
  steps= 100000  held=0.01  gate=0.01  bins=1/3  active= 30  (781s)
  steps= 150000  held=0.01  gate=0.00  bins=1/3  active= 30  (1164s)
  steps= 200000  held=0.00  gate=0.00  bins=1/3  active= 30  (1423s)
  steps= 250000  held=0.02  gate=0.00  bins=1/3  active= 30  (1550s)
  steps= 300000  held=0.06  gate=0.12  bins=1/3  active= 30  (1697s)
  steps= 350000  held=0.10  gate=0.10  bins=1/3  active= 30  (1847s)
  steps= 400000  held=0.06  gate=0.07  bins=2/3  active= 60  [UNLOCK:deadline]  (1982s)
  steps= 450000  held=0.03  gate=0.06  bins=2/3  active= 60  (2117s)
  steps= 500000  held=0.01  gate=0.00  bins=2/3  active= 60  (2273s)
  steps= 550000  held=0.00  gate=0.00  bins=2/3  active= 60  (2420s)
  steps= 600000  held=0.01  gate=0.03  bins=2/3  active= 60  (2591s)
  steps= 650000  held=0.01  gate=0.00  bins=2/3  active= 60  (2769s)
  steps= 700000  held=0.00  gate=0.01  bins=2/3  active= 60  (2948s)
  steps= 750000  held=0.00  gate=0.00  bins=2/3  active= 60  (3135s)
  steps= 800000  held=0.00  gate=0.00  bins=3/3  active= 90  [UNLOCK:deadline]  (3337s)
  steps= 850000  held=0.00  gate=0.00  bins=3/3  active= 90  (3498s)
  steps= 900000  held=0.05  gate=0.05  bins=3/3  active= 90  (3653s)
  steps= 950000  held=0.00  gate=0.00  bins=3/3  active= 90  (3853s)
  steps=1000000  held=0.00  gate=0.00  bins=3/3  active= 90  (4082s)
  steps=1050000  held=0.00  gate=0.00  bins=3/3  active= 90  (4289s)
  steps=1100000  held=0.00  gate=0.00  bins=3/3  active= 90  (4496s)
  steps=1150000  held=0.00  gate=0.00  bins=3/3  active= 90  (4717s)
  steps=1200000  held=0.00  gate=0.00  bins=3/3  active= 90  (4899s)
  steps=1250000  held=0.00  gate=0.00  bins=3/3  active= 90  (5046s)
  steps=1300000  held=0.00  gate=0.00  bins=3/3  active= 90  (5139s)
  steps=1350000  held=0.00  gate=0.00  bins=3/3  active= 90  (5231s)
  steps=1400000  held=0.00  gate=0.00  bins=3/3  active= 90  (5320s)
  steps=1450000  held=0.00  gate=0.00  bins=3/3  active= 90  (5407s)
  steps=1500000  held=0.00  gate=0.00  bins=3/3  active= 90  (5493s)

[wall_count] DONE  final held=0.00  steps_to_0.3=NOT REACHED  wall=5494s  -> wall_count_seed1.json
[wall_count] per-cell held: s19N0=0.00
