[flat] train=90 layouts  held-out=36 layouts
objc[98118]: Class SDLApplication is implemented in both /Users/linmuyi/miniconda3/envs/llm_gs/lib/python3.9/site-packages/pygame/.dylibs/libSDL2-2.0.0.dylib (0x10714d2c8) and /Users/linmuyi/miniconda3/envs/llm_gs/lib/python3.9/site-packages/cv2/.dylibs/libSDL2-2.0.0.dylib (0x30f128890). This may cause spurious casting failures and mysterious crashes. One of the duplicates must be removed or renamed.
objc[98118]: Class SDLAppDelegate is implemented in both /Users/linmuyi/miniconda3/envs/llm_gs/lib/python3.9/site-packages/pygame/.dylibs/libSDL2-2.0.0.dylib (0x10714d318) and /Users/linmuyi/miniconda3/envs/llm_gs/lib/python3.9/site-packages/cv2/.dylibs/libSDL2-2.0.0.dylib (0x30f1288e0). This may cause spurious casting failures and mysterious crashes. One of the duplicates must be removed or renamed.
objc[98118]: Class SDLTranslatorResponder is implemented in both /Users/linmuyi/miniconda3/envs/llm_gs/lib/python3.9/site-packages/pygame/.dylibs/libSDL2-2.0.0.dylib (0x10714d390) and /Users/linmuyi/miniconda3/envs/llm_gs/lib/python3.9/site-packages/cv2/.dylibs/libSDL2-2.0.0.dylib (0x30f128958). This may cause spurious casting failures and mysterious crashes. One of the duplicates must be removed or renamed.
objc[98118]: Class SDLMessageBoxPresenter is implemented in both /Users/linmuyi/miniconda3/envs/llm_gs/lib/python3.9/site-packages/pygame/.dylibs/libSDL2-2.0.0.dylib (0x10714d3b8) and /Users/linmuyi/miniconda3/envs/llm_gs/lib/python3.9/site-packages/cv2/.dylibs/libSDL2-2.0.0.dylib (0x30f128980). This may cause spurious casting failures and mysterious crashes. One of the duplicates must be removed or renamed.
objc[98118]: Class SDL_cocoametalview is implemented in both /Users/linmuyi/miniconda3/envs/llm_gs/lib/python3.9/site-packages/pygame/.dylibs/libSDL2-2.0.0.dylib (0x10714d408) and /Users/linmuyi/miniconda3/envs/llm_gs/lib/python3.9/site-packages/cv2/.dylibs/libSDL2-2.0.0.dylib (0x30f1289d0). This may cause spurious casting failures and mysterious crashes. One of the duplicates must be removed or renamed.
objc[98118]: Class SDLOpenGLContext is implemented in both /Users/linmuyi/miniconda3/envs/llm_gs/lib/python3.9/site-packages/pygame/.dylibs/libSDL2-2.0.0.dylib (0x10714d458) and /Users/linmuyi/miniconda3/envs/llm_gs/lib/python3.9/site-packages/cv2/.dylibs/libSDL2-2.0.0.dylib (0x30f128a20). This may cause spurious casting failures and mysterious crashes. One of the duplicates must be removed or renamed.
objc[98118]: Class SDL_ShapeData is implemented in both /Users/linmuyi/miniconda3/envs/llm_gs/lib/python3.9/site-packages/pygame/.dylibs/libSDL2-2.0.0.dylib (0x10714d4d0) and /Users/linmuyi/miniconda3/envs/llm_gs/lib/python3.9/site-packages/cv2/.dylibs/libSDL2-2.0.0.dylib (0x30f128a98). This may cause spurious casting failures and mysterious crashes. One of the duplicates must be removed or renamed.
objc[98118]: Class SDL_CocoaClosure is implemented in both /Users/linmuyi/miniconda3/envs/llm_gs/lib/python3.9/site-packages/pygame/.dylibs/libSDL2-2.0.0.dylib (0x10714d520) and /Users/linmuyi/miniconda3/envs/llm_gs/lib/python3.9/site-packages/cv2/.dylibs/libSDL2-2.0.0.dylib (0x30f128ae8). This may cause spurious casting failures and mysterious crashes. One of the duplicates must be removed or renamed.
objc[98118]: Class SDL_VideoData is implemented in both /Users/linmuyi/miniconda3/envs/llm_gs/lib/python3.9/site-packages/pygame/.dylibs/libSDL2-2.0.0.dylib (0x10714d570) and /Users/linmuyi/miniconda3/envs/llm_gs/lib/python3.9/site-packages/cv2/.dylibs/libSDL2-2.0.0.dylib (0x30f128b38). This may cause spurious casting failures and mysterious crashes. One of the duplicates must be removed or renamed.
objc[98118]: Class SDL_WindowData is implemented in both /Users/linmuyi/miniconda3/envs/llm_gs/lib/python3.9/site-packages/pygame/.dylibs/libSDL2-2.0.0.dylib (0x10714d5c0) and /Users/linmuyi/miniconda3/envs/llm_gs/lib/python3.9/site-packages/cv2/.dylibs/libSDL2-2.0.0.dylib (0x30f128b88). This may cause spurious casting failures and mysterious crashes. One of the duplicates must be removed or renamed.
objc[98118]: Class SDLWindow is implemented in both /Users/linmuyi/miniconda3/envs/llm_gs/lib/python3.9/site-packages/pygame/.dylibs/libSDL2-2.0.0.dylib (0x10714d5e8) and /Users/linmuyi/miniconda3/envs/llm_gs/lib/python3.9/site-packages/cv2/.dylibs/libSDL2-2.0.0.dylib (0x30f128bb0). This may cause spurious casting failures and mysterious crashes. One of the duplicates must be removed or renamed.
objc[98118]: Class Cocoa_WindowListener is implemented in both /Users/linmuyi/miniconda3/envs/llm_gs/lib/python3.9/site-packages/pygame/.dylibs/libSDL2-2.0.0.dylib (0x10714d610) and /Users/linmuyi/miniconda3/envs/llm_gs/lib/python3.9/site-packages/cv2/.dylibs/libSDL2-2.0.0.dylib (0x30f128bd8). This may cause spurious casting failures and mysterious crashes. One of the duplicates must be removed or renamed.
objc[98118]: Class SDLView is implemented in both /Users/linmuyi/miniconda3/envs/llm_gs/lib/python3.9/site-packages/pygame/.dylibs/libSDL2-2.0.0.dylib (0x10714d688) and /Users/linmuyi/miniconda3/envs/llm_gs/lib/python3.9/site-packages/cv2/.dylibs/libSDL2-2.0.0.dylib (0x30f128c50). This may cause spurious casting failures and mysterious crashes. One of the duplicates must be removed or renamed.
objc[98118]: Class METAL_RenderData is implemented in both /Users/linmuyi/miniconda3/envs/llm_gs/lib/python3.9/site-packages/pygame/.dylibs/libSDL2-2.0.0.dylib (0x10714d700) and /Users/linmuyi/miniconda3/envs/llm_gs/lib/python3.9/site-packages/cv2/.dylibs/libSDL2-2.0.0.dylib (0x30f128cc8). This may cause spurious casting failures and mysterious crashes. One of the duplicates must be removed or renamed.
objc[98118]: Class METAL_TextureData is implemented in both /Users/linmuyi/miniconda3/envs/llm_gs/lib/python3.9/site-packages/pygame/.dylibs/libSDL2-2.0.0.dylib (0x10714d750) and /Users/linmuyi/miniconda3/envs/llm_gs/lib/python3.9/site-packages/cv2/.dylibs/libSDL2-2.0.0.dylib (0x30f128d18). This may cause spurious casting failures and mysterious crashes. One of the duplicates must be removed or renamed.
objc[98118]: Class SDL_RumbleMotor is implemented in both /Users/linmuyi/miniconda3/envs/llm_gs/lib/python3.9/site-packages/pygame/.dylibs/libSDL2-2.0.0.dylib (0x10714d778) and /Users/linmuyi/miniconda3/envs/llm_gs/lib/python3.9/site-packages/cv2/.dylibs/libSDL2-2.0.0.dylib (0x30f128d40). This may cause spurious casting failures and mysterious crashes. One of the duplicates must be removed or renamed.
objc[98118]: Class SDL_RumbleContext is implemented in both /Users/linmuyi/miniconda3/envs/llm_gs/lib/python3.9/site-packages/pygame/.dylibs/libSDL2-2.0.0.dylib (0x10714d7c8) and /Users/linmuyi/miniconda3/envs/llm_gs/lib/python3.9/site-packages/cv2/.dylibs/libSDL2-2.0.0.dylib (0x30f128d90). This may cause spurious casting failures and mysterious crashes. One of the duplicates must be removed or renamed.
[flat] 1500000 steps, 30 checkpoints, flat (no curriculum)

  steps=  50000  held=0.01  gate=0.01  bins=3/3  active= 90  (351s)
  steps= 100000  held=0.26  gate=0.26  bins=3/3  active= 90  (601s)
  steps= 150000  held=0.10  gate=0.10  bins=3/3  active= 90  (835s)
  steps= 200000  held=0.01  gate=0.01  bins=3/3  active= 90  (1118s)
  steps= 250000  held=0.06  gate=0.06  bins=3/3  active= 90  (1397s)
  steps= 300000  held=0.01  gate=0.01  bins=3/3  active= 90  (1489s)
  steps= 350000  held=0.01  gate=0.01  bins=3/3  active= 90  (1587s)
  steps= 400000  held=0.00  gate=0.00  bins=3/3  active= 90  (1704s)
  steps= 450000  held=0.00  gate=0.00  bins=3/3  active= 90  (1811s)
  steps= 500000  held=0.00  gate=0.00  bins=3/3  active= 90  (1927s)
  steps= 550000  held=0.00  gate=0.00  bins=3/3  active= 90  (2026s)
  steps= 600000  held=0.00  gate=0.00  bins=3/3  active= 90  (2126s)
  steps= 650000  held=0.00  gate=0.00  bins=3/3  active= 90  (2250s)
  steps= 700000  held=0.00  gate=0.00  bins=3/3  active= 90  (2366s)
  steps= 750000  held=0.00  gate=0.00  bins=3/3  active= 90  (2464s)
  steps= 800000  held=0.00  gate=0.00  bins=3/3  active= 90  (2595s)
  steps= 850000  held=0.00  gate=0.00  bins=3/3  active= 90  (2727s)
  steps= 900000  held=0.00  gate=0.00  bins=3/3  active= 90  (2859s)
  steps= 950000  held=0.00  gate=0.00  bins=3/3  active= 90  (2994s)
  steps=1000000  held=0.00  gate=0.00  bins=3/3  active= 90  (3131s)
  steps=1050000  held=0.00  gate=0.00  bins=3/3  active= 90  (3273s)
  steps=1100000  held=0.00  gate=0.00  bins=3/3  active= 90  (3436s)
  steps=1150000  held=0.01  gate=0.01  bins=3/3  active= 90  (3598s)
  steps=1200000  held=0.00  gate=0.00  bins=3/3  active= 90  (3762s)
  steps=1250000  held=0.00  gate=0.00  bins=3/3  active= 90  (3992s)
  steps=1300000  held=0.00  gate=0.00  bins=3/3  active= 90  (4215s)
  steps=1350000  held=0.00  gate=0.00  bins=3/3  active= 90  (4423s)
  steps=1400000  held=0.00  gate=0.00  bins=3/3  active= 90  (4652s)
  steps=1450000  held=0.00  gate=0.00  bins=3/3  active= 90  (4846s)
  steps=1500000  held=0.00  gate=0.00  bins=3/3  active= 90  (5020s)

[flat] DONE  final held=0.00  steps_to_0.3=NOT REACHED  wall=5020s  -> flat_seed0.json
[flat] per-cell held: s19N0=0.00
