[flat] train=90 layouts  held-out=36 layouts
objc[98354]: Class SDLApplication is implemented in both /Users/linmuyi/miniconda3/envs/llm_gs/lib/python3.9/site-packages/pygame/.dylibs/libSDL2-2.0.0.dylib (0x10c8bd2c8) and /Users/linmuyi/miniconda3/envs/llm_gs/lib/python3.9/site-packages/cv2/.dylibs/libSDL2-2.0.0.dylib (0x162134890). This may cause spurious casting failures and mysterious crashes. One of the duplicates must be removed or renamed.
objc[98354]: Class SDLAppDelegate is implemented in both /Users/linmuyi/miniconda3/envs/llm_gs/lib/python3.9/site-packages/pygame/.dylibs/libSDL2-2.0.0.dylib (0x10c8bd318) and /Users/linmuyi/miniconda3/envs/llm_gs/lib/python3.9/site-packages/cv2/.dylibs/libSDL2-2.0.0.dylib (0x1621348e0). This may cause spurious casting failures and mysterious crashes. One of the duplicates must be removed or renamed.
objc[98354]: Class SDLTranslatorResponder is implemented in both /Users/linmuyi/miniconda3/envs/llm_gs/lib/python3.9/site-packages/pygame/.dylibs/libSDL2-2.0.0.dylib (0x10c8bd390) and /Users/linmuyi/miniconda3/envs/llm_gs/lib/python3.9/site-packages/cv2/.dylibs/libSDL2-2.0.0.dylib (0x162134958). This may cause spurious casting failures and mysterious crashes. One of the duplicates must be removed or renamed.
objc[98354]: Class SDLMessageBoxPresenter is implemented in both /Users/linmuyi/miniconda3/envs/llm_gs/lib/python3.9/site-packages/pygame/.dylibs/libSDL2-2.0.0.dylib (0x10c8bd3b8) and /Users/linmuyi/miniconda3/envs/llm_gs/lib/python3.9/site-packages/cv2/.dylibs/libSDL2-2.0.0.dylib (0x162134980). This may cause spurious casting failures and mysterious crashes. One of the duplicates must be removed or renamed.
objc[98354]: Class SDL_cocoametalview is implemented in both /Users/linmuyi/miniconda3/envs/llm_gs/lib/python3.9/site-packages/pygame/.dylibs/libSDL2-2.0.0.dylib (0x10c8bd408) and /Users/linmuyi/miniconda3/envs/llm_gs/lib/python3.9/site-packages/cv2/.dylibs/libSDL2-2.0.0.dylib (0x1621349d0). This may cause spurious casting failures and mysterious crashes. One of the duplicates must be removed or renamed.
objc[98354]: Class SDLOpenGLContext is implemented in both /Users/linmuyi/miniconda3/envs/llm_gs/lib/python3.9/site-packages/pygame/.dylibs/libSDL2-2.0.0.dylib (0x10c8bd458) and /Users/linmuyi/miniconda3/envs/llm_gs/lib/python3.9/site-packages/cv2/.dylibs/libSDL2-2.0.0.dylib (0x162134a20). This may cause spurious casting failures and mysterious crashes. One of the duplicates must be removed or renamed.
objc[98354]: Class SDL_ShapeData is implemented in both /Users/linmuyi/miniconda3/envs/llm_gs/lib/python3.9/site-packages/pygame/.dylibs/libSDL2-2.0.0.dylib (0x10c8bd4d0) and /Users/linmuyi/miniconda3/envs/llm_gs/lib/python3.9/site-packages/cv2/.dylibs/libSDL2-2.0.0.dylib (0x162134a98). This may cause spurious casting failures and mysterious crashes. One of the duplicates must be removed or renamed.
objc[98354]: Class SDL_CocoaClosure is implemented in both /Users/linmuyi/miniconda3/envs/llm_gs/lib/python3.9/site-packages/pygame/.dylibs/libSDL2-2.0.0.dylib (0x10c8bd520) and /Users/linmuyi/miniconda3/envs/llm_gs/lib/python3.9/site-packages/cv2/.dylibs/libSDL2-2.0.0.dylib (0x162134ae8). This may cause spurious casting failures and mysterious crashes. One of the duplicates must be removed or renamed.
objc[98354]: Class SDL_VideoData is implemented in both /Users/linmuyi/miniconda3/envs/llm_gs/lib/python3.9/site-packages/pygame/.dylibs/libSDL2-2.0.0.dylib (0x10c8bd570) and /Users/linmuyi/miniconda3/envs/llm_gs/lib/python3.9/site-packages/cv2/.dylibs/libSDL2-2.0.0.dylib (0x162134b38). This may cause spurious casting failures and mysterious crashes. One of the duplicates must be removed or renamed.
objc[98354]: Class SDL_WindowData is implemented in both /Users/linmuyi/miniconda3/envs/llm_gs/lib/python3.9/site-packages/pygame/.dylibs/libSDL2-2.0.0.dylib (0x10c8bd5c0) and /Users/linmuyi/miniconda3/envs/llm_gs/lib/python3.9/site-packages/cv2/.dylibs/libSDL2-2.0.0.dylib (0x162134b88). This may cause spurious casting failures and mysterious crashes. One of the duplicates must be removed or renamed.
objc[98354]: Class SDLWindow is implemented in both /Users/linmuyi/miniconda3/envs/llm_gs/lib/python3.9/site-packages/pygame/.dylibs/libSDL2-2.0.0.dylib (0x10c8bd5e8) and /Users/linmuyi/miniconda3/envs/llm_gs/lib/python3.9/site-packages/cv2/.dylibs/libSDL2-2.0.0.dylib (0x162134bb0). This may cause spurious casting failures and mysterious crashes. One of the duplicates must be removed or renamed.
objc[98354]: Class Cocoa_WindowListener is implemented in both /Users/linmuyi/miniconda3/envs/llm_gs/lib/python3.9/site-packages/pygame/.dylibs/libSDL2-2.0.0.dylib (0x10c8bd610) and /Users/linmuyi/miniconda3/envs/llm_gs/lib/python3.9/site-packages/cv2/.dylibs/libSDL2-2.0.0.dylib (0x162134bd8). This may cause spurious casting failures and mysterious crashes. One of the duplicates must be removed or renamed.
objc[98354]: Class SDLView is implemented in both /Users/linmuyi/miniconda3/envs/llm_gs/lib/python3.9/site-packages/pygame/.dylibs/libSDL2-2.0.0.dylib (0x10c8bd688) and /Users/linmuyi/miniconda3/envs/llm_gs/lib/python3.9/site-packages/cv2/.dylibs/libSDL2-2.0.0.dylib (0x162134c50). This may cause spurious casting failures and mysterious crashes. One of the duplicates must be removed or renamed.
objc[98354]: Class METAL_RenderData is implemented in both /Users/linmuyi/miniconda3/envs/llm_gs/lib/python3.9/site-packages/pygame/.dylibs/libSDL2-2.0.0.dylib (0x10c8bd700) and /Users/linmuyi/miniconda3/envs/llm_gs/lib/python3.9/site-packages/cv2/.dylibs/libSDL2-2.0.0.dylib (0x162134cc8). This may cause spurious casting failures and mysterious crashes. One of the duplicates must be removed or renamed.
objc[98354]: Class METAL_TextureData is implemented in both /Users/linmuyi/miniconda3/envs/llm_gs/lib/python3.9/site-packages/pygame/.dylibs/libSDL2-2.0.0.dylib (0x10c8bd750) and /Users/linmuyi/miniconda3/envs/llm_gs/lib/python3.9/site-packages/cv2/.dylibs/libSDL2-2.0.0.dylib (0x162134d18). This may cause spurious casting failures and mysterious crashes. One of the duplicates must be removed or renamed.
objc[98354]: Class SDL_RumbleMotor is implemented in both /Users/linmuyi/miniconda3/envs/llm_gs/lib/python3.9/site-packages/pygame/.dylibs/libSDL2-2.0.0.dylib (0x10c8bd778) and /Users/linmuyi/miniconda3/envs/llm_gs/lib/python3.9/site-packages/cv2/.dylibs/libSDL2-2.0.0.dylib (0x162134d40). This may cause spurious casting failures and mysterious crashes. One of the duplicates must be removed or renamed.
objc[98354]: Class SDL_RumbleContext is implemented in both /Users/linmuyi/miniconda3/envs/llm_gs/lib/python3.9/site-packages/pygame/.dylibs/libSDL2-2.0.0.dylib (0x10c8bd7c8) and /Users/linmuyi/miniconda3/envs/llm_gs/lib/python3.9/site-packages/cv2/.dylibs/libSDL2-2.0.0.dylib (0x162134d90). This may cause spurious casting failures and mysterious crashes. One of the duplicates must be removed or renamed.
[flat] 1500000 steps, 30 checkpoints, flat (no curriculum)

  steps=  50000  held=0.00  gate=0.00  bins=3/3  active= 90  (356s)
  steps= 100000  held=0.00  gate=0.00  bins=3/3  active= 90  (616s)
  steps= 150000  held=0.00  gate=0.00  bins=3/3  active= 90  (860s)
  steps= 200000  held=0.01  gate=0.01  bins=3/3  active= 90  (1147s)
  steps= 250000  held=0.03  gate=0.03  bins=3/3  active= 90  (1397s)
  steps= 300000  held=0.04  gate=0.04  bins=3/3  active= 90  (1487s)
  steps= 350000  held=0.05  gate=0.05  bins=3/3  active= 90  (1583s)
  steps= 400000  held=0.09  gate=0.09  bins=3/3  active= 90  (1695s)
  steps= 450000  held=0.06  gate=0.06  bins=3/3  active= 90  (1800s)
  steps= 500000  held=0.09  gate=0.09  bins=3/3  active= 90  (1913s)
  steps= 550000  held=0.04  gate=0.04  bins=3/3  active= 90  (2009s)
  steps= 600000  held=0.03  gate=0.03  bins=3/3  active= 90  (2109s)
  steps= 650000  held=0.03  gate=0.03  bins=3/3  active= 90  (2232s)
  steps= 700000  held=0.00  gate=0.00  bins=3/3  active= 90  (2347s)
  steps= 750000  held=0.00  gate=0.00  bins=3/3  active= 90  (2443s)
  steps= 800000  held=0.01  gate=0.01  bins=3/3  active= 90  (2569s)
  steps= 850000  held=0.00  gate=0.00  bins=3/3  active= 90  (2700s)
  steps= 900000  held=0.01  gate=0.01  bins=3/3  active= 90  (2832s)
  steps= 950000  held=0.03  gate=0.03  bins=3/3  active= 90  (2966s)
  steps=1000000  held=0.06  gate=0.06  bins=3/3  active= 90  (3100s)
  steps=1050000  held=0.00  gate=0.00  bins=3/3  active= 90  (3236s)
  steps=1100000  held=0.00  gate=0.00  bins=3/3  active= 90  (3391s)
  steps=1150000  held=0.00  gate=0.00  bins=3/3  active= 90  (3546s)
  steps=1200000  held=0.00  gate=0.00  bins=3/3  active= 90  (3700s)
  steps=1250000  held=0.00  gate=0.00  bins=3/3  active= 90  (3909s)
  steps=1300000  held=0.00  gate=0.00  bins=3/3  active= 90  (4129s)
  steps=1350000  held=0.00  gate=0.00  bins=3/3  active= 90  (4331s)
  steps=1400000  held=0.00  gate=0.00  bins=3/3  active= 90  (4539s)
  steps=1450000  held=0.00  gate=0.00  bins=3/3  active= 90  (4745s)
  steps=1500000  held=0.00  gate=0.00  bins=3/3  active= 90  (4923s)

[flat] DONE  final held=0.00  steps_to_0.3=NOT REACHED  wall=4923s  -> flat_seed0.json
[flat] per-cell held: s19N0=0.00
