[flat] train=90 layouts  held-out=36 layouts
objc[98143]: Class SDLApplication is implemented in both /Users/linmuyi/miniconda3/envs/llm_gs/lib/python3.9/site-packages/pygame/.dylibs/libSDL2-2.0.0.dylib (0x123a412c8) and /Users/linmuyi/miniconda3/envs/llm_gs/lib/python3.9/site-packages/cv2/.dylibs/libSDL2-2.0.0.dylib (0x305b08890). This may cause spurious casting failures and mysterious crashes. One of the duplicates must be removed or renamed.
objc[98143]: Class SDLAppDelegate is implemented in both /Users/linmuyi/miniconda3/envs/llm_gs/lib/python3.9/site-packages/pygame/.dylibs/libSDL2-2.0.0.dylib (0x123a41318) and /Users/linmuyi/miniconda3/envs/llm_gs/lib/python3.9/site-packages/cv2/.dylibs/libSDL2-2.0.0.dylib (0x305b088e0). This may cause spurious casting failures and mysterious crashes. One of the duplicates must be removed or renamed.
objc[98143]: Class SDLTranslatorResponder is implemented in both /Users/linmuyi/miniconda3/envs/llm_gs/lib/python3.9/site-packages/pygame/.dylibs/libSDL2-2.0.0.dylib (0x123a41390) and /Users/linmuyi/miniconda3/envs/llm_gs/lib/python3.9/site-packages/cv2/.dylibs/libSDL2-2.0.0.dylib (0x305b08958). This may cause spurious casting failures and mysterious crashes. One of the duplicates must be removed or renamed.
objc[98143]: Class SDLMessageBoxPresenter is implemented in both /Users/linmuyi/miniconda3/envs/llm_gs/lib/python3.9/site-packages/pygame/.dylibs/libSDL2-2.0.0.dylib (0x123a413b8) and /Users/linmuyi/miniconda3/envs/llm_gs/lib/python3.9/site-packages/cv2/.dylibs/libSDL2-2.0.0.dylib (0x305b08980). This may cause spurious casting failures and mysterious crashes. One of the duplicates must be removed or renamed.
objc[98143]: Class SDL_cocoametalview is implemented in both /Users/linmuyi/miniconda3/envs/llm_gs/lib/python3.9/site-packages/pygame/.dylibs/libSDL2-2.0.0.dylib (0x123a41408) and /Users/linmuyi/miniconda3/envs/llm_gs/lib/python3.9/site-packages/cv2/.dylibs/libSDL2-2.0.0.dylib (0x305b089d0). This may cause spurious casting failures and mysterious crashes. One of the duplicates must be removed or renamed.
objc[98143]: Class SDLOpenGLContext is implemented in both /Users/linmuyi/miniconda3/envs/llm_gs/lib/python3.9/site-packages/pygame/.dylibs/libSDL2-2.0.0.dylib (0x123a41458) and /Users/linmuyi/miniconda3/envs/llm_gs/lib/python3.9/site-packages/cv2/.dylibs/libSDL2-2.0.0.dylib (0x305b08a20). This may cause spurious casting failures and mysterious crashes. One of the duplicates must be removed or renamed.
objc[98143]: Class SDL_ShapeData is implemented in both /Users/linmuyi/miniconda3/envs/llm_gs/lib/python3.9/site-packages/pygame/.dylibs/libSDL2-2.0.0.dylib (0x123a414d0) and /Users/linmuyi/miniconda3/envs/llm_gs/lib/python3.9/site-packages/cv2/.dylibs/libSDL2-2.0.0.dylib (0x305b08a98). This may cause spurious casting failures and mysterious crashes. One of the duplicates must be removed or renamed.
objc[98143]: Class SDL_CocoaClosure is implemented in both /Users/linmuyi/miniconda3/envs/llm_gs/lib/python3.9/site-packages/pygame/.dylibs/libSDL2-2.0.0.dylib (0x123a41520) and /Users/linmuyi/miniconda3/envs/llm_gs/lib/python3.9/site-packages/cv2/.dylibs/libSDL2-2.0.0.dylib (0x305b08ae8). This may cause spurious casting failures and mysterious crashes. One of the duplicates must be removed or renamed.
objc[98143]: Class SDL_VideoData is implemented in both /Users/linmuyi/miniconda3/envs/llm_gs/lib/python3.9/site-packages/pygame/.dylibs/libSDL2-2.0.0.dylib (0x123a41570) and /Users/linmuyi/miniconda3/envs/llm_gs/lib/python3.9/site-packages/cv2/.dylibs/libSDL2-2.0.0.dylib (0x305b08b38). This may cause spurious casting failures and mysterious crashes. One of the duplicates must be removed or renamed.
objc[98143]: Class SDL_WindowData is implemented in both /Users/linmuyi/miniconda3/envs/llm_gs/lib/python3.9/site-packages/pygame/.dylibs/libSDL2-2.0.0.dylib (0x123a415c0) and /Users/linmuyi/miniconda3/envs/llm_gs/lib/python3.9/site-packages/cv2/.dylibs/libSDL2-2.0.0.dylib (0x305b08b88). This may cause spurious casting failures and mysterious crashes. One of the duplicates must be removed or renamed.
objc[98143]: Class SDLWindow is implemented in both /Users/linmuyi/miniconda3/envs/llm_gs/lib/python3.9/site-packages/pygame/.dylibs/libSDL2-2.0.0.dylib (0x123a415e8) and /Users/linmuyi/miniconda3/envs/llm_gs/lib/python3.9/site-packages/cv2/.dylibs/libSDL2-2.0.0.dylib (0x305b08bb0). This may cause spurious casting failures and mysterious crashes. One of the duplicates must be removed or renamed.
objc[98143]: Class Cocoa_WindowListener is implemented in both /Users/linmuyi/miniconda3/envs/llm_gs/lib/python3.9/site-packages/pygame/.dylibs/libSDL2-2.0.0.dylib (0x123a41610) and /Users/linmuyi/miniconda3/envs/llm_gs/lib/python3.9/site-packages/cv2/.dylibs/libSDL2-2.0.0.dylib (0x305b08bd8). This may cause spurious casting failures and mysterious crashes. One of the duplicates must be removed or renamed.
objc[98143]: Class SDLView is implemented in both /Users/linmuyi/miniconda3/envs/llm_gs/lib/python3.9/site-packages/pygame/.dylibs/libSDL2-2.0.0.dylib (0x123a41688) and /Users/linmuyi/miniconda3/envs/llm_gs/lib/python3.9/site-packages/cv2/.dylibs/libSDL2-2.0.0.dylib (0x305b08c50). This may cause spurious casting failures and mysterious crashes. One of the duplicates must be removed or renamed.
objc[98143]: Class METAL_RenderData is implemented in both /Users/linmuyi/miniconda3/envs/llm_gs/lib/python3.9/site-packages/pygame/.dylibs/libSDL2-2.0.0.dylib (0x123a41700) and /Users/linmuyi/miniconda3/envs/llm_gs/lib/python3.9/site-packages/cv2/.dylibs/libSDL2-2.0.0.dylib (0x305b08cc8). This may cause spurious casting failures and mysterious crashes. One of the duplicates must be removed or renamed.
objc[98143]: Class METAL_TextureData is implemented in both /Users/linmuyi/miniconda3/envs/llm_gs/lib/python3.9/site-packages/pygame/.dylibs/libSDL2-2.0.0.dylib (0x123a41750) and /Users/linmuyi/miniconda3/envs/llm_gs/lib/python3.9/site-packages/cv2/.dylibs/libSDL2-2.0.0.dylib (0x305b08d18). This may cause spurious casting failures and mysterious crashes. One of the duplicates must be removed or renamed.
objc[98143]: Class SDL_RumbleMotor is implemented in both /Users/linmuyi/miniconda3/envs/llm_gs/lib/python3.9/site-packages/pygame/.dylibs/libSDL2-2.0.0.dylib (0x123a41778) and /Users/linmuyi/miniconda3/envs/llm_gs/lib/python3.9/site-packages/cv2/.dylibs/libSDL2-2.0.0.dylib (0x305b08d40). This may cause spurious casting failures and mysterious crashes. One of the duplicates must be removed or renamed.
objc[98143]: Class SDL_RumbleContext is implemented in both /Users/linmuyi/miniconda3/envs/llm_gs/lib/python3.9/site-packages/pygame/.dylibs/libSDL2-2.0.0.dylib (0x123a417c8) and /Users/linmuyi/miniconda3/envs/llm_gs/lib/python3.9/site-packages/cv2/.dylibs/libSDL2-2.0.0.dylib (0x305b08d90). This may cause spurious casting failures and mysterious crashes. One of the duplicates must be removed or renamed.
[flat] 1500000 steps, 30 checkpoints, flat (no curriculum)

  steps=  50000  held=0.00  gate=0.00  bins=3/3  active= 90  (363s)
  steps= 100000  held=0.00  gate=0.00  bins=3/3  active= 90  (628s)
  steps= 150000  held=0.00  gate=0.00  bins=3/3  active= 90  (876s)
  steps= 200000  held=0.02  gate=0.02  bins=3/3  active= 90  (1169s)
  steps= 250000  held=0.00  gate=0.00  bins=3/3  active= 90  (1412s)
  steps= 300000  held=0.00  gate=0.00  bins=3/3  active= 90  (1505s)
  steps= 350000  held=0.00  gate=0.00  bins=3/3  active= 90  (1607s)
  steps= 400000  held=0.04  gate=0.04  bins=3/3  active= 90  (1718s)
  steps= 450000  held=0.00  gate=0.00  bins=3/3  active= 90  (1833s)
  steps= 500000  held=0.01  gate=0.01  bins=3/3  active= 90  (1946s)
  steps= 550000  held=0.00  gate=0.00  bins=3/3  active= 90  (2046s)
  steps= 600000  held=0.04  gate=0.04  bins=3/3  active= 90  (2149s)
  steps= 650000  held=0.01  gate=0.01  bins=3/3  active= 90  (2273s)
  steps= 700000  held=0.02  gate=0.02  bins=3/3  active= 90  (2390s)
  steps= 750000  held=0.00  gate=0.00  bins=3/3  active= 90  (2498s)
  steps= 800000  held=0.03  gate=0.03  bins=3/3  active= 90  (2632s)
  steps= 850000  held=0.00  gate=0.00  bins=3/3  active= 90  (2765s)
  steps= 900000  held=0.03  gate=0.03  bins=3/3  active= 90  (2898s)
  steps= 950000  held=0.04  gate=0.04  bins=3/3  active= 90  (3037s)
  steps=1000000  held=0.08  gate=0.08  bins=3/3  active= 90  (3174s)
  steps=1050000  held=0.12  gate=0.12  bins=3/3  active= 90  (3320s)
  steps=1100000  held=0.25  gate=0.25  bins=3/3  active= 90  (3469s)
  steps=1150000  held=0.03  gate=0.03  bins=3/3  active= 90  (3631s)
  steps=1200000  held=0.00  gate=0.00  bins=3/3  active= 90  (3817s)
  steps=1250000  held=0.00  gate=0.00  bins=3/3  active= 90  (4051s)
  steps=1300000  held=0.01  gate=0.01  bins=3/3  active= 90  (4268s)
  steps=1350000  held=0.00  gate=0.00  bins=3/3  active= 90  (4471s)
  steps=1400000  held=0.01  gate=0.01  bins=3/3  active= 90  (4706s)
  steps=1450000  held=0.00  gate=0.00  bins=3/3  active= 90  (4892s)
  steps=1500000  held=0.04  gate=0.04  bins=3/3  active= 90  (5051s)

[flat] DONE  final held=0.04  steps_to_0.3=NOT REACHED  wall=5051s  -> flat_seed2.json
[flat] per-cell held: s19N0=0.04
