[flat] train=90 layouts  held-out=36 layouts
objc[98181]: Class SDLApplication is implemented in both /Users/linmuyi/miniconda3/envs/llm_gs/lib/python3.9/site-packages/pygame/.dylibs/libSDL2-2.0.0.dylib (0x10b0bd2c8) and /Users/linmuyi/miniconda3/envs/llm_gs/lib/python3.9/site-packages/cv2/.dylibs/libSDL2-2.0.0.dylib (0x161f90890). This may cause spurious casting failures and mysterious crashes. One of the duplicates must be removed or renamed.
objc[98181]: Class SDLAppDelegate is implemented in both /Users/linmuyi/miniconda3/envs/llm_gs/lib/python3.9/site-packages/pygame/.dylibs/libSDL2-2.0.0.dylib (0x10b0bd318) and /Users/linmuyi/miniconda3/envs/llm_gs/lib/python3.9/site-packages/cv2/.dylibs/libSDL2-2.0.0.dylib (0x161f908e0). This may cause spurious casting failures and mysterious crashes. One of the duplicates must be removed or renamed.
objc[98181]: Class SDLTranslatorResponder is implemented in both /Users/linmuyi/miniconda3/envs/llm_gs/lib/python3.9/site-packages/pygame/.dylibs/libSDL2-2.0.0.dylib (0x10b0bd390) and /Users/linmuyi/miniconda3/envs/llm_gs/lib/python3.9/site-packages/cv2/.dylibs/libSDL2-2.0.0.dylib (0x161f90958). This may cause spurious casting failures and mysterious crashes. One of the duplicates must be removed or renamed.
objc[98181]: Class SDLMessageBoxPresenter is implemented in both /Users/linmuyi/miniconda3/envs/llm_gs/lib/python3.9/site-packages/pygame/.dylibs/libSDL2-2.0.0.dylib (0x10b0bd3b8) and /Users/linmuyi/miniconda3/envs/llm_gs/lib/python3.9/site-packages/cv2/.dylibs/libSDL2-2.0.0.dylib (0x161f90980). This may cause spurious casting failures and mysterious crashes. One of the duplicates must be removed or renamed.
objc[98181]: Class SDL_cocoametalview is implemented in both /Users/linmuyi/miniconda3/envs/llm_gs/lib/python3.9/site-packages/pygame/.dylibs/libSDL2-2.0.0.dylib (0x10b0bd408) and /Users/linmuyi/miniconda3/envs/llm_gs/lib/python3.9/site-packages/cv2/.dylibs/libSDL2-2.0.0.dylib (0x161f909d0). This may cause spurious casting failures and mysterious crashes. One of the duplicates must be removed or renamed.
objc[98181]: Class SDLOpenGLContext is implemented in both /Users/linmuyi/miniconda3/envs/llm_gs/lib/python3.9/site-packages/pygame/.dylibs/libSDL2-2.0.0.dylib (0x10b0bd458) and /Users/linmuyi/miniconda3/envs/llm_gs/lib/python3.9/site-packages/cv2/.dylibs/libSDL2-2.0.0.dylib (0x161f90a20). This may cause spurious casting failures and mysterious crashes. One of the duplicates must be removed or renamed.
objc[98181]: Class SDL_ShapeData is implemented in both /Users/linmuyi/miniconda3/envs/llm_gs/lib/python3.9/site-packages/pygame/.dylibs/libSDL2-2.0.0.dylib (0x10b0bd4d0) and /Users/linmuyi/miniconda3/envs/llm_gs/lib/python3.9/site-packages/cv2/.dylibs/libSDL2-2.0.0.dylib (0x161f90a98). This may cause spurious casting failures and mysterious crashes. One of the duplicates must be removed or renamed.
objc[98181]: Class SDL_CocoaClosure is implemented in both /Users/linmuyi/miniconda3/envs/llm_gs/lib/python3.9/site-packages/pygame/.dylibs/libSDL2-2.0.0.dylib (0x10b0bd520) and /Users/linmuyi/miniconda3/envs/llm_gs/lib/python3.9/site-packages/cv2/.dylibs/libSDL2-2.0.0.dylib (0x161f90ae8). This may cause spurious casting failures and mysterious crashes. One of the duplicates must be removed or renamed.
objc[98181]: Class SDL_VideoData is implemented in both /Users/linmuyi/miniconda3/envs/llm_gs/lib/python3.9/site-packages/pygame/.dylibs/libSDL2-2.0.0.dylib (0x10b0bd570) and /Users/linmuyi/miniconda3/envs/llm_gs/lib/python3.9/site-packages/cv2/.dylibs/libSDL2-2.0.0.dylib (0x161f90b38). This may cause spurious casting failures and mysterious crashes. One of the duplicates must be removed or renamed.
objc[98181]: Class SDL_WindowData is implemented in both /Users/linmuyi/miniconda3/envs/llm_gs/lib/python3.9/site-packages/pygame/.dylibs/libSDL2-2.0.0.dylib (0x10b0bd5c0) and /Users/linmuyi/miniconda3/envs/llm_gs/lib/python3.9/site-packages/cv2/.dylibs/libSDL2-2.0.0.dylib (0x161f90b88). This may cause spurious casting failures and mysterious crashes. One of the duplicates must be removed or renamed.
objc[98181]: Class SDLWindow is implemented in both /Users/linmuyi/miniconda3/envs/llm_gs/lib/python3.9/site-packages/pygame/.dylibs/libSDL2-2.0.0.dylib (0x10b0bd5e8) and /Users/linmuyi/miniconda3/envs/llm_gs/lib/python3.9/site-packages/cv2/.dylibs/libSDL2-2.0.0.dylib (0x161f90bb0). This may cause spurious casting failures and mysterious crashes. One of the duplicates must be removed or renamed.
objc[98181]: Class Cocoa_WindowListener is implemented in both /Users/linmuyi/miniconda3/envs/llm_gs/lib/python3.9/site-packages/pygame/.dylibs/libSDL2-2.0.0.dylib (0x10b0bd610) and /Users/linmuyi/miniconda3/envs/llm_gs/lib/python3.9/site-packages/cv2/.dylibs/libSDL2-2.0.0.dylib (0x161f90bd8). This may cause spurious casting failures and mysterious crashes. One of the duplicates must be removed or renamed.
objc[98181]: Class SDLView is implemented in both /Users/linmuyi/miniconda3/envs/llm_gs/lib/python3.9/site-packages/pygame/.dylibs/libSDL2-2.0.0.dylib (0x10b0bd688) and /Users/linmuyi/miniconda3/envs/llm_gs/lib/python3.9/site-packages/cv2/.dylibs/libSDL2-2.0.0.dylib (0x161f90c50). This may cause spurious casting failures and mysterious crashes. One of the duplicates must be removed or renamed.
objc[98181]: Class METAL_RenderData is implemented in both /Users/linmuyi/miniconda3/envs/llm_gs/lib/python3.9/site-packages/pygame/.dylibs/libSDL2-2.0.0.dylib (0x10b0bd700) and /Users/linmuyi/miniconda3/envs/llm_gs/lib/python3.9/site-packages/cv2/.dylibs/libSDL2-2.0.0.dylib (0x161f90cc8). This may cause spurious casting failures and mysterious crashes. One of the duplicates must be removed or renamed.
objc[98181]: Class METAL_TextureData is implemented in both /Users/linmuyi/miniconda3/envs/llm_gs/lib/python3.9/site-packages/pygame/.dylibs/libSDL2-2.0.0.dylib (0x10b0bd750) and /Users/linmuyi/miniconda3/envs/llm_gs/lib/python3.9/site-packages/cv2/.dylibs/libSDL2-2.0.0.dylib (0x161f90d18). This may cause spurious casting failures and mysterious crashes. One of the duplicates must be removed or renamed.
objc[98181]: Class SDL_RumbleMotor is implemented in both /Users/linmuyi/miniconda3/envs/llm_gs/lib/python3.9/site-packages/pygame/.dylibs/libSDL2-2.0.0.dylib (0x10b0bd778) and /Users/linmuyi/miniconda3/envs/llm_gs/lib/python3.9/site-packages/cv2/.dylibs/libSDL2-2.0.0.dylib (0x161f90d40). This may cause spurious casting failures and mysterious crashes. One of the duplicates must be removed or renamed.
objc[98181]: Class SDL_RumbleContext is implemented in both /Users/linmuyi/miniconda3/envs/llm_gs/lib/python3.9/site-packages/pygame/.dylibs/libSDL2-2.0.0.dylib (0x10b0bd7c8) and /Users/linmuyi/miniconda3/envs/llm_gs/lib/python3.9/site-packages/cv2/.dylibs/libSDL2-2.0.0.dylib (0x161f90d90). This may cause spurious casting failures and mysterious crashes. One of the duplicates must be removed or renamed.
[flat] 1500000 steps, 30 checkpoints, flat (no curriculum)

  steps=  50000  held=0.03  gate=0.03  bins=3/3  active= 90  (354s)
  steps= 100000  held=0.01  gate=0.01  bins=3/3  active= 90  (619s)
  steps= 150000  held=0.00  gate=0.00  bins=3/3  active= 90  (865s)
  steps= 200000  held=0.00  gate=0.00  bins=3/3  active= 90  (1153s)
  steps= 250000  held=0.01  gate=0.01  bins=3/3  active= 90  (1405s)
  steps= 300000  held=0.06  gate=0.06  bins=3/3  active= 90  (1496s)
  steps= 350000  held=0.02  gate=0.02  bins=3/3  active= 90  (1596s)
  steps= 400000  held=0.03  gate=0.03  bins=3/3  active= 90  (1709s)
  steps= 450000  held=0.09  gate=0.09  bins=3/3  active= 90  (1818s)
  steps= 500000  held=0.16  gate=0.16  bins=3/3  active= 90  (1927s)
  steps= 550000  held=0.19  gate=0.19  bins=3/3  active= 90  (2021s)
  steps= 600000  held=0.07  gate=0.07  bins=3/3  active= 90  (2120s)
  steps= 650000  held=0.06  gate=0.06  bins=3/3  active= 90  (2243s)
  steps= 700000  held=0.06  gate=0.06  bins=3/3  active= 90  (2359s)
  steps= 750000  held=0.03  gate=0.03  bins=3/3  active= 90  (2456s)
  steps= 800000  held=0.06  gate=0.06  bins=3/3  active= 90  (2587s)
  steps= 850000  held=0.01  gate=0.01  bins=3/3  active= 90  (2721s)
  steps= 900000  held=0.05  gate=0.05  bins=3/3  active= 90  (2854s)
  steps= 950000  held=0.14  gate=0.14  bins=3/3  active= 90  (2986s)
  steps=1000000  held=0.13  gate=0.13  bins=3/3  active= 90  (3120s)
  steps=1050000  held=0.13  gate=0.13  bins=3/3  active= 90  (3257s)
  steps=1100000  held=0.00  gate=0.00  bins=3/3  active= 90  (3418s)
  steps=1150000  held=0.01  gate=0.01  bins=3/3  active= 90  (3579s)
  steps=1200000  held=0.01  gate=0.01  bins=3/3  active= 90  (3740s)
  steps=1250000  held=0.05  gate=0.05  bins=3/3  active= 90  (3970s)
  steps=1300000  held=0.14  gate=0.14  bins=3/3  active= 90  (4186s)
  steps=1350000  held=0.00  gate=0.00  bins=3/3  active= 90  (4394s)
  steps=1400000  held=0.00  gate=0.00  bins=3/3  active= 90  (4623s)
  steps=1450000  held=0.05  gate=0.05  bins=3/3  active= 90  (4822s)
  steps=1500000  held=0.06  gate=0.06  bins=3/3  active= 90  (4997s)

[flat] DONE  final held=0.06  steps_to_0.3=NOT REACHED  wall=4997s  -> flat_seed3.json
[flat] per-cell held: s19N0=0.06
