[flat] train=90 layouts  held-out=36 layouts
objc[23980]: Class SDLApplication is implemented in both /Users/linmuyi/miniconda3/envs/llm_gs/lib/python3.9/site-packages/pygame/.dylibs/libSDL2-2.0.0.dylib (0x102bd12c8) and /Users/linmuyi/miniconda3/envs/llm_gs/lib/python3.9/site-packages/cv2/.dylibs/libSDL2-2.0.0.dylib (0x17b25c890). This may cause spurious casting failures and mysterious crashes. One of the duplicates must be removed or renamed.
objc[23980]: Class SDLAppDelegate is implemented in both /Users/linmuyi/miniconda3/envs/llm_gs/lib/python3.9/site-packages/pygame/.dylibs/libSDL2-2.0.0.dylib (0x102bd1318) and /Users/linmuyi/miniconda3/envs/llm_gs/lib/python3.9/site-packages/cv2/.dylibs/libSDL2-2.0.0.dylib (0x17b25c8e0). This may cause spurious casting failures and mysterious crashes. One of the duplicates must be removed or renamed.
objc[23980]: Class SDLTranslatorResponder is implemented in both /Users/linmuyi/miniconda3/envs/llm_gs/lib/python3.9/site-packages/pygame/.dylibs/libSDL2-2.0.0.dylib (0x102bd1390) and /Users/linmuyi/miniconda3/envs/llm_gs/lib/python3.9/site-packages/cv2/.dylibs/libSDL2-2.0.0.dylib (0x17b25c958). This may cause spurious casting failures and mysterious crashes. One of the duplicates must be removed or renamed.
objc[23980]: Class SDLMessageBoxPresenter is implemented in both /Users/linmuyi/miniconda3/envs/llm_gs/lib/python3.9/site-packages/pygame/.dylibs/libSDL2-2.0.0.dylib (0x102bd13b8) and /Users/linmuyi/miniconda3/envs/llm_gs/lib/python3.9/site-packages/cv2/.dylibs/libSDL2-2.0.0.dylib (0x17b25c980). This may cause spurious casting failures and mysterious crashes. One of the duplicates must be removed or renamed.
objc[23980]: Class SDL_cocoametalview is implemented in both /Users/linmuyi/miniconda3/envs/llm_gs/lib/python3.9/site-packages/pygame/.dylibs/libSDL2-2.0.0.dylib (0x102bd1408) and /Users/linmuyi/miniconda3/envs/llm_gs/lib/python3.9/site-packages/cv2/.dylibs/libSDL2-2.0.0.dylib (0x17b25c9d0). This may cause spurious casting failures and mysterious crashes. One of the duplicates must be removed or renamed.
objc[23980]: Class SDLOpenGLContext is implemented in both /Users/linmuyi/miniconda3/envs/llm_gs/lib/python3.9/site-packages/pygame/.dylibs/libSDL2-2.0.0.dylib (0x102bd1458) and /Users/linmuyi/miniconda3/envs/llm_gs/lib/python3.9/site-packages/cv2/.dylibs/libSDL2-2.0.0.dylib (0x17b25ca20). This may cause spurious casting failures and mysterious crashes. One of the duplicates must be removed or renamed.
objc[23980]: Class SDL_ShapeData is implemented in both /Users/linmuyi/miniconda3/envs/llm_gs/lib/python3.9/site-packages/pygame/.dylibs/libSDL2-2.0.0.dylib (0x102bd14d0) and /Users/linmuyi/miniconda3/envs/llm_gs/lib/python3.9/site-packages/cv2/.dylibs/libSDL2-2.0.0.dylib (0x17b25ca98). This may cause spurious casting failures and mysterious crashes. One of the duplicates must be removed or renamed.
objc[23980]: Class SDL_CocoaClosure is implemented in both /Users/linmuyi/miniconda3/envs/llm_gs/lib/python3.9/site-packages/pygame/.dylibs/libSDL2-2.0.0.dylib (0x102bd1520) and /Users/linmuyi/miniconda3/envs/llm_gs/lib/python3.9/site-packages/cv2/.dylibs/libSDL2-2.0.0.dylib (0x17b25cae8). This may cause spurious casting failures and mysterious crashes. One of the duplicates must be removed or renamed.
objc[23980]: Class SDL_VideoData is implemented in both /Users/linmuyi/miniconda3/envs/llm_gs/lib/python3.9/site-packages/pygame/.dylibs/libSDL2-2.0.0.dylib (0x102bd1570) and /Users/linmuyi/miniconda3/envs/llm_gs/lib/python3.9/site-packages/cv2/.dylibs/libSDL2-2.0.0.dylib (0x17b25cb38). This may cause spurious casting failures and mysterious crashes. One of the duplicates must be removed or renamed.
objc[23980]: Class SDL_WindowData is implemented in both /Users/linmuyi/miniconda3/envs/llm_gs/lib/python3.9/site-packages/pygame/.dylibs/libSDL2-2.0.0.dylib (0x102bd15c0) and /Users/linmuyi/miniconda3/envs/llm_gs/lib/python3.9/site-packages/cv2/.dylibs/libSDL2-2.0.0.dylib (0x17b25cb88). This may cause spurious casting failures and mysterious crashes. One of the duplicates must be removed or renamed.
objc[23980]: Class SDLWindow is implemented in both /Users/linmuyi/miniconda3/envs/llm_gs/lib/python3.9/site-packages/pygame/.dylibs/libSDL2-2.0.0.dylib (0x102bd15e8) and /Users/linmuyi/miniconda3/envs/llm_gs/lib/python3.9/site-packages/cv2/.dylibs/libSDL2-2.0.0.dylib (0x17b25cbb0). This may cause spurious casting failures and mysterious crashes. One of the duplicates must be removed or renamed.
objc[23980]: Class Cocoa_WindowListener is implemented in both /Users/linmuyi/miniconda3/envs/llm_gs/lib/python3.9/site-packages/pygame/.dylibs/libSDL2-2.0.0.dylib (0x102bd1610) and /Users/linmuyi/miniconda3/envs/llm_gs/lib/python3.9/site-packages/cv2/.dylibs/libSDL2-2.0.0.dylib (0x17b25cbd8). This may cause spurious casting failures and mysterious crashes. One of the duplicates must be removed or renamed.
objc[23980]: Class SDLView is implemented in both /Users/linmuyi/miniconda3/envs/llm_gs/lib/python3.9/site-packages/pygame/.dylibs/libSDL2-2.0.0.dylib (0x102bd1688) and /Users/linmuyi/miniconda3/envs/llm_gs/lib/python3.9/site-packages/cv2/.dylibs/libSDL2-2.0.0.dylib (0x17b25cc50). This may cause spurious casting failures and mysterious crashes. One of the duplicates must be removed or renamed.
objc[23980]: Class METAL_RenderData is implemented in both /Users/linmuyi/miniconda3/envs/llm_gs/lib/python3.9/site-packages/pygame/.dylibs/libSDL2-2.0.0.dylib (0x102bd1700) and /Users/linmuyi/miniconda3/envs/llm_gs/lib/python3.9/site-packages/cv2/.dylibs/libSDL2-2.0.0.dylib (0x17b25ccc8). This may cause spurious casting failures and mysterious crashes. One of the duplicates must be removed or renamed.
objc[23980]: Class METAL_TextureData is implemented in both /Users/linmuyi/miniconda3/envs/llm_gs/lib/python3.9/site-packages/pygame/.dylibs/libSDL2-2.0.0.dylib (0x102bd1750) and /Users/linmuyi/miniconda3/envs/llm_gs/lib/python3.9/site-packages/cv2/.dylibs/libSDL2-2.0.0.dylib (0x17b25cd18). This may cause spurious casting failures and mysterious crashes. One of the duplicates must be removed or renamed.
objc[23980]: Class SDL_RumbleMotor is implemented in both /Users/linmuyi/miniconda3/envs/llm_gs/lib/python3.9/site-packages/pygame/.dylibs/libSDL2-2.0.0.dylib (0x102bd1778) and /Users/linmuyi/miniconda3/envs/llm_gs/lib/python3.9/site-packages/cv2/.dylibs/libSDL2-2.0.0.dylib (0x17b25cd40). This may cause spurious casting failures and mysterious crashes. One of the duplicates must be removed or renamed.
objc[23980]: Class SDL_RumbleContext is implemented in both /Users/linmuyi/miniconda3/envs/llm_gs/lib/python3.9/site-packages/pygame/.dylibs/libSDL2-2.0.0.dylib (0x102bd17c8) and /Users/linmuyi/miniconda3/envs/llm_gs/lib/python3.9/site-packages/cv2/.dylibs/libSDL2-2.0.0.dylib (0x17b25cd90). This may cause spurious casting failures and mysterious crashes. One of the duplicates must be removed or renamed.
[flat] 1500000 steps, 30 checkpoints, flat (no curriculum)

  steps=  50000  held=0.06  gate=0.06  bins=3/3  active= 90  (91s)
  steps= 100000  held=0.01  gate=0.01  bins=3/3  active= 90  (185s)
  steps= 150000  held=0.08  gate=0.08  bins=3/3  active= 90  (281s)
  steps= 200000  held=0.08  gate=0.08  bins=3/3  active= 90  (377s)
  steps= 250000  held=0.01  gate=0.01  bins=3/3  active= 90  (475s)
  steps= 300000  held=0.06  gate=0.06  bins=3/3  active= 90  (573s)
  steps= 350000  held=0.11  gate=0.11  bins=3/3  active= 90  (671s)
  steps= 400000  held=0.19  gate=0.19  bins=3/3  active= 90  (766s)
  steps= 450000  held=0.07  gate=0.07  bins=3/3  active= 90  (866s)
  steps= 500000  held=0.06  gate=0.06  bins=3/3  active= 90  (965s)
  steps= 550000  held=0.12  gate=0.12  bins=3/3  active= 90  (1067s)
  steps= 600000  held=0.24  gate=0.24  bins=3/3  active= 90  (1157s)
  steps= 650000  held=0.53  gate=0.53  bins=3/3  active= 90  (1232s)
  steps= 700000  held=0.67  gate=0.67  bins=3/3  active= 90  (1296s)
  steps= 750000  held=0.59  gate=0.59  bins=3/3  active= 90  (1362s)
  steps= 800000  held=0.62  gate=0.62  bins=3/3  active= 90  (1427s)
  steps= 850000  held=0.52  gate=0.52  bins=3/3  active= 90  (1497s)
  steps= 900000  held=0.38  gate=0.38  bins=3/3  active= 90  (1575s)
  steps= 950000  held=0.33  gate=0.33  bins=3/3  active= 90  (1657s)
  steps=1000000  held=0.67  gate=0.67  bins=3/3  active= 90  (1718s)
  steps=1050000  held=0.60  gate=0.60  bins=3/3  active= 90  (1783s)
  steps=1100000  held=0.53  gate=0.53  bins=3/3  active= 90  (1852s)
  steps=1150000  held=0.56  gate=0.56  bins=3/3  active= 90  (1917s)
  steps=1200000  held=0.52  gate=0.52  bins=3/3  active= 90  (1986s)
  steps=1250000  held=0.62  gate=0.62  bins=3/3  active= 90  (2049s)
  steps=1300000  held=0.49  gate=0.49  bins=3/3  active= 90  (2119s)
  steps=1350000  held=0.60  gate=0.60  bins=3/3  active= 90  (2184s)
  steps=1400000  held=0.72  gate=0.72  bins=3/3  active= 90  (2242s)
  steps=1450000  held=0.61  gate=0.61  bins=3/3  active= 90  (2303s)
  steps=1500000  held=0.65  gate=0.65  bins=3/3  active= 90  (2357s)

[flat] DONE  final held=0.65  steps_to_0.3=650,000  wall=2357s  -> flat_seed17.json
[flat] per-cell held: s19N0=0.65
