[flat] train=90 layouts  held-out=36 layouts
objc[63004]: Class SDLApplication is implemented in both /Users/linmuyi/miniconda3/envs/llm_gs/lib/python3.9/site-packages/pygame/.dylibs/libSDL2-2.0.0.dylib (0x1403612c8) and /Users/linmuyi/miniconda3/envs/llm_gs/lib/python3.9/site-packages/cv2/.dylibs/libSDL2-2.0.0.dylib (0x321b90890). This may cause spurious casting failures and mysterious crashes. One of the duplicates must be removed or renamed.
objc[63004]: Class SDLAppDelegate is implemented in both /Users/linmuyi/miniconda3/envs/llm_gs/lib/python3.9/site-packages/pygame/.dylibs/libSDL2-2.0.0.dylib (0x140361318) and /Users/linmuyi/miniconda3/envs/llm_gs/lib/python3.9/site-packages/cv2/.dylibs/libSDL2-2.0.0.dylib (0x321b908e0). This may cause spurious casting failures and mysterious crashes. One of the duplicates must be removed or renamed.
objc[63004]: Class SDLTranslatorResponder is implemented in both /Users/linmuyi/miniconda3/envs/llm_gs/lib/python3.9/site-packages/pygame/.dylibs/libSDL2-2.0.0.dylib (0x140361390) and /Users/linmuyi/miniconda3/envs/llm_gs/lib/python3.9/site-packages/cv2/.dylibs/libSDL2-2.0.0.dylib (0x321b90958). This may cause spurious casting failures and mysterious crashes. One of the duplicates must be removed or renamed.
objc[63004]: Class SDLMessageBoxPresenter is implemented in both /Users/linmuyi/miniconda3/envs/llm_gs/lib/python3.9/site-packages/pygame/.dylibs/libSDL2-2.0.0.dylib (0x1403613b8) and /Users/linmuyi/miniconda3/envs/llm_gs/lib/python3.9/site-packages/cv2/.dylibs/libSDL2-2.0.0.dylib (0x321b90980). This may cause spurious casting failures and mysterious crashes. One of the duplicates must be removed or renamed.
objc[63004]: Class SDL_cocoametalview is implemented in both /Users/linmuyi/miniconda3/envs/llm_gs/lib/python3.9/site-packages/pygame/.dylibs/libSDL2-2.0.0.dylib (0x140361408) and /Users/linmuyi/miniconda3/envs/llm_gs/lib/python3.9/site-packages/cv2/.dylibs/libSDL2-2.0.0.dylib (0x321b909d0). This may cause spurious casting failures and mysterious crashes. One of the duplicates must be removed or renamed.
objc[63004]: Class SDLOpenGLContext is implemented in both /Users/linmuyi/miniconda3/envs/llm_gs/lib/python3.9/site-packages/pygame/.dylibs/libSDL2-2.0.0.dylib (0x140361458) and /Users/linmuyi/miniconda3/envs/llm_gs/lib/python3.9/site-packages/cv2/.dylibs/libSDL2-2.0.0.dylib (0x321b90a20). This may cause spurious casting failures and mysterious crashes. One of the duplicates must be removed or renamed.
objc[63004]: Class SDL_ShapeData is implemented in both /Users/linmuyi/miniconda3/envs/llm_gs/lib/python3.9/site-packages/pygame/.dylibs/libSDL2-2.0.0.dylib (0x1403614d0) and /Users/linmuyi/miniconda3/envs/llm_gs/lib/python3.9/site-packages/cv2/.dylibs/libSDL2-2.0.0.dylib (0x321b90a98). This may cause spurious casting failures and mysterious crashes. One of the duplicates must be removed or renamed.
objc[63004]: Class SDL_CocoaClosure is implemented in both /Users/linmuyi/miniconda3/envs/llm_gs/lib/python3.9/site-packages/pygame/.dylibs/libSDL2-2.0.0.dylib (0x140361520) and /Users/linmuyi/miniconda3/envs/llm_gs/lib/python3.9/site-packages/cv2/.dylibs/libSDL2-2.0.0.dylib (0x321b90ae8). This may cause spurious casting failures and mysterious crashes. One of the duplicates must be removed or renamed.
objc[63004]: Class SDL_VideoData is implemented in both /Users/linmuyi/miniconda3/envs/llm_gs/lib/python3.9/site-packages/pygame/.dylibs/libSDL2-2.0.0.dylib (0x140361570) and /Users/linmuyi/miniconda3/envs/llm_gs/lib/python3.9/site-packages/cv2/.dylibs/libSDL2-2.0.0.dylib (0x321b90b38). This may cause spurious casting failures and mysterious crashes. One of the duplicates must be removed or renamed.
objc[63004]: Class SDL_WindowData is implemented in both /Users/linmuyi/miniconda3/envs/llm_gs/lib/python3.9/site-packages/pygame/.dylibs/libSDL2-2.0.0.dylib (0x1403615c0) and /Users/linmuyi/miniconda3/envs/llm_gs/lib/python3.9/site-packages/cv2/.dylibs/libSDL2-2.0.0.dylib (0x321b90b88). This may cause spurious casting failures and mysterious crashes. One of the duplicates must be removed or renamed.
objc[63004]: Class SDLWindow is implemented in both /Users/linmuyi/miniconda3/envs/llm_gs/lib/python3.9/site-packages/pygame/.dylibs/libSDL2-2.0.0.dylib (0x1403615e8) and /Users/linmuyi/miniconda3/envs/llm_gs/lib/python3.9/site-packages/cv2/.dylibs/libSDL2-2.0.0.dylib (0x321b90bb0). This may cause spurious casting failures and mysterious crashes. One of the duplicates must be removed or renamed.
objc[63004]: Class Cocoa_WindowListener is implemented in both /Users/linmuyi/miniconda3/envs/llm_gs/lib/python3.9/site-packages/pygame/.dylibs/libSDL2-2.0.0.dylib (0x140361610) and /Users/linmuyi/miniconda3/envs/llm_gs/lib/python3.9/site-packages/cv2/.dylibs/libSDL2-2.0.0.dylib (0x321b90bd8). This may cause spurious casting failures and mysterious crashes. One of the duplicates must be removed or renamed.
objc[63004]: Class SDLView is implemented in both /Users/linmuyi/miniconda3/envs/llm_gs/lib/python3.9/site-packages/pygame/.dylibs/libSDL2-2.0.0.dylib (0x140361688) and /Users/linmuyi/miniconda3/envs/llm_gs/lib/python3.9/site-packages/cv2/.dylibs/libSDL2-2.0.0.dylib (0x321b90c50). This may cause spurious casting failures and mysterious crashes. One of the duplicates must be removed or renamed.
objc[63004]: Class METAL_RenderData is implemented in both /Users/linmuyi/miniconda3/envs/llm_gs/lib/python3.9/site-packages/pygame/.dylibs/libSDL2-2.0.0.dylib (0x140361700) and /Users/linmuyi/miniconda3/envs/llm_gs/lib/python3.9/site-packages/cv2/.dylibs/libSDL2-2.0.0.dylib (0x321b90cc8). This may cause spurious casting failures and mysterious crashes. One of the duplicates must be removed or renamed.
objc[63004]: Class METAL_TextureData is implemented in both /Users/linmuyi/miniconda3/envs/llm_gs/lib/python3.9/site-packages/pygame/.dylibs/libSDL2-2.0.0.dylib (0x140361750) and /Users/linmuyi/miniconda3/envs/llm_gs/lib/python3.9/site-packages/cv2/.dylibs/libSDL2-2.0.0.dylib (0x321b90d18). This may cause spurious casting failures and mysterious crashes. One of the duplicates must be removed or renamed.
objc[63004]: Class SDL_RumbleMotor is implemented in both /Users/linmuyi/miniconda3/envs/llm_gs/lib/python3.9/site-packages/pygame/.dylibs/libSDL2-2.0.0.dylib (0x140361778) and /Users/linmuyi/miniconda3/envs/llm_gs/lib/python3.9/site-packages/cv2/.dylibs/libSDL2-2.0.0.dylib (0x321b90d40). This may cause spurious casting failures and mysterious crashes. One of the duplicates must be removed or renamed.
objc[63004]: Class SDL_RumbleContext is implemented in both /Users/linmuyi/miniconda3/envs/llm_gs/lib/python3.9/site-packages/pygame/.dylibs/libSDL2-2.0.0.dylib (0x1403617c8) and /Users/linmuyi/miniconda3/envs/llm_gs/lib/python3.9/site-packages/cv2/.dylibs/libSDL2-2.0.0.dylib (0x321b90d90). This may cause spurious casting failures and mysterious crashes. One of the duplicates must be removed or renamed.
[flat] 1500000 steps, 30 checkpoints, flat (no curriculum)

  steps=  50000  held=0.10  gate=0.10  bins=3/3  active= 90  (102s)
  steps= 100000  held=0.03  gate=0.03  bins=3/3  active= 90  (204s)
  steps= 150000  held=0.04  gate=0.04  bins=3/3  active= 90  (305s)
  steps= 200000  held=0.07  gate=0.07  bins=3/3  active= 90  (408s)
  steps= 250000  held=0.00  gate=0.00  bins=3/3  active= 90  (506s)
  steps= 300000  held=0.00  gate=0.00  bins=3/3  active= 90  (602s)
  steps= 350000  held=0.00  gate=0.00  bins=3/3  active= 90  (700s)
  steps= 400000  held=0.00  gate=0.00  bins=3/3  active= 90  (803s)
  steps= 450000  held=0.00  gate=0.00  bins=3/3  active= 90  (904s)
  steps= 500000  held=0.00  gate=0.00  bins=3/3  active= 90  (1005s)
  steps= 550000  held=0.00  gate=0.00  bins=3/3  active= 90  (1109s)
  steps= 600000  held=0.03  gate=0.03  bins=3/3  active= 90  (1240s)
  steps= 650000  held=0.00  gate=0.00  bins=3/3  active= 90  (1411s)
  steps= 700000  held=0.00  gate=0.00  bins=3/3  active= 90  (1587s)
  steps= 750000  held=0.00  gate=0.00  bins=3/3  active= 90  (1773s)
  steps= 800000  held=0.01  gate=0.01  bins=3/3  active= 90  (1950s)
  steps= 850000  held=0.06  gate=0.06  bins=3/3  active= 90  (2127s)
  steps= 900000  held=0.28  gate=0.28  bins=3/3  active= 90  (2289s)
  steps= 950000  held=0.13  gate=0.13  bins=3/3  active= 90  (2458s)
  steps=1000000  held=0.19  gate=0.19  bins=3/3  active= 90  (2618s)
  steps=1050000  held=0.38  gate=0.38  bins=3/3  active= 90  (2776s)
  steps=1100000  held=0.37  gate=0.37  bins=3/3  active= 90  (2941s)
  steps=1150000  held=0.10  gate=0.10  bins=3/3  active= 90  (3117s)
  steps=1200000  held=0.29  gate=0.29  bins=3/3  active= 90  (3308s)
  steps=1250000  held=0.31  gate=0.31  bins=3/3  active= 90  (3507s)
  steps=1300000  held=0.36  gate=0.36  bins=3/3  active= 90  (3686s)
  steps=1350000  held=0.53  gate=0.53  bins=3/3  active= 90  (3851s)
  steps=1400000  held=0.33  gate=0.33  bins=3/3  active= 90  (4028s)
  steps=1450000  held=0.47  gate=0.47  bins=3/3  active= 90  (4187s)
  steps=1500000  held=0.51  gate=0.51  bins=3/3  active= 90  (4324s)

[flat] DONE  final held=0.51  steps_to_0.3=1,050,000  wall=4324s  -> flat_seed14.json
[flat] per-cell held: s19N0=0.51
