[wall_count] train=90 layouts  held-out=36 layouts
objc[38076]: Class SDLApplication is implemented in both /Users/linmuyi/miniconda3/envs/llm_gs/lib/python3.9/site-packages/pygame/.dylibs/libSDL2-2.0.0.dylib (0x10a87d2c8) and /Users/linmuyi/miniconda3/envs/llm_gs/lib/python3.9/site-packages/cv2/.dylibs/libSDL2-2.0.0.dylib (0x16f17c890). This may cause spurious casting failures and mysterious crashes. One of the duplicates must be removed or renamed.
objc[38076]: Class SDLAppDelegate is implemented in both /Users/linmuyi/miniconda3/envs/llm_gs/lib/python3.9/site-packages/pygame/.dylibs/libSDL2-2.0.0.dylib (0x10a87d318) and /Users/linmuyi/miniconda3/envs/llm_gs/lib/python3.9/site-packages/cv2/.dylibs/libSDL2-2.0.0.dylib (0x16f17c8e0). This may cause spurious casting failures and mysterious crashes. One of the duplicates must be removed or renamed.
objc[38076]: Class SDLTranslatorResponder is implemented in both /Users/linmuyi/miniconda3/envs/llm_gs/lib/python3.9/site-packages/pygame/.dylibs/libSDL2-2.0.0.dylib (0x10a87d390) and /Users/linmuyi/miniconda3/envs/llm_gs/lib/python3.9/site-packages/cv2/.dylibs/libSDL2-2.0.0.dylib (0x16f17c958). This may cause spurious casting failures and mysterious crashes. One of the duplicates must be removed or renamed.
objc[38076]: Class SDLMessageBoxPresenter is implemented in both /Users/linmuyi/miniconda3/envs/llm_gs/lib/python3.9/site-packages/pygame/.dylibs/libSDL2-2.0.0.dylib (0x10a87d3b8) and /Users/linmuyi/miniconda3/envs/llm_gs/lib/python3.9/site-packages/cv2/.dylibs/libSDL2-2.0.0.dylib (0x16f17c980). This may cause spurious casting failures and mysterious crashes. One of the duplicates must be removed or renamed.
objc[38076]: Class SDL_cocoametalview is implemented in both /Users/linmuyi/miniconda3/envs/llm_gs/lib/python3.9/site-packages/pygame/.dylibs/libSDL2-2.0.0.dylib (0x10a87d408) and /Users/linmuyi/miniconda3/envs/llm_gs/lib/python3.9/site-packages/cv2/.dylibs/libSDL2-2.0.0.dylib (0x16f17c9d0). This may cause spurious casting failures and mysterious crashes. One of the duplicates must be removed or renamed.
objc[38076]: Class SDLOpenGLContext is implemented in both /Users/linmuyi/miniconda3/envs/llm_gs/lib/python3.9/site-packages/pygame/.dylibs/libSDL2-2.0.0.dylib (0x10a87d458) and /Users/linmuyi/miniconda3/envs/llm_gs/lib/python3.9/site-packages/cv2/.dylibs/libSDL2-2.0.0.dylib (0x16f17ca20). This may cause spurious casting failures and mysterious crashes. One of the duplicates must be removed or renamed.
objc[38076]: Class SDL_ShapeData is implemented in both /Users/linmuyi/miniconda3/envs/llm_gs/lib/python3.9/site-packages/pygame/.dylibs/libSDL2-2.0.0.dylib (0x10a87d4d0) and /Users/linmuyi/miniconda3/envs/llm_gs/lib/python3.9/site-packages/cv2/.dylibs/libSDL2-2.0.0.dylib (0x16f17ca98). This may cause spurious casting failures and mysterious crashes. One of the duplicates must be removed or renamed.
objc[38076]: Class SDL_CocoaClosure is implemented in both /Users/linmuyi/miniconda3/envs/llm_gs/lib/python3.9/site-packages/pygame/.dylibs/libSDL2-2.0.0.dylib (0x10a87d520) and /Users/linmuyi/miniconda3/envs/llm_gs/lib/python3.9/site-packages/cv2/.dylibs/libSDL2-2.0.0.dylib (0x16f17cae8). This may cause spurious casting failures and mysterious crashes. One of the duplicates must be removed or renamed.
objc[38076]: Class SDL_VideoData is implemented in both /Users/linmuyi/miniconda3/envs/llm_gs/lib/python3.9/site-packages/pygame/.dylibs/libSDL2-2.0.0.dylib (0x10a87d570) and /Users/linmuyi/miniconda3/envs/llm_gs/lib/python3.9/site-packages/cv2/.dylibs/libSDL2-2.0.0.dylib (0x16f17cb38). This may cause spurious casting failures and mysterious crashes. One of the duplicates must be removed or renamed.
objc[38076]: Class SDL_WindowData is implemented in both /Users/linmuyi/miniconda3/envs/llm_gs/lib/python3.9/site-packages/pygame/.dylibs/libSDL2-2.0.0.dylib (0x10a87d5c0) and /Users/linmuyi/miniconda3/envs/llm_gs/lib/python3.9/site-packages/cv2/.dylibs/libSDL2-2.0.0.dylib (0x16f17cb88). This may cause spurious casting failures and mysterious crashes. One of the duplicates must be removed or renamed.
objc[38076]: Class SDLWindow is implemented in both /Users/linmuyi/miniconda3/envs/llm_gs/lib/python3.9/site-packages/pygame/.dylibs/libSDL2-2.0.0.dylib (0x10a87d5e8) and /Users/linmuyi/miniconda3/envs/llm_gs/lib/python3.9/site-packages/cv2/.dylibs/libSDL2-2.0.0.dylib (0x16f17cbb0). This may cause spurious casting failures and mysterious crashes. One of the duplicates must be removed or renamed.
objc[38076]: Class Cocoa_WindowListener is implemented in both /Users/linmuyi/miniconda3/envs/llm_gs/lib/python3.9/site-packages/pygame/.dylibs/libSDL2-2.0.0.dylib (0x10a87d610) and /Users/linmuyi/miniconda3/envs/llm_gs/lib/python3.9/site-packages/cv2/.dylibs/libSDL2-2.0.0.dylib (0x16f17cbd8). This may cause spurious casting failures and mysterious crashes. One of the duplicates must be removed or renamed.
objc[38076]: Class SDLView is implemented in both /Users/linmuyi/miniconda3/envs/llm_gs/lib/python3.9/site-packages/pygame/.dylibs/libSDL2-2.0.0.dylib (0x10a87d688) and /Users/linmuyi/miniconda3/envs/llm_gs/lib/python3.9/site-packages/cv2/.dylibs/libSDL2-2.0.0.dylib (0x16f17cc50). This may cause spurious casting failures and mysterious crashes. One of the duplicates must be removed or renamed.
objc[38076]: Class METAL_RenderData is implemented in both /Users/linmuyi/miniconda3/envs/llm_gs/lib/python3.9/site-packages/pygame/.dylibs/libSDL2-2.0.0.dylib (0x10a87d700) and /Users/linmuyi/miniconda3/envs/llm_gs/lib/python3.9/site-packages/cv2/.dylibs/libSDL2-2.0.0.dylib (0x16f17ccc8). This may cause spurious casting failures and mysterious crashes. One of the duplicates must be removed or renamed.
objc[38076]: Class METAL_TextureData is implemented in both /Users/linmuyi/miniconda3/envs/llm_gs/lib/python3.9/site-packages/pygame/.dylibs/libSDL2-2.0.0.dylib (0x10a87d750) and /Users/linmuyi/miniconda3/envs/llm_gs/lib/python3.9/site-packages/cv2/.dylibs/libSDL2-2.0.0.dylib (0x16f17cd18). This may cause spurious casting failures and mysterious crashes. One of the duplicates must be removed or renamed.
objc[38076]: Class SDL_RumbleMotor is implemented in both /Users/linmuyi/miniconda3/envs/llm_gs/lib/python3.9/site-packages/pygame/.dylibs/libSDL2-2.0.0.dylib (0x10a87d778) and /Users/linmuyi/miniconda3/envs/llm_gs/lib/python3.9/site-packages/cv2/.dylibs/libSDL2-2.0.0.dylib (0x16f17cd40). This may cause spurious casting failures and mysterious crashes. One of the duplicates must be removed or renamed.
objc[38076]: Class SDL_RumbleContext is implemented in both /Users/linmuyi/miniconda3/envs/llm_gs/lib/python3.9/site-packages/pygame/.dylibs/libSDL2-2.0.0.dylib (0x10a87d7c8) and /Users/linmuyi/miniconda3/envs/llm_gs/lib/python3.9/site-packages/cv2/.dylibs/libSDL2-2.0.0.dylib (0x16f17cd90). This may cause spurious casting failures and mysterious crashes. One of the duplicates must be removed or renamed.
[wall_count] 1500000 steps, 30 checkpoints, curriculum

  steps=  50000  held=0.14  gate=0.31  bins=1/3  active= 30  (126s)
  steps= 100000  held=0.31  gate=0.53  bins=1/3  active= 30  (236s)
  steps= 150000  held=0.05  gate=0.03  bins=1/3  active= 30  (365s)
  steps= 200000  held=0.00  gate=0.00  bins=1/3  active= 30  (495s)
  steps= 250000  held=0.27  gate=0.26  bins=1/3  active= 30  (614s)
  steps= 300000  held=0.12  gate=0.22  bins=1/3  active= 30  (739s)
  steps= 350000  held=0.33  gate=0.57  bins=2/3  active= 60  [UNLOCK:gate]  (846s)
  steps= 400000  held=0.29  gate=0.50  bins=2/3  active= 60  (954s)
  steps= 450000  held=0.58  gate=0.74  bins=3/3  active= 90  [UNLOCK:gate]  (1034s)
  steps= 500000  held=0.65  gate=0.65  bins=3/3  active= 90  (1091s)
  steps= 550000  held=0.65  gate=0.65  bins=3/3  active= 90  (1146s)
  steps= 600000  held=0.58  gate=0.58  bins=3/3  active= 90  (1205s)
  steps= 650000  held=0.61  gate=0.61  bins=3/3  active= 90  (1261s)
  steps= 700000  held=0.62  gate=0.62  bins=3/3  active= 90  (1316s)
  steps= 750000  held=0.65  gate=0.65  bins=3/3  active= 90  (1370s)
  steps= 800000  held=0.39  gate=0.39  bins=3/3  active= 90  (1438s)
  steps= 850000  held=0.06  gate=0.06  bins=3/3  active= 90  (1521s)
  steps= 900000  held=0.30  gate=0.30  bins=3/3  active= 90  (1598s)
  steps= 950000  held=0.55  gate=0.55  bins=3/3  active= 90  (1662s)
  steps=1000000  held=0.40  gate=0.40  bins=3/3  active= 90  (1728s)
  steps=1050000  held=0.67  gate=0.67  bins=3/3  active= 90  (1780s)
  steps=1100000  held=0.74  gate=0.74  bins=3/3  active= 90  (1828s)
  steps=1150000  held=0.76  gate=0.76  bins=3/3  active= 90  (1875s)
  steps=1200000  held=0.74  gate=0.74  bins=3/3  active= 90  (1925s)
  steps=1250000  held=0.74  gate=0.74  bins=3/3  active= 90  (1972s)
  steps=1300000  held=0.69  gate=0.69  bins=3/3  active= 90  (2022s)
  steps=1350000  held=0.71  gate=0.71  bins=3/3  active= 90  (2070s)
  steps=1400000  held=0.77  gate=0.77  bins=3/3  active= 90  (2116s)
  steps=1450000  held=0.74  gate=0.74  bins=3/3  active= 90  (2165s)
  steps=1500000  held=0.69  gate=0.69  bins=3/3  active= 90  (2214s)

[wall_count] DONE  final held=0.69  steps_to_0.3=100,000  wall=2214s  -> wall_count_seed19.json
[wall_count] per-cell held: s19N0=0.69
