[random_curriculum] train=90 layouts  held-out=36 layouts
objc[11036]: Class SDLApplication is implemented in both /Users/linmuyi/miniconda3/envs/llm_gs/lib/python3.9/site-packages/pygame/.dylibs/libSDL2-2.0.0.dylib (0x10a9b92c8) and /Users/linmuyi/miniconda3/envs/llm_gs/lib/python3.9/site-packages/cv2/.dylibs/libSDL2-2.0.0.dylib (0x14e838890). This may cause spurious casting failures and mysterious crashes. One of the duplicates must be removed or renamed.
objc[11036]: Class SDLAppDelegate is implemented in both /Users/linmuyi/miniconda3/envs/llm_gs/lib/python3.9/site-packages/pygame/.dylibs/libSDL2-2.0.0.dylib (0x10a9b9318) and /Users/linmuyi/miniconda3/envs/llm_gs/lib/python3.9/site-packages/cv2/.dylibs/libSDL2-2.0.0.dylib (0x14e8388e0). This may cause spurious casting failures and mysterious crashes. One of the duplicates must be removed or renamed.
objc[11036]: Class SDLTranslatorResponder is implemented in both /Users/linmuyi/miniconda3/envs/llm_gs/lib/python3.9/site-packages/pygame/.dylibs/libSDL2-2.0.0.dylib (0x10a9b9390) and /Users/linmuyi/miniconda3/envs/llm_gs/lib/python3.9/site-packages/cv2/.dylibs/libSDL2-2.0.0.dylib (0x14e838958). This may cause spurious casting failures and mysterious crashes. One of the duplicates must be removed or renamed.
objc[11036]: Class SDLMessageBoxPresenter is implemented in both /Users/linmuyi/miniconda3/envs/llm_gs/lib/python3.9/site-packages/pygame/.dylibs/libSDL2-2.0.0.dylib (0x10a9b93b8) and /Users/linmuyi/miniconda3/envs/llm_gs/lib/python3.9/site-packages/cv2/.dylibs/libSDL2-2.0.0.dylib (0x14e838980). This may cause spurious casting failures and mysterious crashes. One of the duplicates must be removed or renamed.
objc[11036]: Class SDL_cocoametalview is implemented in both /Users/linmuyi/miniconda3/envs/llm_gs/lib/python3.9/site-packages/pygame/.dylibs/libSDL2-2.0.0.dylib (0x10a9b9408) and /Users/linmuyi/miniconda3/envs/llm_gs/lib/python3.9/site-packages/cv2/.dylibs/libSDL2-2.0.0.dylib (0x14e8389d0). This may cause spurious casting failures and mysterious crashes. One of the duplicates must be removed or renamed.
objc[11036]: Class SDLOpenGLContext is implemented in both /Users/linmuyi/miniconda3/envs/llm_gs/lib/python3.9/site-packages/pygame/.dylibs/libSDL2-2.0.0.dylib (0x10a9b9458) and /Users/linmuyi/miniconda3/envs/llm_gs/lib/python3.9/site-packages/cv2/.dylibs/libSDL2-2.0.0.dylib (0x14e838a20). This may cause spurious casting failures and mysterious crashes. One of the duplicates must be removed or renamed.
objc[11036]: Class SDL_ShapeData is implemented in both /Users/linmuyi/miniconda3/envs/llm_gs/lib/python3.9/site-packages/pygame/.dylibs/libSDL2-2.0.0.dylib (0x10a9b94d0) and /Users/linmuyi/miniconda3/envs/llm_gs/lib/python3.9/site-packages/cv2/.dylibs/libSDL2-2.0.0.dylib (0x14e838a98). This may cause spurious casting failures and mysterious crashes. One of the duplicates must be removed or renamed.
objc[11036]: Class SDL_CocoaClosure is implemented in both /Users/linmuyi/miniconda3/envs/llm_gs/lib/python3.9/site-packages/pygame/.dylibs/libSDL2-2.0.0.dylib (0x10a9b9520) and /Users/linmuyi/miniconda3/envs/llm_gs/lib/python3.9/site-packages/cv2/.dylibs/libSDL2-2.0.0.dylib (0x14e838ae8). This may cause spurious casting failures and mysterious crashes. One of the duplicates must be removed or renamed.
objc[11036]: Class SDL_VideoData is implemented in both /Users/linmuyi/miniconda3/envs/llm_gs/lib/python3.9/site-packages/pygame/.dylibs/libSDL2-2.0.0.dylib (0x10a9b9570) and /Users/linmuyi/miniconda3/envs/llm_gs/lib/python3.9/site-packages/cv2/.dylibs/libSDL2-2.0.0.dylib (0x14e838b38). This may cause spurious casting failures and mysterious crashes. One of the duplicates must be removed or renamed.
objc[11036]: Class SDL_WindowData is implemented in both /Users/linmuyi/miniconda3/envs/llm_gs/lib/python3.9/site-packages/pygame/.dylibs/libSDL2-2.0.0.dylib (0x10a9b95c0) and /Users/linmuyi/miniconda3/envs/llm_gs/lib/python3.9/site-packages/cv2/.dylibs/libSDL2-2.0.0.dylib (0x14e838b88). This may cause spurious casting failures and mysterious crashes. One of the duplicates must be removed or renamed.
objc[11036]: Class SDLWindow is implemented in both /Users/linmuyi/miniconda3/envs/llm_gs/lib/python3.9/site-packages/pygame/.dylibs/libSDL2-2.0.0.dylib (0x10a9b95e8) and /Users/linmuyi/miniconda3/envs/llm_gs/lib/python3.9/site-packages/cv2/.dylibs/libSDL2-2.0.0.dylib (0x14e838bb0). This may cause spurious casting failures and mysterious crashes. One of the duplicates must be removed or renamed.
objc[11036]: Class Cocoa_WindowListener is implemented in both /Users/linmuyi/miniconda3/envs/llm_gs/lib/python3.9/site-packages/pygame/.dylibs/libSDL2-2.0.0.dylib (0x10a9b9610) and /Users/linmuyi/miniconda3/envs/llm_gs/lib/python3.9/site-packages/cv2/.dylibs/libSDL2-2.0.0.dylib (0x14e838bd8). This may cause spurious casting failures and mysterious crashes. One of the duplicates must be removed or renamed.
objc[11036]: Class SDLView is implemented in both /Users/linmuyi/miniconda3/envs/llm_gs/lib/python3.9/site-packages/pygame/.dylibs/libSDL2-2.0.0.dylib (0x10a9b9688) and /Users/linmuyi/miniconda3/envs/llm_gs/lib/python3.9/site-packages/cv2/.dylibs/libSDL2-2.0.0.dylib (0x14e838c50). This may cause spurious casting failures and mysterious crashes. One of the duplicates must be removed or renamed.
objc[11036]: Class METAL_RenderData is implemented in both /Users/linmuyi/miniconda3/envs/llm_gs/lib/python3.9/site-packages/pygame/.dylibs/libSDL2-2.0.0.dylib (0x10a9b9700) and /Users/linmuyi/miniconda3/envs/llm_gs/lib/python3.9/site-packages/cv2/.dylibs/libSDL2-2.0.0.dylib (0x14e838cc8). This may cause spurious casting failures and mysterious crashes. One of the duplicates must be removed or renamed.
objc[11036]: Class METAL_TextureData is implemented in both /Users/linmuyi/miniconda3/envs/llm_gs/lib/python3.9/site-packages/pygame/.dylibs/libSDL2-2.0.0.dylib (0x10a9b9750) and /Users/linmuyi/miniconda3/envs/llm_gs/lib/python3.9/site-packages/cv2/.dylibs/libSDL2-2.0.0.dylib (0x14e838d18). This may cause spurious casting failures and mysterious crashes. One of the duplicates must be removed or renamed.
objc[11036]: Class SDL_RumbleMotor is implemented in both /Users/linmuyi/miniconda3/envs/llm_gs/lib/python3.9/site-packages/pygame/.dylibs/libSDL2-2.0.0.dylib (0x10a9b9778) and /Users/linmuyi/miniconda3/envs/llm_gs/lib/python3.9/site-packages/cv2/.dylibs/libSDL2-2.0.0.dylib (0x14e838d40). This may cause spurious casting failures and mysterious crashes. One of the duplicates must be removed or renamed.
objc[11036]: Class SDL_RumbleContext is implemented in both /Users/linmuyi/miniconda3/envs/llm_gs/lib/python3.9/site-packages/pygame/.dylibs/libSDL2-2.0.0.dylib (0x10a9b97c8) and /Users/linmuyi/miniconda3/envs/llm_gs/lib/python3.9/site-packages/cv2/.dylibs/libSDL2-2.0.0.dylib (0x14e838d90). This may cause spurious casting failures and mysterious crashes. One of the duplicates must be removed or renamed.
[random_curriculum] 1500000 steps, 30 checkpoints, curriculum

  steps=  50000  held=0.06  gate=0.08  bins=1/3  active= 30  (130s)
  steps= 100000  held=0.12  gate=0.14  bins=1/3  active= 30  (258s)
  steps= 150000  held=0.06  gate=0.11  bins=1/3  active= 30  (389s)
  steps= 200000  held=0.38  gate=0.21  bins=1/3  active= 30  (504s)
  steps= 250000  held=0.01  gate=0.01  bins=1/3  active= 30  (671s)
  steps= 300000  held=0.06  gate=0.07  bins=1/3  active= 30  (861s)
  steps= 350000  held=0.15  gate=0.18  bins=1/3  active= 30  (987s)
  steps= 400000  held=0.31  gate=0.38  bins=2/3  active= 60  [UNLOCK:deadline]  (1106s)
  steps= 450000  held=0.31  gate=0.33  bins=2/3  active= 60  (1237s)
  steps= 500000  held=0.25  gate=0.22  bins=2/3  active= 60  (1377s)
  steps= 550000  held=0.07  gate=0.07  bins=2/3  active= 60  (1525s)
  steps= 600000  held=0.01  gate=0.00  bins=2/3  active= 60  (1659s)
  steps= 650000  held=0.02  gate=0.00  bins=2/3  active= 60  (1791s)
  steps= 700000  held=0.01  gate=0.01  bins=2/3  active= 60  (1926s)
  steps= 750000  held=0.10  gate=0.01  bins=2/3  active= 60  (2054s)
  steps= 800000  held=0.08  gate=0.03  bins=3/3  active= 90  [UNLOCK:deadline]  (2181s)
  steps= 850000  held=0.05  gate=0.05  bins=3/3  active= 90  (2276s)
  steps= 900000  held=0.19  gate=0.19  bins=3/3  active= 90  (2364s)
  steps= 950000  held=0.17  gate=0.17  bins=3/3  active= 90  (2453s)
  steps=1000000  held=0.04  gate=0.04  bins=3/3  active= 90  (2549s)
  steps=1050000  held=0.04  gate=0.04  bins=3/3  active= 90  (2665s)
  steps=1100000  held=0.04  gate=0.04  bins=3/3  active= 90  (2841s)
  steps=1150000  held=0.06  gate=0.06  bins=3/3  active= 90  (3015s)
  steps=1200000  held=0.01  gate=0.01  bins=3/3  active= 90  (3195s)
  steps=1250000  held=0.00  gate=0.00  bins=3/3  active= 90  (3329s)
  steps=1300000  held=0.00  gate=0.00  bins=3/3  active= 90  (3423s)
  steps=1350000  held=0.03  gate=0.03  bins=3/3  active= 90  (3522s)
  steps=1400000  held=0.01  gate=0.01  bins=3/3  active= 90  (3685s)
  steps=1450000  held=0.09  gate=0.09  bins=3/3  active= 90  (3850s)
  steps=1500000  held=0.01  gate=0.01  bins=3/3  active= 90  (4019s)

[random_curriculum] DONE  final held=0.01  steps_to_0.3=200,000  wall=4019s  -> random_curriculum_seed2.json
[random_curriculum] per-cell held: s19N0=0.01
