[grader] train=90 layouts  held-out=36 layouts
objc[30914]: Class SDLApplication is implemented in both /Users/linmuyi/miniconda3/envs/llm_gs/lib/python3.9/site-packages/pygame/.dylibs/libSDL2-2.0.0.dylib (0x1065d92c8) and /Users/linmuyi/miniconda3/envs/llm_gs/lib/python3.9/site-packages/cv2/.dylibs/libSDL2-2.0.0.dylib (0x1441b4890). This may cause spurious casting failures and mysterious crashes. One of the duplicates must be removed or renamed.
objc[30914]: Class SDLAppDelegate is implemented in both /Users/linmuyi/miniconda3/envs/llm_gs/lib/python3.9/site-packages/pygame/.dylibs/libSDL2-2.0.0.dylib (0x1065d9318) and /Users/linmuyi/miniconda3/envs/llm_gs/lib/python3.9/site-packages/cv2/.dylibs/libSDL2-2.0.0.dylib (0x1441b48e0). This may cause spurious casting failures and mysterious crashes. One of the duplicates must be removed or renamed.
objc[30914]: Class SDLTranslatorResponder is implemented in both /Users/linmuyi/miniconda3/envs/llm_gs/lib/python3.9/site-packages/pygame/.dylibs/libSDL2-2.0.0.dylib (0x1065d9390) and /Users/linmuyi/miniconda3/envs/llm_gs/lib/python3.9/site-packages/cv2/.dylibs/libSDL2-2.0.0.dylib (0x1441b4958). This may cause spurious casting failures and mysterious crashes. One of the duplicates must be removed or renamed.
objc[30914]: Class SDLMessageBoxPresenter is implemented in both /Users/linmuyi/miniconda3/envs/llm_gs/lib/python3.9/site-packages/pygame/.dylibs/libSDL2-2.0.0.dylib (0x1065d93b8) and /Users/linmuyi/miniconda3/envs/llm_gs/lib/python3.9/site-packages/cv2/.dylibs/libSDL2-2.0.0.dylib (0x1441b4980). This may cause spurious casting failures and mysterious crashes. One of the duplicates must be removed or renamed.
objc[30914]: Class SDL_cocoametalview is implemented in both /Users/linmuyi/miniconda3/envs/llm_gs/lib/python3.9/site-packages/pygame/.dylibs/libSDL2-2.0.0.dylib (0x1065d9408) and /Users/linmuyi/miniconda3/envs/llm_gs/lib/python3.9/site-packages/cv2/.dylibs/libSDL2-2.0.0.dylib (0x1441b49d0). This may cause spurious casting failures and mysterious crashes. One of the duplicates must be removed or renamed.
objc[30914]: Class SDLOpenGLContext is implemented in both /Users/linmuyi/miniconda3/envs/llm_gs/lib/python3.9/site-packages/pygame/.dylibs/libSDL2-2.0.0.dylib (0x1065d9458) and /Users/linmuyi/miniconda3/envs/llm_gs/lib/python3.9/site-packages/cv2/.dylibs/libSDL2-2.0.0.dylib (0x1441b4a20). This may cause spurious casting failures and mysterious crashes. One of the duplicates must be removed or renamed.
objc[30914]: Class SDL_ShapeData is implemented in both /Users/linmuyi/miniconda3/envs/llm_gs/lib/python3.9/site-packages/pygame/.dylibs/libSDL2-2.0.0.dylib (0x1065d94d0) and /Users/linmuyi/miniconda3/envs/llm_gs/lib/python3.9/site-packages/cv2/.dylibs/libSDL2-2.0.0.dylib (0x1441b4a98). This may cause spurious casting failures and mysterious crashes. One of the duplicates must be removed or renamed.
objc[30914]: Class SDL_CocoaClosure is implemented in both /Users/linmuyi/miniconda3/envs/llm_gs/lib/python3.9/site-packages/pygame/.dylibs/libSDL2-2.0.0.dylib (0x1065d9520) and /Users/linmuyi/miniconda3/envs/llm_gs/lib/python3.9/site-packages/cv2/.dylibs/libSDL2-2.0.0.dylib (0x1441b4ae8). This may cause spurious casting failures and mysterious crashes. One of the duplicates must be removed or renamed.
objc[30914]: Class SDL_VideoData is implemented in both /Users/linmuyi/miniconda3/envs/llm_gs/lib/python3.9/site-packages/pygame/.dylibs/libSDL2-2.0.0.dylib (0x1065d9570) and /Users/linmuyi/miniconda3/envs/llm_gs/lib/python3.9/site-packages/cv2/.dylibs/libSDL2-2.0.0.dylib (0x1441b4b38). This may cause spurious casting failures and mysterious crashes. One of the duplicates must be removed or renamed.
objc[30914]: Class SDL_WindowData is implemented in both /Users/linmuyi/miniconda3/envs/llm_gs/lib/python3.9/site-packages/pygame/.dylibs/libSDL2-2.0.0.dylib (0x1065d95c0) and /Users/linmuyi/miniconda3/envs/llm_gs/lib/python3.9/site-packages/cv2/.dylibs/libSDL2-2.0.0.dylib (0x1441b4b88). This may cause spurious casting failures and mysterious crashes. One of the duplicates must be removed or renamed.
objc[30914]: Class SDLWindow is implemented in both /Users/linmuyi/miniconda3/envs/llm_gs/lib/python3.9/site-packages/pygame/.dylibs/libSDL2-2.0.0.dylib (0x1065d95e8) and /Users/linmuyi/miniconda3/envs/llm_gs/lib/python3.9/site-packages/cv2/.dylibs/libSDL2-2.0.0.dylib (0x1441b4bb0). This may cause spurious casting failures and mysterious crashes. One of the duplicates must be removed or renamed.
objc[30914]: Class Cocoa_WindowListener is implemented in both /Users/linmuyi/miniconda3/envs/llm_gs/lib/python3.9/site-packages/pygame/.dylibs/libSDL2-2.0.0.dylib (0x1065d9610) and /Users/linmuyi/miniconda3/envs/llm_gs/lib/python3.9/site-packages/cv2/.dylibs/libSDL2-2.0.0.dylib (0x1441b4bd8). This may cause spurious casting failures and mysterious crashes. One of the duplicates must be removed or renamed.
objc[30914]: Class SDLView is implemented in both /Users/linmuyi/miniconda3/envs/llm_gs/lib/python3.9/site-packages/pygame/.dylibs/libSDL2-2.0.0.dylib (0x1065d9688) and /Users/linmuyi/miniconda3/envs/llm_gs/lib/python3.9/site-packages/cv2/.dylibs/libSDL2-2.0.0.dylib (0x1441b4c50). This may cause spurious casting failures and mysterious crashes. One of the duplicates must be removed or renamed.
objc[30914]: Class METAL_RenderData is implemented in both /Users/linmuyi/miniconda3/envs/llm_gs/lib/python3.9/site-packages/pygame/.dylibs/libSDL2-2.0.0.dylib (0x1065d9700) and /Users/linmuyi/miniconda3/envs/llm_gs/lib/python3.9/site-packages/cv2/.dylibs/libSDL2-2.0.0.dylib (0x1441b4cc8). This may cause spurious casting failures and mysterious crashes. One of the duplicates must be removed or renamed.
objc[30914]: Class METAL_TextureData is implemented in both /Users/linmuyi/miniconda3/envs/llm_gs/lib/python3.9/site-packages/pygame/.dylibs/libSDL2-2.0.0.dylib (0x1065d9750) and /Users/linmuyi/miniconda3/envs/llm_gs/lib/python3.9/site-packages/cv2/.dylibs/libSDL2-2.0.0.dylib (0x1441b4d18). This may cause spurious casting failures and mysterious crashes. One of the duplicates must be removed or renamed.
objc[30914]: Class SDL_RumbleMotor is implemented in both /Users/linmuyi/miniconda3/envs/llm_gs/lib/python3.9/site-packages/pygame/.dylibs/libSDL2-2.0.0.dylib (0x1065d9778) and /Users/linmuyi/miniconda3/envs/llm_gs/lib/python3.9/site-packages/cv2/.dylibs/libSDL2-2.0.0.dylib (0x1441b4d40). This may cause spurious casting failures and mysterious crashes. One of the duplicates must be removed or renamed.
objc[30914]: Class SDL_RumbleContext is implemented in both /Users/linmuyi/miniconda3/envs/llm_gs/lib/python3.9/site-packages/pygame/.dylibs/libSDL2-2.0.0.dylib (0x1065d97c8) and /Users/linmuyi/miniconda3/envs/llm_gs/lib/python3.9/site-packages/cv2/.dylibs/libSDL2-2.0.0.dylib (0x1441b4d90). This may cause spurious casting failures and mysterious crashes. One of the duplicates must be removed or renamed.
[grader] 1500000 steps, 30 checkpoints, curriculum

  steps=  50000  held=0.08  gate=0.11  bins=1/3  active= 30  (142s)
  steps= 100000  held=0.05  gate=0.03  bins=1/3  active= 30  (278s)
  steps= 150000  held=0.08  gate=0.18  bins=1/3  active= 30  (410s)
  steps= 200000  held=0.08  gate=0.15  bins=1/3  active= 30  (539s)
  steps= 250000  held=0.07  gate=0.14  bins=1/3  active= 30  (668s)
  steps= 300000  held=0.42  gate=0.60  bins=2/3  active= 60  [UNLOCK:gate]  (771s)
  steps= 350000  held=0.49  gate=0.68  bins=3/3  active= 90  [UNLOCK:gate]  (864s)
  steps= 400000  held=0.51  gate=0.51  bins=3/3  active= 90  (938s)
  steps= 450000  held=0.46  gate=0.46  bins=3/3  active= 90  (1012s)
  steps= 500000  held=0.47  gate=0.47  bins=3/3  active= 90  (1085s)
  steps= 550000  held=0.40  gate=0.40  bins=3/3  active= 90  (1163s)
  steps= 600000  held=0.51  gate=0.51  bins=3/3  active= 90  (1233s)
  steps= 650000  held=0.59  gate=0.59  bins=3/3  active= 90  (1298s)
  steps= 700000  held=0.58  gate=0.58  bins=3/3  active= 90  (1365s)
  steps= 750000  held=0.60  gate=0.60  bins=3/3  active= 90  (1428s)
  steps= 800000  held=0.64  gate=0.64  bins=3/3  active= 90  (1492s)
  steps= 850000  held=0.56  gate=0.56  bins=3/3  active= 90  (1562s)
  steps= 900000  held=0.59  gate=0.59  bins=3/3  active= 90  (1620s)
  steps= 950000  held=0.49  gate=0.49  bins=3/3  active= 90  (1679s)
  steps=1000000  held=0.67  gate=0.67  bins=3/3  active= 90  (1731s)
  steps=1050000  held=0.71  gate=0.71  bins=3/3  active= 90  (1783s)
  steps=1100000  held=0.56  gate=0.56  bins=3/3  active= 90  (1839s)
  steps=1150000  held=0.67  gate=0.67  bins=3/3  active= 90  (1892s)
  steps=1200000  held=0.64  gate=0.64  bins=3/3  active= 90  (1946s)
  steps=1250000  held=0.68  gate=0.68  bins=3/3  active= 90  (1999s)
  steps=1300000  held=0.72  gate=0.72  bins=3/3  active= 90  (2050s)
  steps=1350000  held=0.74  gate=0.74  bins=3/3  active= 90  (2100s)
  steps=1400000  held=0.73  gate=0.73  bins=3/3  active= 90  (2151s)
  steps=1450000  held=0.58  gate=0.58  bins=3/3  active= 90  (2206s)
  steps=1500000  held=0.19  gate=0.19  bins=3/3  active= 90  (2285s)

[grader] DONE  final held=0.19  steps_to_0.3=300,000  wall=2285s  -> grader_seed19.json
[grader] per-cell held: s19N0=0.19
