[path_len] train=90 layouts  held-out=36 layouts
objc[75416]: Class SDLApplication is implemented in both /Users/linmuyi/miniconda3/envs/llm_gs/lib/python3.9/site-packages/pygame/.dylibs/libSDL2-2.0.0.dylib (0x10400d2c8) and /Users/linmuyi/miniconda3/envs/llm_gs/lib/python3.9/site-packages/cv2/.dylibs/libSDL2-2.0.0.dylib (0x16abb0890). This may cause spurious casting failures and mysterious crashes. One of the duplicates must be removed or renamed.
objc[75416]: Class SDLAppDelegate is implemented in both /Users/linmuyi/miniconda3/envs/llm_gs/lib/python3.9/site-packages/pygame/.dylibs/libSDL2-2.0.0.dylib (0x10400d318) and /Users/linmuyi/miniconda3/envs/llm_gs/lib/python3.9/site-packages/cv2/.dylibs/libSDL2-2.0.0.dylib (0x16abb08e0). This may cause spurious casting failures and mysterious crashes. One of the duplicates must be removed or renamed.
objc[75416]: Class SDLTranslatorResponder is implemented in both /Users/linmuyi/miniconda3/envs/llm_gs/lib/python3.9/site-packages/pygame/.dylibs/libSDL2-2.0.0.dylib (0x10400d390) and /Users/linmuyi/miniconda3/envs/llm_gs/lib/python3.9/site-packages/cv2/.dylibs/libSDL2-2.0.0.dylib (0x16abb0958). This may cause spurious casting failures and mysterious crashes. One of the duplicates must be removed or renamed.
objc[75416]: Class SDLMessageBoxPresenter is implemented in both /Users/linmuyi/miniconda3/envs/llm_gs/lib/python3.9/site-packages/pygame/.dylibs/libSDL2-2.0.0.dylib (0x10400d3b8) and /Users/linmuyi/miniconda3/envs/llm_gs/lib/python3.9/site-packages/cv2/.dylibs/libSDL2-2.0.0.dylib (0x16abb0980). This may cause spurious casting failures and mysterious crashes. One of the duplicates must be removed or renamed.
objc[75416]: Class SDL_cocoametalview is implemented in both /Users/linmuyi/miniconda3/envs/llm_gs/lib/python3.9/site-packages/pygame/.dylibs/libSDL2-2.0.0.dylib (0x10400d408) and /Users/linmuyi/miniconda3/envs/llm_gs/lib/python3.9/site-packages/cv2/.dylibs/libSDL2-2.0.0.dylib (0x16abb09d0). This may cause spurious casting failures and mysterious crashes. One of the duplicates must be removed or renamed.
objc[75416]: Class SDLOpenGLContext is implemented in both /Users/linmuyi/miniconda3/envs/llm_gs/lib/python3.9/site-packages/pygame/.dylibs/libSDL2-2.0.0.dylib (0x10400d458) and /Users/linmuyi/miniconda3/envs/llm_gs/lib/python3.9/site-packages/cv2/.dylibs/libSDL2-2.0.0.dylib (0x16abb0a20). This may cause spurious casting failures and mysterious crashes. One of the duplicates must be removed or renamed.
objc[75416]: Class SDL_ShapeData is implemented in both /Users/linmuyi/miniconda3/envs/llm_gs/lib/python3.9/site-packages/pygame/.dylibs/libSDL2-2.0.0.dylib (0x10400d4d0) and /Users/linmuyi/miniconda3/envs/llm_gs/lib/python3.9/site-packages/cv2/.dylibs/libSDL2-2.0.0.dylib (0x16abb0a98). This may cause spurious casting failures and mysterious crashes. One of the duplicates must be removed or renamed.
objc[75416]: Class SDL_CocoaClosure is implemented in both /Users/linmuyi/miniconda3/envs/llm_gs/lib/python3.9/site-packages/pygame/.dylibs/libSDL2-2.0.0.dylib (0x10400d520) and /Users/linmuyi/miniconda3/envs/llm_gs/lib/python3.9/site-packages/cv2/.dylibs/libSDL2-2.0.0.dylib (0x16abb0ae8). This may cause spurious casting failures and mysterious crashes. One of the duplicates must be removed or renamed.
objc[75416]: Class SDL_VideoData is implemented in both /Users/linmuyi/miniconda3/envs/llm_gs/lib/python3.9/site-packages/pygame/.dylibs/libSDL2-2.0.0.dylib (0x10400d570) and /Users/linmuyi/miniconda3/envs/llm_gs/lib/python3.9/site-packages/cv2/.dylibs/libSDL2-2.0.0.dylib (0x16abb0b38). This may cause spurious casting failures and mysterious crashes. One of the duplicates must be removed or renamed.
objc[75416]: Class SDL_WindowData is implemented in both /Users/linmuyi/miniconda3/envs/llm_gs/lib/python3.9/site-packages/pygame/.dylibs/libSDL2-2.0.0.dylib (0x10400d5c0) and /Users/linmuyi/miniconda3/envs/llm_gs/lib/python3.9/site-packages/cv2/.dylibs/libSDL2-2.0.0.dylib (0x16abb0b88). This may cause spurious casting failures and mysterious crashes. One of the duplicates must be removed or renamed.
objc[75416]: Class SDLWindow is implemented in both /Users/linmuyi/miniconda3/envs/llm_gs/lib/python3.9/site-packages/pygame/.dylibs/libSDL2-2.0.0.dylib (0x10400d5e8) and /Users/linmuyi/miniconda3/envs/llm_gs/lib/python3.9/site-packages/cv2/.dylibs/libSDL2-2.0.0.dylib (0x16abb0bb0). This may cause spurious casting failures and mysterious crashes. One of the duplicates must be removed or renamed.
objc[75416]: Class Cocoa_WindowListener is implemented in both /Users/linmuyi/miniconda3/envs/llm_gs/lib/python3.9/site-packages/pygame/.dylibs/libSDL2-2.0.0.dylib (0x10400d610) and /Users/linmuyi/miniconda3/envs/llm_gs/lib/python3.9/site-packages/cv2/.dylibs/libSDL2-2.0.0.dylib (0x16abb0bd8). This may cause spurious casting failures and mysterious crashes. One of the duplicates must be removed or renamed.
objc[75416]: Class SDLView is implemented in both /Users/linmuyi/miniconda3/envs/llm_gs/lib/python3.9/site-packages/pygame/.dylibs/libSDL2-2.0.0.dylib (0x10400d688) and /Users/linmuyi/miniconda3/envs/llm_gs/lib/python3.9/site-packages/cv2/.dylibs/libSDL2-2.0.0.dylib (0x16abb0c50). This may cause spurious casting failures and mysterious crashes. One of the duplicates must be removed or renamed.
objc[75416]: Class METAL_RenderData is implemented in both /Users/linmuyi/miniconda3/envs/llm_gs/lib/python3.9/site-packages/pygame/.dylibs/libSDL2-2.0.0.dylib (0x10400d700) and /Users/linmuyi/miniconda3/envs/llm_gs/lib/python3.9/site-packages/cv2/.dylibs/libSDL2-2.0.0.dylib (0x16abb0cc8). This may cause spurious casting failures and mysterious crashes. One of the duplicates must be removed or renamed.
objc[75416]: Class METAL_TextureData is implemented in both /Users/linmuyi/miniconda3/envs/llm_gs/lib/python3.9/site-packages/pygame/.dylibs/libSDL2-2.0.0.dylib (0x10400d750) and /Users/linmuyi/miniconda3/envs/llm_gs/lib/python3.9/site-packages/cv2/.dylibs/libSDL2-2.0.0.dylib (0x16abb0d18). This may cause spurious casting failures and mysterious crashes. One of the duplicates must be removed or renamed.
objc[75416]: Class SDL_RumbleMotor is implemented in both /Users/linmuyi/miniconda3/envs/llm_gs/lib/python3.9/site-packages/pygame/.dylibs/libSDL2-2.0.0.dylib (0x10400d778) and /Users/linmuyi/miniconda3/envs/llm_gs/lib/python3.9/site-packages/cv2/.dylibs/libSDL2-2.0.0.dylib (0x16abb0d40). This may cause spurious casting failures and mysterious crashes. One of the duplicates must be removed or renamed.
objc[75416]: Class SDL_RumbleContext is implemented in both /Users/linmuyi/miniconda3/envs/llm_gs/lib/python3.9/site-packages/pygame/.dylibs/libSDL2-2.0.0.dylib (0x10400d7c8) and /Users/linmuyi/miniconda3/envs/llm_gs/lib/python3.9/site-packages/cv2/.dylibs/libSDL2-2.0.0.dylib (0x16abb0d90). This may cause spurious casting failures and mysterious crashes. One of the duplicates must be removed or renamed.
[path_len] 1500000 steps, 30 checkpoints, curriculum

  steps=  50000  held=0.29  gate=0.42  bins=1/3  active= 30  (205s)
  steps= 100000  held=0.33  gate=0.46  bins=1/3  active= 30  (404s)
  steps= 150000  held=0.22  gate=0.22  bins=1/3  active= 30  (619s)
  steps= 200000  held=0.03  gate=0.03  bins=1/3  active= 30  (846s)
  steps= 250000  held=0.01  gate=0.01  bins=1/3  active= 30  (1060s)
  steps= 300000  held=0.00  gate=0.00  bins=1/3  active= 30  (1188s)
  steps= 350000  held=0.00  gate=0.00  bins=1/3  active= 30  (1320s)
  steps= 400000  held=0.03  gate=0.10  bins=2/3  active= 60  [UNLOCK:deadline]  (1451s)
  steps= 450000  held=0.01  gate=0.01  bins=2/3  active= 60  (1577s)
  steps= 500000  held=0.00  gate=0.01  bins=2/3  active= 60  (1702s)
  steps= 550000  held=0.06  gate=0.04  bins=2/3  active= 60  (1821s)
  steps= 600000  held=0.02  gate=0.18  bins=2/3  active= 60  (1948s)
  steps= 650000  held=0.07  gate=0.10  bins=2/3  active= 60  (2076s)
  steps= 700000  held=0.21  gate=0.26  bins=2/3  active= 60  (2194s)
  steps= 750000  held=0.03  gate=0.04  bins=2/3  active= 60  (2323s)
  steps= 800000  held=0.03  gate=0.10  bins=3/3  active= 90  [UNLOCK:deadline]  (2453s)
  steps= 850000  held=0.17  gate=0.17  bins=3/3  active= 90  (2544s)
  steps= 900000  held=0.10  gate=0.10  bins=3/3  active= 90  (2636s)
  steps= 950000  held=0.02  gate=0.02  bins=3/3  active= 90  (2731s)
  steps=1000000  held=0.04  gate=0.04  bins=3/3  active= 90  (2827s)
  steps=1050000  held=0.01  gate=0.01  bins=3/3  active= 90  (2924s)
  steps=1100000  held=0.10  gate=0.10  bins=3/3  active= 90  (3018s)
  steps=1150000  held=0.10  gate=0.10  bins=3/3  active= 90  (3112s)
  steps=1200000  held=0.18  gate=0.18  bins=3/3  active= 90  (3201s)
  steps=1250000  held=0.15  gate=0.15  bins=3/3  active= 90  (3294s)
  steps=1300000  held=0.03  gate=0.03  bins=3/3  active= 90  (3390s)
  steps=1350000  held=0.00  gate=0.00  bins=3/3  active= 90  (3487s)
  steps=1400000  held=0.00  gate=0.00  bins=3/3  active= 90  (3584s)
  steps=1450000  held=0.00  gate=0.00  bins=3/3  active= 90  (3682s)
  steps=1500000  held=0.00  gate=0.00  bins=3/3  active= 90  (3781s)

[path_len] DONE  final held=0.00  steps_to_0.3=100,000  wall=3781s  -> path_len_seed6.json
[path_len] per-cell held: s19N0=0.00
