[wall_count] train=90 layouts  held-out=36 layouts
objc[82825]: Class SDLApplication is implemented in both /Users/linmuyi/miniconda3/envs/llm_gs/lib/python3.9/site-packages/pygame/.dylibs/libSDL2-2.0.0.dylib (0x1069812c8) and /Users/linmuyi/miniconda3/envs/llm_gs/lib/python3.9/site-packages/cv2/.dylibs/libSDL2-2.0.0.dylib (0x16bfb0890). This may cause spurious casting failures and mysterious crashes. One of the duplicates must be removed or renamed.
objc[82825]: Class SDLAppDelegate is implemented in both /Users/linmuyi/miniconda3/envs/llm_gs/lib/python3.9/site-packages/pygame/.dylibs/libSDL2-2.0.0.dylib (0x106981318) and /Users/linmuyi/miniconda3/envs/llm_gs/lib/python3.9/site-packages/cv2/.dylibs/libSDL2-2.0.0.dylib (0x16bfb08e0). This may cause spurious casting failures and mysterious crashes. One of the duplicates must be removed or renamed.
objc[82825]: Class SDLTranslatorResponder is implemented in both /Users/linmuyi/miniconda3/envs/llm_gs/lib/python3.9/site-packages/pygame/.dylibs/libSDL2-2.0.0.dylib (0x106981390) and /Users/linmuyi/miniconda3/envs/llm_gs/lib/python3.9/site-packages/cv2/.dylibs/libSDL2-2.0.0.dylib (0x16bfb0958). This may cause spurious casting failures and mysterious crashes. One of the duplicates must be removed or renamed.
objc[82825]: Class SDLMessageBoxPresenter is implemented in both /Users/linmuyi/miniconda3/envs/llm_gs/lib/python3.9/site-packages/pygame/.dylibs/libSDL2-2.0.0.dylib (0x1069813b8) and /Users/linmuyi/miniconda3/envs/llm_gs/lib/python3.9/site-packages/cv2/.dylibs/libSDL2-2.0.0.dylib (0x16bfb0980). This may cause spurious casting failures and mysterious crashes. One of the duplicates must be removed or renamed.
objc[82825]: Class SDL_cocoametalview is implemented in both /Users/linmuyi/miniconda3/envs/llm_gs/lib/python3.9/site-packages/pygame/.dylibs/libSDL2-2.0.0.dylib (0x106981408) and /Users/linmuyi/miniconda3/envs/llm_gs/lib/python3.9/site-packages/cv2/.dylibs/libSDL2-2.0.0.dylib (0x16bfb09d0). This may cause spurious casting failures and mysterious crashes. One of the duplicates must be removed or renamed.
objc[82825]: Class SDLOpenGLContext is implemented in both /Users/linmuyi/miniconda3/envs/llm_gs/lib/python3.9/site-packages/pygame/.dylibs/libSDL2-2.0.0.dylib (0x106981458) and /Users/linmuyi/miniconda3/envs/llm_gs/lib/python3.9/site-packages/cv2/.dylibs/libSDL2-2.0.0.dylib (0x16bfb0a20). This may cause spurious casting failures and mysterious crashes. One of the duplicates must be removed or renamed.
objc[82825]: Class SDL_ShapeData is implemented in both /Users/linmuyi/miniconda3/envs/llm_gs/lib/python3.9/site-packages/pygame/.dylibs/libSDL2-2.0.0.dylib (0x1069814d0) and /Users/linmuyi/miniconda3/envs/llm_gs/lib/python3.9/site-packages/cv2/.dylibs/libSDL2-2.0.0.dylib (0x16bfb0a98). This may cause spurious casting failures and mysterious crashes. One of the duplicates must be removed or renamed.
objc[82825]: Class SDL_CocoaClosure is implemented in both /Users/linmuyi/miniconda3/envs/llm_gs/lib/python3.9/site-packages/pygame/.dylibs/libSDL2-2.0.0.dylib (0x106981520) and /Users/linmuyi/miniconda3/envs/llm_gs/lib/python3.9/site-packages/cv2/.dylibs/libSDL2-2.0.0.dylib (0x16bfb0ae8). This may cause spurious casting failures and mysterious crashes. One of the duplicates must be removed or renamed.
objc[82825]: Class SDL_VideoData is implemented in both /Users/linmuyi/miniconda3/envs/llm_gs/lib/python3.9/site-packages/pygame/.dylibs/libSDL2-2.0.0.dylib (0x106981570) and /Users/linmuyi/miniconda3/envs/llm_gs/lib/python3.9/site-packages/cv2/.dylibs/libSDL2-2.0.0.dylib (0x16bfb0b38). This may cause spurious casting failures and mysterious crashes. One of the duplicates must be removed or renamed.
objc[82825]: Class SDL_WindowData is implemented in both /Users/linmuyi/miniconda3/envs/llm_gs/lib/python3.9/site-packages/pygame/.dylibs/libSDL2-2.0.0.dylib (0x1069815c0) and /Users/linmuyi/miniconda3/envs/llm_gs/lib/python3.9/site-packages/cv2/.dylibs/libSDL2-2.0.0.dylib (0x16bfb0b88). This may cause spurious casting failures and mysterious crashes. One of the duplicates must be removed or renamed.
objc[82825]: Class SDLWindow is implemented in both /Users/linmuyi/miniconda3/envs/llm_gs/lib/python3.9/site-packages/pygame/.dylibs/libSDL2-2.0.0.dylib (0x1069815e8) and /Users/linmuyi/miniconda3/envs/llm_gs/lib/python3.9/site-packages/cv2/.dylibs/libSDL2-2.0.0.dylib (0x16bfb0bb0). This may cause spurious casting failures and mysterious crashes. One of the duplicates must be removed or renamed.
objc[82825]: Class Cocoa_WindowListener is implemented in both /Users/linmuyi/miniconda3/envs/llm_gs/lib/python3.9/site-packages/pygame/.dylibs/libSDL2-2.0.0.dylib (0x106981610) and /Users/linmuyi/miniconda3/envs/llm_gs/lib/python3.9/site-packages/cv2/.dylibs/libSDL2-2.0.0.dylib (0x16bfb0bd8). This may cause spurious casting failures and mysterious crashes. One of the duplicates must be removed or renamed.
objc[82825]: Class SDLView is implemented in both /Users/linmuyi/miniconda3/envs/llm_gs/lib/python3.9/site-packages/pygame/.dylibs/libSDL2-2.0.0.dylib (0x106981688) and /Users/linmuyi/miniconda3/envs/llm_gs/lib/python3.9/site-packages/cv2/.dylibs/libSDL2-2.0.0.dylib (0x16bfb0c50). This may cause spurious casting failures and mysterious crashes. One of the duplicates must be removed or renamed.
objc[82825]: Class METAL_RenderData is implemented in both /Users/linmuyi/miniconda3/envs/llm_gs/lib/python3.9/site-packages/pygame/.dylibs/libSDL2-2.0.0.dylib (0x106981700) and /Users/linmuyi/miniconda3/envs/llm_gs/lib/python3.9/site-packages/cv2/.dylibs/libSDL2-2.0.0.dylib (0x16bfb0cc8). This may cause spurious casting failures and mysterious crashes. One of the duplicates must be removed or renamed.
objc[82825]: Class METAL_TextureData is implemented in both /Users/linmuyi/miniconda3/envs/llm_gs/lib/python3.9/site-packages/pygame/.dylibs/libSDL2-2.0.0.dylib (0x106981750) and /Users/linmuyi/miniconda3/envs/llm_gs/lib/python3.9/site-packages/cv2/.dylibs/libSDL2-2.0.0.dylib (0x16bfb0d18). This may cause spurious casting failures and mysterious crashes. One of the duplicates must be removed or renamed.
objc[82825]: Class SDL_RumbleMotor is implemented in both /Users/linmuyi/miniconda3/envs/llm_gs/lib/python3.9/site-packages/pygame/.dylibs/libSDL2-2.0.0.dylib (0x106981778) and /Users/linmuyi/miniconda3/envs/llm_gs/lib/python3.9/site-packages/cv2/.dylibs/libSDL2-2.0.0.dylib (0x16bfb0d40). This may cause spurious casting failures and mysterious crashes. One of the duplicates must be removed or renamed.
objc[82825]: Class SDL_RumbleContext is implemented in both /Users/linmuyi/miniconda3/envs/llm_gs/lib/python3.9/site-packages/pygame/.dylibs/libSDL2-2.0.0.dylib (0x1069817c8) and /Users/linmuyi/miniconda3/envs/llm_gs/lib/python3.9/site-packages/cv2/.dylibs/libSDL2-2.0.0.dylib (0x16bfb0d90). This may cause spurious casting failures and mysterious crashes. One of the duplicates must be removed or renamed.
[wall_count] 1500000 steps, 30 checkpoints, curriculum

  steps=  50000  held=0.00  gate=0.00  bins=1/3  active= 30  (160s)
  steps= 100000  held=0.01  gate=0.04  bins=1/3  active= 30  (291s)
  steps= 150000  held=0.03  gate=0.07  bins=1/3  active= 30  (425s)
  steps= 200000  held=0.08  gate=0.07  bins=1/3  active= 30  (552s)
  steps= 250000  held=0.09  gate=0.14  bins=1/3  active= 30  (673s)
  steps= 300000  held=0.06  gate=0.11  bins=1/3  active= 30  (793s)
  steps= 350000  held=0.09  gate=0.12  bins=1/3  active= 30  (915s)
  steps= 400000  held=0.13  gate=0.26  bins=2/3  active= 60  [UNLOCK:deadline]  (1040s)
  steps= 450000  held=0.03  gate=0.01  bins=2/3  active= 60  (1171s)
  steps= 500000  held=0.06  gate=0.11  bins=2/3  active= 60  (1298s)
  steps= 550000  held=0.22  gate=0.25  bins=2/3  active= 60  (1420s)
  steps= 600000  held=0.10  gate=0.14  bins=2/3  active= 60  (1547s)
  steps= 650000  held=0.01  gate=0.01  bins=2/3  active= 60  (1676s)
  steps= 700000  held=0.06  gate=0.08  bins=2/3  active= 60  (1804s)
  steps= 750000  held=0.03  gate=0.03  bins=2/3  active= 60  (1935s)
  steps= 800000  held=0.33  gate=0.35  bins=3/3  active= 90  [UNLOCK:deadline]  (2051s)
  steps= 850000  held=0.24  gate=0.24  bins=3/3  active= 90  (2143s)
  steps= 900000  held=0.18  gate=0.18  bins=3/3  active= 90  (2235s)
  steps= 950000  held=0.13  gate=0.13  bins=3/3  active= 90  (2329s)
  steps=1000000  held=0.03  gate=0.03  bins=3/3  active= 90  (2425s)
  steps=1050000  held=0.01  gate=0.01  bins=3/3  active= 90  (2522s)
  steps=1100000  held=0.03  gate=0.03  bins=3/3  active= 90  (2619s)
  steps=1150000  held=0.06  gate=0.06  bins=3/3  active= 90  (2716s)
  steps=1200000  held=0.05  gate=0.05  bins=3/3  active= 90  (2815s)
  steps=1250000  held=0.03  gate=0.03  bins=3/3  active= 90  (2915s)
  steps=1300000  held=0.00  gate=0.00  bins=3/3  active= 90  (3012s)
  steps=1350000  held=0.01  gate=0.01  bins=3/3  active= 90  (3108s)
  steps=1400000  held=0.22  gate=0.22  bins=3/3  active= 90  (3199s)
  steps=1450000  held=0.03  gate=0.03  bins=3/3  active= 90  (3296s)
  steps=1500000  held=0.31  gate=0.31  bins=3/3  active= 90  (3389s)

[wall_count] DONE  final held=0.31  steps_to_0.3=800,000  wall=3388s  -> wall_count_seed7.json
[wall_count] per-cell held: s19N0=0.31
