[wall_count] train=90 layouts  held-out=36 layouts
objc[53345]: Class SDLApplication is implemented in both /Users/linmuyi/miniconda3/envs/llm_gs/lib/python3.9/site-packages/pygame/.dylibs/libSDL2-2.0.0.dylib (0x106b7d2c8) and /Users/linmuyi/miniconda3/envs/llm_gs/lib/python3.9/site-packages/cv2/.dylibs/libSDL2-2.0.0.dylib (0x13fbb8890). This may cause spurious casting failures and mysterious crashes. One of the duplicates must be removed or renamed.
objc[53345]: Class SDLAppDelegate is implemented in both /Users/linmuyi/miniconda3/envs/llm_gs/lib/python3.9/site-packages/pygame/.dylibs/libSDL2-2.0.0.dylib (0x106b7d318) and /Users/linmuyi/miniconda3/envs/llm_gs/lib/python3.9/site-packages/cv2/.dylibs/libSDL2-2.0.0.dylib (0x13fbb88e0). This may cause spurious casting failures and mysterious crashes. One of the duplicates must be removed or renamed.
objc[53345]: Class SDLTranslatorResponder is implemented in both /Users/linmuyi/miniconda3/envs/llm_gs/lib/python3.9/site-packages/pygame/.dylibs/libSDL2-2.0.0.dylib (0x106b7d390) and /Users/linmuyi/miniconda3/envs/llm_gs/lib/python3.9/site-packages/cv2/.dylibs/libSDL2-2.0.0.dylib (0x13fbb8958). This may cause spurious casting failures and mysterious crashes. One of the duplicates must be removed or renamed.
objc[53345]: Class SDLMessageBoxPresenter is implemented in both /Users/linmuyi/miniconda3/envs/llm_gs/lib/python3.9/site-packages/pygame/.dylibs/libSDL2-2.0.0.dylib (0x106b7d3b8) and /Users/linmuyi/miniconda3/envs/llm_gs/lib/python3.9/site-packages/cv2/.dylibs/libSDL2-2.0.0.dylib (0x13fbb8980). This may cause spurious casting failures and mysterious crashes. One of the duplicates must be removed or renamed.
objc[53345]: Class SDL_cocoametalview is implemented in both /Users/linmuyi/miniconda3/envs/llm_gs/lib/python3.9/site-packages/pygame/.dylibs/libSDL2-2.0.0.dylib (0x106b7d408) and /Users/linmuyi/miniconda3/envs/llm_gs/lib/python3.9/site-packages/cv2/.dylibs/libSDL2-2.0.0.dylib (0x13fbb89d0). This may cause spurious casting failures and mysterious crashes. One of the duplicates must be removed or renamed.
objc[53345]: Class SDLOpenGLContext is implemented in both /Users/linmuyi/miniconda3/envs/llm_gs/lib/python3.9/site-packages/pygame/.dylibs/libSDL2-2.0.0.dylib (0x106b7d458) and /Users/linmuyi/miniconda3/envs/llm_gs/lib/python3.9/site-packages/cv2/.dylibs/libSDL2-2.0.0.dylib (0x13fbb8a20). This may cause spurious casting failures and mysterious crashes. One of the duplicates must be removed or renamed.
objc[53345]: Class SDL_ShapeData is implemented in both /Users/linmuyi/miniconda3/envs/llm_gs/lib/python3.9/site-packages/pygame/.dylibs/libSDL2-2.0.0.dylib (0x106b7d4d0) and /Users/linmuyi/miniconda3/envs/llm_gs/lib/python3.9/site-packages/cv2/.dylibs/libSDL2-2.0.0.dylib (0x13fbb8a98). This may cause spurious casting failures and mysterious crashes. One of the duplicates must be removed or renamed.
objc[53345]: Class SDL_CocoaClosure is implemented in both /Users/linmuyi/miniconda3/envs/llm_gs/lib/python3.9/site-packages/pygame/.dylibs/libSDL2-2.0.0.dylib (0x106b7d520) and /Users/linmuyi/miniconda3/envs/llm_gs/lib/python3.9/site-packages/cv2/.dylibs/libSDL2-2.0.0.dylib (0x13fbb8ae8). This may cause spurious casting failures and mysterious crashes. One of the duplicates must be removed or renamed.
objc[53345]: Class SDL_VideoData is implemented in both /Users/linmuyi/miniconda3/envs/llm_gs/lib/python3.9/site-packages/pygame/.dylibs/libSDL2-2.0.0.dylib (0x106b7d570) and /Users/linmuyi/miniconda3/envs/llm_gs/lib/python3.9/site-packages/cv2/.dylibs/libSDL2-2.0.0.dylib (0x13fbb8b38). This may cause spurious casting failures and mysterious crashes. One of the duplicates must be removed or renamed.
objc[53345]: Class SDL_WindowData is implemented in both /Users/linmuyi/miniconda3/envs/llm_gs/lib/python3.9/site-packages/pygame/.dylibs/libSDL2-2.0.0.dylib (0x106b7d5c0) and /Users/linmuyi/miniconda3/envs/llm_gs/lib/python3.9/site-packages/cv2/.dylibs/libSDL2-2.0.0.dylib (0x13fbb8b88). This may cause spurious casting failures and mysterious crashes. One of the duplicates must be removed or renamed.
objc[53345]: Class SDLWindow is implemented in both /Users/linmuyi/miniconda3/envs/llm_gs/lib/python3.9/site-packages/pygame/.dylibs/libSDL2-2.0.0.dylib (0x106b7d5e8) and /Users/linmuyi/miniconda3/envs/llm_gs/lib/python3.9/site-packages/cv2/.dylibs/libSDL2-2.0.0.dylib (0x13fbb8bb0). This may cause spurious casting failures and mysterious crashes. One of the duplicates must be removed or renamed.
objc[53345]: Class Cocoa_WindowListener is implemented in both /Users/linmuyi/miniconda3/envs/llm_gs/lib/python3.9/site-packages/pygame/.dylibs/libSDL2-2.0.0.dylib (0x106b7d610) and /Users/linmuyi/miniconda3/envs/llm_gs/lib/python3.9/site-packages/cv2/.dylibs/libSDL2-2.0.0.dylib (0x13fbb8bd8). This may cause spurious casting failures and mysterious crashes. One of the duplicates must be removed or renamed.
objc[53345]: Class SDLView is implemented in both /Users/linmuyi/miniconda3/envs/llm_gs/lib/python3.9/site-packages/pygame/.dylibs/libSDL2-2.0.0.dylib (0x106b7d688) and /Users/linmuyi/miniconda3/envs/llm_gs/lib/python3.9/site-packages/cv2/.dylibs/libSDL2-2.0.0.dylib (0x13fbb8c50). This may cause spurious casting failures and mysterious crashes. One of the duplicates must be removed or renamed.
objc[53345]: Class METAL_RenderData is implemented in both /Users/linmuyi/miniconda3/envs/llm_gs/lib/python3.9/site-packages/pygame/.dylibs/libSDL2-2.0.0.dylib (0x106b7d700) and /Users/linmuyi/miniconda3/envs/llm_gs/lib/python3.9/site-packages/cv2/.dylibs/libSDL2-2.0.0.dylib (0x13fbb8cc8). This may cause spurious casting failures and mysterious crashes. One of the duplicates must be removed or renamed.
objc[53345]: Class METAL_TextureData is implemented in both /Users/linmuyi/miniconda3/envs/llm_gs/lib/python3.9/site-packages/pygame/.dylibs/libSDL2-2.0.0.dylib (0x106b7d750) and /Users/linmuyi/miniconda3/envs/llm_gs/lib/python3.9/site-packages/cv2/.dylibs/libSDL2-2.0.0.dylib (0x13fbb8d18). This may cause spurious casting failures and mysterious crashes. One of the duplicates must be removed or renamed.
objc[53345]: Class SDL_RumbleMotor is implemented in both /Users/linmuyi/miniconda3/envs/llm_gs/lib/python3.9/site-packages/pygame/.dylibs/libSDL2-2.0.0.dylib (0x106b7d778) and /Users/linmuyi/miniconda3/envs/llm_gs/lib/python3.9/site-packages/cv2/.dylibs/libSDL2-2.0.0.dylib (0x13fbb8d40). This may cause spurious casting failures and mysterious crashes. One of the duplicates must be removed or renamed.
objc[53345]: Class SDL_RumbleContext is implemented in both /Users/linmuyi/miniconda3/envs/llm_gs/lib/python3.9/site-packages/pygame/.dylibs/libSDL2-2.0.0.dylib (0x106b7d7c8) and /Users/linmuyi/miniconda3/envs/llm_gs/lib/python3.9/site-packages/cv2/.dylibs/libSDL2-2.0.0.dylib (0x13fbb8d90). This may cause spurious casting failures and mysterious crashes. One of the duplicates must be removed or renamed.
[wall_count] 1500000 steps, 30 checkpoints, curriculum

  steps=  50000  held=0.04  gate=0.07  bins=1/3  active= 30  (136s)
  steps= 100000  held=0.08  gate=0.11  bins=1/3  active= 30  (268s)
  steps= 150000  held=0.22  gate=0.28  bins=1/3  active= 30  (394s)
  steps= 200000  held=0.40  gate=0.68  bins=2/3  active= 60  [UNLOCK:gate]  (497s)
  steps= 250000  held=0.35  gate=0.38  bins=2/3  active= 60  (609s)
  steps= 300000  held=0.40  gate=0.60  bins=3/3  active= 90  [UNLOCK:gate]  (712s)
  steps= 350000  held=0.35  gate=0.35  bins=3/3  active= 90  (797s)
  steps= 400000  held=0.22  gate=0.22  bins=3/3  active= 90  (887s)
  steps= 450000  held=0.31  gate=0.31  bins=3/3  active= 90  (974s)
  steps= 500000  held=0.19  gate=0.19  bins=3/3  active= 90  (1064s)
  steps= 550000  held=0.30  gate=0.30  bins=3/3  active= 90  (1154s)
  steps= 600000  held=0.46  gate=0.46  bins=3/3  active= 90  (1235s)
  steps= 650000  held=0.64  gate=0.64  bins=3/3  active= 90  (1303s)
  steps= 700000  held=0.53  gate=0.53  bins=3/3  active= 90  (1375s)
  steps= 750000  held=0.52  gate=0.52  bins=3/3  active= 90  (1444s)
  steps= 800000  held=0.55  gate=0.55  bins=3/3  active= 90  (1514s)
  steps= 850000  held=0.35  gate=0.35  bins=3/3  active= 90  (1591s)
  steps= 900000  held=0.53  gate=0.53  bins=3/3  active= 90  (1659s)
  steps= 950000  held=0.54  gate=0.54  bins=3/3  active= 90  (1728s)
  steps=1000000  held=0.17  gate=0.17  bins=3/3  active= 90  (1825s)
  steps=1050000  held=0.09  gate=0.09  bins=3/3  active= 90  (1925s)
  steps=1100000  held=0.08  gate=0.08  bins=3/3  active= 90  (2024s)
  steps=1150000  held=0.20  gate=0.20  bins=3/3  active= 90  (2118s)
  steps=1200000  held=0.09  gate=0.09  bins=3/3  active= 90  (2218s)
  steps=1250000  held=0.33  gate=0.33  bins=3/3  active= 90  (2354s)
  steps=1300000  held=0.49  gate=0.49  bins=3/3  active= 90  (2487s)
  steps=1350000  held=0.59  gate=0.59  bins=3/3  active= 90  (2605s)
  steps=1400000  held=0.43  gate=0.43  bins=3/3  active= 90  (2757s)
  steps=1450000  held=0.50  gate=0.50  bins=3/3  active= 90  (2893s)
  steps=1500000  held=0.39  gate=0.39  bins=3/3  active= 90  (3033s)

[wall_count] DONE  final held=0.39  steps_to_0.3=200,000  wall=3033s  -> wall_count_seed13.json
[wall_count] per-cell held: s19N0=0.39
