[wall_count] train=90 layouts  held-out=36 layouts
objc[7342]: Class SDLApplication is implemented in both /Users/linmuyi/miniconda3/envs/llm_gs/lib/python3.9/site-packages/pygame/.dylibs/libSDL2-2.0.0.dylib (0x10794d2c8) and /Users/linmuyi/miniconda3/envs/llm_gs/lib/python3.9/site-packages/cv2/.dylibs/libSDL2-2.0.0.dylib (0x30d4fc890). This may cause spurious casting failures and mysterious crashes. One of the duplicates must be removed or renamed.
objc[7342]: Class SDLAppDelegate is implemented in both /Users/linmuyi/miniconda3/envs/llm_gs/lib/python3.9/site-packages/pygame/.dylibs/libSDL2-2.0.0.dylib (0x10794d318) and /Users/linmuyi/miniconda3/envs/llm_gs/lib/python3.9/site-packages/cv2/.dylibs/libSDL2-2.0.0.dylib (0x30d4fc8e0). This may cause spurious casting failures and mysterious crashes. One of the duplicates must be removed or renamed.
objc[7342]: Class SDLTranslatorResponder is implemented in both /Users/linmuyi/miniconda3/envs/llm_gs/lib/python3.9/site-packages/pygame/.dylibs/libSDL2-2.0.0.dylib (0x10794d390) and /Users/linmuyi/miniconda3/envs/llm_gs/lib/python3.9/site-packages/cv2/.dylibs/libSDL2-2.0.0.dylib (0x30d4fc958). This may cause spurious casting failures and mysterious crashes. One of the duplicates must be removed or renamed.
objc[7342]: Class SDLMessageBoxPresenter is implemented in both /Users/linmuyi/miniconda3/envs/llm_gs/lib/python3.9/site-packages/pygame/.dylibs/libSDL2-2.0.0.dylib (0x10794d3b8) and /Users/linmuyi/miniconda3/envs/llm_gs/lib/python3.9/site-packages/cv2/.dylibs/libSDL2-2.0.0.dylib (0x30d4fc980). This may cause spurious casting failures and mysterious crashes. One of the duplicates must be removed or renamed.
objc[7342]: Class SDL_cocoametalview is implemented in both /Users/linmuyi/miniconda3/envs/llm_gs/lib/python3.9/site-packages/pygame/.dylibs/libSDL2-2.0.0.dylib (0x10794d408) and /Users/linmuyi/miniconda3/envs/llm_gs/lib/python3.9/site-packages/cv2/.dylibs/libSDL2-2.0.0.dylib (0x30d4fc9d0). This may cause spurious casting failures and mysterious crashes. One of the duplicates must be removed or renamed.
objc[7342]: Class SDLOpenGLContext is implemented in both /Users/linmuyi/miniconda3/envs/llm_gs/lib/python3.9/site-packages/pygame/.dylibs/libSDL2-2.0.0.dylib (0x10794d458) and /Users/linmuyi/miniconda3/envs/llm_gs/lib/python3.9/site-packages/cv2/.dylibs/libSDL2-2.0.0.dylib (0x30d4fca20). This may cause spurious casting failures and mysterious crashes. One of the duplicates must be removed or renamed.
objc[7342]: Class SDL_ShapeData is implemented in both /Users/linmuyi/miniconda3/envs/llm_gs/lib/python3.9/site-packages/pygame/.dylibs/libSDL2-2.0.0.dylib (0x10794d4d0) and /Users/linmuyi/miniconda3/envs/llm_gs/lib/python3.9/site-packages/cv2/.dylibs/libSDL2-2.0.0.dylib (0x30d4fca98). This may cause spurious casting failures and mysterious crashes. One of the duplicates must be removed or renamed.
objc[7342]: Class SDL_CocoaClosure is implemented in both /Users/linmuyi/miniconda3/envs/llm_gs/lib/python3.9/site-packages/pygame/.dylibs/libSDL2-2.0.0.dylib (0x10794d520) and /Users/linmuyi/miniconda3/envs/llm_gs/lib/python3.9/site-packages/cv2/.dylibs/libSDL2-2.0.0.dylib (0x30d4fcae8). This may cause spurious casting failures and mysterious crashes. One of the duplicates must be removed or renamed.
objc[7342]: Class SDL_VideoData is implemented in both /Users/linmuyi/miniconda3/envs/llm_gs/lib/python3.9/site-packages/pygame/.dylibs/libSDL2-2.0.0.dylib (0x10794d570) and /Users/linmuyi/miniconda3/envs/llm_gs/lib/python3.9/site-packages/cv2/.dylibs/libSDL2-2.0.0.dylib (0x30d4fcb38). This may cause spurious casting failures and mysterious crashes. One of the duplicates must be removed or renamed.
objc[7342]: Class SDL_WindowData is implemented in both /Users/linmuyi/miniconda3/envs/llm_gs/lib/python3.9/site-packages/pygame/.dylibs/libSDL2-2.0.0.dylib (0x10794d5c0) and /Users/linmuyi/miniconda3/envs/llm_gs/lib/python3.9/site-packages/cv2/.dylibs/libSDL2-2.0.0.dylib (0x30d4fcb88). This may cause spurious casting failures and mysterious crashes. One of the duplicates must be removed or renamed.
objc[7342]: Class SDLWindow is implemented in both /Users/linmuyi/miniconda3/envs/llm_gs/lib/python3.9/site-packages/pygame/.dylibs/libSDL2-2.0.0.dylib (0x10794d5e8) and /Users/linmuyi/miniconda3/envs/llm_gs/lib/python3.9/site-packages/cv2/.dylibs/libSDL2-2.0.0.dylib (0x30d4fcbb0). This may cause spurious casting failures and mysterious crashes. One of the duplicates must be removed or renamed.
objc[7342]: Class Cocoa_WindowListener is implemented in both /Users/linmuyi/miniconda3/envs/llm_gs/lib/python3.9/site-packages/pygame/.dylibs/libSDL2-2.0.0.dylib (0x10794d610) and /Users/linmuyi/miniconda3/envs/llm_gs/lib/python3.9/site-packages/cv2/.dylibs/libSDL2-2.0.0.dylib (0x30d4fcbd8). This may cause spurious casting failures and mysterious crashes. One of the duplicates must be removed or renamed.
objc[7342]: Class SDLView is implemented in both /Users/linmuyi/miniconda3/envs/llm_gs/lib/python3.9/site-packages/pygame/.dylibs/libSDL2-2.0.0.dylib (0x10794d688) and /Users/linmuyi/miniconda3/envs/llm_gs/lib/python3.9/site-packages/cv2/.dylibs/libSDL2-2.0.0.dylib (0x30d4fcc50). This may cause spurious casting failures and mysterious crashes. One of the duplicates must be removed or renamed.
objc[7342]: Class METAL_RenderData is implemented in both /Users/linmuyi/miniconda3/envs/llm_gs/lib/python3.9/site-packages/pygame/.dylibs/libSDL2-2.0.0.dylib (0x10794d700) and /Users/linmuyi/miniconda3/envs/llm_gs/lib/python3.9/site-packages/cv2/.dylibs/libSDL2-2.0.0.dylib (0x30d4fccc8). This may cause spurious casting failures and mysterious crashes. One of the duplicates must be removed or renamed.
objc[7342]: Class METAL_TextureData is implemented in both /Users/linmuyi/miniconda3/envs/llm_gs/lib/python3.9/site-packages/pygame/.dylibs/libSDL2-2.0.0.dylib (0x10794d750) and /Users/linmuyi/miniconda3/envs/llm_gs/lib/python3.9/site-packages/cv2/.dylibs/libSDL2-2.0.0.dylib (0x30d4fcd18). This may cause spurious casting failures and mysterious crashes. One of the duplicates must be removed or renamed.
objc[7342]: Class SDL_RumbleMotor is implemented in both /Users/linmuyi/miniconda3/envs/llm_gs/lib/python3.9/site-packages/pygame/.dylibs/libSDL2-2.0.0.dylib (0x10794d778) and /Users/linmuyi/miniconda3/envs/llm_gs/lib/python3.9/site-packages/cv2/.dylibs/libSDL2-2.0.0.dylib (0x30d4fcd40). This may cause spurious casting failures and mysterious crashes. One of the duplicates must be removed or renamed.
objc[7342]: Class SDL_RumbleContext is implemented in both /Users/linmuyi/miniconda3/envs/llm_gs/lib/python3.9/site-packages/pygame/.dylibs/libSDL2-2.0.0.dylib (0x10794d7c8) and /Users/linmuyi/miniconda3/envs/llm_gs/lib/python3.9/site-packages/cv2/.dylibs/libSDL2-2.0.0.dylib (0x30d4fcd90). This may cause spurious casting failures and mysterious crashes. One of the duplicates must be removed or renamed.
[wall_count] 1500000 steps, 30 checkpoints, curriculum

  steps=  50000  held=0.02  gate=0.03  bins=1/3  active= 30  (123s)
  steps= 100000  held=0.04  gate=0.07  bins=1/3  active= 30  (244s)
  steps= 150000  held=0.09  gate=0.12  bins=1/3  active= 30  (363s)
  steps= 200000  held=0.11  gate=0.19  bins=1/3  active= 30  (482s)
  steps= 250000  held=0.02  gate=0.01  bins=1/3  active= 30  (610s)
  steps= 300000  held=0.00  gate=0.00  bins=1/3  active= 30  (743s)
  steps= 350000  held=0.01  gate=0.01  bins=1/3  active= 30  (875s)
  steps= 400000  held=0.06  gate=0.08  bins=2/3  active= 60  [UNLOCK:deadline]  (1004s)
  steps= 450000  held=0.03  gate=0.10  bins=2/3  active= 60  (1205s)
  steps= 500000  held=0.16  gate=0.21  bins=2/3  active= 60  (1351s)
  steps= 550000  held=0.04  gate=0.15  bins=2/3  active= 60  (1479s)
  steps= 600000  held=0.04  gate=0.07  bins=2/3  active= 60  (1615s)
  steps= 650000  held=0.05  gate=0.11  bins=2/3  active= 60  (1761s)
  steps= 700000  held=0.00  gate=0.00  bins=2/3  active= 60  (1909s)
  steps= 750000  held=0.00  gate=0.01  bins=2/3  active= 60  (2055s)
  steps= 800000  held=0.09  gate=0.08  bins=3/3  active= 90  [UNLOCK:deadline]  (2180s)
  steps= 850000  held=0.18  gate=0.18  bins=3/3  active= 90  (2272s)
  steps= 900000  held=0.16  gate=0.16  bins=3/3  active= 90  (2365s)
  steps= 950000  held=0.28  gate=0.28  bins=3/3  active= 90  (2451s)
  steps=1000000  held=0.23  gate=0.23  bins=3/3  active= 90  (2538s)
  steps=1050000  held=0.19  gate=0.19  bins=3/3  active= 90  (2628s)
  steps=1100000  held=0.06  gate=0.06  bins=3/3  active= 90  (2722s)
  steps=1150000  held=0.00  gate=0.00  bins=3/3  active= 90  (2818s)
  steps=1200000  held=0.03  gate=0.03  bins=3/3  active= 90  (2914s)
  steps=1250000  held=0.05  gate=0.05  bins=3/3  active= 90  (3011s)
  steps=1300000  held=0.02  gate=0.02  bins=3/3  active= 90  (3131s)
  steps=1350000  held=0.06  gate=0.06  bins=3/3  active= 90  (3304s)
  steps=1400000  held=0.04  gate=0.04  bins=3/3  active= 90  (3479s)
  steps=1450000  held=0.06  gate=0.06  bins=3/3  active= 90  (3655s)
  steps=1500000  held=0.10  gate=0.10  bins=3/3  active= 90  (3784s)

[wall_count] DONE  final held=0.10  steps_to_0.3=NOT REACHED  wall=3784s  -> wall_count_seed1.json
[wall_count] per-cell held: s19N0=0.10
