[wall_count] train=90 layouts  held-out=36 layouts
objc[42399]: Class SDLApplication is implemented in both /Users/linmuyi/miniconda3/envs/llm_gs/lib/python3.9/site-packages/pygame/.dylibs/libSDL2-2.0.0.dylib (0x1078bd2c8) and /Users/linmuyi/miniconda3/envs/llm_gs/lib/python3.9/site-packages/cv2/.dylibs/libSDL2-2.0.0.dylib (0x30b83c890). This may cause spurious casting failures and mysterious crashes. One of the duplicates must be removed or renamed.
objc[42399]: Class SDLAppDelegate is implemented in both /Users/linmuyi/miniconda3/envs/llm_gs/lib/python3.9/site-packages/pygame/.dylibs/libSDL2-2.0.0.dylib (0x1078bd318) and /Users/linmuyi/miniconda3/envs/llm_gs/lib/python3.9/site-packages/cv2/.dylibs/libSDL2-2.0.0.dylib (0x30b83c8e0). This may cause spurious casting failures and mysterious crashes. One of the duplicates must be removed or renamed.
objc[42399]: Class SDLTranslatorResponder is implemented in both /Users/linmuyi/miniconda3/envs/llm_gs/lib/python3.9/site-packages/pygame/.dylibs/libSDL2-2.0.0.dylib (0x1078bd390) and /Users/linmuyi/miniconda3/envs/llm_gs/lib/python3.9/site-packages/cv2/.dylibs/libSDL2-2.0.0.dylib (0x30b83c958). This may cause spurious casting failures and mysterious crashes. One of the duplicates must be removed or renamed.
objc[42399]: Class SDLMessageBoxPresenter is implemented in both /Users/linmuyi/miniconda3/envs/llm_gs/lib/python3.9/site-packages/pygame/.dylibs/libSDL2-2.0.0.dylib (0x1078bd3b8) and /Users/linmuyi/miniconda3/envs/llm_gs/lib/python3.9/site-packages/cv2/.dylibs/libSDL2-2.0.0.dylib (0x30b83c980). This may cause spurious casting failures and mysterious crashes. One of the duplicates must be removed or renamed.
objc[42399]: Class SDL_cocoametalview is implemented in both /Users/linmuyi/miniconda3/envs/llm_gs/lib/python3.9/site-packages/pygame/.dylibs/libSDL2-2.0.0.dylib (0x1078bd408) and /Users/linmuyi/miniconda3/envs/llm_gs/lib/python3.9/site-packages/cv2/.dylibs/libSDL2-2.0.0.dylib (0x30b83c9d0). This may cause spurious casting failures and mysterious crashes. One of the duplicates must be removed or renamed.
objc[42399]: Class SDLOpenGLContext is implemented in both /Users/linmuyi/miniconda3/envs/llm_gs/lib/python3.9/site-packages/pygame/.dylibs/libSDL2-2.0.0.dylib (0x1078bd458) and /Users/linmuyi/miniconda3/envs/llm_gs/lib/python3.9/site-packages/cv2/.dylibs/libSDL2-2.0.0.dylib (0x30b83ca20). This may cause spurious casting failures and mysterious crashes. One of the duplicates must be removed or renamed.
objc[42399]: Class SDL_ShapeData is implemented in both /Users/linmuyi/miniconda3/envs/llm_gs/lib/python3.9/site-packages/pygame/.dylibs/libSDL2-2.0.0.dylib (0x1078bd4d0) and /Users/linmuyi/miniconda3/envs/llm_gs/lib/python3.9/site-packages/cv2/.dylibs/libSDL2-2.0.0.dylib (0x30b83ca98). This may cause spurious casting failures and mysterious crashes. One of the duplicates must be removed or renamed.
objc[42399]: Class SDL_CocoaClosure is implemented in both /Users/linmuyi/miniconda3/envs/llm_gs/lib/python3.9/site-packages/pygame/.dylibs/libSDL2-2.0.0.dylib (0x1078bd520) and /Users/linmuyi/miniconda3/envs/llm_gs/lib/python3.9/site-packages/cv2/.dylibs/libSDL2-2.0.0.dylib (0x30b83cae8). This may cause spurious casting failures and mysterious crashes. One of the duplicates must be removed or renamed.
objc[42399]: Class SDL_VideoData is implemented in both /Users/linmuyi/miniconda3/envs/llm_gs/lib/python3.9/site-packages/pygame/.dylibs/libSDL2-2.0.0.dylib (0x1078bd570) and /Users/linmuyi/miniconda3/envs/llm_gs/lib/python3.9/site-packages/cv2/.dylibs/libSDL2-2.0.0.dylib (0x30b83cb38). This may cause spurious casting failures and mysterious crashes. One of the duplicates must be removed or renamed.
objc[42399]: Class SDL_WindowData is implemented in both /Users/linmuyi/miniconda3/envs/llm_gs/lib/python3.9/site-packages/pygame/.dylibs/libSDL2-2.0.0.dylib (0x1078bd5c0) and /Users/linmuyi/miniconda3/envs/llm_gs/lib/python3.9/site-packages/cv2/.dylibs/libSDL2-2.0.0.dylib (0x30b83cb88). This may cause spurious casting failures and mysterious crashes. One of the duplicates must be removed or renamed.
objc[42399]: Class SDLWindow is implemented in both /Users/linmuyi/miniconda3/envs/llm_gs/lib/python3.9/site-packages/pygame/.dylibs/libSDL2-2.0.0.dylib (0x1078bd5e8) and /Users/linmuyi/miniconda3/envs/llm_gs/lib/python3.9/site-packages/cv2/.dylibs/libSDL2-2.0.0.dylib (0x30b83cbb0). This may cause spurious casting failures and mysterious crashes. One of the duplicates must be removed or renamed.
objc[42399]: Class Cocoa_WindowListener is implemented in both /Users/linmuyi/miniconda3/envs/llm_gs/lib/python3.9/site-packages/pygame/.dylibs/libSDL2-2.0.0.dylib (0x1078bd610) and /Users/linmuyi/miniconda3/envs/llm_gs/lib/python3.9/site-packages/cv2/.dylibs/libSDL2-2.0.0.dylib (0x30b83cbd8). This may cause spurious casting failures and mysterious crashes. One of the duplicates must be removed or renamed.
objc[42399]: Class SDLView is implemented in both /Users/linmuyi/miniconda3/envs/llm_gs/lib/python3.9/site-packages/pygame/.dylibs/libSDL2-2.0.0.dylib (0x1078bd688) and /Users/linmuyi/miniconda3/envs/llm_gs/lib/python3.9/site-packages/cv2/.dylibs/libSDL2-2.0.0.dylib (0x30b83cc50). This may cause spurious casting failures and mysterious crashes. One of the duplicates must be removed or renamed.
objc[42399]: Class METAL_RenderData is implemented in both /Users/linmuyi/miniconda3/envs/llm_gs/lib/python3.9/site-packages/pygame/.dylibs/libSDL2-2.0.0.dylib (0x1078bd700) and /Users/linmuyi/miniconda3/envs/llm_gs/lib/python3.9/site-packages/cv2/.dylibs/libSDL2-2.0.0.dylib (0x30b83ccc8). This may cause spurious casting failures and mysterious crashes. One of the duplicates must be removed or renamed.
objc[42399]: Class METAL_TextureData is implemented in both /Users/linmuyi/miniconda3/envs/llm_gs/lib/python3.9/site-packages/pygame/.dylibs/libSDL2-2.0.0.dylib (0x1078bd750) and /Users/linmuyi/miniconda3/envs/llm_gs/lib/python3.9/site-packages/cv2/.dylibs/libSDL2-2.0.0.dylib (0x30b83cd18). This may cause spurious casting failures and mysterious crashes. One of the duplicates must be removed or renamed.
objc[42399]: Class SDL_RumbleMotor is implemented in both /Users/linmuyi/miniconda3/envs/llm_gs/lib/python3.9/site-packages/pygame/.dylibs/libSDL2-2.0.0.dylib (0x1078bd778) and /Users/linmuyi/miniconda3/envs/llm_gs/lib/python3.9/site-packages/cv2/.dylibs/libSDL2-2.0.0.dylib (0x30b83cd40). This may cause spurious casting failures and mysterious crashes. One of the duplicates must be removed or renamed.
objc[42399]: Class SDL_RumbleContext is implemented in both /Users/linmuyi/miniconda3/envs/llm_gs/lib/python3.9/site-packages/pygame/.dylibs/libSDL2-2.0.0.dylib (0x1078bd7c8) and /Users/linmuyi/miniconda3/envs/llm_gs/lib/python3.9/site-packages/cv2/.dylibs/libSDL2-2.0.0.dylib (0x30b83cd90). This may cause spurious casting failures and mysterious crashes. One of the duplicates must be removed or renamed.
[wall_count] 1500000 steps, 30 checkpoints, curriculum

  steps=  50000  held=0.37  gate=0.53  bins=1/3  active= 30  (200s)
  steps= 100000  held=0.23  gate=0.28  bins=1/3  active= 30  (410s)
  steps= 150000  held=0.26  gate=0.42  bins=1/3  active= 30  (615s)
  steps= 200000  held=0.46  gate=0.69  bins=2/3  active= 60  [UNLOCK:gate]  (790s)
  steps= 250000  held=0.22  gate=0.25  bins=2/3  active= 60  (998s)
  steps= 300000  held=0.19  gate=0.24  bins=2/3  active= 60  (1214s)
  steps= 350000  held=0.05  gate=0.04  bins=2/3  active= 60  (1439s)
  steps= 400000  held=0.17  gate=0.15  bins=2/3  active= 60  (1656s)
  steps= 450000  held=0.17  gate=0.17  bins=2/3  active= 60  (1869s)
  steps= 500000  held=0.46  gate=0.53  bins=2/3  active= 60  (2056s)
  steps= 550000  held=0.34  gate=0.35  bins=2/3  active= 60  (2255s)
  steps= 600000  held=0.53  gate=0.57  bins=3/3  active= 90  [UNLOCK:gate]  (2429s)
  steps= 650000  held=0.66  gate=0.66  bins=3/3  active= 90  (2538s)
  steps= 700000  held=0.68  gate=0.68  bins=3/3  active= 90  (2645s)
  steps= 750000  held=0.70  gate=0.70  bins=3/3  active= 90  (2747s)
  steps= 800000  held=0.65  gate=0.65  bins=3/3  active= 90  (2851s)
  steps= 850000  held=0.69  gate=0.69  bins=3/3  active= 90  (2959s)
  steps= 900000  held=0.71  gate=0.71  bins=3/3  active= 90  (3061s)
  steps= 950000  held=0.69  gate=0.69  bins=3/3  active= 90  (3168s)
  steps=1000000  held=0.62  gate=0.62  bins=3/3  active= 90  (3276s)
  steps=1050000  held=0.58  gate=0.58  bins=3/3  active= 90  (3386s)
  steps=1100000  held=0.55  gate=0.55  bins=3/3  active= 90  (3501s)
  steps=1150000  held=0.59  gate=0.59  bins=3/3  active= 90  (3615s)
  steps=1200000  held=0.48  gate=0.48  bins=3/3  active= 90  (3743s)
  steps=1250000  held=0.55  gate=0.55  bins=3/3  active= 90  (3859s)
  steps=1300000  held=0.59  gate=0.59  bins=3/3  active= 90  (3970s)
  steps=1350000  held=0.60  gate=0.60  bins=3/3  active= 90  (4082s)
  steps=1400000  held=0.65  gate=0.65  bins=3/3  active= 90  (4184s)
  steps=1450000  held=0.66  gate=0.66  bins=3/3  active= 90  (4287s)
  steps=1500000  held=0.69  gate=0.69  bins=3/3  active= 90  (4387s)

[wall_count] DONE  final held=0.69  steps_to_0.3=50,000  wall=4387s  -> wall_count_seed4.json
[wall_count] per-cell held: s19N0=0.69
