[flat] train=90 layouts  held-out=36 layouts
objc[30769]: Class SDLApplication is implemented in both /Users/linmuyi/miniconda3/envs/llm_gs/lib/python3.9/site-packages/pygame/.dylibs/libSDL2-2.0.0.dylib (0x10631d2c8) and /Users/linmuyi/miniconda3/envs/llm_gs/lib/python3.9/site-packages/cv2/.dylibs/libSDL2-2.0.0.dylib (0x169bec890). This may cause spurious casting failures and mysterious crashes. One of the duplicates must be removed or renamed.
objc[30769]: Class SDLAppDelegate is implemented in both /Users/linmuyi/miniconda3/envs/llm_gs/lib/python3.9/site-packages/pygame/.dylibs/libSDL2-2.0.0.dylib (0x10631d318) and /Users/linmuyi/miniconda3/envs/llm_gs/lib/python3.9/site-packages/cv2/.dylibs/libSDL2-2.0.0.dylib (0x169bec8e0). This may cause spurious casting failures and mysterious crashes. One of the duplicates must be removed or renamed.
objc[30769]: Class SDLTranslatorResponder is implemented in both /Users/linmuyi/miniconda3/envs/llm_gs/lib/python3.9/site-packages/pygame/.dylibs/libSDL2-2.0.0.dylib (0x10631d390) and /Users/linmuyi/miniconda3/envs/llm_gs/lib/python3.9/site-packages/cv2/.dylibs/libSDL2-2.0.0.dylib (0x169bec958). This may cause spurious casting failures and mysterious crashes. One of the duplicates must be removed or renamed.
objc[30769]: Class SDLMessageBoxPresenter is implemented in both /Users/linmuyi/miniconda3/envs/llm_gs/lib/python3.9/site-packages/pygame/.dylibs/libSDL2-2.0.0.dylib (0x10631d3b8) and /Users/linmuyi/miniconda3/envs/llm_gs/lib/python3.9/site-packages/cv2/.dylibs/libSDL2-2.0.0.dylib (0x169bec980). This may cause spurious casting failures and mysterious crashes. One of the duplicates must be removed or renamed.
objc[30769]: Class SDL_cocoametalview is implemented in both /Users/linmuyi/miniconda3/envs/llm_gs/lib/python3.9/site-packages/pygame/.dylibs/libSDL2-2.0.0.dylib (0x10631d408) and /Users/linmuyi/miniconda3/envs/llm_gs/lib/python3.9/site-packages/cv2/.dylibs/libSDL2-2.0.0.dylib (0x169bec9d0). This may cause spurious casting failures and mysterious crashes. One of the duplicates must be removed or renamed.
objc[30769]: Class SDLOpenGLContext is implemented in both /Users/linmuyi/miniconda3/envs/llm_gs/lib/python3.9/site-packages/pygame/.dylibs/libSDL2-2.0.0.dylib (0x10631d458) and /Users/linmuyi/miniconda3/envs/llm_gs/lib/python3.9/site-packages/cv2/.dylibs/libSDL2-2.0.0.dylib (0x169beca20). This may cause spurious casting failures and mysterious crashes. One of the duplicates must be removed or renamed.
objc[30769]: Class SDL_ShapeData is implemented in both /Users/linmuyi/miniconda3/envs/llm_gs/lib/python3.9/site-packages/pygame/.dylibs/libSDL2-2.0.0.dylib (0x10631d4d0) and /Users/linmuyi/miniconda3/envs/llm_gs/lib/python3.9/site-packages/cv2/.dylibs/libSDL2-2.0.0.dylib (0x169beca98). This may cause spurious casting failures and mysterious crashes. One of the duplicates must be removed or renamed.
objc[30769]: Class SDL_CocoaClosure is implemented in both /Users/linmuyi/miniconda3/envs/llm_gs/lib/python3.9/site-packages/pygame/.dylibs/libSDL2-2.0.0.dylib (0x10631d520) and /Users/linmuyi/miniconda3/envs/llm_gs/lib/python3.9/site-packages/cv2/.dylibs/libSDL2-2.0.0.dylib (0x169becae8). This may cause spurious casting failures and mysterious crashes. One of the duplicates must be removed or renamed.
objc[30769]: Class SDL_VideoData is implemented in both /Users/linmuyi/miniconda3/envs/llm_gs/lib/python3.9/site-packages/pygame/.dylibs/libSDL2-2.0.0.dylib (0x10631d570) and /Users/linmuyi/miniconda3/envs/llm_gs/lib/python3.9/site-packages/cv2/.dylibs/libSDL2-2.0.0.dylib (0x169becb38). This may cause spurious casting failures and mysterious crashes. One of the duplicates must be removed or renamed.
objc[30769]: Class SDL_WindowData is implemented in both /Users/linmuyi/miniconda3/envs/llm_gs/lib/python3.9/site-packages/pygame/.dylibs/libSDL2-2.0.0.dylib (0x10631d5c0) and /Users/linmuyi/miniconda3/envs/llm_gs/lib/python3.9/site-packages/cv2/.dylibs/libSDL2-2.0.0.dylib (0x169becb88). This may cause spurious casting failures and mysterious crashes. One of the duplicates must be removed or renamed.
objc[30769]: Class SDLWindow is implemented in both /Users/linmuyi/miniconda3/envs/llm_gs/lib/python3.9/site-packages/pygame/.dylibs/libSDL2-2.0.0.dylib (0x10631d5e8) and /Users/linmuyi/miniconda3/envs/llm_gs/lib/python3.9/site-packages/cv2/.dylibs/libSDL2-2.0.0.dylib (0x169becbb0). This may cause spurious casting failures and mysterious crashes. One of the duplicates must be removed or renamed.
objc[30769]: Class Cocoa_WindowListener is implemented in both /Users/linmuyi/miniconda3/envs/llm_gs/lib/python3.9/site-packages/pygame/.dylibs/libSDL2-2.0.0.dylib (0x10631d610) and /Users/linmuyi/miniconda3/envs/llm_gs/lib/python3.9/site-packages/cv2/.dylibs/libSDL2-2.0.0.dylib (0x169becbd8). This may cause spurious casting failures and mysterious crashes. One of the duplicates must be removed or renamed.
objc[30769]: Class SDLView is implemented in both /Users/linmuyi/miniconda3/envs/llm_gs/lib/python3.9/site-packages/pygame/.dylibs/libSDL2-2.0.0.dylib (0x10631d688) and /Users/linmuyi/miniconda3/envs/llm_gs/lib/python3.9/site-packages/cv2/.dylibs/libSDL2-2.0.0.dylib (0x169becc50). This may cause spurious casting failures and mysterious crashes. One of the duplicates must be removed or renamed.
objc[30769]: Class METAL_RenderData is implemented in both /Users/linmuyi/miniconda3/envs/llm_gs/lib/python3.9/site-packages/pygame/.dylibs/libSDL2-2.0.0.dylib (0x10631d700) and /Users/linmuyi/miniconda3/envs/llm_gs/lib/python3.9/site-packages/cv2/.dylibs/libSDL2-2.0.0.dylib (0x169beccc8). This may cause spurious casting failures and mysterious crashes. One of the duplicates must be removed or renamed.
objc[30769]: Class METAL_TextureData is implemented in both /Users/linmuyi/miniconda3/envs/llm_gs/lib/python3.9/site-packages/pygame/.dylibs/libSDL2-2.0.0.dylib (0x10631d750) and /Users/linmuyi/miniconda3/envs/llm_gs/lib/python3.9/site-packages/cv2/.dylibs/libSDL2-2.0.0.dylib (0x169becd18). This may cause spurious casting failures and mysterious crashes. One of the duplicates must be removed or renamed.
objc[30769]: Class SDL_RumbleMotor is implemented in both /Users/linmuyi/miniconda3/envs/llm_gs/lib/python3.9/site-packages/pygame/.dylibs/libSDL2-2.0.0.dylib (0x10631d778) and /Users/linmuyi/miniconda3/envs/llm_gs/lib/python3.9/site-packages/cv2/.dylibs/libSDL2-2.0.0.dylib (0x169becd40). This may cause spurious casting failures and mysterious crashes. One of the duplicates must be removed or renamed.
objc[30769]: Class SDL_RumbleContext is implemented in both /Users/linmuyi/miniconda3/envs/llm_gs/lib/python3.9/site-packages/pygame/.dylibs/libSDL2-2.0.0.dylib (0x10631d7c8) and /Users/linmuyi/miniconda3/envs/llm_gs/lib/python3.9/site-packages/cv2/.dylibs/libSDL2-2.0.0.dylib (0x169becd90). This may cause spurious casting failures and mysterious crashes. One of the duplicates must be removed or renamed.
[flat] 1500000 steps, 30 checkpoints, flat (no curriculum)

  steps=  50000  held=0.06  gate=0.06  bins=3/3  active= 90  (102s)
  steps= 100000  held=0.08  gate=0.08  bins=3/3  active= 90  (202s)
  steps= 150000  held=0.06  gate=0.06  bins=3/3  active= 90  (304s)
  steps= 200000  held=0.10  gate=0.10  bins=3/3  active= 90  (402s)
  steps= 250000  held=0.03  gate=0.03  bins=3/3  active= 90  (497s)
  steps= 300000  held=0.14  gate=0.14  bins=3/3  active= 90  (590s)
  steps= 350000  held=0.12  gate=0.12  bins=3/3  active= 90  (683s)
  steps= 400000  held=0.23  gate=0.23  bins=3/3  active= 90  (773s)
  steps= 450000  held=0.01  gate=0.01  bins=3/3  active= 90  (869s)
  steps= 500000  held=0.14  gate=0.14  bins=3/3  active= 90  (961s)
  steps= 550000  held=0.09  gate=0.09  bins=3/3  active= 90  (1056s)
  steps= 600000  held=0.32  gate=0.32  bins=3/3  active= 90  (1139s)
  steps= 650000  held=0.40  gate=0.40  bins=3/3  active= 90  (1220s)
  steps= 700000  held=0.09  gate=0.09  bins=3/3  active= 90  (1313s)
  steps= 750000  held=0.28  gate=0.28  bins=3/3  active= 90  (1401s)
  steps= 800000  held=0.26  gate=0.26  bins=3/3  active= 90  (1488s)
  steps= 850000  held=0.47  gate=0.47  bins=3/3  active= 90  (1565s)
  steps= 900000  held=0.54  gate=0.54  bins=3/3  active= 90  (1632s)
  steps= 950000  held=0.65  gate=0.65  bins=3/3  active= 90  (1688s)
  steps=1000000  held=0.53  gate=0.53  bins=3/3  active= 90  (1748s)
  steps=1050000  held=0.67  gate=0.67  bins=3/3  active= 90  (1805s)
  steps=1100000  held=0.54  gate=0.54  bins=3/3  active= 90  (1865s)
  steps=1150000  held=0.58  gate=0.58  bins=3/3  active= 90  (1923s)
  steps=1200000  held=0.52  gate=0.52  bins=3/3  active= 90  (1984s)
  steps=1250000  held=0.69  gate=0.69  bins=3/3  active= 90  (2037s)
  steps=1300000  held=0.69  gate=0.69  bins=3/3  active= 90  (2087s)
  steps=1350000  held=0.69  gate=0.69  bins=3/3  active= 90  (2138s)
  steps=1400000  held=0.58  gate=0.58  bins=3/3  active= 90  (2192s)
  steps=1450000  held=0.71  gate=0.71  bins=3/3  active= 90  (2242s)
  steps=1500000  held=0.67  gate=0.67  bins=3/3  active= 90  (2293s)

[flat] DONE  final held=0.67  steps_to_0.3=600,000  wall=2293s  -> flat_seed18.json
[flat] per-cell held: s19N0=0.67
