[wall_count] train=90 layouts  held-out=36 layouts
objc[9547]: Class SDLApplication is implemented in both /Users/linmuyi/miniconda3/envs/llm_gs/lib/python3.9/site-packages/pygame/.dylibs/libSDL2-2.0.0.dylib (0x1103612c8) and /Users/linmuyi/miniconda3/envs/llm_gs/lib/python3.9/site-packages/cv2/.dylibs/libSDL2-2.0.0.dylib (0x153988890). This may cause spurious casting failures and mysterious crashes. One of the duplicates must be removed or renamed.
objc[9547]: Class SDLAppDelegate is implemented in both /Users/linmuyi/miniconda3/envs/llm_gs/lib/python3.9/site-packages/pygame/.dylibs/libSDL2-2.0.0.dylib (0x110361318) and /Users/linmuyi/miniconda3/envs/llm_gs/lib/python3.9/site-packages/cv2/.dylibs/libSDL2-2.0.0.dylib (0x1539888e0). This may cause spurious casting failures and mysterious crashes. One of the duplicates must be removed or renamed.
objc[9547]: Class SDLTranslatorResponder is implemented in both /Users/linmuyi/miniconda3/envs/llm_gs/lib/python3.9/site-packages/pygame/.dylibs/libSDL2-2.0.0.dylib (0x110361390) and /Users/linmuyi/miniconda3/envs/llm_gs/lib/python3.9/site-packages/cv2/.dylibs/libSDL2-2.0.0.dylib (0x153988958). This may cause spurious casting failures and mysterious crashes. One of the duplicates must be removed or renamed.
objc[9547]: Class SDLMessageBoxPresenter is implemented in both /Users/linmuyi/miniconda3/envs/llm_gs/lib/python3.9/site-packages/pygame/.dylibs/libSDL2-2.0.0.dylib (0x1103613b8) and /Users/linmuyi/miniconda3/envs/llm_gs/lib/python3.9/site-packages/cv2/.dylibs/libSDL2-2.0.0.dylib (0x153988980). This may cause spurious casting failures and mysterious crashes. One of the duplicates must be removed or renamed.
objc[9547]: Class SDL_cocoametalview is implemented in both /Users/linmuyi/miniconda3/envs/llm_gs/lib/python3.9/site-packages/pygame/.dylibs/libSDL2-2.0.0.dylib (0x110361408) and /Users/linmuyi/miniconda3/envs/llm_gs/lib/python3.9/site-packages/cv2/.dylibs/libSDL2-2.0.0.dylib (0x1539889d0). This may cause spurious casting failures and mysterious crashes. One of the duplicates must be removed or renamed.
objc[9547]: Class SDLOpenGLContext is implemented in both /Users/linmuyi/miniconda3/envs/llm_gs/lib/python3.9/site-packages/pygame/.dylibs/libSDL2-2.0.0.dylib (0x110361458) and /Users/linmuyi/miniconda3/envs/llm_gs/lib/python3.9/site-packages/cv2/.dylibs/libSDL2-2.0.0.dylib (0x153988a20). This may cause spurious casting failures and mysterious crashes. One of the duplicates must be removed or renamed.
objc[9547]: Class SDL_ShapeData is implemented in both /Users/linmuyi/miniconda3/envs/llm_gs/lib/python3.9/site-packages/pygame/.dylibs/libSDL2-2.0.0.dylib (0x1103614d0) and /Users/linmuyi/miniconda3/envs/llm_gs/lib/python3.9/site-packages/cv2/.dylibs/libSDL2-2.0.0.dylib (0x153988a98). This may cause spurious casting failures and mysterious crashes. One of the duplicates must be removed or renamed.
objc[9547]: Class SDL_CocoaClosure is implemented in both /Users/linmuyi/miniconda3/envs/llm_gs/lib/python3.9/site-packages/pygame/.dylibs/libSDL2-2.0.0.dylib (0x110361520) and /Users/linmuyi/miniconda3/envs/llm_gs/lib/python3.9/site-packages/cv2/.dylibs/libSDL2-2.0.0.dylib (0x153988ae8). This may cause spurious casting failures and mysterious crashes. One of the duplicates must be removed or renamed.
objc[9547]: Class SDL_VideoData is implemented in both /Users/linmuyi/miniconda3/envs/llm_gs/lib/python3.9/site-packages/pygame/.dylibs/libSDL2-2.0.0.dylib (0x110361570) and /Users/linmuyi/miniconda3/envs/llm_gs/lib/python3.9/site-packages/cv2/.dylibs/libSDL2-2.0.0.dylib (0x153988b38). This may cause spurious casting failures and mysterious crashes. One of the duplicates must be removed or renamed.
objc[9547]: Class SDL_WindowData is implemented in both /Users/linmuyi/miniconda3/envs/llm_gs/lib/python3.9/site-packages/pygame/.dylibs/libSDL2-2.0.0.dylib (0x1103615c0) and /Users/linmuyi/miniconda3/envs/llm_gs/lib/python3.9/site-packages/cv2/.dylibs/libSDL2-2.0.0.dylib (0x153988b88). This may cause spurious casting failures and mysterious crashes. One of the duplicates must be removed or renamed.
objc[9547]: Class SDLWindow is implemented in both /Users/linmuyi/miniconda3/envs/llm_gs/lib/python3.9/site-packages/pygame/.dylibs/libSDL2-2.0.0.dylib (0x1103615e8) and /Users/linmuyi/miniconda3/envs/llm_gs/lib/python3.9/site-packages/cv2/.dylibs/libSDL2-2.0.0.dylib (0x153988bb0). This may cause spurious casting failures and mysterious crashes. One of the duplicates must be removed or renamed.
objc[9547]: Class Cocoa_WindowListener is implemented in both /Users/linmuyi/miniconda3/envs/llm_gs/lib/python3.9/site-packages/pygame/.dylibs/libSDL2-2.0.0.dylib (0x110361610) and /Users/linmuyi/miniconda3/envs/llm_gs/lib/python3.9/site-packages/cv2/.dylibs/libSDL2-2.0.0.dylib (0x153988bd8). This may cause spurious casting failures and mysterious crashes. One of the duplicates must be removed or renamed.
objc[9547]: Class SDLView is implemented in both /Users/linmuyi/miniconda3/envs/llm_gs/lib/python3.9/site-packages/pygame/.dylibs/libSDL2-2.0.0.dylib (0x110361688) and /Users/linmuyi/miniconda3/envs/llm_gs/lib/python3.9/site-packages/cv2/.dylibs/libSDL2-2.0.0.dylib (0x153988c50). This may cause spurious casting failures and mysterious crashes. One of the duplicates must be removed or renamed.
objc[9547]: Class METAL_RenderData is implemented in both /Users/linmuyi/miniconda3/envs/llm_gs/lib/python3.9/site-packages/pygame/.dylibs/libSDL2-2.0.0.dylib (0x110361700) and /Users/linmuyi/miniconda3/envs/llm_gs/lib/python3.9/site-packages/cv2/.dylibs/libSDL2-2.0.0.dylib (0x153988cc8). This may cause spurious casting failures and mysterious crashes. One of the duplicates must be removed or renamed.
objc[9547]: Class METAL_TextureData is implemented in both /Users/linmuyi/miniconda3/envs/llm_gs/lib/python3.9/site-packages/pygame/.dylibs/libSDL2-2.0.0.dylib (0x110361750) and /Users/linmuyi/miniconda3/envs/llm_gs/lib/python3.9/site-packages/cv2/.dylibs/libSDL2-2.0.0.dylib (0x153988d18). This may cause spurious casting failures and mysterious crashes. One of the duplicates must be removed or renamed.
objc[9547]: Class SDL_RumbleMotor is implemented in both /Users/linmuyi/miniconda3/envs/llm_gs/lib/python3.9/site-packages/pygame/.dylibs/libSDL2-2.0.0.dylib (0x110361778) and /Users/linmuyi/miniconda3/envs/llm_gs/lib/python3.9/site-packages/cv2/.dylibs/libSDL2-2.0.0.dylib (0x153988d40). This may cause spurious casting failures and mysterious crashes. One of the duplicates must be removed or renamed.
objc[9547]: Class SDL_RumbleContext is implemented in both /Users/linmuyi/miniconda3/envs/llm_gs/lib/python3.9/site-packages/pygame/.dylibs/libSDL2-2.0.0.dylib (0x1103617c8) and /Users/linmuyi/miniconda3/envs/llm_gs/lib/python3.9/site-packages/cv2/.dylibs/libSDL2-2.0.0.dylib (0x153988d90). This may cause spurious casting failures and mysterious crashes. One of the duplicates must be removed or renamed.
[wall_count] 1500000 steps, 30 checkpoints, curriculum

  steps=  50000  held=0.01  gate=0.03  bins=1/3  active= 30  (140s)
  steps= 100000  held=0.30  gate=0.43  bins=1/3  active= 30  (262s)
  steps= 150000  held=0.36  gate=0.64  bins=2/3  active= 60  [UNLOCK:gate]  (377s)
  steps= 200000  held=0.41  gate=0.46  bins=2/3  active= 60  (498s)
  steps= 250000  held=0.54  gate=0.72  bins=3/3  active= 90  [UNLOCK:gate]  (600s)
  steps= 300000  held=0.57  gate=0.57  bins=3/3  active= 90  (684s)
  steps= 350000  held=0.66  gate=0.66  bins=3/3  active= 90  (757s)
  steps= 400000  held=0.67  gate=0.67  bins=3/3  active= 90  (828s)
  steps= 450000  held=0.67  gate=0.67  bins=3/3  active= 90  (893s)
  steps= 500000  held=0.55  gate=0.55  bins=3/3  active= 90  (960s)
  steps= 550000  held=0.58  gate=0.58  bins=3/3  active= 90  (1029s)
  steps= 600000  held=0.64  gate=0.64  bins=3/3  active= 90  (1101s)
  steps= 650000  held=0.55  gate=0.55  bins=3/3  active= 90  (1180s)
  steps= 700000  held=0.61  gate=0.61  bins=3/3  active= 90  (1249s)
  steps= 750000  held=0.60  gate=0.60  bins=3/3  active= 90  (1321s)
  steps= 800000  held=0.61  gate=0.61  bins=3/3  active= 90  (1390s)
  steps= 850000  held=0.72  gate=0.72  bins=3/3  active= 90  (1455s)
  steps= 900000  held=0.72  gate=0.72  bins=3/3  active= 90  (1524s)
  steps= 950000  held=0.58  gate=0.58  bins=3/3  active= 90  (1593s)
  steps=1000000  held=0.70  gate=0.70  bins=3/3  active= 90  (1651s)
  steps=1050000  held=0.75  gate=0.75  bins=3/3  active= 90  (1708s)
  steps=1100000  held=0.71  gate=0.71  bins=3/3  active= 90  (1768s)
  steps=1150000  held=0.68  gate=0.68  bins=3/3  active= 90  (1826s)
  steps=1200000  held=0.56  gate=0.56  bins=3/3  active= 90  (1895s)
  steps=1250000  held=0.64  gate=0.64  bins=3/3  active= 90  (1959s)
  steps=1300000  held=0.56  gate=0.56  bins=3/3  active= 90  (2029s)
  steps=1350000  held=0.64  gate=0.64  bins=3/3  active= 90  (2094s)
  steps=1400000  held=0.74  gate=0.74  bins=3/3  active= 90  (2157s)
  steps=1450000  held=0.74  gate=0.74  bins=3/3  active= 90  (2219s)
  steps=1500000  held=0.70  gate=0.70  bins=3/3  active= 90  (2282s)

[wall_count] DONE  final held=0.70  steps_to_0.3=150,000  wall=2282s  -> wall_count_seed10.json
[wall_count] per-cell held: s19N0=0.70
