[random_curriculum] train=90 layouts  held-out=36 layouts
objc[81527]: Class SDLApplication is implemented in both /Users/linmuyi/miniconda3/envs/llm_gs/lib/python3.9/site-packages/pygame/.dylibs/libSDL2-2.0.0.dylib (0x1083152c8) and /Users/linmuyi/miniconda3/envs/llm_gs/lib/python3.9/site-packages/cv2/.dylibs/libSDL2-2.0.0.dylib (0x16e9bc890). This may cause spurious casting failures and mysterious crashes. One of the duplicates must be removed or renamed.
objc[81527]: Class SDLAppDelegate is implemented in both /Users/linmuyi/miniconda3/envs/llm_gs/lib/python3.9/site-packages/pygame/.dylibs/libSDL2-2.0.0.dylib (0x108315318) and /Users/linmuyi/miniconda3/envs/llm_gs/lib/python3.9/site-packages/cv2/.dylibs/libSDL2-2.0.0.dylib (0x16e9bc8e0). This may cause spurious casting failures and mysterious crashes. One of the duplicates must be removed or renamed.
objc[81527]: Class SDLTranslatorResponder is implemented in both /Users/linmuyi/miniconda3/envs/llm_gs/lib/python3.9/site-packages/pygame/.dylibs/libSDL2-2.0.0.dylib (0x108315390) and /Users/linmuyi/miniconda3/envs/llm_gs/lib/python3.9/site-packages/cv2/.dylibs/libSDL2-2.0.0.dylib (0x16e9bc958). This may cause spurious casting failures and mysterious crashes. One of the duplicates must be removed or renamed.
objc[81527]: Class SDLMessageBoxPresenter is implemented in both /Users/linmuyi/miniconda3/envs/llm_gs/lib/python3.9/site-packages/pygame/.dylibs/libSDL2-2.0.0.dylib (0x1083153b8) and /Users/linmuyi/miniconda3/envs/llm_gs/lib/python3.9/site-packages/cv2/.dylibs/libSDL2-2.0.0.dylib (0x16e9bc980). This may cause spurious casting failures and mysterious crashes. One of the duplicates must be removed or renamed.
objc[81527]: Class SDL_cocoametalview is implemented in both /Users/linmuyi/miniconda3/envs/llm_gs/lib/python3.9/site-packages/pygame/.dylibs/libSDL2-2.0.0.dylib (0x108315408) and /Users/linmuyi/miniconda3/envs/llm_gs/lib/python3.9/site-packages/cv2/.dylibs/libSDL2-2.0.0.dylib (0x16e9bc9d0). This may cause spurious casting failures and mysterious crashes. One of the duplicates must be removed or renamed.
objc[81527]: Class SDLOpenGLContext is implemented in both /Users/linmuyi/miniconda3/envs/llm_gs/lib/python3.9/site-packages/pygame/.dylibs/libSDL2-2.0.0.dylib (0x108315458) and /Users/linmuyi/miniconda3/envs/llm_gs/lib/python3.9/site-packages/cv2/.dylibs/libSDL2-2.0.0.dylib (0x16e9bca20). This may cause spurious casting failures and mysterious crashes. One of the duplicates must be removed or renamed.
objc[81527]: Class SDL_ShapeData is implemented in both /Users/linmuyi/miniconda3/envs/llm_gs/lib/python3.9/site-packages/pygame/.dylibs/libSDL2-2.0.0.dylib (0x1083154d0) and /Users/linmuyi/miniconda3/envs/llm_gs/lib/python3.9/site-packages/cv2/.dylibs/libSDL2-2.0.0.dylib (0x16e9bca98). This may cause spurious casting failures and mysterious crashes. One of the duplicates must be removed or renamed.
objc[81527]: Class SDL_CocoaClosure is implemented in both /Users/linmuyi/miniconda3/envs/llm_gs/lib/python3.9/site-packages/pygame/.dylibs/libSDL2-2.0.0.dylib (0x108315520) and /Users/linmuyi/miniconda3/envs/llm_gs/lib/python3.9/site-packages/cv2/.dylibs/libSDL2-2.0.0.dylib (0x16e9bcae8). This may cause spurious casting failures and mysterious crashes. One of the duplicates must be removed or renamed.
objc[81527]: Class SDL_VideoData is implemented in both /Users/linmuyi/miniconda3/envs/llm_gs/lib/python3.9/site-packages/pygame/.dylibs/libSDL2-2.0.0.dylib (0x108315570) and /Users/linmuyi/miniconda3/envs/llm_gs/lib/python3.9/site-packages/cv2/.dylibs/libSDL2-2.0.0.dylib (0x16e9bcb38). This may cause spurious casting failures and mysterious crashes. One of the duplicates must be removed or renamed.
objc[81527]: Class SDL_WindowData is implemented in both /Users/linmuyi/miniconda3/envs/llm_gs/lib/python3.9/site-packages/pygame/.dylibs/libSDL2-2.0.0.dylib (0x1083155c0) and /Users/linmuyi/miniconda3/envs/llm_gs/lib/python3.9/site-packages/cv2/.dylibs/libSDL2-2.0.0.dylib (0x16e9bcb88). This may cause spurious casting failures and mysterious crashes. One of the duplicates must be removed or renamed.
objc[81527]: Class SDLWindow is implemented in both /Users/linmuyi/miniconda3/envs/llm_gs/lib/python3.9/site-packages/pygame/.dylibs/libSDL2-2.0.0.dylib (0x1083155e8) and /Users/linmuyi/miniconda3/envs/llm_gs/lib/python3.9/site-packages/cv2/.dylibs/libSDL2-2.0.0.dylib (0x16e9bcbb0). This may cause spurious casting failures and mysterious crashes. One of the duplicates must be removed or renamed.
objc[81527]: Class Cocoa_WindowListener is implemented in both /Users/linmuyi/miniconda3/envs/llm_gs/lib/python3.9/site-packages/pygame/.dylibs/libSDL2-2.0.0.dylib (0x108315610) and /Users/linmuyi/miniconda3/envs/llm_gs/lib/python3.9/site-packages/cv2/.dylibs/libSDL2-2.0.0.dylib (0x16e9bcbd8). This may cause spurious casting failures and mysterious crashes. One of the duplicates must be removed or renamed.
objc[81527]: Class SDLView is implemented in both /Users/linmuyi/miniconda3/envs/llm_gs/lib/python3.9/site-packages/pygame/.dylibs/libSDL2-2.0.0.dylib (0x108315688) and /Users/linmuyi/miniconda3/envs/llm_gs/lib/python3.9/site-packages/cv2/.dylibs/libSDL2-2.0.0.dylib (0x16e9bcc50). This may cause spurious casting failures and mysterious crashes. One of the duplicates must be removed or renamed.
objc[81527]: Class METAL_RenderData is implemented in both /Users/linmuyi/miniconda3/envs/llm_gs/lib/python3.9/site-packages/pygame/.dylibs/libSDL2-2.0.0.dylib (0x108315700) and /Users/linmuyi/miniconda3/envs/llm_gs/lib/python3.9/site-packages/cv2/.dylibs/libSDL2-2.0.0.dylib (0x16e9bccc8). This may cause spurious casting failures and mysterious crashes. One of the duplicates must be removed or renamed.
objc[81527]: Class METAL_TextureData is implemented in both /Users/linmuyi/miniconda3/envs/llm_gs/lib/python3.9/site-packages/pygame/.dylibs/libSDL2-2.0.0.dylib (0x108315750) and /Users/linmuyi/miniconda3/envs/llm_gs/lib/python3.9/site-packages/cv2/.dylibs/libSDL2-2.0.0.dylib (0x16e9bcd18). This may cause spurious casting failures and mysterious crashes. One of the duplicates must be removed or renamed.
objc[81527]: Class SDL_RumbleMotor is implemented in both /Users/linmuyi/miniconda3/envs/llm_gs/lib/python3.9/site-packages/pygame/.dylibs/libSDL2-2.0.0.dylib (0x108315778) and /Users/linmuyi/miniconda3/envs/llm_gs/lib/python3.9/site-packages/cv2/.dylibs/libSDL2-2.0.0.dylib (0x16e9bcd40). This may cause spurious casting failures and mysterious crashes. One of the duplicates must be removed or renamed.
objc[81527]: Class SDL_RumbleContext is implemented in both /Users/linmuyi/miniconda3/envs/llm_gs/lib/python3.9/site-packages/pygame/.dylibs/libSDL2-2.0.0.dylib (0x1083157c8) and /Users/linmuyi/miniconda3/envs/llm_gs/lib/python3.9/site-packages/cv2/.dylibs/libSDL2-2.0.0.dylib (0x16e9bcd90). This may cause spurious casting failures and mysterious crashes. One of the duplicates must be removed or renamed.
[random_curriculum] 1500000 steps, 30 checkpoints, curriculum

  steps=  50000  held=0.01  gate=0.01  bins=1/3  active= 30  (227s)
  steps= 100000  held=0.01  gate=0.03  bins=1/3  active= 30  (355s)
  steps= 150000  held=0.15  gate=0.04  bins=1/3  active= 30  (480s)
  steps= 200000  held=0.33  gate=0.29  bins=1/3  active= 30  (597s)
  steps= 250000  held=0.08  gate=0.07  bins=1/3  active= 30  (722s)
  steps= 300000  held=0.06  gate=0.08  bins=1/3  active= 30  (843s)
  steps= 350000  held=0.06  gate=0.03  bins=1/3  active= 30  (961s)
  steps= 400000  held=0.03  gate=0.04  bins=2/3  active= 60  [UNLOCK:deadline]  (1086s)
  steps= 450000  held=0.36  gate=0.21  bins=2/3  active= 60  (1202s)
  steps= 500000  held=0.44  gate=0.42  bins=2/3  active= 60  (1309s)
  steps= 550000  held=0.22  gate=0.18  bins=2/3  active= 60  (1428s)
  steps= 600000  held=0.56  gate=0.58  bins=3/3  active= 90  [UNLOCK:gate]  (1522s)
  steps= 650000  held=0.42  gate=0.42  bins=3/3  active= 90  (1600s)
  steps= 700000  held=0.38  gate=0.38  bins=3/3  active= 90  (1683s)
  steps= 750000  held=0.50  gate=0.50  bins=3/3  active= 90  (1755s)
  steps= 800000  held=0.62  gate=0.62  bins=3/3  active= 90  (1822s)
  steps= 850000  held=0.67  gate=0.67  bins=3/3  active= 90  (1886s)
  steps= 900000  held=0.69  gate=0.69  bins=3/3  active= 90  (1946s)
  steps= 950000  held=0.70  gate=0.70  bins=3/3  active= 90  (2007s)
  steps=1000000  held=0.69  gate=0.69  bins=3/3  active= 90  (2068s)
  steps=1050000  held=0.58  gate=0.58  bins=3/3  active= 90  (2132s)
  steps=1100000  held=0.59  gate=0.59  bins=3/3  active= 90  (2195s)
  steps=1150000  held=0.57  gate=0.57  bins=3/3  active= 90  (2261s)
  steps=1200000  held=0.68  gate=0.68  bins=3/3  active= 90  (2323s)
  steps=1250000  held=0.52  gate=0.52  bins=3/3  active= 90  (2392s)
  steps=1300000  held=0.60  gate=0.60  bins=3/3  active= 90  (2457s)
  steps=1350000  held=0.55  gate=0.55  bins=3/3  active= 90  (2524s)
  steps=1400000  held=0.60  gate=0.60  bins=3/3  active= 90  (2589s)
  steps=1450000  held=0.62  gate=0.62  bins=3/3  active= 90  (2652s)
  steps=1500000  held=0.59  gate=0.59  bins=3/3  active= 90  (2716s)

[random_curriculum] DONE  final held=0.59  steps_to_0.3=200,000  wall=2716s  -> random_curriculum_seed7.json
[random_curriculum] per-cell held: s19N0=0.59
