[random_curriculum] train=90 layouts  held-out=36 layouts
objc[95085]: Class SDLApplication is implemented in both /Users/linmuyi/miniconda3/envs/llm_gs/lib/python3.9/site-packages/pygame/.dylibs/libSDL2-2.0.0.dylib (0x15014d2c8) and /Users/linmuyi/miniconda3/envs/llm_gs/lib/python3.9/site-packages/cv2/.dylibs/libSDL2-2.0.0.dylib (0x31b898890). This may cause spurious casting failures and mysterious crashes. One of the duplicates must be removed or renamed.
objc[95085]: Class SDLAppDelegate is implemented in both /Users/linmuyi/miniconda3/envs/llm_gs/lib/python3.9/site-packages/pygame/.dylibs/libSDL2-2.0.0.dylib (0x15014d318) and /Users/linmuyi/miniconda3/envs/llm_gs/lib/python3.9/site-packages/cv2/.dylibs/libSDL2-2.0.0.dylib (0x31b8988e0). This may cause spurious casting failures and mysterious crashes. One of the duplicates must be removed or renamed.
objc[95085]: Class SDLTranslatorResponder is implemented in both /Users/linmuyi/miniconda3/envs/llm_gs/lib/python3.9/site-packages/pygame/.dylibs/libSDL2-2.0.0.dylib (0x15014d390) and /Users/linmuyi/miniconda3/envs/llm_gs/lib/python3.9/site-packages/cv2/.dylibs/libSDL2-2.0.0.dylib (0x31b898958). This may cause spurious casting failures and mysterious crashes. One of the duplicates must be removed or renamed.
objc[95085]: Class SDLMessageBoxPresenter is implemented in both /Users/linmuyi/miniconda3/envs/llm_gs/lib/python3.9/site-packages/pygame/.dylibs/libSDL2-2.0.0.dylib (0x15014d3b8) and /Users/linmuyi/miniconda3/envs/llm_gs/lib/python3.9/site-packages/cv2/.dylibs/libSDL2-2.0.0.dylib (0x31b898980). This may cause spurious casting failures and mysterious crashes. One of the duplicates must be removed or renamed.
objc[95085]: Class SDL_cocoametalview is implemented in both /Users/linmuyi/miniconda3/envs/llm_gs/lib/python3.9/site-packages/pygame/.dylibs/libSDL2-2.0.0.dylib (0x15014d408) and /Users/linmuyi/miniconda3/envs/llm_gs/lib/python3.9/site-packages/cv2/.dylibs/libSDL2-2.0.0.dylib (0x31b8989d0). This may cause spurious casting failures and mysterious crashes. One of the duplicates must be removed or renamed.
objc[95085]: Class SDLOpenGLContext is implemented in both /Users/linmuyi/miniconda3/envs/llm_gs/lib/python3.9/site-packages/pygame/.dylibs/libSDL2-2.0.0.dylib (0x15014d458) and /Users/linmuyi/miniconda3/envs/llm_gs/lib/python3.9/site-packages/cv2/.dylibs/libSDL2-2.0.0.dylib (0x31b898a20). This may cause spurious casting failures and mysterious crashes. One of the duplicates must be removed or renamed.
objc[95085]: Class SDL_ShapeData is implemented in both /Users/linmuyi/miniconda3/envs/llm_gs/lib/python3.9/site-packages/pygame/.dylibs/libSDL2-2.0.0.dylib (0x15014d4d0) and /Users/linmuyi/miniconda3/envs/llm_gs/lib/python3.9/site-packages/cv2/.dylibs/libSDL2-2.0.0.dylib (0x31b898a98). This may cause spurious casting failures and mysterious crashes. One of the duplicates must be removed or renamed.
objc[95085]: Class SDL_CocoaClosure is implemented in both /Users/linmuyi/miniconda3/envs/llm_gs/lib/python3.9/site-packages/pygame/.dylibs/libSDL2-2.0.0.dylib (0x15014d520) and /Users/linmuyi/miniconda3/envs/llm_gs/lib/python3.9/site-packages/cv2/.dylibs/libSDL2-2.0.0.dylib (0x31b898ae8). This may cause spurious casting failures and mysterious crashes. One of the duplicates must be removed or renamed.
objc[95085]: Class SDL_VideoData is implemented in both /Users/linmuyi/miniconda3/envs/llm_gs/lib/python3.9/site-packages/pygame/.dylibs/libSDL2-2.0.0.dylib (0x15014d570) and /Users/linmuyi/miniconda3/envs/llm_gs/lib/python3.9/site-packages/cv2/.dylibs/libSDL2-2.0.0.dylib (0x31b898b38). This may cause spurious casting failures and mysterious crashes. One of the duplicates must be removed or renamed.
objc[95085]: Class SDL_WindowData is implemented in both /Users/linmuyi/miniconda3/envs/llm_gs/lib/python3.9/site-packages/pygame/.dylibs/libSDL2-2.0.0.dylib (0x15014d5c0) and /Users/linmuyi/miniconda3/envs/llm_gs/lib/python3.9/site-packages/cv2/.dylibs/libSDL2-2.0.0.dylib (0x31b898b88). This may cause spurious casting failures and mysterious crashes. One of the duplicates must be removed or renamed.
objc[95085]: Class SDLWindow is implemented in both /Users/linmuyi/miniconda3/envs/llm_gs/lib/python3.9/site-packages/pygame/.dylibs/libSDL2-2.0.0.dylib (0x15014d5e8) and /Users/linmuyi/miniconda3/envs/llm_gs/lib/python3.9/site-packages/cv2/.dylibs/libSDL2-2.0.0.dylib (0x31b898bb0). This may cause spurious casting failures and mysterious crashes. One of the duplicates must be removed or renamed.
objc[95085]: Class Cocoa_WindowListener is implemented in both /Users/linmuyi/miniconda3/envs/llm_gs/lib/python3.9/site-packages/pygame/.dylibs/libSDL2-2.0.0.dylib (0x15014d610) and /Users/linmuyi/miniconda3/envs/llm_gs/lib/python3.9/site-packages/cv2/.dylibs/libSDL2-2.0.0.dylib (0x31b898bd8). This may cause spurious casting failures and mysterious crashes. One of the duplicates must be removed or renamed.
objc[95085]: Class SDLView is implemented in both /Users/linmuyi/miniconda3/envs/llm_gs/lib/python3.9/site-packages/pygame/.dylibs/libSDL2-2.0.0.dylib (0x15014d688) and /Users/linmuyi/miniconda3/envs/llm_gs/lib/python3.9/site-packages/cv2/.dylibs/libSDL2-2.0.0.dylib (0x31b898c50). This may cause spurious casting failures and mysterious crashes. One of the duplicates must be removed or renamed.
objc[95085]: Class METAL_RenderData is implemented in both /Users/linmuyi/miniconda3/envs/llm_gs/lib/python3.9/site-packages/pygame/.dylibs/libSDL2-2.0.0.dylib (0x15014d700) and /Users/linmuyi/miniconda3/envs/llm_gs/lib/python3.9/site-packages/cv2/.dylibs/libSDL2-2.0.0.dylib (0x31b898cc8). This may cause spurious casting failures and mysterious crashes. One of the duplicates must be removed or renamed.
objc[95085]: Class METAL_TextureData is implemented in both /Users/linmuyi/miniconda3/envs/llm_gs/lib/python3.9/site-packages/pygame/.dylibs/libSDL2-2.0.0.dylib (0x15014d750) and /Users/linmuyi/miniconda3/envs/llm_gs/lib/python3.9/site-packages/cv2/.dylibs/libSDL2-2.0.0.dylib (0x31b898d18). This may cause spurious casting failures and mysterious crashes. One of the duplicates must be removed or renamed.
objc[95085]: Class SDL_RumbleMotor is implemented in both /Users/linmuyi/miniconda3/envs/llm_gs/lib/python3.9/site-packages/pygame/.dylibs/libSDL2-2.0.0.dylib (0x15014d778) and /Users/linmuyi/miniconda3/envs/llm_gs/lib/python3.9/site-packages/cv2/.dylibs/libSDL2-2.0.0.dylib (0x31b898d40). This may cause spurious casting failures and mysterious crashes. One of the duplicates must be removed or renamed.
objc[95085]: Class SDL_RumbleContext is implemented in both /Users/linmuyi/miniconda3/envs/llm_gs/lib/python3.9/site-packages/pygame/.dylibs/libSDL2-2.0.0.dylib (0x15014d7c8) and /Users/linmuyi/miniconda3/envs/llm_gs/lib/python3.9/site-packages/cv2/.dylibs/libSDL2-2.0.0.dylib (0x31b898d90). This may cause spurious casting failures and mysterious crashes. One of the duplicates must be removed or renamed.
[random_curriculum] 1500000 steps, 30 checkpoints, curriculum

  steps=  50000  held=0.00  gate=0.00  bins=1/3  active= 30  (254s)
  steps= 100000  held=0.01  gate=0.01  bins=1/3  active= 30  (519s)
  steps= 150000  held=0.12  gate=0.11  bins=1/3  active= 30  (816s)
  steps= 200000  held=0.32  gate=0.18  bins=1/3  active= 30  (1067s)
  steps= 250000  held=0.10  gate=0.01  bins=1/3  active= 30  (1328s)
  steps= 300000  held=0.02  gate=0.00  bins=1/3  active= 30  (1575s)
  steps= 350000  held=0.05  gate=0.01  bins=1/3  active= 30  (1765s)
  steps= 400000  held=0.20  gate=0.24  bins=2/3  active= 60  [UNLOCK:deadline]  (1929s)
  steps= 450000  held=0.49  gate=0.35  bins=2/3  active= 60  (2052s)
  steps= 500000  held=0.46  gate=0.33  bins=2/3  active= 60  (2175s)
  steps= 550000  held=0.48  gate=0.60  bins=3/3  active= 90  [UNLOCK:gate]  (2277s)
  steps= 600000  held=0.65  gate=0.65  bins=3/3  active= 90  (2344s)
  steps= 650000  held=0.61  gate=0.61  bins=3/3  active= 90  (2408s)
  steps= 700000  held=0.59  gate=0.59  bins=3/3  active= 90  (2471s)
  steps= 750000  held=0.68  gate=0.68  bins=3/3  active= 90  (2534s)
  steps= 800000  held=0.63  gate=0.63  bins=3/3  active= 90  (2596s)
  steps= 850000  held=0.62  gate=0.62  bins=3/3  active= 90  (2657s)
  steps= 900000  held=0.55  gate=0.55  bins=3/3  active= 90  (2719s)
  steps= 950000  held=0.59  gate=0.59  bins=3/3  active= 90  (2777s)
  steps=1000000  held=0.65  gate=0.65  bins=3/3  active= 90  (2833s)
  steps=1050000  held=0.59  gate=0.59  bins=3/3  active= 90  (2893s)
  steps=1100000  held=0.63  gate=0.63  bins=3/3  active= 90  (2962s)
  steps=1150000  held=0.61  gate=0.61  bins=3/3  active= 90  (3027s)
  steps=1200000  held=0.58  gate=0.58  bins=3/3  active= 90  (3093s)
  steps=1250000  held=0.68  gate=0.68  bins=3/3  active= 90  (3156s)
  steps=1300000  held=0.69  gate=0.69  bins=3/3  active= 90  (3215s)
  steps=1350000  held=0.66  gate=0.66  bins=3/3  active= 90  (3281s)
  steps=1400000  held=0.60  gate=0.60  bins=3/3  active= 90  (3346s)
  steps=1450000  held=0.63  gate=0.63  bins=3/3  active= 90  (3411s)
  steps=1500000  held=0.65  gate=0.65  bins=3/3  active= 90  (3473s)

[random_curriculum] DONE  final held=0.65  steps_to_0.3=200,000  wall=3473s  -> random_curriculum_seed16.json
[random_curriculum] per-cell held: s19N0=0.65
