[grader] train=90 layouts  held-out=36 layouts
objc[6128]: Class SDLApplication is implemented in both /Users/linmuyi/miniconda3/envs/llm_gs/lib/python3.9/site-packages/pygame/.dylibs/libSDL2-2.0.0.dylib (0x110b612c8) and /Users/linmuyi/miniconda3/envs/llm_gs/lib/python3.9/site-packages/cv2/.dylibs/libSDL2-2.0.0.dylib (0x31faa4890). This may cause spurious casting failures and mysterious crashes. One of the duplicates must be removed or renamed.
objc[6128]: Class SDLAppDelegate is implemented in both /Users/linmuyi/miniconda3/envs/llm_gs/lib/python3.9/site-packages/pygame/.dylibs/libSDL2-2.0.0.dylib (0x110b61318) and /Users/linmuyi/miniconda3/envs/llm_gs/lib/python3.9/site-packages/cv2/.dylibs/libSDL2-2.0.0.dylib (0x31faa48e0). This may cause spurious casting failures and mysterious crashes. One of the duplicates must be removed or renamed.
objc[6128]: Class SDLTranslatorResponder is implemented in both /Users/linmuyi/miniconda3/envs/llm_gs/lib/python3.9/site-packages/pygame/.dylibs/libSDL2-2.0.0.dylib (0x110b61390) and /Users/linmuyi/miniconda3/envs/llm_gs/lib/python3.9/site-packages/cv2/.dylibs/libSDL2-2.0.0.dylib (0x31faa4958). This may cause spurious casting failures and mysterious crashes. One of the duplicates must be removed or renamed.
objc[6128]: Class SDLMessageBoxPresenter is implemented in both /Users/linmuyi/miniconda3/envs/llm_gs/lib/python3.9/site-packages/pygame/.dylibs/libSDL2-2.0.0.dylib (0x110b613b8) and /Users/linmuyi/miniconda3/envs/llm_gs/lib/python3.9/site-packages/cv2/.dylibs/libSDL2-2.0.0.dylib (0x31faa4980). This may cause spurious casting failures and mysterious crashes. One of the duplicates must be removed or renamed.
objc[6128]: Class SDL_cocoametalview is implemented in both /Users/linmuyi/miniconda3/envs/llm_gs/lib/python3.9/site-packages/pygame/.dylibs/libSDL2-2.0.0.dylib (0x110b61408) and /Users/linmuyi/miniconda3/envs/llm_gs/lib/python3.9/site-packages/cv2/.dylibs/libSDL2-2.0.0.dylib (0x31faa49d0). This may cause spurious casting failures and mysterious crashes. One of the duplicates must be removed or renamed.
objc[6128]: Class SDLOpenGLContext is implemented in both /Users/linmuyi/miniconda3/envs/llm_gs/lib/python3.9/site-packages/pygame/.dylibs/libSDL2-2.0.0.dylib (0x110b61458) and /Users/linmuyi/miniconda3/envs/llm_gs/lib/python3.9/site-packages/cv2/.dylibs/libSDL2-2.0.0.dylib (0x31faa4a20). This may cause spurious casting failures and mysterious crashes. One of the duplicates must be removed or renamed.
objc[6128]: Class SDL_ShapeData is implemented in both /Users/linmuyi/miniconda3/envs/llm_gs/lib/python3.9/site-packages/pygame/.dylibs/libSDL2-2.0.0.dylib (0x110b614d0) and /Users/linmuyi/miniconda3/envs/llm_gs/lib/python3.9/site-packages/cv2/.dylibs/libSDL2-2.0.0.dylib (0x31faa4a98). This may cause spurious casting failures and mysterious crashes. One of the duplicates must be removed or renamed.
objc[6128]: Class SDL_CocoaClosure is implemented in both /Users/linmuyi/miniconda3/envs/llm_gs/lib/python3.9/site-packages/pygame/.dylibs/libSDL2-2.0.0.dylib (0x110b61520) and /Users/linmuyi/miniconda3/envs/llm_gs/lib/python3.9/site-packages/cv2/.dylibs/libSDL2-2.0.0.dylib (0x31faa4ae8). This may cause spurious casting failures and mysterious crashes. One of the duplicates must be removed or renamed.
objc[6128]: Class SDL_VideoData is implemented in both /Users/linmuyi/miniconda3/envs/llm_gs/lib/python3.9/site-packages/pygame/.dylibs/libSDL2-2.0.0.dylib (0x110b61570) and /Users/linmuyi/miniconda3/envs/llm_gs/lib/python3.9/site-packages/cv2/.dylibs/libSDL2-2.0.0.dylib (0x31faa4b38). This may cause spurious casting failures and mysterious crashes. One of the duplicates must be removed or renamed.
objc[6128]: Class SDL_WindowData is implemented in both /Users/linmuyi/miniconda3/envs/llm_gs/lib/python3.9/site-packages/pygame/.dylibs/libSDL2-2.0.0.dylib (0x110b615c0) and /Users/linmuyi/miniconda3/envs/llm_gs/lib/python3.9/site-packages/cv2/.dylibs/libSDL2-2.0.0.dylib (0x31faa4b88). This may cause spurious casting failures and mysterious crashes. One of the duplicates must be removed or renamed.
objc[6128]: Class SDLWindow is implemented in both /Users/linmuyi/miniconda3/envs/llm_gs/lib/python3.9/site-packages/pygame/.dylibs/libSDL2-2.0.0.dylib (0x110b615e8) and /Users/linmuyi/miniconda3/envs/llm_gs/lib/python3.9/site-packages/cv2/.dylibs/libSDL2-2.0.0.dylib (0x31faa4bb0). This may cause spurious casting failures and mysterious crashes. One of the duplicates must be removed or renamed.
objc[6128]: Class Cocoa_WindowListener is implemented in both /Users/linmuyi/miniconda3/envs/llm_gs/lib/python3.9/site-packages/pygame/.dylibs/libSDL2-2.0.0.dylib (0x110b61610) and /Users/linmuyi/miniconda3/envs/llm_gs/lib/python3.9/site-packages/cv2/.dylibs/libSDL2-2.0.0.dylib (0x31faa4bd8). This may cause spurious casting failures and mysterious crashes. One of the duplicates must be removed or renamed.
objc[6128]: Class SDLView is implemented in both /Users/linmuyi/miniconda3/envs/llm_gs/lib/python3.9/site-packages/pygame/.dylibs/libSDL2-2.0.0.dylib (0x110b61688) and /Users/linmuyi/miniconda3/envs/llm_gs/lib/python3.9/site-packages/cv2/.dylibs/libSDL2-2.0.0.dylib (0x31faa4c50). This may cause spurious casting failures and mysterious crashes. One of the duplicates must be removed or renamed.
objc[6128]: Class METAL_RenderData is implemented in both /Users/linmuyi/miniconda3/envs/llm_gs/lib/python3.9/site-packages/pygame/.dylibs/libSDL2-2.0.0.dylib (0x110b61700) and /Users/linmuyi/miniconda3/envs/llm_gs/lib/python3.9/site-packages/cv2/.dylibs/libSDL2-2.0.0.dylib (0x31faa4cc8). This may cause spurious casting failures and mysterious crashes. One of the duplicates must be removed or renamed.
objc[6128]: Class METAL_TextureData is implemented in both /Users/linmuyi/miniconda3/envs/llm_gs/lib/python3.9/site-packages/pygame/.dylibs/libSDL2-2.0.0.dylib (0x110b61750) and /Users/linmuyi/miniconda3/envs/llm_gs/lib/python3.9/site-packages/cv2/.dylibs/libSDL2-2.0.0.dylib (0x31faa4d18). This may cause spurious casting failures and mysterious crashes. One of the duplicates must be removed or renamed.
objc[6128]: Class SDL_RumbleMotor is implemented in both /Users/linmuyi/miniconda3/envs/llm_gs/lib/python3.9/site-packages/pygame/.dylibs/libSDL2-2.0.0.dylib (0x110b61778) and /Users/linmuyi/miniconda3/envs/llm_gs/lib/python3.9/site-packages/cv2/.dylibs/libSDL2-2.0.0.dylib (0x31faa4d40). This may cause spurious casting failures and mysterious crashes. One of the duplicates must be removed or renamed.
objc[6128]: Class SDL_RumbleContext is implemented in both /Users/linmuyi/miniconda3/envs/llm_gs/lib/python3.9/site-packages/pygame/.dylibs/libSDL2-2.0.0.dylib (0x110b617c8) and /Users/linmuyi/miniconda3/envs/llm_gs/lib/python3.9/site-packages/cv2/.dylibs/libSDL2-2.0.0.dylib (0x31faa4d90). This may cause spurious casting failures and mysterious crashes. One of the duplicates must be removed or renamed.
[grader] 1500000 steps, 30 checkpoints, curriculum

  steps=  50000  held=0.25  gate=0.58  bins=2/3  active= 60  [UNLOCK:gate]  (255s)
  steps= 100000  held=0.49  gate=0.60  bins=3/3  active= 90  [UNLOCK:gate]  (462s)
  steps= 150000  held=0.33  gate=0.33  bins=3/3  active= 90  (612s)
  steps= 200000  held=0.53  gate=0.53  bins=3/3  active= 90  (730s)
  steps= 250000  held=0.62  gate=0.62  bins=3/3  active= 90  (827s)
  steps= 300000  held=0.65  gate=0.65  bins=3/3  active= 90  (914s)
  steps= 350000  held=0.39  gate=0.39  bins=3/3  active= 90  (1018s)
  steps= 400000  held=0.47  gate=0.47  bins=3/3  active= 90  (1109s)
  steps= 450000  held=0.49  gate=0.49  bins=3/3  active= 90  (1192s)
  steps= 500000  held=0.72  gate=0.72  bins=3/3  active= 90  (1259s)
  steps= 550000  held=0.69  gate=0.69  bins=3/3  active= 90  (1328s)
  steps= 600000  held=0.56  gate=0.56  bins=3/3  active= 90  (1398s)
  steps= 650000  held=0.57  gate=0.57  bins=3/3  active= 90  (1470s)
  steps= 700000  held=0.46  gate=0.46  bins=3/3  active= 90  (1544s)
  steps= 750000  held=0.65  gate=0.65  bins=3/3  active= 90  (1607s)
  steps= 800000  held=0.64  gate=0.64  bins=3/3  active= 90  (1667s)
  steps= 850000  held=0.65  gate=0.65  bins=3/3  active= 90  (1728s)
  steps= 900000  held=0.62  gate=0.62  bins=3/3  active= 90  (1787s)
  steps= 950000  held=0.61  gate=0.61  bins=3/3  active= 90  (1848s)
  steps=1000000  held=0.49  gate=0.49  bins=3/3  active= 90  (1914s)
  steps=1050000  held=0.70  gate=0.70  bins=3/3  active= 90  (1972s)
  steps=1100000  held=0.63  gate=0.63  bins=3/3  active= 90  (2036s)
  steps=1150000  held=0.66  gate=0.66  bins=3/3  active= 90  (2096s)
  steps=1200000  held=0.65  gate=0.65  bins=3/3  active= 90  (2158s)
  steps=1250000  held=0.69  gate=0.69  bins=3/3  active= 90  (2219s)
  steps=1300000  held=0.74  gate=0.74  bins=3/3  active= 90  (2274s)
  steps=1350000  held=0.76  gate=0.76  bins=3/3  active= 90  (2330s)
  steps=1400000  held=0.59  gate=0.59  bins=3/3  active= 90  (2394s)
  steps=1450000  held=0.65  gate=0.65  bins=3/3  active= 90  (2456s)
  steps=1500000  held=0.74  gate=0.74  bins=3/3  active= 90  (2514s)

[grader] DONE  final held=0.74  steps_to_0.3=100,000  wall=2514s  -> grader_seed17.json
[grader] per-cell held: s19N0=0.74
