[grader] train=90 layouts  held-out=36 layouts
objc[15772]: Class SDLApplication is implemented in both /Users/linmuyi/miniconda3/envs/llm_gs/lib/python3.9/site-packages/pygame/.dylibs/libSDL2-2.0.0.dylib (0x11214d2c8) and /Users/linmuyi/miniconda3/envs/llm_gs/lib/python3.9/site-packages/cv2/.dylibs/libSDL2-2.0.0.dylib (0x16f48c890). This may cause spurious casting failures and mysterious crashes. One of the duplicates must be removed or renamed.
objc[15772]: Class SDLAppDelegate is implemented in both /Users/linmuyi/miniconda3/envs/llm_gs/lib/python3.9/site-packages/pygame/.dylibs/libSDL2-2.0.0.dylib (0x11214d318) and /Users/linmuyi/miniconda3/envs/llm_gs/lib/python3.9/site-packages/cv2/.dylibs/libSDL2-2.0.0.dylib (0x16f48c8e0). This may cause spurious casting failures and mysterious crashes. One of the duplicates must be removed or renamed.
objc[15772]: Class SDLTranslatorResponder is implemented in both /Users/linmuyi/miniconda3/envs/llm_gs/lib/python3.9/site-packages/pygame/.dylibs/libSDL2-2.0.0.dylib (0x11214d390) and /Users/linmuyi/miniconda3/envs/llm_gs/lib/python3.9/site-packages/cv2/.dylibs/libSDL2-2.0.0.dylib (0x16f48c958). This may cause spurious casting failures and mysterious crashes. One of the duplicates must be removed or renamed.
objc[15772]: Class SDLMessageBoxPresenter is implemented in both /Users/linmuyi/miniconda3/envs/llm_gs/lib/python3.9/site-packages/pygame/.dylibs/libSDL2-2.0.0.dylib (0x11214d3b8) and /Users/linmuyi/miniconda3/envs/llm_gs/lib/python3.9/site-packages/cv2/.dylibs/libSDL2-2.0.0.dylib (0x16f48c980). This may cause spurious casting failures and mysterious crashes. One of the duplicates must be removed or renamed.
objc[15772]: Class SDL_cocoametalview is implemented in both /Users/linmuyi/miniconda3/envs/llm_gs/lib/python3.9/site-packages/pygame/.dylibs/libSDL2-2.0.0.dylib (0x11214d408) and /Users/linmuyi/miniconda3/envs/llm_gs/lib/python3.9/site-packages/cv2/.dylibs/libSDL2-2.0.0.dylib (0x16f48c9d0). This may cause spurious casting failures and mysterious crashes. One of the duplicates must be removed or renamed.
objc[15772]: Class SDLOpenGLContext is implemented in both /Users/linmuyi/miniconda3/envs/llm_gs/lib/python3.9/site-packages/pygame/.dylibs/libSDL2-2.0.0.dylib (0x11214d458) and /Users/linmuyi/miniconda3/envs/llm_gs/lib/python3.9/site-packages/cv2/.dylibs/libSDL2-2.0.0.dylib (0x16f48ca20). This may cause spurious casting failures and mysterious crashes. One of the duplicates must be removed or renamed.
objc[15772]: Class SDL_ShapeData is implemented in both /Users/linmuyi/miniconda3/envs/llm_gs/lib/python3.9/site-packages/pygame/.dylibs/libSDL2-2.0.0.dylib (0x11214d4d0) and /Users/linmuyi/miniconda3/envs/llm_gs/lib/python3.9/site-packages/cv2/.dylibs/libSDL2-2.0.0.dylib (0x16f48ca98). This may cause spurious casting failures and mysterious crashes. One of the duplicates must be removed or renamed.
objc[15772]: Class SDL_CocoaClosure is implemented in both /Users/linmuyi/miniconda3/envs/llm_gs/lib/python3.9/site-packages/pygame/.dylibs/libSDL2-2.0.0.dylib (0x11214d520) and /Users/linmuyi/miniconda3/envs/llm_gs/lib/python3.9/site-packages/cv2/.dylibs/libSDL2-2.0.0.dylib (0x16f48cae8). This may cause spurious casting failures and mysterious crashes. One of the duplicates must be removed or renamed.
objc[15772]: Class SDL_VideoData is implemented in both /Users/linmuyi/miniconda3/envs/llm_gs/lib/python3.9/site-packages/pygame/.dylibs/libSDL2-2.0.0.dylib (0x11214d570) and /Users/linmuyi/miniconda3/envs/llm_gs/lib/python3.9/site-packages/cv2/.dylibs/libSDL2-2.0.0.dylib (0x16f48cb38). This may cause spurious casting failures and mysterious crashes. One of the duplicates must be removed or renamed.
objc[15772]: Class SDL_WindowData is implemented in both /Users/linmuyi/miniconda3/envs/llm_gs/lib/python3.9/site-packages/pygame/.dylibs/libSDL2-2.0.0.dylib (0x11214d5c0) and /Users/linmuyi/miniconda3/envs/llm_gs/lib/python3.9/site-packages/cv2/.dylibs/libSDL2-2.0.0.dylib (0x16f48cb88). This may cause spurious casting failures and mysterious crashes. One of the duplicates must be removed or renamed.
objc[15772]: Class SDLWindow is implemented in both /Users/linmuyi/miniconda3/envs/llm_gs/lib/python3.9/site-packages/pygame/.dylibs/libSDL2-2.0.0.dylib (0x11214d5e8) and /Users/linmuyi/miniconda3/envs/llm_gs/lib/python3.9/site-packages/cv2/.dylibs/libSDL2-2.0.0.dylib (0x16f48cbb0). This may cause spurious casting failures and mysterious crashes. One of the duplicates must be removed or renamed.
objc[15772]: Class Cocoa_WindowListener is implemented in both /Users/linmuyi/miniconda3/envs/llm_gs/lib/python3.9/site-packages/pygame/.dylibs/libSDL2-2.0.0.dylib (0x11214d610) and /Users/linmuyi/miniconda3/envs/llm_gs/lib/python3.9/site-packages/cv2/.dylibs/libSDL2-2.0.0.dylib (0x16f48cbd8). This may cause spurious casting failures and mysterious crashes. One of the duplicates must be removed or renamed.
objc[15772]: Class SDLView is implemented in both /Users/linmuyi/miniconda3/envs/llm_gs/lib/python3.9/site-packages/pygame/.dylibs/libSDL2-2.0.0.dylib (0x11214d688) and /Users/linmuyi/miniconda3/envs/llm_gs/lib/python3.9/site-packages/cv2/.dylibs/libSDL2-2.0.0.dylib (0x16f48cc50). This may cause spurious casting failures and mysterious crashes. One of the duplicates must be removed or renamed.
objc[15772]: Class METAL_RenderData is implemented in both /Users/linmuyi/miniconda3/envs/llm_gs/lib/python3.9/site-packages/pygame/.dylibs/libSDL2-2.0.0.dylib (0x11214d700) and /Users/linmuyi/miniconda3/envs/llm_gs/lib/python3.9/site-packages/cv2/.dylibs/libSDL2-2.0.0.dylib (0x16f48ccc8). This may cause spurious casting failures and mysterious crashes. One of the duplicates must be removed or renamed.
objc[15772]: Class METAL_TextureData is implemented in both /Users/linmuyi/miniconda3/envs/llm_gs/lib/python3.9/site-packages/pygame/.dylibs/libSDL2-2.0.0.dylib (0x11214d750) and /Users/linmuyi/miniconda3/envs/llm_gs/lib/python3.9/site-packages/cv2/.dylibs/libSDL2-2.0.0.dylib (0x16f48cd18). This may cause spurious casting failures and mysterious crashes. One of the duplicates must be removed or renamed.
objc[15772]: Class SDL_RumbleMotor is implemented in both /Users/linmuyi/miniconda3/envs/llm_gs/lib/python3.9/site-packages/pygame/.dylibs/libSDL2-2.0.0.dylib (0x11214d778) and /Users/linmuyi/miniconda3/envs/llm_gs/lib/python3.9/site-packages/cv2/.dylibs/libSDL2-2.0.0.dylib (0x16f48cd40). This may cause spurious casting failures and mysterious crashes. One of the duplicates must be removed or renamed.
objc[15772]: Class SDL_RumbleContext is implemented in both /Users/linmuyi/miniconda3/envs/llm_gs/lib/python3.9/site-packages/pygame/.dylibs/libSDL2-2.0.0.dylib (0x11214d7c8) and /Users/linmuyi/miniconda3/envs/llm_gs/lib/python3.9/site-packages/cv2/.dylibs/libSDL2-2.0.0.dylib (0x16f48cd90). This may cause spurious casting failures and mysterious crashes. One of the duplicates must be removed or renamed.
[grader] 1500000 steps, 30 checkpoints, curriculum

  steps=  50000  held=0.03  gate=0.01  bins=1/3  active= 30  (216s)
  steps= 100000  held=0.00  gate=0.00  bins=1/3  active= 30  (361s)
  steps= 150000  held=0.06  gate=0.10  bins=1/3  active= 30  (493s)
  steps= 200000  held=0.09  gate=0.10  bins=1/3  active= 30  (631s)
  steps= 250000  held=0.00  gate=0.00  bins=1/3  active= 30  (779s)
  steps= 300000  held=0.00  gate=0.00  bins=1/3  active= 30  (925s)
  steps= 350000  held=0.00  gate=0.00  bins=1/3  active= 30  (1067s)
  steps= 400000  held=0.00  gate=0.00  bins=2/3  active= 60  [UNLOCK:deadline]  (1195s)
  steps= 450000  held=0.00  gate=0.00  bins=2/3  active= 60  (1329s)
  steps= 500000  held=0.00  gate=0.00  bins=2/3  active= 60  (1461s)
  steps= 550000  held=0.01  gate=0.01  bins=2/3  active= 60  (1589s)
  steps= 600000  held=0.00  gate=0.00  bins=2/3  active= 60  (1718s)
  steps= 650000  held=0.02  gate=0.03  bins=2/3  active= 60  (1847s)
  steps= 700000  held=0.03  gate=0.03  bins=2/3  active= 60  (1977s)
  steps= 750000  held=0.03  gate=0.00  bins=2/3  active= 60  (2135s)
  steps= 800000  held=0.04  gate=0.06  bins=3/3  active= 90  [UNLOCK:deadline]  (2373s)
  steps= 850000  held=0.00  gate=0.00  bins=3/3  active= 90  (2552s)
  steps= 900000  held=0.00  gate=0.00  bins=3/3  active= 90  (2729s)
  steps= 950000  held=0.00  gate=0.00  bins=3/3  active= 90  (2822s)
  steps=1000000  held=0.01  gate=0.01  bins=3/3  active= 90  (2917s)
  steps=1050000  held=0.06  gate=0.06  bins=3/3  active= 90  (3034s)
  steps=1100000  held=0.03  gate=0.03  bins=3/3  active= 90  (3206s)
  steps=1150000  held=0.01  gate=0.01  bins=3/3  active= 90  (3373s)
  steps=1200000  held=0.03  gate=0.03  bins=3/3  active= 90  (3541s)
  steps=1250000  held=0.10  gate=0.10  bins=3/3  active= 90  (3706s)
  steps=1300000  held=0.46  gate=0.46  bins=3/3  active= 90  (3841s)
  steps=1350000  held=0.39  gate=0.39  bins=3/3  active= 90  (3986s)
  steps=1400000  held=0.01  gate=0.01  bins=3/3  active= 90  (4151s)
  steps=1450000  held=0.06  gate=0.06  bins=3/3  active= 90  (4314s)
  steps=1500000  held=0.23  gate=0.23  bins=3/3  active= 90  (4471s)

[grader] DONE  final held=0.23  steps_to_0.3=1,300,000  wall=4471s  -> grader_seed1.json
[grader] per-cell held: s19N0=0.23
