[path_len] train=90 layouts  held-out=36 layouts
objc[87467]: Class SDLApplication is implemented in both /Users/linmuyi/miniconda3/envs/llm_gs/lib/python3.9/site-packages/pygame/.dylibs/libSDL2-2.0.0.dylib (0x1234b52c8) and /Users/linmuyi/miniconda3/envs/llm_gs/lib/python3.9/site-packages/cv2/.dylibs/libSDL2-2.0.0.dylib (0x17ec64890). This may cause spurious casting failures and mysterious crashes. One of the duplicates must be removed or renamed.
objc[87467]: Class SDLAppDelegate is implemented in both /Users/linmuyi/miniconda3/envs/llm_gs/lib/python3.9/site-packages/pygame/.dylibs/libSDL2-2.0.0.dylib (0x1234b5318) and /Users/linmuyi/miniconda3/envs/llm_gs/lib/python3.9/site-packages/cv2/.dylibs/libSDL2-2.0.0.dylib (0x17ec648e0). This may cause spurious casting failures and mysterious crashes. One of the duplicates must be removed or renamed.
objc[87467]: Class SDLTranslatorResponder is implemented in both /Users/linmuyi/miniconda3/envs/llm_gs/lib/python3.9/site-packages/pygame/.dylibs/libSDL2-2.0.0.dylib (0x1234b5390) and /Users/linmuyi/miniconda3/envs/llm_gs/lib/python3.9/site-packages/cv2/.dylibs/libSDL2-2.0.0.dylib (0x17ec64958). This may cause spurious casting failures and mysterious crashes. One of the duplicates must be removed or renamed.
objc[87467]: Class SDLMessageBoxPresenter is implemented in both /Users/linmuyi/miniconda3/envs/llm_gs/lib/python3.9/site-packages/pygame/.dylibs/libSDL2-2.0.0.dylib (0x1234b53b8) and /Users/linmuyi/miniconda3/envs/llm_gs/lib/python3.9/site-packages/cv2/.dylibs/libSDL2-2.0.0.dylib (0x17ec64980). This may cause spurious casting failures and mysterious crashes. One of the duplicates must be removed or renamed.
objc[87467]: Class SDL_cocoametalview is implemented in both /Users/linmuyi/miniconda3/envs/llm_gs/lib/python3.9/site-packages/pygame/.dylibs/libSDL2-2.0.0.dylib (0x1234b5408) and /Users/linmuyi/miniconda3/envs/llm_gs/lib/python3.9/site-packages/cv2/.dylibs/libSDL2-2.0.0.dylib (0x17ec649d0). This may cause spurious casting failures and mysterious crashes. One of the duplicates must be removed or renamed.
objc[87467]: Class SDLOpenGLContext is implemented in both /Users/linmuyi/miniconda3/envs/llm_gs/lib/python3.9/site-packages/pygame/.dylibs/libSDL2-2.0.0.dylib (0x1234b5458) and /Users/linmuyi/miniconda3/envs/llm_gs/lib/python3.9/site-packages/cv2/.dylibs/libSDL2-2.0.0.dylib (0x17ec64a20). This may cause spurious casting failures and mysterious crashes. One of the duplicates must be removed or renamed.
objc[87467]: Class SDL_ShapeData is implemented in both /Users/linmuyi/miniconda3/envs/llm_gs/lib/python3.9/site-packages/pygame/.dylibs/libSDL2-2.0.0.dylib (0x1234b54d0) and /Users/linmuyi/miniconda3/envs/llm_gs/lib/python3.9/site-packages/cv2/.dylibs/libSDL2-2.0.0.dylib (0x17ec64a98). This may cause spurious casting failures and mysterious crashes. One of the duplicates must be removed or renamed.
objc[87467]: Class SDL_CocoaClosure is implemented in both /Users/linmuyi/miniconda3/envs/llm_gs/lib/python3.9/site-packages/pygame/.dylibs/libSDL2-2.0.0.dylib (0x1234b5520) and /Users/linmuyi/miniconda3/envs/llm_gs/lib/python3.9/site-packages/cv2/.dylibs/libSDL2-2.0.0.dylib (0x17ec64ae8). This may cause spurious casting failures and mysterious crashes. One of the duplicates must be removed or renamed.
objc[87467]: Class SDL_VideoData is implemented in both /Users/linmuyi/miniconda3/envs/llm_gs/lib/python3.9/site-packages/pygame/.dylibs/libSDL2-2.0.0.dylib (0x1234b5570) and /Users/linmuyi/miniconda3/envs/llm_gs/lib/python3.9/site-packages/cv2/.dylibs/libSDL2-2.0.0.dylib (0x17ec64b38). This may cause spurious casting failures and mysterious crashes. One of the duplicates must be removed or renamed.
objc[87467]: Class SDL_WindowData is implemented in both /Users/linmuyi/miniconda3/envs/llm_gs/lib/python3.9/site-packages/pygame/.dylibs/libSDL2-2.0.0.dylib (0x1234b55c0) and /Users/linmuyi/miniconda3/envs/llm_gs/lib/python3.9/site-packages/cv2/.dylibs/libSDL2-2.0.0.dylib (0x17ec64b88). This may cause spurious casting failures and mysterious crashes. One of the duplicates must be removed or renamed.
objc[87467]: Class SDLWindow is implemented in both /Users/linmuyi/miniconda3/envs/llm_gs/lib/python3.9/site-packages/pygame/.dylibs/libSDL2-2.0.0.dylib (0x1234b55e8) and /Users/linmuyi/miniconda3/envs/llm_gs/lib/python3.9/site-packages/cv2/.dylibs/libSDL2-2.0.0.dylib (0x17ec64bb0). This may cause spurious casting failures and mysterious crashes. One of the duplicates must be removed or renamed.
objc[87467]: Class Cocoa_WindowListener is implemented in both /Users/linmuyi/miniconda3/envs/llm_gs/lib/python3.9/site-packages/pygame/.dylibs/libSDL2-2.0.0.dylib (0x1234b5610) and /Users/linmuyi/miniconda3/envs/llm_gs/lib/python3.9/site-packages/cv2/.dylibs/libSDL2-2.0.0.dylib (0x17ec64bd8). This may cause spurious casting failures and mysterious crashes. One of the duplicates must be removed or renamed.
objc[87467]: Class SDLView is implemented in both /Users/linmuyi/miniconda3/envs/llm_gs/lib/python3.9/site-packages/pygame/.dylibs/libSDL2-2.0.0.dylib (0x1234b5688) and /Users/linmuyi/miniconda3/envs/llm_gs/lib/python3.9/site-packages/cv2/.dylibs/libSDL2-2.0.0.dylib (0x17ec64c50). This may cause spurious casting failures and mysterious crashes. One of the duplicates must be removed or renamed.
objc[87467]: Class METAL_RenderData is implemented in both /Users/linmuyi/miniconda3/envs/llm_gs/lib/python3.9/site-packages/pygame/.dylibs/libSDL2-2.0.0.dylib (0x1234b5700) and /Users/linmuyi/miniconda3/envs/llm_gs/lib/python3.9/site-packages/cv2/.dylibs/libSDL2-2.0.0.dylib (0x17ec64cc8). This may cause spurious casting failures and mysterious crashes. One of the duplicates must be removed or renamed.
objc[87467]: Class METAL_TextureData is implemented in both /Users/linmuyi/miniconda3/envs/llm_gs/lib/python3.9/site-packages/pygame/.dylibs/libSDL2-2.0.0.dylib (0x1234b5750) and /Users/linmuyi/miniconda3/envs/llm_gs/lib/python3.9/site-packages/cv2/.dylibs/libSDL2-2.0.0.dylib (0x17ec64d18). This may cause spurious casting failures and mysterious crashes. One of the duplicates must be removed or renamed.
objc[87467]: Class SDL_RumbleMotor is implemented in both /Users/linmuyi/miniconda3/envs/llm_gs/lib/python3.9/site-packages/pygame/.dylibs/libSDL2-2.0.0.dylib (0x1234b5778) and /Users/linmuyi/miniconda3/envs/llm_gs/lib/python3.9/site-packages/cv2/.dylibs/libSDL2-2.0.0.dylib (0x17ec64d40). This may cause spurious casting failures and mysterious crashes. One of the duplicates must be removed or renamed.
objc[87467]: Class SDL_RumbleContext is implemented in both /Users/linmuyi/miniconda3/envs/llm_gs/lib/python3.9/site-packages/pygame/.dylibs/libSDL2-2.0.0.dylib (0x1234b57c8) and /Users/linmuyi/miniconda3/envs/llm_gs/lib/python3.9/site-packages/cv2/.dylibs/libSDL2-2.0.0.dylib (0x17ec64d90). This may cause spurious casting failures and mysterious crashes. One of the duplicates must be removed or renamed.
[path_len] 1500000 steps, 30 checkpoints, curriculum

  steps=  50000  held=0.10  gate=0.14  bins=1/3  active= 30  (124s)
  steps= 100000  held=0.12  gate=0.12  bins=1/3  active= 30  (240s)
  steps= 150000  held=0.35  gate=0.47  bins=1/3  active= 30  (349s)
  steps= 200000  held=0.53  gate=0.71  bins=2/3  active= 60  [UNLOCK:gate]  (440s)
  steps= 250000  held=0.64  gate=0.78  bins=3/3  active= 90  [UNLOCK:gate]  (519s)
  steps= 300000  held=0.65  gate=0.65  bins=3/3  active= 90  (583s)
  steps= 350000  held=0.48  gate=0.48  bins=3/3  active= 90  (657s)
  steps= 400000  held=0.62  gate=0.62  bins=3/3  active= 90  (719s)
  steps= 450000  held=0.55  gate=0.55  bins=3/3  active= 90  (786s)
  steps= 500000  held=0.53  gate=0.53  bins=3/3  active= 90  (863s)
  steps= 550000  held=0.43  gate=0.43  bins=3/3  active= 90  (941s)
  steps= 600000  held=0.35  gate=0.35  bins=3/3  active= 90  (1023s)
  steps= 650000  held=0.50  gate=0.50  bins=3/3  active= 90  (1097s)
  steps= 700000  held=0.65  gate=0.65  bins=3/3  active= 90  (1163s)
  steps= 750000  held=0.65  gate=0.65  bins=3/3  active= 90  (1226s)
  steps= 800000  held=0.58  gate=0.58  bins=3/3  active= 90  (1294s)
  steps= 850000  held=0.60  gate=0.60  bins=3/3  active= 90  (1358s)
  steps= 900000  held=0.57  gate=0.57  bins=3/3  active= 90  (1424s)
  steps= 950000  held=0.68  gate=0.68  bins=3/3  active= 90  (1484s)
  steps=1000000  held=0.67  gate=0.67  bins=3/3  active= 90  (1544s)
  steps=1050000  held=0.60  gate=0.60  bins=3/3  active= 90  (1605s)
  steps=1100000  held=0.67  gate=0.67  bins=3/3  active= 90  (1665s)
  steps=1150000  held=0.67  gate=0.67  bins=3/3  active= 90  (1725s)
  steps=1200000  held=0.62  gate=0.62  bins=3/3  active= 90  (1786s)
  steps=1250000  held=0.61  gate=0.61  bins=3/3  active= 90  (1846s)
  steps=1300000  held=0.61  gate=0.61  bins=3/3  active= 90  (1908s)
  steps=1350000  held=0.62  gate=0.62  bins=3/3  active= 90  (1973s)
  steps=1400000  held=0.68  gate=0.68  bins=3/3  active= 90  (2033s)
  steps=1450000  held=0.67  gate=0.67  bins=3/3  active= 90  (2100s)
  steps=1500000  held=0.67  gate=0.67  bins=3/3  active= 90  (2163s)

[path_len] DONE  final held=0.67  steps_to_0.3=150,000  wall=2163s  -> path_len_seed7.json
[path_len] per-cell held: s19N0=0.67
