[random_curriculum] train=90 layouts  held-out=36 layouts
objc[57196]: Class SDLApplication is implemented in both /Users/linmuyi/miniconda3/envs/llm_gs/lib/python3.9/site-packages/pygame/.dylibs/libSDL2-2.0.0.dylib (0x106c052c8) and /Users/linmuyi/miniconda3/envs/llm_gs/lib/python3.9/site-packages/cv2/.dylibs/libSDL2-2.0.0.dylib (0x312bb0890). This may cause spurious casting failures and mysterious crashes. One of the duplicates must be removed or renamed.
objc[57196]: Class SDLAppDelegate is implemented in both /Users/linmuyi/miniconda3/envs/llm_gs/lib/python3.9/site-packages/pygame/.dylibs/libSDL2-2.0.0.dylib (0x106c05318) and /Users/linmuyi/miniconda3/envs/llm_gs/lib/python3.9/site-packages/cv2/.dylibs/libSDL2-2.0.0.dylib (0x312bb08e0). This may cause spurious casting failures and mysterious crashes. One of the duplicates must be removed or renamed.
objc[57196]: Class SDLTranslatorResponder is implemented in both /Users/linmuyi/miniconda3/envs/llm_gs/lib/python3.9/site-packages/pygame/.dylibs/libSDL2-2.0.0.dylib (0x106c05390) and /Users/linmuyi/miniconda3/envs/llm_gs/lib/python3.9/site-packages/cv2/.dylibs/libSDL2-2.0.0.dylib (0x312bb0958). This may cause spurious casting failures and mysterious crashes. One of the duplicates must be removed or renamed.
objc[57196]: Class SDLMessageBoxPresenter is implemented in both /Users/linmuyi/miniconda3/envs/llm_gs/lib/python3.9/site-packages/pygame/.dylibs/libSDL2-2.0.0.dylib (0x106c053b8) and /Users/linmuyi/miniconda3/envs/llm_gs/lib/python3.9/site-packages/cv2/.dylibs/libSDL2-2.0.0.dylib (0x312bb0980). This may cause spurious casting failures and mysterious crashes. One of the duplicates must be removed or renamed.
objc[57196]: Class SDL_cocoametalview is implemented in both /Users/linmuyi/miniconda3/envs/llm_gs/lib/python3.9/site-packages/pygame/.dylibs/libSDL2-2.0.0.dylib (0x106c05408) and /Users/linmuyi/miniconda3/envs/llm_gs/lib/python3.9/site-packages/cv2/.dylibs/libSDL2-2.0.0.dylib (0x312bb09d0). This may cause spurious casting failures and mysterious crashes. One of the duplicates must be removed or renamed.
objc[57196]: Class SDLOpenGLContext is implemented in both /Users/linmuyi/miniconda3/envs/llm_gs/lib/python3.9/site-packages/pygame/.dylibs/libSDL2-2.0.0.dylib (0x106c05458) and /Users/linmuyi/miniconda3/envs/llm_gs/lib/python3.9/site-packages/cv2/.dylibs/libSDL2-2.0.0.dylib (0x312bb0a20). This may cause spurious casting failures and mysterious crashes. One of the duplicates must be removed or renamed.
objc[57196]: Class SDL_ShapeData is implemented in both /Users/linmuyi/miniconda3/envs/llm_gs/lib/python3.9/site-packages/pygame/.dylibs/libSDL2-2.0.0.dylib (0x106c054d0) and /Users/linmuyi/miniconda3/envs/llm_gs/lib/python3.9/site-packages/cv2/.dylibs/libSDL2-2.0.0.dylib (0x312bb0a98). This may cause spurious casting failures and mysterious crashes. One of the duplicates must be removed or renamed.
objc[57196]: Class SDL_CocoaClosure is implemented in both /Users/linmuyi/miniconda3/envs/llm_gs/lib/python3.9/site-packages/pygame/.dylibs/libSDL2-2.0.0.dylib (0x106c05520) and /Users/linmuyi/miniconda3/envs/llm_gs/lib/python3.9/site-packages/cv2/.dylibs/libSDL2-2.0.0.dylib (0x312bb0ae8). This may cause spurious casting failures and mysterious crashes. One of the duplicates must be removed or renamed.
objc[57196]: Class SDL_VideoData is implemented in both /Users/linmuyi/miniconda3/envs/llm_gs/lib/python3.9/site-packages/pygame/.dylibs/libSDL2-2.0.0.dylib (0x106c05570) and /Users/linmuyi/miniconda3/envs/llm_gs/lib/python3.9/site-packages/cv2/.dylibs/libSDL2-2.0.0.dylib (0x312bb0b38). This may cause spurious casting failures and mysterious crashes. One of the duplicates must be removed or renamed.
objc[57196]: Class SDL_WindowData is implemented in both /Users/linmuyi/miniconda3/envs/llm_gs/lib/python3.9/site-packages/pygame/.dylibs/libSDL2-2.0.0.dylib (0x106c055c0) and /Users/linmuyi/miniconda3/envs/llm_gs/lib/python3.9/site-packages/cv2/.dylibs/libSDL2-2.0.0.dylib (0x312bb0b88). This may cause spurious casting failures and mysterious crashes. One of the duplicates must be removed or renamed.
objc[57196]: Class SDLWindow is implemented in both /Users/linmuyi/miniconda3/envs/llm_gs/lib/python3.9/site-packages/pygame/.dylibs/libSDL2-2.0.0.dylib (0x106c055e8) and /Users/linmuyi/miniconda3/envs/llm_gs/lib/python3.9/site-packages/cv2/.dylibs/libSDL2-2.0.0.dylib (0x312bb0bb0). This may cause spurious casting failures and mysterious crashes. One of the duplicates must be removed or renamed.
objc[57196]: Class Cocoa_WindowListener is implemented in both /Users/linmuyi/miniconda3/envs/llm_gs/lib/python3.9/site-packages/pygame/.dylibs/libSDL2-2.0.0.dylib (0x106c05610) and /Users/linmuyi/miniconda3/envs/llm_gs/lib/python3.9/site-packages/cv2/.dylibs/libSDL2-2.0.0.dylib (0x312bb0bd8). This may cause spurious casting failures and mysterious crashes. One of the duplicates must be removed or renamed.
objc[57196]: Class SDLView is implemented in both /Users/linmuyi/miniconda3/envs/llm_gs/lib/python3.9/site-packages/pygame/.dylibs/libSDL2-2.0.0.dylib (0x106c05688) and /Users/linmuyi/miniconda3/envs/llm_gs/lib/python3.9/site-packages/cv2/.dylibs/libSDL2-2.0.0.dylib (0x312bb0c50). This may cause spurious casting failures and mysterious crashes. One of the duplicates must be removed or renamed.
objc[57196]: Class METAL_RenderData is implemented in both /Users/linmuyi/miniconda3/envs/llm_gs/lib/python3.9/site-packages/pygame/.dylibs/libSDL2-2.0.0.dylib (0x106c05700) and /Users/linmuyi/miniconda3/envs/llm_gs/lib/python3.9/site-packages/cv2/.dylibs/libSDL2-2.0.0.dylib (0x312bb0cc8). This may cause spurious casting failures and mysterious crashes. One of the duplicates must be removed or renamed.
objc[57196]: Class METAL_TextureData is implemented in both /Users/linmuyi/miniconda3/envs/llm_gs/lib/python3.9/site-packages/pygame/.dylibs/libSDL2-2.0.0.dylib (0x106c05750) and /Users/linmuyi/miniconda3/envs/llm_gs/lib/python3.9/site-packages/cv2/.dylibs/libSDL2-2.0.0.dylib (0x312bb0d18). This may cause spurious casting failures and mysterious crashes. One of the duplicates must be removed or renamed.
objc[57196]: Class SDL_RumbleMotor is implemented in both /Users/linmuyi/miniconda3/envs/llm_gs/lib/python3.9/site-packages/pygame/.dylibs/libSDL2-2.0.0.dylib (0x106c05778) and /Users/linmuyi/miniconda3/envs/llm_gs/lib/python3.9/site-packages/cv2/.dylibs/libSDL2-2.0.0.dylib (0x312bb0d40). This may cause spurious casting failures and mysterious crashes. One of the duplicates must be removed or renamed.
objc[57196]: Class SDL_RumbleContext is implemented in both /Users/linmuyi/miniconda3/envs/llm_gs/lib/python3.9/site-packages/pygame/.dylibs/libSDL2-2.0.0.dylib (0x106c057c8) and /Users/linmuyi/miniconda3/envs/llm_gs/lib/python3.9/site-packages/cv2/.dylibs/libSDL2-2.0.0.dylib (0x312bb0d90). This may cause spurious casting failures and mysterious crashes. One of the duplicates must be removed or renamed.
[random_curriculum] 1500000 steps, 30 checkpoints, curriculum

  steps=  50000  held=0.08  gate=0.07  bins=1/3  active= 30  (134s)
  steps= 100000  held=0.05  gate=0.01  bins=1/3  active= 30  (263s)
  steps= 150000  held=0.07  gate=0.07  bins=1/3  active= 30  (391s)
  steps= 200000  held=0.01  gate=0.00  bins=1/3  active= 30  (521s)
  steps= 250000  held=0.00  gate=0.00  bins=1/3  active= 30  (652s)
  steps= 300000  held=0.03  gate=0.04  bins=1/3  active= 30  (789s)
  steps= 350000  held=0.06  gate=0.06  bins=1/3  active= 30  (925s)
  steps= 400000  held=0.07  gate=0.08  bins=2/3  active= 60  [UNLOCK:deadline]  (1063s)
  steps= 450000  held=0.09  gate=0.07  bins=2/3  active= 60  (1193s)
  steps= 500000  held=0.07  gate=0.06  bins=2/3  active= 60  (1322s)
  steps= 550000  held=0.12  gate=0.07  bins=2/3  active= 60  (1460s)
  steps= 600000  held=0.03  gate=0.03  bins=2/3  active= 60  (1595s)
  steps= 650000  held=0.08  gate=0.04  bins=2/3  active= 60  (1733s)
  steps= 700000  held=0.00  gate=0.00  bins=2/3  active= 60  (1918s)
  steps= 750000  held=0.08  gate=0.03  bins=2/3  active= 60  (2149s)
  steps= 800000  held=0.03  gate=0.03  bins=3/3  active= 90  [UNLOCK:deadline]  (2400s)
  steps= 850000  held=0.24  gate=0.24  bins=3/3  active= 90  (2563s)
  steps= 900000  held=0.03  gate=0.03  bins=3/3  active= 90  (2742s)
  steps= 950000  held=0.28  gate=0.28  bins=3/3  active= 90  (2902s)
  steps=1000000  held=0.12  gate=0.12  bins=3/3  active= 90  (3072s)
  steps=1050000  held=0.03  gate=0.03  bins=3/3  active= 90  (3246s)
  steps=1100000  held=0.17  gate=0.17  bins=3/3  active= 90  (3417s)
  steps=1150000  held=0.19  gate=0.19  bins=3/3  active= 90  (3595s)
  steps=1200000  held=0.10  gate=0.10  bins=3/3  active= 90  (3766s)
  steps=1250000  held=0.24  gate=0.24  bins=3/3  active= 90  (3965s)
  steps=1300000  held=0.35  gate=0.35  bins=3/3  active= 90  (4157s)
  steps=1350000  held=0.42  gate=0.42  bins=3/3  active= 90  (4324s)
  steps=1400000  held=0.36  gate=0.36  bins=3/3  active= 90  (4496s)
  steps=1450000  held=0.36  gate=0.36  bins=3/3  active= 90  (4658s)
  steps=1500000  held=0.51  gate=0.51  bins=3/3  active= 90  (4808s)

[random_curriculum] DONE  final held=0.51  steps_to_0.3=1,300,000  wall=4808s  -> random_curriculum_seed14.json
[random_curriculum] per-cell held: s19N0=0.51
