[path_len] train=90 layouts  held-out=36 layouts
objc[4613]: Class SDLApplication is implemented in both /Users/linmuyi/miniconda3/envs/llm_gs/lib/python3.9/site-packages/pygame/.dylibs/libSDL2-2.0.0.dylib (0x107ad12c8) and /Users/linmuyi/miniconda3/envs/llm_gs/lib/python3.9/site-packages/cv2/.dylibs/libSDL2-2.0.0.dylib (0x142868890). This may cause spurious casting failures and mysterious crashes. One of the duplicates must be removed or renamed.
objc[4613]: Class SDLAppDelegate is implemented in both /Users/linmuyi/miniconda3/envs/llm_gs/lib/python3.9/site-packages/pygame/.dylibs/libSDL2-2.0.0.dylib (0x107ad1318) and /Users/linmuyi/miniconda3/envs/llm_gs/lib/python3.9/site-packages/cv2/.dylibs/libSDL2-2.0.0.dylib (0x1428688e0). This may cause spurious casting failures and mysterious crashes. One of the duplicates must be removed or renamed.
objc[4613]: Class SDLTranslatorResponder is implemented in both /Users/linmuyi/miniconda3/envs/llm_gs/lib/python3.9/site-packages/pygame/.dylibs/libSDL2-2.0.0.dylib (0x107ad1390) and /Users/linmuyi/miniconda3/envs/llm_gs/lib/python3.9/site-packages/cv2/.dylibs/libSDL2-2.0.0.dylib (0x142868958). This may cause spurious casting failures and mysterious crashes. One of the duplicates must be removed or renamed.
objc[4613]: Class SDLMessageBoxPresenter is implemented in both /Users/linmuyi/miniconda3/envs/llm_gs/lib/python3.9/site-packages/pygame/.dylibs/libSDL2-2.0.0.dylib (0x107ad13b8) and /Users/linmuyi/miniconda3/envs/llm_gs/lib/python3.9/site-packages/cv2/.dylibs/libSDL2-2.0.0.dylib (0x142868980). This may cause spurious casting failures and mysterious crashes. One of the duplicates must be removed or renamed.
objc[4613]: Class SDL_cocoametalview is implemented in both /Users/linmuyi/miniconda3/envs/llm_gs/lib/python3.9/site-packages/pygame/.dylibs/libSDL2-2.0.0.dylib (0x107ad1408) and /Users/linmuyi/miniconda3/envs/llm_gs/lib/python3.9/site-packages/cv2/.dylibs/libSDL2-2.0.0.dylib (0x1428689d0). This may cause spurious casting failures and mysterious crashes. One of the duplicates must be removed or renamed.
objc[4613]: Class SDLOpenGLContext is implemented in both /Users/linmuyi/miniconda3/envs/llm_gs/lib/python3.9/site-packages/pygame/.dylibs/libSDL2-2.0.0.dylib (0x107ad1458) and /Users/linmuyi/miniconda3/envs/llm_gs/lib/python3.9/site-packages/cv2/.dylibs/libSDL2-2.0.0.dylib (0x142868a20). This may cause spurious casting failures and mysterious crashes. One of the duplicates must be removed or renamed.
objc[4613]: Class SDL_ShapeData is implemented in both /Users/linmuyi/miniconda3/envs/llm_gs/lib/python3.9/site-packages/pygame/.dylibs/libSDL2-2.0.0.dylib (0x107ad14d0) and /Users/linmuyi/miniconda3/envs/llm_gs/lib/python3.9/site-packages/cv2/.dylibs/libSDL2-2.0.0.dylib (0x142868a98). This may cause spurious casting failures and mysterious crashes. One of the duplicates must be removed or renamed.
objc[4613]: Class SDL_CocoaClosure is implemented in both /Users/linmuyi/miniconda3/envs/llm_gs/lib/python3.9/site-packages/pygame/.dylibs/libSDL2-2.0.0.dylib (0x107ad1520) and /Users/linmuyi/miniconda3/envs/llm_gs/lib/python3.9/site-packages/cv2/.dylibs/libSDL2-2.0.0.dylib (0x142868ae8). This may cause spurious casting failures and mysterious crashes. One of the duplicates must be removed or renamed.
objc[4613]: Class SDL_VideoData is implemented in both /Users/linmuyi/miniconda3/envs/llm_gs/lib/python3.9/site-packages/pygame/.dylibs/libSDL2-2.0.0.dylib (0x107ad1570) and /Users/linmuyi/miniconda3/envs/llm_gs/lib/python3.9/site-packages/cv2/.dylibs/libSDL2-2.0.0.dylib (0x142868b38). This may cause spurious casting failures and mysterious crashes. One of the duplicates must be removed or renamed.
objc[4613]: Class SDL_WindowData is implemented in both /Users/linmuyi/miniconda3/envs/llm_gs/lib/python3.9/site-packages/pygame/.dylibs/libSDL2-2.0.0.dylib (0x107ad15c0) and /Users/linmuyi/miniconda3/envs/llm_gs/lib/python3.9/site-packages/cv2/.dylibs/libSDL2-2.0.0.dylib (0x142868b88). This may cause spurious casting failures and mysterious crashes. One of the duplicates must be removed or renamed.
objc[4613]: Class SDLWindow is implemented in both /Users/linmuyi/miniconda3/envs/llm_gs/lib/python3.9/site-packages/pygame/.dylibs/libSDL2-2.0.0.dylib (0x107ad15e8) and /Users/linmuyi/miniconda3/envs/llm_gs/lib/python3.9/site-packages/cv2/.dylibs/libSDL2-2.0.0.dylib (0x142868bb0). This may cause spurious casting failures and mysterious crashes. One of the duplicates must be removed or renamed.
objc[4613]: Class Cocoa_WindowListener is implemented in both /Users/linmuyi/miniconda3/envs/llm_gs/lib/python3.9/site-packages/pygame/.dylibs/libSDL2-2.0.0.dylib (0x107ad1610) and /Users/linmuyi/miniconda3/envs/llm_gs/lib/python3.9/site-packages/cv2/.dylibs/libSDL2-2.0.0.dylib (0x142868bd8). This may cause spurious casting failures and mysterious crashes. One of the duplicates must be removed or renamed.
objc[4613]: Class SDLView is implemented in both /Users/linmuyi/miniconda3/envs/llm_gs/lib/python3.9/site-packages/pygame/.dylibs/libSDL2-2.0.0.dylib (0x107ad1688) and /Users/linmuyi/miniconda3/envs/llm_gs/lib/python3.9/site-packages/cv2/.dylibs/libSDL2-2.0.0.dylib (0x142868c50). This may cause spurious casting failures and mysterious crashes. One of the duplicates must be removed or renamed.
objc[4613]: Class METAL_RenderData is implemented in both /Users/linmuyi/miniconda3/envs/llm_gs/lib/python3.9/site-packages/pygame/.dylibs/libSDL2-2.0.0.dylib (0x107ad1700) and /Users/linmuyi/miniconda3/envs/llm_gs/lib/python3.9/site-packages/cv2/.dylibs/libSDL2-2.0.0.dylib (0x142868cc8). This may cause spurious casting failures and mysterious crashes. One of the duplicates must be removed or renamed.
objc[4613]: Class METAL_TextureData is implemented in both /Users/linmuyi/miniconda3/envs/llm_gs/lib/python3.9/site-packages/pygame/.dylibs/libSDL2-2.0.0.dylib (0x107ad1750) and /Users/linmuyi/miniconda3/envs/llm_gs/lib/python3.9/site-packages/cv2/.dylibs/libSDL2-2.0.0.dylib (0x142868d18). This may cause spurious casting failures and mysterious crashes. One of the duplicates must be removed or renamed.
objc[4613]: Class SDL_RumbleMotor is implemented in both /Users/linmuyi/miniconda3/envs/llm_gs/lib/python3.9/site-packages/pygame/.dylibs/libSDL2-2.0.0.dylib (0x107ad1778) and /Users/linmuyi/miniconda3/envs/llm_gs/lib/python3.9/site-packages/cv2/.dylibs/libSDL2-2.0.0.dylib (0x142868d40). This may cause spurious casting failures and mysterious crashes. One of the duplicates must be removed or renamed.
objc[4613]: Class SDL_RumbleContext is implemented in both /Users/linmuyi/miniconda3/envs/llm_gs/lib/python3.9/site-packages/pygame/.dylibs/libSDL2-2.0.0.dylib (0x107ad17c8) and /Users/linmuyi/miniconda3/envs/llm_gs/lib/python3.9/site-packages/cv2/.dylibs/libSDL2-2.0.0.dylib (0x142868d90). This may cause spurious casting failures and mysterious crashes. One of the duplicates must be removed or renamed.
[path_len] 1500000 steps, 30 checkpoints, curriculum

  steps=  50000  held=0.06  gate=0.03  bins=1/3  active= 30  (138s)
  steps= 100000  held=0.21  gate=0.31  bins=1/3  active= 30  (258s)
  steps= 150000  held=0.38  gate=0.65  bins=2/3  active= 60  [UNLOCK:gate]  (363s)
  steps= 200000  held=0.37  gate=0.58  bins=3/3  active= 90  [UNLOCK:gate]  (468s)
  steps= 250000  held=0.12  gate=0.12  bins=3/3  active= 90  (565s)
  steps= 300000  held=0.00  gate=0.00  bins=3/3  active= 90  (663s)
  steps= 350000  held=0.00  gate=0.00  bins=3/3  active= 90  (765s)
  steps= 400000  held=0.00  gate=0.00  bins=3/3  active= 90  (868s)
  steps= 450000  held=0.03  gate=0.03  bins=3/3  active= 90  (971s)
  steps= 500000  held=0.06  gate=0.06  bins=3/3  active= 90  (1078s)
  steps= 550000  held=0.00  gate=0.00  bins=3/3  active= 90  (1184s)
  steps= 600000  held=0.00  gate=0.00  bins=3/3  active= 90  (1294s)
  steps= 650000  held=0.00  gate=0.00  bins=3/3  active= 90  (1401s)
  steps= 700000  held=0.06  gate=0.06  bins=3/3  active= 90  (1502s)
  steps= 750000  held=0.01  gate=0.01  bins=3/3  active= 90  (1600s)
  steps= 800000  held=0.01  gate=0.01  bins=3/3  active= 90  (1700s)
  steps= 850000  held=0.03  gate=0.03  bins=3/3  active= 90  (1807s)
  steps= 900000  held=0.06  gate=0.06  bins=3/3  active= 90  (1908s)
  steps= 950000  held=0.27  gate=0.27  bins=3/3  active= 90  (1998s)
  steps=1000000  held=0.10  gate=0.10  bins=3/3  active= 90  (2098s)
  steps=1050000  held=0.01  gate=0.01  bins=3/3  active= 90  (2201s)
  steps=1100000  held=0.23  gate=0.23  bins=3/3  active= 90  (2291s)
  steps=1150000  held=0.08  gate=0.08  bins=3/3  active= 90  (2388s)
  steps=1200000  held=0.01  gate=0.01  bins=3/3  active= 90  (2483s)
  steps=1250000  held=0.05  gate=0.05  bins=3/3  active= 90  (2583s)
  steps=1300000  held=0.22  gate=0.22  bins=3/3  active= 90  (2683s)
  steps=1350000  held=0.00  gate=0.00  bins=3/3  active= 90  (2786s)
  steps=1400000  held=0.00  gate=0.00  bins=3/3  active= 90  (2891s)
  steps=1450000  held=0.02  gate=0.02  bins=3/3  active= 90  (2993s)
  steps=1500000  held=0.34  gate=0.34  bins=3/3  active= 90  (3082s)

[path_len] DONE  final held=0.34  steps_to_0.3=150,000  wall=3082s  -> path_len_seed9.json
[path_len] per-cell held: s19N0=0.34
