[path_len] train=90 layouts  held-out=36 layouts
objc[54773]: Class SDLApplication is implemented in both /Users/linmuyi/miniconda3/envs/llm_gs/lib/python3.9/site-packages/pygame/.dylibs/libSDL2-2.0.0.dylib (0x10716d2c8) and /Users/linmuyi/miniconda3/envs/llm_gs/lib/python3.9/site-packages/cv2/.dylibs/libSDL2-2.0.0.dylib (0x16df6c890). This may cause spurious casting failures and mysterious crashes. One of the duplicates must be removed or renamed.
objc[54773]: Class SDLAppDelegate is implemented in both /Users/linmuyi/miniconda3/envs/llm_gs/lib/python3.9/site-packages/pygame/.dylibs/libSDL2-2.0.0.dylib (0x10716d318) and /Users/linmuyi/miniconda3/envs/llm_gs/lib/python3.9/site-packages/cv2/.dylibs/libSDL2-2.0.0.dylib (0x16df6c8e0). This may cause spurious casting failures and mysterious crashes. One of the duplicates must be removed or renamed.
objc[54773]: Class SDLTranslatorResponder is implemented in both /Users/linmuyi/miniconda3/envs/llm_gs/lib/python3.9/site-packages/pygame/.dylibs/libSDL2-2.0.0.dylib (0x10716d390) and /Users/linmuyi/miniconda3/envs/llm_gs/lib/python3.9/site-packages/cv2/.dylibs/libSDL2-2.0.0.dylib (0x16df6c958). This may cause spurious casting failures and mysterious crashes. One of the duplicates must be removed or renamed.
objc[54773]: Class SDLMessageBoxPresenter is implemented in both /Users/linmuyi/miniconda3/envs/llm_gs/lib/python3.9/site-packages/pygame/.dylibs/libSDL2-2.0.0.dylib (0x10716d3b8) and /Users/linmuyi/miniconda3/envs/llm_gs/lib/python3.9/site-packages/cv2/.dylibs/libSDL2-2.0.0.dylib (0x16df6c980). This may cause spurious casting failures and mysterious crashes. One of the duplicates must be removed or renamed.
objc[54773]: Class SDL_cocoametalview is implemented in both /Users/linmuyi/miniconda3/envs/llm_gs/lib/python3.9/site-packages/pygame/.dylibs/libSDL2-2.0.0.dylib (0x10716d408) and /Users/linmuyi/miniconda3/envs/llm_gs/lib/python3.9/site-packages/cv2/.dylibs/libSDL2-2.0.0.dylib (0x16df6c9d0). This may cause spurious casting failures and mysterious crashes. One of the duplicates must be removed or renamed.
objc[54773]: Class SDLOpenGLContext is implemented in both /Users/linmuyi/miniconda3/envs/llm_gs/lib/python3.9/site-packages/pygame/.dylibs/libSDL2-2.0.0.dylib (0x10716d458) and /Users/linmuyi/miniconda3/envs/llm_gs/lib/python3.9/site-packages/cv2/.dylibs/libSDL2-2.0.0.dylib (0x16df6ca20). This may cause spurious casting failures and mysterious crashes. One of the duplicates must be removed or renamed.
objc[54773]: Class SDL_ShapeData is implemented in both /Users/linmuyi/miniconda3/envs/llm_gs/lib/python3.9/site-packages/pygame/.dylibs/libSDL2-2.0.0.dylib (0x10716d4d0) and /Users/linmuyi/miniconda3/envs/llm_gs/lib/python3.9/site-packages/cv2/.dylibs/libSDL2-2.0.0.dylib (0x16df6ca98). This may cause spurious casting failures and mysterious crashes. One of the duplicates must be removed or renamed.
objc[54773]: Class SDL_CocoaClosure is implemented in both /Users/linmuyi/miniconda3/envs/llm_gs/lib/python3.9/site-packages/pygame/.dylibs/libSDL2-2.0.0.dylib (0x10716d520) and /Users/linmuyi/miniconda3/envs/llm_gs/lib/python3.9/site-packages/cv2/.dylibs/libSDL2-2.0.0.dylib (0x16df6cae8). This may cause spurious casting failures and mysterious crashes. One of the duplicates must be removed or renamed.
objc[54773]: Class SDL_VideoData is implemented in both /Users/linmuyi/miniconda3/envs/llm_gs/lib/python3.9/site-packages/pygame/.dylibs/libSDL2-2.0.0.dylib (0x10716d570) and /Users/linmuyi/miniconda3/envs/llm_gs/lib/python3.9/site-packages/cv2/.dylibs/libSDL2-2.0.0.dylib (0x16df6cb38). This may cause spurious casting failures and mysterious crashes. One of the duplicates must be removed or renamed.
objc[54773]: Class SDL_WindowData is implemented in both /Users/linmuyi/miniconda3/envs/llm_gs/lib/python3.9/site-packages/pygame/.dylibs/libSDL2-2.0.0.dylib (0x10716d5c0) and /Users/linmuyi/miniconda3/envs/llm_gs/lib/python3.9/site-packages/cv2/.dylibs/libSDL2-2.0.0.dylib (0x16df6cb88). This may cause spurious casting failures and mysterious crashes. One of the duplicates must be removed or renamed.
objc[54773]: Class SDLWindow is implemented in both /Users/linmuyi/miniconda3/envs/llm_gs/lib/python3.9/site-packages/pygame/.dylibs/libSDL2-2.0.0.dylib (0x10716d5e8) and /Users/linmuyi/miniconda3/envs/llm_gs/lib/python3.9/site-packages/cv2/.dylibs/libSDL2-2.0.0.dylib (0x16df6cbb0). This may cause spurious casting failures and mysterious crashes. One of the duplicates must be removed or renamed.
objc[54773]: Class Cocoa_WindowListener is implemented in both /Users/linmuyi/miniconda3/envs/llm_gs/lib/python3.9/site-packages/pygame/.dylibs/libSDL2-2.0.0.dylib (0x10716d610) and /Users/linmuyi/miniconda3/envs/llm_gs/lib/python3.9/site-packages/cv2/.dylibs/libSDL2-2.0.0.dylib (0x16df6cbd8). This may cause spurious casting failures and mysterious crashes. One of the duplicates must be removed or renamed.
objc[54773]: Class SDLView is implemented in both /Users/linmuyi/miniconda3/envs/llm_gs/lib/python3.9/site-packages/pygame/.dylibs/libSDL2-2.0.0.dylib (0x10716d688) and /Users/linmuyi/miniconda3/envs/llm_gs/lib/python3.9/site-packages/cv2/.dylibs/libSDL2-2.0.0.dylib (0x16df6cc50). This may cause spurious casting failures and mysterious crashes. One of the duplicates must be removed or renamed.
objc[54773]: Class METAL_RenderData is implemented in both /Users/linmuyi/miniconda3/envs/llm_gs/lib/python3.9/site-packages/pygame/.dylibs/libSDL2-2.0.0.dylib (0x10716d700) and /Users/linmuyi/miniconda3/envs/llm_gs/lib/python3.9/site-packages/cv2/.dylibs/libSDL2-2.0.0.dylib (0x16df6ccc8). This may cause spurious casting failures and mysterious crashes. One of the duplicates must be removed or renamed.
objc[54773]: Class METAL_TextureData is implemented in both /Users/linmuyi/miniconda3/envs/llm_gs/lib/python3.9/site-packages/pygame/.dylibs/libSDL2-2.0.0.dylib (0x10716d750) and /Users/linmuyi/miniconda3/envs/llm_gs/lib/python3.9/site-packages/cv2/.dylibs/libSDL2-2.0.0.dylib (0x16df6cd18). This may cause spurious casting failures and mysterious crashes. One of the duplicates must be removed or renamed.
objc[54773]: Class SDL_RumbleMotor is implemented in both /Users/linmuyi/miniconda3/envs/llm_gs/lib/python3.9/site-packages/pygame/.dylibs/libSDL2-2.0.0.dylib (0x10716d778) and /Users/linmuyi/miniconda3/envs/llm_gs/lib/python3.9/site-packages/cv2/.dylibs/libSDL2-2.0.0.dylib (0x16df6cd40). This may cause spurious casting failures and mysterious crashes. One of the duplicates must be removed or renamed.
objc[54773]: Class SDL_RumbleContext is implemented in both /Users/linmuyi/miniconda3/envs/llm_gs/lib/python3.9/site-packages/pygame/.dylibs/libSDL2-2.0.0.dylib (0x10716d7c8) and /Users/linmuyi/miniconda3/envs/llm_gs/lib/python3.9/site-packages/cv2/.dylibs/libSDL2-2.0.0.dylib (0x16df6cd90). This may cause spurious casting failures and mysterious crashes. One of the duplicates must be removed or renamed.
[path_len] 1500000 steps, 30 checkpoints, curriculum

  steps=  50000  held=0.44  gate=0.62  bins=2/3  active= 60  [UNLOCK:gate]  (108s)
  steps= 100000  held=0.31  gate=0.40  bins=2/3  active= 60  (227s)
  steps= 150000  held=0.02  gate=0.04  bins=2/3  active= 60  (359s)
  steps= 200000  held=0.02  gate=0.03  bins=2/3  active= 60  (489s)
  steps= 250000  held=0.08  gate=0.08  bins=2/3  active= 60  (618s)
  steps= 300000  held=0.06  gate=0.10  bins=2/3  active= 60  (746s)
  steps= 350000  held=0.02  gate=0.03  bins=2/3  active= 60  (876s)
  steps= 400000  held=0.00  gate=0.00  bins=2/3  active= 60  (1012s)
  steps= 450000  held=0.03  gate=0.01  bins=3/3  active= 90  [UNLOCK:deadline]  (1149s)
  steps= 500000  held=0.01  gate=0.01  bins=3/3  active= 90  (1251s)
  steps= 550000  held=0.01  gate=0.01  bins=3/3  active= 90  (1354s)
  steps= 600000  held=0.09  gate=0.09  bins=3/3  active= 90  (1449s)
  steps= 650000  held=0.08  gate=0.08  bins=3/3  active= 90  (1545s)
  steps= 700000  held=0.38  gate=0.38  bins=3/3  active= 90  (1632s)
  steps= 750000  held=0.47  gate=0.47  bins=3/3  active= 90  (1716s)
  steps= 800000  held=0.49  gate=0.49  bins=3/3  active= 90  (1796s)
  steps= 850000  held=0.62  gate=0.62  bins=3/3  active= 90  (1862s)
  steps= 900000  held=0.58  gate=0.58  bins=3/3  active= 90  (1932s)
  steps= 950000  held=0.60  gate=0.60  bins=3/3  active= 90  (2000s)
  steps=1000000  held=0.61  gate=0.61  bins=3/3  active= 90  (2072s)
  steps=1050000  held=0.48  gate=0.48  bins=3/3  active= 90  (2204s)
  steps=1100000  held=0.60  gate=0.60  bins=3/3  active= 90  (2319s)
  steps=1150000  held=0.54  gate=0.54  bins=3/3  active= 90  (2450s)
  steps=1200000  held=0.60  gate=0.60  bins=3/3  active= 90  (2581s)
  steps=1250000  held=0.69  gate=0.69  bins=3/3  active= 90  (2697s)
  steps=1300000  held=0.72  gate=0.72  bins=3/3  active= 90  (2802s)
  steps=1350000  held=0.74  gate=0.74  bins=3/3  active= 90  (2912s)
  steps=1400000  held=0.59  gate=0.59  bins=3/3  active= 90  (3027s)
  steps=1450000  held=0.53  gate=0.53  bins=3/3  active= 90  (3147s)
  steps=1500000  held=0.65  gate=0.65  bins=3/3  active= 90  (3256s)

[path_len] DONE  final held=0.65  steps_to_0.3=50,000  wall=3256s  -> path_len_seed13.json
[path_len] per-cell held: s19N0=0.65
