[wall_count] train=90 layouts  held-out=36 layouts
objc[29380]: Class SDLApplication is implemented in both /Users/linmuyi/miniconda3/envs/llm_gs/lib/python3.9/site-packages/pygame/.dylibs/libSDL2-2.0.0.dylib (0x1087e92c8) and /Users/linmuyi/miniconda3/envs/llm_gs/lib/python3.9/site-packages/cv2/.dylibs/libSDL2-2.0.0.dylib (0x14a16c890). This may cause spurious casting failures and mysterious crashes. One of the duplicates must be removed or renamed.
objc[29380]: Class SDLAppDelegate is implemented in both /Users/linmuyi/miniconda3/envs/llm_gs/lib/python3.9/site-packages/pygame/.dylibs/libSDL2-2.0.0.dylib (0x1087e9318) and /Users/linmuyi/miniconda3/envs/llm_gs/lib/python3.9/site-packages/cv2/.dylibs/libSDL2-2.0.0.dylib (0x14a16c8e0). This may cause spurious casting failures and mysterious crashes. One of the duplicates must be removed or renamed.
objc[29380]: Class SDLTranslatorResponder is implemented in both /Users/linmuyi/miniconda3/envs/llm_gs/lib/python3.9/site-packages/pygame/.dylibs/libSDL2-2.0.0.dylib (0x1087e9390) and /Users/linmuyi/miniconda3/envs/llm_gs/lib/python3.9/site-packages/cv2/.dylibs/libSDL2-2.0.0.dylib (0x14a16c958). This may cause spurious casting failures and mysterious crashes. One of the duplicates must be removed or renamed.
objc[29380]: Class SDLMessageBoxPresenter is implemented in both /Users/linmuyi/miniconda3/envs/llm_gs/lib/python3.9/site-packages/pygame/.dylibs/libSDL2-2.0.0.dylib (0x1087e93b8) and /Users/linmuyi/miniconda3/envs/llm_gs/lib/python3.9/site-packages/cv2/.dylibs/libSDL2-2.0.0.dylib (0x14a16c980). This may cause spurious casting failures and mysterious crashes. One of the duplicates must be removed or renamed.
objc[29380]: Class SDL_cocoametalview is implemented in both /Users/linmuyi/miniconda3/envs/llm_gs/lib/python3.9/site-packages/pygame/.dylibs/libSDL2-2.0.0.dylib (0x1087e9408) and /Users/linmuyi/miniconda3/envs/llm_gs/lib/python3.9/site-packages/cv2/.dylibs/libSDL2-2.0.0.dylib (0x14a16c9d0). This may cause spurious casting failures and mysterious crashes. One of the duplicates must be removed or renamed.
objc[29380]: Class SDLOpenGLContext is implemented in both /Users/linmuyi/miniconda3/envs/llm_gs/lib/python3.9/site-packages/pygame/.dylibs/libSDL2-2.0.0.dylib (0x1087e9458) and /Users/linmuyi/miniconda3/envs/llm_gs/lib/python3.9/site-packages/cv2/.dylibs/libSDL2-2.0.0.dylib (0x14a16ca20). This may cause spurious casting failures and mysterious crashes. One of the duplicates must be removed or renamed.
objc[29380]: Class SDL_ShapeData is implemented in both /Users/linmuyi/miniconda3/envs/llm_gs/lib/python3.9/site-packages/pygame/.dylibs/libSDL2-2.0.0.dylib (0x1087e94d0) and /Users/linmuyi/miniconda3/envs/llm_gs/lib/python3.9/site-packages/cv2/.dylibs/libSDL2-2.0.0.dylib (0x14a16ca98). This may cause spurious casting failures and mysterious crashes. One of the duplicates must be removed or renamed.
objc[29380]: Class SDL_CocoaClosure is implemented in both /Users/linmuyi/miniconda3/envs/llm_gs/lib/python3.9/site-packages/pygame/.dylibs/libSDL2-2.0.0.dylib (0x1087e9520) and /Users/linmuyi/miniconda3/envs/llm_gs/lib/python3.9/site-packages/cv2/.dylibs/libSDL2-2.0.0.dylib (0x14a16cae8). This may cause spurious casting failures and mysterious crashes. One of the duplicates must be removed or renamed.
objc[29380]: Class SDL_VideoData is implemented in both /Users/linmuyi/miniconda3/envs/llm_gs/lib/python3.9/site-packages/pygame/.dylibs/libSDL2-2.0.0.dylib (0x1087e9570) and /Users/linmuyi/miniconda3/envs/llm_gs/lib/python3.9/site-packages/cv2/.dylibs/libSDL2-2.0.0.dylib (0x14a16cb38). This may cause spurious casting failures and mysterious crashes. One of the duplicates must be removed or renamed.
objc[29380]: Class SDL_WindowData is implemented in both /Users/linmuyi/miniconda3/envs/llm_gs/lib/python3.9/site-packages/pygame/.dylibs/libSDL2-2.0.0.dylib (0x1087e95c0) and /Users/linmuyi/miniconda3/envs/llm_gs/lib/python3.9/site-packages/cv2/.dylibs/libSDL2-2.0.0.dylib (0x14a16cb88). This may cause spurious casting failures and mysterious crashes. One of the duplicates must be removed or renamed.
objc[29380]: Class SDLWindow is implemented in both /Users/linmuyi/miniconda3/envs/llm_gs/lib/python3.9/site-packages/pygame/.dylibs/libSDL2-2.0.0.dylib (0x1087e95e8) and /Users/linmuyi/miniconda3/envs/llm_gs/lib/python3.9/site-packages/cv2/.dylibs/libSDL2-2.0.0.dylib (0x14a16cbb0). This may cause spurious casting failures and mysterious crashes. One of the duplicates must be removed or renamed.
objc[29380]: Class Cocoa_WindowListener is implemented in both /Users/linmuyi/miniconda3/envs/llm_gs/lib/python3.9/site-packages/pygame/.dylibs/libSDL2-2.0.0.dylib (0x1087e9610) and /Users/linmuyi/miniconda3/envs/llm_gs/lib/python3.9/site-packages/cv2/.dylibs/libSDL2-2.0.0.dylib (0x14a16cbd8). This may cause spurious casting failures and mysterious crashes. One of the duplicates must be removed or renamed.
objc[29380]: Class SDLView is implemented in both /Users/linmuyi/miniconda3/envs/llm_gs/lib/python3.9/site-packages/pygame/.dylibs/libSDL2-2.0.0.dylib (0x1087e9688) and /Users/linmuyi/miniconda3/envs/llm_gs/lib/python3.9/site-packages/cv2/.dylibs/libSDL2-2.0.0.dylib (0x14a16cc50). This may cause spurious casting failures and mysterious crashes. One of the duplicates must be removed or renamed.
objc[29380]: Class METAL_RenderData is implemented in both /Users/linmuyi/miniconda3/envs/llm_gs/lib/python3.9/site-packages/pygame/.dylibs/libSDL2-2.0.0.dylib (0x1087e9700) and /Users/linmuyi/miniconda3/envs/llm_gs/lib/python3.9/site-packages/cv2/.dylibs/libSDL2-2.0.0.dylib (0x14a16ccc8). This may cause spurious casting failures and mysterious crashes. One of the duplicates must be removed or renamed.
objc[29380]: Class METAL_TextureData is implemented in both /Users/linmuyi/miniconda3/envs/llm_gs/lib/python3.9/site-packages/pygame/.dylibs/libSDL2-2.0.0.dylib (0x1087e9750) and /Users/linmuyi/miniconda3/envs/llm_gs/lib/python3.9/site-packages/cv2/.dylibs/libSDL2-2.0.0.dylib (0x14a16cd18). This may cause spurious casting failures and mysterious crashes. One of the duplicates must be removed or renamed.
objc[29380]: Class SDL_RumbleMotor is implemented in both /Users/linmuyi/miniconda3/envs/llm_gs/lib/python3.9/site-packages/pygame/.dylibs/libSDL2-2.0.0.dylib (0x1087e9778) and /Users/linmuyi/miniconda3/envs/llm_gs/lib/python3.9/site-packages/cv2/.dylibs/libSDL2-2.0.0.dylib (0x14a16cd40). This may cause spurious casting failures and mysterious crashes. One of the duplicates must be removed or renamed.
objc[29380]: Class SDL_RumbleContext is implemented in both /Users/linmuyi/miniconda3/envs/llm_gs/lib/python3.9/site-packages/pygame/.dylibs/libSDL2-2.0.0.dylib (0x1087e97c8) and /Users/linmuyi/miniconda3/envs/llm_gs/lib/python3.9/site-packages/cv2/.dylibs/libSDL2-2.0.0.dylib (0x14a16cd90). This may cause spurious casting failures and mysterious crashes. One of the duplicates must be removed or renamed.
[wall_count] 1500000 steps, 30 checkpoints, curriculum

  steps=  50000  held=0.27  gate=0.44  bins=1/3  active= 30  (119s)
  steps= 100000  held=0.33  gate=0.53  bins=1/3  active= 30  (229s)
  steps= 150000  held=0.36  gate=0.61  bins=2/3  active= 60  [UNLOCK:gate]  (335s)
  steps= 200000  held=0.31  gate=0.39  bins=2/3  active= 60  (499s)
  steps= 250000  held=0.39  gate=0.38  bins=2/3  active= 60  (696s)
  steps= 300000  held=0.51  gate=0.69  bins=3/3  active= 90  [UNLOCK:gate]  (868s)
  steps= 350000  held=0.62  gate=0.62  bins=3/3  active= 90  (990s)
  steps= 400000  held=0.62  gate=0.62  bins=3/3  active= 90  (1077s)
  steps= 450000  held=0.58  gate=0.58  bins=3/3  active= 90  (1139s)
  steps= 500000  held=0.54  gate=0.54  bins=3/3  active= 90  (1203s)
  steps= 550000  held=0.57  gate=0.57  bins=3/3  active= 90  (1274s)
  steps= 600000  held=0.53  gate=0.53  bins=3/3  active= 90  (1370s)
  steps= 650000  held=0.60  gate=0.60  bins=3/3  active= 90  (1481s)
  steps= 700000  held=0.69  gate=0.69  bins=3/3  active= 90  (1585s)
  steps= 750000  held=0.60  gate=0.60  bins=3/3  active= 90  (1693s)
  steps= 800000  held=0.75  gate=0.75  bins=3/3  active= 90  (1792s)
  steps= 850000  held=0.57  gate=0.57  bins=3/3  active= 90  (1904s)
  steps= 900000  held=0.72  gate=0.72  bins=3/3  active= 90  (2004s)
  steps= 950000  held=0.60  gate=0.60  bins=3/3  active= 90  (2109s)
  steps=1000000  held=0.67  gate=0.67  bins=3/3  active= 90  (2209s)
  steps=1050000  held=0.58  gate=0.58  bins=3/3  active= 90  (2325s)
  steps=1100000  held=0.69  gate=0.69  bins=3/3  active= 90  (2426s)
  steps=1150000  held=0.67  gate=0.67  bins=3/3  active= 90  (2525s)
  steps=1200000  held=0.67  gate=0.67  bins=3/3  active= 90  (2627s)
  steps=1250000  held=0.59  gate=0.59  bins=3/3  active= 90  (2733s)
  steps=1300000  held=0.68  gate=0.68  bins=3/3  active= 90  (2840s)
  steps=1350000  held=0.71  gate=0.71  bins=3/3  active= 90  (2945s)
  steps=1400000  held=0.56  gate=0.56  bins=3/3  active= 90  (3065s)
  steps=1450000  held=0.48  gate=0.48  bins=3/3  active= 90  (3193s)
  steps=1500000  held=0.65  gate=0.65  bins=3/3  active= 90  (3304s)

[wall_count] DONE  final held=0.65  steps_to_0.3=100,000  wall=3304s  -> wall_count_seed3.json
[wall_count] per-cell held: s19N0=0.65
