[grader] train=90 layouts  held-out=36 layouts
objc[25025]: Class SDLApplication is implemented in both /Users/linmuyi/miniconda3/envs/llm_gs/lib/python3.9/site-packages/pygame/.dylibs/libSDL2-2.0.0.dylib (0x10a4c52c8) and /Users/linmuyi/miniconda3/envs/llm_gs/lib/python3.9/site-packages/cv2/.dylibs/libSDL2-2.0.0.dylib (0x146f20890). This may cause spurious casting failures and mysterious crashes. One of the duplicates must be removed or renamed.
objc[25025]: Class SDLAppDelegate is implemented in both /Users/linmuyi/miniconda3/envs/llm_gs/lib/python3.9/site-packages/pygame/.dylibs/libSDL2-2.0.0.dylib (0x10a4c5318) and /Users/linmuyi/miniconda3/envs/llm_gs/lib/python3.9/site-packages/cv2/.dylibs/libSDL2-2.0.0.dylib (0x146f208e0). This may cause spurious casting failures and mysterious crashes. One of the duplicates must be removed or renamed.
objc[25025]: Class SDLTranslatorResponder is implemented in both /Users/linmuyi/miniconda3/envs/llm_gs/lib/python3.9/site-packages/pygame/.dylibs/libSDL2-2.0.0.dylib (0x10a4c5390) and /Users/linmuyi/miniconda3/envs/llm_gs/lib/python3.9/site-packages/cv2/.dylibs/libSDL2-2.0.0.dylib (0x146f20958). This may cause spurious casting failures and mysterious crashes. One of the duplicates must be removed or renamed.
objc[25025]: Class SDLMessageBoxPresenter is implemented in both /Users/linmuyi/miniconda3/envs/llm_gs/lib/python3.9/site-packages/pygame/.dylibs/libSDL2-2.0.0.dylib (0x10a4c53b8) and /Users/linmuyi/miniconda3/envs/llm_gs/lib/python3.9/site-packages/cv2/.dylibs/libSDL2-2.0.0.dylib (0x146f20980). This may cause spurious casting failures and mysterious crashes. One of the duplicates must be removed or renamed.
objc[25025]: Class SDL_cocoametalview is implemented in both /Users/linmuyi/miniconda3/envs/llm_gs/lib/python3.9/site-packages/pygame/.dylibs/libSDL2-2.0.0.dylib (0x10a4c5408) and /Users/linmuyi/miniconda3/envs/llm_gs/lib/python3.9/site-packages/cv2/.dylibs/libSDL2-2.0.0.dylib (0x146f209d0). This may cause spurious casting failures and mysterious crashes. One of the duplicates must be removed or renamed.
objc[25025]: Class SDLOpenGLContext is implemented in both /Users/linmuyi/miniconda3/envs/llm_gs/lib/python3.9/site-packages/pygame/.dylibs/libSDL2-2.0.0.dylib (0x10a4c5458) and /Users/linmuyi/miniconda3/envs/llm_gs/lib/python3.9/site-packages/cv2/.dylibs/libSDL2-2.0.0.dylib (0x146f20a20). This may cause spurious casting failures and mysterious crashes. One of the duplicates must be removed or renamed.
objc[25025]: Class SDL_ShapeData is implemented in both /Users/linmuyi/miniconda3/envs/llm_gs/lib/python3.9/site-packages/pygame/.dylibs/libSDL2-2.0.0.dylib (0x10a4c54d0) and /Users/linmuyi/miniconda3/envs/llm_gs/lib/python3.9/site-packages/cv2/.dylibs/libSDL2-2.0.0.dylib (0x146f20a98). This may cause spurious casting failures and mysterious crashes. One of the duplicates must be removed or renamed.
objc[25025]: Class SDL_CocoaClosure is implemented in both /Users/linmuyi/miniconda3/envs/llm_gs/lib/python3.9/site-packages/pygame/.dylibs/libSDL2-2.0.0.dylib (0x10a4c5520) and /Users/linmuyi/miniconda3/envs/llm_gs/lib/python3.9/site-packages/cv2/.dylibs/libSDL2-2.0.0.dylib (0x146f20ae8). This may cause spurious casting failures and mysterious crashes. One of the duplicates must be removed or renamed.
objc[25025]: Class SDL_VideoData is implemented in both /Users/linmuyi/miniconda3/envs/llm_gs/lib/python3.9/site-packages/pygame/.dylibs/libSDL2-2.0.0.dylib (0x10a4c5570) and /Users/linmuyi/miniconda3/envs/llm_gs/lib/python3.9/site-packages/cv2/.dylibs/libSDL2-2.0.0.dylib (0x146f20b38). This may cause spurious casting failures and mysterious crashes. One of the duplicates must be removed or renamed.
objc[25025]: Class SDL_WindowData is implemented in both /Users/linmuyi/miniconda3/envs/llm_gs/lib/python3.9/site-packages/pygame/.dylibs/libSDL2-2.0.0.dylib (0x10a4c55c0) and /Users/linmuyi/miniconda3/envs/llm_gs/lib/python3.9/site-packages/cv2/.dylibs/libSDL2-2.0.0.dylib (0x146f20b88). This may cause spurious casting failures and mysterious crashes. One of the duplicates must be removed or renamed.
objc[25025]: Class SDLWindow is implemented in both /Users/linmuyi/miniconda3/envs/llm_gs/lib/python3.9/site-packages/pygame/.dylibs/libSDL2-2.0.0.dylib (0x10a4c55e8) and /Users/linmuyi/miniconda3/envs/llm_gs/lib/python3.9/site-packages/cv2/.dylibs/libSDL2-2.0.0.dylib (0x146f20bb0). This may cause spurious casting failures and mysterious crashes. One of the duplicates must be removed or renamed.
objc[25025]: Class Cocoa_WindowListener is implemented in both /Users/linmuyi/miniconda3/envs/llm_gs/lib/python3.9/site-packages/pygame/.dylibs/libSDL2-2.0.0.dylib (0x10a4c5610) and /Users/linmuyi/miniconda3/envs/llm_gs/lib/python3.9/site-packages/cv2/.dylibs/libSDL2-2.0.0.dylib (0x146f20bd8). This may cause spurious casting failures and mysterious crashes. One of the duplicates must be removed or renamed.
objc[25025]: Class SDLView is implemented in both /Users/linmuyi/miniconda3/envs/llm_gs/lib/python3.9/site-packages/pygame/.dylibs/libSDL2-2.0.0.dylib (0x10a4c5688) and /Users/linmuyi/miniconda3/envs/llm_gs/lib/python3.9/site-packages/cv2/.dylibs/libSDL2-2.0.0.dylib (0x146f20c50). This may cause spurious casting failures and mysterious crashes. One of the duplicates must be removed or renamed.
objc[25025]: Class METAL_RenderData is implemented in both /Users/linmuyi/miniconda3/envs/llm_gs/lib/python3.9/site-packages/pygame/.dylibs/libSDL2-2.0.0.dylib (0x10a4c5700) and /Users/linmuyi/miniconda3/envs/llm_gs/lib/python3.9/site-packages/cv2/.dylibs/libSDL2-2.0.0.dylib (0x146f20cc8). This may cause spurious casting failures and mysterious crashes. One of the duplicates must be removed or renamed.
objc[25025]: Class METAL_TextureData is implemented in both /Users/linmuyi/miniconda3/envs/llm_gs/lib/python3.9/site-packages/pygame/.dylibs/libSDL2-2.0.0.dylib (0x10a4c5750) and /Users/linmuyi/miniconda3/envs/llm_gs/lib/python3.9/site-packages/cv2/.dylibs/libSDL2-2.0.0.dylib (0x146f20d18). This may cause spurious casting failures and mysterious crashes. One of the duplicates must be removed or renamed.
objc[25025]: Class SDL_RumbleMotor is implemented in both /Users/linmuyi/miniconda3/envs/llm_gs/lib/python3.9/site-packages/pygame/.dylibs/libSDL2-2.0.0.dylib (0x10a4c5778) and /Users/linmuyi/miniconda3/envs/llm_gs/lib/python3.9/site-packages/cv2/.dylibs/libSDL2-2.0.0.dylib (0x146f20d40). This may cause spurious casting failures and mysterious crashes. One of the duplicates must be removed or renamed.
objc[25025]: Class SDL_RumbleContext is implemented in both /Users/linmuyi/miniconda3/envs/llm_gs/lib/python3.9/site-packages/pygame/.dylibs/libSDL2-2.0.0.dylib (0x10a4c57c8) and /Users/linmuyi/miniconda3/envs/llm_gs/lib/python3.9/site-packages/cv2/.dylibs/libSDL2-2.0.0.dylib (0x146f20d90). This may cause spurious casting failures and mysterious crashes. One of the duplicates must be removed or renamed.
[grader] 1500000 steps, 30 checkpoints, curriculum

  steps=  50000  held=0.41  gate=0.64  bins=2/3  active= 60  [UNLOCK:gate]  (113s)
  steps= 100000  held=0.16  gate=0.29  bins=2/3  active= 60  (235s)
  steps= 150000  held=0.35  gate=0.42  bins=2/3  active= 60  (349s)
  steps= 200000  held=0.44  gate=0.40  bins=2/3  active= 60  (462s)
  steps= 250000  held=0.58  gate=0.72  bins=3/3  active= 90  [UNLOCK:gate]  (556s)
  steps= 300000  held=0.58  gate=0.58  bins=3/3  active= 90  (627s)
  steps= 350000  held=0.62  gate=0.62  bins=3/3  active= 90  (695s)
  steps= 400000  held=0.64  gate=0.64  bins=3/3  active= 90  (764s)
  steps= 450000  held=0.53  gate=0.53  bins=3/3  active= 90  (838s)
  steps= 500000  held=0.62  gate=0.62  bins=3/3  active= 90  (908s)
  steps= 550000  held=0.56  gate=0.56  bins=3/3  active= 90  (979s)
  steps= 600000  held=0.33  gate=0.33  bins=3/3  active= 90  (1059s)
  steps= 650000  held=0.68  gate=0.68  bins=3/3  active= 90  (1121s)
  steps= 700000  held=0.61  gate=0.61  bins=3/3  active= 90  (1183s)
  steps= 750000  held=0.54  gate=0.54  bins=3/3  active= 90  (1249s)
  steps= 800000  held=0.57  gate=0.57  bins=3/3  active= 90  (1312s)
  steps= 850000  held=0.56  gate=0.56  bins=3/3  active= 90  (1376s)
  steps= 900000  held=0.60  gate=0.60  bins=3/3  active= 90  (1439s)
  steps= 950000  held=0.59  gate=0.59  bins=3/3  active= 90  (1502s)
  steps=1000000  held=0.67  gate=0.67  bins=3/3  active= 90  (1563s)
  steps=1050000  held=0.63  gate=0.63  bins=3/3  active= 90  (1623s)
  steps=1100000  held=0.69  gate=0.69  bins=3/3  active= 90  (1681s)
  steps=1150000  held=0.62  gate=0.62  bins=3/3  active= 90  (1744s)
  steps=1200000  held=0.67  gate=0.67  bins=3/3  active= 90  (1803s)
  steps=1250000  held=0.70  gate=0.70  bins=3/3  active= 90  (1859s)
  steps=1300000  held=0.60  gate=0.60  bins=3/3  active= 90  (1921s)
  steps=1350000  held=0.74  gate=0.74  bins=3/3  active= 90  (1978s)
  steps=1400000  held=0.60  gate=0.60  bins=3/3  active= 90  (2044s)
  steps=1450000  held=0.65  gate=0.65  bins=3/3  active= 90  (2105s)
  steps=1500000  held=0.73  gate=0.73  bins=3/3  active= 90  (2165s)

[grader] DONE  final held=0.73  steps_to_0.3=50,000  wall=2165s  -> grader_seed18.json
[grader] per-cell held: s19N0=0.73
