[flat] train=90 layouts  held-out=36 layouts
objc[59169]: Class SDLApplication is implemented in both /Users/linmuyi/miniconda3/envs/llm_gs/lib/python3.9/site-packages/pygame/.dylibs/libSDL2-2.0.0.dylib (0x1066e12c8) and /Users/linmuyi/miniconda3/envs/llm_gs/lib/python3.9/site-packages/cv2/.dylibs/libSDL2-2.0.0.dylib (0x1488b4890). This may cause spurious casting failures and mysterious crashes. One of the duplicates must be removed or renamed.
objc[59169]: Class SDLAppDelegate is implemented in both /Users/linmuyi/miniconda3/envs/llm_gs/lib/python3.9/site-packages/pygame/.dylibs/libSDL2-2.0.0.dylib (0x1066e1318) and /Users/linmuyi/miniconda3/envs/llm_gs/lib/python3.9/site-packages/cv2/.dylibs/libSDL2-2.0.0.dylib (0x1488b48e0). This may cause spurious casting failures and mysterious crashes. One of the duplicates must be removed or renamed.
objc[59169]: Class SDLTranslatorResponder is implemented in both /Users/linmuyi/miniconda3/envs/llm_gs/lib/python3.9/site-packages/pygame/.dylibs/libSDL2-2.0.0.dylib (0x1066e1390) and /Users/linmuyi/miniconda3/envs/llm_gs/lib/python3.9/site-packages/cv2/.dylibs/libSDL2-2.0.0.dylib (0x1488b4958). This may cause spurious casting failures and mysterious crashes. One of the duplicates must be removed or renamed.
objc[59169]: Class SDLMessageBoxPresenter is implemented in both /Users/linmuyi/miniconda3/envs/llm_gs/lib/python3.9/site-packages/pygame/.dylibs/libSDL2-2.0.0.dylib (0x1066e13b8) and /Users/linmuyi/miniconda3/envs/llm_gs/lib/python3.9/site-packages/cv2/.dylibs/libSDL2-2.0.0.dylib (0x1488b4980). This may cause spurious casting failures and mysterious crashes. One of the duplicates must be removed or renamed.
objc[59169]: Class SDL_cocoametalview is implemented in both /Users/linmuyi/miniconda3/envs/llm_gs/lib/python3.9/site-packages/pygame/.dylibs/libSDL2-2.0.0.dylib (0x1066e1408) and /Users/linmuyi/miniconda3/envs/llm_gs/lib/python3.9/site-packages/cv2/.dylibs/libSDL2-2.0.0.dylib (0x1488b49d0). This may cause spurious casting failures and mysterious crashes. One of the duplicates must be removed or renamed.
objc[59169]: Class SDLOpenGLContext is implemented in both /Users/linmuyi/miniconda3/envs/llm_gs/lib/python3.9/site-packages/pygame/.dylibs/libSDL2-2.0.0.dylib (0x1066e1458) and /Users/linmuyi/miniconda3/envs/llm_gs/lib/python3.9/site-packages/cv2/.dylibs/libSDL2-2.0.0.dylib (0x1488b4a20). This may cause spurious casting failures and mysterious crashes. One of the duplicates must be removed or renamed.
objc[59169]: Class SDL_ShapeData is implemented in both /Users/linmuyi/miniconda3/envs/llm_gs/lib/python3.9/site-packages/pygame/.dylibs/libSDL2-2.0.0.dylib (0x1066e14d0) and /Users/linmuyi/miniconda3/envs/llm_gs/lib/python3.9/site-packages/cv2/.dylibs/libSDL2-2.0.0.dylib (0x1488b4a98). This may cause spurious casting failures and mysterious crashes. One of the duplicates must be removed or renamed.
objc[59169]: Class SDL_CocoaClosure is implemented in both /Users/linmuyi/miniconda3/envs/llm_gs/lib/python3.9/site-packages/pygame/.dylibs/libSDL2-2.0.0.dylib (0x1066e1520) and /Users/linmuyi/miniconda3/envs/llm_gs/lib/python3.9/site-packages/cv2/.dylibs/libSDL2-2.0.0.dylib (0x1488b4ae8). This may cause spurious casting failures and mysterious crashes. One of the duplicates must be removed or renamed.
objc[59169]: Class SDL_VideoData is implemented in both /Users/linmuyi/miniconda3/envs/llm_gs/lib/python3.9/site-packages/pygame/.dylibs/libSDL2-2.0.0.dylib (0x1066e1570) and /Users/linmuyi/miniconda3/envs/llm_gs/lib/python3.9/site-packages/cv2/.dylibs/libSDL2-2.0.0.dylib (0x1488b4b38). This may cause spurious casting failures and mysterious crashes. One of the duplicates must be removed or renamed.
objc[59169]: Class SDL_WindowData is implemented in both /Users/linmuyi/miniconda3/envs/llm_gs/lib/python3.9/site-packages/pygame/.dylibs/libSDL2-2.0.0.dylib (0x1066e15c0) and /Users/linmuyi/miniconda3/envs/llm_gs/lib/python3.9/site-packages/cv2/.dylibs/libSDL2-2.0.0.dylib (0x1488b4b88). This may cause spurious casting failures and mysterious crashes. One of the duplicates must be removed or renamed.
objc[59169]: Class SDLWindow is implemented in both /Users/linmuyi/miniconda3/envs/llm_gs/lib/python3.9/site-packages/pygame/.dylibs/libSDL2-2.0.0.dylib (0x1066e15e8) and /Users/linmuyi/miniconda3/envs/llm_gs/lib/python3.9/site-packages/cv2/.dylibs/libSDL2-2.0.0.dylib (0x1488b4bb0). This may cause spurious casting failures and mysterious crashes. One of the duplicates must be removed or renamed.
objc[59169]: Class Cocoa_WindowListener is implemented in both /Users/linmuyi/miniconda3/envs/llm_gs/lib/python3.9/site-packages/pygame/.dylibs/libSDL2-2.0.0.dylib (0x1066e1610) and /Users/linmuyi/miniconda3/envs/llm_gs/lib/python3.9/site-packages/cv2/.dylibs/libSDL2-2.0.0.dylib (0x1488b4bd8). This may cause spurious casting failures and mysterious crashes. One of the duplicates must be removed or renamed.
objc[59169]: Class SDLView is implemented in both /Users/linmuyi/miniconda3/envs/llm_gs/lib/python3.9/site-packages/pygame/.dylibs/libSDL2-2.0.0.dylib (0x1066e1688) and /Users/linmuyi/miniconda3/envs/llm_gs/lib/python3.9/site-packages/cv2/.dylibs/libSDL2-2.0.0.dylib (0x1488b4c50). This may cause spurious casting failures and mysterious crashes. One of the duplicates must be removed or renamed.
objc[59169]: Class METAL_RenderData is implemented in both /Users/linmuyi/miniconda3/envs/llm_gs/lib/python3.9/site-packages/pygame/.dylibs/libSDL2-2.0.0.dylib (0x1066e1700) and /Users/linmuyi/miniconda3/envs/llm_gs/lib/python3.9/site-packages/cv2/.dylibs/libSDL2-2.0.0.dylib (0x1488b4cc8). This may cause spurious casting failures and mysterious crashes. One of the duplicates must be removed or renamed.
objc[59169]: Class METAL_TextureData is implemented in both /Users/linmuyi/miniconda3/envs/llm_gs/lib/python3.9/site-packages/pygame/.dylibs/libSDL2-2.0.0.dylib (0x1066e1750) and /Users/linmuyi/miniconda3/envs/llm_gs/lib/python3.9/site-packages/cv2/.dylibs/libSDL2-2.0.0.dylib (0x1488b4d18). This may cause spurious casting failures and mysterious crashes. One of the duplicates must be removed or renamed.
objc[59169]: Class SDL_RumbleMotor is implemented in both /Users/linmuyi/miniconda3/envs/llm_gs/lib/python3.9/site-packages/pygame/.dylibs/libSDL2-2.0.0.dylib (0x1066e1778) and /Users/linmuyi/miniconda3/envs/llm_gs/lib/python3.9/site-packages/cv2/.dylibs/libSDL2-2.0.0.dylib (0x1488b4d40). This may cause spurious casting failures and mysterious crashes. One of the duplicates must be removed or renamed.
objc[59169]: Class SDL_RumbleContext is implemented in both /Users/linmuyi/miniconda3/envs/llm_gs/lib/python3.9/site-packages/pygame/.dylibs/libSDL2-2.0.0.dylib (0x1066e17c8) and /Users/linmuyi/miniconda3/envs/llm_gs/lib/python3.9/site-packages/cv2/.dylibs/libSDL2-2.0.0.dylib (0x1488b4d90). This may cause spurious casting failures and mysterious crashes. One of the duplicates must be removed or renamed.
[flat] 1500000 steps, 30 checkpoints, flat (no curriculum)

  steps=  50000  held=0.08  gate=0.08  bins=3/3  active= 90  (169s)
  steps= 100000  held=0.07  gate=0.07  bins=3/3  active= 90  (334s)
  steps= 150000  held=0.06  gate=0.06  bins=3/3  active= 90  (500s)
  steps= 200000  held=0.21  gate=0.21  bins=3/3  active= 90  (659s)
  steps= 250000  held=0.08  gate=0.08  bins=3/3  active= 90  (822s)
  steps= 300000  held=0.20  gate=0.20  bins=3/3  active= 90  (980s)
  steps= 350000  held=0.06  gate=0.06  bins=3/3  active= 90  (1145s)
  steps= 400000  held=0.10  gate=0.10  bins=3/3  active= 90  (1310s)
  steps= 450000  held=0.11  gate=0.11  bins=3/3  active= 90  (1480s)
  steps= 500000  held=0.30  gate=0.30  bins=3/3  active= 90  (1633s)
  steps= 550000  held=0.17  gate=0.17  bins=3/3  active= 90  (1793s)
  steps= 600000  held=0.17  gate=0.17  bins=3/3  active= 90  (1950s)
  steps= 650000  held=0.22  gate=0.22  bins=3/3  active= 90  (2102s)
  steps= 700000  held=0.39  gate=0.39  bins=3/3  active= 90  (2246s)
  steps= 750000  held=0.36  gate=0.36  bins=3/3  active= 90  (2388s)
  steps= 800000  held=0.45  gate=0.45  bins=3/3  active= 90  (2522s)
  steps= 850000  held=0.53  gate=0.53  bins=3/3  active= 90  (2647s)
  steps= 900000  held=0.54  gate=0.54  bins=3/3  active= 90  (2767s)
  steps= 950000  held=0.58  gate=0.58  bins=3/3  active= 90  (2883s)
  steps=1000000  held=0.09  gate=0.09  bins=3/3  active= 90  (3044s)
  steps=1050000  held=0.01  gate=0.01  bins=3/3  active= 90  (3208s)
  steps=1100000  held=0.03  gate=0.03  bins=3/3  active= 90  (3301s)
  steps=1150000  held=0.00  gate=0.00  bins=3/3  active= 90  (3394s)
  steps=1200000  held=0.00  gate=0.00  bins=3/3  active= 90  (3489s)
  steps=1250000  held=0.00  gate=0.00  bins=3/3  active= 90  (3585s)
  steps=1300000  held=0.00  gate=0.00  bins=3/3  active= 90  (3676s)
  steps=1350000  held=0.00  gate=0.00  bins=3/3  active= 90  (3766s)
  steps=1400000  held=0.00  gate=0.00  bins=3/3  active= 90  (3854s)
  steps=1450000  held=0.00  gate=0.00  bins=3/3  active= 90  (3940s)
  steps=1500000  held=0.03  gate=0.03  bins=3/3  active= 90  (4032s)

[flat] DONE  final held=0.03  steps_to_0.3=700,000  wall=4032s  -> flat_seed5.json
[flat] per-cell held: s19N0=0.03
