[flat] train=90 layouts  held-out=36 layouts
objc[24703]: Class SDLApplication is implemented in both /Users/linmuyi/miniconda3/envs/llm_gs/lib/python3.9/site-packages/pygame/.dylibs/libSDL2-2.0.0.dylib (0x1063d92c8) and /Users/linmuyi/miniconda3/envs/llm_gs/lib/python3.9/site-packages/cv2/.dylibs/libSDL2-2.0.0.dylib (0x16a03c890). This may cause spurious casting failures and mysterious crashes. One of the duplicates must be removed or renamed.
objc[24703]: Class SDLAppDelegate is implemented in both /Users/linmuyi/miniconda3/envs/llm_gs/lib/python3.9/site-packages/pygame/.dylibs/libSDL2-2.0.0.dylib (0x1063d9318) and /Users/linmuyi/miniconda3/envs/llm_gs/lib/python3.9/site-packages/cv2/.dylibs/libSDL2-2.0.0.dylib (0x16a03c8e0). This may cause spurious casting failures and mysterious crashes. One of the duplicates must be removed or renamed.
objc[24703]: Class SDLTranslatorResponder is implemented in both /Users/linmuyi/miniconda3/envs/llm_gs/lib/python3.9/site-packages/pygame/.dylibs/libSDL2-2.0.0.dylib (0x1063d9390) and /Users/linmuyi/miniconda3/envs/llm_gs/lib/python3.9/site-packages/cv2/.dylibs/libSDL2-2.0.0.dylib (0x16a03c958). This may cause spurious casting failures and mysterious crashes. One of the duplicates must be removed or renamed.
objc[24703]: Class SDLMessageBoxPresenter is implemented in both /Users/linmuyi/miniconda3/envs/llm_gs/lib/python3.9/site-packages/pygame/.dylibs/libSDL2-2.0.0.dylib (0x1063d93b8) and /Users/linmuyi/miniconda3/envs/llm_gs/lib/python3.9/site-packages/cv2/.dylibs/libSDL2-2.0.0.dylib (0x16a03c980). This may cause spurious casting failures and mysterious crashes. One of the duplicates must be removed or renamed.
objc[24703]: Class SDL_cocoametalview is implemented in both /Users/linmuyi/miniconda3/envs/llm_gs/lib/python3.9/site-packages/pygame/.dylibs/libSDL2-2.0.0.dylib (0x1063d9408) and /Users/linmuyi/miniconda3/envs/llm_gs/lib/python3.9/site-packages/cv2/.dylibs/libSDL2-2.0.0.dylib (0x16a03c9d0). This may cause spurious casting failures and mysterious crashes. One of the duplicates must be removed or renamed.
objc[24703]: Class SDLOpenGLContext is implemented in both /Users/linmuyi/miniconda3/envs/llm_gs/lib/python3.9/site-packages/pygame/.dylibs/libSDL2-2.0.0.dylib (0x1063d9458) and /Users/linmuyi/miniconda3/envs/llm_gs/lib/python3.9/site-packages/cv2/.dylibs/libSDL2-2.0.0.dylib (0x16a03ca20). This may cause spurious casting failures and mysterious crashes. One of the duplicates must be removed or renamed.
objc[24703]: Class SDL_ShapeData is implemented in both /Users/linmuyi/miniconda3/envs/llm_gs/lib/python3.9/site-packages/pygame/.dylibs/libSDL2-2.0.0.dylib (0x1063d94d0) and /Users/linmuyi/miniconda3/envs/llm_gs/lib/python3.9/site-packages/cv2/.dylibs/libSDL2-2.0.0.dylib (0x16a03ca98). This may cause spurious casting failures and mysterious crashes. One of the duplicates must be removed or renamed.
objc[24703]: Class SDL_CocoaClosure is implemented in both /Users/linmuyi/miniconda3/envs/llm_gs/lib/python3.9/site-packages/pygame/.dylibs/libSDL2-2.0.0.dylib (0x1063d9520) and /Users/linmuyi/miniconda3/envs/llm_gs/lib/python3.9/site-packages/cv2/.dylibs/libSDL2-2.0.0.dylib (0x16a03cae8). This may cause spurious casting failures and mysterious crashes. One of the duplicates must be removed or renamed.
objc[24703]: Class SDL_VideoData is implemented in both /Users/linmuyi/miniconda3/envs/llm_gs/lib/python3.9/site-packages/pygame/.dylibs/libSDL2-2.0.0.dylib (0x1063d9570) and /Users/linmuyi/miniconda3/envs/llm_gs/lib/python3.9/site-packages/cv2/.dylibs/libSDL2-2.0.0.dylib (0x16a03cb38). This may cause spurious casting failures and mysterious crashes. One of the duplicates must be removed or renamed.
objc[24703]: Class SDL_WindowData is implemented in both /Users/linmuyi/miniconda3/envs/llm_gs/lib/python3.9/site-packages/pygame/.dylibs/libSDL2-2.0.0.dylib (0x1063d95c0) and /Users/linmuyi/miniconda3/envs/llm_gs/lib/python3.9/site-packages/cv2/.dylibs/libSDL2-2.0.0.dylib (0x16a03cb88). This may cause spurious casting failures and mysterious crashes. One of the duplicates must be removed or renamed.
objc[24703]: Class SDLWindow is implemented in both /Users/linmuyi/miniconda3/envs/llm_gs/lib/python3.9/site-packages/pygame/.dylibs/libSDL2-2.0.0.dylib (0x1063d95e8) and /Users/linmuyi/miniconda3/envs/llm_gs/lib/python3.9/site-packages/cv2/.dylibs/libSDL2-2.0.0.dylib (0x16a03cbb0). This may cause spurious casting failures and mysterious crashes. One of the duplicates must be removed or renamed.
objc[24703]: Class Cocoa_WindowListener is implemented in both /Users/linmuyi/miniconda3/envs/llm_gs/lib/python3.9/site-packages/pygame/.dylibs/libSDL2-2.0.0.dylib (0x1063d9610) and /Users/linmuyi/miniconda3/envs/llm_gs/lib/python3.9/site-packages/cv2/.dylibs/libSDL2-2.0.0.dylib (0x16a03cbd8). This may cause spurious casting failures and mysterious crashes. One of the duplicates must be removed or renamed.
objc[24703]: Class SDLView is implemented in both /Users/linmuyi/miniconda3/envs/llm_gs/lib/python3.9/site-packages/pygame/.dylibs/libSDL2-2.0.0.dylib (0x1063d9688) and /Users/linmuyi/miniconda3/envs/llm_gs/lib/python3.9/site-packages/cv2/.dylibs/libSDL2-2.0.0.dylib (0x16a03cc50). This may cause spurious casting failures and mysterious crashes. One of the duplicates must be removed or renamed.
objc[24703]: Class METAL_RenderData is implemented in both /Users/linmuyi/miniconda3/envs/llm_gs/lib/python3.9/site-packages/pygame/.dylibs/libSDL2-2.0.0.dylib (0x1063d9700) and /Users/linmuyi/miniconda3/envs/llm_gs/lib/python3.9/site-packages/cv2/.dylibs/libSDL2-2.0.0.dylib (0x16a03ccc8). This may cause spurious casting failures and mysterious crashes. One of the duplicates must be removed or renamed.
objc[24703]: Class METAL_TextureData is implemented in both /Users/linmuyi/miniconda3/envs/llm_gs/lib/python3.9/site-packages/pygame/.dylibs/libSDL2-2.0.0.dylib (0x1063d9750) and /Users/linmuyi/miniconda3/envs/llm_gs/lib/python3.9/site-packages/cv2/.dylibs/libSDL2-2.0.0.dylib (0x16a03cd18). This may cause spurious casting failures and mysterious crashes. One of the duplicates must be removed or renamed.
objc[24703]: Class SDL_RumbleMotor is implemented in both /Users/linmuyi/miniconda3/envs/llm_gs/lib/python3.9/site-packages/pygame/.dylibs/libSDL2-2.0.0.dylib (0x1063d9778) and /Users/linmuyi/miniconda3/envs/llm_gs/lib/python3.9/site-packages/cv2/.dylibs/libSDL2-2.0.0.dylib (0x16a03cd40). This may cause spurious casting failures and mysterious crashes. One of the duplicates must be removed or renamed.
objc[24703]: Class SDL_RumbleContext is implemented in both /Users/linmuyi/miniconda3/envs/llm_gs/lib/python3.9/site-packages/pygame/.dylibs/libSDL2-2.0.0.dylib (0x1063d97c8) and /Users/linmuyi/miniconda3/envs/llm_gs/lib/python3.9/site-packages/cv2/.dylibs/libSDL2-2.0.0.dylib (0x16a03cd90). This may cause spurious casting failures and mysterious crashes. One of the duplicates must be removed or renamed.
[flat] 1500000 steps, 30 checkpoints, flat (no curriculum)

  steps=  50000  held=0.22  gate=0.22  bins=3/3  active= 90  (91s)
  steps= 100000  held=0.31  gate=0.31  bins=3/3  active= 90  (177s)
  steps= 150000  held=0.22  gate=0.22  bins=3/3  active= 90  (269s)
  steps= 200000  held=0.04  gate=0.04  bins=3/3  active= 90  (366s)
  steps= 250000  held=0.16  gate=0.16  bins=3/3  active= 90  (458s)
  steps= 300000  held=0.22  gate=0.22  bins=3/3  active= 90  (548s)
  steps= 350000  held=0.12  gate=0.12  bins=3/3  active= 90  (640s)
  steps= 400000  held=0.37  gate=0.37  bins=3/3  active= 90  (724s)
  steps= 450000  held=0.21  gate=0.21  bins=3/3  active= 90  (810s)
  steps= 500000  held=0.25  gate=0.25  bins=3/3  active= 90  (898s)
  steps= 550000  held=0.20  gate=0.20  bins=3/3  active= 90  (985s)
  steps= 600000  held=0.40  gate=0.40  bins=3/3  active= 90  (1099s)
  steps= 650000  held=0.35  gate=0.35  bins=3/3  active= 90  (1252s)
  steps= 700000  held=0.29  gate=0.29  bins=3/3  active= 90  (1407s)
  steps= 750000  held=0.38  gate=0.38  bins=3/3  active= 90  (1557s)
  steps= 800000  held=0.53  gate=0.53  bins=3/3  active= 90  (1692s)
  steps= 850000  held=0.44  gate=0.44  bins=3/3  active= 90  (1766s)
  steps= 900000  held=0.37  gate=0.37  bins=3/3  active= 90  (1848s)
  steps= 950000  held=0.07  gate=0.07  bins=3/3  active= 90  (1947s)
  steps=1000000  held=0.43  gate=0.43  bins=3/3  active= 90  (2088s)
  steps=1050000  held=0.44  gate=0.44  bins=3/3  active= 90  (2225s)
  steps=1100000  held=0.58  gate=0.58  bins=3/3  active= 90  (2345s)
  steps=1150000  held=0.47  gate=0.47  bins=3/3  active= 90  (2470s)
  steps=1200000  held=0.67  gate=0.67  bins=3/3  active= 90  (2580s)
  steps=1250000  held=0.60  gate=0.60  bins=3/3  active= 90  (2690s)
  steps=1300000  held=0.59  gate=0.59  bins=3/3  active= 90  (2801s)
  steps=1350000  held=0.64  gate=0.64  bins=3/3  active= 90  (2910s)
  steps=1400000  held=0.56  gate=0.56  bins=3/3  active= 90  (3022s)
  steps=1450000  held=0.74  gate=0.74  bins=3/3  active= 90  (3121s)
  steps=1500000  held=0.60  gate=0.60  bins=3/3  active= 90  (3229s)

[flat] DONE  final held=0.60  steps_to_0.3=100,000  wall=3229s  -> flat_seed2.json
[flat] per-cell held: s19N0=0.60
