[random_curriculum] train=90 layouts  held-out=36 layouts
objc[28013]: Class SDLApplication is implemented in both /Users/linmuyi/miniconda3/envs/llm_gs/lib/python3.9/site-packages/pygame/.dylibs/libSDL2-2.0.0.dylib (0x104f8d2c8) and /Users/linmuyi/miniconda3/envs/llm_gs/lib/python3.9/site-packages/cv2/.dylibs/libSDL2-2.0.0.dylib (0x3136ac890). This may cause spurious casting failures and mysterious crashes. One of the duplicates must be removed or renamed.
objc[28013]: Class SDLAppDelegate is implemented in both /Users/linmuyi/miniconda3/envs/llm_gs/lib/python3.9/site-packages/pygame/.dylibs/libSDL2-2.0.0.dylib (0x104f8d318) and /Users/linmuyi/miniconda3/envs/llm_gs/lib/python3.9/site-packages/cv2/.dylibs/libSDL2-2.0.0.dylib (0x3136ac8e0). This may cause spurious casting failures and mysterious crashes. One of the duplicates must be removed or renamed.
objc[28013]: Class SDLTranslatorResponder is implemented in both /Users/linmuyi/miniconda3/envs/llm_gs/lib/python3.9/site-packages/pygame/.dylibs/libSDL2-2.0.0.dylib (0x104f8d390) and /Users/linmuyi/miniconda3/envs/llm_gs/lib/python3.9/site-packages/cv2/.dylibs/libSDL2-2.0.0.dylib (0x3136ac958). This may cause spurious casting failures and mysterious crashes. One of the duplicates must be removed or renamed.
objc[28013]: Class SDLMessageBoxPresenter is implemented in both /Users/linmuyi/miniconda3/envs/llm_gs/lib/python3.9/site-packages/pygame/.dylibs/libSDL2-2.0.0.dylib (0x104f8d3b8) and /Users/linmuyi/miniconda3/envs/llm_gs/lib/python3.9/site-packages/cv2/.dylibs/libSDL2-2.0.0.dylib (0x3136ac980). This may cause spurious casting failures and mysterious crashes. One of the duplicates must be removed or renamed.
objc[28013]: Class SDL_cocoametalview is implemented in both /Users/linmuyi/miniconda3/envs/llm_gs/lib/python3.9/site-packages/pygame/.dylibs/libSDL2-2.0.0.dylib (0x104f8d408) and /Users/linmuyi/miniconda3/envs/llm_gs/lib/python3.9/site-packages/cv2/.dylibs/libSDL2-2.0.0.dylib (0x3136ac9d0). This may cause spurious casting failures and mysterious crashes. One of the duplicates must be removed or renamed.
objc[28013]: Class SDLOpenGLContext is implemented in both /Users/linmuyi/miniconda3/envs/llm_gs/lib/python3.9/site-packages/pygame/.dylibs/libSDL2-2.0.0.dylib (0x104f8d458) and /Users/linmuyi/miniconda3/envs/llm_gs/lib/python3.9/site-packages/cv2/.dylibs/libSDL2-2.0.0.dylib (0x3136aca20). This may cause spurious casting failures and mysterious crashes. One of the duplicates must be removed or renamed.
objc[28013]: Class SDL_ShapeData is implemented in both /Users/linmuyi/miniconda3/envs/llm_gs/lib/python3.9/site-packages/pygame/.dylibs/libSDL2-2.0.0.dylib (0x104f8d4d0) and /Users/linmuyi/miniconda3/envs/llm_gs/lib/python3.9/site-packages/cv2/.dylibs/libSDL2-2.0.0.dylib (0x3136aca98). This may cause spurious casting failures and mysterious crashes. One of the duplicates must be removed or renamed.
objc[28013]: Class SDL_CocoaClosure is implemented in both /Users/linmuyi/miniconda3/envs/llm_gs/lib/python3.9/site-packages/pygame/.dylibs/libSDL2-2.0.0.dylib (0x104f8d520) and /Users/linmuyi/miniconda3/envs/llm_gs/lib/python3.9/site-packages/cv2/.dylibs/libSDL2-2.0.0.dylib (0x3136acae8). This may cause spurious casting failures and mysterious crashes. One of the duplicates must be removed or renamed.
objc[28013]: Class SDL_VideoData is implemented in both /Users/linmuyi/miniconda3/envs/llm_gs/lib/python3.9/site-packages/pygame/.dylibs/libSDL2-2.0.0.dylib (0x104f8d570) and /Users/linmuyi/miniconda3/envs/llm_gs/lib/python3.9/site-packages/cv2/.dylibs/libSDL2-2.0.0.dylib (0x3136acb38). This may cause spurious casting failures and mysterious crashes. One of the duplicates must be removed or renamed.
objc[28013]: Class SDL_WindowData is implemented in both /Users/linmuyi/miniconda3/envs/llm_gs/lib/python3.9/site-packages/pygame/.dylibs/libSDL2-2.0.0.dylib (0x104f8d5c0) and /Users/linmuyi/miniconda3/envs/llm_gs/lib/python3.9/site-packages/cv2/.dylibs/libSDL2-2.0.0.dylib (0x3136acb88). This may cause spurious casting failures and mysterious crashes. One of the duplicates must be removed or renamed.
objc[28013]: Class SDLWindow is implemented in both /Users/linmuyi/miniconda3/envs/llm_gs/lib/python3.9/site-packages/pygame/.dylibs/libSDL2-2.0.0.dylib (0x104f8d5e8) and /Users/linmuyi/miniconda3/envs/llm_gs/lib/python3.9/site-packages/cv2/.dylibs/libSDL2-2.0.0.dylib (0x3136acbb0). This may cause spurious casting failures and mysterious crashes. One of the duplicates must be removed or renamed.
objc[28013]: Class Cocoa_WindowListener is implemented in both /Users/linmuyi/miniconda3/envs/llm_gs/lib/python3.9/site-packages/pygame/.dylibs/libSDL2-2.0.0.dylib (0x104f8d610) and /Users/linmuyi/miniconda3/envs/llm_gs/lib/python3.9/site-packages/cv2/.dylibs/libSDL2-2.0.0.dylib (0x3136acbd8). This may cause spurious casting failures and mysterious crashes. One of the duplicates must be removed or renamed.
objc[28013]: Class SDLView is implemented in both /Users/linmuyi/miniconda3/envs/llm_gs/lib/python3.9/site-packages/pygame/.dylibs/libSDL2-2.0.0.dylib (0x104f8d688) and /Users/linmuyi/miniconda3/envs/llm_gs/lib/python3.9/site-packages/cv2/.dylibs/libSDL2-2.0.0.dylib (0x3136acc50). This may cause spurious casting failures and mysterious crashes. One of the duplicates must be removed or renamed.
objc[28013]: Class METAL_RenderData is implemented in both /Users/linmuyi/miniconda3/envs/llm_gs/lib/python3.9/site-packages/pygame/.dylibs/libSDL2-2.0.0.dylib (0x104f8d700) and /Users/linmuyi/miniconda3/envs/llm_gs/lib/python3.9/site-packages/cv2/.dylibs/libSDL2-2.0.0.dylib (0x3136accc8). This may cause spurious casting failures and mysterious crashes. One of the duplicates must be removed or renamed.
objc[28013]: Class METAL_TextureData is implemented in both /Users/linmuyi/miniconda3/envs/llm_gs/lib/python3.9/site-packages/pygame/.dylibs/libSDL2-2.0.0.dylib (0x104f8d750) and /Users/linmuyi/miniconda3/envs/llm_gs/lib/python3.9/site-packages/cv2/.dylibs/libSDL2-2.0.0.dylib (0x3136acd18). This may cause spurious casting failures and mysterious crashes. One of the duplicates must be removed or renamed.
objc[28013]: Class SDL_RumbleMotor is implemented in both /Users/linmuyi/miniconda3/envs/llm_gs/lib/python3.9/site-packages/pygame/.dylibs/libSDL2-2.0.0.dylib (0x104f8d778) and /Users/linmuyi/miniconda3/envs/llm_gs/lib/python3.9/site-packages/cv2/.dylibs/libSDL2-2.0.0.dylib (0x3136acd40). This may cause spurious casting failures and mysterious crashes. One of the duplicates must be removed or renamed.
objc[28013]: Class SDL_RumbleContext is implemented in both /Users/linmuyi/miniconda3/envs/llm_gs/lib/python3.9/site-packages/pygame/.dylibs/libSDL2-2.0.0.dylib (0x104f8d7c8) and /Users/linmuyi/miniconda3/envs/llm_gs/lib/python3.9/site-packages/cv2/.dylibs/libSDL2-2.0.0.dylib (0x3136acd90). This may cause spurious casting failures and mysterious crashes. One of the duplicates must be removed or renamed.
[random_curriculum] 1500000 steps, 30 checkpoints, curriculum

  steps=  50000  held=0.08  gate=0.04  bins=1/3  active= 30  (132s)
  steps= 100000  held=0.16  gate=0.17  bins=1/3  active= 30  (255s)
  steps= 150000  held=0.24  gate=0.18  bins=1/3  active= 30  (375s)
  steps= 200000  held=0.03  gate=0.03  bins=1/3  active= 30  (506s)
  steps= 250000  held=0.03  gate=0.01  bins=1/3  active= 30  (681s)
  steps= 300000  held=0.02  gate=0.01  bins=1/3  active= 30  (921s)
  steps= 350000  held=0.07  gate=0.04  bins=1/3  active= 30  (1163s)
  steps= 400000  held=0.15  gate=0.18  bins=2/3  active= 60  [UNLOCK:deadline]  (1321s)
  steps= 450000  held=0.26  gate=0.22  bins=2/3  active= 60  (1439s)
  steps= 500000  held=0.35  gate=0.35  bins=2/3  active= 60  (1606s)
  steps= 550000  held=0.53  gate=0.56  bins=3/3  active= 90  [UNLOCK:gate]  (1780s)
  steps= 600000  held=0.60  gate=0.60  bins=3/3  active= 90  (1902s)
  steps= 650000  held=0.60  gate=0.60  bins=3/3  active= 90  (2023s)
  steps= 700000  held=0.65  gate=0.65  bins=3/3  active= 90  (2137s)
  steps= 750000  held=0.58  gate=0.58  bins=3/3  active= 90  (2254s)
  steps= 800000  held=0.60  gate=0.60  bins=3/3  active= 90  (2368s)
  steps= 850000  held=0.63  gate=0.63  bins=3/3  active= 90  (2478s)
  steps= 900000  held=0.63  gate=0.63  bins=3/3  active= 90  (2585s)
  steps= 950000  held=0.62  gate=0.62  bins=3/3  active= 90  (2693s)
  steps=1000000  held=0.59  gate=0.59  bins=3/3  active= 90  (2808s)
  steps=1050000  held=0.57  gate=0.57  bins=3/3  active= 90  (2925s)
  steps=1100000  held=0.56  gate=0.56  bins=3/3  active= 90  (3052s)
  steps=1150000  held=0.57  gate=0.57  bins=3/3  active= 90  (3167s)
  steps=1200000  held=0.66  gate=0.66  bins=3/3  active= 90  (3278s)
  steps=1250000  held=0.58  gate=0.58  bins=3/3  active= 90  (3389s)
  steps=1300000  held=0.58  gate=0.58  bins=3/3  active= 90  (3497s)
  steps=1350000  held=0.67  gate=0.67  bins=3/3  active= 90  (3598s)
  steps=1400000  held=0.57  gate=0.57  bins=3/3  active= 90  (3708s)
  steps=1450000  held=0.64  gate=0.64  bins=3/3  active= 90  (3814s)
  steps=1500000  held=0.74  gate=0.74  bins=3/3  active= 90  (3917s)

[random_curriculum] DONE  final held=0.74  steps_to_0.3=500,000  wall=3917s  -> random_curriculum_seed3.json
[random_curriculum] per-cell held: s19N0=0.74
