[path_len] train=90 layouts  held-out=36 layouts
objc[93070]: Class SDLApplication is implemented in both /Users/linmuyi/miniconda3/envs/llm_gs/lib/python3.9/site-packages/pygame/.dylibs/libSDL2-2.0.0.dylib (0x106f952c8) and /Users/linmuyi/miniconda3/envs/llm_gs/lib/python3.9/site-packages/cv2/.dylibs/libSDL2-2.0.0.dylib (0x16e378890). This may cause spurious casting failures and mysterious crashes. One of the duplicates must be removed or renamed.
objc[93070]: Class SDLAppDelegate is implemented in both /Users/linmuyi/miniconda3/envs/llm_gs/lib/python3.9/site-packages/pygame/.dylibs/libSDL2-2.0.0.dylib (0x106f95318) and /Users/linmuyi/miniconda3/envs/llm_gs/lib/python3.9/site-packages/cv2/.dylibs/libSDL2-2.0.0.dylib (0x16e3788e0). This may cause spurious casting failures and mysterious crashes. One of the duplicates must be removed or renamed.
objc[93070]: Class SDLTranslatorResponder is implemented in both /Users/linmuyi/miniconda3/envs/llm_gs/lib/python3.9/site-packages/pygame/.dylibs/libSDL2-2.0.0.dylib (0x106f95390) and /Users/linmuyi/miniconda3/envs/llm_gs/lib/python3.9/site-packages/cv2/.dylibs/libSDL2-2.0.0.dylib (0x16e378958). This may cause spurious casting failures and mysterious crashes. One of the duplicates must be removed or renamed.
objc[93070]: Class SDLMessageBoxPresenter is implemented in both /Users/linmuyi/miniconda3/envs/llm_gs/lib/python3.9/site-packages/pygame/.dylibs/libSDL2-2.0.0.dylib (0x106f953b8) and /Users/linmuyi/miniconda3/envs/llm_gs/lib/python3.9/site-packages/cv2/.dylibs/libSDL2-2.0.0.dylib (0x16e378980). This may cause spurious casting failures and mysterious crashes. One of the duplicates must be removed or renamed.
objc[93070]: Class SDL_cocoametalview is implemented in both /Users/linmuyi/miniconda3/envs/llm_gs/lib/python3.9/site-packages/pygame/.dylibs/libSDL2-2.0.0.dylib (0x106f95408) and /Users/linmuyi/miniconda3/envs/llm_gs/lib/python3.9/site-packages/cv2/.dylibs/libSDL2-2.0.0.dylib (0x16e3789d0). This may cause spurious casting failures and mysterious crashes. One of the duplicates must be removed or renamed.
objc[93070]: Class SDLOpenGLContext is implemented in both /Users/linmuyi/miniconda3/envs/llm_gs/lib/python3.9/site-packages/pygame/.dylibs/libSDL2-2.0.0.dylib (0x106f95458) and /Users/linmuyi/miniconda3/envs/llm_gs/lib/python3.9/site-packages/cv2/.dylibs/libSDL2-2.0.0.dylib (0x16e378a20). This may cause spurious casting failures and mysterious crashes. One of the duplicates must be removed or renamed.
objc[93070]: Class SDL_ShapeData is implemented in both /Users/linmuyi/miniconda3/envs/llm_gs/lib/python3.9/site-packages/pygame/.dylibs/libSDL2-2.0.0.dylib (0x106f954d0) and /Users/linmuyi/miniconda3/envs/llm_gs/lib/python3.9/site-packages/cv2/.dylibs/libSDL2-2.0.0.dylib (0x16e378a98). This may cause spurious casting failures and mysterious crashes. One of the duplicates must be removed or renamed.
objc[93070]: Class SDL_CocoaClosure is implemented in both /Users/linmuyi/miniconda3/envs/llm_gs/lib/python3.9/site-packages/pygame/.dylibs/libSDL2-2.0.0.dylib (0x106f95520) and /Users/linmuyi/miniconda3/envs/llm_gs/lib/python3.9/site-packages/cv2/.dylibs/libSDL2-2.0.0.dylib (0x16e378ae8). This may cause spurious casting failures and mysterious crashes. One of the duplicates must be removed or renamed.
objc[93070]: Class SDL_VideoData is implemented in both /Users/linmuyi/miniconda3/envs/llm_gs/lib/python3.9/site-packages/pygame/.dylibs/libSDL2-2.0.0.dylib (0x106f95570) and /Users/linmuyi/miniconda3/envs/llm_gs/lib/python3.9/site-packages/cv2/.dylibs/libSDL2-2.0.0.dylib (0x16e378b38). This may cause spurious casting failures and mysterious crashes. One of the duplicates must be removed or renamed.
objc[93070]: Class SDL_WindowData is implemented in both /Users/linmuyi/miniconda3/envs/llm_gs/lib/python3.9/site-packages/pygame/.dylibs/libSDL2-2.0.0.dylib (0x106f955c0) and /Users/linmuyi/miniconda3/envs/llm_gs/lib/python3.9/site-packages/cv2/.dylibs/libSDL2-2.0.0.dylib (0x16e378b88). This may cause spurious casting failures and mysterious crashes. One of the duplicates must be removed or renamed.
objc[93070]: Class SDLWindow is implemented in both /Users/linmuyi/miniconda3/envs/llm_gs/lib/python3.9/site-packages/pygame/.dylibs/libSDL2-2.0.0.dylib (0x106f955e8) and /Users/linmuyi/miniconda3/envs/llm_gs/lib/python3.9/site-packages/cv2/.dylibs/libSDL2-2.0.0.dylib (0x16e378bb0). This may cause spurious casting failures and mysterious crashes. One of the duplicates must be removed or renamed.
objc[93070]: Class Cocoa_WindowListener is implemented in both /Users/linmuyi/miniconda3/envs/llm_gs/lib/python3.9/site-packages/pygame/.dylibs/libSDL2-2.0.0.dylib (0x106f95610) and /Users/linmuyi/miniconda3/envs/llm_gs/lib/python3.9/site-packages/cv2/.dylibs/libSDL2-2.0.0.dylib (0x16e378bd8). This may cause spurious casting failures and mysterious crashes. One of the duplicates must be removed or renamed.
objc[93070]: Class SDLView is implemented in both /Users/linmuyi/miniconda3/envs/llm_gs/lib/python3.9/site-packages/pygame/.dylibs/libSDL2-2.0.0.dylib (0x106f95688) and /Users/linmuyi/miniconda3/envs/llm_gs/lib/python3.9/site-packages/cv2/.dylibs/libSDL2-2.0.0.dylib (0x16e378c50). This may cause spurious casting failures and mysterious crashes. One of the duplicates must be removed or renamed.
objc[93070]: Class METAL_RenderData is implemented in both /Users/linmuyi/miniconda3/envs/llm_gs/lib/python3.9/site-packages/pygame/.dylibs/libSDL2-2.0.0.dylib (0x106f95700) and /Users/linmuyi/miniconda3/envs/llm_gs/lib/python3.9/site-packages/cv2/.dylibs/libSDL2-2.0.0.dylib (0x16e378cc8). This may cause spurious casting failures and mysterious crashes. One of the duplicates must be removed or renamed.
objc[93070]: Class METAL_TextureData is implemented in both /Users/linmuyi/miniconda3/envs/llm_gs/lib/python3.9/site-packages/pygame/.dylibs/libSDL2-2.0.0.dylib (0x106f95750) and /Users/linmuyi/miniconda3/envs/llm_gs/lib/python3.9/site-packages/cv2/.dylibs/libSDL2-2.0.0.dylib (0x16e378d18). This may cause spurious casting failures and mysterious crashes. One of the duplicates must be removed or renamed.
objc[93070]: Class SDL_RumbleMotor is implemented in both /Users/linmuyi/miniconda3/envs/llm_gs/lib/python3.9/site-packages/pygame/.dylibs/libSDL2-2.0.0.dylib (0x106f95778) and /Users/linmuyi/miniconda3/envs/llm_gs/lib/python3.9/site-packages/cv2/.dylibs/libSDL2-2.0.0.dylib (0x16e378d40). This may cause spurious casting failures and mysterious crashes. One of the duplicates must be removed or renamed.
objc[93070]: Class SDL_RumbleContext is implemented in both /Users/linmuyi/miniconda3/envs/llm_gs/lib/python3.9/site-packages/pygame/.dylibs/libSDL2-2.0.0.dylib (0x106f957c8) and /Users/linmuyi/miniconda3/envs/llm_gs/lib/python3.9/site-packages/cv2/.dylibs/libSDL2-2.0.0.dylib (0x16e378d90). This may cause spurious casting failures and mysterious crashes. One of the duplicates must be removed or renamed.
[path_len] 1500000 steps, 30 checkpoints, curriculum

  steps=  50000  held=0.00  gate=0.00  bins=1/3  active= 30  (134s)
  steps= 100000  held=0.00  gate=0.00  bins=1/3  active= 30  (264s)
  steps= 150000  held=0.10  gate=0.04  bins=1/3  active= 30  (391s)
  steps= 200000  held=0.10  gate=0.12  bins=1/3  active= 30  (518s)
  steps= 250000  held=0.35  gate=0.50  bins=1/3  active= 30  (632s)
  steps= 300000  held=0.39  gate=0.72  bins=2/3  active= 60  [UNLOCK:gate]  (734s)
  steps= 350000  held=0.28  gate=0.38  bins=2/3  active= 60  (849s)
  steps= 400000  held=0.34  gate=0.42  bins=2/3  active= 60  (964s)
  steps= 450000  held=0.28  gate=0.32  bins=2/3  active= 60  (1081s)
  steps= 500000  held=0.28  gate=0.47  bins=2/3  active= 60  (1194s)
  steps= 550000  held=0.58  gate=0.81  bins=3/3  active= 90  [UNLOCK:gate]  (1280s)
  steps= 600000  held=0.62  gate=0.62  bins=3/3  active= 90  (1346s)
  steps= 650000  held=0.60  gate=0.60  bins=3/3  active= 90  (1411s)
  steps= 700000  held=0.56  gate=0.56  bins=3/3  active= 90  (1481s)
  steps= 750000  held=0.55  gate=0.55  bins=3/3  active= 90  (1549s)
  steps= 800000  held=0.58  gate=0.58  bins=3/3  active= 90  (1614s)
  steps= 850000  held=0.52  gate=0.52  bins=3/3  active= 90  (1683s)
  steps= 900000  held=0.51  gate=0.51  bins=3/3  active= 90  (1752s)
  steps= 950000  held=0.56  gate=0.56  bins=3/3  active= 90  (1818s)
  steps=1000000  held=0.69  gate=0.69  bins=3/3  active= 90  (1879s)
  steps=1050000  held=0.67  gate=0.67  bins=3/3  active= 90  (1938s)
  steps=1100000  held=0.62  gate=0.62  bins=3/3  active= 90  (2000s)
  steps=1150000  held=0.73  gate=0.73  bins=3/3  active= 90  (2060s)
  steps=1200000  held=0.62  gate=0.62  bins=3/3  active= 90  (2127s)
  steps=1250000  held=0.62  gate=0.62  bins=3/3  active= 90  (2195s)
  steps=1300000  held=0.60  gate=0.60  bins=3/3  active= 90  (2261s)
  steps=1350000  held=0.79  gate=0.79  bins=3/3  active= 90  (2323s)
  steps=1400000  held=0.58  gate=0.58  bins=3/3  active= 90  (2393s)
  steps=1450000  held=0.61  gate=0.61  bins=3/3  active= 90  (2462s)
  steps=1500000  held=0.70  gate=0.70  bins=3/3  active= 90  (2526s)

[path_len] DONE  final held=0.70  steps_to_0.3=250,000  wall=2526s  -> path_len_seed8.json
[path_len] per-cell held: s19N0=0.70
