[flat] train=90 layouts  held-out=36 layouts
objc[87904]: Class SDLApplication is implemented in both /Users/linmuyi/miniconda3/envs/llm_gs/lib/python3.9/site-packages/pygame/.dylibs/libSDL2-2.0.0.dylib (0x107f2d2c8) and /Users/linmuyi/miniconda3/envs/llm_gs/lib/python3.9/site-packages/cv2/.dylibs/libSDL2-2.0.0.dylib (0x13fa3c890). This may cause spurious casting failures and mysterious crashes. One of the duplicates must be removed or renamed.
objc[87904]: Class SDLAppDelegate is implemented in both /Users/linmuyi/miniconda3/envs/llm_gs/lib/python3.9/site-packages/pygame/.dylibs/libSDL2-2.0.0.dylib (0x107f2d318) and /Users/linmuyi/miniconda3/envs/llm_gs/lib/python3.9/site-packages/cv2/.dylibs/libSDL2-2.0.0.dylib (0x13fa3c8e0). This may cause spurious casting failures and mysterious crashes. One of the duplicates must be removed or renamed.
objc[87904]: Class SDLTranslatorResponder is implemented in both /Users/linmuyi/miniconda3/envs/llm_gs/lib/python3.9/site-packages/pygame/.dylibs/libSDL2-2.0.0.dylib (0x107f2d390) and /Users/linmuyi/miniconda3/envs/llm_gs/lib/python3.9/site-packages/cv2/.dylibs/libSDL2-2.0.0.dylib (0x13fa3c958). This may cause spurious casting failures and mysterious crashes. One of the duplicates must be removed or renamed.
objc[87904]: Class SDLMessageBoxPresenter is implemented in both /Users/linmuyi/miniconda3/envs/llm_gs/lib/python3.9/site-packages/pygame/.dylibs/libSDL2-2.0.0.dylib (0x107f2d3b8) and /Users/linmuyi/miniconda3/envs/llm_gs/lib/python3.9/site-packages/cv2/.dylibs/libSDL2-2.0.0.dylib (0x13fa3c980). This may cause spurious casting failures and mysterious crashes. One of the duplicates must be removed or renamed.
objc[87904]: Class SDL_cocoametalview is implemented in both /Users/linmuyi/miniconda3/envs/llm_gs/lib/python3.9/site-packages/pygame/.dylibs/libSDL2-2.0.0.dylib (0x107f2d408) and /Users/linmuyi/miniconda3/envs/llm_gs/lib/python3.9/site-packages/cv2/.dylibs/libSDL2-2.0.0.dylib (0x13fa3c9d0). This may cause spurious casting failures and mysterious crashes. One of the duplicates must be removed or renamed.
objc[87904]: Class SDLOpenGLContext is implemented in both /Users/linmuyi/miniconda3/envs/llm_gs/lib/python3.9/site-packages/pygame/.dylibs/libSDL2-2.0.0.dylib (0x107f2d458) and /Users/linmuyi/miniconda3/envs/llm_gs/lib/python3.9/site-packages/cv2/.dylibs/libSDL2-2.0.0.dylib (0x13fa3ca20). This may cause spurious casting failures and mysterious crashes. One of the duplicates must be removed or renamed.
objc[87904]: Class SDL_ShapeData is implemented in both /Users/linmuyi/miniconda3/envs/llm_gs/lib/python3.9/site-packages/pygame/.dylibs/libSDL2-2.0.0.dylib (0x107f2d4d0) and /Users/linmuyi/miniconda3/envs/llm_gs/lib/python3.9/site-packages/cv2/.dylibs/libSDL2-2.0.0.dylib (0x13fa3ca98). This may cause spurious casting failures and mysterious crashes. One of the duplicates must be removed or renamed.
objc[87904]: Class SDL_CocoaClosure is implemented in both /Users/linmuyi/miniconda3/envs/llm_gs/lib/python3.9/site-packages/pygame/.dylibs/libSDL2-2.0.0.dylib (0x107f2d520) and /Users/linmuyi/miniconda3/envs/llm_gs/lib/python3.9/site-packages/cv2/.dylibs/libSDL2-2.0.0.dylib (0x13fa3cae8). This may cause spurious casting failures and mysterious crashes. One of the duplicates must be removed or renamed.
objc[87904]: Class SDL_VideoData is implemented in both /Users/linmuyi/miniconda3/envs/llm_gs/lib/python3.9/site-packages/pygame/.dylibs/libSDL2-2.0.0.dylib (0x107f2d570) and /Users/linmuyi/miniconda3/envs/llm_gs/lib/python3.9/site-packages/cv2/.dylibs/libSDL2-2.0.0.dylib (0x13fa3cb38). This may cause spurious casting failures and mysterious crashes. One of the duplicates must be removed or renamed.
objc[87904]: Class SDL_WindowData is implemented in both /Users/linmuyi/miniconda3/envs/llm_gs/lib/python3.9/site-packages/pygame/.dylibs/libSDL2-2.0.0.dylib (0x107f2d5c0) and /Users/linmuyi/miniconda3/envs/llm_gs/lib/python3.9/site-packages/cv2/.dylibs/libSDL2-2.0.0.dylib (0x13fa3cb88). This may cause spurious casting failures and mysterious crashes. One of the duplicates must be removed or renamed.
objc[87904]: Class SDLWindow is implemented in both /Users/linmuyi/miniconda3/envs/llm_gs/lib/python3.9/site-packages/pygame/.dylibs/libSDL2-2.0.0.dylib (0x107f2d5e8) and /Users/linmuyi/miniconda3/envs/llm_gs/lib/python3.9/site-packages/cv2/.dylibs/libSDL2-2.0.0.dylib (0x13fa3cbb0). This may cause spurious casting failures and mysterious crashes. One of the duplicates must be removed or renamed.
objc[87904]: Class Cocoa_WindowListener is implemented in both /Users/linmuyi/miniconda3/envs/llm_gs/lib/python3.9/site-packages/pygame/.dylibs/libSDL2-2.0.0.dylib (0x107f2d610) and /Users/linmuyi/miniconda3/envs/llm_gs/lib/python3.9/site-packages/cv2/.dylibs/libSDL2-2.0.0.dylib (0x13fa3cbd8). This may cause spurious casting failures and mysterious crashes. One of the duplicates must be removed or renamed.
objc[87904]: Class SDLView is implemented in both /Users/linmuyi/miniconda3/envs/llm_gs/lib/python3.9/site-packages/pygame/.dylibs/libSDL2-2.0.0.dylib (0x107f2d688) and /Users/linmuyi/miniconda3/envs/llm_gs/lib/python3.9/site-packages/cv2/.dylibs/libSDL2-2.0.0.dylib (0x13fa3cc50). This may cause spurious casting failures and mysterious crashes. One of the duplicates must be removed or renamed.
objc[87904]: Class METAL_RenderData is implemented in both /Users/linmuyi/miniconda3/envs/llm_gs/lib/python3.9/site-packages/pygame/.dylibs/libSDL2-2.0.0.dylib (0x107f2d700) and /Users/linmuyi/miniconda3/envs/llm_gs/lib/python3.9/site-packages/cv2/.dylibs/libSDL2-2.0.0.dylib (0x13fa3ccc8). This may cause spurious casting failures and mysterious crashes. One of the duplicates must be removed or renamed.
objc[87904]: Class METAL_TextureData is implemented in both /Users/linmuyi/miniconda3/envs/llm_gs/lib/python3.9/site-packages/pygame/.dylibs/libSDL2-2.0.0.dylib (0x107f2d750) and /Users/linmuyi/miniconda3/envs/llm_gs/lib/python3.9/site-packages/cv2/.dylibs/libSDL2-2.0.0.dylib (0x13fa3cd18). This may cause spurious casting failures and mysterious crashes. One of the duplicates must be removed or renamed.
objc[87904]: Class SDL_RumbleMotor is implemented in both /Users/linmuyi/miniconda3/envs/llm_gs/lib/python3.9/site-packages/pygame/.dylibs/libSDL2-2.0.0.dylib (0x107f2d778) and /Users/linmuyi/miniconda3/envs/llm_gs/lib/python3.9/site-packages/cv2/.dylibs/libSDL2-2.0.0.dylib (0x13fa3cd40). This may cause spurious casting failures and mysterious crashes. One of the duplicates must be removed or renamed.
objc[87904]: Class SDL_RumbleContext is implemented in both /Users/linmuyi/miniconda3/envs/llm_gs/lib/python3.9/site-packages/pygame/.dylibs/libSDL2-2.0.0.dylib (0x107f2d7c8) and /Users/linmuyi/miniconda3/envs/llm_gs/lib/python3.9/site-packages/cv2/.dylibs/libSDL2-2.0.0.dylib (0x13fa3cd90). This may cause spurious casting failures and mysterious crashes. One of the duplicates must be removed or renamed.
[flat] 1500000 steps, 30 checkpoints, flat (no curriculum)

  steps=  50000  held=0.01  gate=0.01  bins=3/3  active= 90  (182s)
  steps= 100000  held=0.10  gate=0.10  bins=3/3  active= 90  (356s)
  steps= 150000  held=0.22  gate=0.22  bins=3/3  active= 90  (517s)
  steps= 200000  held=0.23  gate=0.23  bins=3/3  active= 90  (679s)
  steps= 250000  held=0.20  gate=0.20  bins=3/3  active= 90  (850s)
  steps= 300000  held=0.27  gate=0.27  bins=3/3  active= 90  (1023s)
  steps= 350000  held=0.00  gate=0.00  bins=3/3  active= 90  (1204s)
  steps= 400000  held=0.00  gate=0.00  bins=3/3  active= 90  (1444s)
  steps= 450000  held=0.16  gate=0.16  bins=3/3  active= 90  (1649s)
  steps= 500000  held=0.02  gate=0.02  bins=3/3  active= 90  (1856s)
  steps= 550000  held=0.06  gate=0.06  bins=3/3  active= 90  (2055s)
  steps= 600000  held=0.00  gate=0.00  bins=3/3  active= 90  (2253s)
  steps= 650000  held=0.00  gate=0.00  bins=3/3  active= 90  (2419s)
  steps= 700000  held=0.03  gate=0.03  bins=3/3  active= 90  (2557s)
  steps= 750000  held=0.07  gate=0.07  bins=3/3  active= 90  (2686s)
  steps= 800000  held=0.03  gate=0.03  bins=3/3  active= 90  (2809s)
  steps= 850000  held=0.26  gate=0.26  bins=3/3  active= 90  (2912s)
  steps= 900000  held=0.27  gate=0.27  bins=3/3  active= 90  (3008s)
  steps= 950000  held=0.49  gate=0.49  bins=3/3  active= 90  (3088s)
  steps=1000000  held=0.58  gate=0.58  bins=3/3  active= 90  (3157s)
  steps=1050000  held=0.62  gate=0.62  bins=3/3  active= 90  (3221s)
  steps=1100000  held=0.69  gate=0.69  bins=3/3  active= 90  (3282s)
  steps=1150000  held=0.67  gate=0.67  bins=3/3  active= 90  (3345s)
  steps=1200000  held=0.65  gate=0.65  bins=3/3  active= 90  (3410s)
  steps=1250000  held=0.60  gate=0.60  bins=3/3  active= 90  (3472s)
  steps=1300000  held=0.66  gate=0.66  bins=3/3  active= 90  (3533s)
  steps=1350000  held=0.62  gate=0.62  bins=3/3  active= 90  (3592s)
  steps=1400000  held=0.65  gate=0.65  bins=3/3  active= 90  (3646s)
  steps=1450000  held=0.58  gate=0.58  bins=3/3  active= 90  (3709s)
  steps=1500000  held=0.60  gate=0.60  bins=3/3  active= 90  (3775s)

[flat] DONE  final held=0.60  steps_to_0.3=950,000  wall=3775s  -> flat_seed15.json
[flat] per-cell held: s19N0=0.60
