[flat] train=90 layouts  held-out=36 layouts
objc[4932]: Class SDLApplication is implemented in both /Users/linmuyi/miniconda3/envs/llm_gs/lib/python3.9/site-packages/pygame/.dylibs/libSDL2-2.0.0.dylib (0x10b5f92c8) and /Users/linmuyi/miniconda3/envs/llm_gs/lib/python3.9/site-packages/cv2/.dylibs/libSDL2-2.0.0.dylib (0x1329f4890). This may cause spurious casting failures and mysterious crashes. One of the duplicates must be removed or renamed.
objc[4932]: Class SDLAppDelegate is implemented in both /Users/linmuyi/miniconda3/envs/llm_gs/lib/python3.9/site-packages/pygame/.dylibs/libSDL2-2.0.0.dylib (0x10b5f9318) and /Users/linmuyi/miniconda3/envs/llm_gs/lib/python3.9/site-packages/cv2/.dylibs/libSDL2-2.0.0.dylib (0x1329f48e0). This may cause spurious casting failures and mysterious crashes. One of the duplicates must be removed or renamed.
objc[4932]: Class SDLTranslatorResponder is implemented in both /Users/linmuyi/miniconda3/envs/llm_gs/lib/python3.9/site-packages/pygame/.dylibs/libSDL2-2.0.0.dylib (0x10b5f9390) and /Users/linmuyi/miniconda3/envs/llm_gs/lib/python3.9/site-packages/cv2/.dylibs/libSDL2-2.0.0.dylib (0x1329f4958). This may cause spurious casting failures and mysterious crashes. One of the duplicates must be removed or renamed.
objc[4932]: Class SDLMessageBoxPresenter is implemented in both /Users/linmuyi/miniconda3/envs/llm_gs/lib/python3.9/site-packages/pygame/.dylibs/libSDL2-2.0.0.dylib (0x10b5f93b8) and /Users/linmuyi/miniconda3/envs/llm_gs/lib/python3.9/site-packages/cv2/.dylibs/libSDL2-2.0.0.dylib (0x1329f4980). This may cause spurious casting failures and mysterious crashes. One of the duplicates must be removed or renamed.
objc[4932]: Class SDL_cocoametalview is implemented in both /Users/linmuyi/miniconda3/envs/llm_gs/lib/python3.9/site-packages/pygame/.dylibs/libSDL2-2.0.0.dylib (0x10b5f9408) and /Users/linmuyi/miniconda3/envs/llm_gs/lib/python3.9/site-packages/cv2/.dylibs/libSDL2-2.0.0.dylib (0x1329f49d0). This may cause spurious casting failures and mysterious crashes. One of the duplicates must be removed or renamed.
objc[4932]: Class SDLOpenGLContext is implemented in both /Users/linmuyi/miniconda3/envs/llm_gs/lib/python3.9/site-packages/pygame/.dylibs/libSDL2-2.0.0.dylib (0x10b5f9458) and /Users/linmuyi/miniconda3/envs/llm_gs/lib/python3.9/site-packages/cv2/.dylibs/libSDL2-2.0.0.dylib (0x1329f4a20). This may cause spurious casting failures and mysterious crashes. One of the duplicates must be removed or renamed.
objc[4932]: Class SDL_ShapeData is implemented in both /Users/linmuyi/miniconda3/envs/llm_gs/lib/python3.9/site-packages/pygame/.dylibs/libSDL2-2.0.0.dylib (0x10b5f94d0) and /Users/linmuyi/miniconda3/envs/llm_gs/lib/python3.9/site-packages/cv2/.dylibs/libSDL2-2.0.0.dylib (0x1329f4a98). This may cause spurious casting failures and mysterious crashes. One of the duplicates must be removed or renamed.
objc[4932]: Class SDL_CocoaClosure is implemented in both /Users/linmuyi/miniconda3/envs/llm_gs/lib/python3.9/site-packages/pygame/.dylibs/libSDL2-2.0.0.dylib (0x10b5f9520) and /Users/linmuyi/miniconda3/envs/llm_gs/lib/python3.9/site-packages/cv2/.dylibs/libSDL2-2.0.0.dylib (0x1329f4ae8). This may cause spurious casting failures and mysterious crashes. One of the duplicates must be removed or renamed.
objc[4932]: Class SDL_VideoData is implemented in both /Users/linmuyi/miniconda3/envs/llm_gs/lib/python3.9/site-packages/pygame/.dylibs/libSDL2-2.0.0.dylib (0x10b5f9570) and /Users/linmuyi/miniconda3/envs/llm_gs/lib/python3.9/site-packages/cv2/.dylibs/libSDL2-2.0.0.dylib (0x1329f4b38). This may cause spurious casting failures and mysterious crashes. One of the duplicates must be removed or renamed.
objc[4932]: Class SDL_WindowData is implemented in both /Users/linmuyi/miniconda3/envs/llm_gs/lib/python3.9/site-packages/pygame/.dylibs/libSDL2-2.0.0.dylib (0x10b5f95c0) and /Users/linmuyi/miniconda3/envs/llm_gs/lib/python3.9/site-packages/cv2/.dylibs/libSDL2-2.0.0.dylib (0x1329f4b88). This may cause spurious casting failures and mysterious crashes. One of the duplicates must be removed or renamed.
objc[4932]: Class SDLWindow is implemented in both /Users/linmuyi/miniconda3/envs/llm_gs/lib/python3.9/site-packages/pygame/.dylibs/libSDL2-2.0.0.dylib (0x10b5f95e8) and /Users/linmuyi/miniconda3/envs/llm_gs/lib/python3.9/site-packages/cv2/.dylibs/libSDL2-2.0.0.dylib (0x1329f4bb0). This may cause spurious casting failures and mysterious crashes. One of the duplicates must be removed or renamed.
objc[4932]: Class Cocoa_WindowListener is implemented in both /Users/linmuyi/miniconda3/envs/llm_gs/lib/python3.9/site-packages/pygame/.dylibs/libSDL2-2.0.0.dylib (0x10b5f9610) and /Users/linmuyi/miniconda3/envs/llm_gs/lib/python3.9/site-packages/cv2/.dylibs/libSDL2-2.0.0.dylib (0x1329f4bd8). This may cause spurious casting failures and mysterious crashes. One of the duplicates must be removed or renamed.
objc[4932]: Class SDLView is implemented in both /Users/linmuyi/miniconda3/envs/llm_gs/lib/python3.9/site-packages/pygame/.dylibs/libSDL2-2.0.0.dylib (0x10b5f9688) and /Users/linmuyi/miniconda3/envs/llm_gs/lib/python3.9/site-packages/cv2/.dylibs/libSDL2-2.0.0.dylib (0x1329f4c50). This may cause spurious casting failures and mysterious crashes. One of the duplicates must be removed or renamed.
objc[4932]: Class METAL_RenderData is implemented in both /Users/linmuyi/miniconda3/envs/llm_gs/lib/python3.9/site-packages/pygame/.dylibs/libSDL2-2.0.0.dylib (0x10b5f9700) and /Users/linmuyi/miniconda3/envs/llm_gs/lib/python3.9/site-packages/cv2/.dylibs/libSDL2-2.0.0.dylib (0x1329f4cc8). This may cause spurious casting failures and mysterious crashes. One of the duplicates must be removed or renamed.
objc[4932]: Class METAL_TextureData is implemented in both /Users/linmuyi/miniconda3/envs/llm_gs/lib/python3.9/site-packages/pygame/.dylibs/libSDL2-2.0.0.dylib (0x10b5f9750) and /Users/linmuyi/miniconda3/envs/llm_gs/lib/python3.9/site-packages/cv2/.dylibs/libSDL2-2.0.0.dylib (0x1329f4d18). This may cause spurious casting failures and mysterious crashes. One of the duplicates must be removed or renamed.
objc[4932]: Class SDL_RumbleMotor is implemented in both /Users/linmuyi/miniconda3/envs/llm_gs/lib/python3.9/site-packages/pygame/.dylibs/libSDL2-2.0.0.dylib (0x10b5f9778) and /Users/linmuyi/miniconda3/envs/llm_gs/lib/python3.9/site-packages/cv2/.dylibs/libSDL2-2.0.0.dylib (0x1329f4d40). This may cause spurious casting failures and mysterious crashes. One of the duplicates must be removed or renamed.
objc[4932]: Class SDL_RumbleContext is implemented in both /Users/linmuyi/miniconda3/envs/llm_gs/lib/python3.9/site-packages/pygame/.dylibs/libSDL2-2.0.0.dylib (0x10b5f97c8) and /Users/linmuyi/miniconda3/envs/llm_gs/lib/python3.9/site-packages/cv2/.dylibs/libSDL2-2.0.0.dylib (0x1329f4d90). This may cause spurious casting failures and mysterious crashes. One of the duplicates must be removed or renamed.
[flat] 1500000 steps, 30 checkpoints, flat (no curriculum)

  steps=  50000  held=0.10  gate=0.10  bins=3/3  active= 90  (209s)
  steps= 100000  held=0.01  gate=0.01  bins=3/3  active= 90  (402s)
  steps= 150000  held=0.08  gate=0.08  bins=3/3  active= 90  (589s)
  steps= 200000  held=0.04  gate=0.04  bins=3/3  active= 90  (741s)
  steps= 250000  held=0.11  gate=0.11  bins=3/3  active= 90  (872s)
  steps= 300000  held=0.02  gate=0.02  bins=3/3  active= 90  (1002s)
  steps= 350000  held=0.01  gate=0.01  bins=3/3  active= 90  (1119s)
  steps= 400000  held=0.00  gate=0.00  bins=3/3  active= 90  (1228s)
  steps= 450000  held=0.00  gate=0.00  bins=3/3  active= 90  (1334s)
  steps= 500000  held=0.05  gate=0.05  bins=3/3  active= 90  (1434s)
  steps= 550000  held=0.00  gate=0.00  bins=3/3  active= 90  (1532s)
  steps= 600000  held=0.01  gate=0.01  bins=3/3  active= 90  (1627s)
  steps= 650000  held=0.03  gate=0.03  bins=3/3  active= 90  (1720s)
  steps= 700000  held=0.00  gate=0.00  bins=3/3  active= 90  (1811s)
  steps= 750000  held=0.01  gate=0.01  bins=3/3  active= 90  (1900s)
  steps= 800000  held=0.00  gate=0.00  bins=3/3  active= 90  (1991s)
  steps= 850000  held=0.00  gate=0.00  bins=3/3  active= 90  (2091s)
  steps= 900000  held=0.00  gate=0.00  bins=3/3  active= 90  (2187s)
  steps= 950000  held=0.00  gate=0.00  bins=3/3  active= 90  (2285s)
  steps=1000000  held=0.00  gate=0.00  bins=3/3  active= 90  (2383s)
  steps=1050000  held=0.01  gate=0.01  bins=3/3  active= 90  (2485s)
  steps=1100000  held=0.01  gate=0.01  bins=3/3  active= 90  (2585s)
  steps=1150000  held=0.12  gate=0.12  bins=3/3  active= 90  (2681s)
  steps=1200000  held=0.27  gate=0.27  bins=3/3  active= 90  (2770s)
  steps=1250000  held=0.38  gate=0.38  bins=3/3  active= 90  (2859s)
  steps=1300000  held=0.47  gate=0.47  bins=3/3  active= 90  (2939s)
  steps=1350000  held=0.58  gate=0.58  bins=3/3  active= 90  (3010s)
  steps=1400000  held=0.64  gate=0.64  bins=3/3  active= 90  (3076s)
  steps=1450000  held=0.66  gate=0.66  bins=3/3  active= 90  (3141s)
  steps=1500000  held=0.62  gate=0.62  bins=3/3  active= 90  (3206s)

[flat] DONE  final held=0.62  steps_to_0.3=1,250,000  wall=3206s  -> flat_seed16.json
[flat] per-cell held: s19N0=0.62
