[flat] train=90 layouts  held-out=36 layouts
objc[95479]: Class SDLApplication is implemented in both /Users/linmuyi/miniconda3/envs/llm_gs/lib/python3.9/site-packages/pygame/.dylibs/libSDL2-2.0.0.dylib (0x1068c52c8) and /Users/linmuyi/miniconda3/envs/llm_gs/lib/python3.9/site-packages/cv2/.dylibs/libSDL2-2.0.0.dylib (0x312f58890). This may cause spurious casting failures and mysterious crashes. One of the duplicates must be removed or renamed.
objc[95479]: Class SDLAppDelegate is implemented in both /Users/linmuyi/miniconda3/envs/llm_gs/lib/python3.9/site-packages/pygame/.dylibs/libSDL2-2.0.0.dylib (0x1068c5318) and /Users/linmuyi/miniconda3/envs/llm_gs/lib/python3.9/site-packages/cv2/.dylibs/libSDL2-2.0.0.dylib (0x312f588e0). This may cause spurious casting failures and mysterious crashes. One of the duplicates must be removed or renamed.
objc[95479]: Class SDLTranslatorResponder is implemented in both /Users/linmuyi/miniconda3/envs/llm_gs/lib/python3.9/site-packages/pygame/.dylibs/libSDL2-2.0.0.dylib (0x1068c5390) and /Users/linmuyi/miniconda3/envs/llm_gs/lib/python3.9/site-packages/cv2/.dylibs/libSDL2-2.0.0.dylib (0x312f58958). This may cause spurious casting failures and mysterious crashes. One of the duplicates must be removed or renamed.
objc[95479]: Class SDLMessageBoxPresenter is implemented in both /Users/linmuyi/miniconda3/envs/llm_gs/lib/python3.9/site-packages/pygame/.dylibs/libSDL2-2.0.0.dylib (0x1068c53b8) and /Users/linmuyi/miniconda3/envs/llm_gs/lib/python3.9/site-packages/cv2/.dylibs/libSDL2-2.0.0.dylib (0x312f58980). This may cause spurious casting failures and mysterious crashes. One of the duplicates must be removed or renamed.
objc[95479]: Class SDL_cocoametalview is implemented in both /Users/linmuyi/miniconda3/envs/llm_gs/lib/python3.9/site-packages/pygame/.dylibs/libSDL2-2.0.0.dylib (0x1068c5408) and /Users/linmuyi/miniconda3/envs/llm_gs/lib/python3.9/site-packages/cv2/.dylibs/libSDL2-2.0.0.dylib (0x312f589d0). This may cause spurious casting failures and mysterious crashes. One of the duplicates must be removed or renamed.
objc[95479]: Class SDLOpenGLContext is implemented in both /Users/linmuyi/miniconda3/envs/llm_gs/lib/python3.9/site-packages/pygame/.dylibs/libSDL2-2.0.0.dylib (0x1068c5458) and /Users/linmuyi/miniconda3/envs/llm_gs/lib/python3.9/site-packages/cv2/.dylibs/libSDL2-2.0.0.dylib (0x312f58a20). This may cause spurious casting failures and mysterious crashes. One of the duplicates must be removed or renamed.
objc[95479]: Class SDL_ShapeData is implemented in both /Users/linmuyi/miniconda3/envs/llm_gs/lib/python3.9/site-packages/pygame/.dylibs/libSDL2-2.0.0.dylib (0x1068c54d0) and /Users/linmuyi/miniconda3/envs/llm_gs/lib/python3.9/site-packages/cv2/.dylibs/libSDL2-2.0.0.dylib (0x312f58a98). This may cause spurious casting failures and mysterious crashes. One of the duplicates must be removed or renamed.
objc[95479]: Class SDL_CocoaClosure is implemented in both /Users/linmuyi/miniconda3/envs/llm_gs/lib/python3.9/site-packages/pygame/.dylibs/libSDL2-2.0.0.dylib (0x1068c5520) and /Users/linmuyi/miniconda3/envs/llm_gs/lib/python3.9/site-packages/cv2/.dylibs/libSDL2-2.0.0.dylib (0x312f58ae8). This may cause spurious casting failures and mysterious crashes. One of the duplicates must be removed or renamed.
objc[95479]: Class SDL_VideoData is implemented in both /Users/linmuyi/miniconda3/envs/llm_gs/lib/python3.9/site-packages/pygame/.dylibs/libSDL2-2.0.0.dylib (0x1068c5570) and /Users/linmuyi/miniconda3/envs/llm_gs/lib/python3.9/site-packages/cv2/.dylibs/libSDL2-2.0.0.dylib (0x312f58b38). This may cause spurious casting failures and mysterious crashes. One of the duplicates must be removed or renamed.
objc[95479]: Class SDL_WindowData is implemented in both /Users/linmuyi/miniconda3/envs/llm_gs/lib/python3.9/site-packages/pygame/.dylibs/libSDL2-2.0.0.dylib (0x1068c55c0) and /Users/linmuyi/miniconda3/envs/llm_gs/lib/python3.9/site-packages/cv2/.dylibs/libSDL2-2.0.0.dylib (0x312f58b88). This may cause spurious casting failures and mysterious crashes. One of the duplicates must be removed or renamed.
objc[95479]: Class SDLWindow is implemented in both /Users/linmuyi/miniconda3/envs/llm_gs/lib/python3.9/site-packages/pygame/.dylibs/libSDL2-2.0.0.dylib (0x1068c55e8) and /Users/linmuyi/miniconda3/envs/llm_gs/lib/python3.9/site-packages/cv2/.dylibs/libSDL2-2.0.0.dylib (0x312f58bb0). This may cause spurious casting failures and mysterious crashes. One of the duplicates must be removed or renamed.
objc[95479]: Class Cocoa_WindowListener is implemented in both /Users/linmuyi/miniconda3/envs/llm_gs/lib/python3.9/site-packages/pygame/.dylibs/libSDL2-2.0.0.dylib (0x1068c5610) and /Users/linmuyi/miniconda3/envs/llm_gs/lib/python3.9/site-packages/cv2/.dylibs/libSDL2-2.0.0.dylib (0x312f58bd8). This may cause spurious casting failures and mysterious crashes. One of the duplicates must be removed or renamed.
objc[95479]: Class SDLView is implemented in both /Users/linmuyi/miniconda3/envs/llm_gs/lib/python3.9/site-packages/pygame/.dylibs/libSDL2-2.0.0.dylib (0x1068c5688) and /Users/linmuyi/miniconda3/envs/llm_gs/lib/python3.9/site-packages/cv2/.dylibs/libSDL2-2.0.0.dylib (0x312f58c50). This may cause spurious casting failures and mysterious crashes. One of the duplicates must be removed or renamed.
objc[95479]: Class METAL_RenderData is implemented in both /Users/linmuyi/miniconda3/envs/llm_gs/lib/python3.9/site-packages/pygame/.dylibs/libSDL2-2.0.0.dylib (0x1068c5700) and /Users/linmuyi/miniconda3/envs/llm_gs/lib/python3.9/site-packages/cv2/.dylibs/libSDL2-2.0.0.dylib (0x312f58cc8). This may cause spurious casting failures and mysterious crashes. One of the duplicates must be removed or renamed.
objc[95479]: Class METAL_TextureData is implemented in both /Users/linmuyi/miniconda3/envs/llm_gs/lib/python3.9/site-packages/pygame/.dylibs/libSDL2-2.0.0.dylib (0x1068c5750) and /Users/linmuyi/miniconda3/envs/llm_gs/lib/python3.9/site-packages/cv2/.dylibs/libSDL2-2.0.0.dylib (0x312f58d18). This may cause spurious casting failures and mysterious crashes. One of the duplicates must be removed or renamed.
objc[95479]: Class SDL_RumbleMotor is implemented in both /Users/linmuyi/miniconda3/envs/llm_gs/lib/python3.9/site-packages/pygame/.dylibs/libSDL2-2.0.0.dylib (0x1068c5778) and /Users/linmuyi/miniconda3/envs/llm_gs/lib/python3.9/site-packages/cv2/.dylibs/libSDL2-2.0.0.dylib (0x312f58d40). This may cause spurious casting failures and mysterious crashes. One of the duplicates must be removed or renamed.
objc[95479]: Class SDL_RumbleContext is implemented in both /Users/linmuyi/miniconda3/envs/llm_gs/lib/python3.9/site-packages/pygame/.dylibs/libSDL2-2.0.0.dylib (0x1068c57c8) and /Users/linmuyi/miniconda3/envs/llm_gs/lib/python3.9/site-packages/cv2/.dylibs/libSDL2-2.0.0.dylib (0x312f58d90). This may cause spurious casting failures and mysterious crashes. One of the duplicates must be removed or renamed.
[flat] 1500000 steps, 30 checkpoints, flat (no curriculum)

  steps=  50000  held=0.10  gate=0.10  bins=3/3  active= 90  (97s)
  steps= 100000  held=0.05  gate=0.05  bins=3/3  active= 90  (192s)
  steps= 150000  held=0.04  gate=0.04  bins=3/3  active= 90  (288s)
  steps= 200000  held=0.10  gate=0.10  bins=3/3  active= 90  (382s)
  steps= 250000  held=0.03  gate=0.03  bins=3/3  active= 90  (478s)
  steps= 300000  held=0.03  gate=0.03  bins=3/3  active= 90  (573s)
  steps= 350000  held=0.15  gate=0.15  bins=3/3  active= 90  (665s)
  steps= 400000  held=0.36  gate=0.36  bins=3/3  active= 90  (748s)
  steps= 450000  held=0.38  gate=0.38  bins=3/3  active= 90  (832s)
  steps= 500000  held=0.35  gate=0.35  bins=3/3  active= 90  (916s)
  steps= 550000  held=0.27  gate=0.27  bins=3/3  active= 90  (1007s)
  steps= 600000  held=0.10  gate=0.10  bins=3/3  active= 90  (1103s)
  steps= 650000  held=0.50  gate=0.50  bins=3/3  active= 90  (1182s)
  steps= 700000  held=0.53  gate=0.53  bins=3/3  active= 90  (1257s)
  steps= 750000  held=0.67  gate=0.67  bins=3/3  active= 90  (1320s)
  steps= 800000  held=0.62  gate=0.62  bins=3/3  active= 90  (1385s)
  steps= 850000  held=0.67  gate=0.67  bins=3/3  active= 90  (1447s)
  steps= 900000  held=0.61  gate=0.61  bins=3/3  active= 90  (1512s)
  steps= 950000  held=0.58  gate=0.58  bins=3/3  active= 90  (1578s)
  steps=1000000  held=0.58  gate=0.58  bins=3/3  active= 90  (1643s)
  steps=1050000  held=0.62  gate=0.62  bins=3/3  active= 90  (1709s)
  steps=1100000  held=0.62  gate=0.62  bins=3/3  active= 90  (1774s)
  steps=1150000  held=0.59  gate=0.59  bins=3/3  active= 90  (1842s)
  steps=1200000  held=0.56  gate=0.56  bins=3/3  active= 90  (1911s)
  steps=1250000  held=0.63  gate=0.63  bins=3/3  active= 90  (1977s)
  steps=1300000  held=0.59  gate=0.59  bins=3/3  active= 90  (2043s)
  steps=1350000  held=0.61  gate=0.61  bins=3/3  active= 90  (2114s)
  steps=1400000  held=0.72  gate=0.72  bins=3/3  active= 90  (2182s)
  steps=1450000  held=0.42  gate=0.42  bins=3/3  active= 90  (2263s)
  steps=1500000  held=0.56  gate=0.56  bins=3/3  active= 90  (2337s)

[flat] DONE  final held=0.56  steps_to_0.3=400,000  wall=2337s  -> flat_seed8.json
[flat] per-cell held: s19N0=0.56
