[random_curriculum] train=90 layouts  held-out=36 layouts
objc[89665]: Class SDLApplication is implemented in both /Users/linmuyi/miniconda3/envs/llm_gs/lib/python3.9/site-packages/pygame/.dylibs/libSDL2-2.0.0.dylib (0x107bb52c8) and /Users/linmuyi/miniconda3/envs/llm_gs/lib/python3.9/site-packages/cv2/.dylibs/libSDL2-2.0.0.dylib (0x14c61c890). This may cause spurious casting failures and mysterious crashes. One of the duplicates must be removed or renamed.
objc[89665]: Class SDLAppDelegate is implemented in both /Users/linmuyi/miniconda3/envs/llm_gs/lib/python3.9/site-packages/pygame/.dylibs/libSDL2-2.0.0.dylib (0x107bb5318) and /Users/linmuyi/miniconda3/envs/llm_gs/lib/python3.9/site-packages/cv2/.dylibs/libSDL2-2.0.0.dylib (0x14c61c8e0). This may cause spurious casting failures and mysterious crashes. One of the duplicates must be removed or renamed.
objc[89665]: Class SDLTranslatorResponder is implemented in both /Users/linmuyi/miniconda3/envs/llm_gs/lib/python3.9/site-packages/pygame/.dylibs/libSDL2-2.0.0.dylib (0x107bb5390) and /Users/linmuyi/miniconda3/envs/llm_gs/lib/python3.9/site-packages/cv2/.dylibs/libSDL2-2.0.0.dylib (0x14c61c958). This may cause spurious casting failures and mysterious crashes. One of the duplicates must be removed or renamed.
objc[89665]: Class SDLMessageBoxPresenter is implemented in both /Users/linmuyi/miniconda3/envs/llm_gs/lib/python3.9/site-packages/pygame/.dylibs/libSDL2-2.0.0.dylib (0x107bb53b8) and /Users/linmuyi/miniconda3/envs/llm_gs/lib/python3.9/site-packages/cv2/.dylibs/libSDL2-2.0.0.dylib (0x14c61c980). This may cause spurious casting failures and mysterious crashes. One of the duplicates must be removed or renamed.
objc[89665]: Class SDL_cocoametalview is implemented in both /Users/linmuyi/miniconda3/envs/llm_gs/lib/python3.9/site-packages/pygame/.dylibs/libSDL2-2.0.0.dylib (0x107bb5408) and /Users/linmuyi/miniconda3/envs/llm_gs/lib/python3.9/site-packages/cv2/.dylibs/libSDL2-2.0.0.dylib (0x14c61c9d0). This may cause spurious casting failures and mysterious crashes. One of the duplicates must be removed or renamed.
objc[89665]: Class SDLOpenGLContext is implemented in both /Users/linmuyi/miniconda3/envs/llm_gs/lib/python3.9/site-packages/pygame/.dylibs/libSDL2-2.0.0.dylib (0x107bb5458) and /Users/linmuyi/miniconda3/envs/llm_gs/lib/python3.9/site-packages/cv2/.dylibs/libSDL2-2.0.0.dylib (0x14c61ca20). This may cause spurious casting failures and mysterious crashes. One of the duplicates must be removed or renamed.
objc[89665]: Class SDL_ShapeData is implemented in both /Users/linmuyi/miniconda3/envs/llm_gs/lib/python3.9/site-packages/pygame/.dylibs/libSDL2-2.0.0.dylib (0x107bb54d0) and /Users/linmuyi/miniconda3/envs/llm_gs/lib/python3.9/site-packages/cv2/.dylibs/libSDL2-2.0.0.dylib (0x14c61ca98). This may cause spurious casting failures and mysterious crashes. One of the duplicates must be removed or renamed.
objc[89665]: Class SDL_CocoaClosure is implemented in both /Users/linmuyi/miniconda3/envs/llm_gs/lib/python3.9/site-packages/pygame/.dylibs/libSDL2-2.0.0.dylib (0x107bb5520) and /Users/linmuyi/miniconda3/envs/llm_gs/lib/python3.9/site-packages/cv2/.dylibs/libSDL2-2.0.0.dylib (0x14c61cae8). This may cause spurious casting failures and mysterious crashes. One of the duplicates must be removed or renamed.
objc[89665]: Class SDL_VideoData is implemented in both /Users/linmuyi/miniconda3/envs/llm_gs/lib/python3.9/site-packages/pygame/.dylibs/libSDL2-2.0.0.dylib (0x107bb5570) and /Users/linmuyi/miniconda3/envs/llm_gs/lib/python3.9/site-packages/cv2/.dylibs/libSDL2-2.0.0.dylib (0x14c61cb38). This may cause spurious casting failures and mysterious crashes. One of the duplicates must be removed or renamed.
objc[89665]: Class SDL_WindowData is implemented in both /Users/linmuyi/miniconda3/envs/llm_gs/lib/python3.9/site-packages/pygame/.dylibs/libSDL2-2.0.0.dylib (0x107bb55c0) and /Users/linmuyi/miniconda3/envs/llm_gs/lib/python3.9/site-packages/cv2/.dylibs/libSDL2-2.0.0.dylib (0x14c61cb88). This may cause spurious casting failures and mysterious crashes. One of the duplicates must be removed or renamed.
objc[89665]: Class SDLWindow is implemented in both /Users/linmuyi/miniconda3/envs/llm_gs/lib/python3.9/site-packages/pygame/.dylibs/libSDL2-2.0.0.dylib (0x107bb55e8) and /Users/linmuyi/miniconda3/envs/llm_gs/lib/python3.9/site-packages/cv2/.dylibs/libSDL2-2.0.0.dylib (0x14c61cbb0). This may cause spurious casting failures and mysterious crashes. One of the duplicates must be removed or renamed.
objc[89665]: Class Cocoa_WindowListener is implemented in both /Users/linmuyi/miniconda3/envs/llm_gs/lib/python3.9/site-packages/pygame/.dylibs/libSDL2-2.0.0.dylib (0x107bb5610) and /Users/linmuyi/miniconda3/envs/llm_gs/lib/python3.9/site-packages/cv2/.dylibs/libSDL2-2.0.0.dylib (0x14c61cbd8). This may cause spurious casting failures and mysterious crashes. One of the duplicates must be removed or renamed.
objc[89665]: Class SDLView is implemented in both /Users/linmuyi/miniconda3/envs/llm_gs/lib/python3.9/site-packages/pygame/.dylibs/libSDL2-2.0.0.dylib (0x107bb5688) and /Users/linmuyi/miniconda3/envs/llm_gs/lib/python3.9/site-packages/cv2/.dylibs/libSDL2-2.0.0.dylib (0x14c61cc50). This may cause spurious casting failures and mysterious crashes. One of the duplicates must be removed or renamed.
objc[89665]: Class METAL_RenderData is implemented in both /Users/linmuyi/miniconda3/envs/llm_gs/lib/python3.9/site-packages/pygame/.dylibs/libSDL2-2.0.0.dylib (0x107bb5700) and /Users/linmuyi/miniconda3/envs/llm_gs/lib/python3.9/site-packages/cv2/.dylibs/libSDL2-2.0.0.dylib (0x14c61ccc8). This may cause spurious casting failures and mysterious crashes. One of the duplicates must be removed or renamed.
objc[89665]: Class METAL_TextureData is implemented in both /Users/linmuyi/miniconda3/envs/llm_gs/lib/python3.9/site-packages/pygame/.dylibs/libSDL2-2.0.0.dylib (0x107bb5750) and /Users/linmuyi/miniconda3/envs/llm_gs/lib/python3.9/site-packages/cv2/.dylibs/libSDL2-2.0.0.dylib (0x14c61cd18). This may cause spurious casting failures and mysterious crashes. One of the duplicates must be removed or renamed.
objc[89665]: Class SDL_RumbleMotor is implemented in both /Users/linmuyi/miniconda3/envs/llm_gs/lib/python3.9/site-packages/pygame/.dylibs/libSDL2-2.0.0.dylib (0x107bb5778) and /Users/linmuyi/miniconda3/envs/llm_gs/lib/python3.9/site-packages/cv2/.dylibs/libSDL2-2.0.0.dylib (0x14c61cd40). This may cause spurious casting failures and mysterious crashes. One of the duplicates must be removed or renamed.
objc[89665]: Class SDL_RumbleContext is implemented in both /Users/linmuyi/miniconda3/envs/llm_gs/lib/python3.9/site-packages/pygame/.dylibs/libSDL2-2.0.0.dylib (0x107bb57c8) and /Users/linmuyi/miniconda3/envs/llm_gs/lib/python3.9/site-packages/cv2/.dylibs/libSDL2-2.0.0.dylib (0x14c61cd90). This may cause spurious casting failures and mysterious crashes. One of the duplicates must be removed or renamed.
[random_curriculum] 1500000 steps, 30 checkpoints, curriculum

  steps=  50000  held=0.03  gate=0.04  bins=1/3  active= 30  (133s)
  steps= 100000  held=0.05  gate=0.03  bins=1/3  active= 30  (261s)
  steps= 150000  held=0.01  gate=0.01  bins=1/3  active= 30  (391s)
  steps= 200000  held=0.07  gate=0.07  bins=1/3  active= 30  (520s)
  steps= 250000  held=0.14  gate=0.11  bins=1/3  active= 30  (646s)
  steps= 300000  held=0.08  gate=0.04  bins=1/3  active= 30  (773s)
  steps= 350000  held=0.18  gate=0.08  bins=1/3  active= 30  (898s)
  steps= 400000  held=0.07  gate=0.00  bins=2/3  active= 60  [UNLOCK:deadline]  (1028s)
  steps= 450000  held=0.27  gate=0.29  bins=2/3  active= 60  (1144s)
  steps= 500000  held=0.02  gate=0.04  bins=2/3  active= 60  (1275s)
  steps= 550000  held=0.06  gate=0.03  bins=2/3  active= 60  (1404s)
  steps= 600000  held=0.02  gate=0.01  bins=2/3  active= 60  (1533s)
  steps= 650000  held=0.05  gate=0.01  bins=2/3  active= 60  (1663s)
  steps= 700000  held=0.16  gate=0.22  bins=2/3  active= 60  (1789s)
  steps= 750000  held=0.01  gate=0.00  bins=2/3  active= 60  (1923s)
  steps= 800000  held=0.00  gate=0.00  bins=3/3  active= 90  [UNLOCK:deadline]  (2057s)
  steps= 850000  held=0.00  gate=0.00  bins=3/3  active= 90  (2153s)
  steps= 900000  held=0.00  gate=0.00  bins=3/3  active= 90  (2249s)
  steps= 950000  held=0.00  gate=0.00  bins=3/3  active= 90  (2345s)
  steps=1000000  held=0.01  gate=0.01  bins=3/3  active= 90  (2444s)
  steps=1050000  held=0.09  gate=0.09  bins=3/3  active= 90  (2541s)
  steps=1100000  held=0.06  gate=0.06  bins=3/3  active= 90  (2643s)
  steps=1150000  held=0.08  gate=0.08  bins=3/3  active= 90  (2744s)
  steps=1200000  held=0.05  gate=0.05  bins=3/3  active= 90  (2848s)
  steps=1250000  held=0.01  gate=0.01  bins=3/3  active= 90  (2957s)
  steps=1300000  held=0.17  gate=0.17  bins=3/3  active= 90  (3060s)
  steps=1350000  held=0.14  gate=0.14  bins=3/3  active= 90  (3167s)
  steps=1400000  held=0.14  gate=0.14  bins=3/3  active= 90  (3272s)
  steps=1450000  held=0.22  gate=0.22  bins=3/3  active= 90  (3369s)
  steps=1500000  held=0.32  gate=0.32  bins=3/3  active= 90  (3458s)

[random_curriculum] DONE  final held=0.32  steps_to_0.3=1,500,000  wall=3458s  -> random_curriculum_seed8.json
[random_curriculum] per-cell held: s19N0=0.32
