[flat] train=90 layouts  held-out=36 layouts
objc[4865]: Class SDLApplication is implemented in both /Users/linmuyi/miniconda3/envs/llm_gs/lib/python3.9/site-packages/pygame/.dylibs/libSDL2-2.0.0.dylib (0x1065f92c8) and /Users/linmuyi/miniconda3/envs/llm_gs/lib/python3.9/site-packages/cv2/.dylibs/libSDL2-2.0.0.dylib (0x3121d8890). This may cause spurious casting failures and mysterious crashes. One of the duplicates must be removed or renamed.
objc[4865]: Class SDLAppDelegate is implemented in both /Users/linmuyi/miniconda3/envs/llm_gs/lib/python3.9/site-packages/pygame/.dylibs/libSDL2-2.0.0.dylib (0x1065f9318) and /Users/linmuyi/miniconda3/envs/llm_gs/lib/python3.9/site-packages/cv2/.dylibs/libSDL2-2.0.0.dylib (0x3121d88e0). This may cause spurious casting failures and mysterious crashes. One of the duplicates must be removed or renamed.
objc[4865]: Class SDLTranslatorResponder is implemented in both /Users/linmuyi/miniconda3/envs/llm_gs/lib/python3.9/site-packages/pygame/.dylibs/libSDL2-2.0.0.dylib (0x1065f9390) and /Users/linmuyi/miniconda3/envs/llm_gs/lib/python3.9/site-packages/cv2/.dylibs/libSDL2-2.0.0.dylib (0x3121d8958). This may cause spurious casting failures and mysterious crashes. One of the duplicates must be removed or renamed.
objc[4865]: Class SDLMessageBoxPresenter is implemented in both /Users/linmuyi/miniconda3/envs/llm_gs/lib/python3.9/site-packages/pygame/.dylibs/libSDL2-2.0.0.dylib (0x1065f93b8) and /Users/linmuyi/miniconda3/envs/llm_gs/lib/python3.9/site-packages/cv2/.dylibs/libSDL2-2.0.0.dylib (0x3121d8980). This may cause spurious casting failures and mysterious crashes. One of the duplicates must be removed or renamed.
objc[4865]: Class SDL_cocoametalview is implemented in both /Users/linmuyi/miniconda3/envs/llm_gs/lib/python3.9/site-packages/pygame/.dylibs/libSDL2-2.0.0.dylib (0x1065f9408) and /Users/linmuyi/miniconda3/envs/llm_gs/lib/python3.9/site-packages/cv2/.dylibs/libSDL2-2.0.0.dylib (0x3121d89d0). This may cause spurious casting failures and mysterious crashes. One of the duplicates must be removed or renamed.
objc[4865]: Class SDLOpenGLContext is implemented in both /Users/linmuyi/miniconda3/envs/llm_gs/lib/python3.9/site-packages/pygame/.dylibs/libSDL2-2.0.0.dylib (0x1065f9458) and /Users/linmuyi/miniconda3/envs/llm_gs/lib/python3.9/site-packages/cv2/.dylibs/libSDL2-2.0.0.dylib (0x3121d8a20). This may cause spurious casting failures and mysterious crashes. One of the duplicates must be removed or renamed.
objc[4865]: Class SDL_ShapeData is implemented in both /Users/linmuyi/miniconda3/envs/llm_gs/lib/python3.9/site-packages/pygame/.dylibs/libSDL2-2.0.0.dylib (0x1065f94d0) and /Users/linmuyi/miniconda3/envs/llm_gs/lib/python3.9/site-packages/cv2/.dylibs/libSDL2-2.0.0.dylib (0x3121d8a98). This may cause spurious casting failures and mysterious crashes. One of the duplicates must be removed or renamed.
objc[4865]: Class SDL_CocoaClosure is implemented in both /Users/linmuyi/miniconda3/envs/llm_gs/lib/python3.9/site-packages/pygame/.dylibs/libSDL2-2.0.0.dylib (0x1065f9520) and /Users/linmuyi/miniconda3/envs/llm_gs/lib/python3.9/site-packages/cv2/.dylibs/libSDL2-2.0.0.dylib (0x3121d8ae8). This may cause spurious casting failures and mysterious crashes. One of the duplicates must be removed or renamed.
objc[4865]: Class SDL_VideoData is implemented in both /Users/linmuyi/miniconda3/envs/llm_gs/lib/python3.9/site-packages/pygame/.dylibs/libSDL2-2.0.0.dylib (0x1065f9570) and /Users/linmuyi/miniconda3/envs/llm_gs/lib/python3.9/site-packages/cv2/.dylibs/libSDL2-2.0.0.dylib (0x3121d8b38). This may cause spurious casting failures and mysterious crashes. One of the duplicates must be removed or renamed.
objc[4865]: Class SDL_WindowData is implemented in both /Users/linmuyi/miniconda3/envs/llm_gs/lib/python3.9/site-packages/pygame/.dylibs/libSDL2-2.0.0.dylib (0x1065f95c0) and /Users/linmuyi/miniconda3/envs/llm_gs/lib/python3.9/site-packages/cv2/.dylibs/libSDL2-2.0.0.dylib (0x3121d8b88). This may cause spurious casting failures and mysterious crashes. One of the duplicates must be removed or renamed.
objc[4865]: Class SDLWindow is implemented in both /Users/linmuyi/miniconda3/envs/llm_gs/lib/python3.9/site-packages/pygame/.dylibs/libSDL2-2.0.0.dylib (0x1065f95e8) and /Users/linmuyi/miniconda3/envs/llm_gs/lib/python3.9/site-packages/cv2/.dylibs/libSDL2-2.0.0.dylib (0x3121d8bb0). This may cause spurious casting failures and mysterious crashes. One of the duplicates must be removed or renamed.
objc[4865]: Class Cocoa_WindowListener is implemented in both /Users/linmuyi/miniconda3/envs/llm_gs/lib/python3.9/site-packages/pygame/.dylibs/libSDL2-2.0.0.dylib (0x1065f9610) and /Users/linmuyi/miniconda3/envs/llm_gs/lib/python3.9/site-packages/cv2/.dylibs/libSDL2-2.0.0.dylib (0x3121d8bd8). This may cause spurious casting failures and mysterious crashes. One of the duplicates must be removed or renamed.
objc[4865]: Class SDLView is implemented in both /Users/linmuyi/miniconda3/envs/llm_gs/lib/python3.9/site-packages/pygame/.dylibs/libSDL2-2.0.0.dylib (0x1065f9688) and /Users/linmuyi/miniconda3/envs/llm_gs/lib/python3.9/site-packages/cv2/.dylibs/libSDL2-2.0.0.dylib (0x3121d8c50). This may cause spurious casting failures and mysterious crashes. One of the duplicates must be removed or renamed.
objc[4865]: Class METAL_RenderData is implemented in both /Users/linmuyi/miniconda3/envs/llm_gs/lib/python3.9/site-packages/pygame/.dylibs/libSDL2-2.0.0.dylib (0x1065f9700) and /Users/linmuyi/miniconda3/envs/llm_gs/lib/python3.9/site-packages/cv2/.dylibs/libSDL2-2.0.0.dylib (0x3121d8cc8). This may cause spurious casting failures and mysterious crashes. One of the duplicates must be removed or renamed.
objc[4865]: Class METAL_TextureData is implemented in both /Users/linmuyi/miniconda3/envs/llm_gs/lib/python3.9/site-packages/pygame/.dylibs/libSDL2-2.0.0.dylib (0x1065f9750) and /Users/linmuyi/miniconda3/envs/llm_gs/lib/python3.9/site-packages/cv2/.dylibs/libSDL2-2.0.0.dylib (0x3121d8d18). This may cause spurious casting failures and mysterious crashes. One of the duplicates must be removed or renamed.
objc[4865]: Class SDL_RumbleMotor is implemented in both /Users/linmuyi/miniconda3/envs/llm_gs/lib/python3.9/site-packages/pygame/.dylibs/libSDL2-2.0.0.dylib (0x1065f9778) and /Users/linmuyi/miniconda3/envs/llm_gs/lib/python3.9/site-packages/cv2/.dylibs/libSDL2-2.0.0.dylib (0x3121d8d40). This may cause spurious casting failures and mysterious crashes. One of the duplicates must be removed or renamed.
objc[4865]: Class SDL_RumbleContext is implemented in both /Users/linmuyi/miniconda3/envs/llm_gs/lib/python3.9/site-packages/pygame/.dylibs/libSDL2-2.0.0.dylib (0x1065f97c8) and /Users/linmuyi/miniconda3/envs/llm_gs/lib/python3.9/site-packages/cv2/.dylibs/libSDL2-2.0.0.dylib (0x3121d8d90). This may cause spurious casting failures and mysterious crashes. One of the duplicates must be removed or renamed.
[flat] 1500000 steps, 30 checkpoints, flat (no curriculum)

  steps=  50000  held=0.08  gate=0.08  bins=3/3  active= 90  (103s)
  steps= 100000  held=0.03  gate=0.03  bins=3/3  active= 90  (198s)
  steps= 150000  held=0.31  gate=0.31  bins=3/3  active= 90  (286s)
  steps= 200000  held=0.27  gate=0.27  bins=3/3  active= 90  (374s)
  steps= 250000  held=0.10  gate=0.10  bins=3/3  active= 90  (468s)
  steps= 300000  held=0.08  gate=0.08  bins=3/3  active= 90  (565s)
  steps= 350000  held=0.01  gate=0.01  bins=3/3  active= 90  (665s)
  steps= 400000  held=0.01  gate=0.01  bins=3/3  active= 90  (768s)
  steps= 450000  held=0.02  gate=0.02  bins=3/3  active= 90  (870s)
  steps= 500000  held=0.00  gate=0.00  bins=3/3  active= 90  (977s)
  steps= 550000  held=0.01  gate=0.01  bins=3/3  active= 90  (1085s)
  steps= 600000  held=0.08  gate=0.08  bins=3/3  active= 90  (1187s)
  steps= 650000  held=0.25  gate=0.25  bins=3/3  active= 90  (1295s)
  steps= 700000  held=0.18  gate=0.18  bins=3/3  active= 90  (1395s)
  steps= 750000  held=0.32  gate=0.32  bins=3/3  active= 90  (1481s)
  steps= 800000  held=0.33  gate=0.33  bins=3/3  active= 90  (1568s)
  steps= 850000  held=0.29  gate=0.29  bins=3/3  active= 90  (1658s)
  steps= 900000  held=0.39  gate=0.39  bins=3/3  active= 90  (1751s)
  steps= 950000  held=0.33  gate=0.33  bins=3/3  active= 90  (1840s)
  steps=1000000  held=0.42  gate=0.42  bins=3/3  active= 90  (1922s)
  steps=1050000  held=0.47  gate=0.47  bins=3/3  active= 90  (2002s)
  steps=1100000  held=0.53  gate=0.53  bins=3/3  active= 90  (2081s)
  steps=1150000  held=0.60  gate=0.60  bins=3/3  active= 90  (2149s)
  steps=1200000  held=0.17  gate=0.17  bins=3/3  active= 90  (2238s)
  steps=1250000  held=0.27  gate=0.27  bins=3/3  active= 90  (2322s)
  steps=1300000  held=0.31  gate=0.31  bins=3/3  active= 90  (2406s)
  steps=1350000  held=0.34  gate=0.34  bins=3/3  active= 90  (2488s)
  steps=1400000  held=0.38  gate=0.38  bins=3/3  active= 90  (2569s)
  steps=1450000  held=0.54  gate=0.54  bins=3/3  active= 90  (2648s)
  steps=1500000  held=0.55  gate=0.55  bins=3/3  active= 90  (2722s)

[flat] DONE  final held=0.55  steps_to_0.3=150,000  wall=2722s  -> flat_seed9.json
[flat] per-cell held: s19N0=0.55
