[flat] train=90 layouts  held-out=36 layouts
objc[496]: Class SDLApplication is implemented in both /Users/linmuyi/miniconda3/envs/llm_gs/lib/python3.9/site-packages/pygame/.dylibs/libSDL2-2.0.0.dylib (0x102da12c8) and /Users/linmuyi/miniconda3/envs/llm_gs/lib/python3.9/site-packages/cv2/.dylibs/libSDL2-2.0.0.dylib (0x15011c890). This may cause spurious casting failures and mysterious crashes. One of the duplicates must be removed or renamed.
objc[496]: Class SDLAppDelegate is implemented in both /Users/linmuyi/miniconda3/envs/llm_gs/lib/python3.9/site-packages/pygame/.dylibs/libSDL2-2.0.0.dylib (0x102da1318) and /Users/linmuyi/miniconda3/envs/llm_gs/lib/python3.9/site-packages/cv2/.dylibs/libSDL2-2.0.0.dylib (0x15011c8e0). This may cause spurious casting failures and mysterious crashes. One of the duplicates must be removed or renamed.
objc[496]: Class SDLTranslatorResponder is implemented in both /Users/linmuyi/miniconda3/envs/llm_gs/lib/python3.9/site-packages/pygame/.dylibs/libSDL2-2.0.0.dylib (0x102da1390) and /Users/linmuyi/miniconda3/envs/llm_gs/lib/python3.9/site-packages/cv2/.dylibs/libSDL2-2.0.0.dylib (0x15011c958). This may cause spurious casting failures and mysterious crashes. One of the duplicates must be removed or renamed.
objc[496]: Class SDLMessageBoxPresenter is implemented in both /Users/linmuyi/miniconda3/envs/llm_gs/lib/python3.9/site-packages/pygame/.dylibs/libSDL2-2.0.0.dylib (0x102da13b8) and /Users/linmuyi/miniconda3/envs/llm_gs/lib/python3.9/site-packages/cv2/.dylibs/libSDL2-2.0.0.dylib (0x15011c980). This may cause spurious casting failures and mysterious crashes. One of the duplicates must be removed or renamed.
objc[496]: Class SDL_cocoametalview is implemented in both /Users/linmuyi/miniconda3/envs/llm_gs/lib/python3.9/site-packages/pygame/.dylibs/libSDL2-2.0.0.dylib (0x102da1408) and /Users/linmuyi/miniconda3/envs/llm_gs/lib/python3.9/site-packages/cv2/.dylibs/libSDL2-2.0.0.dylib (0x15011c9d0). This may cause spurious casting failures and mysterious crashes. One of the duplicates must be removed or renamed.
objc[496]: Class SDLOpenGLContext is implemented in both /Users/linmuyi/miniconda3/envs/llm_gs/lib/python3.9/site-packages/pygame/.dylibs/libSDL2-2.0.0.dylib (0x102da1458) and /Users/linmuyi/miniconda3/envs/llm_gs/lib/python3.9/site-packages/cv2/.dylibs/libSDL2-2.0.0.dylib (0x15011ca20). This may cause spurious casting failures and mysterious crashes. One of the duplicates must be removed or renamed.
objc[496]: Class SDL_ShapeData is implemented in both /Users/linmuyi/miniconda3/envs/llm_gs/lib/python3.9/site-packages/pygame/.dylibs/libSDL2-2.0.0.dylib (0x102da14d0) and /Users/linmuyi/miniconda3/envs/llm_gs/lib/python3.9/site-packages/cv2/.dylibs/libSDL2-2.0.0.dylib (0x15011ca98). This may cause spurious casting failures and mysterious crashes. One of the duplicates must be removed or renamed.
objc[496]: Class SDL_CocoaClosure is implemented in both /Users/linmuyi/miniconda3/envs/llm_gs/lib/python3.9/site-packages/pygame/.dylibs/libSDL2-2.0.0.dylib (0x102da1520) and /Users/linmuyi/miniconda3/envs/llm_gs/lib/python3.9/site-packages/cv2/.dylibs/libSDL2-2.0.0.dylib (0x15011cae8). This may cause spurious casting failures and mysterious crashes. One of the duplicates must be removed or renamed.
objc[496]: Class SDL_VideoData is implemented in both /Users/linmuyi/miniconda3/envs/llm_gs/lib/python3.9/site-packages/pygame/.dylibs/libSDL2-2.0.0.dylib (0x102da1570) and /Users/linmuyi/miniconda3/envs/llm_gs/lib/python3.9/site-packages/cv2/.dylibs/libSDL2-2.0.0.dylib (0x15011cb38). This may cause spurious casting failures and mysterious crashes. One of the duplicates must be removed or renamed.
objc[496]: Class SDL_WindowData is implemented in both /Users/linmuyi/miniconda3/envs/llm_gs/lib/python3.9/site-packages/pygame/.dylibs/libSDL2-2.0.0.dylib (0x102da15c0) and /Users/linmuyi/miniconda3/envs/llm_gs/lib/python3.9/site-packages/cv2/.dylibs/libSDL2-2.0.0.dylib (0x15011cb88). This may cause spurious casting failures and mysterious crashes. One of the duplicates must be removed or renamed.
objc[496]: Class SDLWindow is implemented in both /Users/linmuyi/miniconda3/envs/llm_gs/lib/python3.9/site-packages/pygame/.dylibs/libSDL2-2.0.0.dylib (0x102da15e8) and /Users/linmuyi/miniconda3/envs/llm_gs/lib/python3.9/site-packages/cv2/.dylibs/libSDL2-2.0.0.dylib (0x15011cbb0). This may cause spurious casting failures and mysterious crashes. One of the duplicates must be removed or renamed.
objc[496]: Class Cocoa_WindowListener is implemented in both /Users/linmuyi/miniconda3/envs/llm_gs/lib/python3.9/site-packages/pygame/.dylibs/libSDL2-2.0.0.dylib (0x102da1610) and /Users/linmuyi/miniconda3/envs/llm_gs/lib/python3.9/site-packages/cv2/.dylibs/libSDL2-2.0.0.dylib (0x15011cbd8). This may cause spurious casting failures and mysterious crashes. One of the duplicates must be removed or renamed.
objc[496]: Class SDLView is implemented in both /Users/linmuyi/miniconda3/envs/llm_gs/lib/python3.9/site-packages/pygame/.dylibs/libSDL2-2.0.0.dylib (0x102da1688) and /Users/linmuyi/miniconda3/envs/llm_gs/lib/python3.9/site-packages/cv2/.dylibs/libSDL2-2.0.0.dylib (0x15011cc50). This may cause spurious casting failures and mysterious crashes. One of the duplicates must be removed or renamed.
objc[496]: Class METAL_RenderData is implemented in both /Users/linmuyi/miniconda3/envs/llm_gs/lib/python3.9/site-packages/pygame/.dylibs/libSDL2-2.0.0.dylib (0x102da1700) and /Users/linmuyi/miniconda3/envs/llm_gs/lib/python3.9/site-packages/cv2/.dylibs/libSDL2-2.0.0.dylib (0x15011ccc8). This may cause spurious casting failures and mysterious crashes. One of the duplicates must be removed or renamed.
objc[496]: Class METAL_TextureData is implemented in both /Users/linmuyi/miniconda3/envs/llm_gs/lib/python3.9/site-packages/pygame/.dylibs/libSDL2-2.0.0.dylib (0x102da1750) and /Users/linmuyi/miniconda3/envs/llm_gs/lib/python3.9/site-packages/cv2/.dylibs/libSDL2-2.0.0.dylib (0x15011cd18). This may cause spurious casting failures and mysterious crashes. One of the duplicates must be removed or renamed.
objc[496]: Class SDL_RumbleMotor is implemented in both /Users/linmuyi/miniconda3/envs/llm_gs/lib/python3.9/site-packages/pygame/.dylibs/libSDL2-2.0.0.dylib (0x102da1778) and /Users/linmuyi/miniconda3/envs/llm_gs/lib/python3.9/site-packages/cv2/.dylibs/libSDL2-2.0.0.dylib (0x15011cd40). This may cause spurious casting failures and mysterious crashes. One of the duplicates must be removed or renamed.
objc[496]: Class SDL_RumbleContext is implemented in both /Users/linmuyi/miniconda3/envs/llm_gs/lib/python3.9/site-packages/pygame/.dylibs/libSDL2-2.0.0.dylib (0x102da17c8) and /Users/linmuyi/miniconda3/envs/llm_gs/lib/python3.9/site-packages/cv2/.dylibs/libSDL2-2.0.0.dylib (0x15011cd90). This may cause spurious casting failures and mysterious crashes. One of the duplicates must be removed or renamed.
[flat] 1500000 steps, 30 checkpoints, flat (no curriculum)

  steps=  50000  held=0.08  gate=0.08  bins=3/3  active= 90  (87s)
  steps= 100000  held=0.18  gate=0.18  bins=3/3  active= 90  (168s)
  steps= 150000  held=0.42  gate=0.42  bins=3/3  active= 90  (240s)
  steps= 200000  held=0.06  gate=0.06  bins=3/3  active= 90  (323s)
  steps= 250000  held=0.13  gate=0.13  bins=3/3  active= 90  (405s)
  steps= 300000  held=0.42  gate=0.42  bins=3/3  active= 90  (478s)
  steps= 350000  held=0.08  gate=0.08  bins=3/3  active= 90  (560s)
  steps= 400000  held=0.03  gate=0.03  bins=3/3  active= 90  (645s)
  steps= 450000  held=0.01  gate=0.01  bins=3/3  active= 90  (728s)
  steps= 500000  held=0.00  gate=0.00  bins=3/3  active= 90  (812s)
  steps= 550000  held=0.00  gate=0.00  bins=3/3  active= 90  (901s)
  steps= 600000  held=0.00  gate=0.00  bins=3/3  active= 90  (991s)
  steps= 650000  held=0.00  gate=0.00  bins=3/3  active= 90  (1081s)
  steps= 700000  held=0.00  gate=0.00  bins=3/3  active= 90  (1170s)
  steps= 750000  held=0.00  gate=0.00  bins=3/3  active= 90  (1259s)
  steps= 800000  held=0.00  gate=0.00  bins=3/3  active= 90  (1353s)
  steps= 850000  held=0.00  gate=0.00  bins=3/3  active= 90  (1448s)
  steps= 900000  held=0.00  gate=0.00  bins=3/3  active= 90  (1546s)
  steps= 950000  held=0.01  gate=0.01  bins=3/3  active= 90  (1643s)
  steps=1000000  held=0.00  gate=0.00  bins=3/3  active= 90  (1739s)
  steps=1050000  held=0.00  gate=0.00  bins=3/3  active= 90  (1835s)
  steps=1100000  held=0.00  gate=0.00  bins=3/3  active= 90  (1999s)
  steps=1150000  held=0.00  gate=0.00  bins=3/3  active= 90  (2124s)
  steps=1200000  held=0.02  gate=0.02  bins=3/3  active= 90  (2219s)
  steps=1250000  held=0.00  gate=0.00  bins=3/3  active= 90  (2316s)
  steps=1300000  held=0.00  gate=0.00  bins=3/3  active= 90  (2421s)
  steps=1350000  held=0.00  gate=0.00  bins=3/3  active= 90  (2529s)
  steps=1400000  held=0.00  gate=0.00  bins=3/3  active= 90  (2638s)
  steps=1450000  held=0.00  gate=0.00  bins=3/3  active= 90  (2747s)
  steps=1500000  held=0.00  gate=0.00  bins=3/3  active= 90  (2852s)

[flat] DONE  final held=0.00  steps_to_0.3=150,000  wall=2852s  -> flat_seed0.json
[flat] per-cell held: s19N0=0.00
