[random_curriculum] train=90 layouts  held-out=36 layouts
objc[119]: Class SDLApplication is implemented in both /Users/linmuyi/miniconda3/envs/llm_gs/lib/python3.9/site-packages/pygame/.dylibs/libSDL2-2.0.0.dylib (0x10914d2c8) and /Users/linmuyi/miniconda3/envs/llm_gs/lib/python3.9/site-packages/cv2/.dylibs/libSDL2-2.0.0.dylib (0x16a118890). This may cause spurious casting failures and mysterious crashes. One of the duplicates must be removed or renamed.
objc[119]: Class SDLAppDelegate is implemented in both /Users/linmuyi/miniconda3/envs/llm_gs/lib/python3.9/site-packages/pygame/.dylibs/libSDL2-2.0.0.dylib (0x10914d318) and /Users/linmuyi/miniconda3/envs/llm_gs/lib/python3.9/site-packages/cv2/.dylibs/libSDL2-2.0.0.dylib (0x16a1188e0). This may cause spurious casting failures and mysterious crashes. One of the duplicates must be removed or renamed.
objc[119]: Class SDLTranslatorResponder is implemented in both /Users/linmuyi/miniconda3/envs/llm_gs/lib/python3.9/site-packages/pygame/.dylibs/libSDL2-2.0.0.dylib (0x10914d390) and /Users/linmuyi/miniconda3/envs/llm_gs/lib/python3.9/site-packages/cv2/.dylibs/libSDL2-2.0.0.dylib (0x16a118958). This may cause spurious casting failures and mysterious crashes. One of the duplicates must be removed or renamed.
objc[119]: Class SDLMessageBoxPresenter is implemented in both /Users/linmuyi/miniconda3/envs/llm_gs/lib/python3.9/site-packages/pygame/.dylibs/libSDL2-2.0.0.dylib (0x10914d3b8) and /Users/linmuyi/miniconda3/envs/llm_gs/lib/python3.9/site-packages/cv2/.dylibs/libSDL2-2.0.0.dylib (0x16a118980). This may cause spurious casting failures and mysterious crashes. One of the duplicates must be removed or renamed.
objc[119]: Class SDL_cocoametalview is implemented in both /Users/linmuyi/miniconda3/envs/llm_gs/lib/python3.9/site-packages/pygame/.dylibs/libSDL2-2.0.0.dylib (0x10914d408) and /Users/linmuyi/miniconda3/envs/llm_gs/lib/python3.9/site-packages/cv2/.dylibs/libSDL2-2.0.0.dylib (0x16a1189d0). This may cause spurious casting failures and mysterious crashes. One of the duplicates must be removed or renamed.
objc[119]: Class SDLOpenGLContext is implemented in both /Users/linmuyi/miniconda3/envs/llm_gs/lib/python3.9/site-packages/pygame/.dylibs/libSDL2-2.0.0.dylib (0x10914d458) and /Users/linmuyi/miniconda3/envs/llm_gs/lib/python3.9/site-packages/cv2/.dylibs/libSDL2-2.0.0.dylib (0x16a118a20). This may cause spurious casting failures and mysterious crashes. One of the duplicates must be removed or renamed.
objc[119]: Class SDL_ShapeData is implemented in both /Users/linmuyi/miniconda3/envs/llm_gs/lib/python3.9/site-packages/pygame/.dylibs/libSDL2-2.0.0.dylib (0x10914d4d0) and /Users/linmuyi/miniconda3/envs/llm_gs/lib/python3.9/site-packages/cv2/.dylibs/libSDL2-2.0.0.dylib (0x16a118a98). This may cause spurious casting failures and mysterious crashes. One of the duplicates must be removed or renamed.
objc[119]: Class SDL_CocoaClosure is implemented in both /Users/linmuyi/miniconda3/envs/llm_gs/lib/python3.9/site-packages/pygame/.dylibs/libSDL2-2.0.0.dylib (0x10914d520) and /Users/linmuyi/miniconda3/envs/llm_gs/lib/python3.9/site-packages/cv2/.dylibs/libSDL2-2.0.0.dylib (0x16a118ae8). This may cause spurious casting failures and mysterious crashes. One of the duplicates must be removed or renamed.
objc[119]: Class SDL_VideoData is implemented in both /Users/linmuyi/miniconda3/envs/llm_gs/lib/python3.9/site-packages/pygame/.dylibs/libSDL2-2.0.0.dylib (0x10914d570) and /Users/linmuyi/miniconda3/envs/llm_gs/lib/python3.9/site-packages/cv2/.dylibs/libSDL2-2.0.0.dylib (0x16a118b38). This may cause spurious casting failures and mysterious crashes. One of the duplicates must be removed or renamed.
objc[119]: Class SDL_WindowData is implemented in both /Users/linmuyi/miniconda3/envs/llm_gs/lib/python3.9/site-packages/pygame/.dylibs/libSDL2-2.0.0.dylib (0x10914d5c0) and /Users/linmuyi/miniconda3/envs/llm_gs/lib/python3.9/site-packages/cv2/.dylibs/libSDL2-2.0.0.dylib (0x16a118b88). This may cause spurious casting failures and mysterious crashes. One of the duplicates must be removed or renamed.
objc[119]: Class SDLWindow is implemented in both /Users/linmuyi/miniconda3/envs/llm_gs/lib/python3.9/site-packages/pygame/.dylibs/libSDL2-2.0.0.dylib (0x10914d5e8) and /Users/linmuyi/miniconda3/envs/llm_gs/lib/python3.9/site-packages/cv2/.dylibs/libSDL2-2.0.0.dylib (0x16a118bb0). This may cause spurious casting failures and mysterious crashes. One of the duplicates must be removed or renamed.
objc[119]: Class Cocoa_WindowListener is implemented in both /Users/linmuyi/miniconda3/envs/llm_gs/lib/python3.9/site-packages/pygame/.dylibs/libSDL2-2.0.0.dylib (0x10914d610) and /Users/linmuyi/miniconda3/envs/llm_gs/lib/python3.9/site-packages/cv2/.dylibs/libSDL2-2.0.0.dylib (0x16a118bd8). This may cause spurious casting failures and mysterious crashes. One of the duplicates must be removed or renamed.
objc[119]: Class SDLView is implemented in both /Users/linmuyi/miniconda3/envs/llm_gs/lib/python3.9/site-packages/pygame/.dylibs/libSDL2-2.0.0.dylib (0x10914d688) and /Users/linmuyi/miniconda3/envs/llm_gs/lib/python3.9/site-packages/cv2/.dylibs/libSDL2-2.0.0.dylib (0x16a118c50). This may cause spurious casting failures and mysterious crashes. One of the duplicates must be removed or renamed.
objc[119]: Class METAL_RenderData is implemented in both /Users/linmuyi/miniconda3/envs/llm_gs/lib/python3.9/site-packages/pygame/.dylibs/libSDL2-2.0.0.dylib (0x10914d700) and /Users/linmuyi/miniconda3/envs/llm_gs/lib/python3.9/site-packages/cv2/.dylibs/libSDL2-2.0.0.dylib (0x16a118cc8). This may cause spurious casting failures and mysterious crashes. One of the duplicates must be removed or renamed.
objc[119]: Class METAL_TextureData is implemented in both /Users/linmuyi/miniconda3/envs/llm_gs/lib/python3.9/site-packages/pygame/.dylibs/libSDL2-2.0.0.dylib (0x10914d750) and /Users/linmuyi/miniconda3/envs/llm_gs/lib/python3.9/site-packages/cv2/.dylibs/libSDL2-2.0.0.dylib (0x16a118d18). This may cause spurious casting failures and mysterious crashes. One of the duplicates must be removed or renamed.
objc[119]: Class SDL_RumbleMotor is implemented in both /Users/linmuyi/miniconda3/envs/llm_gs/lib/python3.9/site-packages/pygame/.dylibs/libSDL2-2.0.0.dylib (0x10914d778) and /Users/linmuyi/miniconda3/envs/llm_gs/lib/python3.9/site-packages/cv2/.dylibs/libSDL2-2.0.0.dylib (0x16a118d40). This may cause spurious casting failures and mysterious crashes. One of the duplicates must be removed or renamed.
objc[119]: Class SDL_RumbleContext is implemented in both /Users/linmuyi/miniconda3/envs/llm_gs/lib/python3.9/site-packages/pygame/.dylibs/libSDL2-2.0.0.dylib (0x10914d7c8) and /Users/linmuyi/miniconda3/envs/llm_gs/lib/python3.9/site-packages/cv2/.dylibs/libSDL2-2.0.0.dylib (0x16a118d90). This may cause spurious casting failures and mysterious crashes. One of the duplicates must be removed or renamed.
[random_curriculum] 1500000 steps, 30 checkpoints, curriculum

  steps=  50000  held=0.05  gate=0.04  bins=1/3  active= 30  (119s)
  steps= 100000  held=0.07  gate=0.06  bins=1/3  active= 30  (233s)
  steps= 150000  held=0.06  gate=0.03  bins=1/3  active= 30  (348s)
  steps= 200000  held=0.03  gate=0.01  bins=1/3  active= 30  (462s)
  steps= 250000  held=0.05  gate=0.01  bins=1/3  active= 30  (576s)
  steps= 300000  held=0.06  gate=0.01  bins=1/3  active= 30  (689s)
  steps= 350000  held=0.07  gate=0.08  bins=1/3  active= 30  (801s)
  steps= 400000  held=0.00  gate=0.01  bins=2/3  active= 60  [UNLOCK:deadline]  (923s)
  steps= 450000  held=0.01  gate=0.06  bins=2/3  active= 60  (1045s)
  steps= 500000  held=0.01  gate=0.00  bins=2/3  active= 60  (1167s)
  steps= 550000  held=0.10  gate=0.06  bins=2/3  active= 60  (1287s)
  steps= 600000  held=0.03  gate=0.00  bins=2/3  active= 60  (1416s)
  steps= 650000  held=0.00  gate=0.00  bins=2/3  active= 60  (1549s)
  steps= 700000  held=0.00  gate=0.00  bins=2/3  active= 60  (1682s)
  steps= 750000  held=0.25  gate=0.21  bins=2/3  active= 60  (1802s)
  steps= 800000  held=0.38  gate=0.26  bins=3/3  active= 90  [UNLOCK:deadline]  (1958s)
  steps= 850000  held=0.54  gate=0.54  bins=3/3  active= 90  (2086s)
  steps= 900000  held=0.60  gate=0.60  bins=3/3  active= 90  (2148s)
  steps= 950000  held=0.67  gate=0.67  bins=3/3  active= 90  (2208s)
  steps=1000000  held=0.69  gate=0.69  bins=3/3  active= 90  (2272s)
  steps=1050000  held=0.65  gate=0.65  bins=3/3  active= 90  (2331s)
  steps=1100000  held=0.65  gate=0.65  bins=3/3  active= 90  (2402s)
  steps=1150000  held=0.67  gate=0.67  bins=3/3  active= 90  (2469s)
  steps=1200000  held=0.63  gate=0.63  bins=3/3  active= 90  (2541s)
  steps=1250000  held=0.65  gate=0.65  bins=3/3  active= 90  (2611s)
  steps=1300000  held=0.60  gate=0.60  bins=3/3  active= 90  (2684s)
  steps=1350000  held=0.61  gate=0.61  bins=3/3  active= 90  (2755s)
  steps=1400000  held=0.56  gate=0.56  bins=3/3  active= 90  (2829s)
  steps=1450000  held=0.51  gate=0.51  bins=3/3  active= 90  (2899s)
  steps=1500000  held=0.61  gate=0.61  bins=3/3  active= 90  (2963s)

[random_curriculum] DONE  final held=0.61  steps_to_0.3=800,000  wall=2963s  -> random_curriculum_seed0.json
[random_curriculum] per-cell held: s19N0=0.61
