[grader] train=90 layouts  held-out=36 layouts
objc[11086]: Class SDLApplication is implemented in both /Users/linmuyi/miniconda3/envs/llm_gs/lib/python3.9/site-packages/pygame/.dylibs/libSDL2-2.0.0.dylib (0x10629d2c8) and /Users/linmuyi/miniconda3/envs/llm_gs/lib/python3.9/site-packages/cv2/.dylibs/libSDL2-2.0.0.dylib (0x329efc890). This may cause spurious casting failures and mysterious crashes. One of the duplicates must be removed or renamed.
objc[11086]: Class SDLAppDelegate is implemented in both /Users/linmuyi/miniconda3/envs/llm_gs/lib/python3.9/site-packages/pygame/.dylibs/libSDL2-2.0.0.dylib (0x10629d318) and /Users/linmuyi/miniconda3/envs/llm_gs/lib/python3.9/site-packages/cv2/.dylibs/libSDL2-2.0.0.dylib (0x329efc8e0). This may cause spurious casting failures and mysterious crashes. One of the duplicates must be removed or renamed.
objc[11086]: Class SDLTranslatorResponder is implemented in both /Users/linmuyi/miniconda3/envs/llm_gs/lib/python3.9/site-packages/pygame/.dylibs/libSDL2-2.0.0.dylib (0x10629d390) and /Users/linmuyi/miniconda3/envs/llm_gs/lib/python3.9/site-packages/cv2/.dylibs/libSDL2-2.0.0.dylib (0x329efc958). This may cause spurious casting failures and mysterious crashes. One of the duplicates must be removed or renamed.
objc[11086]: Class SDLMessageBoxPresenter is implemented in both /Users/linmuyi/miniconda3/envs/llm_gs/lib/python3.9/site-packages/pygame/.dylibs/libSDL2-2.0.0.dylib (0x10629d3b8) and /Users/linmuyi/miniconda3/envs/llm_gs/lib/python3.9/site-packages/cv2/.dylibs/libSDL2-2.0.0.dylib (0x329efc980). This may cause spurious casting failures and mysterious crashes. One of the duplicates must be removed or renamed.
objc[11086]: Class SDL_cocoametalview is implemented in both /Users/linmuyi/miniconda3/envs/llm_gs/lib/python3.9/site-packages/pygame/.dylibs/libSDL2-2.0.0.dylib (0x10629d408) and /Users/linmuyi/miniconda3/envs/llm_gs/lib/python3.9/site-packages/cv2/.dylibs/libSDL2-2.0.0.dylib (0x329efc9d0). This may cause spurious casting failures and mysterious crashes. One of the duplicates must be removed or renamed.
objc[11086]: Class SDLOpenGLContext is implemented in both /Users/linmuyi/miniconda3/envs/llm_gs/lib/python3.9/site-packages/pygame/.dylibs/libSDL2-2.0.0.dylib (0x10629d458) and /Users/linmuyi/miniconda3/envs/llm_gs/lib/python3.9/site-packages/cv2/.dylibs/libSDL2-2.0.0.dylib (0x329efca20). This may cause spurious casting failures and mysterious crashes. One of the duplicates must be removed or renamed.
objc[11086]: Class SDL_ShapeData is implemented in both /Users/linmuyi/miniconda3/envs/llm_gs/lib/python3.9/site-packages/pygame/.dylibs/libSDL2-2.0.0.dylib (0x10629d4d0) and /Users/linmuyi/miniconda3/envs/llm_gs/lib/python3.9/site-packages/cv2/.dylibs/libSDL2-2.0.0.dylib (0x329efca98). This may cause spurious casting failures and mysterious crashes. One of the duplicates must be removed or renamed.
objc[11086]: Class SDL_CocoaClosure is implemented in both /Users/linmuyi/miniconda3/envs/llm_gs/lib/python3.9/site-packages/pygame/.dylibs/libSDL2-2.0.0.dylib (0x10629d520) and /Users/linmuyi/miniconda3/envs/llm_gs/lib/python3.9/site-packages/cv2/.dylibs/libSDL2-2.0.0.dylib (0x329efcae8). This may cause spurious casting failures and mysterious crashes. One of the duplicates must be removed or renamed.
objc[11086]: Class SDL_VideoData is implemented in both /Users/linmuyi/miniconda3/envs/llm_gs/lib/python3.9/site-packages/pygame/.dylibs/libSDL2-2.0.0.dylib (0x10629d570) and /Users/linmuyi/miniconda3/envs/llm_gs/lib/python3.9/site-packages/cv2/.dylibs/libSDL2-2.0.0.dylib (0x329efcb38). This may cause spurious casting failures and mysterious crashes. One of the duplicates must be removed or renamed.
objc[11086]: Class SDL_WindowData is implemented in both /Users/linmuyi/miniconda3/envs/llm_gs/lib/python3.9/site-packages/pygame/.dylibs/libSDL2-2.0.0.dylib (0x10629d5c0) and /Users/linmuyi/miniconda3/envs/llm_gs/lib/python3.9/site-packages/cv2/.dylibs/libSDL2-2.0.0.dylib (0x329efcb88). This may cause spurious casting failures and mysterious crashes. One of the duplicates must be removed or renamed.
objc[11086]: Class SDLWindow is implemented in both /Users/linmuyi/miniconda3/envs/llm_gs/lib/python3.9/site-packages/pygame/.dylibs/libSDL2-2.0.0.dylib (0x10629d5e8) and /Users/linmuyi/miniconda3/envs/llm_gs/lib/python3.9/site-packages/cv2/.dylibs/libSDL2-2.0.0.dylib (0x329efcbb0). This may cause spurious casting failures and mysterious crashes. One of the duplicates must be removed or renamed.
objc[11086]: Class Cocoa_WindowListener is implemented in both /Users/linmuyi/miniconda3/envs/llm_gs/lib/python3.9/site-packages/pygame/.dylibs/libSDL2-2.0.0.dylib (0x10629d610) and /Users/linmuyi/miniconda3/envs/llm_gs/lib/python3.9/site-packages/cv2/.dylibs/libSDL2-2.0.0.dylib (0x329efcbd8). This may cause spurious casting failures and mysterious crashes. One of the duplicates must be removed or renamed.
objc[11086]: Class SDLView is implemented in both /Users/linmuyi/miniconda3/envs/llm_gs/lib/python3.9/site-packages/pygame/.dylibs/libSDL2-2.0.0.dylib (0x10629d688) and /Users/linmuyi/miniconda3/envs/llm_gs/lib/python3.9/site-packages/cv2/.dylibs/libSDL2-2.0.0.dylib (0x329efcc50). This may cause spurious casting failures and mysterious crashes. One of the duplicates must be removed or renamed.
objc[11086]: Class METAL_RenderData is implemented in both /Users/linmuyi/miniconda3/envs/llm_gs/lib/python3.9/site-packages/pygame/.dylibs/libSDL2-2.0.0.dylib (0x10629d700) and /Users/linmuyi/miniconda3/envs/llm_gs/lib/python3.9/site-packages/cv2/.dylibs/libSDL2-2.0.0.dylib (0x329efccc8). This may cause spurious casting failures and mysterious crashes. One of the duplicates must be removed or renamed.
objc[11086]: Class METAL_TextureData is implemented in both /Users/linmuyi/miniconda3/envs/llm_gs/lib/python3.9/site-packages/pygame/.dylibs/libSDL2-2.0.0.dylib (0x10629d750) and /Users/linmuyi/miniconda3/envs/llm_gs/lib/python3.9/site-packages/cv2/.dylibs/libSDL2-2.0.0.dylib (0x329efcd18). This may cause spurious casting failures and mysterious crashes. One of the duplicates must be removed or renamed.
objc[11086]: Class SDL_RumbleMotor is implemented in both /Users/linmuyi/miniconda3/envs/llm_gs/lib/python3.9/site-packages/pygame/.dylibs/libSDL2-2.0.0.dylib (0x10629d778) and /Users/linmuyi/miniconda3/envs/llm_gs/lib/python3.9/site-packages/cv2/.dylibs/libSDL2-2.0.0.dylib (0x329efcd40). This may cause spurious casting failures and mysterious crashes. One of the duplicates must be removed or renamed.
objc[11086]: Class SDL_RumbleContext is implemented in both /Users/linmuyi/miniconda3/envs/llm_gs/lib/python3.9/site-packages/pygame/.dylibs/libSDL2-2.0.0.dylib (0x10629d7c8) and /Users/linmuyi/miniconda3/envs/llm_gs/lib/python3.9/site-packages/cv2/.dylibs/libSDL2-2.0.0.dylib (0x329efcd90). This may cause spurious casting failures and mysterious crashes. One of the duplicates must be removed or renamed.
[grader] 1500000 steps, 30 checkpoints, curriculum

  steps=  50000  held=0.18  gate=0.32  bins=1/3  active= 30  (126s)
  steps= 100000  held=0.29  gate=0.50  bins=1/3  active= 30  (236s)
  steps= 150000  held=0.46  gate=0.62  bins=2/3  active= 60  [UNLOCK:gate]  (343s)
  steps= 200000  held=0.69  gate=0.76  bins=3/3  active= 90  [UNLOCK:gate]  (427s)
  steps= 250000  held=0.70  gate=0.70  bins=3/3  active= 90  (488s)
  steps= 300000  held=0.61  gate=0.61  bins=3/3  active= 90  (550s)
  steps= 350000  held=0.51  gate=0.51  bins=3/3  active= 90  (650s)
  steps= 400000  held=0.69  gate=0.69  bins=3/3  active= 90  (766s)
  steps= 450000  held=0.73  gate=0.73  bins=3/3  active= 90  (843s)
  steps= 500000  held=0.62  gate=0.62  bins=3/3  active= 90  (901s)
  steps= 550000  held=0.58  gate=0.58  bins=3/3  active= 90  (967s)
  steps= 600000  held=0.45  gate=0.45  bins=3/3  active= 90  (1043s)
  steps= 650000  held=0.62  gate=0.62  bins=3/3  active= 90  (1109s)
  steps= 700000  held=0.56  gate=0.56  bins=3/3  active= 90  (1186s)
  steps= 750000  held=0.62  gate=0.62  bins=3/3  active= 90  (1256s)
  steps= 800000  held=0.66  gate=0.66  bins=3/3  active= 90  (1323s)
  steps= 850000  held=0.65  gate=0.65  bins=3/3  active= 90  (1391s)
  steps= 900000  held=0.62  gate=0.62  bins=3/3  active= 90  (1460s)
  steps= 950000  held=0.62  gate=0.62  bins=3/3  active= 90  (1532s)
  steps=1000000  held=0.55  gate=0.55  bins=3/3  active= 90  (1599s)
  steps=1050000  held=0.67  gate=0.67  bins=3/3  active= 90  (1660s)
  steps=1100000  held=0.56  gate=0.56  bins=3/3  active= 90  (1723s)
  steps=1150000  held=0.62  gate=0.62  bins=3/3  active= 90  (1786s)
  steps=1200000  held=0.62  gate=0.62  bins=3/3  active= 90  (1850s)
  steps=1250000  held=0.74  gate=0.74  bins=3/3  active= 90  (1908s)
  steps=1300000  held=0.53  gate=0.53  bins=3/3  active= 90  (1975s)
  steps=1350000  held=0.60  gate=0.60  bins=3/3  active= 90  (2038s)
  steps=1400000  held=0.74  gate=0.74  bins=3/3  active= 90  (2096s)
  steps=1450000  held=0.71  gate=0.71  bins=3/3  active= 90  (2155s)
  steps=1500000  held=0.65  gate=0.65  bins=3/3  active= 90  (2216s)

[grader] DONE  final held=0.65  steps_to_0.3=150,000  wall=2216s  -> grader_seed0.json
[grader] per-cell held: s19N0=0.65
