[random_curriculum] train=90 layouts  held-out=36 layouts
objc[37572]: Class SDLApplication is implemented in both /Users/linmuyi/miniconda3/envs/llm_gs/lib/python3.9/site-packages/pygame/.dylibs/libSDL2-2.0.0.dylib (0x1065392c8) and /Users/linmuyi/miniconda3/envs/llm_gs/lib/python3.9/site-packages/cv2/.dylibs/libSDL2-2.0.0.dylib (0x14830c890). This may cause spurious casting failures and mysterious crashes. One of the duplicates must be removed or renamed.
objc[37572]: Class SDLAppDelegate is implemented in both /Users/linmuyi/miniconda3/envs/llm_gs/lib/python3.9/site-packages/pygame/.dylibs/libSDL2-2.0.0.dylib (0x106539318) and /Users/linmuyi/miniconda3/envs/llm_gs/lib/python3.9/site-packages/cv2/.dylibs/libSDL2-2.0.0.dylib (0x14830c8e0). This may cause spurious casting failures and mysterious crashes. One of the duplicates must be removed or renamed.
objc[37572]: Class SDLTranslatorResponder is implemented in both /Users/linmuyi/miniconda3/envs/llm_gs/lib/python3.9/site-packages/pygame/.dylibs/libSDL2-2.0.0.dylib (0x106539390) and /Users/linmuyi/miniconda3/envs/llm_gs/lib/python3.9/site-packages/cv2/.dylibs/libSDL2-2.0.0.dylib (0x14830c958). This may cause spurious casting failures and mysterious crashes. One of the duplicates must be removed or renamed.
objc[37572]: Class SDLMessageBoxPresenter is implemented in both /Users/linmuyi/miniconda3/envs/llm_gs/lib/python3.9/site-packages/pygame/.dylibs/libSDL2-2.0.0.dylib (0x1065393b8) and /Users/linmuyi/miniconda3/envs/llm_gs/lib/python3.9/site-packages/cv2/.dylibs/libSDL2-2.0.0.dylib (0x14830c980). This may cause spurious casting failures and mysterious crashes. One of the duplicates must be removed or renamed.
objc[37572]: Class SDL_cocoametalview is implemented in both /Users/linmuyi/miniconda3/envs/llm_gs/lib/python3.9/site-packages/pygame/.dylibs/libSDL2-2.0.0.dylib (0x106539408) and /Users/linmuyi/miniconda3/envs/llm_gs/lib/python3.9/site-packages/cv2/.dylibs/libSDL2-2.0.0.dylib (0x14830c9d0). This may cause spurious casting failures and mysterious crashes. One of the duplicates must be removed or renamed.
objc[37572]: Class SDLOpenGLContext is implemented in both /Users/linmuyi/miniconda3/envs/llm_gs/lib/python3.9/site-packages/pygame/.dylibs/libSDL2-2.0.0.dylib (0x106539458) and /Users/linmuyi/miniconda3/envs/llm_gs/lib/python3.9/site-packages/cv2/.dylibs/libSDL2-2.0.0.dylib (0x14830ca20). This may cause spurious casting failures and mysterious crashes. One of the duplicates must be removed or renamed.
objc[37572]: Class SDL_ShapeData is implemented in both /Users/linmuyi/miniconda3/envs/llm_gs/lib/python3.9/site-packages/pygame/.dylibs/libSDL2-2.0.0.dylib (0x1065394d0) and /Users/linmuyi/miniconda3/envs/llm_gs/lib/python3.9/site-packages/cv2/.dylibs/libSDL2-2.0.0.dylib (0x14830ca98). This may cause spurious casting failures and mysterious crashes. One of the duplicates must be removed or renamed.
objc[37572]: Class SDL_CocoaClosure is implemented in both /Users/linmuyi/miniconda3/envs/llm_gs/lib/python3.9/site-packages/pygame/.dylibs/libSDL2-2.0.0.dylib (0x106539520) and /Users/linmuyi/miniconda3/envs/llm_gs/lib/python3.9/site-packages/cv2/.dylibs/libSDL2-2.0.0.dylib (0x14830cae8). This may cause spurious casting failures and mysterious crashes. One of the duplicates must be removed or renamed.
objc[37572]: Class SDL_VideoData is implemented in both /Users/linmuyi/miniconda3/envs/llm_gs/lib/python3.9/site-packages/pygame/.dylibs/libSDL2-2.0.0.dylib (0x106539570) and /Users/linmuyi/miniconda3/envs/llm_gs/lib/python3.9/site-packages/cv2/.dylibs/libSDL2-2.0.0.dylib (0x14830cb38). This may cause spurious casting failures and mysterious crashes. One of the duplicates must be removed or renamed.
objc[37572]: Class SDL_WindowData is implemented in both /Users/linmuyi/miniconda3/envs/llm_gs/lib/python3.9/site-packages/pygame/.dylibs/libSDL2-2.0.0.dylib (0x1065395c0) and /Users/linmuyi/miniconda3/envs/llm_gs/lib/python3.9/site-packages/cv2/.dylibs/libSDL2-2.0.0.dylib (0x14830cb88). This may cause spurious casting failures and mysterious crashes. One of the duplicates must be removed or renamed.
objc[37572]: Class SDLWindow is implemented in both /Users/linmuyi/miniconda3/envs/llm_gs/lib/python3.9/site-packages/pygame/.dylibs/libSDL2-2.0.0.dylib (0x1065395e8) and /Users/linmuyi/miniconda3/envs/llm_gs/lib/python3.9/site-packages/cv2/.dylibs/libSDL2-2.0.0.dylib (0x14830cbb0). This may cause spurious casting failures and mysterious crashes. One of the duplicates must be removed or renamed.
objc[37572]: Class Cocoa_WindowListener is implemented in both /Users/linmuyi/miniconda3/envs/llm_gs/lib/python3.9/site-packages/pygame/.dylibs/libSDL2-2.0.0.dylib (0x106539610) and /Users/linmuyi/miniconda3/envs/llm_gs/lib/python3.9/site-packages/cv2/.dylibs/libSDL2-2.0.0.dylib (0x14830cbd8). This may cause spurious casting failures and mysterious crashes. One of the duplicates must be removed or renamed.
objc[37572]: Class SDLView is implemented in both /Users/linmuyi/miniconda3/envs/llm_gs/lib/python3.9/site-packages/pygame/.dylibs/libSDL2-2.0.0.dylib (0x106539688) and /Users/linmuyi/miniconda3/envs/llm_gs/lib/python3.9/site-packages/cv2/.dylibs/libSDL2-2.0.0.dylib (0x14830cc50). This may cause spurious casting failures and mysterious crashes. One of the duplicates must be removed or renamed.
objc[37572]: Class METAL_RenderData is implemented in both /Users/linmuyi/miniconda3/envs/llm_gs/lib/python3.9/site-packages/pygame/.dylibs/libSDL2-2.0.0.dylib (0x106539700) and /Users/linmuyi/miniconda3/envs/llm_gs/lib/python3.9/site-packages/cv2/.dylibs/libSDL2-2.0.0.dylib (0x14830ccc8). This may cause spurious casting failures and mysterious crashes. One of the duplicates must be removed or renamed.
objc[37572]: Class METAL_TextureData is implemented in both /Users/linmuyi/miniconda3/envs/llm_gs/lib/python3.9/site-packages/pygame/.dylibs/libSDL2-2.0.0.dylib (0x106539750) and /Users/linmuyi/miniconda3/envs/llm_gs/lib/python3.9/site-packages/cv2/.dylibs/libSDL2-2.0.0.dylib (0x14830cd18). This may cause spurious casting failures and mysterious crashes. One of the duplicates must be removed or renamed.
objc[37572]: Class SDL_RumbleMotor is implemented in both /Users/linmuyi/miniconda3/envs/llm_gs/lib/python3.9/site-packages/pygame/.dylibs/libSDL2-2.0.0.dylib (0x106539778) and /Users/linmuyi/miniconda3/envs/llm_gs/lib/python3.9/site-packages/cv2/.dylibs/libSDL2-2.0.0.dylib (0x14830cd40). This may cause spurious casting failures and mysterious crashes. One of the duplicates must be removed or renamed.
objc[37572]: Class SDL_RumbleContext is implemented in both /Users/linmuyi/miniconda3/envs/llm_gs/lib/python3.9/site-packages/pygame/.dylibs/libSDL2-2.0.0.dylib (0x1065397c8) and /Users/linmuyi/miniconda3/envs/llm_gs/lib/python3.9/site-packages/cv2/.dylibs/libSDL2-2.0.0.dylib (0x14830cd90). This may cause spurious casting failures and mysterious crashes. One of the duplicates must be removed or renamed.
[random_curriculum] 1500000 steps, 30 checkpoints, curriculum

  steps=  50000  held=0.04  gate=0.00  bins=1/3  active= 30  (130s)
  steps= 100000  held=0.00  gate=0.00  bins=1/3  active= 30  (311s)
  steps= 150000  held=0.01  gate=0.03  bins=1/3  active= 30  (540s)
  steps= 200000  held=0.01  gate=0.01  bins=1/3  active= 30  (769s)
  steps= 250000  held=0.07  gate=0.04  bins=1/3  active= 30  (996s)
  steps= 300000  held=0.11  gate=0.11  bins=1/3  active= 30  (1218s)
  steps= 350000  held=0.10  gate=0.10  bins=1/3  active= 30  (1440s)
  steps= 400000  held=0.00  gate=0.00  bins=2/3  active= 60  [UNLOCK:deadline]  (1667s)
  steps= 450000  held=0.00  gate=0.00  bins=2/3  active= 60  (1896s)
  steps= 500000  held=0.00  gate=0.00  bins=2/3  active= 60  (2120s)
  steps= 550000  held=0.06  gate=0.06  bins=2/3  active= 60  (2342s)
  steps= 600000  held=0.03  gate=0.03  bins=2/3  active= 60  (2569s)
  steps= 650000  held=0.03  gate=0.00  bins=2/3  active= 60  (2795s)
  steps= 700000  held=0.41  gate=0.58  bins=3/3  active= 90  [UNLOCK:gate]  (2978s)
  steps= 750000  held=0.34  gate=0.34  bins=3/3  active= 90  (3123s)
  steps= 800000  held=0.28  gate=0.28  bins=3/3  active= 90  (3275s)
  steps= 850000  held=0.00  gate=0.00  bins=3/3  active= 90  (3442s)
  steps= 900000  held=0.00  gate=0.00  bins=3/3  active= 90  (3609s)
  steps= 950000  held=0.00  gate=0.00  bins=3/3  active= 90  (3775s)
  steps=1000000  held=0.00  gate=0.00  bins=3/3  active= 90  (3942s)
  steps=1050000  held=0.00  gate=0.00  bins=3/3  active= 90  (4110s)
  steps=1100000  held=0.01  gate=0.01  bins=3/3  active= 90  (4287s)
  steps=1150000  held=0.00  gate=0.00  bins=3/3  active= 90  (4455s)
  steps=1200000  held=0.00  gate=0.00  bins=3/3  active= 90  (4622s)
  steps=1250000  held=0.01  gate=0.01  bins=3/3  active= 90  (4790s)
  steps=1300000  held=0.30  gate=0.30  bins=3/3  active= 90  (4940s)
  steps=1350000  held=0.29  gate=0.29  bins=3/3  active= 90  (5089s)
  steps=1400000  held=0.08  gate=0.08  bins=3/3  active= 90  (5256s)
  steps=1450000  held=0.05  gate=0.05  bins=3/3  active= 90  (5424s)
  steps=1500000  held=0.46  gate=0.46  bins=3/3  active= 90  (5559s)

[random_curriculum] DONE  final held=0.46  steps_to_0.3=700,000  wall=5559s  -> random_curriculum_seed4.json
[random_curriculum] per-cell held: s19N0=0.46
