[path_len] train=90 layouts  held-out=36 layouts
objc[19203]: Class SDLApplication is implemented in both /Users/linmuyi/miniconda3/envs/llm_gs/lib/python3.9/site-packages/pygame/.dylibs/libSDL2-2.0.0.dylib (0x1089752c8) and /Users/linmuyi/miniconda3/envs/llm_gs/lib/python3.9/site-packages/cv2/.dylibs/libSDL2-2.0.0.dylib (0x141c4c890). This may cause spurious casting failures and mysterious crashes. One of the duplicates must be removed or renamed.
objc[19203]: Class SDLAppDelegate is implemented in both /Users/linmuyi/miniconda3/envs/llm_gs/lib/python3.9/site-packages/pygame/.dylibs/libSDL2-2.0.0.dylib (0x108975318) and /Users/linmuyi/miniconda3/envs/llm_gs/lib/python3.9/site-packages/cv2/.dylibs/libSDL2-2.0.0.dylib (0x141c4c8e0). This may cause spurious casting failures and mysterious crashes. One of the duplicates must be removed or renamed.
objc[19203]: Class SDLTranslatorResponder is implemented in both /Users/linmuyi/miniconda3/envs/llm_gs/lib/python3.9/site-packages/pygame/.dylibs/libSDL2-2.0.0.dylib (0x108975390) and /Users/linmuyi/miniconda3/envs/llm_gs/lib/python3.9/site-packages/cv2/.dylibs/libSDL2-2.0.0.dylib (0x141c4c958). This may cause spurious casting failures and mysterious crashes. One of the duplicates must be removed or renamed.
objc[19203]: Class SDLMessageBoxPresenter is implemented in both /Users/linmuyi/miniconda3/envs/llm_gs/lib/python3.9/site-packages/pygame/.dylibs/libSDL2-2.0.0.dylib (0x1089753b8) and /Users/linmuyi/miniconda3/envs/llm_gs/lib/python3.9/site-packages/cv2/.dylibs/libSDL2-2.0.0.dylib (0x141c4c980). This may cause spurious casting failures and mysterious crashes. One of the duplicates must be removed or renamed.
objc[19203]: Class SDL_cocoametalview is implemented in both /Users/linmuyi/miniconda3/envs/llm_gs/lib/python3.9/site-packages/pygame/.dylibs/libSDL2-2.0.0.dylib (0x108975408) and /Users/linmuyi/miniconda3/envs/llm_gs/lib/python3.9/site-packages/cv2/.dylibs/libSDL2-2.0.0.dylib (0x141c4c9d0). This may cause spurious casting failures and mysterious crashes. One of the duplicates must be removed or renamed.
objc[19203]: Class SDLOpenGLContext is implemented in both /Users/linmuyi/miniconda3/envs/llm_gs/lib/python3.9/site-packages/pygame/.dylibs/libSDL2-2.0.0.dylib (0x108975458) and /Users/linmuyi/miniconda3/envs/llm_gs/lib/python3.9/site-packages/cv2/.dylibs/libSDL2-2.0.0.dylib (0x141c4ca20). This may cause spurious casting failures and mysterious crashes. One of the duplicates must be removed or renamed.
objc[19203]: Class SDL_ShapeData is implemented in both /Users/linmuyi/miniconda3/envs/llm_gs/lib/python3.9/site-packages/pygame/.dylibs/libSDL2-2.0.0.dylib (0x1089754d0) and /Users/linmuyi/miniconda3/envs/llm_gs/lib/python3.9/site-packages/cv2/.dylibs/libSDL2-2.0.0.dylib (0x141c4ca98). This may cause spurious casting failures and mysterious crashes. One of the duplicates must be removed or renamed.
objc[19203]: Class SDL_CocoaClosure is implemented in both /Users/linmuyi/miniconda3/envs/llm_gs/lib/python3.9/site-packages/pygame/.dylibs/libSDL2-2.0.0.dylib (0x108975520) and /Users/linmuyi/miniconda3/envs/llm_gs/lib/python3.9/site-packages/cv2/.dylibs/libSDL2-2.0.0.dylib (0x141c4cae8). This may cause spurious casting failures and mysterious crashes. One of the duplicates must be removed or renamed.
objc[19203]: Class SDL_VideoData is implemented in both /Users/linmuyi/miniconda3/envs/llm_gs/lib/python3.9/site-packages/pygame/.dylibs/libSDL2-2.0.0.dylib (0x108975570) and /Users/linmuyi/miniconda3/envs/llm_gs/lib/python3.9/site-packages/cv2/.dylibs/libSDL2-2.0.0.dylib (0x141c4cb38). This may cause spurious casting failures and mysterious crashes. One of the duplicates must be removed or renamed.
objc[19203]: Class SDL_WindowData is implemented in both /Users/linmuyi/miniconda3/envs/llm_gs/lib/python3.9/site-packages/pygame/.dylibs/libSDL2-2.0.0.dylib (0x1089755c0) and /Users/linmuyi/miniconda3/envs/llm_gs/lib/python3.9/site-packages/cv2/.dylibs/libSDL2-2.0.0.dylib (0x141c4cb88). This may cause spurious casting failures and mysterious crashes. One of the duplicates must be removed or renamed.
objc[19203]: Class SDLWindow is implemented in both /Users/linmuyi/miniconda3/envs/llm_gs/lib/python3.9/site-packages/pygame/.dylibs/libSDL2-2.0.0.dylib (0x1089755e8) and /Users/linmuyi/miniconda3/envs/llm_gs/lib/python3.9/site-packages/cv2/.dylibs/libSDL2-2.0.0.dylib (0x141c4cbb0). This may cause spurious casting failures and mysterious crashes. One of the duplicates must be removed or renamed.
objc[19203]: Class Cocoa_WindowListener is implemented in both /Users/linmuyi/miniconda3/envs/llm_gs/lib/python3.9/site-packages/pygame/.dylibs/libSDL2-2.0.0.dylib (0x108975610) and /Users/linmuyi/miniconda3/envs/llm_gs/lib/python3.9/site-packages/cv2/.dylibs/libSDL2-2.0.0.dylib (0x141c4cbd8). This may cause spurious casting failures and mysterious crashes. One of the duplicates must be removed or renamed.
objc[19203]: Class SDLView is implemented in both /Users/linmuyi/miniconda3/envs/llm_gs/lib/python3.9/site-packages/pygame/.dylibs/libSDL2-2.0.0.dylib (0x108975688) and /Users/linmuyi/miniconda3/envs/llm_gs/lib/python3.9/site-packages/cv2/.dylibs/libSDL2-2.0.0.dylib (0x141c4cc50). This may cause spurious casting failures and mysterious crashes. One of the duplicates must be removed or renamed.
objc[19203]: Class METAL_RenderData is implemented in both /Users/linmuyi/miniconda3/envs/llm_gs/lib/python3.9/site-packages/pygame/.dylibs/libSDL2-2.0.0.dylib (0x108975700) and /Users/linmuyi/miniconda3/envs/llm_gs/lib/python3.9/site-packages/cv2/.dylibs/libSDL2-2.0.0.dylib (0x141c4ccc8). This may cause spurious casting failures and mysterious crashes. One of the duplicates must be removed or renamed.
objc[19203]: Class METAL_TextureData is implemented in both /Users/linmuyi/miniconda3/envs/llm_gs/lib/python3.9/site-packages/pygame/.dylibs/libSDL2-2.0.0.dylib (0x108975750) and /Users/linmuyi/miniconda3/envs/llm_gs/lib/python3.9/site-packages/cv2/.dylibs/libSDL2-2.0.0.dylib (0x141c4cd18). This may cause spurious casting failures and mysterious crashes. One of the duplicates must be removed or renamed.
objc[19203]: Class SDL_RumbleMotor is implemented in both /Users/linmuyi/miniconda3/envs/llm_gs/lib/python3.9/site-packages/pygame/.dylibs/libSDL2-2.0.0.dylib (0x108975778) and /Users/linmuyi/miniconda3/envs/llm_gs/lib/python3.9/site-packages/cv2/.dylibs/libSDL2-2.0.0.dylib (0x141c4cd40). This may cause spurious casting failures and mysterious crashes. One of the duplicates must be removed or renamed.
objc[19203]: Class SDL_RumbleContext is implemented in both /Users/linmuyi/miniconda3/envs/llm_gs/lib/python3.9/site-packages/pygame/.dylibs/libSDL2-2.0.0.dylib (0x1089757c8) and /Users/linmuyi/miniconda3/envs/llm_gs/lib/python3.9/site-packages/cv2/.dylibs/libSDL2-2.0.0.dylib (0x141c4cd90). This may cause spurious casting failures and mysterious crashes. One of the duplicates must be removed or renamed.
[path_len] 1500000 steps, 30 checkpoints, curriculum

  steps=  50000  held=0.05  gate=0.04  bins=1/3  active= 30  (141s)
  steps= 100000  held=0.14  gate=0.14  bins=1/3  active= 30  (270s)
  steps= 150000  held=0.24  gate=0.44  bins=1/3  active= 30  (385s)
  steps= 200000  held=0.33  gate=0.49  bins=1/3  active= 30  (492s)
  steps= 250000  held=0.22  gate=0.21  bins=1/3  active= 30  (606s)
  steps= 300000  held=0.24  gate=0.38  bins=1/3  active= 30  (721s)
  steps= 350000  held=0.02  gate=0.03  bins=1/3  active= 30  (854s)
  steps= 400000  held=0.01  gate=0.06  bins=2/3  active= 60  [UNLOCK:deadline]  (987s)
  steps= 450000  held=0.02  gate=0.03  bins=2/3  active= 60  (1122s)
  steps= 500000  held=0.00  gate=0.00  bins=2/3  active= 60  (1259s)
  steps= 550000  held=0.00  gate=0.00  bins=2/3  active= 60  (1397s)
  steps= 600000  held=0.00  gate=0.00  bins=2/3  active= 60  (1536s)
  steps= 650000  held=0.11  gate=0.08  bins=2/3  active= 60  (1670s)
  steps= 700000  held=0.18  gate=0.22  bins=2/3  active= 60  (1795s)
  steps= 750000  held=0.58  gate=0.76  bins=3/3  active= 90  [UNLOCK:gate]  (1889s)
  steps= 800000  held=0.67  gate=0.67  bins=3/3  active= 90  (1955s)
  steps= 850000  held=0.67  gate=0.67  bins=3/3  active= 90  (2018s)
  steps= 900000  held=0.62  gate=0.62  bins=3/3  active= 90  (2083s)
  steps= 950000  held=0.51  gate=0.51  bins=3/3  active= 90  (2156s)
  steps=1000000  held=0.61  gate=0.61  bins=3/3  active= 90  (2222s)
  steps=1050000  held=0.68  gate=0.68  bins=3/3  active= 90  (2284s)
  steps=1100000  held=0.58  gate=0.58  bins=3/3  active= 90  (2352s)
  steps=1150000  held=0.65  gate=0.65  bins=3/3  active= 90  (2413s)
  steps=1200000  held=0.69  gate=0.69  bins=3/3  active= 90  (2472s)
  steps=1250000  held=0.72  gate=0.72  bins=3/3  active= 90  (2530s)
  steps=1300000  held=0.68  gate=0.68  bins=3/3  active= 90  (2591s)
  steps=1350000  held=0.67  gate=0.67  bins=3/3  active= 90  (2650s)
  steps=1400000  held=0.64  gate=0.64  bins=3/3  active= 90  (2711s)
  steps=1450000  held=0.63  gate=0.63  bins=3/3  active= 90  (2772s)
  steps=1500000  held=0.62  gate=0.62  bins=3/3  active= 90  (2834s)

[path_len] DONE  final held=0.62  steps_to_0.3=200,000  wall=2834s  -> path_len_seed17.json
[path_len] per-cell held: s19N0=0.62
