[path_len] train=90 layouts  held-out=36 layouts
objc[13670]: Class SDLApplication is implemented in both /Users/linmuyi/miniconda3/envs/llm_gs/lib/python3.9/site-packages/pygame/.dylibs/libSDL2-2.0.0.dylib (0x11514d2c8) and /Users/linmuyi/miniconda3/envs/llm_gs/lib/python3.9/site-packages/cv2/.dylibs/libSDL2-2.0.0.dylib (0x16eb78890). This may cause spurious casting failures and mysterious crashes. One of the duplicates must be removed or renamed.
objc[13670]: Class SDLAppDelegate is implemented in both /Users/linmuyi/miniconda3/envs/llm_gs/lib/python3.9/site-packages/pygame/.dylibs/libSDL2-2.0.0.dylib (0x11514d318) and /Users/linmuyi/miniconda3/envs/llm_gs/lib/python3.9/site-packages/cv2/.dylibs/libSDL2-2.0.0.dylib (0x16eb788e0). This may cause spurious casting failures and mysterious crashes. One of the duplicates must be removed or renamed.
objc[13670]: Class SDLTranslatorResponder is implemented in both /Users/linmuyi/miniconda3/envs/llm_gs/lib/python3.9/site-packages/pygame/.dylibs/libSDL2-2.0.0.dylib (0x11514d390) and /Users/linmuyi/miniconda3/envs/llm_gs/lib/python3.9/site-packages/cv2/.dylibs/libSDL2-2.0.0.dylib (0x16eb78958). This may cause spurious casting failures and mysterious crashes. One of the duplicates must be removed or renamed.
objc[13670]: Class SDLMessageBoxPresenter is implemented in both /Users/linmuyi/miniconda3/envs/llm_gs/lib/python3.9/site-packages/pygame/.dylibs/libSDL2-2.0.0.dylib (0x11514d3b8) and /Users/linmuyi/miniconda3/envs/llm_gs/lib/python3.9/site-packages/cv2/.dylibs/libSDL2-2.0.0.dylib (0x16eb78980). This may cause spurious casting failures and mysterious crashes. One of the duplicates must be removed or renamed.
objc[13670]: Class SDL_cocoametalview is implemented in both /Users/linmuyi/miniconda3/envs/llm_gs/lib/python3.9/site-packages/pygame/.dylibs/libSDL2-2.0.0.dylib (0x11514d408) and /Users/linmuyi/miniconda3/envs/llm_gs/lib/python3.9/site-packages/cv2/.dylibs/libSDL2-2.0.0.dylib (0x16eb789d0). This may cause spurious casting failures and mysterious crashes. One of the duplicates must be removed or renamed.
objc[13670]: Class SDLOpenGLContext is implemented in both /Users/linmuyi/miniconda3/envs/llm_gs/lib/python3.9/site-packages/pygame/.dylibs/libSDL2-2.0.0.dylib (0x11514d458) and /Users/linmuyi/miniconda3/envs/llm_gs/lib/python3.9/site-packages/cv2/.dylibs/libSDL2-2.0.0.dylib (0x16eb78a20). This may cause spurious casting failures and mysterious crashes. One of the duplicates must be removed or renamed.
objc[13670]: Class SDL_ShapeData is implemented in both /Users/linmuyi/miniconda3/envs/llm_gs/lib/python3.9/site-packages/pygame/.dylibs/libSDL2-2.0.0.dylib (0x11514d4d0) and /Users/linmuyi/miniconda3/envs/llm_gs/lib/python3.9/site-packages/cv2/.dylibs/libSDL2-2.0.0.dylib (0x16eb78a98). This may cause spurious casting failures and mysterious crashes. One of the duplicates must be removed or renamed.
objc[13670]: Class SDL_CocoaClosure is implemented in both /Users/linmuyi/miniconda3/envs/llm_gs/lib/python3.9/site-packages/pygame/.dylibs/libSDL2-2.0.0.dylib (0x11514d520) and /Users/linmuyi/miniconda3/envs/llm_gs/lib/python3.9/site-packages/cv2/.dylibs/libSDL2-2.0.0.dylib (0x16eb78ae8). This may cause spurious casting failures and mysterious crashes. One of the duplicates must be removed or renamed.
objc[13670]: Class SDL_VideoData is implemented in both /Users/linmuyi/miniconda3/envs/llm_gs/lib/python3.9/site-packages/pygame/.dylibs/libSDL2-2.0.0.dylib (0x11514d570) and /Users/linmuyi/miniconda3/envs/llm_gs/lib/python3.9/site-packages/cv2/.dylibs/libSDL2-2.0.0.dylib (0x16eb78b38). This may cause spurious casting failures and mysterious crashes. One of the duplicates must be removed or renamed.
objc[13670]: Class SDL_WindowData is implemented in both /Users/linmuyi/miniconda3/envs/llm_gs/lib/python3.9/site-packages/pygame/.dylibs/libSDL2-2.0.0.dylib (0x11514d5c0) and /Users/linmuyi/miniconda3/envs/llm_gs/lib/python3.9/site-packages/cv2/.dylibs/libSDL2-2.0.0.dylib (0x16eb78b88). This may cause spurious casting failures and mysterious crashes. One of the duplicates must be removed or renamed.
objc[13670]: Class SDLWindow is implemented in both /Users/linmuyi/miniconda3/envs/llm_gs/lib/python3.9/site-packages/pygame/.dylibs/libSDL2-2.0.0.dylib (0x11514d5e8) and /Users/linmuyi/miniconda3/envs/llm_gs/lib/python3.9/site-packages/cv2/.dylibs/libSDL2-2.0.0.dylib (0x16eb78bb0). This may cause spurious casting failures and mysterious crashes. One of the duplicates must be removed or renamed.
objc[13670]: Class Cocoa_WindowListener is implemented in both /Users/linmuyi/miniconda3/envs/llm_gs/lib/python3.9/site-packages/pygame/.dylibs/libSDL2-2.0.0.dylib (0x11514d610) and /Users/linmuyi/miniconda3/envs/llm_gs/lib/python3.9/site-packages/cv2/.dylibs/libSDL2-2.0.0.dylib (0x16eb78bd8). This may cause spurious casting failures and mysterious crashes. One of the duplicates must be removed or renamed.
objc[13670]: Class SDLView is implemented in both /Users/linmuyi/miniconda3/envs/llm_gs/lib/python3.9/site-packages/pygame/.dylibs/libSDL2-2.0.0.dylib (0x11514d688) and /Users/linmuyi/miniconda3/envs/llm_gs/lib/python3.9/site-packages/cv2/.dylibs/libSDL2-2.0.0.dylib (0x16eb78c50). This may cause spurious casting failures and mysterious crashes. One of the duplicates must be removed or renamed.
objc[13670]: Class METAL_RenderData is implemented in both /Users/linmuyi/miniconda3/envs/llm_gs/lib/python3.9/site-packages/pygame/.dylibs/libSDL2-2.0.0.dylib (0x11514d700) and /Users/linmuyi/miniconda3/envs/llm_gs/lib/python3.9/site-packages/cv2/.dylibs/libSDL2-2.0.0.dylib (0x16eb78cc8). This may cause spurious casting failures and mysterious crashes. One of the duplicates must be removed or renamed.
objc[13670]: Class METAL_TextureData is implemented in both /Users/linmuyi/miniconda3/envs/llm_gs/lib/python3.9/site-packages/pygame/.dylibs/libSDL2-2.0.0.dylib (0x11514d750) and /Users/linmuyi/miniconda3/envs/llm_gs/lib/python3.9/site-packages/cv2/.dylibs/libSDL2-2.0.0.dylib (0x16eb78d18). This may cause spurious casting failures and mysterious crashes. One of the duplicates must be removed or renamed.
objc[13670]: Class SDL_RumbleMotor is implemented in both /Users/linmuyi/miniconda3/envs/llm_gs/lib/python3.9/site-packages/pygame/.dylibs/libSDL2-2.0.0.dylib (0x11514d778) and /Users/linmuyi/miniconda3/envs/llm_gs/lib/python3.9/site-packages/cv2/.dylibs/libSDL2-2.0.0.dylib (0x16eb78d40). This may cause spurious casting failures and mysterious crashes. One of the duplicates must be removed or renamed.
objc[13670]: Class SDL_RumbleContext is implemented in both /Users/linmuyi/miniconda3/envs/llm_gs/lib/python3.9/site-packages/pygame/.dylibs/libSDL2-2.0.0.dylib (0x11514d7c8) and /Users/linmuyi/miniconda3/envs/llm_gs/lib/python3.9/site-packages/cv2/.dylibs/libSDL2-2.0.0.dylib (0x16eb78d90). This may cause spurious casting failures and mysterious crashes. One of the duplicates must be removed or renamed.
[path_len] 1500000 steps, 30 checkpoints, curriculum

  steps=  50000  held=0.04  gate=0.07  bins=1/3  active= 30  (154s)
  steps= 100000  held=0.08  gate=0.06  bins=1/3  active= 30  (302s)
  steps= 150000  held=0.26  gate=0.40  bins=1/3  active= 30  (427s)
  steps= 200000  held=0.14  gate=0.22  bins=1/3  active= 30  (559s)
  steps= 250000  held=0.20  gate=0.33  bins=1/3  active= 30  (696s)
  steps= 300000  held=0.13  gate=0.24  bins=1/3  active= 30  (830s)
  steps= 350000  held=0.07  gate=0.14  bins=1/3  active= 30  (972s)
  steps= 400000  held=0.32  gate=0.54  bins=2/3  active= 60  [UNLOCK:deadline]  (1091s)
  steps= 450000  held=0.38  gate=0.39  bins=2/3  active= 60  (1204s)
  steps= 500000  held=0.43  gate=0.51  bins=2/3  active= 60  (1313s)
  steps= 550000  held=0.62  gate=0.85  bins=3/3  active= 90  [UNLOCK:gate]  (1400s)
  steps= 600000  held=0.62  gate=0.62  bins=3/3  active= 90  (1473s)
  steps= 650000  held=0.60  gate=0.60  bins=3/3  active= 90  (1547s)
  steps= 700000  held=0.58  gate=0.58  bins=3/3  active= 90  (1621s)
  steps= 750000  held=0.03  gate=0.03  bins=3/3  active= 90  (1725s)
  steps= 800000  held=0.03  gate=0.03  bins=3/3  active= 90  (1827s)
  steps= 850000  held=0.13  gate=0.13  bins=3/3  active= 90  (1926s)
  steps= 900000  held=0.10  gate=0.10  bins=3/3  active= 90  (2040s)
  steps= 950000  held=0.06  gate=0.06  bins=3/3  active= 90  (2152s)
  steps=1000000  held=0.01  gate=0.01  bins=3/3  active= 90  (2263s)
  steps=1050000  held=0.08  gate=0.08  bins=3/3  active= 90  (2376s)
  steps=1100000  held=0.00  gate=0.00  bins=3/3  active= 90  (2488s)
  steps=1150000  held=0.02  gate=0.02  bins=3/3  active= 90  (2596s)
  steps=1200000  held=0.22  gate=0.22  bins=3/3  active= 90  (2699s)
  steps=1250000  held=0.16  gate=0.16  bins=3/3  active= 90  (2803s)
  steps=1300000  held=0.04  gate=0.04  bins=3/3  active= 90  (2913s)
  steps=1350000  held=0.05  gate=0.05  bins=3/3  active= 90  (3025s)
  steps=1400000  held=0.03  gate=0.03  bins=3/3  active= 90  (3133s)
  steps=1450000  held=0.00  gate=0.00  bins=3/3  active= 90  (3234s)
  steps=1500000  held=0.00  gate=0.00  bins=3/3  active= 90  (3330s)

[path_len] DONE  final held=0.00  steps_to_0.3=400,000  wall=3330s  -> path_len_seed10.json
[path_len] per-cell held: s19N0=0.00
