[path_len] train=90 layouts  held-out=36 layouts
objc[22686]: Class SDLApplication is implemented in both /Users/linmuyi/miniconda3/envs/llm_gs/lib/python3.9/site-packages/pygame/.dylibs/libSDL2-2.0.0.dylib (0x12814d2c8) and /Users/linmuyi/miniconda3/envs/llm_gs/lib/python3.9/site-packages/cv2/.dylibs/libSDL2-2.0.0.dylib (0x16b598890). This may cause spurious casting failures and mysterious crashes. One of the duplicates must be removed or renamed.
objc[22686]: Class SDLAppDelegate is implemented in both /Users/linmuyi/miniconda3/envs/llm_gs/lib/python3.9/site-packages/pygame/.dylibs/libSDL2-2.0.0.dylib (0x12814d318) and /Users/linmuyi/miniconda3/envs/llm_gs/lib/python3.9/site-packages/cv2/.dylibs/libSDL2-2.0.0.dylib (0x16b5988e0). This may cause spurious casting failures and mysterious crashes. One of the duplicates must be removed or renamed.
objc[22686]: Class SDLTranslatorResponder is implemented in both /Users/linmuyi/miniconda3/envs/llm_gs/lib/python3.9/site-packages/pygame/.dylibs/libSDL2-2.0.0.dylib (0x12814d390) and /Users/linmuyi/miniconda3/envs/llm_gs/lib/python3.9/site-packages/cv2/.dylibs/libSDL2-2.0.0.dylib (0x16b598958). This may cause spurious casting failures and mysterious crashes. One of the duplicates must be removed or renamed.
objc[22686]: Class SDLMessageBoxPresenter is implemented in both /Users/linmuyi/miniconda3/envs/llm_gs/lib/python3.9/site-packages/pygame/.dylibs/libSDL2-2.0.0.dylib (0x12814d3b8) and /Users/linmuyi/miniconda3/envs/llm_gs/lib/python3.9/site-packages/cv2/.dylibs/libSDL2-2.0.0.dylib (0x16b598980). This may cause spurious casting failures and mysterious crashes. One of the duplicates must be removed or renamed.
objc[22686]: Class SDL_cocoametalview is implemented in both /Users/linmuyi/miniconda3/envs/llm_gs/lib/python3.9/site-packages/pygame/.dylibs/libSDL2-2.0.0.dylib (0x12814d408) and /Users/linmuyi/miniconda3/envs/llm_gs/lib/python3.9/site-packages/cv2/.dylibs/libSDL2-2.0.0.dylib (0x16b5989d0). This may cause spurious casting failures and mysterious crashes. One of the duplicates must be removed or renamed.
objc[22686]: Class SDLOpenGLContext is implemented in both /Users/linmuyi/miniconda3/envs/llm_gs/lib/python3.9/site-packages/pygame/.dylibs/libSDL2-2.0.0.dylib (0x12814d458) and /Users/linmuyi/miniconda3/envs/llm_gs/lib/python3.9/site-packages/cv2/.dylibs/libSDL2-2.0.0.dylib (0x16b598a20). This may cause spurious casting failures and mysterious crashes. One of the duplicates must be removed or renamed.
objc[22686]: Class SDL_ShapeData is implemented in both /Users/linmuyi/miniconda3/envs/llm_gs/lib/python3.9/site-packages/pygame/.dylibs/libSDL2-2.0.0.dylib (0x12814d4d0) and /Users/linmuyi/miniconda3/envs/llm_gs/lib/python3.9/site-packages/cv2/.dylibs/libSDL2-2.0.0.dylib (0x16b598a98). This may cause spurious casting failures and mysterious crashes. One of the duplicates must be removed or renamed.
objc[22686]: Class SDL_CocoaClosure is implemented in both /Users/linmuyi/miniconda3/envs/llm_gs/lib/python3.9/site-packages/pygame/.dylibs/libSDL2-2.0.0.dylib (0x12814d520) and /Users/linmuyi/miniconda3/envs/llm_gs/lib/python3.9/site-packages/cv2/.dylibs/libSDL2-2.0.0.dylib (0x16b598ae8). This may cause spurious casting failures and mysterious crashes. One of the duplicates must be removed or renamed.
objc[22686]: Class SDL_VideoData is implemented in both /Users/linmuyi/miniconda3/envs/llm_gs/lib/python3.9/site-packages/pygame/.dylibs/libSDL2-2.0.0.dylib (0x12814d570) and /Users/linmuyi/miniconda3/envs/llm_gs/lib/python3.9/site-packages/cv2/.dylibs/libSDL2-2.0.0.dylib (0x16b598b38). This may cause spurious casting failures and mysterious crashes. One of the duplicates must be removed or renamed.
objc[22686]: Class SDL_WindowData is implemented in both /Users/linmuyi/miniconda3/envs/llm_gs/lib/python3.9/site-packages/pygame/.dylibs/libSDL2-2.0.0.dylib (0x12814d5c0) and /Users/linmuyi/miniconda3/envs/llm_gs/lib/python3.9/site-packages/cv2/.dylibs/libSDL2-2.0.0.dylib (0x16b598b88). This may cause spurious casting failures and mysterious crashes. One of the duplicates must be removed or renamed.
objc[22686]: Class SDLWindow is implemented in both /Users/linmuyi/miniconda3/envs/llm_gs/lib/python3.9/site-packages/pygame/.dylibs/libSDL2-2.0.0.dylib (0x12814d5e8) and /Users/linmuyi/miniconda3/envs/llm_gs/lib/python3.9/site-packages/cv2/.dylibs/libSDL2-2.0.0.dylib (0x16b598bb0). This may cause spurious casting failures and mysterious crashes. One of the duplicates must be removed or renamed.
objc[22686]: Class Cocoa_WindowListener is implemented in both /Users/linmuyi/miniconda3/envs/llm_gs/lib/python3.9/site-packages/pygame/.dylibs/libSDL2-2.0.0.dylib (0x12814d610) and /Users/linmuyi/miniconda3/envs/llm_gs/lib/python3.9/site-packages/cv2/.dylibs/libSDL2-2.0.0.dylib (0x16b598bd8). This may cause spurious casting failures and mysterious crashes. One of the duplicates must be removed or renamed.
objc[22686]: Class SDLView is implemented in both /Users/linmuyi/miniconda3/envs/llm_gs/lib/python3.9/site-packages/pygame/.dylibs/libSDL2-2.0.0.dylib (0x12814d688) and /Users/linmuyi/miniconda3/envs/llm_gs/lib/python3.9/site-packages/cv2/.dylibs/libSDL2-2.0.0.dylib (0x16b598c50). This may cause spurious casting failures and mysterious crashes. One of the duplicates must be removed or renamed.
objc[22686]: Class METAL_RenderData is implemented in both /Users/linmuyi/miniconda3/envs/llm_gs/lib/python3.9/site-packages/pygame/.dylibs/libSDL2-2.0.0.dylib (0x12814d700) and /Users/linmuyi/miniconda3/envs/llm_gs/lib/python3.9/site-packages/cv2/.dylibs/libSDL2-2.0.0.dylib (0x16b598cc8). This may cause spurious casting failures and mysterious crashes. One of the duplicates must be removed or renamed.
objc[22686]: Class METAL_TextureData is implemented in both /Users/linmuyi/miniconda3/envs/llm_gs/lib/python3.9/site-packages/pygame/.dylibs/libSDL2-2.0.0.dylib (0x12814d750) and /Users/linmuyi/miniconda3/envs/llm_gs/lib/python3.9/site-packages/cv2/.dylibs/libSDL2-2.0.0.dylib (0x16b598d18). This may cause spurious casting failures and mysterious crashes. One of the duplicates must be removed or renamed.
objc[22686]: Class SDL_RumbleMotor is implemented in both /Users/linmuyi/miniconda3/envs/llm_gs/lib/python3.9/site-packages/pygame/.dylibs/libSDL2-2.0.0.dylib (0x12814d778) and /Users/linmuyi/miniconda3/envs/llm_gs/lib/python3.9/site-packages/cv2/.dylibs/libSDL2-2.0.0.dylib (0x16b598d40). This may cause spurious casting failures and mysterious crashes. One of the duplicates must be removed or renamed.
objc[22686]: Class SDL_RumbleContext is implemented in both /Users/linmuyi/miniconda3/envs/llm_gs/lib/python3.9/site-packages/pygame/.dylibs/libSDL2-2.0.0.dylib (0x12814d7c8) and /Users/linmuyi/miniconda3/envs/llm_gs/lib/python3.9/site-packages/cv2/.dylibs/libSDL2-2.0.0.dylib (0x16b598d90). This may cause spurious casting failures and mysterious crashes. One of the duplicates must be removed or renamed.
[path_len] 1500000 steps, 30 checkpoints, curriculum

  steps=  50000  held=0.03  gate=0.01  bins=1/3  active= 30  (152s)
  steps= 100000  held=0.00  gate=0.00  bins=1/3  active= 30  (286s)
  steps= 150000  held=0.00  gate=0.00  bins=1/3  active= 30  (416s)
  steps= 200000  held=0.00  gate=0.00  bins=1/3  active= 30  (548s)
  steps= 250000  held=0.00  gate=0.00  bins=1/3  active= 30  (678s)
  steps= 300000  held=0.01  gate=0.03  bins=1/3  active= 30  (807s)
  steps= 350000  held=0.03  gate=0.01  bins=1/3  active= 30  (935s)
  steps= 400000  held=0.06  gate=0.06  bins=2/3  active= 60  [UNLOCK:deadline]  (1064s)
  steps= 450000  held=0.03  gate=0.06  bins=2/3  active= 60  (1193s)
  steps= 500000  held=0.03  gate=0.03  bins=2/3  active= 60  (1379s)
  steps= 550000  held=0.07  gate=0.03  bins=2/3  active= 60  (1615s)
  steps= 600000  held=0.00  gate=0.00  bins=2/3  active= 60  (1856s)
  steps= 650000  held=0.02  gate=0.04  bins=2/3  active= 60  (2006s)
  steps= 700000  held=0.10  gate=0.07  bins=2/3  active= 60  (2134s)
  steps= 750000  held=0.34  gate=0.49  bins=2/3  active= 60  (2304s)
  steps= 800000  held=0.02  gate=0.00  bins=3/3  active= 90  [UNLOCK:deadline]  (2529s)
  steps= 850000  held=0.17  gate=0.17  bins=3/3  active= 90  (2687s)
  steps= 900000  held=0.06  gate=0.06  bins=3/3  active= 90  (2853s)
  steps= 950000  held=0.11  gate=0.11  bins=3/3  active= 90  (3016s)
  steps=1000000  held=0.05  gate=0.05  bins=3/3  active= 90  (3181s)
  steps=1050000  held=0.18  gate=0.18  bins=3/3  active= 90  (3340s)
  steps=1100000  held=0.12  gate=0.12  bins=3/3  active= 90  (3501s)
  steps=1150000  held=0.01  gate=0.01  bins=3/3  active= 90  (3668s)
  steps=1200000  held=0.00  gate=0.00  bins=3/3  active= 90  (3838s)
  steps=1250000  held=0.00  gate=0.00  bins=3/3  active= 90  (4004s)
  steps=1300000  held=0.01  gate=0.01  bins=3/3  active= 90  (4170s)
  steps=1350000  held=0.01  gate=0.01  bins=3/3  active= 90  (4337s)
  steps=1400000  held=0.10  gate=0.10  bins=3/3  active= 90  (4499s)
  steps=1450000  held=0.33  gate=0.33  bins=3/3  active= 90  (4646s)
  steps=1500000  held=0.33  gate=0.33  bins=3/3  active= 90  (4793s)

[path_len] DONE  final held=0.33  steps_to_0.3=750,000  wall=4793s  -> path_len_seed2.json
[path_len] per-cell held: s19N0=0.33
