[grader] train=90 layouts  held-out=36 layouts
objc[37253]: Class SDLApplication is implemented in both /Users/linmuyi/miniconda3/envs/llm_gs/lib/python3.9/site-packages/pygame/.dylibs/libSDL2-2.0.0.dylib (0x110c612c8) and /Users/linmuyi/miniconda3/envs/llm_gs/lib/python3.9/site-packages/cv2/.dylibs/libSDL2-2.0.0.dylib (0x168674890). This may cause spurious casting failures and mysterious crashes. One of the duplicates must be removed or renamed.
objc[37253]: Class SDLAppDelegate is implemented in both /Users/linmuyi/miniconda3/envs/llm_gs/lib/python3.9/site-packages/pygame/.dylibs/libSDL2-2.0.0.dylib (0x110c61318) and /Users/linmuyi/miniconda3/envs/llm_gs/lib/python3.9/site-packages/cv2/.dylibs/libSDL2-2.0.0.dylib (0x1686748e0). This may cause spurious casting failures and mysterious crashes. One of the duplicates must be removed or renamed.
objc[37253]: Class SDLTranslatorResponder is implemented in both /Users/linmuyi/miniconda3/envs/llm_gs/lib/python3.9/site-packages/pygame/.dylibs/libSDL2-2.0.0.dylib (0x110c61390) and /Users/linmuyi/miniconda3/envs/llm_gs/lib/python3.9/site-packages/cv2/.dylibs/libSDL2-2.0.0.dylib (0x168674958). This may cause spurious casting failures and mysterious crashes. One of the duplicates must be removed or renamed.
objc[37253]: Class SDLMessageBoxPresenter is implemented in both /Users/linmuyi/miniconda3/envs/llm_gs/lib/python3.9/site-packages/pygame/.dylibs/libSDL2-2.0.0.dylib (0x110c613b8) and /Users/linmuyi/miniconda3/envs/llm_gs/lib/python3.9/site-packages/cv2/.dylibs/libSDL2-2.0.0.dylib (0x168674980). This may cause spurious casting failures and mysterious crashes. One of the duplicates must be removed or renamed.
objc[37253]: Class SDL_cocoametalview is implemented in both /Users/linmuyi/miniconda3/envs/llm_gs/lib/python3.9/site-packages/pygame/.dylibs/libSDL2-2.0.0.dylib (0x110c61408) and /Users/linmuyi/miniconda3/envs/llm_gs/lib/python3.9/site-packages/cv2/.dylibs/libSDL2-2.0.0.dylib (0x1686749d0). This may cause spurious casting failures and mysterious crashes. One of the duplicates must be removed or renamed.
objc[37253]: Class SDLOpenGLContext is implemented in both /Users/linmuyi/miniconda3/envs/llm_gs/lib/python3.9/site-packages/pygame/.dylibs/libSDL2-2.0.0.dylib (0x110c61458) and /Users/linmuyi/miniconda3/envs/llm_gs/lib/python3.9/site-packages/cv2/.dylibs/libSDL2-2.0.0.dylib (0x168674a20). This may cause spurious casting failures and mysterious crashes. One of the duplicates must be removed or renamed.
objc[37253]: Class SDL_ShapeData is implemented in both /Users/linmuyi/miniconda3/envs/llm_gs/lib/python3.9/site-packages/pygame/.dylibs/libSDL2-2.0.0.dylib (0x110c614d0) and /Users/linmuyi/miniconda3/envs/llm_gs/lib/python3.9/site-packages/cv2/.dylibs/libSDL2-2.0.0.dylib (0x168674a98). This may cause spurious casting failures and mysterious crashes. One of the duplicates must be removed or renamed.
objc[37253]: Class SDL_CocoaClosure is implemented in both /Users/linmuyi/miniconda3/envs/llm_gs/lib/python3.9/site-packages/pygame/.dylibs/libSDL2-2.0.0.dylib (0x110c61520) and /Users/linmuyi/miniconda3/envs/llm_gs/lib/python3.9/site-packages/cv2/.dylibs/libSDL2-2.0.0.dylib (0x168674ae8). This may cause spurious casting failures and mysterious crashes. One of the duplicates must be removed or renamed.
objc[37253]: Class SDL_VideoData is implemented in both /Users/linmuyi/miniconda3/envs/llm_gs/lib/python3.9/site-packages/pygame/.dylibs/libSDL2-2.0.0.dylib (0x110c61570) and /Users/linmuyi/miniconda3/envs/llm_gs/lib/python3.9/site-packages/cv2/.dylibs/libSDL2-2.0.0.dylib (0x168674b38). This may cause spurious casting failures and mysterious crashes. One of the duplicates must be removed or renamed.
objc[37253]: Class SDL_WindowData is implemented in both /Users/linmuyi/miniconda3/envs/llm_gs/lib/python3.9/site-packages/pygame/.dylibs/libSDL2-2.0.0.dylib (0x110c615c0) and /Users/linmuyi/miniconda3/envs/llm_gs/lib/python3.9/site-packages/cv2/.dylibs/libSDL2-2.0.0.dylib (0x168674b88). This may cause spurious casting failures and mysterious crashes. One of the duplicates must be removed or renamed.
objc[37253]: Class SDLWindow is implemented in both /Users/linmuyi/miniconda3/envs/llm_gs/lib/python3.9/site-packages/pygame/.dylibs/libSDL2-2.0.0.dylib (0x110c615e8) and /Users/linmuyi/miniconda3/envs/llm_gs/lib/python3.9/site-packages/cv2/.dylibs/libSDL2-2.0.0.dylib (0x168674bb0). This may cause spurious casting failures and mysterious crashes. One of the duplicates must be removed or renamed.
objc[37253]: Class Cocoa_WindowListener is implemented in both /Users/linmuyi/miniconda3/envs/llm_gs/lib/python3.9/site-packages/pygame/.dylibs/libSDL2-2.0.0.dylib (0x110c61610) and /Users/linmuyi/miniconda3/envs/llm_gs/lib/python3.9/site-packages/cv2/.dylibs/libSDL2-2.0.0.dylib (0x168674bd8). This may cause spurious casting failures and mysterious crashes. One of the duplicates must be removed or renamed.
objc[37253]: Class SDLView is implemented in both /Users/linmuyi/miniconda3/envs/llm_gs/lib/python3.9/site-packages/pygame/.dylibs/libSDL2-2.0.0.dylib (0x110c61688) and /Users/linmuyi/miniconda3/envs/llm_gs/lib/python3.9/site-packages/cv2/.dylibs/libSDL2-2.0.0.dylib (0x168674c50). This may cause spurious casting failures and mysterious crashes. One of the duplicates must be removed or renamed.
objc[37253]: Class METAL_RenderData is implemented in both /Users/linmuyi/miniconda3/envs/llm_gs/lib/python3.9/site-packages/pygame/.dylibs/libSDL2-2.0.0.dylib (0x110c61700) and /Users/linmuyi/miniconda3/envs/llm_gs/lib/python3.9/site-packages/cv2/.dylibs/libSDL2-2.0.0.dylib (0x168674cc8). This may cause spurious casting failures and mysterious crashes. One of the duplicates must be removed or renamed.
objc[37253]: Class METAL_TextureData is implemented in both /Users/linmuyi/miniconda3/envs/llm_gs/lib/python3.9/site-packages/pygame/.dylibs/libSDL2-2.0.0.dylib (0x110c61750) and /Users/linmuyi/miniconda3/envs/llm_gs/lib/python3.9/site-packages/cv2/.dylibs/libSDL2-2.0.0.dylib (0x168674d18). This may cause spurious casting failures and mysterious crashes. One of the duplicates must be removed or renamed.
objc[37253]: Class SDL_RumbleMotor is implemented in both /Users/linmuyi/miniconda3/envs/llm_gs/lib/python3.9/site-packages/pygame/.dylibs/libSDL2-2.0.0.dylib (0x110c61778) and /Users/linmuyi/miniconda3/envs/llm_gs/lib/python3.9/site-packages/cv2/.dylibs/libSDL2-2.0.0.dylib (0x168674d40). This may cause spurious casting failures and mysterious crashes. One of the duplicates must be removed or renamed.
objc[37253]: Class SDL_RumbleContext is implemented in both /Users/linmuyi/miniconda3/envs/llm_gs/lib/python3.9/site-packages/pygame/.dylibs/libSDL2-2.0.0.dylib (0x110c617c8) and /Users/linmuyi/miniconda3/envs/llm_gs/lib/python3.9/site-packages/cv2/.dylibs/libSDL2-2.0.0.dylib (0x168674d90). This may cause spurious casting failures and mysterious crashes. One of the duplicates must be removed or renamed.
[grader] 1500000 steps, 30 checkpoints, curriculum

  steps=  50000  held=0.05  gate=0.08  bins=1/3  active= 30  (131s)
  steps= 100000  held=0.01  gate=0.00  bins=1/3  active= 30  (283s)
  steps= 150000  held=0.00  gate=0.00  bins=1/3  active= 30  (519s)
  steps= 200000  held=0.06  gate=0.07  bins=1/3  active= 30  (749s)
  steps= 250000  held=0.01  gate=0.03  bins=1/3  active= 30  (979s)
  steps= 300000  held=0.01  gate=0.04  bins=1/3  active= 30  (1207s)
  steps= 350000  held=0.01  gate=0.01  bins=1/3  active= 30  (1435s)
  steps= 400000  held=0.01  gate=0.03  bins=2/3  active= 60  [UNLOCK:deadline]  (1666s)
  steps= 450000  held=0.01  gate=0.00  bins=2/3  active= 60  (1897s)
  steps= 500000  held=0.03  gate=0.01  bins=2/3  active= 60  (2123s)
  steps= 550000  held=0.00  gate=0.00  bins=2/3  active= 60  (2351s)
  steps= 600000  held=0.05  gate=0.10  bins=2/3  active= 60  (2577s)
  steps= 650000  held=0.07  gate=0.14  bins=2/3  active= 60  (2797s)
  steps= 700000  held=0.10  gate=0.12  bins=2/3  active= 60  (3014s)
  steps= 750000  held=0.06  gate=0.08  bins=2/3  active= 60  (3239s)
  steps= 800000  held=0.03  gate=0.07  bins=3/3  active= 90  [UNLOCK:deadline]  (3466s)
  steps= 850000  held=0.10  gate=0.10  bins=3/3  active= 90  (3630s)
  steps= 900000  held=0.22  gate=0.22  bins=3/3  active= 90  (3790s)
  steps= 950000  held=0.31  gate=0.31  bins=3/3  active= 90  (3941s)
  steps=1000000  held=0.51  gate=0.51  bins=3/3  active= 90  (4073s)
  steps=1050000  held=0.67  gate=0.67  bins=3/3  active= 90  (4191s)
  steps=1100000  held=0.63  gate=0.63  bins=3/3  active= 90  (4317s)
  steps=1150000  held=0.65  gate=0.65  bins=3/3  active= 90  (4430s)
  steps=1200000  held=0.62  gate=0.62  bins=3/3  active= 90  (4545s)
  steps=1250000  held=0.69  gate=0.69  bins=3/3  active= 90  (4652s)
  steps=1300000  held=0.67  gate=0.67  bins=3/3  active= 90  (4757s)
  steps=1350000  held=0.59  gate=0.59  bins=3/3  active= 90  (4868s)
  steps=1400000  held=0.81  gate=0.81  bins=3/3  active= 90  (4967s)
  steps=1450000  held=0.71  gate=0.71  bins=3/3  active= 90  (5073s)
  steps=1500000  held=0.65  gate=0.65  bins=3/3  active= 90  (5178s)

[grader] DONE  final held=0.65  steps_to_0.3=950,000  wall=5178s  -> grader_seed4.json
[grader] per-cell held: s19N0=0.65
