[path_len] train=90 layouts  held-out=36 layouts
objc[29352]: Class SDLApplication is implemented in both /Users/linmuyi/miniconda3/envs/llm_gs/lib/python3.9/site-packages/pygame/.dylibs/libSDL2-2.0.0.dylib (0x105e212c8) and /Users/linmuyi/miniconda3/envs/llm_gs/lib/python3.9/site-packages/cv2/.dylibs/libSDL2-2.0.0.dylib (0x144b78890). This may cause spurious casting failures and mysterious crashes. One of the duplicates must be removed or renamed.
objc[29352]: Class SDLAppDelegate is implemented in both /Users/linmuyi/miniconda3/envs/llm_gs/lib/python3.9/site-packages/pygame/.dylibs/libSDL2-2.0.0.dylib (0x105e21318) and /Users/linmuyi/miniconda3/envs/llm_gs/lib/python3.9/site-packages/cv2/.dylibs/libSDL2-2.0.0.dylib (0x144b788e0). This may cause spurious casting failures and mysterious crashes. One of the duplicates must be removed or renamed.
objc[29352]: Class SDLTranslatorResponder is implemented in both /Users/linmuyi/miniconda3/envs/llm_gs/lib/python3.9/site-packages/pygame/.dylibs/libSDL2-2.0.0.dylib (0x105e21390) and /Users/linmuyi/miniconda3/envs/llm_gs/lib/python3.9/site-packages/cv2/.dylibs/libSDL2-2.0.0.dylib (0x144b78958). This may cause spurious casting failures and mysterious crashes. One of the duplicates must be removed or renamed.
objc[29352]: Class SDLMessageBoxPresenter is implemented in both /Users/linmuyi/miniconda3/envs/llm_gs/lib/python3.9/site-packages/pygame/.dylibs/libSDL2-2.0.0.dylib (0x105e213b8) and /Users/linmuyi/miniconda3/envs/llm_gs/lib/python3.9/site-packages/cv2/.dylibs/libSDL2-2.0.0.dylib (0x144b78980). This may cause spurious casting failures and mysterious crashes. One of the duplicates must be removed or renamed.
objc[29352]: Class SDL_cocoametalview is implemented in both /Users/linmuyi/miniconda3/envs/llm_gs/lib/python3.9/site-packages/pygame/.dylibs/libSDL2-2.0.0.dylib (0x105e21408) and /Users/linmuyi/miniconda3/envs/llm_gs/lib/python3.9/site-packages/cv2/.dylibs/libSDL2-2.0.0.dylib (0x144b789d0). This may cause spurious casting failures and mysterious crashes. One of the duplicates must be removed or renamed.
objc[29352]: Class SDLOpenGLContext is implemented in both /Users/linmuyi/miniconda3/envs/llm_gs/lib/python3.9/site-packages/pygame/.dylibs/libSDL2-2.0.0.dylib (0x105e21458) and /Users/linmuyi/miniconda3/envs/llm_gs/lib/python3.9/site-packages/cv2/.dylibs/libSDL2-2.0.0.dylib (0x144b78a20). This may cause spurious casting failures and mysterious crashes. One of the duplicates must be removed or renamed.
objc[29352]: Class SDL_ShapeData is implemented in both /Users/linmuyi/miniconda3/envs/llm_gs/lib/python3.9/site-packages/pygame/.dylibs/libSDL2-2.0.0.dylib (0x105e214d0) and /Users/linmuyi/miniconda3/envs/llm_gs/lib/python3.9/site-packages/cv2/.dylibs/libSDL2-2.0.0.dylib (0x144b78a98). This may cause spurious casting failures and mysterious crashes. One of the duplicates must be removed or renamed.
objc[29352]: Class SDL_CocoaClosure is implemented in both /Users/linmuyi/miniconda3/envs/llm_gs/lib/python3.9/site-packages/pygame/.dylibs/libSDL2-2.0.0.dylib (0x105e21520) and /Users/linmuyi/miniconda3/envs/llm_gs/lib/python3.9/site-packages/cv2/.dylibs/libSDL2-2.0.0.dylib (0x144b78ae8). This may cause spurious casting failures and mysterious crashes. One of the duplicates must be removed or renamed.
objc[29352]: Class SDL_VideoData is implemented in both /Users/linmuyi/miniconda3/envs/llm_gs/lib/python3.9/site-packages/pygame/.dylibs/libSDL2-2.0.0.dylib (0x105e21570) and /Users/linmuyi/miniconda3/envs/llm_gs/lib/python3.9/site-packages/cv2/.dylibs/libSDL2-2.0.0.dylib (0x144b78b38). This may cause spurious casting failures and mysterious crashes. One of the duplicates must be removed or renamed.
objc[29352]: Class SDL_WindowData is implemented in both /Users/linmuyi/miniconda3/envs/llm_gs/lib/python3.9/site-packages/pygame/.dylibs/libSDL2-2.0.0.dylib (0x105e215c0) and /Users/linmuyi/miniconda3/envs/llm_gs/lib/python3.9/site-packages/cv2/.dylibs/libSDL2-2.0.0.dylib (0x144b78b88). This may cause spurious casting failures and mysterious crashes. One of the duplicates must be removed or renamed.
objc[29352]: Class SDLWindow is implemented in both /Users/linmuyi/miniconda3/envs/llm_gs/lib/python3.9/site-packages/pygame/.dylibs/libSDL2-2.0.0.dylib (0x105e215e8) and /Users/linmuyi/miniconda3/envs/llm_gs/lib/python3.9/site-packages/cv2/.dylibs/libSDL2-2.0.0.dylib (0x144b78bb0). This may cause spurious casting failures and mysterious crashes. One of the duplicates must be removed or renamed.
objc[29352]: Class Cocoa_WindowListener is implemented in both /Users/linmuyi/miniconda3/envs/llm_gs/lib/python3.9/site-packages/pygame/.dylibs/libSDL2-2.0.0.dylib (0x105e21610) and /Users/linmuyi/miniconda3/envs/llm_gs/lib/python3.9/site-packages/cv2/.dylibs/libSDL2-2.0.0.dylib (0x144b78bd8). This may cause spurious casting failures and mysterious crashes. One of the duplicates must be removed or renamed.
objc[29352]: Class SDLView is implemented in both /Users/linmuyi/miniconda3/envs/llm_gs/lib/python3.9/site-packages/pygame/.dylibs/libSDL2-2.0.0.dylib (0x105e21688) and /Users/linmuyi/miniconda3/envs/llm_gs/lib/python3.9/site-packages/cv2/.dylibs/libSDL2-2.0.0.dylib (0x144b78c50). This may cause spurious casting failures and mysterious crashes. One of the duplicates must be removed or renamed.
objc[29352]: Class METAL_RenderData is implemented in both /Users/linmuyi/miniconda3/envs/llm_gs/lib/python3.9/site-packages/pygame/.dylibs/libSDL2-2.0.0.dylib (0x105e21700) and /Users/linmuyi/miniconda3/envs/llm_gs/lib/python3.9/site-packages/cv2/.dylibs/libSDL2-2.0.0.dylib (0x144b78cc8). This may cause spurious casting failures and mysterious crashes. One of the duplicates must be removed or renamed.
objc[29352]: Class METAL_TextureData is implemented in both /Users/linmuyi/miniconda3/envs/llm_gs/lib/python3.9/site-packages/pygame/.dylibs/libSDL2-2.0.0.dylib (0x105e21750) and /Users/linmuyi/miniconda3/envs/llm_gs/lib/python3.9/site-packages/cv2/.dylibs/libSDL2-2.0.0.dylib (0x144b78d18). This may cause spurious casting failures and mysterious crashes. One of the duplicates must be removed or renamed.
objc[29352]: Class SDL_RumbleMotor is implemented in both /Users/linmuyi/miniconda3/envs/llm_gs/lib/python3.9/site-packages/pygame/.dylibs/libSDL2-2.0.0.dylib (0x105e21778) and /Users/linmuyi/miniconda3/envs/llm_gs/lib/python3.9/site-packages/cv2/.dylibs/libSDL2-2.0.0.dylib (0x144b78d40). This may cause spurious casting failures and mysterious crashes. One of the duplicates must be removed or renamed.
objc[29352]: Class SDL_RumbleContext is implemented in both /Users/linmuyi/miniconda3/envs/llm_gs/lib/python3.9/site-packages/pygame/.dylibs/libSDL2-2.0.0.dylib (0x105e217c8) and /Users/linmuyi/miniconda3/envs/llm_gs/lib/python3.9/site-packages/cv2/.dylibs/libSDL2-2.0.0.dylib (0x144b78d90). This may cause spurious casting failures and mysterious crashes. One of the duplicates must be removed or renamed.
[path_len] 1500000 steps, 30 checkpoints, curriculum

  steps=  50000  held=0.03  gate=0.06  bins=1/3  active= 30  (138s)
  steps= 100000  held=0.07  gate=0.03  bins=1/3  active= 30  (273s)
  steps= 150000  held=0.07  gate=0.14  bins=1/3  active= 30  (405s)
  steps= 200000  held=0.25  gate=0.32  bins=1/3  active= 30  (532s)
  steps= 250000  held=0.39  gate=0.49  bins=1/3  active= 30  (639s)
  steps= 300000  held=0.09  gate=0.12  bins=1/3  active= 30  (766s)
  steps= 350000  held=0.35  gate=0.46  bins=1/3  active= 30  (878s)
  steps= 400000  held=0.15  gate=0.12  bins=2/3  active= 60  [UNLOCK:deadline]  (1002s)
  steps= 450000  held=0.10  gate=0.12  bins=2/3  active= 60  (1128s)
  steps= 500000  held=0.15  gate=0.36  bins=2/3  active= 60  (1244s)
  steps= 550000  held=0.48  gate=0.51  bins=2/3  active= 60  (1344s)
  steps= 600000  held=0.51  gate=0.65  bins=3/3  active= 90  [UNLOCK:gate]  (1437s)
  steps= 650000  held=0.51  gate=0.51  bins=3/3  active= 90  (1509s)
  steps= 700000  held=0.56  gate=0.56  bins=3/3  active= 90  (1580s)
  steps= 750000  held=0.62  gate=0.62  bins=3/3  active= 90  (1645s)
  steps= 800000  held=0.51  gate=0.51  bins=3/3  active= 90  (1713s)
  steps= 850000  held=0.44  gate=0.44  bins=3/3  active= 90  (1778s)
  steps= 900000  held=0.40  gate=0.40  bins=3/3  active= 90  (1842s)
  steps= 950000  held=0.48  gate=0.48  bins=3/3  active= 90  (1903s)
  steps=1000000  held=0.43  gate=0.43  bins=3/3  active= 90  (1969s)
  steps=1050000  held=0.62  gate=0.62  bins=3/3  active= 90  (2023s)
  steps=1100000  held=0.59  gate=0.59  bins=3/3  active= 90  (2078s)
  steps=1150000  held=0.65  gate=0.65  bins=3/3  active= 90  (2130s)
  steps=1200000  held=0.64  gate=0.64  bins=3/3  active= 90  (2182s)
  steps=1250000  held=0.44  gate=0.44  bins=3/3  active= 90  (2248s)
  steps=1300000  held=0.47  gate=0.47  bins=3/3  active= 90  (2312s)
  steps=1350000  held=0.44  gate=0.44  bins=3/3  active= 90  (2377s)
  steps=1400000  held=0.57  gate=0.57  bins=3/3  active= 90  (2433s)
  steps=1450000  held=0.63  gate=0.63  bins=3/3  active= 90  (2484s)
  steps=1500000  held=0.60  gate=0.60  bins=3/3  active= 90  (2540s)

[path_len] DONE  final held=0.60  steps_to_0.3=250,000  wall=2540s  -> path_len_seed18.json
[path_len] per-cell held: s19N0=0.60
