[flat] train=90 layouts  held-out=36 layouts
objc[34050]: Class SDLApplication is implemented in both /Users/linmuyi/miniconda3/envs/llm_gs/lib/python3.9/site-packages/pygame/.dylibs/libSDL2-2.0.0.dylib (0x1064d92c8) and /Users/linmuyi/miniconda3/envs/llm_gs/lib/python3.9/site-packages/cv2/.dylibs/libSDL2-2.0.0.dylib (0x136688890). This may cause spurious casting failures and mysterious crashes. One of the duplicates must be removed or renamed.
objc[34050]: Class SDLAppDelegate is implemented in both /Users/linmuyi/miniconda3/envs/llm_gs/lib/python3.9/site-packages/pygame/.dylibs/libSDL2-2.0.0.dylib (0x1064d9318) and /Users/linmuyi/miniconda3/envs/llm_gs/lib/python3.9/site-packages/cv2/.dylibs/libSDL2-2.0.0.dylib (0x1366888e0). This may cause spurious casting failures and mysterious crashes. One of the duplicates must be removed or renamed.
objc[34050]: Class SDLTranslatorResponder is implemented in both /Users/linmuyi/miniconda3/envs/llm_gs/lib/python3.9/site-packages/pygame/.dylibs/libSDL2-2.0.0.dylib (0x1064d9390) and /Users/linmuyi/miniconda3/envs/llm_gs/lib/python3.9/site-packages/cv2/.dylibs/libSDL2-2.0.0.dylib (0x136688958). This may cause spurious casting failures and mysterious crashes. One of the duplicates must be removed or renamed.
objc[34050]: Class SDLMessageBoxPresenter is implemented in both /Users/linmuyi/miniconda3/envs/llm_gs/lib/python3.9/site-packages/pygame/.dylibs/libSDL2-2.0.0.dylib (0x1064d93b8) and /Users/linmuyi/miniconda3/envs/llm_gs/lib/python3.9/site-packages/cv2/.dylibs/libSDL2-2.0.0.dylib (0x136688980). This may cause spurious casting failures and mysterious crashes. One of the duplicates must be removed or renamed.
objc[34050]: Class SDL_cocoametalview is implemented in both /Users/linmuyi/miniconda3/envs/llm_gs/lib/python3.9/site-packages/pygame/.dylibs/libSDL2-2.0.0.dylib (0x1064d9408) and /Users/linmuyi/miniconda3/envs/llm_gs/lib/python3.9/site-packages/cv2/.dylibs/libSDL2-2.0.0.dylib (0x1366889d0). This may cause spurious casting failures and mysterious crashes. One of the duplicates must be removed or renamed.
objc[34050]: Class SDLOpenGLContext is implemented in both /Users/linmuyi/miniconda3/envs/llm_gs/lib/python3.9/site-packages/pygame/.dylibs/libSDL2-2.0.0.dylib (0x1064d9458) and /Users/linmuyi/miniconda3/envs/llm_gs/lib/python3.9/site-packages/cv2/.dylibs/libSDL2-2.0.0.dylib (0x136688a20). This may cause spurious casting failures and mysterious crashes. One of the duplicates must be removed or renamed.
objc[34050]: Class SDL_ShapeData is implemented in both /Users/linmuyi/miniconda3/envs/llm_gs/lib/python3.9/site-packages/pygame/.dylibs/libSDL2-2.0.0.dylib (0x1064d94d0) and /Users/linmuyi/miniconda3/envs/llm_gs/lib/python3.9/site-packages/cv2/.dylibs/libSDL2-2.0.0.dylib (0x136688a98). This may cause spurious casting failures and mysterious crashes. One of the duplicates must be removed or renamed.
objc[34050]: Class SDL_CocoaClosure is implemented in both /Users/linmuyi/miniconda3/envs/llm_gs/lib/python3.9/site-packages/pygame/.dylibs/libSDL2-2.0.0.dylib (0x1064d9520) and /Users/linmuyi/miniconda3/envs/llm_gs/lib/python3.9/site-packages/cv2/.dylibs/libSDL2-2.0.0.dylib (0x136688ae8). This may cause spurious casting failures and mysterious crashes. One of the duplicates must be removed or renamed.
objc[34050]: Class SDL_VideoData is implemented in both /Users/linmuyi/miniconda3/envs/llm_gs/lib/python3.9/site-packages/pygame/.dylibs/libSDL2-2.0.0.dylib (0x1064d9570) and /Users/linmuyi/miniconda3/envs/llm_gs/lib/python3.9/site-packages/cv2/.dylibs/libSDL2-2.0.0.dylib (0x136688b38). This may cause spurious casting failures and mysterious crashes. One of the duplicates must be removed or renamed.
objc[34050]: Class SDL_WindowData is implemented in both /Users/linmuyi/miniconda3/envs/llm_gs/lib/python3.9/site-packages/pygame/.dylibs/libSDL2-2.0.0.dylib (0x1064d95c0) and /Users/linmuyi/miniconda3/envs/llm_gs/lib/python3.9/site-packages/cv2/.dylibs/libSDL2-2.0.0.dylib (0x136688b88). This may cause spurious casting failures and mysterious crashes. One of the duplicates must be removed or renamed.
objc[34050]: Class SDLWindow is implemented in both /Users/linmuyi/miniconda3/envs/llm_gs/lib/python3.9/site-packages/pygame/.dylibs/libSDL2-2.0.0.dylib (0x1064d95e8) and /Users/linmuyi/miniconda3/envs/llm_gs/lib/python3.9/site-packages/cv2/.dylibs/libSDL2-2.0.0.dylib (0x136688bb0). This may cause spurious casting failures and mysterious crashes. One of the duplicates must be removed or renamed.
objc[34050]: Class Cocoa_WindowListener is implemented in both /Users/linmuyi/miniconda3/envs/llm_gs/lib/python3.9/site-packages/pygame/.dylibs/libSDL2-2.0.0.dylib (0x1064d9610) and /Users/linmuyi/miniconda3/envs/llm_gs/lib/python3.9/site-packages/cv2/.dylibs/libSDL2-2.0.0.dylib (0x136688bd8). This may cause spurious casting failures and mysterious crashes. One of the duplicates must be removed or renamed.
objc[34050]: Class SDLView is implemented in both /Users/linmuyi/miniconda3/envs/llm_gs/lib/python3.9/site-packages/pygame/.dylibs/libSDL2-2.0.0.dylib (0x1064d9688) and /Users/linmuyi/miniconda3/envs/llm_gs/lib/python3.9/site-packages/cv2/.dylibs/libSDL2-2.0.0.dylib (0x136688c50). This may cause spurious casting failures and mysterious crashes. One of the duplicates must be removed or renamed.
objc[34050]: Class METAL_RenderData is implemented in both /Users/linmuyi/miniconda3/envs/llm_gs/lib/python3.9/site-packages/pygame/.dylibs/libSDL2-2.0.0.dylib (0x1064d9700) and /Users/linmuyi/miniconda3/envs/llm_gs/lib/python3.9/site-packages/cv2/.dylibs/libSDL2-2.0.0.dylib (0x136688cc8). This may cause spurious casting failures and mysterious crashes. One of the duplicates must be removed or renamed.
objc[34050]: Class METAL_TextureData is implemented in both /Users/linmuyi/miniconda3/envs/llm_gs/lib/python3.9/site-packages/pygame/.dylibs/libSDL2-2.0.0.dylib (0x1064d9750) and /Users/linmuyi/miniconda3/envs/llm_gs/lib/python3.9/site-packages/cv2/.dylibs/libSDL2-2.0.0.dylib (0x136688d18). This may cause spurious casting failures and mysterious crashes. One of the duplicates must be removed or renamed.
objc[34050]: Class SDL_RumbleMotor is implemented in both /Users/linmuyi/miniconda3/envs/llm_gs/lib/python3.9/site-packages/pygame/.dylibs/libSDL2-2.0.0.dylib (0x1064d9778) and /Users/linmuyi/miniconda3/envs/llm_gs/lib/python3.9/site-packages/cv2/.dylibs/libSDL2-2.0.0.dylib (0x136688d40). This may cause spurious casting failures and mysterious crashes. One of the duplicates must be removed or renamed.
objc[34050]: Class SDL_RumbleContext is implemented in both /Users/linmuyi/miniconda3/envs/llm_gs/lib/python3.9/site-packages/pygame/.dylibs/libSDL2-2.0.0.dylib (0x1064d97c8) and /Users/linmuyi/miniconda3/envs/llm_gs/lib/python3.9/site-packages/cv2/.dylibs/libSDL2-2.0.0.dylib (0x136688d90). This may cause spurious casting failures and mysterious crashes. One of the duplicates must be removed or renamed.
[flat] 1500000 steps, 30 checkpoints, flat (no curriculum)

  steps=  50000  held=0.05  gate=0.05  bins=3/3  active= 90  (179s)
  steps= 100000  held=0.08  gate=0.08  bins=3/3  active= 90  (354s)
  steps= 150000  held=0.10  gate=0.10  bins=3/3  active= 90  (484s)
  steps= 200000  held=0.05  gate=0.05  bins=3/3  active= 90  (574s)
  steps= 250000  held=0.06  gate=0.06  bins=3/3  active= 90  (671s)
  steps= 300000  held=0.19  gate=0.19  bins=3/3  active= 90  (818s)
  steps= 350000  held=0.17  gate=0.17  bins=3/3  active= 90  (975s)
  steps= 400000  held=0.22  gate=0.22  bins=3/3  active= 90  (1131s)
  steps= 450000  held=0.13  gate=0.13  bins=3/3  active= 90  (1293s)
  steps= 500000  held=0.13  gate=0.13  bins=3/3  active= 90  (1455s)
  steps= 550000  held=0.15  gate=0.15  bins=3/3  active= 90  (1615s)
  steps= 600000  held=0.09  gate=0.09  bins=3/3  active= 90  (1778s)
  steps= 650000  held=0.22  gate=0.22  bins=3/3  active= 90  (1933s)
  steps= 700000  held=0.05  gate=0.05  bins=3/3  active= 90  (2097s)
  steps= 750000  held=0.21  gate=0.21  bins=3/3  active= 90  (2259s)
  steps= 800000  held=0.01  gate=0.01  bins=3/3  active= 90  (2425s)
  steps= 850000  held=0.01  gate=0.01  bins=3/3  active= 90  (2589s)
  steps= 900000  held=0.10  gate=0.10  bins=3/3  active= 90  (2749s)
  steps= 950000  held=0.02  gate=0.02  bins=3/3  active= 90  (2914s)
  steps=1000000  held=0.23  gate=0.23  bins=3/3  active= 90  (3068s)
  steps=1050000  held=0.04  gate=0.04  bins=3/3  active= 90  (3232s)
  steps=1100000  held=0.06  gate=0.06  bins=3/3  active= 90  (3394s)
  steps=1150000  held=0.00  gate=0.00  bins=3/3  active= 90  (3558s)
  steps=1200000  held=0.08  gate=0.08  bins=3/3  active= 90  (3720s)
  steps=1250000  held=0.01  gate=0.01  bins=3/3  active= 90  (3885s)
  steps=1300000  held=0.01  gate=0.01  bins=3/3  active= 90  (4047s)
  steps=1350000  held=0.01  gate=0.01  bins=3/3  active= 90  (4212s)
  steps=1400000  held=0.06  gate=0.06  bins=3/3  active= 90  (4375s)
  steps=1450000  held=0.08  gate=0.08  bins=3/3  active= 90  (4536s)
  steps=1500000  held=0.01  gate=0.01  bins=3/3  active= 90  (4707s)

[flat] DONE  final held=0.01  steps_to_0.3=NOT REACHED  wall=4707s  -> flat_seed3.json
[flat] per-cell held: s19N0=0.01
