[random_curriculum] train=90 layouts  held-out=36 layouts
objc[69563]: Class SDLApplication is implemented in both /Users/linmuyi/miniconda3/envs/llm_gs/lib/python3.9/site-packages/pygame/.dylibs/libSDL2-2.0.0.dylib (0x113e192c8) and /Users/linmuyi/miniconda3/envs/llm_gs/lib/python3.9/site-packages/cv2/.dylibs/libSDL2-2.0.0.dylib (0x31b6cc890). This may cause spurious casting failures and mysterious crashes. One of the duplicates must be removed or renamed.
objc[69563]: Class SDLAppDelegate is implemented in both /Users/linmuyi/miniconda3/envs/llm_gs/lib/python3.9/site-packages/pygame/.dylibs/libSDL2-2.0.0.dylib (0x113e19318) and /Users/linmuyi/miniconda3/envs/llm_gs/lib/python3.9/site-packages/cv2/.dylibs/libSDL2-2.0.0.dylib (0x31b6cc8e0). This may cause spurious casting failures and mysterious crashes. One of the duplicates must be removed or renamed.
objc[69563]: Class SDLTranslatorResponder is implemented in both /Users/linmuyi/miniconda3/envs/llm_gs/lib/python3.9/site-packages/pygame/.dylibs/libSDL2-2.0.0.dylib (0x113e19390) and /Users/linmuyi/miniconda3/envs/llm_gs/lib/python3.9/site-packages/cv2/.dylibs/libSDL2-2.0.0.dylib (0x31b6cc958). This may cause spurious casting failures and mysterious crashes. One of the duplicates must be removed or renamed.
objc[69563]: Class SDLMessageBoxPresenter is implemented in both /Users/linmuyi/miniconda3/envs/llm_gs/lib/python3.9/site-packages/pygame/.dylibs/libSDL2-2.0.0.dylib (0x113e193b8) and /Users/linmuyi/miniconda3/envs/llm_gs/lib/python3.9/site-packages/cv2/.dylibs/libSDL2-2.0.0.dylib (0x31b6cc980). This may cause spurious casting failures and mysterious crashes. One of the duplicates must be removed or renamed.
objc[69563]: Class SDL_cocoametalview is implemented in both /Users/linmuyi/miniconda3/envs/llm_gs/lib/python3.9/site-packages/pygame/.dylibs/libSDL2-2.0.0.dylib (0x113e19408) and /Users/linmuyi/miniconda3/envs/llm_gs/lib/python3.9/site-packages/cv2/.dylibs/libSDL2-2.0.0.dylib (0x31b6cc9d0). This may cause spurious casting failures and mysterious crashes. One of the duplicates must be removed or renamed.
objc[69563]: Class SDLOpenGLContext is implemented in both /Users/linmuyi/miniconda3/envs/llm_gs/lib/python3.9/site-packages/pygame/.dylibs/libSDL2-2.0.0.dylib (0x113e19458) and /Users/linmuyi/miniconda3/envs/llm_gs/lib/python3.9/site-packages/cv2/.dylibs/libSDL2-2.0.0.dylib (0x31b6cca20). This may cause spurious casting failures and mysterious crashes. One of the duplicates must be removed or renamed.
objc[69563]: Class SDL_ShapeData is implemented in both /Users/linmuyi/miniconda3/envs/llm_gs/lib/python3.9/site-packages/pygame/.dylibs/libSDL2-2.0.0.dylib (0x113e194d0) and /Users/linmuyi/miniconda3/envs/llm_gs/lib/python3.9/site-packages/cv2/.dylibs/libSDL2-2.0.0.dylib (0x31b6cca98). This may cause spurious casting failures and mysterious crashes. One of the duplicates must be removed or renamed.
objc[69563]: Class SDL_CocoaClosure is implemented in both /Users/linmuyi/miniconda3/envs/llm_gs/lib/python3.9/site-packages/pygame/.dylibs/libSDL2-2.0.0.dylib (0x113e19520) and /Users/linmuyi/miniconda3/envs/llm_gs/lib/python3.9/site-packages/cv2/.dylibs/libSDL2-2.0.0.dylib (0x31b6ccae8). This may cause spurious casting failures and mysterious crashes. One of the duplicates must be removed or renamed.
objc[69563]: Class SDL_VideoData is implemented in both /Users/linmuyi/miniconda3/envs/llm_gs/lib/python3.9/site-packages/pygame/.dylibs/libSDL2-2.0.0.dylib (0x113e19570) and /Users/linmuyi/miniconda3/envs/llm_gs/lib/python3.9/site-packages/cv2/.dylibs/libSDL2-2.0.0.dylib (0x31b6ccb38). This may cause spurious casting failures and mysterious crashes. One of the duplicates must be removed or renamed.
objc[69563]: Class SDL_WindowData is implemented in both /Users/linmuyi/miniconda3/envs/llm_gs/lib/python3.9/site-packages/pygame/.dylibs/libSDL2-2.0.0.dylib (0x113e195c0) and /Users/linmuyi/miniconda3/envs/llm_gs/lib/python3.9/site-packages/cv2/.dylibs/libSDL2-2.0.0.dylib (0x31b6ccb88). This may cause spurious casting failures and mysterious crashes. One of the duplicates must be removed or renamed.
objc[69563]: Class SDLWindow is implemented in both /Users/linmuyi/miniconda3/envs/llm_gs/lib/python3.9/site-packages/pygame/.dylibs/libSDL2-2.0.0.dylib (0x113e195e8) and /Users/linmuyi/miniconda3/envs/llm_gs/lib/python3.9/site-packages/cv2/.dylibs/libSDL2-2.0.0.dylib (0x31b6ccbb0). This may cause spurious casting failures and mysterious crashes. One of the duplicates must be removed or renamed.
objc[69563]: Class Cocoa_WindowListener is implemented in both /Users/linmuyi/miniconda3/envs/llm_gs/lib/python3.9/site-packages/pygame/.dylibs/libSDL2-2.0.0.dylib (0x113e19610) and /Users/linmuyi/miniconda3/envs/llm_gs/lib/python3.9/site-packages/cv2/.dylibs/libSDL2-2.0.0.dylib (0x31b6ccbd8). This may cause spurious casting failures and mysterious crashes. One of the duplicates must be removed or renamed.
objc[69563]: Class SDLView is implemented in both /Users/linmuyi/miniconda3/envs/llm_gs/lib/python3.9/site-packages/pygame/.dylibs/libSDL2-2.0.0.dylib (0x113e19688) and /Users/linmuyi/miniconda3/envs/llm_gs/lib/python3.9/site-packages/cv2/.dylibs/libSDL2-2.0.0.dylib (0x31b6ccc50). This may cause spurious casting failures and mysterious crashes. One of the duplicates must be removed or renamed.
objc[69563]: Class METAL_RenderData is implemented in both /Users/linmuyi/miniconda3/envs/llm_gs/lib/python3.9/site-packages/pygame/.dylibs/libSDL2-2.0.0.dylib (0x113e19700) and /Users/linmuyi/miniconda3/envs/llm_gs/lib/python3.9/site-packages/cv2/.dylibs/libSDL2-2.0.0.dylib (0x31b6cccc8). This may cause spurious casting failures and mysterious crashes. One of the duplicates must be removed or renamed.
objc[69563]: Class METAL_TextureData is implemented in both /Users/linmuyi/miniconda3/envs/llm_gs/lib/python3.9/site-packages/pygame/.dylibs/libSDL2-2.0.0.dylib (0x113e19750) and /Users/linmuyi/miniconda3/envs/llm_gs/lib/python3.9/site-packages/cv2/.dylibs/libSDL2-2.0.0.dylib (0x31b6ccd18). This may cause spurious casting failures and mysterious crashes. One of the duplicates must be removed or renamed.
objc[69563]: Class SDL_RumbleMotor is implemented in both /Users/linmuyi/miniconda3/envs/llm_gs/lib/python3.9/site-packages/pygame/.dylibs/libSDL2-2.0.0.dylib (0x113e19778) and /Users/linmuyi/miniconda3/envs/llm_gs/lib/python3.9/site-packages/cv2/.dylibs/libSDL2-2.0.0.dylib (0x31b6ccd40). This may cause spurious casting failures and mysterious crashes. One of the duplicates must be removed or renamed.
objc[69563]: Class SDL_RumbleContext is implemented in both /Users/linmuyi/miniconda3/envs/llm_gs/lib/python3.9/site-packages/pygame/.dylibs/libSDL2-2.0.0.dylib (0x113e197c8) and /Users/linmuyi/miniconda3/envs/llm_gs/lib/python3.9/site-packages/cv2/.dylibs/libSDL2-2.0.0.dylib (0x31b6ccd90). This may cause spurious casting failures and mysterious crashes. One of the duplicates must be removed or renamed.
[random_curriculum] 1500000 steps, 30 checkpoints, curriculum

  steps=  50000  held=0.33  gate=0.49  bins=1/3  active= 30  (204s)
  steps= 100000  held=0.35  gate=0.33  bins=1/3  active= 30  (400s)
  steps= 150000  held=0.30  gate=0.29  bins=1/3  active= 30  (601s)
  steps= 200000  held=0.41  gate=0.29  bins=1/3  active= 30  (792s)
  steps= 250000  held=0.45  gate=0.47  bins=1/3  active= 30  (975s)
  steps= 300000  held=0.67  gate=0.81  bins=2/3  active= 60  [UNLOCK:gate]  (1124s)
  steps= 350000  held=0.63  gate=0.71  bins=3/3  active= 90  [UNLOCK:gate]  (1271s)
  steps= 400000  held=0.71  gate=0.71  bins=3/3  active= 90  (1377s)
  steps= 450000  held=0.67  gate=0.67  bins=3/3  active= 90  (1486s)
  steps= 500000  held=0.65  gate=0.65  bins=3/3  active= 90  (1593s)
  steps= 550000  held=0.63  gate=0.63  bins=3/3  active= 90  (1701s)
  steps= 600000  held=0.40  gate=0.40  bins=3/3  active= 90  (1829s)
  steps= 650000  held=0.70  gate=0.70  bins=3/3  active= 90  (1888s)
  steps= 700000  held=0.61  gate=0.61  bins=3/3  active= 90  (1955s)
  steps= 750000  held=0.52  gate=0.52  bins=3/3  active= 90  (2029s)
  steps= 800000  held=0.21  gate=0.21  bins=3/3  active= 90  (2122s)
  steps= 850000  held=0.21  gate=0.21  bins=3/3  active= 90  (2212s)
  steps= 900000  held=0.19  gate=0.19  bins=3/3  active= 90  (2299s)
  steps= 950000  held=0.21  gate=0.21  bins=3/3  active= 90  (2385s)
  steps=1000000  held=0.12  gate=0.12  bins=3/3  active= 90  (2473s)
  steps=1050000  held=0.24  gate=0.24  bins=3/3  active= 90  (2551s)
  steps=1100000  held=0.17  gate=0.17  bins=3/3  active= 90  (2636s)
  steps=1150000  held=0.04  gate=0.04  bins=3/3  active= 90  (2731s)
  steps=1200000  held=0.00  gate=0.00  bins=3/3  active= 90  (2826s)
  steps=1250000  held=0.03  gate=0.03  bins=3/3  active= 90  (2920s)
  steps=1300000  held=0.00  gate=0.00  bins=3/3  active= 90  (3015s)
  steps=1350000  held=0.00  gate=0.00  bins=3/3  active= 90  (3112s)
  steps=1400000  held=0.03  gate=0.03  bins=3/3  active= 90  (3209s)
  steps=1450000  held=0.01  gate=0.01  bins=3/3  active= 90  (3306s)
  steps=1500000  held=0.01  gate=0.01  bins=3/3  active= 90  (3403s)

[random_curriculum] DONE  final held=0.01  steps_to_0.3=50,000  wall=3403s  -> random_curriculum_seed6.json
[random_curriculum] per-cell held: s19N0=0.01
