[wall_count] train=90 layouts  held-out=36 layouts
objc[54366]: Class SDLApplication is implemented in both /Users/linmuyi/miniconda3/envs/llm_gs/lib/python3.9/site-packages/pygame/.dylibs/libSDL2-2.0.0.dylib (0x10a5952c8) and /Users/linmuyi/miniconda3/envs/llm_gs/lib/python3.9/site-packages/cv2/.dylibs/libSDL2-2.0.0.dylib (0x13bf6c890). This may cause spurious casting failures and mysterious crashes. One of the duplicates must be removed or renamed.
objc[54366]: Class SDLAppDelegate is implemented in both /Users/linmuyi/miniconda3/envs/llm_gs/lib/python3.9/site-packages/pygame/.dylibs/libSDL2-2.0.0.dylib (0x10a595318) and /Users/linmuyi/miniconda3/envs/llm_gs/lib/python3.9/site-packages/cv2/.dylibs/libSDL2-2.0.0.dylib (0x13bf6c8e0). This may cause spurious casting failures and mysterious crashes. One of the duplicates must be removed or renamed.
objc[54366]: Class SDLTranslatorResponder is implemented in both /Users/linmuyi/miniconda3/envs/llm_gs/lib/python3.9/site-packages/pygame/.dylibs/libSDL2-2.0.0.dylib (0x10a595390) and /Users/linmuyi/miniconda3/envs/llm_gs/lib/python3.9/site-packages/cv2/.dylibs/libSDL2-2.0.0.dylib (0x13bf6c958). This may cause spurious casting failures and mysterious crashes. One of the duplicates must be removed or renamed.
objc[54366]: Class SDLMessageBoxPresenter is implemented in both /Users/linmuyi/miniconda3/envs/llm_gs/lib/python3.9/site-packages/pygame/.dylibs/libSDL2-2.0.0.dylib (0x10a5953b8) and /Users/linmuyi/miniconda3/envs/llm_gs/lib/python3.9/site-packages/cv2/.dylibs/libSDL2-2.0.0.dylib (0x13bf6c980). This may cause spurious casting failures and mysterious crashes. One of the duplicates must be removed or renamed.
objc[54366]: Class SDL_cocoametalview is implemented in both /Users/linmuyi/miniconda3/envs/llm_gs/lib/python3.9/site-packages/pygame/.dylibs/libSDL2-2.0.0.dylib (0x10a595408) and /Users/linmuyi/miniconda3/envs/llm_gs/lib/python3.9/site-packages/cv2/.dylibs/libSDL2-2.0.0.dylib (0x13bf6c9d0). This may cause spurious casting failures and mysterious crashes. One of the duplicates must be removed or renamed.
objc[54366]: Class SDLOpenGLContext is implemented in both /Users/linmuyi/miniconda3/envs/llm_gs/lib/python3.9/site-packages/pygame/.dylibs/libSDL2-2.0.0.dylib (0x10a595458) and /Users/linmuyi/miniconda3/envs/llm_gs/lib/python3.9/site-packages/cv2/.dylibs/libSDL2-2.0.0.dylib (0x13bf6ca20). This may cause spurious casting failures and mysterious crashes. One of the duplicates must be removed or renamed.
objc[54366]: Class SDL_ShapeData is implemented in both /Users/linmuyi/miniconda3/envs/llm_gs/lib/python3.9/site-packages/pygame/.dylibs/libSDL2-2.0.0.dylib (0x10a5954d0) and /Users/linmuyi/miniconda3/envs/llm_gs/lib/python3.9/site-packages/cv2/.dylibs/libSDL2-2.0.0.dylib (0x13bf6ca98). This may cause spurious casting failures and mysterious crashes. One of the duplicates must be removed or renamed.
objc[54366]: Class SDL_CocoaClosure is implemented in both /Users/linmuyi/miniconda3/envs/llm_gs/lib/python3.9/site-packages/pygame/.dylibs/libSDL2-2.0.0.dylib (0x10a595520) and /Users/linmuyi/miniconda3/envs/llm_gs/lib/python3.9/site-packages/cv2/.dylibs/libSDL2-2.0.0.dylib (0x13bf6cae8). This may cause spurious casting failures and mysterious crashes. One of the duplicates must be removed or renamed.
objc[54366]: Class SDL_VideoData is implemented in both /Users/linmuyi/miniconda3/envs/llm_gs/lib/python3.9/site-packages/pygame/.dylibs/libSDL2-2.0.0.dylib (0x10a595570) and /Users/linmuyi/miniconda3/envs/llm_gs/lib/python3.9/site-packages/cv2/.dylibs/libSDL2-2.0.0.dylib (0x13bf6cb38). This may cause spurious casting failures and mysterious crashes. One of the duplicates must be removed or renamed.
objc[54366]: Class SDL_WindowData is implemented in both /Users/linmuyi/miniconda3/envs/llm_gs/lib/python3.9/site-packages/pygame/.dylibs/libSDL2-2.0.0.dylib (0x10a5955c0) and /Users/linmuyi/miniconda3/envs/llm_gs/lib/python3.9/site-packages/cv2/.dylibs/libSDL2-2.0.0.dylib (0x13bf6cb88). This may cause spurious casting failures and mysterious crashes. One of the duplicates must be removed or renamed.
objc[54366]: Class SDLWindow is implemented in both /Users/linmuyi/miniconda3/envs/llm_gs/lib/python3.9/site-packages/pygame/.dylibs/libSDL2-2.0.0.dylib (0x10a5955e8) and /Users/linmuyi/miniconda3/envs/llm_gs/lib/python3.9/site-packages/cv2/.dylibs/libSDL2-2.0.0.dylib (0x13bf6cbb0). This may cause spurious casting failures and mysterious crashes. One of the duplicates must be removed or renamed.
objc[54366]: Class Cocoa_WindowListener is implemented in both /Users/linmuyi/miniconda3/envs/llm_gs/lib/python3.9/site-packages/pygame/.dylibs/libSDL2-2.0.0.dylib (0x10a595610) and /Users/linmuyi/miniconda3/envs/llm_gs/lib/python3.9/site-packages/cv2/.dylibs/libSDL2-2.0.0.dylib (0x13bf6cbd8). This may cause spurious casting failures and mysterious crashes. One of the duplicates must be removed or renamed.
objc[54366]: Class SDLView is implemented in both /Users/linmuyi/miniconda3/envs/llm_gs/lib/python3.9/site-packages/pygame/.dylibs/libSDL2-2.0.0.dylib (0x10a595688) and /Users/linmuyi/miniconda3/envs/llm_gs/lib/python3.9/site-packages/cv2/.dylibs/libSDL2-2.0.0.dylib (0x13bf6cc50). This may cause spurious casting failures and mysterious crashes. One of the duplicates must be removed or renamed.
objc[54366]: Class METAL_RenderData is implemented in both /Users/linmuyi/miniconda3/envs/llm_gs/lib/python3.9/site-packages/pygame/.dylibs/libSDL2-2.0.0.dylib (0x10a595700) and /Users/linmuyi/miniconda3/envs/llm_gs/lib/python3.9/site-packages/cv2/.dylibs/libSDL2-2.0.0.dylib (0x13bf6ccc8). This may cause spurious casting failures and mysterious crashes. One of the duplicates must be removed or renamed.
objc[54366]: Class METAL_TextureData is implemented in both /Users/linmuyi/miniconda3/envs/llm_gs/lib/python3.9/site-packages/pygame/.dylibs/libSDL2-2.0.0.dylib (0x10a595750) and /Users/linmuyi/miniconda3/envs/llm_gs/lib/python3.9/site-packages/cv2/.dylibs/libSDL2-2.0.0.dylib (0x13bf6cd18). This may cause spurious casting failures and mysterious crashes. One of the duplicates must be removed or renamed.
objc[54366]: Class SDL_RumbleMotor is implemented in both /Users/linmuyi/miniconda3/envs/llm_gs/lib/python3.9/site-packages/pygame/.dylibs/libSDL2-2.0.0.dylib (0x10a595778) and /Users/linmuyi/miniconda3/envs/llm_gs/lib/python3.9/site-packages/cv2/.dylibs/libSDL2-2.0.0.dylib (0x13bf6cd40). This may cause spurious casting failures and mysterious crashes. One of the duplicates must be removed or renamed.
objc[54366]: Class SDL_RumbleContext is implemented in both /Users/linmuyi/miniconda3/envs/llm_gs/lib/python3.9/site-packages/pygame/.dylibs/libSDL2-2.0.0.dylib (0x10a5957c8) and /Users/linmuyi/miniconda3/envs/llm_gs/lib/python3.9/site-packages/cv2/.dylibs/libSDL2-2.0.0.dylib (0x13bf6cd90). This may cause spurious casting failures and mysterious crashes. One of the duplicates must be removed or renamed.
[wall_count] 1500000 steps, 30 checkpoints, curriculum

  steps=  50000  held=0.09  gate=0.07  bins=1/3  active= 30  (230s)
  steps= 100000  held=0.01  gate=0.03  bins=1/3  active= 30  (458s)
  steps= 150000  held=0.04  gate=0.14  bins=1/3  active= 30  (685s)
  steps= 200000  held=0.03  gate=0.07  bins=1/3  active= 30  (910s)
  steps= 250000  held=0.36  gate=0.47  bins=1/3  active= 30  (1105s)
  steps= 300000  held=0.08  gate=0.06  bins=1/3  active= 30  (1330s)
  steps= 350000  held=0.01  gate=0.00  bins=1/3  active= 30  (1559s)
  steps= 400000  held=0.12  gate=0.21  bins=2/3  active= 60  [UNLOCK:deadline]  (1778s)
  steps= 450000  held=0.42  gate=0.46  bins=2/3  active= 60  (1968s)
  steps= 500000  held=0.49  gate=0.61  bins=3/3  active= 90  [UNLOCK:gate]  (2151s)
  steps= 550000  held=0.62  gate=0.62  bins=3/3  active= 90  (2264s)
  steps= 600000  held=0.64  gate=0.64  bins=3/3  active= 90  (2376s)
  steps= 650000  held=0.67  gate=0.67  bins=3/3  active= 90  (2486s)
  steps= 700000  held=0.51  gate=0.51  bins=3/3  active= 90  (2611s)
  steps= 750000  held=0.39  gate=0.39  bins=3/3  active= 90  (2744s)
  steps= 800000  held=0.41  gate=0.41  bins=3/3  active= 90  (2872s)
  steps= 850000  held=0.39  gate=0.39  bins=3/3  active= 90  (3005s)
  steps= 900000  held=0.22  gate=0.22  bins=3/3  active= 90  (3154s)
  steps= 950000  held=0.41  gate=0.41  bins=3/3  active= 90  (3289s)
  steps=1000000  held=0.24  gate=0.24  bins=3/3  active= 90  (3443s)
  steps=1050000  held=0.35  gate=0.35  bins=3/3  active= 90  (3586s)
  steps=1100000  held=0.21  gate=0.21  bins=3/3  active= 90  (3740s)
  steps=1150000  held=0.35  gate=0.35  bins=3/3  active= 90  (3861s)
  steps=1200000  held=0.43  gate=0.43  bins=3/3  active= 90  (3940s)
  steps=1250000  held=0.40  gate=0.40  bins=3/3  active= 90  (4021s)
  steps=1300000  held=0.11  gate=0.11  bins=3/3  active= 90  (4117s)
  steps=1350000  held=0.00  gate=0.00  bins=3/3  active= 90  (4215s)
  steps=1400000  held=0.01  gate=0.01  bins=3/3  active= 90  (4309s)
  steps=1450000  held=0.00  gate=0.00  bins=3/3  active= 90  (4399s)
  steps=1500000  held=0.00  gate=0.00  bins=3/3  active= 90  (4488s)

[wall_count] DONE  final held=0.00  steps_to_0.3=250,000  wall=4488s  -> wall_count_seed5.json
[wall_count] per-cell held: s19N0=0.00
