[grader] train=90 layouts  held-out=36 layouts
objc[79570]: Class SDLApplication is implemented in both /Users/linmuyi/miniconda3/envs/llm_gs/lib/python3.9/site-packages/pygame/.dylibs/libSDL2-2.0.0.dylib (0x1081192c8) and /Users/linmuyi/miniconda3/envs/llm_gs/lib/python3.9/site-packages/cv2/.dylibs/libSDL2-2.0.0.dylib (0x16e8fc890). This may cause spurious casting failures and mysterious crashes. One of the duplicates must be removed or renamed.
objc[79570]: Class SDLAppDelegate is implemented in both /Users/linmuyi/miniconda3/envs/llm_gs/lib/python3.9/site-packages/pygame/.dylibs/libSDL2-2.0.0.dylib (0x108119318) and /Users/linmuyi/miniconda3/envs/llm_gs/lib/python3.9/site-packages/cv2/.dylibs/libSDL2-2.0.0.dylib (0x16e8fc8e0). This may cause spurious casting failures and mysterious crashes. One of the duplicates must be removed or renamed.
objc[79570]: Class SDLTranslatorResponder is implemented in both /Users/linmuyi/miniconda3/envs/llm_gs/lib/python3.9/site-packages/pygame/.dylibs/libSDL2-2.0.0.dylib (0x108119390) and /Users/linmuyi/miniconda3/envs/llm_gs/lib/python3.9/site-packages/cv2/.dylibs/libSDL2-2.0.0.dylib (0x16e8fc958). This may cause spurious casting failures and mysterious crashes. One of the duplicates must be removed or renamed.
objc[79570]: Class SDLMessageBoxPresenter is implemented in both /Users/linmuyi/miniconda3/envs/llm_gs/lib/python3.9/site-packages/pygame/.dylibs/libSDL2-2.0.0.dylib (0x1081193b8) and /Users/linmuyi/miniconda3/envs/llm_gs/lib/python3.9/site-packages/cv2/.dylibs/libSDL2-2.0.0.dylib (0x16e8fc980). This may cause spurious casting failures and mysterious crashes. One of the duplicates must be removed or renamed.
objc[79570]: Class SDL_cocoametalview is implemented in both /Users/linmuyi/miniconda3/envs/llm_gs/lib/python3.9/site-packages/pygame/.dylibs/libSDL2-2.0.0.dylib (0x108119408) and /Users/linmuyi/miniconda3/envs/llm_gs/lib/python3.9/site-packages/cv2/.dylibs/libSDL2-2.0.0.dylib (0x16e8fc9d0). This may cause spurious casting failures and mysterious crashes. One of the duplicates must be removed or renamed.
objc[79570]: Class SDLOpenGLContext is implemented in both /Users/linmuyi/miniconda3/envs/llm_gs/lib/python3.9/site-packages/pygame/.dylibs/libSDL2-2.0.0.dylib (0x108119458) and /Users/linmuyi/miniconda3/envs/llm_gs/lib/python3.9/site-packages/cv2/.dylibs/libSDL2-2.0.0.dylib (0x16e8fca20). This may cause spurious casting failures and mysterious crashes. One of the duplicates must be removed or renamed.
objc[79570]: Class SDL_ShapeData is implemented in both /Users/linmuyi/miniconda3/envs/llm_gs/lib/python3.9/site-packages/pygame/.dylibs/libSDL2-2.0.0.dylib (0x1081194d0) and /Users/linmuyi/miniconda3/envs/llm_gs/lib/python3.9/site-packages/cv2/.dylibs/libSDL2-2.0.0.dylib (0x16e8fca98). This may cause spurious casting failures and mysterious crashes. One of the duplicates must be removed or renamed.
objc[79570]: Class SDL_CocoaClosure is implemented in both /Users/linmuyi/miniconda3/envs/llm_gs/lib/python3.9/site-packages/pygame/.dylibs/libSDL2-2.0.0.dylib (0x108119520) and /Users/linmuyi/miniconda3/envs/llm_gs/lib/python3.9/site-packages/cv2/.dylibs/libSDL2-2.0.0.dylib (0x16e8fcae8). This may cause spurious casting failures and mysterious crashes. One of the duplicates must be removed or renamed.
objc[79570]: Class SDL_VideoData is implemented in both /Users/linmuyi/miniconda3/envs/llm_gs/lib/python3.9/site-packages/pygame/.dylibs/libSDL2-2.0.0.dylib (0x108119570) and /Users/linmuyi/miniconda3/envs/llm_gs/lib/python3.9/site-packages/cv2/.dylibs/libSDL2-2.0.0.dylib (0x16e8fcb38). This may cause spurious casting failures and mysterious crashes. One of the duplicates must be removed or renamed.
objc[79570]: Class SDL_WindowData is implemented in both /Users/linmuyi/miniconda3/envs/llm_gs/lib/python3.9/site-packages/pygame/.dylibs/libSDL2-2.0.0.dylib (0x1081195c0) and /Users/linmuyi/miniconda3/envs/llm_gs/lib/python3.9/site-packages/cv2/.dylibs/libSDL2-2.0.0.dylib (0x16e8fcb88). This may cause spurious casting failures and mysterious crashes. One of the duplicates must be removed or renamed.
objc[79570]: Class SDLWindow is implemented in both /Users/linmuyi/miniconda3/envs/llm_gs/lib/python3.9/site-packages/pygame/.dylibs/libSDL2-2.0.0.dylib (0x1081195e8) and /Users/linmuyi/miniconda3/envs/llm_gs/lib/python3.9/site-packages/cv2/.dylibs/libSDL2-2.0.0.dylib (0x16e8fcbb0). This may cause spurious casting failures and mysterious crashes. One of the duplicates must be removed or renamed.
objc[79570]: Class Cocoa_WindowListener is implemented in both /Users/linmuyi/miniconda3/envs/llm_gs/lib/python3.9/site-packages/pygame/.dylibs/libSDL2-2.0.0.dylib (0x108119610) and /Users/linmuyi/miniconda3/envs/llm_gs/lib/python3.9/site-packages/cv2/.dylibs/libSDL2-2.0.0.dylib (0x16e8fcbd8). This may cause spurious casting failures and mysterious crashes. One of the duplicates must be removed or renamed.
objc[79570]: Class SDLView is implemented in both /Users/linmuyi/miniconda3/envs/llm_gs/lib/python3.9/site-packages/pygame/.dylibs/libSDL2-2.0.0.dylib (0x108119688) and /Users/linmuyi/miniconda3/envs/llm_gs/lib/python3.9/site-packages/cv2/.dylibs/libSDL2-2.0.0.dylib (0x16e8fcc50). This may cause spurious casting failures and mysterious crashes. One of the duplicates must be removed or renamed.
objc[79570]: Class METAL_RenderData is implemented in both /Users/linmuyi/miniconda3/envs/llm_gs/lib/python3.9/site-packages/pygame/.dylibs/libSDL2-2.0.0.dylib (0x108119700) and /Users/linmuyi/miniconda3/envs/llm_gs/lib/python3.9/site-packages/cv2/.dylibs/libSDL2-2.0.0.dylib (0x16e8fccc8). This may cause spurious casting failures and mysterious crashes. One of the duplicates must be removed or renamed.
objc[79570]: Class METAL_TextureData is implemented in both /Users/linmuyi/miniconda3/envs/llm_gs/lib/python3.9/site-packages/pygame/.dylibs/libSDL2-2.0.0.dylib (0x108119750) and /Users/linmuyi/miniconda3/envs/llm_gs/lib/python3.9/site-packages/cv2/.dylibs/libSDL2-2.0.0.dylib (0x16e8fcd18). This may cause spurious casting failures and mysterious crashes. One of the duplicates must be removed or renamed.
objc[79570]: Class SDL_RumbleMotor is implemented in both /Users/linmuyi/miniconda3/envs/llm_gs/lib/python3.9/site-packages/pygame/.dylibs/libSDL2-2.0.0.dylib (0x108119778) and /Users/linmuyi/miniconda3/envs/llm_gs/lib/python3.9/site-packages/cv2/.dylibs/libSDL2-2.0.0.dylib (0x16e8fcd40). This may cause spurious casting failures and mysterious crashes. One of the duplicates must be removed or renamed.
objc[79570]: Class SDL_RumbleContext is implemented in both /Users/linmuyi/miniconda3/envs/llm_gs/lib/python3.9/site-packages/pygame/.dylibs/libSDL2-2.0.0.dylib (0x1081197c8) and /Users/linmuyi/miniconda3/envs/llm_gs/lib/python3.9/site-packages/cv2/.dylibs/libSDL2-2.0.0.dylib (0x16e8fcd90). This may cause spurious casting failures and mysterious crashes. One of the duplicates must be removed or renamed.
[grader] 1500000 steps, 30 checkpoints, curriculum

  steps=  50000  held=0.03  gate=0.11  bins=1/3  active= 30  (235s)
  steps= 100000  held=0.32  gate=0.60  bins=2/3  active= 60  [UNLOCK:gate]  (426s)
  steps= 150000  held=0.39  gate=0.44  bins=2/3  active= 60  (557s)
  steps= 200000  held=0.10  gate=0.14  bins=2/3  active= 60  (681s)
  steps= 250000  held=0.08  gate=0.07  bins=2/3  active= 60  (813s)
  steps= 300000  held=0.02  gate=0.03  bins=2/3  active= 60  (942s)
  steps= 350000  held=0.25  gate=0.29  bins=2/3  active= 60  (1055s)
  steps= 400000  held=0.17  gate=0.24  bins=2/3  active= 60  (1171s)
  steps= 450000  held=0.50  gate=0.57  bins=3/3  active= 90  [UNLOCK:gate]  (1265s)
  steps= 500000  held=0.55  gate=0.55  bins=3/3  active= 90  (1335s)
  steps= 550000  held=0.63  gate=0.63  bins=3/3  active= 90  (1402s)
  steps= 600000  held=0.64  gate=0.64  bins=3/3  active= 90  (1466s)
  steps= 650000  held=0.62  gate=0.62  bins=3/3  active= 90  (1532s)
  steps= 700000  held=0.65  gate=0.65  bins=3/3  active= 90  (1595s)
  steps= 750000  held=0.66  gate=0.66  bins=3/3  active= 90  (1657s)
  steps= 800000  held=0.58  gate=0.58  bins=3/3  active= 90  (1724s)
  steps= 850000  held=0.62  gate=0.62  bins=3/3  active= 90  (1787s)
  steps= 900000  held=0.62  gate=0.62  bins=3/3  active= 90  (1848s)
  steps= 950000  held=0.77  gate=0.77  bins=3/3  active= 90  (1904s)
  steps=1000000  held=0.61  gate=0.61  bins=3/3  active= 90  (1965s)
  steps=1050000  held=0.76  gate=0.76  bins=3/3  active= 90  (2020s)
  steps=1100000  held=0.77  gate=0.77  bins=3/3  active= 90  (2074s)
  steps=1150000  held=0.66  gate=0.66  bins=3/3  active= 90  (2132s)
  steps=1200000  held=0.69  gate=0.69  bins=3/3  active= 90  (2188s)
  steps=1250000  held=0.61  gate=0.61  bins=3/3  active= 90  (2248s)
  steps=1300000  held=0.58  gate=0.58  bins=3/3  active= 90  (2312s)
  steps=1350000  held=0.72  gate=0.72  bins=3/3  active= 90  (2372s)
  steps=1400000  held=0.67  gate=0.67  bins=3/3  active= 90  (2431s)
  steps=1450000  held=0.65  gate=0.65  bins=3/3  active= 90  (2492s)
  steps=1500000  held=0.61  gate=0.61  bins=3/3  active= 90  (2554s)

[grader] DONE  final held=0.61  steps_to_0.3=100,000  wall=2554s  -> grader_seed7.json
[grader] per-cell held: s19N0=0.61
