[flat] train=90 layouts  held-out=36 layouts
objc[88394]: Class SDLApplication is implemented in both /Users/linmuyi/miniconda3/envs/llm_gs/lib/python3.9/site-packages/pygame/.dylibs/libSDL2-2.0.0.dylib (0x11214d2c8) and /Users/linmuyi/miniconda3/envs/llm_gs/lib/python3.9/site-packages/cv2/.dylibs/libSDL2-2.0.0.dylib (0x30c2b8890). This may cause spurious casting failures and mysterious crashes. One of the duplicates must be removed or renamed.
objc[88394]: Class SDLAppDelegate is implemented in both /Users/linmuyi/miniconda3/envs/llm_gs/lib/python3.9/site-packages/pygame/.dylibs/libSDL2-2.0.0.dylib (0x11214d318) and /Users/linmuyi/miniconda3/envs/llm_gs/lib/python3.9/site-packages/cv2/.dylibs/libSDL2-2.0.0.dylib (0x30c2b88e0). This may cause spurious casting failures and mysterious crashes. One of the duplicates must be removed or renamed.
objc[88394]: Class SDLTranslatorResponder is implemented in both /Users/linmuyi/miniconda3/envs/llm_gs/lib/python3.9/site-packages/pygame/.dylibs/libSDL2-2.0.0.dylib (0x11214d390) and /Users/linmuyi/miniconda3/envs/llm_gs/lib/python3.9/site-packages/cv2/.dylibs/libSDL2-2.0.0.dylib (0x30c2b8958). This may cause spurious casting failures and mysterious crashes. One of the duplicates must be removed or renamed.
objc[88394]: Class SDLMessageBoxPresenter is implemented in both /Users/linmuyi/miniconda3/envs/llm_gs/lib/python3.9/site-packages/pygame/.dylibs/libSDL2-2.0.0.dylib (0x11214d3b8) and /Users/linmuyi/miniconda3/envs/llm_gs/lib/python3.9/site-packages/cv2/.dylibs/libSDL2-2.0.0.dylib (0x30c2b8980). This may cause spurious casting failures and mysterious crashes. One of the duplicates must be removed or renamed.
objc[88394]: Class SDL_cocoametalview is implemented in both /Users/linmuyi/miniconda3/envs/llm_gs/lib/python3.9/site-packages/pygame/.dylibs/libSDL2-2.0.0.dylib (0x11214d408) and /Users/linmuyi/miniconda3/envs/llm_gs/lib/python3.9/site-packages/cv2/.dylibs/libSDL2-2.0.0.dylib (0x30c2b89d0). This may cause spurious casting failures and mysterious crashes. One of the duplicates must be removed or renamed.
objc[88394]: Class SDLOpenGLContext is implemented in both /Users/linmuyi/miniconda3/envs/llm_gs/lib/python3.9/site-packages/pygame/.dylibs/libSDL2-2.0.0.dylib (0x11214d458) and /Users/linmuyi/miniconda3/envs/llm_gs/lib/python3.9/site-packages/cv2/.dylibs/libSDL2-2.0.0.dylib (0x30c2b8a20). This may cause spurious casting failures and mysterious crashes. One of the duplicates must be removed or renamed.
objc[88394]: Class SDL_ShapeData is implemented in both /Users/linmuyi/miniconda3/envs/llm_gs/lib/python3.9/site-packages/pygame/.dylibs/libSDL2-2.0.0.dylib (0x11214d4d0) and /Users/linmuyi/miniconda3/envs/llm_gs/lib/python3.9/site-packages/cv2/.dylibs/libSDL2-2.0.0.dylib (0x30c2b8a98). This may cause spurious casting failures and mysterious crashes. One of the duplicates must be removed or renamed.
objc[88394]: Class SDL_CocoaClosure is implemented in both /Users/linmuyi/miniconda3/envs/llm_gs/lib/python3.9/site-packages/pygame/.dylibs/libSDL2-2.0.0.dylib (0x11214d520) and /Users/linmuyi/miniconda3/envs/llm_gs/lib/python3.9/site-packages/cv2/.dylibs/libSDL2-2.0.0.dylib (0x30c2b8ae8). This may cause spurious casting failures and mysterious crashes. One of the duplicates must be removed or renamed.
objc[88394]: Class SDL_VideoData is implemented in both /Users/linmuyi/miniconda3/envs/llm_gs/lib/python3.9/site-packages/pygame/.dylibs/libSDL2-2.0.0.dylib (0x11214d570) and /Users/linmuyi/miniconda3/envs/llm_gs/lib/python3.9/site-packages/cv2/.dylibs/libSDL2-2.0.0.dylib (0x30c2b8b38). This may cause spurious casting failures and mysterious crashes. One of the duplicates must be removed or renamed.
objc[88394]: Class SDL_WindowData is implemented in both /Users/linmuyi/miniconda3/envs/llm_gs/lib/python3.9/site-packages/pygame/.dylibs/libSDL2-2.0.0.dylib (0x11214d5c0) and /Users/linmuyi/miniconda3/envs/llm_gs/lib/python3.9/site-packages/cv2/.dylibs/libSDL2-2.0.0.dylib (0x30c2b8b88). This may cause spurious casting failures and mysterious crashes. One of the duplicates must be removed or renamed.
objc[88394]: Class SDLWindow is implemented in both /Users/linmuyi/miniconda3/envs/llm_gs/lib/python3.9/site-packages/pygame/.dylibs/libSDL2-2.0.0.dylib (0x11214d5e8) and /Users/linmuyi/miniconda3/envs/llm_gs/lib/python3.9/site-packages/cv2/.dylibs/libSDL2-2.0.0.dylib (0x30c2b8bb0). This may cause spurious casting failures and mysterious crashes. One of the duplicates must be removed or renamed.
objc[88394]: Class Cocoa_WindowListener is implemented in both /Users/linmuyi/miniconda3/envs/llm_gs/lib/python3.9/site-packages/pygame/.dylibs/libSDL2-2.0.0.dylib (0x11214d610) and /Users/linmuyi/miniconda3/envs/llm_gs/lib/python3.9/site-packages/cv2/.dylibs/libSDL2-2.0.0.dylib (0x30c2b8bd8). This may cause spurious casting failures and mysterious crashes. One of the duplicates must be removed or renamed.
objc[88394]: Class SDLView is implemented in both /Users/linmuyi/miniconda3/envs/llm_gs/lib/python3.9/site-packages/pygame/.dylibs/libSDL2-2.0.0.dylib (0x11214d688) and /Users/linmuyi/miniconda3/envs/llm_gs/lib/python3.9/site-packages/cv2/.dylibs/libSDL2-2.0.0.dylib (0x30c2b8c50). This may cause spurious casting failures and mysterious crashes. One of the duplicates must be removed or renamed.
objc[88394]: Class METAL_RenderData is implemented in both /Users/linmuyi/miniconda3/envs/llm_gs/lib/python3.9/site-packages/pygame/.dylibs/libSDL2-2.0.0.dylib (0x11214d700) and /Users/linmuyi/miniconda3/envs/llm_gs/lib/python3.9/site-packages/cv2/.dylibs/libSDL2-2.0.0.dylib (0x30c2b8cc8). This may cause spurious casting failures and mysterious crashes. One of the duplicates must be removed or renamed.
objc[88394]: Class METAL_TextureData is implemented in both /Users/linmuyi/miniconda3/envs/llm_gs/lib/python3.9/site-packages/pygame/.dylibs/libSDL2-2.0.0.dylib (0x11214d750) and /Users/linmuyi/miniconda3/envs/llm_gs/lib/python3.9/site-packages/cv2/.dylibs/libSDL2-2.0.0.dylib (0x30c2b8d18). This may cause spurious casting failures and mysterious crashes. One of the duplicates must be removed or renamed.
objc[88394]: Class SDL_RumbleMotor is implemented in both /Users/linmuyi/miniconda3/envs/llm_gs/lib/python3.9/site-packages/pygame/.dylibs/libSDL2-2.0.0.dylib (0x11214d778) and /Users/linmuyi/miniconda3/envs/llm_gs/lib/python3.9/site-packages/cv2/.dylibs/libSDL2-2.0.0.dylib (0x30c2b8d40). This may cause spurious casting failures and mysterious crashes. One of the duplicates must be removed or renamed.
objc[88394]: Class SDL_RumbleContext is implemented in both /Users/linmuyi/miniconda3/envs/llm_gs/lib/python3.9/site-packages/pygame/.dylibs/libSDL2-2.0.0.dylib (0x11214d7c8) and /Users/linmuyi/miniconda3/envs/llm_gs/lib/python3.9/site-packages/cv2/.dylibs/libSDL2-2.0.0.dylib (0x30c2b8d90). This may cause spurious casting failures and mysterious crashes. One of the duplicates must be removed or renamed.
[flat] 1500000 steps, 30 checkpoints, flat (no curriculum)

  steps=  50000  held=0.03  gate=0.03  bins=3/3  active= 90  (92s)
  steps= 100000  held=0.09  gate=0.09  bins=3/3  active= 90  (183s)
  steps= 150000  held=0.01  gate=0.01  bins=3/3  active= 90  (280s)
  steps= 200000  held=0.12  gate=0.12  bins=3/3  active= 90  (373s)
  steps= 250000  held=0.17  gate=0.17  bins=3/3  active= 90  (465s)
  steps= 300000  held=0.35  gate=0.35  bins=3/3  active= 90  (551s)
  steps= 350000  held=0.49  gate=0.49  bins=3/3  active= 90  (626s)
  steps= 400000  held=0.64  gate=0.64  bins=3/3  active= 90  (692s)
  steps= 450000  held=0.66  gate=0.66  bins=3/3  active= 90  (755s)
  steps= 500000  held=0.66  gate=0.66  bins=3/3  active= 90  (820s)
  steps= 550000  held=0.53  gate=0.53  bins=3/3  active= 90  (887s)
  steps= 600000  held=0.51  gate=0.51  bins=3/3  active= 90  (956s)
  steps= 650000  held=0.58  gate=0.58  bins=3/3  active= 90  (1022s)
  steps= 700000  held=0.60  gate=0.60  bins=3/3  active= 90  (1088s)
  steps= 750000  held=0.53  gate=0.53  bins=3/3  active= 90  (1161s)
  steps= 800000  held=0.47  gate=0.47  bins=3/3  active= 90  (1234s)
  steps= 850000  held=0.64  gate=0.64  bins=3/3  active= 90  (1299s)
  steps= 900000  held=0.65  gate=0.65  bins=3/3  active= 90  (1362s)
  steps= 950000  held=0.63  gate=0.63  bins=3/3  active= 90  (1425s)
  steps=1000000  held=0.62  gate=0.62  bins=3/3  active= 90  (1487s)
  steps=1050000  held=0.68  gate=0.68  bins=3/3  active= 90  (1548s)
  steps=1100000  held=0.67  gate=0.67  bins=3/3  active= 90  (1608s)
  steps=1150000  held=0.58  gate=0.58  bins=3/3  active= 90  (1674s)
  steps=1200000  held=0.65  gate=0.65  bins=3/3  active= 90  (1735s)
  steps=1250000  held=0.60  gate=0.60  bins=3/3  active= 90  (1799s)
  steps=1300000  held=0.58  gate=0.58  bins=3/3  active= 90  (1861s)
  steps=1350000  held=0.60  gate=0.60  bins=3/3  active= 90  (1924s)
  steps=1400000  held=0.58  gate=0.58  bins=3/3  active= 90  (1993s)
  steps=1450000  held=0.63  gate=0.63  bins=3/3  active= 90  (2059s)
  steps=1500000  held=0.61  gate=0.61  bins=3/3  active= 90  (2126s)

[flat] DONE  final held=0.61  steps_to_0.3=300,000  wall=2126s  -> flat_seed7.json
[flat] per-cell held: s19N0=0.61
