[flat] train=90 layouts  held-out=36 layouts
objc[54955]: Class SDLApplication is implemented in both /Users/linmuyi/miniconda3/envs/llm_gs/lib/python3.9/site-packages/pygame/.dylibs/libSDL2-2.0.0.dylib (0x108b552c8) and /Users/linmuyi/miniconda3/envs/llm_gs/lib/python3.9/site-packages/cv2/.dylibs/libSDL2-2.0.0.dylib (0x16bfb0890). This may cause spurious casting failures and mysterious crashes. One of the duplicates must be removed or renamed.
objc[54955]: Class SDLAppDelegate is implemented in both /Users/linmuyi/miniconda3/envs/llm_gs/lib/python3.9/site-packages/pygame/.dylibs/libSDL2-2.0.0.dylib (0x108b55318) and /Users/linmuyi/miniconda3/envs/llm_gs/lib/python3.9/site-packages/cv2/.dylibs/libSDL2-2.0.0.dylib (0x16bfb08e0). This may cause spurious casting failures and mysterious crashes. One of the duplicates must be removed or renamed.
objc[54955]: Class SDLTranslatorResponder is implemented in both /Users/linmuyi/miniconda3/envs/llm_gs/lib/python3.9/site-packages/pygame/.dylibs/libSDL2-2.0.0.dylib (0x108b55390) and /Users/linmuyi/miniconda3/envs/llm_gs/lib/python3.9/site-packages/cv2/.dylibs/libSDL2-2.0.0.dylib (0x16bfb0958). This may cause spurious casting failures and mysterious crashes. One of the duplicates must be removed or renamed.
objc[54955]: Class SDLMessageBoxPresenter is implemented in both /Users/linmuyi/miniconda3/envs/llm_gs/lib/python3.9/site-packages/pygame/.dylibs/libSDL2-2.0.0.dylib (0x108b553b8) and /Users/linmuyi/miniconda3/envs/llm_gs/lib/python3.9/site-packages/cv2/.dylibs/libSDL2-2.0.0.dylib (0x16bfb0980). This may cause spurious casting failures and mysterious crashes. One of the duplicates must be removed or renamed.
objc[54955]: Class SDL_cocoametalview is implemented in both /Users/linmuyi/miniconda3/envs/llm_gs/lib/python3.9/site-packages/pygame/.dylibs/libSDL2-2.0.0.dylib (0x108b55408) and /Users/linmuyi/miniconda3/envs/llm_gs/lib/python3.9/site-packages/cv2/.dylibs/libSDL2-2.0.0.dylib (0x16bfb09d0). This may cause spurious casting failures and mysterious crashes. One of the duplicates must be removed or renamed.
objc[54955]: Class SDLOpenGLContext is implemented in both /Users/linmuyi/miniconda3/envs/llm_gs/lib/python3.9/site-packages/pygame/.dylibs/libSDL2-2.0.0.dylib (0x108b55458) and /Users/linmuyi/miniconda3/envs/llm_gs/lib/python3.9/site-packages/cv2/.dylibs/libSDL2-2.0.0.dylib (0x16bfb0a20). This may cause spurious casting failures and mysterious crashes. One of the duplicates must be removed or renamed.
objc[54955]: Class SDL_ShapeData is implemented in both /Users/linmuyi/miniconda3/envs/llm_gs/lib/python3.9/site-packages/pygame/.dylibs/libSDL2-2.0.0.dylib (0x108b554d0) and /Users/linmuyi/miniconda3/envs/llm_gs/lib/python3.9/site-packages/cv2/.dylibs/libSDL2-2.0.0.dylib (0x16bfb0a98). This may cause spurious casting failures and mysterious crashes. One of the duplicates must be removed or renamed.
objc[54955]: Class SDL_CocoaClosure is implemented in both /Users/linmuyi/miniconda3/envs/llm_gs/lib/python3.9/site-packages/pygame/.dylibs/libSDL2-2.0.0.dylib (0x108b55520) and /Users/linmuyi/miniconda3/envs/llm_gs/lib/python3.9/site-packages/cv2/.dylibs/libSDL2-2.0.0.dylib (0x16bfb0ae8). This may cause spurious casting failures and mysterious crashes. One of the duplicates must be removed or renamed.
objc[54955]: Class SDL_VideoData is implemented in both /Users/linmuyi/miniconda3/envs/llm_gs/lib/python3.9/site-packages/pygame/.dylibs/libSDL2-2.0.0.dylib (0x108b55570) and /Users/linmuyi/miniconda3/envs/llm_gs/lib/python3.9/site-packages/cv2/.dylibs/libSDL2-2.0.0.dylib (0x16bfb0b38). This may cause spurious casting failures and mysterious crashes. One of the duplicates must be removed or renamed.
objc[54955]: Class SDL_WindowData is implemented in both /Users/linmuyi/miniconda3/envs/llm_gs/lib/python3.9/site-packages/pygame/.dylibs/libSDL2-2.0.0.dylib (0x108b555c0) and /Users/linmuyi/miniconda3/envs/llm_gs/lib/python3.9/site-packages/cv2/.dylibs/libSDL2-2.0.0.dylib (0x16bfb0b88). This may cause spurious casting failures and mysterious crashes. One of the duplicates must be removed or renamed.
objc[54955]: Class SDLWindow is implemented in both /Users/linmuyi/miniconda3/envs/llm_gs/lib/python3.9/site-packages/pygame/.dylibs/libSDL2-2.0.0.dylib (0x108b555e8) and /Users/linmuyi/miniconda3/envs/llm_gs/lib/python3.9/site-packages/cv2/.dylibs/libSDL2-2.0.0.dylib (0x16bfb0bb0). This may cause spurious casting failures and mysterious crashes. One of the duplicates must be removed or renamed.
objc[54955]: Class Cocoa_WindowListener is implemented in both /Users/linmuyi/miniconda3/envs/llm_gs/lib/python3.9/site-packages/pygame/.dylibs/libSDL2-2.0.0.dylib (0x108b55610) and /Users/linmuyi/miniconda3/envs/llm_gs/lib/python3.9/site-packages/cv2/.dylibs/libSDL2-2.0.0.dylib (0x16bfb0bd8). This may cause spurious casting failures and mysterious crashes. One of the duplicates must be removed or renamed.
objc[54955]: Class SDLView is implemented in both /Users/linmuyi/miniconda3/envs/llm_gs/lib/python3.9/site-packages/pygame/.dylibs/libSDL2-2.0.0.dylib (0x108b55688) and /Users/linmuyi/miniconda3/envs/llm_gs/lib/python3.9/site-packages/cv2/.dylibs/libSDL2-2.0.0.dylib (0x16bfb0c50). This may cause spurious casting failures and mysterious crashes. One of the duplicates must be removed or renamed.
objc[54955]: Class METAL_RenderData is implemented in both /Users/linmuyi/miniconda3/envs/llm_gs/lib/python3.9/site-packages/pygame/.dylibs/libSDL2-2.0.0.dylib (0x108b55700) and /Users/linmuyi/miniconda3/envs/llm_gs/lib/python3.9/site-packages/cv2/.dylibs/libSDL2-2.0.0.dylib (0x16bfb0cc8). This may cause spurious casting failures and mysterious crashes. One of the duplicates must be removed or renamed.
objc[54955]: Class METAL_TextureData is implemented in both /Users/linmuyi/miniconda3/envs/llm_gs/lib/python3.9/site-packages/pygame/.dylibs/libSDL2-2.0.0.dylib (0x108b55750) and /Users/linmuyi/miniconda3/envs/llm_gs/lib/python3.9/site-packages/cv2/.dylibs/libSDL2-2.0.0.dylib (0x16bfb0d18). This may cause spurious casting failures and mysterious crashes. One of the duplicates must be removed or renamed.
objc[54955]: Class SDL_RumbleMotor is implemented in both /Users/linmuyi/miniconda3/envs/llm_gs/lib/python3.9/site-packages/pygame/.dylibs/libSDL2-2.0.0.dylib (0x108b55778) and /Users/linmuyi/miniconda3/envs/llm_gs/lib/python3.9/site-packages/cv2/.dylibs/libSDL2-2.0.0.dylib (0x16bfb0d40). This may cause spurious casting failures and mysterious crashes. One of the duplicates must be removed or renamed.
objc[54955]: Class SDL_RumbleContext is implemented in both /Users/linmuyi/miniconda3/envs/llm_gs/lib/python3.9/site-packages/pygame/.dylibs/libSDL2-2.0.0.dylib (0x108b557c8) and /Users/linmuyi/miniconda3/envs/llm_gs/lib/python3.9/site-packages/cv2/.dylibs/libSDL2-2.0.0.dylib (0x16bfb0d90). This may cause spurious casting failures and mysterious crashes. One of the duplicates must be removed or renamed.
[flat] 1500000 steps, 30 checkpoints, flat (no curriculum)

  steps=  50000  held=0.05  gate=0.05  bins=3/3  active= 90  (102s)
  steps= 100000  held=0.15  gate=0.15  bins=3/3  active= 90  (199s)
  steps= 150000  held=0.34  gate=0.34  bins=3/3  active= 90  (286s)
  steps= 200000  held=0.02  gate=0.02  bins=3/3  active= 90  (384s)
  steps= 250000  held=0.01  gate=0.01  bins=3/3  active= 90  (478s)
  steps= 300000  held=0.00  gate=0.00  bins=3/3  active= 90  (574s)
  steps= 350000  held=0.01  gate=0.01  bins=3/3  active= 90  (669s)
  steps= 400000  held=0.01  gate=0.01  bins=3/3  active= 90  (765s)
  steps= 450000  held=0.00  gate=0.00  bins=3/3  active= 90  (861s)
  steps= 500000  held=0.05  gate=0.05  bins=3/3  active= 90  (960s)
  steps= 550000  held=0.00  gate=0.00  bins=3/3  active= 90  (1062s)
  steps= 600000  held=0.01  gate=0.01  bins=3/3  active= 90  (1162s)
  steps= 650000  held=0.00  gate=0.00  bins=3/3  active= 90  (1264s)
  steps= 700000  held=0.01  gate=0.01  bins=3/3  active= 90  (1365s)
  steps= 750000  held=0.00  gate=0.00  bins=3/3  active= 90  (1460s)
  steps= 800000  held=0.01  gate=0.01  bins=3/3  active= 90  (1558s)
  steps= 850000  held=0.04  gate=0.04  bins=3/3  active= 90  (1661s)
  steps= 900000  held=0.10  gate=0.10  bins=3/3  active= 90  (1760s)
  steps= 950000  held=0.02  gate=0.02  bins=3/3  active= 90  (1860s)
  steps=1000000  held=0.05  gate=0.05  bins=3/3  active= 90  (1963s)
  steps=1050000  held=0.02  gate=0.02  bins=3/3  active= 90  (2076s)
  steps=1100000  held=0.00  gate=0.00  bins=3/3  active= 90  (2248s)
  steps=1150000  held=0.00  gate=0.00  bins=3/3  active= 90  (2420s)
  steps=1200000  held=0.08  gate=0.08  bins=3/3  active= 90  (2602s)
  steps=1250000  held=0.00  gate=0.00  bins=3/3  active= 90  (2779s)
  steps=1300000  held=0.05  gate=0.05  bins=3/3  active= 90  (2956s)
  steps=1350000  held=0.01  gate=0.01  bins=3/3  active= 90  (3130s)
  steps=1400000  held=0.00  gate=0.00  bins=3/3  active= 90  (3305s)
  steps=1450000  held=0.01  gate=0.01  bins=3/3  active= 90  (3478s)
  steps=1500000  held=0.01  gate=0.01  bins=3/3  active= 90  (3654s)

[flat] DONE  final held=0.01  steps_to_0.3=150,000  wall=3654s  -> flat_seed13.json
[flat] per-cell held: s19N0=0.01
