[grader] train=90 layouts  held-out=36 layouts
objc[65009]: Class SDLApplication is implemented in both /Users/linmuyi/miniconda3/envs/llm_gs/lib/python3.9/site-packages/pygame/.dylibs/libSDL2-2.0.0.dylib (0x1073612c8) and /Users/linmuyi/miniconda3/envs/llm_gs/lib/python3.9/site-packages/cv2/.dylibs/libSDL2-2.0.0.dylib (0x153cfc890). This may cause spurious casting failures and mysterious crashes. One of the duplicates must be removed or renamed.
objc[65009]: Class SDLAppDelegate is implemented in both /Users/linmuyi/miniconda3/envs/llm_gs/lib/python3.9/site-packages/pygame/.dylibs/libSDL2-2.0.0.dylib (0x107361318) and /Users/linmuyi/miniconda3/envs/llm_gs/lib/python3.9/site-packages/cv2/.dylibs/libSDL2-2.0.0.dylib (0x153cfc8e0). This may cause spurious casting failures and mysterious crashes. One of the duplicates must be removed or renamed.
objc[65009]: Class SDLTranslatorResponder is implemented in both /Users/linmuyi/miniconda3/envs/llm_gs/lib/python3.9/site-packages/pygame/.dylibs/libSDL2-2.0.0.dylib (0x107361390) and /Users/linmuyi/miniconda3/envs/llm_gs/lib/python3.9/site-packages/cv2/.dylibs/libSDL2-2.0.0.dylib (0x153cfc958). This may cause spurious casting failures and mysterious crashes. One of the duplicates must be removed or renamed.
objc[65009]: Class SDLMessageBoxPresenter is implemented in both /Users/linmuyi/miniconda3/envs/llm_gs/lib/python3.9/site-packages/pygame/.dylibs/libSDL2-2.0.0.dylib (0x1073613b8) and /Users/linmuyi/miniconda3/envs/llm_gs/lib/python3.9/site-packages/cv2/.dylibs/libSDL2-2.0.0.dylib (0x153cfc980). This may cause spurious casting failures and mysterious crashes. One of the duplicates must be removed or renamed.
objc[65009]: Class SDL_cocoametalview is implemented in both /Users/linmuyi/miniconda3/envs/llm_gs/lib/python3.9/site-packages/pygame/.dylibs/libSDL2-2.0.0.dylib (0x107361408) and /Users/linmuyi/miniconda3/envs/llm_gs/lib/python3.9/site-packages/cv2/.dylibs/libSDL2-2.0.0.dylib (0x153cfc9d0). This may cause spurious casting failures and mysterious crashes. One of the duplicates must be removed or renamed.
objc[65009]: Class SDLOpenGLContext is implemented in both /Users/linmuyi/miniconda3/envs/llm_gs/lib/python3.9/site-packages/pygame/.dylibs/libSDL2-2.0.0.dylib (0x107361458) and /Users/linmuyi/miniconda3/envs/llm_gs/lib/python3.9/site-packages/cv2/.dylibs/libSDL2-2.0.0.dylib (0x153cfca20). This may cause spurious casting failures and mysterious crashes. One of the duplicates must be removed or renamed.
objc[65009]: Class SDL_ShapeData is implemented in both /Users/linmuyi/miniconda3/envs/llm_gs/lib/python3.9/site-packages/pygame/.dylibs/libSDL2-2.0.0.dylib (0x1073614d0) and /Users/linmuyi/miniconda3/envs/llm_gs/lib/python3.9/site-packages/cv2/.dylibs/libSDL2-2.0.0.dylib (0x153cfca98). This may cause spurious casting failures and mysterious crashes. One of the duplicates must be removed or renamed.
objc[65009]: Class SDL_CocoaClosure is implemented in both /Users/linmuyi/miniconda3/envs/llm_gs/lib/python3.9/site-packages/pygame/.dylibs/libSDL2-2.0.0.dylib (0x107361520) and /Users/linmuyi/miniconda3/envs/llm_gs/lib/python3.9/site-packages/cv2/.dylibs/libSDL2-2.0.0.dylib (0x153cfcae8). This may cause spurious casting failures and mysterious crashes. One of the duplicates must be removed or renamed.
objc[65009]: Class SDL_VideoData is implemented in both /Users/linmuyi/miniconda3/envs/llm_gs/lib/python3.9/site-packages/pygame/.dylibs/libSDL2-2.0.0.dylib (0x107361570) and /Users/linmuyi/miniconda3/envs/llm_gs/lib/python3.9/site-packages/cv2/.dylibs/libSDL2-2.0.0.dylib (0x153cfcb38). This may cause spurious casting failures and mysterious crashes. One of the duplicates must be removed or renamed.
objc[65009]: Class SDL_WindowData is implemented in both /Users/linmuyi/miniconda3/envs/llm_gs/lib/python3.9/site-packages/pygame/.dylibs/libSDL2-2.0.0.dylib (0x1073615c0) and /Users/linmuyi/miniconda3/envs/llm_gs/lib/python3.9/site-packages/cv2/.dylibs/libSDL2-2.0.0.dylib (0x153cfcb88). This may cause spurious casting failures and mysterious crashes. One of the duplicates must be removed or renamed.
objc[65009]: Class SDLWindow is implemented in both /Users/linmuyi/miniconda3/envs/llm_gs/lib/python3.9/site-packages/pygame/.dylibs/libSDL2-2.0.0.dylib (0x1073615e8) and /Users/linmuyi/miniconda3/envs/llm_gs/lib/python3.9/site-packages/cv2/.dylibs/libSDL2-2.0.0.dylib (0x153cfcbb0). This may cause spurious casting failures and mysterious crashes. One of the duplicates must be removed or renamed.
objc[65009]: Class Cocoa_WindowListener is implemented in both /Users/linmuyi/miniconda3/envs/llm_gs/lib/python3.9/site-packages/pygame/.dylibs/libSDL2-2.0.0.dylib (0x107361610) and /Users/linmuyi/miniconda3/envs/llm_gs/lib/python3.9/site-packages/cv2/.dylibs/libSDL2-2.0.0.dylib (0x153cfcbd8). This may cause spurious casting failures and mysterious crashes. One of the duplicates must be removed or renamed.
objc[65009]: Class SDLView is implemented in both /Users/linmuyi/miniconda3/envs/llm_gs/lib/python3.9/site-packages/pygame/.dylibs/libSDL2-2.0.0.dylib (0x107361688) and /Users/linmuyi/miniconda3/envs/llm_gs/lib/python3.9/site-packages/cv2/.dylibs/libSDL2-2.0.0.dylib (0x153cfcc50). This may cause spurious casting failures and mysterious crashes. One of the duplicates must be removed or renamed.
objc[65009]: Class METAL_RenderData is implemented in both /Users/linmuyi/miniconda3/envs/llm_gs/lib/python3.9/site-packages/pygame/.dylibs/libSDL2-2.0.0.dylib (0x107361700) and /Users/linmuyi/miniconda3/envs/llm_gs/lib/python3.9/site-packages/cv2/.dylibs/libSDL2-2.0.0.dylib (0x153cfccc8). This may cause spurious casting failures and mysterious crashes. One of the duplicates must be removed or renamed.
objc[65009]: Class METAL_TextureData is implemented in both /Users/linmuyi/miniconda3/envs/llm_gs/lib/python3.9/site-packages/pygame/.dylibs/libSDL2-2.0.0.dylib (0x107361750) and /Users/linmuyi/miniconda3/envs/llm_gs/lib/python3.9/site-packages/cv2/.dylibs/libSDL2-2.0.0.dylib (0x153cfcd18). This may cause spurious casting failures and mysterious crashes. One of the duplicates must be removed or renamed.
objc[65009]: Class SDL_RumbleMotor is implemented in both /Users/linmuyi/miniconda3/envs/llm_gs/lib/python3.9/site-packages/pygame/.dylibs/libSDL2-2.0.0.dylib (0x107361778) and /Users/linmuyi/miniconda3/envs/llm_gs/lib/python3.9/site-packages/cv2/.dylibs/libSDL2-2.0.0.dylib (0x153cfcd40). This may cause spurious casting failures and mysterious crashes. One of the duplicates must be removed or renamed.
objc[65009]: Class SDL_RumbleContext is implemented in both /Users/linmuyi/miniconda3/envs/llm_gs/lib/python3.9/site-packages/pygame/.dylibs/libSDL2-2.0.0.dylib (0x1073617c8) and /Users/linmuyi/miniconda3/envs/llm_gs/lib/python3.9/site-packages/cv2/.dylibs/libSDL2-2.0.0.dylib (0x153cfcd90). This may cause spurious casting failures and mysterious crashes. One of the duplicates must be removed or renamed.
[grader] 1500000 steps, 30 checkpoints, curriculum

  steps=  50000  held=0.33  gate=0.53  bins=1/3  active= 30  (124s)
  steps= 100000  held=0.28  gate=0.44  bins=1/3  active= 30  (245s)
  steps= 150000  held=0.35  gate=0.53  bins=1/3  active= 30  (357s)
  steps= 200000  held=0.50  gate=0.78  bins=2/3  active= 60  [UNLOCK:gate]  (454s)
  steps= 250000  held=0.61  gate=0.69  bins=3/3  active= 90  [UNLOCK:gate]  (536s)
  steps= 300000  held=0.61  gate=0.61  bins=3/3  active= 90  (605s)
  steps= 350000  held=0.69  gate=0.69  bins=3/3  active= 90  (670s)
  steps= 400000  held=0.61  gate=0.61  bins=3/3  active= 90  (744s)
  steps= 450000  held=0.47  gate=0.47  bins=3/3  active= 90  (820s)
  steps= 500000  held=0.60  gate=0.60  bins=3/3  active= 90  (888s)
  steps= 550000  held=0.65  gate=0.65  bins=3/3  active= 90  (955s)
  steps= 600000  held=0.65  gate=0.65  bins=3/3  active= 90  (1023s)
  steps= 650000  held=0.28  gate=0.28  bins=3/3  active= 90  (1170s)
  steps= 700000  held=0.04  gate=0.04  bins=3/3  active= 90  (1337s)
  steps= 750000  held=0.03  gate=0.03  bins=3/3  active= 90  (1518s)
  steps= 800000  held=0.10  gate=0.10  bins=3/3  active= 90  (1694s)
  steps= 850000  held=0.19  gate=0.19  bins=3/3  active= 90  (1861s)
  steps= 900000  held=0.04  gate=0.04  bins=3/3  active= 90  (2036s)
  steps= 950000  held=0.51  gate=0.51  bins=3/3  active= 90  (2170s)
  steps=1000000  held=0.52  gate=0.52  bins=3/3  active= 90  (2296s)
  steps=1050000  held=0.49  gate=0.49  bins=3/3  active= 90  (2425s)
  steps=1100000  held=0.51  gate=0.51  bins=3/3  active= 90  (2558s)
  steps=1150000  held=0.72  gate=0.72  bins=3/3  active= 90  (2670s)
  steps=1200000  held=0.81  gate=0.81  bins=3/3  active= 90  (2782s)
  steps=1250000  held=0.57  gate=0.57  bins=3/3  active= 90  (2910s)
  steps=1300000  held=0.74  gate=0.74  bins=3/3  active= 90  (3019s)
  steps=1350000  held=0.73  gate=0.73  bins=3/3  active= 90  (3155s)
  steps=1400000  held=0.69  gate=0.69  bins=3/3  active= 90  (3302s)
  steps=1450000  held=0.67  gate=0.67  bins=3/3  active= 90  (3431s)
  steps=1500000  held=0.72  gate=0.72  bins=3/3  active= 90  (3558s)

[grader] DONE  final held=0.72  steps_to_0.3=50,000  wall=3558s  -> grader_seed15.json
[grader] per-cell held: s19N0=0.72
