[flat] train=90 layouts  held-out=36 layouts
objc[45870]: Class SDLApplication is implemented in both /Users/linmuyi/miniconda3/envs/llm_gs/lib/python3.9/site-packages/pygame/.dylibs/libSDL2-2.0.0.dylib (0x10877d2c8) and /Users/linmuyi/miniconda3/envs/llm_gs/lib/python3.9/site-packages/cv2/.dylibs/libSDL2-2.0.0.dylib (0x13f844890). This may cause spurious casting failures and mysterious crashes. One of the duplicates must be removed or renamed.
objc[45870]: Class SDLAppDelegate is implemented in both /Users/linmuyi/miniconda3/envs/llm_gs/lib/python3.9/site-packages/pygame/.dylibs/libSDL2-2.0.0.dylib (0x10877d318) and /Users/linmuyi/miniconda3/envs/llm_gs/lib/python3.9/site-packages/cv2/.dylibs/libSDL2-2.0.0.dylib (0x13f8448e0). This may cause spurious casting failures and mysterious crashes. One of the duplicates must be removed or renamed.
objc[45870]: Class SDLTranslatorResponder is implemented in both /Users/linmuyi/miniconda3/envs/llm_gs/lib/python3.9/site-packages/pygame/.dylibs/libSDL2-2.0.0.dylib (0x10877d390) and /Users/linmuyi/miniconda3/envs/llm_gs/lib/python3.9/site-packages/cv2/.dylibs/libSDL2-2.0.0.dylib (0x13f844958). This may cause spurious casting failures and mysterious crashes. One of the duplicates must be removed or renamed.
objc[45870]: Class SDLMessageBoxPresenter is implemented in both /Users/linmuyi/miniconda3/envs/llm_gs/lib/python3.9/site-packages/pygame/.dylibs/libSDL2-2.0.0.dylib (0x10877d3b8) and /Users/linmuyi/miniconda3/envs/llm_gs/lib/python3.9/site-packages/cv2/.dylibs/libSDL2-2.0.0.dylib (0x13f844980). This may cause spurious casting failures and mysterious crashes. One of the duplicates must be removed or renamed.
objc[45870]: Class SDL_cocoametalview is implemented in both /Users/linmuyi/miniconda3/envs/llm_gs/lib/python3.9/site-packages/pygame/.dylibs/libSDL2-2.0.0.dylib (0x10877d408) and /Users/linmuyi/miniconda3/envs/llm_gs/lib/python3.9/site-packages/cv2/.dylibs/libSDL2-2.0.0.dylib (0x13f8449d0). This may cause spurious casting failures and mysterious crashes. One of the duplicates must be removed or renamed.
objc[45870]: Class SDLOpenGLContext is implemented in both /Users/linmuyi/miniconda3/envs/llm_gs/lib/python3.9/site-packages/pygame/.dylibs/libSDL2-2.0.0.dylib (0x10877d458) and /Users/linmuyi/miniconda3/envs/llm_gs/lib/python3.9/site-packages/cv2/.dylibs/libSDL2-2.0.0.dylib (0x13f844a20). This may cause spurious casting failures and mysterious crashes. One of the duplicates must be removed or renamed.
objc[45870]: Class SDL_ShapeData is implemented in both /Users/linmuyi/miniconda3/envs/llm_gs/lib/python3.9/site-packages/pygame/.dylibs/libSDL2-2.0.0.dylib (0x10877d4d0) and /Users/linmuyi/miniconda3/envs/llm_gs/lib/python3.9/site-packages/cv2/.dylibs/libSDL2-2.0.0.dylib (0x13f844a98). This may cause spurious casting failures and mysterious crashes. One of the duplicates must be removed or renamed.
objc[45870]: Class SDL_CocoaClosure is implemented in both /Users/linmuyi/miniconda3/envs/llm_gs/lib/python3.9/site-packages/pygame/.dylibs/libSDL2-2.0.0.dylib (0x10877d520) and /Users/linmuyi/miniconda3/envs/llm_gs/lib/python3.9/site-packages/cv2/.dylibs/libSDL2-2.0.0.dylib (0x13f844ae8). This may cause spurious casting failures and mysterious crashes. One of the duplicates must be removed or renamed.
objc[45870]: Class SDL_VideoData is implemented in both /Users/linmuyi/miniconda3/envs/llm_gs/lib/python3.9/site-packages/pygame/.dylibs/libSDL2-2.0.0.dylib (0x10877d570) and /Users/linmuyi/miniconda3/envs/llm_gs/lib/python3.9/site-packages/cv2/.dylibs/libSDL2-2.0.0.dylib (0x13f844b38). This may cause spurious casting failures and mysterious crashes. One of the duplicates must be removed or renamed.
objc[45870]: Class SDL_WindowData is implemented in both /Users/linmuyi/miniconda3/envs/llm_gs/lib/python3.9/site-packages/pygame/.dylibs/libSDL2-2.0.0.dylib (0x10877d5c0) and /Users/linmuyi/miniconda3/envs/llm_gs/lib/python3.9/site-packages/cv2/.dylibs/libSDL2-2.0.0.dylib (0x13f844b88). This may cause spurious casting failures and mysterious crashes. One of the duplicates must be removed or renamed.
objc[45870]: Class SDLWindow is implemented in both /Users/linmuyi/miniconda3/envs/llm_gs/lib/python3.9/site-packages/pygame/.dylibs/libSDL2-2.0.0.dylib (0x10877d5e8) and /Users/linmuyi/miniconda3/envs/llm_gs/lib/python3.9/site-packages/cv2/.dylibs/libSDL2-2.0.0.dylib (0x13f844bb0). This may cause spurious casting failures and mysterious crashes. One of the duplicates must be removed or renamed.
objc[45870]: Class Cocoa_WindowListener is implemented in both /Users/linmuyi/miniconda3/envs/llm_gs/lib/python3.9/site-packages/pygame/.dylibs/libSDL2-2.0.0.dylib (0x10877d610) and /Users/linmuyi/miniconda3/envs/llm_gs/lib/python3.9/site-packages/cv2/.dylibs/libSDL2-2.0.0.dylib (0x13f844bd8). This may cause spurious casting failures and mysterious crashes. One of the duplicates must be removed or renamed.
objc[45870]: Class SDLView is implemented in both /Users/linmuyi/miniconda3/envs/llm_gs/lib/python3.9/site-packages/pygame/.dylibs/libSDL2-2.0.0.dylib (0x10877d688) and /Users/linmuyi/miniconda3/envs/llm_gs/lib/python3.9/site-packages/cv2/.dylibs/libSDL2-2.0.0.dylib (0x13f844c50). This may cause spurious casting failures and mysterious crashes. One of the duplicates must be removed or renamed.
objc[45870]: Class METAL_RenderData is implemented in both /Users/linmuyi/miniconda3/envs/llm_gs/lib/python3.9/site-packages/pygame/.dylibs/libSDL2-2.0.0.dylib (0x10877d700) and /Users/linmuyi/miniconda3/envs/llm_gs/lib/python3.9/site-packages/cv2/.dylibs/libSDL2-2.0.0.dylib (0x13f844cc8). This may cause spurious casting failures and mysterious crashes. One of the duplicates must be removed or renamed.
objc[45870]: Class METAL_TextureData is implemented in both /Users/linmuyi/miniconda3/envs/llm_gs/lib/python3.9/site-packages/pygame/.dylibs/libSDL2-2.0.0.dylib (0x10877d750) and /Users/linmuyi/miniconda3/envs/llm_gs/lib/python3.9/site-packages/cv2/.dylibs/libSDL2-2.0.0.dylib (0x13f844d18). This may cause spurious casting failures and mysterious crashes. One of the duplicates must be removed or renamed.
objc[45870]: Class SDL_RumbleMotor is implemented in both /Users/linmuyi/miniconda3/envs/llm_gs/lib/python3.9/site-packages/pygame/.dylibs/libSDL2-2.0.0.dylib (0x10877d778) and /Users/linmuyi/miniconda3/envs/llm_gs/lib/python3.9/site-packages/cv2/.dylibs/libSDL2-2.0.0.dylib (0x13f844d40). This may cause spurious casting failures and mysterious crashes. One of the duplicates must be removed or renamed.
objc[45870]: Class SDL_RumbleContext is implemented in both /Users/linmuyi/miniconda3/envs/llm_gs/lib/python3.9/site-packages/pygame/.dylibs/libSDL2-2.0.0.dylib (0x10877d7c8) and /Users/linmuyi/miniconda3/envs/llm_gs/lib/python3.9/site-packages/cv2/.dylibs/libSDL2-2.0.0.dylib (0x13f844d90). This may cause spurious casting failures and mysterious crashes. One of the duplicates must be removed or renamed.
[flat] 1500000 steps, 30 checkpoints, flat (no curriculum)

  steps=  50000  held=0.28  gate=0.28  bins=3/3  active= 90  (88s)
  steps= 100000  held=0.04  gate=0.04  bins=3/3  active= 90  (171s)
  steps= 150000  held=0.18  gate=0.18  bins=3/3  active= 90  (250s)
  steps= 200000  held=0.23  gate=0.23  bins=3/3  active= 90  (328s)
  steps= 250000  held=0.07  gate=0.07  bins=3/3  active= 90  (411s)
  steps= 300000  held=0.01  gate=0.01  bins=3/3  active= 90  (494s)
  steps= 350000  held=0.14  gate=0.14  bins=3/3  active= 90  (575s)
  steps= 400000  held=0.17  gate=0.17  bins=3/3  active= 90  (655s)
  steps= 450000  held=0.39  gate=0.39  bins=3/3  active= 90  (728s)
  steps= 500000  held=0.44  gate=0.44  bins=3/3  active= 90  (794s)
  steps= 550000  held=0.57  gate=0.57  bins=3/3  active= 90  (852s)
  steps= 600000  held=0.65  gate=0.65  bins=3/3  active= 90  (907s)
  steps= 650000  held=0.66  gate=0.66  bins=3/3  active= 90  (961s)
  steps= 700000  held=0.59  gate=0.59  bins=3/3  active= 90  (1015s)
  steps= 750000  held=0.56  gate=0.56  bins=3/3  active= 90  (1070s)
  steps= 800000  held=0.57  gate=0.57  bins=3/3  active= 90  (1128s)
  steps= 850000  held=0.61  gate=0.61  bins=3/3  active= 90  (1183s)
  steps= 900000  held=0.53  gate=0.53  bins=3/3  active= 90  (1244s)
  steps= 950000  held=0.34  gate=0.34  bins=3/3  active= 90  (1314s)
  steps=1000000  held=0.29  gate=0.29  bins=3/3  active= 90  (1387s)
  steps=1050000  held=0.27  gate=0.27  bins=3/3  active= 90  (1460s)
  steps=1100000  held=0.08  gate=0.08  bins=3/3  active= 90  (1535s)
  steps=1150000  held=0.19  gate=0.19  bins=3/3  active= 90  (1606s)
  steps=1200000  held=0.03  gate=0.03  bins=3/3  active= 90  (1680s)
  steps=1250000  held=0.03  gate=0.03  bins=3/3  active= 90  (1752s)
  steps=1300000  held=0.00  gate=0.00  bins=3/3  active= 90  (1823s)
  steps=1350000  held=0.03  gate=0.03  bins=3/3  active= 90  (1894s)
  steps=1400000  held=0.05  gate=0.05  bins=3/3  active= 90  (1965s)
  steps=1450000  held=0.19  gate=0.19  bins=3/3  active= 90  (2032s)
  steps=1500000  held=0.01  gate=0.01  bins=3/3  active= 90  (2103s)

[flat] DONE  final held=0.01  steps_to_0.3=450,000  wall=2103s  -> flat_seed19.json
[flat] per-cell held: s19N0=0.01
