[wall_count] train=90 layouts  held-out=36 layouts
objc[36964]: Class SDLApplication is implemented in both /Users/linmuyi/miniconda3/envs/llm_gs/lib/python3.9/site-packages/pygame/.dylibs/libSDL2-2.0.0.dylib (0x10b4d92c8) and /Users/linmuyi/miniconda3/envs/llm_gs/lib/python3.9/site-packages/cv2/.dylibs/libSDL2-2.0.0.dylib (0x16f364890). This may cause spurious casting failures and mysterious crashes. One of the duplicates must be removed or renamed.
objc[36964]: Class SDLAppDelegate is implemented in both /Users/linmuyi/miniconda3/envs/llm_gs/lib/python3.9/site-packages/pygame/.dylibs/libSDL2-2.0.0.dylib (0x10b4d9318) and /Users/linmuyi/miniconda3/envs/llm_gs/lib/python3.9/site-packages/cv2/.dylibs/libSDL2-2.0.0.dylib (0x16f3648e0). This may cause spurious casting failures and mysterious crashes. One of the duplicates must be removed or renamed.
objc[36964]: Class SDLTranslatorResponder is implemented in both /Users/linmuyi/miniconda3/envs/llm_gs/lib/python3.9/site-packages/pygame/.dylibs/libSDL2-2.0.0.dylib (0x10b4d9390) and /Users/linmuyi/miniconda3/envs/llm_gs/lib/python3.9/site-packages/cv2/.dylibs/libSDL2-2.0.0.dylib (0x16f364958). This may cause spurious casting failures and mysterious crashes. One of the duplicates must be removed or renamed.
objc[36964]: Class SDLMessageBoxPresenter is implemented in both /Users/linmuyi/miniconda3/envs/llm_gs/lib/python3.9/site-packages/pygame/.dylibs/libSDL2-2.0.0.dylib (0x10b4d93b8) and /Users/linmuyi/miniconda3/envs/llm_gs/lib/python3.9/site-packages/cv2/.dylibs/libSDL2-2.0.0.dylib (0x16f364980). This may cause spurious casting failures and mysterious crashes. One of the duplicates must be removed or renamed.
objc[36964]: Class SDL_cocoametalview is implemented in both /Users/linmuyi/miniconda3/envs/llm_gs/lib/python3.9/site-packages/pygame/.dylibs/libSDL2-2.0.0.dylib (0x10b4d9408) and /Users/linmuyi/miniconda3/envs/llm_gs/lib/python3.9/site-packages/cv2/.dylibs/libSDL2-2.0.0.dylib (0x16f3649d0). This may cause spurious casting failures and mysterious crashes. One of the duplicates must be removed or renamed.
objc[36964]: Class SDLOpenGLContext is implemented in both /Users/linmuyi/miniconda3/envs/llm_gs/lib/python3.9/site-packages/pygame/.dylibs/libSDL2-2.0.0.dylib (0x10b4d9458) and /Users/linmuyi/miniconda3/envs/llm_gs/lib/python3.9/site-packages/cv2/.dylibs/libSDL2-2.0.0.dylib (0x16f364a20). This may cause spurious casting failures and mysterious crashes. One of the duplicates must be removed or renamed.
objc[36964]: Class SDL_ShapeData is implemented in both /Users/linmuyi/miniconda3/envs/llm_gs/lib/python3.9/site-packages/pygame/.dylibs/libSDL2-2.0.0.dylib (0x10b4d94d0) and /Users/linmuyi/miniconda3/envs/llm_gs/lib/python3.9/site-packages/cv2/.dylibs/libSDL2-2.0.0.dylib (0x16f364a98). This may cause spurious casting failures and mysterious crashes. One of the duplicates must be removed or renamed.
objc[36964]: Class SDL_CocoaClosure is implemented in both /Users/linmuyi/miniconda3/envs/llm_gs/lib/python3.9/site-packages/pygame/.dylibs/libSDL2-2.0.0.dylib (0x10b4d9520) and /Users/linmuyi/miniconda3/envs/llm_gs/lib/python3.9/site-packages/cv2/.dylibs/libSDL2-2.0.0.dylib (0x16f364ae8). This may cause spurious casting failures and mysterious crashes. One of the duplicates must be removed or renamed.
objc[36964]: Class SDL_VideoData is implemented in both /Users/linmuyi/miniconda3/envs/llm_gs/lib/python3.9/site-packages/pygame/.dylibs/libSDL2-2.0.0.dylib (0x10b4d9570) and /Users/linmuyi/miniconda3/envs/llm_gs/lib/python3.9/site-packages/cv2/.dylibs/libSDL2-2.0.0.dylib (0x16f364b38). This may cause spurious casting failures and mysterious crashes. One of the duplicates must be removed or renamed.
objc[36964]: Class SDL_WindowData is implemented in both /Users/linmuyi/miniconda3/envs/llm_gs/lib/python3.9/site-packages/pygame/.dylibs/libSDL2-2.0.0.dylib (0x10b4d95c0) and /Users/linmuyi/miniconda3/envs/llm_gs/lib/python3.9/site-packages/cv2/.dylibs/libSDL2-2.0.0.dylib (0x16f364b88). This may cause spurious casting failures and mysterious crashes. One of the duplicates must be removed or renamed.
objc[36964]: Class SDLWindow is implemented in both /Users/linmuyi/miniconda3/envs/llm_gs/lib/python3.9/site-packages/pygame/.dylibs/libSDL2-2.0.0.dylib (0x10b4d95e8) and /Users/linmuyi/miniconda3/envs/llm_gs/lib/python3.9/site-packages/cv2/.dylibs/libSDL2-2.0.0.dylib (0x16f364bb0). This may cause spurious casting failures and mysterious crashes. One of the duplicates must be removed or renamed.
objc[36964]: Class Cocoa_WindowListener is implemented in both /Users/linmuyi/miniconda3/envs/llm_gs/lib/python3.9/site-packages/pygame/.dylibs/libSDL2-2.0.0.dylib (0x10b4d9610) and /Users/linmuyi/miniconda3/envs/llm_gs/lib/python3.9/site-packages/cv2/.dylibs/libSDL2-2.0.0.dylib (0x16f364bd8). This may cause spurious casting failures and mysterious crashes. One of the duplicates must be removed or renamed.
objc[36964]: Class SDLView is implemented in both /Users/linmuyi/miniconda3/envs/llm_gs/lib/python3.9/site-packages/pygame/.dylibs/libSDL2-2.0.0.dylib (0x10b4d9688) and /Users/linmuyi/miniconda3/envs/llm_gs/lib/python3.9/site-packages/cv2/.dylibs/libSDL2-2.0.0.dylib (0x16f364c50). This may cause spurious casting failures and mysterious crashes. One of the duplicates must be removed or renamed.
objc[36964]: Class METAL_RenderData is implemented in both /Users/linmuyi/miniconda3/envs/llm_gs/lib/python3.9/site-packages/pygame/.dylibs/libSDL2-2.0.0.dylib (0x10b4d9700) and /Users/linmuyi/miniconda3/envs/llm_gs/lib/python3.9/site-packages/cv2/.dylibs/libSDL2-2.0.0.dylib (0x16f364cc8). This may cause spurious casting failures and mysterious crashes. One of the duplicates must be removed or renamed.
objc[36964]: Class METAL_TextureData is implemented in both /Users/linmuyi/miniconda3/envs/llm_gs/lib/python3.9/site-packages/pygame/.dylibs/libSDL2-2.0.0.dylib (0x10b4d9750) and /Users/linmuyi/miniconda3/envs/llm_gs/lib/python3.9/site-packages/cv2/.dylibs/libSDL2-2.0.0.dylib (0x16f364d18). This may cause spurious casting failures and mysterious crashes. One of the duplicates must be removed or renamed.
objc[36964]: Class SDL_RumbleMotor is implemented in both /Users/linmuyi/miniconda3/envs/llm_gs/lib/python3.9/site-packages/pygame/.dylibs/libSDL2-2.0.0.dylib (0x10b4d9778) and /Users/linmuyi/miniconda3/envs/llm_gs/lib/python3.9/site-packages/cv2/.dylibs/libSDL2-2.0.0.dylib (0x16f364d40). This may cause spurious casting failures and mysterious crashes. One of the duplicates must be removed or renamed.
objc[36964]: Class SDL_RumbleContext is implemented in both /Users/linmuyi/miniconda3/envs/llm_gs/lib/python3.9/site-packages/pygame/.dylibs/libSDL2-2.0.0.dylib (0x10b4d97c8) and /Users/linmuyi/miniconda3/envs/llm_gs/lib/python3.9/site-packages/cv2/.dylibs/libSDL2-2.0.0.dylib (0x16f364d90). This may cause spurious casting failures and mysterious crashes. One of the duplicates must be removed or renamed.
[wall_count] 1500000 steps, 30 checkpoints, curriculum

  steps=  50000  held=0.42  gate=0.69  bins=2/3  active= 60  [UNLOCK:gate]  (131s)
  steps= 100000  held=0.69  gate=0.89  bins=3/3  active= 90  [UNLOCK:gate]  (219s)
  steps= 150000  held=0.66  gate=0.66  bins=3/3  active= 90  (291s)
  steps= 200000  held=0.57  gate=0.57  bins=3/3  active= 90  (370s)
  steps= 250000  held=0.57  gate=0.57  bins=3/3  active= 90  (448s)
  steps= 300000  held=0.56  gate=0.56  bins=3/3  active= 90  (529s)
  steps= 350000  held=0.58  gate=0.58  bins=3/3  active= 90  (609s)
  steps= 400000  held=0.43  gate=0.43  bins=3/3  active= 90  (695s)
  steps= 450000  held=0.56  gate=0.56  bins=3/3  active= 90  (772s)
  steps= 500000  held=0.57  gate=0.57  bins=3/3  active= 90  (848s)
  steps= 550000  held=0.46  gate=0.46  bins=3/3  active= 90  (929s)
  steps= 600000  held=0.41  gate=0.41  bins=3/3  active= 90  (1018s)
  steps= 650000  held=0.56  gate=0.56  bins=3/3  active= 90  (1097s)
  steps= 700000  held=0.42  gate=0.42  bins=3/3  active= 90  (1179s)
  steps= 750000  held=0.51  gate=0.51  bins=3/3  active= 90  (1251s)
  steps= 800000  held=0.58  gate=0.58  bins=3/3  active= 90  (1317s)
  steps= 850000  held=0.60  gate=0.60  bins=3/3  active= 90  (1380s)
  steps= 900000  held=0.67  gate=0.67  bins=3/3  active= 90  (1440s)
  steps= 950000  held=0.67  gate=0.67  bins=3/3  active= 90  (1499s)
  steps=1000000  held=0.62  gate=0.62  bins=3/3  active= 90  (1560s)
  steps=1050000  held=0.67  gate=0.67  bins=3/3  active= 90  (1619s)
  steps=1100000  held=0.65  gate=0.65  bins=3/3  active= 90  (1681s)
  steps=1150000  held=0.77  gate=0.77  bins=3/3  active= 90  (1738s)
  steps=1200000  held=0.69  gate=0.69  bins=3/3  active= 90  (1798s)
  steps=1250000  held=0.64  gate=0.64  bins=3/3  active= 90  (1861s)
  steps=1300000  held=0.59  gate=0.59  bins=3/3  active= 90  (1927s)
  steps=1350000  held=0.69  gate=0.69  bins=3/3  active= 90  (1986s)
  steps=1400000  held=0.76  gate=0.76  bins=3/3  active= 90  (2045s)
  steps=1450000  held=0.58  gate=0.58  bins=3/3  active= 90  (2110s)
  steps=1500000  held=0.69  gate=0.69  bins=3/3  active= 90  (2171s)

[wall_count] DONE  final held=0.69  steps_to_0.3=50,000  wall=2171s  -> wall_count_seed12.json
[wall_count] per-cell held: s19N0=0.69
