[random_curriculum] train=90 layouts  held-out=36 layouts
objc[10447]: Class SDLApplication is implemented in both /Users/linmuyi/miniconda3/envs/llm_gs/lib/python3.9/site-packages/pygame/.dylibs/libSDL2-2.0.0.dylib (0x11a14d2c8) and /Users/linmuyi/miniconda3/envs/llm_gs/lib/python3.9/site-packages/cv2/.dylibs/libSDL2-2.0.0.dylib (0x313338890). This may cause spurious casting failures and mysterious crashes. One of the duplicates must be removed or renamed.
objc[10447]: Class SDLAppDelegate is implemented in both /Users/linmuyi/miniconda3/envs/llm_gs/lib/python3.9/site-packages/pygame/.dylibs/libSDL2-2.0.0.dylib (0x11a14d318) and /Users/linmuyi/miniconda3/envs/llm_gs/lib/python3.9/site-packages/cv2/.dylibs/libSDL2-2.0.0.dylib (0x3133388e0). This may cause spurious casting failures and mysterious crashes. One of the duplicates must be removed or renamed.
objc[10447]: Class SDLTranslatorResponder is implemented in both /Users/linmuyi/miniconda3/envs/llm_gs/lib/python3.9/site-packages/pygame/.dylibs/libSDL2-2.0.0.dylib (0x11a14d390) and /Users/linmuyi/miniconda3/envs/llm_gs/lib/python3.9/site-packages/cv2/.dylibs/libSDL2-2.0.0.dylib (0x313338958). This may cause spurious casting failures and mysterious crashes. One of the duplicates must be removed or renamed.
objc[10447]: Class SDLMessageBoxPresenter is implemented in both /Users/linmuyi/miniconda3/envs/llm_gs/lib/python3.9/site-packages/pygame/.dylibs/libSDL2-2.0.0.dylib (0x11a14d3b8) and /Users/linmuyi/miniconda3/envs/llm_gs/lib/python3.9/site-packages/cv2/.dylibs/libSDL2-2.0.0.dylib (0x313338980). This may cause spurious casting failures and mysterious crashes. One of the duplicates must be removed or renamed.
objc[10447]: Class SDL_cocoametalview is implemented in both /Users/linmuyi/miniconda3/envs/llm_gs/lib/python3.9/site-packages/pygame/.dylibs/libSDL2-2.0.0.dylib (0x11a14d408) and /Users/linmuyi/miniconda3/envs/llm_gs/lib/python3.9/site-packages/cv2/.dylibs/libSDL2-2.0.0.dylib (0x3133389d0). This may cause spurious casting failures and mysterious crashes. One of the duplicates must be removed or renamed.
objc[10447]: Class SDLOpenGLContext is implemented in both /Users/linmuyi/miniconda3/envs/llm_gs/lib/python3.9/site-packages/pygame/.dylibs/libSDL2-2.0.0.dylib (0x11a14d458) and /Users/linmuyi/miniconda3/envs/llm_gs/lib/python3.9/site-packages/cv2/.dylibs/libSDL2-2.0.0.dylib (0x313338a20). This may cause spurious casting failures and mysterious crashes. One of the duplicates must be removed or renamed.
objc[10447]: Class SDL_ShapeData is implemented in both /Users/linmuyi/miniconda3/envs/llm_gs/lib/python3.9/site-packages/pygame/.dylibs/libSDL2-2.0.0.dylib (0x11a14d4d0) and /Users/linmuyi/miniconda3/envs/llm_gs/lib/python3.9/site-packages/cv2/.dylibs/libSDL2-2.0.0.dylib (0x313338a98). This may cause spurious casting failures and mysterious crashes. One of the duplicates must be removed or renamed.
objc[10447]: Class SDL_CocoaClosure is implemented in both /Users/linmuyi/miniconda3/envs/llm_gs/lib/python3.9/site-packages/pygame/.dylibs/libSDL2-2.0.0.dylib (0x11a14d520) and /Users/linmuyi/miniconda3/envs/llm_gs/lib/python3.9/site-packages/cv2/.dylibs/libSDL2-2.0.0.dylib (0x313338ae8). This may cause spurious casting failures and mysterious crashes. One of the duplicates must be removed or renamed.
objc[10447]: Class SDL_VideoData is implemented in both /Users/linmuyi/miniconda3/envs/llm_gs/lib/python3.9/site-packages/pygame/.dylibs/libSDL2-2.0.0.dylib (0x11a14d570) and /Users/linmuyi/miniconda3/envs/llm_gs/lib/python3.9/site-packages/cv2/.dylibs/libSDL2-2.0.0.dylib (0x313338b38). This may cause spurious casting failures and mysterious crashes. One of the duplicates must be removed or renamed.
objc[10447]: Class SDL_WindowData is implemented in both /Users/linmuyi/miniconda3/envs/llm_gs/lib/python3.9/site-packages/pygame/.dylibs/libSDL2-2.0.0.dylib (0x11a14d5c0) and /Users/linmuyi/miniconda3/envs/llm_gs/lib/python3.9/site-packages/cv2/.dylibs/libSDL2-2.0.0.dylib (0x313338b88). This may cause spurious casting failures and mysterious crashes. One of the duplicates must be removed or renamed.
objc[10447]: Class SDLWindow is implemented in both /Users/linmuyi/miniconda3/envs/llm_gs/lib/python3.9/site-packages/pygame/.dylibs/libSDL2-2.0.0.dylib (0x11a14d5e8) and /Users/linmuyi/miniconda3/envs/llm_gs/lib/python3.9/site-packages/cv2/.dylibs/libSDL2-2.0.0.dylib (0x313338bb0). This may cause spurious casting failures and mysterious crashes. One of the duplicates must be removed or renamed.
objc[10447]: Class Cocoa_WindowListener is implemented in both /Users/linmuyi/miniconda3/envs/llm_gs/lib/python3.9/site-packages/pygame/.dylibs/libSDL2-2.0.0.dylib (0x11a14d610) and /Users/linmuyi/miniconda3/envs/llm_gs/lib/python3.9/site-packages/cv2/.dylibs/libSDL2-2.0.0.dylib (0x313338bd8). This may cause spurious casting failures and mysterious crashes. One of the duplicates must be removed or renamed.
objc[10447]: Class SDLView is implemented in both /Users/linmuyi/miniconda3/envs/llm_gs/lib/python3.9/site-packages/pygame/.dylibs/libSDL2-2.0.0.dylib (0x11a14d688) and /Users/linmuyi/miniconda3/envs/llm_gs/lib/python3.9/site-packages/cv2/.dylibs/libSDL2-2.0.0.dylib (0x313338c50). This may cause spurious casting failures and mysterious crashes. One of the duplicates must be removed or renamed.
objc[10447]: Class METAL_RenderData is implemented in both /Users/linmuyi/miniconda3/envs/llm_gs/lib/python3.9/site-packages/pygame/.dylibs/libSDL2-2.0.0.dylib (0x11a14d700) and /Users/linmuyi/miniconda3/envs/llm_gs/lib/python3.9/site-packages/cv2/.dylibs/libSDL2-2.0.0.dylib (0x313338cc8). This may cause spurious casting failures and mysterious crashes. One of the duplicates must be removed or renamed.
objc[10447]: Class METAL_TextureData is implemented in both /Users/linmuyi/miniconda3/envs/llm_gs/lib/python3.9/site-packages/pygame/.dylibs/libSDL2-2.0.0.dylib (0x11a14d750) and /Users/linmuyi/miniconda3/envs/llm_gs/lib/python3.9/site-packages/cv2/.dylibs/libSDL2-2.0.0.dylib (0x313338d18). This may cause spurious casting failures and mysterious crashes. One of the duplicates must be removed or renamed.
objc[10447]: Class SDL_RumbleMotor is implemented in both /Users/linmuyi/miniconda3/envs/llm_gs/lib/python3.9/site-packages/pygame/.dylibs/libSDL2-2.0.0.dylib (0x11a14d778) and /Users/linmuyi/miniconda3/envs/llm_gs/lib/python3.9/site-packages/cv2/.dylibs/libSDL2-2.0.0.dylib (0x313338d40). This may cause spurious casting failures and mysterious crashes. One of the duplicates must be removed or renamed.
objc[10447]: Class SDL_RumbleContext is implemented in both /Users/linmuyi/miniconda3/envs/llm_gs/lib/python3.9/site-packages/pygame/.dylibs/libSDL2-2.0.0.dylib (0x11a14d7c8) and /Users/linmuyi/miniconda3/envs/llm_gs/lib/python3.9/site-packages/cv2/.dylibs/libSDL2-2.0.0.dylib (0x313338d90). This may cause spurious casting failures and mysterious crashes. One of the duplicates must be removed or renamed.
[random_curriculum] 1500000 steps, 30 checkpoints, curriculum

  steps=  50000  held=0.03  gate=0.01  bins=1/3  active= 30  (229s)
  steps= 100000  held=0.01  gate=0.01  bins=1/3  active= 30  (412s)
  steps= 150000  held=0.00  gate=0.00  bins=1/3  active= 30  (580s)
  steps= 200000  held=0.00  gate=0.00  bins=1/3  active= 30  (732s)
  steps= 250000  held=0.00  gate=0.00  bins=1/3  active= 30  (873s)
  steps= 300000  held=0.00  gate=0.00  bins=1/3  active= 30  (1008s)
  steps= 350000  held=0.02  gate=0.03  bins=1/3  active= 30  (1137s)
  steps= 400000  held=0.06  gate=0.11  bins=2/3  active= 60  [UNLOCK:deadline]  (1261s)
  steps= 450000  held=0.28  gate=0.28  bins=2/3  active= 60  (1368s)
  steps= 500000  held=0.39  gate=0.26  bins=2/3  active= 60  (1470s)
  steps= 550000  held=0.24  gate=0.17  bins=2/3  active= 60  (1591s)
  steps= 600000  held=0.30  gate=0.25  bins=2/3  active= 60  (1707s)
  steps= 650000  held=0.31  gate=0.21  bins=2/3  active= 60  (1828s)
  steps= 700000  held=0.07  gate=0.03  bins=2/3  active= 60  (1959s)
  steps= 750000  held=0.01  gate=0.03  bins=2/3  active= 60  (2094s)
  steps= 800000  held=0.03  gate=0.01  bins=3/3  active= 90  [UNLOCK:deadline]  (2230s)
  steps= 850000  held=0.00  gate=0.00  bins=3/3  active= 90  (2329s)
  steps= 900000  held=0.01  gate=0.01  bins=3/3  active= 90  (2433s)
  steps= 950000  held=0.04  gate=0.04  bins=3/3  active= 90  (2527s)
  steps=1000000  held=0.00  gate=0.00  bins=3/3  active= 90  (2622s)
  steps=1050000  held=0.00  gate=0.00  bins=3/3  active= 90  (2717s)
  steps=1100000  held=0.00  gate=0.00  bins=3/3  active= 90  (2812s)
  steps=1150000  held=0.00  gate=0.00  bins=3/3  active= 90  (2907s)
  steps=1200000  held=0.00  gate=0.00  bins=3/3  active= 90  (3003s)
  steps=1250000  held=0.00  gate=0.00  bins=3/3  active= 90  (3098s)
  steps=1300000  held=0.00  gate=0.00  bins=3/3  active= 90  (3194s)
  steps=1350000  held=0.01  gate=0.01  bins=3/3  active= 90  (3289s)
  steps=1400000  held=0.00  gate=0.00  bins=3/3  active= 90  (3385s)
  steps=1450000  held=0.00  gate=0.00  bins=3/3  active= 90  (3480s)
  steps=1500000  held=0.00  gate=0.00  bins=3/3  active= 90  (3576s)

[random_curriculum] DONE  final held=0.00  steps_to_0.3=500,000  wall=3576s  -> random_curriculum_seed17.json
[random_curriculum] per-cell held: s19N0=0.00
