[wall_count] train=90 layouts  held-out=36 layouts
objc[3066]: Class SDLApplication is implemented in both /Users/linmuyi/miniconda3/envs/llm_gs/lib/python3.9/site-packages/pygame/.dylibs/libSDL2-2.0.0.dylib (0x11214d2c8) and /Users/linmuyi/miniconda3/envs/llm_gs/lib/python3.9/site-packages/cv2/.dylibs/libSDL2-2.0.0.dylib (0x142e7c890). This may cause spurious casting failures and mysterious crashes. One of the duplicates must be removed or renamed.
objc[3066]: Class SDLAppDelegate is implemented in both /Users/linmuyi/miniconda3/envs/llm_gs/lib/python3.9/site-packages/pygame/.dylibs/libSDL2-2.0.0.dylib (0x11214d318) and /Users/linmuyi/miniconda3/envs/llm_gs/lib/python3.9/site-packages/cv2/.dylibs/libSDL2-2.0.0.dylib (0x142e7c8e0). This may cause spurious casting failures and mysterious crashes. One of the duplicates must be removed or renamed.
objc[3066]: Class SDLTranslatorResponder is implemented in both /Users/linmuyi/miniconda3/envs/llm_gs/lib/python3.9/site-packages/pygame/.dylibs/libSDL2-2.0.0.dylib (0x11214d390) and /Users/linmuyi/miniconda3/envs/llm_gs/lib/python3.9/site-packages/cv2/.dylibs/libSDL2-2.0.0.dylib (0x142e7c958). This may cause spurious casting failures and mysterious crashes. One of the duplicates must be removed or renamed.
objc[3066]: Class SDLMessageBoxPresenter is implemented in both /Users/linmuyi/miniconda3/envs/llm_gs/lib/python3.9/site-packages/pygame/.dylibs/libSDL2-2.0.0.dylib (0x11214d3b8) and /Users/linmuyi/miniconda3/envs/llm_gs/lib/python3.9/site-packages/cv2/.dylibs/libSDL2-2.0.0.dylib (0x142e7c980). This may cause spurious casting failures and mysterious crashes. One of the duplicates must be removed or renamed.
objc[3066]: Class SDL_cocoametalview is implemented in both /Users/linmuyi/miniconda3/envs/llm_gs/lib/python3.9/site-packages/pygame/.dylibs/libSDL2-2.0.0.dylib (0x11214d408) and /Users/linmuyi/miniconda3/envs/llm_gs/lib/python3.9/site-packages/cv2/.dylibs/libSDL2-2.0.0.dylib (0x142e7c9d0). This may cause spurious casting failures and mysterious crashes. One of the duplicates must be removed or renamed.
objc[3066]: Class SDLOpenGLContext is implemented in both /Users/linmuyi/miniconda3/envs/llm_gs/lib/python3.9/site-packages/pygame/.dylibs/libSDL2-2.0.0.dylib (0x11214d458) and /Users/linmuyi/miniconda3/envs/llm_gs/lib/python3.9/site-packages/cv2/.dylibs/libSDL2-2.0.0.dylib (0x142e7ca20). This may cause spurious casting failures and mysterious crashes. One of the duplicates must be removed or renamed.
objc[3066]: Class SDL_ShapeData is implemented in both /Users/linmuyi/miniconda3/envs/llm_gs/lib/python3.9/site-packages/pygame/.dylibs/libSDL2-2.0.0.dylib (0x11214d4d0) and /Users/linmuyi/miniconda3/envs/llm_gs/lib/python3.9/site-packages/cv2/.dylibs/libSDL2-2.0.0.dylib (0x142e7ca98). This may cause spurious casting failures and mysterious crashes. One of the duplicates must be removed or renamed.
objc[3066]: Class SDL_CocoaClosure is implemented in both /Users/linmuyi/miniconda3/envs/llm_gs/lib/python3.9/site-packages/pygame/.dylibs/libSDL2-2.0.0.dylib (0x11214d520) and /Users/linmuyi/miniconda3/envs/llm_gs/lib/python3.9/site-packages/cv2/.dylibs/libSDL2-2.0.0.dylib (0x142e7cae8). This may cause spurious casting failures and mysterious crashes. One of the duplicates must be removed or renamed.
objc[3066]: Class SDL_VideoData is implemented in both /Users/linmuyi/miniconda3/envs/llm_gs/lib/python3.9/site-packages/pygame/.dylibs/libSDL2-2.0.0.dylib (0x11214d570) and /Users/linmuyi/miniconda3/envs/llm_gs/lib/python3.9/site-packages/cv2/.dylibs/libSDL2-2.0.0.dylib (0x142e7cb38). This may cause spurious casting failures and mysterious crashes. One of the duplicates must be removed or renamed.
objc[3066]: Class SDL_WindowData is implemented in both /Users/linmuyi/miniconda3/envs/llm_gs/lib/python3.9/site-packages/pygame/.dylibs/libSDL2-2.0.0.dylib (0x11214d5c0) and /Users/linmuyi/miniconda3/envs/llm_gs/lib/python3.9/site-packages/cv2/.dylibs/libSDL2-2.0.0.dylib (0x142e7cb88). This may cause spurious casting failures and mysterious crashes. One of the duplicates must be removed or renamed.
objc[3066]: Class SDLWindow is implemented in both /Users/linmuyi/miniconda3/envs/llm_gs/lib/python3.9/site-packages/pygame/.dylibs/libSDL2-2.0.0.dylib (0x11214d5e8) and /Users/linmuyi/miniconda3/envs/llm_gs/lib/python3.9/site-packages/cv2/.dylibs/libSDL2-2.0.0.dylib (0x142e7cbb0). This may cause spurious casting failures and mysterious crashes. One of the duplicates must be removed or renamed.
objc[3066]: Class Cocoa_WindowListener is implemented in both /Users/linmuyi/miniconda3/envs/llm_gs/lib/python3.9/site-packages/pygame/.dylibs/libSDL2-2.0.0.dylib (0x11214d610) and /Users/linmuyi/miniconda3/envs/llm_gs/lib/python3.9/site-packages/cv2/.dylibs/libSDL2-2.0.0.dylib (0x142e7cbd8). This may cause spurious casting failures and mysterious crashes. One of the duplicates must be removed or renamed.
objc[3066]: Class SDLView is implemented in both /Users/linmuyi/miniconda3/envs/llm_gs/lib/python3.9/site-packages/pygame/.dylibs/libSDL2-2.0.0.dylib (0x11214d688) and /Users/linmuyi/miniconda3/envs/llm_gs/lib/python3.9/site-packages/cv2/.dylibs/libSDL2-2.0.0.dylib (0x142e7cc50). This may cause spurious casting failures and mysterious crashes. One of the duplicates must be removed or renamed.
objc[3066]: Class METAL_RenderData is implemented in both /Users/linmuyi/miniconda3/envs/llm_gs/lib/python3.9/site-packages/pygame/.dylibs/libSDL2-2.0.0.dylib (0x11214d700) and /Users/linmuyi/miniconda3/envs/llm_gs/lib/python3.9/site-packages/cv2/.dylibs/libSDL2-2.0.0.dylib (0x142e7ccc8). This may cause spurious casting failures and mysterious crashes. One of the duplicates must be removed or renamed.
objc[3066]: Class METAL_TextureData is implemented in both /Users/linmuyi/miniconda3/envs/llm_gs/lib/python3.9/site-packages/pygame/.dylibs/libSDL2-2.0.0.dylib (0x11214d750) and /Users/linmuyi/miniconda3/envs/llm_gs/lib/python3.9/site-packages/cv2/.dylibs/libSDL2-2.0.0.dylib (0x142e7cd18). This may cause spurious casting failures and mysterious crashes. One of the duplicates must be removed or renamed.
objc[3066]: Class SDL_RumbleMotor is implemented in both /Users/linmuyi/miniconda3/envs/llm_gs/lib/python3.9/site-packages/pygame/.dylibs/libSDL2-2.0.0.dylib (0x11214d778) and /Users/linmuyi/miniconda3/envs/llm_gs/lib/python3.9/site-packages/cv2/.dylibs/libSDL2-2.0.0.dylib (0x142e7cd40). This may cause spurious casting failures and mysterious crashes. One of the duplicates must be removed or renamed.
objc[3066]: Class SDL_RumbleContext is implemented in both /Users/linmuyi/miniconda3/envs/llm_gs/lib/python3.9/site-packages/pygame/.dylibs/libSDL2-2.0.0.dylib (0x11214d7c8) and /Users/linmuyi/miniconda3/envs/llm_gs/lib/python3.9/site-packages/cv2/.dylibs/libSDL2-2.0.0.dylib (0x142e7cd90). This may cause spurious casting failures and mysterious crashes. One of the duplicates must be removed or renamed.
[wall_count] 1500000 steps, 30 checkpoints, curriculum

  steps=  50000  held=0.15  gate=0.32  bins=1/3  active= 30  (128s)
  steps= 100000  held=0.03  gate=0.01  bins=1/3  active= 30  (262s)
  steps= 150000  held=0.00  gate=0.00  bins=1/3  active= 30  (396s)
  steps= 200000  held=0.00  gate=0.00  bins=1/3  active= 30  (527s)
  steps= 250000  held=0.00  gate=0.00  bins=1/3  active= 30  (657s)
  steps= 300000  held=0.01  gate=0.00  bins=1/3  active= 30  (791s)
  steps= 350000  held=0.08  gate=0.08  bins=1/3  active= 30  (921s)
  steps= 400000  held=0.13  gate=0.29  bins=2/3  active= 60  [UNLOCK:deadline]  (1048s)
  steps= 450000  held=0.18  gate=0.28  bins=2/3  active= 60  (1177s)
  steps= 500000  held=0.03  gate=0.01  bins=2/3  active= 60  (1321s)
  steps= 550000  held=0.06  gate=0.07  bins=2/3  active= 60  (1459s)
  steps= 600000  held=0.03  gate=0.04  bins=2/3  active= 60  (1609s)
  steps= 650000  held=0.01  gate=0.01  bins=2/3  active= 60  (1747s)
  steps= 700000  held=0.01  gate=0.03  bins=2/3  active= 60  (1881s)
  steps= 750000  held=0.03  gate=0.17  bins=2/3  active= 60  (2023s)
  steps= 800000  held=0.03  gate=0.03  bins=3/3  active= 90  [UNLOCK:deadline]  (2159s)
  steps= 850000  held=0.03  gate=0.03  bins=3/3  active= 90  (2260s)
  steps= 900000  held=0.12  gate=0.12  bins=3/3  active= 90  (2362s)
  steps= 950000  held=0.15  gate=0.15  bins=3/3  active= 90  (2453s)
  steps=1000000  held=0.19  gate=0.19  bins=3/3  active= 90  (2543s)
  steps=1050000  held=0.11  gate=0.11  bins=3/3  active= 90  (2639s)
  steps=1100000  held=0.03  gate=0.03  bins=3/3  active= 90  (2736s)
  steps=1150000  held=0.01  gate=0.01  bins=3/3  active= 90  (2837s)
  steps=1200000  held=0.01  gate=0.01  bins=3/3  active= 90  (2943s)
  steps=1250000  held=0.06  gate=0.06  bins=3/3  active= 90  (3045s)
  steps=1300000  held=0.01  gate=0.01  bins=3/3  active= 90  (3146s)
  steps=1350000  held=0.14  gate=0.14  bins=3/3  active= 90  (3243s)
  steps=1400000  held=0.08  gate=0.08  bins=3/3  active= 90  (3347s)
  steps=1450000  held=0.06  gate=0.06  bins=3/3  active= 90  (3457s)
  steps=1500000  held=0.03  gate=0.03  bins=3/3  active= 90  (3565s)

[wall_count] DONE  final held=0.03  steps_to_0.3=NOT REACHED  wall=3565s  -> wall_count_seed9.json
[wall_count] per-cell held: s19N0=0.03
