[path_len] train=90 layouts  held-out=36 layouts
objc[61457]: Class SDLApplication is implemented in both /Users/linmuyi/miniconda3/envs/llm_gs/lib/python3.9/site-packages/pygame/.dylibs/libSDL2-2.0.0.dylib (0x1069992c8) and /Users/linmuyi/miniconda3/envs/llm_gs/lib/python3.9/site-packages/cv2/.dylibs/libSDL2-2.0.0.dylib (0x14191c890). This may cause spurious casting failures and mysterious crashes. One of the duplicates must be removed or renamed.
objc[61457]: Class SDLAppDelegate is implemented in both /Users/linmuyi/miniconda3/envs/llm_gs/lib/python3.9/site-packages/pygame/.dylibs/libSDL2-2.0.0.dylib (0x106999318) and /Users/linmuyi/miniconda3/envs/llm_gs/lib/python3.9/site-packages/cv2/.dylibs/libSDL2-2.0.0.dylib (0x14191c8e0). This may cause spurious casting failures and mysterious crashes. One of the duplicates must be removed or renamed.
objc[61457]: Class SDLTranslatorResponder is implemented in both /Users/linmuyi/miniconda3/envs/llm_gs/lib/python3.9/site-packages/pygame/.dylibs/libSDL2-2.0.0.dylib (0x106999390) and /Users/linmuyi/miniconda3/envs/llm_gs/lib/python3.9/site-packages/cv2/.dylibs/libSDL2-2.0.0.dylib (0x14191c958). This may cause spurious casting failures and mysterious crashes. One of the duplicates must be removed or renamed.
objc[61457]: Class SDLMessageBoxPresenter is implemented in both /Users/linmuyi/miniconda3/envs/llm_gs/lib/python3.9/site-packages/pygame/.dylibs/libSDL2-2.0.0.dylib (0x1069993b8) and /Users/linmuyi/miniconda3/envs/llm_gs/lib/python3.9/site-packages/cv2/.dylibs/libSDL2-2.0.0.dylib (0x14191c980). This may cause spurious casting failures and mysterious crashes. One of the duplicates must be removed or renamed.
objc[61457]: Class SDL_cocoametalview is implemented in both /Users/linmuyi/miniconda3/envs/llm_gs/lib/python3.9/site-packages/pygame/.dylibs/libSDL2-2.0.0.dylib (0x106999408) and /Users/linmuyi/miniconda3/envs/llm_gs/lib/python3.9/site-packages/cv2/.dylibs/libSDL2-2.0.0.dylib (0x14191c9d0). This may cause spurious casting failures and mysterious crashes. One of the duplicates must be removed or renamed.
objc[61457]: Class SDLOpenGLContext is implemented in both /Users/linmuyi/miniconda3/envs/llm_gs/lib/python3.9/site-packages/pygame/.dylibs/libSDL2-2.0.0.dylib (0x106999458) and /Users/linmuyi/miniconda3/envs/llm_gs/lib/python3.9/site-packages/cv2/.dylibs/libSDL2-2.0.0.dylib (0x14191ca20). This may cause spurious casting failures and mysterious crashes. One of the duplicates must be removed or renamed.
objc[61457]: Class SDL_ShapeData is implemented in both /Users/linmuyi/miniconda3/envs/llm_gs/lib/python3.9/site-packages/pygame/.dylibs/libSDL2-2.0.0.dylib (0x1069994d0) and /Users/linmuyi/miniconda3/envs/llm_gs/lib/python3.9/site-packages/cv2/.dylibs/libSDL2-2.0.0.dylib (0x14191ca98). This may cause spurious casting failures and mysterious crashes. One of the duplicates must be removed or renamed.
objc[61457]: Class SDL_CocoaClosure is implemented in both /Users/linmuyi/miniconda3/envs/llm_gs/lib/python3.9/site-packages/pygame/.dylibs/libSDL2-2.0.0.dylib (0x106999520) and /Users/linmuyi/miniconda3/envs/llm_gs/lib/python3.9/site-packages/cv2/.dylibs/libSDL2-2.0.0.dylib (0x14191cae8). This may cause spurious casting failures and mysterious crashes. One of the duplicates must be removed or renamed.
objc[61457]: Class SDL_VideoData is implemented in both /Users/linmuyi/miniconda3/envs/llm_gs/lib/python3.9/site-packages/pygame/.dylibs/libSDL2-2.0.0.dylib (0x106999570) and /Users/linmuyi/miniconda3/envs/llm_gs/lib/python3.9/site-packages/cv2/.dylibs/libSDL2-2.0.0.dylib (0x14191cb38). This may cause spurious casting failures and mysterious crashes. One of the duplicates must be removed or renamed.
objc[61457]: Class SDL_WindowData is implemented in both /Users/linmuyi/miniconda3/envs/llm_gs/lib/python3.9/site-packages/pygame/.dylibs/libSDL2-2.0.0.dylib (0x1069995c0) and /Users/linmuyi/miniconda3/envs/llm_gs/lib/python3.9/site-packages/cv2/.dylibs/libSDL2-2.0.0.dylib (0x14191cb88). This may cause spurious casting failures and mysterious crashes. One of the duplicates must be removed or renamed.
objc[61457]: Class SDLWindow is implemented in both /Users/linmuyi/miniconda3/envs/llm_gs/lib/python3.9/site-packages/pygame/.dylibs/libSDL2-2.0.0.dylib (0x1069995e8) and /Users/linmuyi/miniconda3/envs/llm_gs/lib/python3.9/site-packages/cv2/.dylibs/libSDL2-2.0.0.dylib (0x14191cbb0). This may cause spurious casting failures and mysterious crashes. One of the duplicates must be removed or renamed.
objc[61457]: Class Cocoa_WindowListener is implemented in both /Users/linmuyi/miniconda3/envs/llm_gs/lib/python3.9/site-packages/pygame/.dylibs/libSDL2-2.0.0.dylib (0x106999610) and /Users/linmuyi/miniconda3/envs/llm_gs/lib/python3.9/site-packages/cv2/.dylibs/libSDL2-2.0.0.dylib (0x14191cbd8). This may cause spurious casting failures and mysterious crashes. One of the duplicates must be removed or renamed.
objc[61457]: Class SDLView is implemented in both /Users/linmuyi/miniconda3/envs/llm_gs/lib/python3.9/site-packages/pygame/.dylibs/libSDL2-2.0.0.dylib (0x106999688) and /Users/linmuyi/miniconda3/envs/llm_gs/lib/python3.9/site-packages/cv2/.dylibs/libSDL2-2.0.0.dylib (0x14191cc50). This may cause spurious casting failures and mysterious crashes. One of the duplicates must be removed or renamed.
objc[61457]: Class METAL_RenderData is implemented in both /Users/linmuyi/miniconda3/envs/llm_gs/lib/python3.9/site-packages/pygame/.dylibs/libSDL2-2.0.0.dylib (0x106999700) and /Users/linmuyi/miniconda3/envs/llm_gs/lib/python3.9/site-packages/cv2/.dylibs/libSDL2-2.0.0.dylib (0x14191ccc8). This may cause spurious casting failures and mysterious crashes. One of the duplicates must be removed or renamed.
objc[61457]: Class METAL_TextureData is implemented in both /Users/linmuyi/miniconda3/envs/llm_gs/lib/python3.9/site-packages/pygame/.dylibs/libSDL2-2.0.0.dylib (0x106999750) and /Users/linmuyi/miniconda3/envs/llm_gs/lib/python3.9/site-packages/cv2/.dylibs/libSDL2-2.0.0.dylib (0x14191cd18). This may cause spurious casting failures and mysterious crashes. One of the duplicates must be removed or renamed.
objc[61457]: Class SDL_RumbleMotor is implemented in both /Users/linmuyi/miniconda3/envs/llm_gs/lib/python3.9/site-packages/pygame/.dylibs/libSDL2-2.0.0.dylib (0x106999778) and /Users/linmuyi/miniconda3/envs/llm_gs/lib/python3.9/site-packages/cv2/.dylibs/libSDL2-2.0.0.dylib (0x14191cd40). This may cause spurious casting failures and mysterious crashes. One of the duplicates must be removed or renamed.
objc[61457]: Class SDL_RumbleContext is implemented in both /Users/linmuyi/miniconda3/envs/llm_gs/lib/python3.9/site-packages/pygame/.dylibs/libSDL2-2.0.0.dylib (0x1069997c8) and /Users/linmuyi/miniconda3/envs/llm_gs/lib/python3.9/site-packages/cv2/.dylibs/libSDL2-2.0.0.dylib (0x14191cd90). This may cause spurious casting failures and mysterious crashes. One of the duplicates must be removed or renamed.
[path_len] 1500000 steps, 30 checkpoints, curriculum

  steps=  50000  held=0.29  gate=0.38  bins=1/3  active= 30  (117s)
  steps= 100000  held=0.40  gate=0.56  bins=2/3  active= 60  [UNLOCK:gate]  (221s)
  steps= 150000  held=0.47  gate=0.83  bins=3/3  active= 90  [UNLOCK:gate]  (322s)
  steps= 200000  held=0.60  gate=0.60  bins=3/3  active= 90  (395s)
  steps= 250000  held=0.60  gate=0.60  bins=3/3  active= 90  (465s)
  steps= 300000  held=0.55  gate=0.55  bins=3/3  active= 90  (536s)
  steps= 350000  held=0.62  gate=0.62  bins=3/3  active= 90  (609s)
  steps= 400000  held=0.53  gate=0.53  bins=3/3  active= 90  (678s)
  steps= 450000  held=0.26  gate=0.26  bins=3/3  active= 90  (767s)
  steps= 500000  held=0.58  gate=0.58  bins=3/3  active= 90  (838s)
  steps= 550000  held=0.38  gate=0.38  bins=3/3  active= 90  (923s)
  steps= 600000  held=0.57  gate=0.57  bins=3/3  active= 90  (1001s)
  steps= 650000  held=0.69  gate=0.69  bins=3/3  active= 90  (1069s)
  steps= 700000  held=0.71  gate=0.71  bins=3/3  active= 90  (1134s)
  steps= 750000  held=0.56  gate=0.56  bins=3/3  active= 90  (1204s)
  steps= 800000  held=0.56  gate=0.56  bins=3/3  active= 90  (1282s)
  steps= 850000  held=0.47  gate=0.47  bins=3/3  active= 90  (1372s)
  steps= 900000  held=0.56  gate=0.56  bins=3/3  active= 90  (1494s)
  steps= 950000  held=0.15  gate=0.15  bins=3/3  active= 90  (1657s)
  steps=1000000  held=0.31  gate=0.31  bins=3/3  active= 90  (1819s)
  steps=1050000  held=0.23  gate=0.23  bins=3/3  active= 90  (1986s)
  steps=1100000  held=0.08  gate=0.08  bins=3/3  active= 90  (2153s)
  steps=1150000  held=0.15  gate=0.15  bins=3/3  active= 90  (2324s)
  steps=1200000  held=0.42  gate=0.42  bins=3/3  active= 90  (2466s)
  steps=1250000  held=0.04  gate=0.04  bins=3/3  active= 90  (2636s)
  steps=1300000  held=0.15  gate=0.15  bins=3/3  active= 90  (2803s)
  steps=1350000  held=0.05  gate=0.05  bins=3/3  active= 90  (2979s)
  steps=1400000  held=0.08  gate=0.08  bins=3/3  active= 90  (3163s)
  steps=1450000  held=0.01  gate=0.01  bins=3/3  active= 90  (3343s)
  steps=1500000  held=0.24  gate=0.24  bins=3/3  active= 90  (3563s)

[path_len] DONE  final held=0.24  steps_to_0.3=100,000  wall=3563s  -> path_len_seed14.json
[path_len] per-cell held: s19N0=0.24
