[grader] train=90 layouts  held-out=36 layouts
objc[99364]: Class SDLApplication is implemented in both /Users/linmuyi/miniconda3/envs/llm_gs/lib/python3.9/site-packages/pygame/.dylibs/libSDL2-2.0.0.dylib (0x10637d2c8) and /Users/linmuyi/miniconda3/envs/llm_gs/lib/python3.9/site-packages/cv2/.dylibs/libSDL2-2.0.0.dylib (0x31db14890). This may cause spurious casting failures and mysterious crashes. One of the duplicates must be removed or renamed.
objc[99364]: Class SDLAppDelegate is implemented in both /Users/linmuyi/miniconda3/envs/llm_gs/lib/python3.9/site-packages/pygame/.dylibs/libSDL2-2.0.0.dylib (0x10637d318) and /Users/linmuyi/miniconda3/envs/llm_gs/lib/python3.9/site-packages/cv2/.dylibs/libSDL2-2.0.0.dylib (0x31db148e0). This may cause spurious casting failures and mysterious crashes. One of the duplicates must be removed or renamed.
objc[99364]: Class SDLTranslatorResponder is implemented in both /Users/linmuyi/miniconda3/envs/llm_gs/lib/python3.9/site-packages/pygame/.dylibs/libSDL2-2.0.0.dylib (0x10637d390) and /Users/linmuyi/miniconda3/envs/llm_gs/lib/python3.9/site-packages/cv2/.dylibs/libSDL2-2.0.0.dylib (0x31db14958). This may cause spurious casting failures and mysterious crashes. One of the duplicates must be removed or renamed.
objc[99364]: Class SDLMessageBoxPresenter is implemented in both /Users/linmuyi/miniconda3/envs/llm_gs/lib/python3.9/site-packages/pygame/.dylibs/libSDL2-2.0.0.dylib (0x10637d3b8) and /Users/linmuyi/miniconda3/envs/llm_gs/lib/python3.9/site-packages/cv2/.dylibs/libSDL2-2.0.0.dylib (0x31db14980). This may cause spurious casting failures and mysterious crashes. One of the duplicates must be removed or renamed.
objc[99364]: Class SDL_cocoametalview is implemented in both /Users/linmuyi/miniconda3/envs/llm_gs/lib/python3.9/site-packages/pygame/.dylibs/libSDL2-2.0.0.dylib (0x10637d408) and /Users/linmuyi/miniconda3/envs/llm_gs/lib/python3.9/site-packages/cv2/.dylibs/libSDL2-2.0.0.dylib (0x31db149d0). This may cause spurious casting failures and mysterious crashes. One of the duplicates must be removed or renamed.
objc[99364]: Class SDLOpenGLContext is implemented in both /Users/linmuyi/miniconda3/envs/llm_gs/lib/python3.9/site-packages/pygame/.dylibs/libSDL2-2.0.0.dylib (0x10637d458) and /Users/linmuyi/miniconda3/envs/llm_gs/lib/python3.9/site-packages/cv2/.dylibs/libSDL2-2.0.0.dylib (0x31db14a20). This may cause spurious casting failures and mysterious crashes. One of the duplicates must be removed or renamed.
objc[99364]: Class SDL_ShapeData is implemented in both /Users/linmuyi/miniconda3/envs/llm_gs/lib/python3.9/site-packages/pygame/.dylibs/libSDL2-2.0.0.dylib (0x10637d4d0) and /Users/linmuyi/miniconda3/envs/llm_gs/lib/python3.9/site-packages/cv2/.dylibs/libSDL2-2.0.0.dylib (0x31db14a98). This may cause spurious casting failures and mysterious crashes. One of the duplicates must be removed or renamed.
objc[99364]: Class SDL_CocoaClosure is implemented in both /Users/linmuyi/miniconda3/envs/llm_gs/lib/python3.9/site-packages/pygame/.dylibs/libSDL2-2.0.0.dylib (0x10637d520) and /Users/linmuyi/miniconda3/envs/llm_gs/lib/python3.9/site-packages/cv2/.dylibs/libSDL2-2.0.0.dylib (0x31db14ae8). This may cause spurious casting failures and mysterious crashes. One of the duplicates must be removed or renamed.
objc[99364]: Class SDL_VideoData is implemented in both /Users/linmuyi/miniconda3/envs/llm_gs/lib/python3.9/site-packages/pygame/.dylibs/libSDL2-2.0.0.dylib (0x10637d570) and /Users/linmuyi/miniconda3/envs/llm_gs/lib/python3.9/site-packages/cv2/.dylibs/libSDL2-2.0.0.dylib (0x31db14b38). This may cause spurious casting failures and mysterious crashes. One of the duplicates must be removed or renamed.
objc[99364]: Class SDL_WindowData is implemented in both /Users/linmuyi/miniconda3/envs/llm_gs/lib/python3.9/site-packages/pygame/.dylibs/libSDL2-2.0.0.dylib (0x10637d5c0) and /Users/linmuyi/miniconda3/envs/llm_gs/lib/python3.9/site-packages/cv2/.dylibs/libSDL2-2.0.0.dylib (0x31db14b88). This may cause spurious casting failures and mysterious crashes. One of the duplicates must be removed or renamed.
objc[99364]: Class SDLWindow is implemented in both /Users/linmuyi/miniconda3/envs/llm_gs/lib/python3.9/site-packages/pygame/.dylibs/libSDL2-2.0.0.dylib (0x10637d5e8) and /Users/linmuyi/miniconda3/envs/llm_gs/lib/python3.9/site-packages/cv2/.dylibs/libSDL2-2.0.0.dylib (0x31db14bb0). This may cause spurious casting failures and mysterious crashes. One of the duplicates must be removed or renamed.
objc[99364]: Class Cocoa_WindowListener is implemented in both /Users/linmuyi/miniconda3/envs/llm_gs/lib/python3.9/site-packages/pygame/.dylibs/libSDL2-2.0.0.dylib (0x10637d610) and /Users/linmuyi/miniconda3/envs/llm_gs/lib/python3.9/site-packages/cv2/.dylibs/libSDL2-2.0.0.dylib (0x31db14bd8). This may cause spurious casting failures and mysterious crashes. One of the duplicates must be removed or renamed.
objc[99364]: Class SDLView is implemented in both /Users/linmuyi/miniconda3/envs/llm_gs/lib/python3.9/site-packages/pygame/.dylibs/libSDL2-2.0.0.dylib (0x10637d688) and /Users/linmuyi/miniconda3/envs/llm_gs/lib/python3.9/site-packages/cv2/.dylibs/libSDL2-2.0.0.dylib (0x31db14c50). This may cause spurious casting failures and mysterious crashes. One of the duplicates must be removed or renamed.
objc[99364]: Class METAL_RenderData is implemented in both /Users/linmuyi/miniconda3/envs/llm_gs/lib/python3.9/site-packages/pygame/.dylibs/libSDL2-2.0.0.dylib (0x10637d700) and /Users/linmuyi/miniconda3/envs/llm_gs/lib/python3.9/site-packages/cv2/.dylibs/libSDL2-2.0.0.dylib (0x31db14cc8). This may cause spurious casting failures and mysterious crashes. One of the duplicates must be removed or renamed.
objc[99364]: Class METAL_TextureData is implemented in both /Users/linmuyi/miniconda3/envs/llm_gs/lib/python3.9/site-packages/pygame/.dylibs/libSDL2-2.0.0.dylib (0x10637d750) and /Users/linmuyi/miniconda3/envs/llm_gs/lib/python3.9/site-packages/cv2/.dylibs/libSDL2-2.0.0.dylib (0x31db14d18). This may cause spurious casting failures and mysterious crashes. One of the duplicates must be removed or renamed.
objc[99364]: Class SDL_RumbleMotor is implemented in both /Users/linmuyi/miniconda3/envs/llm_gs/lib/python3.9/site-packages/pygame/.dylibs/libSDL2-2.0.0.dylib (0x10637d778) and /Users/linmuyi/miniconda3/envs/llm_gs/lib/python3.9/site-packages/cv2/.dylibs/libSDL2-2.0.0.dylib (0x31db14d40). This may cause spurious casting failures and mysterious crashes. One of the duplicates must be removed or renamed.
objc[99364]: Class SDL_RumbleContext is implemented in both /Users/linmuyi/miniconda3/envs/llm_gs/lib/python3.9/site-packages/pygame/.dylibs/libSDL2-2.0.0.dylib (0x10637d7c8) and /Users/linmuyi/miniconda3/envs/llm_gs/lib/python3.9/site-packages/cv2/.dylibs/libSDL2-2.0.0.dylib (0x31db14d90). This may cause spurious casting failures and mysterious crashes. One of the duplicates must be removed or renamed.
[grader] 1500000 steps, 30 checkpoints, curriculum

  steps=  50000  held=0.08  gate=0.15  bins=1/3  active= 30  (131s)
  steps= 100000  held=0.28  gate=0.35  bins=1/3  active= 30  (246s)
  steps= 150000  held=0.40  gate=0.58  bins=2/3  active= 60  [UNLOCK:gate]  (354s)
  steps= 200000  held=0.48  gate=0.49  bins=2/3  active= 60  (457s)
  steps= 250000  held=0.51  gate=0.60  bins=3/3  active= 90  [UNLOCK:gate]  (559s)
  steps= 300000  held=0.61  gate=0.61  bins=3/3  active= 90  (628s)
  steps= 350000  held=0.65  gate=0.65  bins=3/3  active= 90  (695s)
  steps= 400000  held=0.67  gate=0.67  bins=3/3  active= 90  (760s)
  steps= 450000  held=0.56  gate=0.56  bins=3/3  active= 90  (826s)
  steps= 500000  held=0.66  gate=0.66  bins=3/3  active= 90  (890s)
  steps= 550000  held=0.62  gate=0.62  bins=3/3  active= 90  (953s)
  steps= 600000  held=0.61  gate=0.61  bins=3/3  active= 90  (1018s)
  steps= 650000  held=0.62  gate=0.62  bins=3/3  active= 90  (1080s)
  steps= 700000  held=0.53  gate=0.53  bins=3/3  active= 90  (1154s)
  steps= 750000  held=0.41  gate=0.41  bins=3/3  active= 90  (1233s)
  steps= 800000  held=0.56  gate=0.56  bins=3/3  active= 90  (1305s)
  steps= 850000  held=0.58  gate=0.58  bins=3/3  active= 90  (1376s)
  steps= 900000  held=0.47  gate=0.47  bins=3/3  active= 90  (1457s)
  steps= 950000  held=0.62  gate=0.62  bins=3/3  active= 90  (1527s)
  steps=1000000  held=0.66  gate=0.66  bins=3/3  active= 90  (1595s)
  steps=1050000  held=0.63  gate=0.63  bins=3/3  active= 90  (1666s)
  steps=1100000  held=0.64  gate=0.64  bins=3/3  active= 90  (1733s)
  steps=1150000  held=0.70  gate=0.70  bins=3/3  active= 90  (1801s)
  steps=1200000  held=0.72  gate=0.72  bins=3/3  active= 90  (1863s)
  steps=1250000  held=0.66  gate=0.66  bins=3/3  active= 90  (1935s)
  steps=1300000  held=0.72  gate=0.72  bins=3/3  active= 90  (1999s)
  steps=1350000  held=0.62  gate=0.62  bins=3/3  active= 90  (2064s)
  steps=1400000  held=0.65  gate=0.65  bins=3/3  active= 90  (2127s)
  steps=1450000  held=0.57  gate=0.57  bins=3/3  active= 90  (2196s)
  steps=1500000  held=0.59  gate=0.59  bins=3/3  active= 90  (2262s)

[grader] DONE  final held=0.59  steps_to_0.3=150,000  wall=2262s  -> grader_seed9.json
[grader] per-cell held: s19N0=0.59
