[grader] train=90 layouts  held-out=36 layouts
objc[56961]: Class SDLApplication is implemented in both /Users/linmuyi/miniconda3/envs/llm_gs/lib/python3.9/site-packages/pygame/.dylibs/libSDL2-2.0.0.dylib (0x10a1552c8) and /Users/linmuyi/miniconda3/envs/llm_gs/lib/python3.9/site-packages/cv2/.dylibs/libSDL2-2.0.0.dylib (0x15f754890). This may cause spurious casting failures and mysterious crashes. One of the duplicates must be removed or renamed.
objc[56961]: Class SDLAppDelegate is implemented in both /Users/linmuyi/miniconda3/envs/llm_gs/lib/python3.9/site-packages/pygame/.dylibs/libSDL2-2.0.0.dylib (0x10a155318) and /Users/linmuyi/miniconda3/envs/llm_gs/lib/python3.9/site-packages/cv2/.dylibs/libSDL2-2.0.0.dylib (0x15f7548e0). This may cause spurious casting failures and mysterious crashes. One of the duplicates must be removed or renamed.
objc[56961]: Class SDLTranslatorResponder is implemented in both /Users/linmuyi/miniconda3/envs/llm_gs/lib/python3.9/site-packages/pygame/.dylibs/libSDL2-2.0.0.dylib (0x10a155390) and /Users/linmuyi/miniconda3/envs/llm_gs/lib/python3.9/site-packages/cv2/.dylibs/libSDL2-2.0.0.dylib (0x15f754958). This may cause spurious casting failures and mysterious crashes. One of the duplicates must be removed or renamed.
objc[56961]: Class SDLMessageBoxPresenter is implemented in both /Users/linmuyi/miniconda3/envs/llm_gs/lib/python3.9/site-packages/pygame/.dylibs/libSDL2-2.0.0.dylib (0x10a1553b8) and /Users/linmuyi/miniconda3/envs/llm_gs/lib/python3.9/site-packages/cv2/.dylibs/libSDL2-2.0.0.dylib (0x15f754980). This may cause spurious casting failures and mysterious crashes. One of the duplicates must be removed or renamed.
objc[56961]: Class SDL_cocoametalview is implemented in both /Users/linmuyi/miniconda3/envs/llm_gs/lib/python3.9/site-packages/pygame/.dylibs/libSDL2-2.0.0.dylib (0x10a155408) and /Users/linmuyi/miniconda3/envs/llm_gs/lib/python3.9/site-packages/cv2/.dylibs/libSDL2-2.0.0.dylib (0x15f7549d0). This may cause spurious casting failures and mysterious crashes. One of the duplicates must be removed or renamed.
objc[56961]: Class SDLOpenGLContext is implemented in both /Users/linmuyi/miniconda3/envs/llm_gs/lib/python3.9/site-packages/pygame/.dylibs/libSDL2-2.0.0.dylib (0x10a155458) and /Users/linmuyi/miniconda3/envs/llm_gs/lib/python3.9/site-packages/cv2/.dylibs/libSDL2-2.0.0.dylib (0x15f754a20). This may cause spurious casting failures and mysterious crashes. One of the duplicates must be removed or renamed.
objc[56961]: Class SDL_ShapeData is implemented in both /Users/linmuyi/miniconda3/envs/llm_gs/lib/python3.9/site-packages/pygame/.dylibs/libSDL2-2.0.0.dylib (0x10a1554d0) and /Users/linmuyi/miniconda3/envs/llm_gs/lib/python3.9/site-packages/cv2/.dylibs/libSDL2-2.0.0.dylib (0x15f754a98). This may cause spurious casting failures and mysterious crashes. One of the duplicates must be removed or renamed.
objc[56961]: Class SDL_CocoaClosure is implemented in both /Users/linmuyi/miniconda3/envs/llm_gs/lib/python3.9/site-packages/pygame/.dylibs/libSDL2-2.0.0.dylib (0x10a155520) and /Users/linmuyi/miniconda3/envs/llm_gs/lib/python3.9/site-packages/cv2/.dylibs/libSDL2-2.0.0.dylib (0x15f754ae8). This may cause spurious casting failures and mysterious crashes. One of the duplicates must be removed or renamed.
objc[56961]: Class SDL_VideoData is implemented in both /Users/linmuyi/miniconda3/envs/llm_gs/lib/python3.9/site-packages/pygame/.dylibs/libSDL2-2.0.0.dylib (0x10a155570) and /Users/linmuyi/miniconda3/envs/llm_gs/lib/python3.9/site-packages/cv2/.dylibs/libSDL2-2.0.0.dylib (0x15f754b38). This may cause spurious casting failures and mysterious crashes. One of the duplicates must be removed or renamed.
objc[56961]: Class SDL_WindowData is implemented in both /Users/linmuyi/miniconda3/envs/llm_gs/lib/python3.9/site-packages/pygame/.dylibs/libSDL2-2.0.0.dylib (0x10a1555c0) and /Users/linmuyi/miniconda3/envs/llm_gs/lib/python3.9/site-packages/cv2/.dylibs/libSDL2-2.0.0.dylib (0x15f754b88). This may cause spurious casting failures and mysterious crashes. One of the duplicates must be removed or renamed.
objc[56961]: Class SDLWindow is implemented in both /Users/linmuyi/miniconda3/envs/llm_gs/lib/python3.9/site-packages/pygame/.dylibs/libSDL2-2.0.0.dylib (0x10a1555e8) and /Users/linmuyi/miniconda3/envs/llm_gs/lib/python3.9/site-packages/cv2/.dylibs/libSDL2-2.0.0.dylib (0x15f754bb0). This may cause spurious casting failures and mysterious crashes. One of the duplicates must be removed or renamed.
objc[56961]: Class Cocoa_WindowListener is implemented in both /Users/linmuyi/miniconda3/envs/llm_gs/lib/python3.9/site-packages/pygame/.dylibs/libSDL2-2.0.0.dylib (0x10a155610) and /Users/linmuyi/miniconda3/envs/llm_gs/lib/python3.9/site-packages/cv2/.dylibs/libSDL2-2.0.0.dylib (0x15f754bd8). This may cause spurious casting failures and mysterious crashes. One of the duplicates must be removed or renamed.
objc[56961]: Class SDLView is implemented in both /Users/linmuyi/miniconda3/envs/llm_gs/lib/python3.9/site-packages/pygame/.dylibs/libSDL2-2.0.0.dylib (0x10a155688) and /Users/linmuyi/miniconda3/envs/llm_gs/lib/python3.9/site-packages/cv2/.dylibs/libSDL2-2.0.0.dylib (0x15f754c50). This may cause spurious casting failures and mysterious crashes. One of the duplicates must be removed or renamed.
objc[56961]: Class METAL_RenderData is implemented in both /Users/linmuyi/miniconda3/envs/llm_gs/lib/python3.9/site-packages/pygame/.dylibs/libSDL2-2.0.0.dylib (0x10a155700) and /Users/linmuyi/miniconda3/envs/llm_gs/lib/python3.9/site-packages/cv2/.dylibs/libSDL2-2.0.0.dylib (0x15f754cc8). This may cause spurious casting failures and mysterious crashes. One of the duplicates must be removed or renamed.
objc[56961]: Class METAL_TextureData is implemented in both /Users/linmuyi/miniconda3/envs/llm_gs/lib/python3.9/site-packages/pygame/.dylibs/libSDL2-2.0.0.dylib (0x10a155750) and /Users/linmuyi/miniconda3/envs/llm_gs/lib/python3.9/site-packages/cv2/.dylibs/libSDL2-2.0.0.dylib (0x15f754d18). This may cause spurious casting failures and mysterious crashes. One of the duplicates must be removed or renamed.
objc[56961]: Class SDL_RumbleMotor is implemented in both /Users/linmuyi/miniconda3/envs/llm_gs/lib/python3.9/site-packages/pygame/.dylibs/libSDL2-2.0.0.dylib (0x10a155778) and /Users/linmuyi/miniconda3/envs/llm_gs/lib/python3.9/site-packages/cv2/.dylibs/libSDL2-2.0.0.dylib (0x15f754d40). This may cause spurious casting failures and mysterious crashes. One of the duplicates must be removed or renamed.
objc[56961]: Class SDL_RumbleContext is implemented in both /Users/linmuyi/miniconda3/envs/llm_gs/lib/python3.9/site-packages/pygame/.dylibs/libSDL2-2.0.0.dylib (0x10a1557c8) and /Users/linmuyi/miniconda3/envs/llm_gs/lib/python3.9/site-packages/cv2/.dylibs/libSDL2-2.0.0.dylib (0x15f754d90). This may cause spurious casting failures and mysterious crashes. One of the duplicates must be removed or renamed.
[grader] 1500000 steps, 30 checkpoints, curriculum

  steps=  50000  held=0.08  gate=0.06  bins=1/3  active= 30  (136s)
  steps= 100000  held=0.03  gate=0.04  bins=1/3  active= 30  (265s)
  steps= 150000  held=0.00  gate=0.00  bins=1/3  active= 30  (394s)
  steps= 200000  held=0.00  gate=0.00  bins=1/3  active= 30  (522s)
  steps= 250000  held=0.00  gate=0.00  bins=1/3  active= 30  (652s)
  steps= 300000  held=0.00  gate=0.00  bins=1/3  active= 30  (788s)
  steps= 350000  held=0.03  gate=0.04  bins=1/3  active= 30  (924s)
  steps= 400000  held=0.17  gate=0.28  bins=2/3  active= 60  [UNLOCK:deadline]  (1054s)
  steps= 450000  held=0.35  gate=0.65  bins=3/3  active= 90  [UNLOCK:gate]  (1163s)
  steps= 500000  held=0.00  gate=0.00  bins=3/3  active= 90  (1260s)
  steps= 550000  held=0.00  gate=0.00  bins=3/3  active= 90  (1357s)
  steps= 600000  held=0.00  gate=0.00  bins=3/3  active= 90  (1460s)
  steps= 650000  held=0.00  gate=0.00  bins=3/3  active= 90  (1560s)
  steps= 700000  held=0.06  gate=0.06  bins=3/3  active= 90  (1659s)
  steps= 750000  held=0.05  gate=0.05  bins=3/3  active= 90  (1762s)
  steps= 800000  held=0.25  gate=0.25  bins=3/3  active= 90  (1880s)
  steps= 850000  held=0.06  gate=0.06  bins=3/3  active= 90  (2048s)
  steps= 900000  held=0.03  gate=0.03  bins=3/3  active= 90  (2222s)
  steps= 950000  held=0.17  gate=0.17  bins=3/3  active= 90  (2399s)
  steps=1000000  held=0.42  gate=0.42  bins=3/3  active= 90  (2550s)
  steps=1050000  held=0.00  gate=0.00  bins=3/3  active= 90  (2728s)
  steps=1100000  held=0.06  gate=0.06  bins=3/3  active= 90  (2901s)
  steps=1150000  held=0.32  gate=0.32  bins=3/3  active= 90  (3058s)
  steps=1200000  held=0.24  gate=0.24  bins=3/3  active= 90  (3218s)
  steps=1250000  held=0.24  gate=0.24  bins=3/3  active= 90  (3385s)
  steps=1300000  held=0.38  gate=0.38  bins=3/3  active= 90  (3550s)
  steps=1350000  held=0.04  gate=0.04  bins=3/3  active= 90  (3728s)
  steps=1400000  held=0.00  gate=0.00  bins=3/3  active= 90  (3926s)
  steps=1450000  held=0.00  gate=0.00  bins=3/3  active= 90  (4160s)
  steps=1500000  held=0.01  gate=0.01  bins=3/3  active= 90  (4370s)

[grader] DONE  final held=0.01  steps_to_0.3=450,000  wall=4370s  -> grader_seed14.json
[grader] per-cell held: s19N0=0.01
