[flat] train=90 layouts  held-out=36 layouts
objc[7417]: Class SDLApplication is implemented in both /Users/linmuyi/miniconda3/envs/llm_gs/lib/python3.9/site-packages/pygame/.dylibs/libSDL2-2.0.0.dylib (0x10794d2c8) and /Users/linmuyi/miniconda3/envs/llm_gs/lib/python3.9/site-packages/cv2/.dylibs/libSDL2-2.0.0.dylib (0x152a9c890). This may cause spurious casting failures and mysterious crashes. One of the duplicates must be removed or renamed.
objc[7417]: Class SDLAppDelegate is implemented in both /Users/linmuyi/miniconda3/envs/llm_gs/lib/python3.9/site-packages/pygame/.dylibs/libSDL2-2.0.0.dylib (0x10794d318) and /Users/linmuyi/miniconda3/envs/llm_gs/lib/python3.9/site-packages/cv2/.dylibs/libSDL2-2.0.0.dylib (0x152a9c8e0). This may cause spurious casting failures and mysterious crashes. One of the duplicates must be removed or renamed.
objc[7417]: Class SDLTranslatorResponder is implemented in both /Users/linmuyi/miniconda3/envs/llm_gs/lib/python3.9/site-packages/pygame/.dylibs/libSDL2-2.0.0.dylib (0x10794d390) and /Users/linmuyi/miniconda3/envs/llm_gs/lib/python3.9/site-packages/cv2/.dylibs/libSDL2-2.0.0.dylib (0x152a9c958). This may cause spurious casting failures and mysterious crashes. One of the duplicates must be removed or renamed.
objc[7417]: Class SDLMessageBoxPresenter is implemented in both /Users/linmuyi/miniconda3/envs/llm_gs/lib/python3.9/site-packages/pygame/.dylibs/libSDL2-2.0.0.dylib (0x10794d3b8) and /Users/linmuyi/miniconda3/envs/llm_gs/lib/python3.9/site-packages/cv2/.dylibs/libSDL2-2.0.0.dylib (0x152a9c980). This may cause spurious casting failures and mysterious crashes. One of the duplicates must be removed or renamed.
objc[7417]: Class SDL_cocoametalview is implemented in both /Users/linmuyi/miniconda3/envs/llm_gs/lib/python3.9/site-packages/pygame/.dylibs/libSDL2-2.0.0.dylib (0x10794d408) and /Users/linmuyi/miniconda3/envs/llm_gs/lib/python3.9/site-packages/cv2/.dylibs/libSDL2-2.0.0.dylib (0x152a9c9d0). This may cause spurious casting failures and mysterious crashes. One of the duplicates must be removed or renamed.
objc[7417]: Class SDLOpenGLContext is implemented in both /Users/linmuyi/miniconda3/envs/llm_gs/lib/python3.9/site-packages/pygame/.dylibs/libSDL2-2.0.0.dylib (0x10794d458) and /Users/linmuyi/miniconda3/envs/llm_gs/lib/python3.9/site-packages/cv2/.dylibs/libSDL2-2.0.0.dylib (0x152a9ca20). This may cause spurious casting failures and mysterious crashes. One of the duplicates must be removed or renamed.
objc[7417]: Class SDL_ShapeData is implemented in both /Users/linmuyi/miniconda3/envs/llm_gs/lib/python3.9/site-packages/pygame/.dylibs/libSDL2-2.0.0.dylib (0x10794d4d0) and /Users/linmuyi/miniconda3/envs/llm_gs/lib/python3.9/site-packages/cv2/.dylibs/libSDL2-2.0.0.dylib (0x152a9ca98). This may cause spurious casting failures and mysterious crashes. One of the duplicates must be removed or renamed.
objc[7417]: Class SDL_CocoaClosure is implemented in both /Users/linmuyi/miniconda3/envs/llm_gs/lib/python3.9/site-packages/pygame/.dylibs/libSDL2-2.0.0.dylib (0x10794d520) and /Users/linmuyi/miniconda3/envs/llm_gs/lib/python3.9/site-packages/cv2/.dylibs/libSDL2-2.0.0.dylib (0x152a9cae8). This may cause spurious casting failures and mysterious crashes. One of the duplicates must be removed or renamed.
objc[7417]: Class SDL_VideoData is implemented in both /Users/linmuyi/miniconda3/envs/llm_gs/lib/python3.9/site-packages/pygame/.dylibs/libSDL2-2.0.0.dylib (0x10794d570) and /Users/linmuyi/miniconda3/envs/llm_gs/lib/python3.9/site-packages/cv2/.dylibs/libSDL2-2.0.0.dylib (0x152a9cb38). This may cause spurious casting failures and mysterious crashes. One of the duplicates must be removed or renamed.
objc[7417]: Class SDL_WindowData is implemented in both /Users/linmuyi/miniconda3/envs/llm_gs/lib/python3.9/site-packages/pygame/.dylibs/libSDL2-2.0.0.dylib (0x10794d5c0) and /Users/linmuyi/miniconda3/envs/llm_gs/lib/python3.9/site-packages/cv2/.dylibs/libSDL2-2.0.0.dylib (0x152a9cb88). This may cause spurious casting failures and mysterious crashes. One of the duplicates must be removed or renamed.
objc[7417]: Class SDLWindow is implemented in both /Users/linmuyi/miniconda3/envs/llm_gs/lib/python3.9/site-packages/pygame/.dylibs/libSDL2-2.0.0.dylib (0x10794d5e8) and /Users/linmuyi/miniconda3/envs/llm_gs/lib/python3.9/site-packages/cv2/.dylibs/libSDL2-2.0.0.dylib (0x152a9cbb0). This may cause spurious casting failures and mysterious crashes. One of the duplicates must be removed or renamed.
objc[7417]: Class Cocoa_WindowListener is implemented in both /Users/linmuyi/miniconda3/envs/llm_gs/lib/python3.9/site-packages/pygame/.dylibs/libSDL2-2.0.0.dylib (0x10794d610) and /Users/linmuyi/miniconda3/envs/llm_gs/lib/python3.9/site-packages/cv2/.dylibs/libSDL2-2.0.0.dylib (0x152a9cbd8). This may cause spurious casting failures and mysterious crashes. One of the duplicates must be removed or renamed.
objc[7417]: Class SDLView is implemented in both /Users/linmuyi/miniconda3/envs/llm_gs/lib/python3.9/site-packages/pygame/.dylibs/libSDL2-2.0.0.dylib (0x10794d688) and /Users/linmuyi/miniconda3/envs/llm_gs/lib/python3.9/site-packages/cv2/.dylibs/libSDL2-2.0.0.dylib (0x152a9cc50). This may cause spurious casting failures and mysterious crashes. One of the duplicates must be removed or renamed.
objc[7417]: Class METAL_RenderData is implemented in both /Users/linmuyi/miniconda3/envs/llm_gs/lib/python3.9/site-packages/pygame/.dylibs/libSDL2-2.0.0.dylib (0x10794d700) and /Users/linmuyi/miniconda3/envs/llm_gs/lib/python3.9/site-packages/cv2/.dylibs/libSDL2-2.0.0.dylib (0x152a9ccc8). This may cause spurious casting failures and mysterious crashes. One of the duplicates must be removed or renamed.
objc[7417]: Class METAL_TextureData is implemented in both /Users/linmuyi/miniconda3/envs/llm_gs/lib/python3.9/site-packages/pygame/.dylibs/libSDL2-2.0.0.dylib (0x10794d750) and /Users/linmuyi/miniconda3/envs/llm_gs/lib/python3.9/site-packages/cv2/.dylibs/libSDL2-2.0.0.dylib (0x152a9cd18). This may cause spurious casting failures and mysterious crashes. One of the duplicates must be removed or renamed.
objc[7417]: Class SDL_RumbleMotor is implemented in both /Users/linmuyi/miniconda3/envs/llm_gs/lib/python3.9/site-packages/pygame/.dylibs/libSDL2-2.0.0.dylib (0x10794d778) and /Users/linmuyi/miniconda3/envs/llm_gs/lib/python3.9/site-packages/cv2/.dylibs/libSDL2-2.0.0.dylib (0x152a9cd40). This may cause spurious casting failures and mysterious crashes. One of the duplicates must be removed or renamed.
objc[7417]: Class SDL_RumbleContext is implemented in both /Users/linmuyi/miniconda3/envs/llm_gs/lib/python3.9/site-packages/pygame/.dylibs/libSDL2-2.0.0.dylib (0x10794d7c8) and /Users/linmuyi/miniconda3/envs/llm_gs/lib/python3.9/site-packages/cv2/.dylibs/libSDL2-2.0.0.dylib (0x152a9cd90). This may cause spurious casting failures and mysterious crashes. One of the duplicates must be removed or renamed.
[flat] 1500000 steps, 30 checkpoints, flat (no curriculum)

  steps=  50000  held=0.06  gate=0.06  bins=3/3  active= 90  (91s)
  steps= 100000  held=0.05  gate=0.05  bins=3/3  active= 90  (179s)
  steps= 150000  held=0.06  gate=0.06  bins=3/3  active= 90  (268s)
  steps= 200000  held=0.02  gate=0.02  bins=3/3  active= 90  (357s)
  steps= 250000  held=0.08  gate=0.08  bins=3/3  active= 90  (445s)
  steps= 300000  held=0.30  gate=0.30  bins=3/3  active= 90  (528s)
  steps= 350000  held=0.12  gate=0.12  bins=3/3  active= 90  (620s)
  steps= 400000  held=0.22  gate=0.22  bins=3/3  active= 90  (710s)
  steps= 450000  held=0.35  gate=0.35  bins=3/3  active= 90  (796s)
  steps= 500000  held=0.31  gate=0.31  bins=3/3  active= 90  (884s)
  steps= 550000  held=0.15  gate=0.15  bins=3/3  active= 90  (976s)
  steps= 600000  held=0.10  gate=0.10  bins=3/3  active= 90  (1091s)
  steps= 650000  held=0.29  gate=0.29  bins=3/3  active= 90  (1249s)
  steps= 700000  held=0.49  gate=0.49  bins=3/3  active= 90  (1330s)
  steps= 750000  held=0.56  gate=0.56  bins=3/3  active= 90  (1399s)
  steps= 800000  held=0.40  gate=0.40  bins=3/3  active= 90  (1484s)
  steps= 850000  held=0.49  gate=0.49  bins=3/3  active= 90  (1559s)
  steps= 900000  held=0.58  gate=0.58  bins=3/3  active= 90  (1633s)
  steps= 950000  held=0.62  gate=0.62  bins=3/3  active= 90  (1705s)
  steps=1000000  held=0.01  gate=0.01  bins=3/3  active= 90  (1814s)
  steps=1050000  held=0.00  gate=0.00  bins=3/3  active= 90  (1920s)
  steps=1100000  held=0.00  gate=0.00  bins=3/3  active= 90  (2028s)
  steps=1150000  held=0.07  gate=0.07  bins=3/3  active= 90  (2121s)
  steps=1200000  held=0.00  gate=0.00  bins=3/3  active= 90  (2218s)
  steps=1250000  held=0.19  gate=0.19  bins=3/3  active= 90  (2311s)
  steps=1300000  held=0.04  gate=0.04  bins=3/3  active= 90  (2408s)
  steps=1350000  held=0.17  gate=0.17  bins=3/3  active= 90  (2501s)
  steps=1400000  held=0.26  gate=0.26  bins=3/3  active= 90  (2590s)
  steps=1450000  held=0.35  gate=0.35  bins=3/3  active= 90  (2672s)
  steps=1500000  held=0.59  gate=0.59  bins=3/3  active= 90  (2737s)

[flat] DONE  final held=0.59  steps_to_0.3=450,000  wall=2737s  -> flat_seed1.json
[flat] per-cell held: s19N0=0.59
