[wall_count] train=90 layouts  held-out=36 layouts
objc[95674]: Class SDLApplication is implemented in both /Users/linmuyi/miniconda3/envs/llm_gs/lib/python3.9/site-packages/pygame/.dylibs/libSDL2-2.0.0.dylib (0x11bd952c8) and /Users/linmuyi/miniconda3/envs/llm_gs/lib/python3.9/site-packages/cv2/.dylibs/libSDL2-2.0.0.dylib (0x3232ec890). This may cause spurious casting failures and mysterious crashes. One of the duplicates must be removed or renamed.
objc[95674]: Class SDLAppDelegate is implemented in both /Users/linmuyi/miniconda3/envs/llm_gs/lib/python3.9/site-packages/pygame/.dylibs/libSDL2-2.0.0.dylib (0x11bd95318) and /Users/linmuyi/miniconda3/envs/llm_gs/lib/python3.9/site-packages/cv2/.dylibs/libSDL2-2.0.0.dylib (0x3232ec8e0). This may cause spurious casting failures and mysterious crashes. One of the duplicates must be removed or renamed.
objc[95674]: Class SDLTranslatorResponder is implemented in both /Users/linmuyi/miniconda3/envs/llm_gs/lib/python3.9/site-packages/pygame/.dylibs/libSDL2-2.0.0.dylib (0x11bd95390) and /Users/linmuyi/miniconda3/envs/llm_gs/lib/python3.9/site-packages/cv2/.dylibs/libSDL2-2.0.0.dylib (0x3232ec958). This may cause spurious casting failures and mysterious crashes. One of the duplicates must be removed or renamed.
objc[95674]: Class SDLMessageBoxPresenter is implemented in both /Users/linmuyi/miniconda3/envs/llm_gs/lib/python3.9/site-packages/pygame/.dylibs/libSDL2-2.0.0.dylib (0x11bd953b8) and /Users/linmuyi/miniconda3/envs/llm_gs/lib/python3.9/site-packages/cv2/.dylibs/libSDL2-2.0.0.dylib (0x3232ec980). This may cause spurious casting failures and mysterious crashes. One of the duplicates must be removed or renamed.
objc[95674]: Class SDL_cocoametalview is implemented in both /Users/linmuyi/miniconda3/envs/llm_gs/lib/python3.9/site-packages/pygame/.dylibs/libSDL2-2.0.0.dylib (0x11bd95408) and /Users/linmuyi/miniconda3/envs/llm_gs/lib/python3.9/site-packages/cv2/.dylibs/libSDL2-2.0.0.dylib (0x3232ec9d0). This may cause spurious casting failures and mysterious crashes. One of the duplicates must be removed or renamed.
objc[95674]: Class SDLOpenGLContext is implemented in both /Users/linmuyi/miniconda3/envs/llm_gs/lib/python3.9/site-packages/pygame/.dylibs/libSDL2-2.0.0.dylib (0x11bd95458) and /Users/linmuyi/miniconda3/envs/llm_gs/lib/python3.9/site-packages/cv2/.dylibs/libSDL2-2.0.0.dylib (0x3232eca20). This may cause spurious casting failures and mysterious crashes. One of the duplicates must be removed or renamed.
objc[95674]: Class SDL_ShapeData is implemented in both /Users/linmuyi/miniconda3/envs/llm_gs/lib/python3.9/site-packages/pygame/.dylibs/libSDL2-2.0.0.dylib (0x11bd954d0) and /Users/linmuyi/miniconda3/envs/llm_gs/lib/python3.9/site-packages/cv2/.dylibs/libSDL2-2.0.0.dylib (0x3232eca98). This may cause spurious casting failures and mysterious crashes. One of the duplicates must be removed or renamed.
objc[95674]: Class SDL_CocoaClosure is implemented in both /Users/linmuyi/miniconda3/envs/llm_gs/lib/python3.9/site-packages/pygame/.dylibs/libSDL2-2.0.0.dylib (0x11bd95520) and /Users/linmuyi/miniconda3/envs/llm_gs/lib/python3.9/site-packages/cv2/.dylibs/libSDL2-2.0.0.dylib (0x3232ecae8). This may cause spurious casting failures and mysterious crashes. One of the duplicates must be removed or renamed.
objc[95674]: Class SDL_VideoData is implemented in both /Users/linmuyi/miniconda3/envs/llm_gs/lib/python3.9/site-packages/pygame/.dylibs/libSDL2-2.0.0.dylib (0x11bd95570) and /Users/linmuyi/miniconda3/envs/llm_gs/lib/python3.9/site-packages/cv2/.dylibs/libSDL2-2.0.0.dylib (0x3232ecb38). This may cause spurious casting failures and mysterious crashes. One of the duplicates must be removed or renamed.
objc[95674]: Class SDL_WindowData is implemented in both /Users/linmuyi/miniconda3/envs/llm_gs/lib/python3.9/site-packages/pygame/.dylibs/libSDL2-2.0.0.dylib (0x11bd955c0) and /Users/linmuyi/miniconda3/envs/llm_gs/lib/python3.9/site-packages/cv2/.dylibs/libSDL2-2.0.0.dylib (0x3232ecb88). This may cause spurious casting failures and mysterious crashes. One of the duplicates must be removed or renamed.
objc[95674]: Class SDLWindow is implemented in both /Users/linmuyi/miniconda3/envs/llm_gs/lib/python3.9/site-packages/pygame/.dylibs/libSDL2-2.0.0.dylib (0x11bd955e8) and /Users/linmuyi/miniconda3/envs/llm_gs/lib/python3.9/site-packages/cv2/.dylibs/libSDL2-2.0.0.dylib (0x3232ecbb0). This may cause spurious casting failures and mysterious crashes. One of the duplicates must be removed or renamed.
objc[95674]: Class Cocoa_WindowListener is implemented in both /Users/linmuyi/miniconda3/envs/llm_gs/lib/python3.9/site-packages/pygame/.dylibs/libSDL2-2.0.0.dylib (0x11bd95610) and /Users/linmuyi/miniconda3/envs/llm_gs/lib/python3.9/site-packages/cv2/.dylibs/libSDL2-2.0.0.dylib (0x3232ecbd8). This may cause spurious casting failures and mysterious crashes. One of the duplicates must be removed or renamed.
objc[95674]: Class SDLView is implemented in both /Users/linmuyi/miniconda3/envs/llm_gs/lib/python3.9/site-packages/pygame/.dylibs/libSDL2-2.0.0.dylib (0x11bd95688) and /Users/linmuyi/miniconda3/envs/llm_gs/lib/python3.9/site-packages/cv2/.dylibs/libSDL2-2.0.0.dylib (0x3232ecc50). This may cause spurious casting failures and mysterious crashes. One of the duplicates must be removed or renamed.
objc[95674]: Class METAL_RenderData is implemented in both /Users/linmuyi/miniconda3/envs/llm_gs/lib/python3.9/site-packages/pygame/.dylibs/libSDL2-2.0.0.dylib (0x11bd95700) and /Users/linmuyi/miniconda3/envs/llm_gs/lib/python3.9/site-packages/cv2/.dylibs/libSDL2-2.0.0.dylib (0x3232eccc8). This may cause spurious casting failures and mysterious crashes. One of the duplicates must be removed or renamed.
objc[95674]: Class METAL_TextureData is implemented in both /Users/linmuyi/miniconda3/envs/llm_gs/lib/python3.9/site-packages/pygame/.dylibs/libSDL2-2.0.0.dylib (0x11bd95750) and /Users/linmuyi/miniconda3/envs/llm_gs/lib/python3.9/site-packages/cv2/.dylibs/libSDL2-2.0.0.dylib (0x3232ecd18). This may cause spurious casting failures and mysterious crashes. One of the duplicates must be removed or renamed.
objc[95674]: Class SDL_RumbleMotor is implemented in both /Users/linmuyi/miniconda3/envs/llm_gs/lib/python3.9/site-packages/pygame/.dylibs/libSDL2-2.0.0.dylib (0x11bd95778) and /Users/linmuyi/miniconda3/envs/llm_gs/lib/python3.9/site-packages/cv2/.dylibs/libSDL2-2.0.0.dylib (0x3232ecd40). This may cause spurious casting failures and mysterious crashes. One of the duplicates must be removed or renamed.
objc[95674]: Class SDL_RumbleContext is implemented in both /Users/linmuyi/miniconda3/envs/llm_gs/lib/python3.9/site-packages/pygame/.dylibs/libSDL2-2.0.0.dylib (0x11bd957c8) and /Users/linmuyi/miniconda3/envs/llm_gs/lib/python3.9/site-packages/cv2/.dylibs/libSDL2-2.0.0.dylib (0x3232ecd90). This may cause spurious casting failures and mysterious crashes. One of the duplicates must be removed or renamed.
[wall_count] 1500000 steps, 30 checkpoints, curriculum

  steps=  50000  held=0.19  gate=0.31  bins=1/3  active= 30  (236s)
  steps= 100000  held=0.42  gate=0.62  bins=2/3  active= 60  [UNLOCK:gate]  (446s)
  steps= 150000  held=0.53  gate=0.71  bins=3/3  active= 90  [UNLOCK:gate]  (677s)
  steps= 200000  held=0.60  gate=0.60  bins=3/3  active= 90  (824s)
  steps= 250000  held=0.67  gate=0.67  bins=3/3  active= 90  (960s)
  steps= 300000  held=0.56  gate=0.56  bins=3/3  active= 90  (1104s)
  steps= 350000  held=0.63  gate=0.63  bins=3/3  active= 90  (1233s)
  steps= 400000  held=0.60  gate=0.60  bins=3/3  active= 90  (1366s)
  steps= 450000  held=0.61  gate=0.61  bins=3/3  active= 90  (1483s)
  steps= 500000  held=0.65  gate=0.65  bins=3/3  active= 90  (1582s)
  steps= 550000  held=0.63  gate=0.63  bins=3/3  active= 90  (1670s)
  steps= 600000  held=0.62  gate=0.62  bins=3/3  active= 90  (1758s)
  steps= 650000  held=0.40  gate=0.40  bins=3/3  active= 90  (1864s)
  steps= 700000  held=0.54  gate=0.54  bins=3/3  active= 90  (1949s)
  steps= 750000  held=0.61  gate=0.61  bins=3/3  active= 90  (2030s)
  steps= 800000  held=0.56  gate=0.56  bins=3/3  active= 90  (2109s)
  steps= 850000  held=0.54  gate=0.54  bins=3/3  active= 90  (2182s)
  steps= 900000  held=0.50  gate=0.50  bins=3/3  active= 90  (2253s)
  steps= 950000  held=0.64  gate=0.64  bins=3/3  active= 90  (2315s)
  steps=1000000  held=0.49  gate=0.49  bins=3/3  active= 90  (2386s)
  steps=1050000  held=0.48  gate=0.48  bins=3/3  active= 90  (2453s)
  steps=1100000  held=0.57  gate=0.57  bins=3/3  active= 90  (2517s)
  steps=1150000  held=0.44  gate=0.44  bins=3/3  active= 90  (2589s)
  steps=1200000  held=0.62  gate=0.62  bins=3/3  active= 90  (2649s)
  steps=1250000  held=0.69  gate=0.69  bins=3/3  active= 90  (2705s)
  steps=1300000  held=0.72  gate=0.72  bins=3/3  active= 90  (2759s)
  steps=1350000  held=0.74  gate=0.74  bins=3/3  active= 90  (2810s)
  steps=1400000  held=0.58  gate=0.58  bins=3/3  active= 90  (2875s)
  steps=1450000  held=0.52  gate=0.52  bins=3/3  active= 90  (2945s)
  steps=1500000  held=0.76  gate=0.76  bins=3/3  active= 90  (3000s)

[wall_count] DONE  final held=0.76  steps_to_0.3=100,000  wall=3000s  -> wall_count_seed16.json
[wall_count] per-cell held: s19N0=0.76
