[grader] train=90 layouts  held-out=36 layouts
objc[5358]: Class SDLApplication is implemented in both /Users/linmuyi/miniconda3/envs/llm_gs/lib/python3.9/site-packages/pygame/.dylibs/libSDL2-2.0.0.dylib (0x1093612c8) and /Users/linmuyi/miniconda3/envs/llm_gs/lib/python3.9/site-packages/cv2/.dylibs/libSDL2-2.0.0.dylib (0x15fc90890). This may cause spurious casting failures and mysterious crashes. One of the duplicates must be removed or renamed.
objc[5358]: Class SDLAppDelegate is implemented in both /Users/linmuyi/miniconda3/envs/llm_gs/lib/python3.9/site-packages/pygame/.dylibs/libSDL2-2.0.0.dylib (0x109361318) and /Users/linmuyi/miniconda3/envs/llm_gs/lib/python3.9/site-packages/cv2/.dylibs/libSDL2-2.0.0.dylib (0x15fc908e0). This may cause spurious casting failures and mysterious crashes. One of the duplicates must be removed or renamed.
objc[5358]: Class SDLTranslatorResponder is implemented in both /Users/linmuyi/miniconda3/envs/llm_gs/lib/python3.9/site-packages/pygame/.dylibs/libSDL2-2.0.0.dylib (0x109361390) and /Users/linmuyi/miniconda3/envs/llm_gs/lib/python3.9/site-packages/cv2/.dylibs/libSDL2-2.0.0.dylib (0x15fc90958). This may cause spurious casting failures and mysterious crashes. One of the duplicates must be removed or renamed.
objc[5358]: Class SDLMessageBoxPresenter is implemented in both /Users/linmuyi/miniconda3/envs/llm_gs/lib/python3.9/site-packages/pygame/.dylibs/libSDL2-2.0.0.dylib (0x1093613b8) and /Users/linmuyi/miniconda3/envs/llm_gs/lib/python3.9/site-packages/cv2/.dylibs/libSDL2-2.0.0.dylib (0x15fc90980). This may cause spurious casting failures and mysterious crashes. One of the duplicates must be removed or renamed.
objc[5358]: Class SDL_cocoametalview is implemented in both /Users/linmuyi/miniconda3/envs/llm_gs/lib/python3.9/site-packages/pygame/.dylibs/libSDL2-2.0.0.dylib (0x109361408) and /Users/linmuyi/miniconda3/envs/llm_gs/lib/python3.9/site-packages/cv2/.dylibs/libSDL2-2.0.0.dylib (0x15fc909d0). This may cause spurious casting failures and mysterious crashes. One of the duplicates must be removed or renamed.
objc[5358]: Class SDLOpenGLContext is implemented in both /Users/linmuyi/miniconda3/envs/llm_gs/lib/python3.9/site-packages/pygame/.dylibs/libSDL2-2.0.0.dylib (0x109361458) and /Users/linmuyi/miniconda3/envs/llm_gs/lib/python3.9/site-packages/cv2/.dylibs/libSDL2-2.0.0.dylib (0x15fc90a20). This may cause spurious casting failures and mysterious crashes. One of the duplicates must be removed or renamed.
objc[5358]: Class SDL_ShapeData is implemented in both /Users/linmuyi/miniconda3/envs/llm_gs/lib/python3.9/site-packages/pygame/.dylibs/libSDL2-2.0.0.dylib (0x1093614d0) and /Users/linmuyi/miniconda3/envs/llm_gs/lib/python3.9/site-packages/cv2/.dylibs/libSDL2-2.0.0.dylib (0x15fc90a98). This may cause spurious casting failures and mysterious crashes. One of the duplicates must be removed or renamed.
objc[5358]: Class SDL_CocoaClosure is implemented in both /Users/linmuyi/miniconda3/envs/llm_gs/lib/python3.9/site-packages/pygame/.dylibs/libSDL2-2.0.0.dylib (0x109361520) and /Users/linmuyi/miniconda3/envs/llm_gs/lib/python3.9/site-packages/cv2/.dylibs/libSDL2-2.0.0.dylib (0x15fc90ae8). This may cause spurious casting failures and mysterious crashes. One of the duplicates must be removed or renamed.
objc[5358]: Class SDL_VideoData is implemented in both /Users/linmuyi/miniconda3/envs/llm_gs/lib/python3.9/site-packages/pygame/.dylibs/libSDL2-2.0.0.dylib (0x109361570) and /Users/linmuyi/miniconda3/envs/llm_gs/lib/python3.9/site-packages/cv2/.dylibs/libSDL2-2.0.0.dylib (0x15fc90b38). This may cause spurious casting failures and mysterious crashes. One of the duplicates must be removed or renamed.
objc[5358]: Class SDL_WindowData is implemented in both /Users/linmuyi/miniconda3/envs/llm_gs/lib/python3.9/site-packages/pygame/.dylibs/libSDL2-2.0.0.dylib (0x1093615c0) and /Users/linmuyi/miniconda3/envs/llm_gs/lib/python3.9/site-packages/cv2/.dylibs/libSDL2-2.0.0.dylib (0x15fc90b88). This may cause spurious casting failures and mysterious crashes. One of the duplicates must be removed or renamed.
objc[5358]: Class SDLWindow is implemented in both /Users/linmuyi/miniconda3/envs/llm_gs/lib/python3.9/site-packages/pygame/.dylibs/libSDL2-2.0.0.dylib (0x1093615e8) and /Users/linmuyi/miniconda3/envs/llm_gs/lib/python3.9/site-packages/cv2/.dylibs/libSDL2-2.0.0.dylib (0x15fc90bb0). This may cause spurious casting failures and mysterious crashes. One of the duplicates must be removed or renamed.
objc[5358]: Class Cocoa_WindowListener is implemented in both /Users/linmuyi/miniconda3/envs/llm_gs/lib/python3.9/site-packages/pygame/.dylibs/libSDL2-2.0.0.dylib (0x109361610) and /Users/linmuyi/miniconda3/envs/llm_gs/lib/python3.9/site-packages/cv2/.dylibs/libSDL2-2.0.0.dylib (0x15fc90bd8). This may cause spurious casting failures and mysterious crashes. One of the duplicates must be removed or renamed.
objc[5358]: Class SDLView is implemented in both /Users/linmuyi/miniconda3/envs/llm_gs/lib/python3.9/site-packages/pygame/.dylibs/libSDL2-2.0.0.dylib (0x109361688) and /Users/linmuyi/miniconda3/envs/llm_gs/lib/python3.9/site-packages/cv2/.dylibs/libSDL2-2.0.0.dylib (0x15fc90c50). This may cause spurious casting failures and mysterious crashes. One of the duplicates must be removed or renamed.
objc[5358]: Class METAL_RenderData is implemented in both /Users/linmuyi/miniconda3/envs/llm_gs/lib/python3.9/site-packages/pygame/.dylibs/libSDL2-2.0.0.dylib (0x109361700) and /Users/linmuyi/miniconda3/envs/llm_gs/lib/python3.9/site-packages/cv2/.dylibs/libSDL2-2.0.0.dylib (0x15fc90cc8). This may cause spurious casting failures and mysterious crashes. One of the duplicates must be removed or renamed.
objc[5358]: Class METAL_TextureData is implemented in both /Users/linmuyi/miniconda3/envs/llm_gs/lib/python3.9/site-packages/pygame/.dylibs/libSDL2-2.0.0.dylib (0x109361750) and /Users/linmuyi/miniconda3/envs/llm_gs/lib/python3.9/site-packages/cv2/.dylibs/libSDL2-2.0.0.dylib (0x15fc90d18). This may cause spurious casting failures and mysterious crashes. One of the duplicates must be removed or renamed.
objc[5358]: Class SDL_RumbleMotor is implemented in both /Users/linmuyi/miniconda3/envs/llm_gs/lib/python3.9/site-packages/pygame/.dylibs/libSDL2-2.0.0.dylib (0x109361778) and /Users/linmuyi/miniconda3/envs/llm_gs/lib/python3.9/site-packages/cv2/.dylibs/libSDL2-2.0.0.dylib (0x15fc90d40). This may cause spurious casting failures and mysterious crashes. One of the duplicates must be removed or renamed.
objc[5358]: Class SDL_RumbleContext is implemented in both /Users/linmuyi/miniconda3/envs/llm_gs/lib/python3.9/site-packages/pygame/.dylibs/libSDL2-2.0.0.dylib (0x1093617c8) and /Users/linmuyi/miniconda3/envs/llm_gs/lib/python3.9/site-packages/cv2/.dylibs/libSDL2-2.0.0.dylib (0x15fc90d90). This may cause spurious casting failures and mysterious crashes. One of the duplicates must be removed or renamed.
[grader] 1500000 steps, 30 checkpoints, curriculum

  steps=  50000  held=0.11  gate=0.12  bins=1/3  active= 30  (134s)
  steps= 100000  held=0.05  gate=0.08  bins=1/3  active= 30  (265s)
  steps= 150000  held=0.19  gate=0.22  bins=1/3  active= 30  (390s)
  steps= 200000  held=0.24  gate=0.46  bins=1/3  active= 30  (510s)
  steps= 250000  held=0.12  gate=0.21  bins=1/3  active= 30  (642s)
  steps= 300000  held=0.48  gate=0.54  bins=1/3  active= 30  (751s)
  steps= 350000  held=0.62  gate=0.83  bins=2/3  active= 60  [UNLOCK:gate]  (838s)
  steps= 400000  held=0.69  gate=0.85  bins=3/3  active= 90  [UNLOCK:gate]  (922s)
  steps= 450000  held=0.54  gate=0.54  bins=3/3  active= 90  (1007s)
  steps= 500000  held=0.15  gate=0.15  bins=3/3  active= 90  (1108s)
  steps= 550000  held=0.24  gate=0.24  bins=3/3  active= 90  (1211s)
  steps= 600000  held=0.25  gate=0.25  bins=3/3  active= 90  (1311s)
  steps= 650000  held=0.12  gate=0.12  bins=3/3  active= 90  (1408s)
  steps= 700000  held=0.20  gate=0.20  bins=3/3  active= 90  (1501s)
  steps= 750000  held=0.19  gate=0.19  bins=3/3  active= 90  (1597s)
  steps= 800000  held=0.21  gate=0.21  bins=3/3  active= 90  (1699s)
  steps= 850000  held=0.18  gate=0.18  bins=3/3  active= 90  (1797s)
  steps= 900000  held=0.29  gate=0.29  bins=3/3  active= 90  (1889s)
  steps= 950000  held=0.16  gate=0.16  bins=3/3  active= 90  (1988s)
  steps=1000000  held=0.19  gate=0.19  bins=3/3  active= 90  (2086s)
  steps=1050000  held=0.01  gate=0.01  bins=3/3  active= 90  (2184s)
  steps=1100000  held=0.09  gate=0.09  bins=3/3  active= 90  (2282s)
  steps=1150000  held=0.17  gate=0.17  bins=3/3  active= 90  (2372s)
  steps=1200000  held=0.16  gate=0.16  bins=3/3  active= 90  (2468s)
  steps=1250000  held=0.19  gate=0.19  bins=3/3  active= 90  (2569s)
  steps=1300000  held=0.07  gate=0.07  bins=3/3  active= 90  (2672s)
  steps=1350000  held=0.22  gate=0.22  bins=3/3  active= 90  (2768s)
  steps=1400000  held=0.40  gate=0.40  bins=3/3  active= 90  (2852s)
  steps=1450000  held=0.49  gate=0.49  bins=3/3  active= 90  (2935s)
  steps=1500000  held=0.44  gate=0.44  bins=3/3  active= 90  (3024s)

[grader] DONE  final held=0.44  steps_to_0.3=300,000  wall=3024s  -> grader_seed10.json
[grader] per-cell held: s19N0=0.44
