[random_curriculum] train=90 layouts  held-out=36 layouts
objc[26163]: Class SDLApplication is implemented in both /Users/linmuyi/miniconda3/envs/llm_gs/lib/python3.9/site-packages/pygame/.dylibs/libSDL2-2.0.0.dylib (0x1048d52c8) and /Users/linmuyi/miniconda3/envs/llm_gs/lib/python3.9/site-packages/cv2/.dylibs/libSDL2-2.0.0.dylib (0x168cf8890). This may cause spurious casting failures and mysterious crashes. One of the duplicates must be removed or renamed.
objc[26163]: Class SDLAppDelegate is implemented in both /Users/linmuyi/miniconda3/envs/llm_gs/lib/python3.9/site-packages/pygame/.dylibs/libSDL2-2.0.0.dylib (0x1048d5318) and /Users/linmuyi/miniconda3/envs/llm_gs/lib/python3.9/site-packages/cv2/.dylibs/libSDL2-2.0.0.dylib (0x168cf88e0). This may cause spurious casting failures and mysterious crashes. One of the duplicates must be removed or renamed.
objc[26163]: Class SDLTranslatorResponder is implemented in both /Users/linmuyi/miniconda3/envs/llm_gs/lib/python3.9/site-packages/pygame/.dylibs/libSDL2-2.0.0.dylib (0x1048d5390) and /Users/linmuyi/miniconda3/envs/llm_gs/lib/python3.9/site-packages/cv2/.dylibs/libSDL2-2.0.0.dylib (0x168cf8958). This may cause spurious casting failures and mysterious crashes. One of the duplicates must be removed or renamed.
objc[26163]: Class SDLMessageBoxPresenter is implemented in both /Users/linmuyi/miniconda3/envs/llm_gs/lib/python3.9/site-packages/pygame/.dylibs/libSDL2-2.0.0.dylib (0x1048d53b8) and /Users/linmuyi/miniconda3/envs/llm_gs/lib/python3.9/site-packages/cv2/.dylibs/libSDL2-2.0.0.dylib (0x168cf8980). This may cause spurious casting failures and mysterious crashes. One of the duplicates must be removed or renamed.
objc[26163]: Class SDL_cocoametalview is implemented in both /Users/linmuyi/miniconda3/envs/llm_gs/lib/python3.9/site-packages/pygame/.dylibs/libSDL2-2.0.0.dylib (0x1048d5408) and /Users/linmuyi/miniconda3/envs/llm_gs/lib/python3.9/site-packages/cv2/.dylibs/libSDL2-2.0.0.dylib (0x168cf89d0). This may cause spurious casting failures and mysterious crashes. One of the duplicates must be removed or renamed.
objc[26163]: Class SDLOpenGLContext is implemented in both /Users/linmuyi/miniconda3/envs/llm_gs/lib/python3.9/site-packages/pygame/.dylibs/libSDL2-2.0.0.dylib (0x1048d5458) and /Users/linmuyi/miniconda3/envs/llm_gs/lib/python3.9/site-packages/cv2/.dylibs/libSDL2-2.0.0.dylib (0x168cf8a20). This may cause spurious casting failures and mysterious crashes. One of the duplicates must be removed or renamed.
objc[26163]: Class SDL_ShapeData is implemented in both /Users/linmuyi/miniconda3/envs/llm_gs/lib/python3.9/site-packages/pygame/.dylibs/libSDL2-2.0.0.dylib (0x1048d54d0) and /Users/linmuyi/miniconda3/envs/llm_gs/lib/python3.9/site-packages/cv2/.dylibs/libSDL2-2.0.0.dylib (0x168cf8a98). This may cause spurious casting failures and mysterious crashes. One of the duplicates must be removed or renamed.
objc[26163]: Class SDL_CocoaClosure is implemented in both /Users/linmuyi/miniconda3/envs/llm_gs/lib/python3.9/site-packages/pygame/.dylibs/libSDL2-2.0.0.dylib (0x1048d5520) and /Users/linmuyi/miniconda3/envs/llm_gs/lib/python3.9/site-packages/cv2/.dylibs/libSDL2-2.0.0.dylib (0x168cf8ae8). This may cause spurious casting failures and mysterious crashes. One of the duplicates must be removed or renamed.
objc[26163]: Class SDL_VideoData is implemented in both /Users/linmuyi/miniconda3/envs/llm_gs/lib/python3.9/site-packages/pygame/.dylibs/libSDL2-2.0.0.dylib (0x1048d5570) and /Users/linmuyi/miniconda3/envs/llm_gs/lib/python3.9/site-packages/cv2/.dylibs/libSDL2-2.0.0.dylib (0x168cf8b38). This may cause spurious casting failures and mysterious crashes. One of the duplicates must be removed or renamed.
objc[26163]: Class SDL_WindowData is implemented in both /Users/linmuyi/miniconda3/envs/llm_gs/lib/python3.9/site-packages/pygame/.dylibs/libSDL2-2.0.0.dylib (0x1048d55c0) and /Users/linmuyi/miniconda3/envs/llm_gs/lib/python3.9/site-packages/cv2/.dylibs/libSDL2-2.0.0.dylib (0x168cf8b88). This may cause spurious casting failures and mysterious crashes. One of the duplicates must be removed or renamed.
objc[26163]: Class SDLWindow is implemented in both /Users/linmuyi/miniconda3/envs/llm_gs/lib/python3.9/site-packages/pygame/.dylibs/libSDL2-2.0.0.dylib (0x1048d55e8) and /Users/linmuyi/miniconda3/envs/llm_gs/lib/python3.9/site-packages/cv2/.dylibs/libSDL2-2.0.0.dylib (0x168cf8bb0). This may cause spurious casting failures and mysterious crashes. One of the duplicates must be removed or renamed.
objc[26163]: Class Cocoa_WindowListener is implemented in both /Users/linmuyi/miniconda3/envs/llm_gs/lib/python3.9/site-packages/pygame/.dylibs/libSDL2-2.0.0.dylib (0x1048d5610) and /Users/linmuyi/miniconda3/envs/llm_gs/lib/python3.9/site-packages/cv2/.dylibs/libSDL2-2.0.0.dylib (0x168cf8bd8). This may cause spurious casting failures and mysterious crashes. One of the duplicates must be removed or renamed.
objc[26163]: Class SDLView is implemented in both /Users/linmuyi/miniconda3/envs/llm_gs/lib/python3.9/site-packages/pygame/.dylibs/libSDL2-2.0.0.dylib (0x1048d5688) and /Users/linmuyi/miniconda3/envs/llm_gs/lib/python3.9/site-packages/cv2/.dylibs/libSDL2-2.0.0.dylib (0x168cf8c50). This may cause spurious casting failures and mysterious crashes. One of the duplicates must be removed or renamed.
objc[26163]: Class METAL_RenderData is implemented in both /Users/linmuyi/miniconda3/envs/llm_gs/lib/python3.9/site-packages/pygame/.dylibs/libSDL2-2.0.0.dylib (0x1048d5700) and /Users/linmuyi/miniconda3/envs/llm_gs/lib/python3.9/site-packages/cv2/.dylibs/libSDL2-2.0.0.dylib (0x168cf8cc8). This may cause spurious casting failures and mysterious crashes. One of the duplicates must be removed or renamed.
objc[26163]: Class METAL_TextureData is implemented in both /Users/linmuyi/miniconda3/envs/llm_gs/lib/python3.9/site-packages/pygame/.dylibs/libSDL2-2.0.0.dylib (0x1048d5750) and /Users/linmuyi/miniconda3/envs/llm_gs/lib/python3.9/site-packages/cv2/.dylibs/libSDL2-2.0.0.dylib (0x168cf8d18). This may cause spurious casting failures and mysterious crashes. One of the duplicates must be removed or renamed.
objc[26163]: Class SDL_RumbleMotor is implemented in both /Users/linmuyi/miniconda3/envs/llm_gs/lib/python3.9/site-packages/pygame/.dylibs/libSDL2-2.0.0.dylib (0x1048d5778) and /Users/linmuyi/miniconda3/envs/llm_gs/lib/python3.9/site-packages/cv2/.dylibs/libSDL2-2.0.0.dylib (0x168cf8d40). This may cause spurious casting failures and mysterious crashes. One of the duplicates must be removed or renamed.
objc[26163]: Class SDL_RumbleContext is implemented in both /Users/linmuyi/miniconda3/envs/llm_gs/lib/python3.9/site-packages/pygame/.dylibs/libSDL2-2.0.0.dylib (0x1048d57c8) and /Users/linmuyi/miniconda3/envs/llm_gs/lib/python3.9/site-packages/cv2/.dylibs/libSDL2-2.0.0.dylib (0x168cf8d90). This may cause spurious casting failures and mysterious crashes. One of the duplicates must be removed or renamed.
[random_curriculum] 1500000 steps, 30 checkpoints, curriculum

  steps=  50000  held=0.01  gate=0.00  bins=1/3  active= 30  (134s)
  steps= 100000  held=0.07  gate=0.06  bins=1/3  active= 30  (265s)
  steps= 150000  held=0.08  gate=0.04  bins=1/3  active= 30  (397s)
  steps= 200000  held=0.07  gate=0.07  bins=1/3  active= 30  (531s)
  steps= 250000  held=0.06  gate=0.03  bins=1/3  active= 30  (668s)
  steps= 300000  held=0.07  gate=0.06  bins=1/3  active= 30  (803s)
  steps= 350000  held=0.11  gate=0.11  bins=1/3  active= 30  (933s)
  steps= 400000  held=0.01  gate=0.00  bins=2/3  active= 60  [UNLOCK:deadline]  (1063s)
  steps= 450000  held=0.01  gate=0.00  bins=2/3  active= 60  (1192s)
  steps= 500000  held=0.00  gate=0.00  bins=2/3  active= 60  (1321s)
  steps= 550000  held=0.00  gate=0.00  bins=2/3  active= 60  (1449s)
  steps= 600000  held=0.00  gate=0.00  bins=2/3  active= 60  (1577s)
  steps= 650000  held=0.01  gate=0.00  bins=2/3  active= 60  (1706s)
  steps= 700000  held=0.00  gate=0.00  bins=2/3  active= 60  (1835s)
  steps= 750000  held=0.00  gate=0.00  bins=2/3  active= 60  (1963s)
  steps= 800000  held=0.03  gate=0.00  bins=3/3  active= 90  [UNLOCK:deadline]  (2088s)
  steps= 850000  held=0.00  gate=0.00  bins=3/3  active= 90  (2171s)
  steps= 900000  held=0.00  gate=0.00  bins=3/3  active= 90  (2254s)
  steps= 950000  held=0.00  gate=0.00  bins=3/3  active= 90  (2336s)
  steps=1000000  held=0.00  gate=0.00  bins=3/3  active= 90  (2419s)
  steps=1050000  held=0.00  gate=0.00  bins=3/3  active= 90  (2502s)
  steps=1100000  held=0.00  gate=0.00  bins=3/3  active= 90  (2584s)
  steps=1150000  held=0.00  gate=0.00  bins=3/3  active= 90  (2667s)
  steps=1200000  held=0.00  gate=0.00  bins=3/3  active= 90  (2749s)
  steps=1250000  held=0.00  gate=0.00  bins=3/3  active= 90  (2831s)
  steps=1300000  held=0.00  gate=0.00  bins=3/3  active= 90  (2913s)
  steps=1350000  held=0.03  gate=0.03  bins=3/3  active= 90  (2996s)
  steps=1400000  held=0.00  gate=0.00  bins=3/3  active= 90  (3078s)
  steps=1450000  held=0.00  gate=0.00  bins=3/3  active= 90  (3160s)
  steps=1500000  held=0.00  gate=0.00  bins=3/3  active= 90  (3242s)

[random_curriculum] DONE  final held=0.00  steps_to_0.3=NOT REACHED  wall=3242s  -> random_curriculum_seed18.json
[random_curriculum] per-cell held: s19N0=0.00
