[grader] train=90 layouts  held-out=36 layouts
objc[43956]: Class SDLApplication is implemented in both /Users/linmuyi/miniconda3/envs/llm_gs/lib/python3.9/site-packages/pygame/.dylibs/libSDL2-2.0.0.dylib (0x11a14d2c8) and /Users/linmuyi/miniconda3/envs/llm_gs/lib/python3.9/site-packages/cv2/.dylibs/libSDL2-2.0.0.dylib (0x320c94890). This may cause spurious casting failures and mysterious crashes. One of the duplicates must be removed or renamed.
objc[43956]: Class SDLAppDelegate is implemented in both /Users/linmuyi/miniconda3/envs/llm_gs/lib/python3.9/site-packages/pygame/.dylibs/libSDL2-2.0.0.dylib (0x11a14d318) and /Users/linmuyi/miniconda3/envs/llm_gs/lib/python3.9/site-packages/cv2/.dylibs/libSDL2-2.0.0.dylib (0x320c948e0). This may cause spurious casting failures and mysterious crashes. One of the duplicates must be removed or renamed.
objc[43956]: Class SDLTranslatorResponder is implemented in both /Users/linmuyi/miniconda3/envs/llm_gs/lib/python3.9/site-packages/pygame/.dylibs/libSDL2-2.0.0.dylib (0x11a14d390) and /Users/linmuyi/miniconda3/envs/llm_gs/lib/python3.9/site-packages/cv2/.dylibs/libSDL2-2.0.0.dylib (0x320c94958). This may cause spurious casting failures and mysterious crashes. One of the duplicates must be removed or renamed.
objc[43956]: Class SDLMessageBoxPresenter is implemented in both /Users/linmuyi/miniconda3/envs/llm_gs/lib/python3.9/site-packages/pygame/.dylibs/libSDL2-2.0.0.dylib (0x11a14d3b8) and /Users/linmuyi/miniconda3/envs/llm_gs/lib/python3.9/site-packages/cv2/.dylibs/libSDL2-2.0.0.dylib (0x320c94980). This may cause spurious casting failures and mysterious crashes. One of the duplicates must be removed or renamed.
objc[43956]: Class SDL_cocoametalview is implemented in both /Users/linmuyi/miniconda3/envs/llm_gs/lib/python3.9/site-packages/pygame/.dylibs/libSDL2-2.0.0.dylib (0x11a14d408) and /Users/linmuyi/miniconda3/envs/llm_gs/lib/python3.9/site-packages/cv2/.dylibs/libSDL2-2.0.0.dylib (0x320c949d0). This may cause spurious casting failures and mysterious crashes. One of the duplicates must be removed or renamed.
objc[43956]: Class SDLOpenGLContext is implemented in both /Users/linmuyi/miniconda3/envs/llm_gs/lib/python3.9/site-packages/pygame/.dylibs/libSDL2-2.0.0.dylib (0x11a14d458) and /Users/linmuyi/miniconda3/envs/llm_gs/lib/python3.9/site-packages/cv2/.dylibs/libSDL2-2.0.0.dylib (0x320c94a20). This may cause spurious casting failures and mysterious crashes. One of the duplicates must be removed or renamed.
objc[43956]: Class SDL_ShapeData is implemented in both /Users/linmuyi/miniconda3/envs/llm_gs/lib/python3.9/site-packages/pygame/.dylibs/libSDL2-2.0.0.dylib (0x11a14d4d0) and /Users/linmuyi/miniconda3/envs/llm_gs/lib/python3.9/site-packages/cv2/.dylibs/libSDL2-2.0.0.dylib (0x320c94a98). This may cause spurious casting failures and mysterious crashes. One of the duplicates must be removed or renamed.
objc[43956]: Class SDL_CocoaClosure is implemented in both /Users/linmuyi/miniconda3/envs/llm_gs/lib/python3.9/site-packages/pygame/.dylibs/libSDL2-2.0.0.dylib (0x11a14d520) and /Users/linmuyi/miniconda3/envs/llm_gs/lib/python3.9/site-packages/cv2/.dylibs/libSDL2-2.0.0.dylib (0x320c94ae8). This may cause spurious casting failures and mysterious crashes. One of the duplicates must be removed or renamed.
objc[43956]: Class SDL_VideoData is implemented in both /Users/linmuyi/miniconda3/envs/llm_gs/lib/python3.9/site-packages/pygame/.dylibs/libSDL2-2.0.0.dylib (0x11a14d570) and /Users/linmuyi/miniconda3/envs/llm_gs/lib/python3.9/site-packages/cv2/.dylibs/libSDL2-2.0.0.dylib (0x320c94b38). This may cause spurious casting failures and mysterious crashes. One of the duplicates must be removed or renamed.
objc[43956]: Class SDL_WindowData is implemented in both /Users/linmuyi/miniconda3/envs/llm_gs/lib/python3.9/site-packages/pygame/.dylibs/libSDL2-2.0.0.dylib (0x11a14d5c0) and /Users/linmuyi/miniconda3/envs/llm_gs/lib/python3.9/site-packages/cv2/.dylibs/libSDL2-2.0.0.dylib (0x320c94b88). This may cause spurious casting failures and mysterious crashes. One of the duplicates must be removed or renamed.
objc[43956]: Class SDLWindow is implemented in both /Users/linmuyi/miniconda3/envs/llm_gs/lib/python3.9/site-packages/pygame/.dylibs/libSDL2-2.0.0.dylib (0x11a14d5e8) and /Users/linmuyi/miniconda3/envs/llm_gs/lib/python3.9/site-packages/cv2/.dylibs/libSDL2-2.0.0.dylib (0x320c94bb0). This may cause spurious casting failures and mysterious crashes. One of the duplicates must be removed or renamed.
objc[43956]: Class Cocoa_WindowListener is implemented in both /Users/linmuyi/miniconda3/envs/llm_gs/lib/python3.9/site-packages/pygame/.dylibs/libSDL2-2.0.0.dylib (0x11a14d610) and /Users/linmuyi/miniconda3/envs/llm_gs/lib/python3.9/site-packages/cv2/.dylibs/libSDL2-2.0.0.dylib (0x320c94bd8). This may cause spurious casting failures and mysterious crashes. One of the duplicates must be removed or renamed.
objc[43956]: Class SDLView is implemented in both /Users/linmuyi/miniconda3/envs/llm_gs/lib/python3.9/site-packages/pygame/.dylibs/libSDL2-2.0.0.dylib (0x11a14d688) and /Users/linmuyi/miniconda3/envs/llm_gs/lib/python3.9/site-packages/cv2/.dylibs/libSDL2-2.0.0.dylib (0x320c94c50). This may cause spurious casting failures and mysterious crashes. One of the duplicates must be removed or renamed.
objc[43956]: Class METAL_RenderData is implemented in both /Users/linmuyi/miniconda3/envs/llm_gs/lib/python3.9/site-packages/pygame/.dylibs/libSDL2-2.0.0.dylib (0x11a14d700) and /Users/linmuyi/miniconda3/envs/llm_gs/lib/python3.9/site-packages/cv2/.dylibs/libSDL2-2.0.0.dylib (0x320c94cc8). This may cause spurious casting failures and mysterious crashes. One of the duplicates must be removed or renamed.
objc[43956]: Class METAL_TextureData is implemented in both /Users/linmuyi/miniconda3/envs/llm_gs/lib/python3.9/site-packages/pygame/.dylibs/libSDL2-2.0.0.dylib (0x11a14d750) and /Users/linmuyi/miniconda3/envs/llm_gs/lib/python3.9/site-packages/cv2/.dylibs/libSDL2-2.0.0.dylib (0x320c94d18). This may cause spurious casting failures and mysterious crashes. One of the duplicates must be removed or renamed.
objc[43956]: Class SDL_RumbleMotor is implemented in both /Users/linmuyi/miniconda3/envs/llm_gs/lib/python3.9/site-packages/pygame/.dylibs/libSDL2-2.0.0.dylib (0x11a14d778) and /Users/linmuyi/miniconda3/envs/llm_gs/lib/python3.9/site-packages/cv2/.dylibs/libSDL2-2.0.0.dylib (0x320c94d40). This may cause spurious casting failures and mysterious crashes. One of the duplicates must be removed or renamed.
objc[43956]: Class SDL_RumbleContext is implemented in both /Users/linmuyi/miniconda3/envs/llm_gs/lib/python3.9/site-packages/pygame/.dylibs/libSDL2-2.0.0.dylib (0x11a14d7c8) and /Users/linmuyi/miniconda3/envs/llm_gs/lib/python3.9/site-packages/cv2/.dylibs/libSDL2-2.0.0.dylib (0x320c94d90). This may cause spurious casting failures and mysterious crashes. One of the duplicates must be removed or renamed.
[grader] 1500000 steps, 30 checkpoints, curriculum

  steps=  50000  held=0.14  gate=0.25  bins=1/3  active= 30  (150s)
  steps= 100000  held=0.26  gate=0.42  bins=1/3  active= 30  (286s)
  steps= 150000  held=0.52  gate=0.85  bins=2/3  active= 60  [UNLOCK:gate]  (393s)
  steps= 200000  held=0.60  gate=0.68  bins=3/3  active= 90  [UNLOCK:gate]  (488s)
  steps= 250000  held=0.65  gate=0.65  bins=3/3  active= 90  (550s)
  steps= 300000  held=0.57  gate=0.57  bins=3/3  active= 90  (621s)
  steps= 350000  held=0.51  gate=0.51  bins=3/3  active= 90  (691s)
  steps= 400000  held=0.63  gate=0.63  bins=3/3  active= 90  (754s)
  steps= 450000  held=0.52  gate=0.52  bins=3/3  active= 90  (821s)
  steps= 500000  held=0.51  gate=0.51  bins=3/3  active= 90  (888s)
  steps= 550000  held=0.49  gate=0.49  bins=3/3  active= 90  (961s)
  steps= 600000  held=0.50  gate=0.50  bins=3/3  active= 90  (1039s)
  steps= 650000  held=0.56  gate=0.56  bins=3/3  active= 90  (1106s)
  steps= 700000  held=0.52  gate=0.52  bins=3/3  active= 90  (1176s)
  steps= 750000  held=0.53  gate=0.53  bins=3/3  active= 90  (1248s)
  steps= 800000  held=0.51  gate=0.51  bins=3/3  active= 90  (1322s)
  steps= 850000  held=0.44  gate=0.44  bins=3/3  active= 90  (1400s)
  steps= 900000  held=0.48  gate=0.48  bins=3/3  active= 90  (1475s)
  steps= 950000  held=0.42  gate=0.42  bins=3/3  active= 90  (1551s)
  steps=1000000  held=0.45  gate=0.45  bins=3/3  active= 90  (1627s)
  steps=1050000  held=0.40  gate=0.40  bins=3/3  active= 90  (1706s)
  steps=1100000  held=0.38  gate=0.38  bins=3/3  active= 90  (1785s)
  steps=1150000  held=0.41  gate=0.41  bins=3/3  active= 90  (1861s)
  steps=1200000  held=0.08  gate=0.08  bins=3/3  active= 90  (1956s)
  steps=1250000  held=0.01  gate=0.01  bins=3/3  active= 90  (2052s)
  steps=1300000  held=0.11  gate=0.11  bins=3/3  active= 90  (2148s)
  steps=1350000  held=0.06  gate=0.06  bins=3/3  active= 90  (2247s)
  steps=1400000  held=0.02  gate=0.02  bins=3/3  active= 90  (2348s)
  steps=1450000  held=0.00  gate=0.00  bins=3/3  active= 90  (2451s)
  steps=1500000  held=0.00  gate=0.00  bins=3/3  active= 90  (2550s)

[grader] DONE  final held=0.00  steps_to_0.3=150,000  wall=2550s  -> grader_seed13.json
[grader] per-cell held: s19N0=0.00
