[grader] train=90 layouts  held-out=36 layouts
objc[63363]: Class SDLApplication is implemented in both /Users/linmuyi/miniconda3/envs/llm_gs/lib/python3.9/site-packages/pygame/.dylibs/libSDL2-2.0.0.dylib (0x11814d2c8) and /Users/linmuyi/miniconda3/envs/llm_gs/lib/python3.9/site-packages/cv2/.dylibs/libSDL2-2.0.0.dylib (0x31ebf0890). This may cause spurious casting failures and mysterious crashes. One of the duplicates must be removed or renamed.
objc[63363]: Class SDLAppDelegate is implemented in both /Users/linmuyi/miniconda3/envs/llm_gs/lib/python3.9/site-packages/pygame/.dylibs/libSDL2-2.0.0.dylib (0x11814d318) and /Users/linmuyi/miniconda3/envs/llm_gs/lib/python3.9/site-packages/cv2/.dylibs/libSDL2-2.0.0.dylib (0x31ebf08e0). This may cause spurious casting failures and mysterious crashes. One of the duplicates must be removed or renamed.
objc[63363]: Class SDLTranslatorResponder is implemented in both /Users/linmuyi/miniconda3/envs/llm_gs/lib/python3.9/site-packages/pygame/.dylibs/libSDL2-2.0.0.dylib (0x11814d390) and /Users/linmuyi/miniconda3/envs/llm_gs/lib/python3.9/site-packages/cv2/.dylibs/libSDL2-2.0.0.dylib (0x31ebf0958). This may cause spurious casting failures and mysterious crashes. One of the duplicates must be removed or renamed.
objc[63363]: Class SDLMessageBoxPresenter is implemented in both /Users/linmuyi/miniconda3/envs/llm_gs/lib/python3.9/site-packages/pygame/.dylibs/libSDL2-2.0.0.dylib (0x11814d3b8) and /Users/linmuyi/miniconda3/envs/llm_gs/lib/python3.9/site-packages/cv2/.dylibs/libSDL2-2.0.0.dylib (0x31ebf0980). This may cause spurious casting failures and mysterious crashes. One of the duplicates must be removed or renamed.
objc[63363]: Class SDL_cocoametalview is implemented in both /Users/linmuyi/miniconda3/envs/llm_gs/lib/python3.9/site-packages/pygame/.dylibs/libSDL2-2.0.0.dylib (0x11814d408) and /Users/linmuyi/miniconda3/envs/llm_gs/lib/python3.9/site-packages/cv2/.dylibs/libSDL2-2.0.0.dylib (0x31ebf09d0). This may cause spurious casting failures and mysterious crashes. One of the duplicates must be removed or renamed.
objc[63363]: Class SDLOpenGLContext is implemented in both /Users/linmuyi/miniconda3/envs/llm_gs/lib/python3.9/site-packages/pygame/.dylibs/libSDL2-2.0.0.dylib (0x11814d458) and /Users/linmuyi/miniconda3/envs/llm_gs/lib/python3.9/site-packages/cv2/.dylibs/libSDL2-2.0.0.dylib (0x31ebf0a20). This may cause spurious casting failures and mysterious crashes. One of the duplicates must be removed or renamed.
objc[63363]: Class SDL_ShapeData is implemented in both /Users/linmuyi/miniconda3/envs/llm_gs/lib/python3.9/site-packages/pygame/.dylibs/libSDL2-2.0.0.dylib (0x11814d4d0) and /Users/linmuyi/miniconda3/envs/llm_gs/lib/python3.9/site-packages/cv2/.dylibs/libSDL2-2.0.0.dylib (0x31ebf0a98). This may cause spurious casting failures and mysterious crashes. One of the duplicates must be removed or renamed.
objc[63363]: Class SDL_CocoaClosure is implemented in both /Users/linmuyi/miniconda3/envs/llm_gs/lib/python3.9/site-packages/pygame/.dylibs/libSDL2-2.0.0.dylib (0x11814d520) and /Users/linmuyi/miniconda3/envs/llm_gs/lib/python3.9/site-packages/cv2/.dylibs/libSDL2-2.0.0.dylib (0x31ebf0ae8). This may cause spurious casting failures and mysterious crashes. One of the duplicates must be removed or renamed.
objc[63363]: Class SDL_VideoData is implemented in both /Users/linmuyi/miniconda3/envs/llm_gs/lib/python3.9/site-packages/pygame/.dylibs/libSDL2-2.0.0.dylib (0x11814d570) and /Users/linmuyi/miniconda3/envs/llm_gs/lib/python3.9/site-packages/cv2/.dylibs/libSDL2-2.0.0.dylib (0x31ebf0b38). This may cause spurious casting failures and mysterious crashes. One of the duplicates must be removed or renamed.
objc[63363]: Class SDL_WindowData is implemented in both /Users/linmuyi/miniconda3/envs/llm_gs/lib/python3.9/site-packages/pygame/.dylibs/libSDL2-2.0.0.dylib (0x11814d5c0) and /Users/linmuyi/miniconda3/envs/llm_gs/lib/python3.9/site-packages/cv2/.dylibs/libSDL2-2.0.0.dylib (0x31ebf0b88). This may cause spurious casting failures and mysterious crashes. One of the duplicates must be removed or renamed.
objc[63363]: Class SDLWindow is implemented in both /Users/linmuyi/miniconda3/envs/llm_gs/lib/python3.9/site-packages/pygame/.dylibs/libSDL2-2.0.0.dylib (0x11814d5e8) and /Users/linmuyi/miniconda3/envs/llm_gs/lib/python3.9/site-packages/cv2/.dylibs/libSDL2-2.0.0.dylib (0x31ebf0bb0). This may cause spurious casting failures and mysterious crashes. One of the duplicates must be removed or renamed.
objc[63363]: Class Cocoa_WindowListener is implemented in both /Users/linmuyi/miniconda3/envs/llm_gs/lib/python3.9/site-packages/pygame/.dylibs/libSDL2-2.0.0.dylib (0x11814d610) and /Users/linmuyi/miniconda3/envs/llm_gs/lib/python3.9/site-packages/cv2/.dylibs/libSDL2-2.0.0.dylib (0x31ebf0bd8). This may cause spurious casting failures and mysterious crashes. One of the duplicates must be removed or renamed.
objc[63363]: Class SDLView is implemented in both /Users/linmuyi/miniconda3/envs/llm_gs/lib/python3.9/site-packages/pygame/.dylibs/libSDL2-2.0.0.dylib (0x11814d688) and /Users/linmuyi/miniconda3/envs/llm_gs/lib/python3.9/site-packages/cv2/.dylibs/libSDL2-2.0.0.dylib (0x31ebf0c50). This may cause spurious casting failures and mysterious crashes. One of the duplicates must be removed or renamed.
objc[63363]: Class METAL_RenderData is implemented in both /Users/linmuyi/miniconda3/envs/llm_gs/lib/python3.9/site-packages/pygame/.dylibs/libSDL2-2.0.0.dylib (0x11814d700) and /Users/linmuyi/miniconda3/envs/llm_gs/lib/python3.9/site-packages/cv2/.dylibs/libSDL2-2.0.0.dylib (0x31ebf0cc8). This may cause spurious casting failures and mysterious crashes. One of the duplicates must be removed or renamed.
objc[63363]: Class METAL_TextureData is implemented in both /Users/linmuyi/miniconda3/envs/llm_gs/lib/python3.9/site-packages/pygame/.dylibs/libSDL2-2.0.0.dylib (0x11814d750) and /Users/linmuyi/miniconda3/envs/llm_gs/lib/python3.9/site-packages/cv2/.dylibs/libSDL2-2.0.0.dylib (0x31ebf0d18). This may cause spurious casting failures and mysterious crashes. One of the duplicates must be removed or renamed.
objc[63363]: Class SDL_RumbleMotor is implemented in both /Users/linmuyi/miniconda3/envs/llm_gs/lib/python3.9/site-packages/pygame/.dylibs/libSDL2-2.0.0.dylib (0x11814d778) and /Users/linmuyi/miniconda3/envs/llm_gs/lib/python3.9/site-packages/cv2/.dylibs/libSDL2-2.0.0.dylib (0x31ebf0d40). This may cause spurious casting failures and mysterious crashes. One of the duplicates must be removed or renamed.
objc[63363]: Class SDL_RumbleContext is implemented in both /Users/linmuyi/miniconda3/envs/llm_gs/lib/python3.9/site-packages/pygame/.dylibs/libSDL2-2.0.0.dylib (0x11814d7c8) and /Users/linmuyi/miniconda3/envs/llm_gs/lib/python3.9/site-packages/cv2/.dylibs/libSDL2-2.0.0.dylib (0x31ebf0d90). This may cause spurious casting failures and mysterious crashes. One of the duplicates must be removed or renamed.
[grader] 1500000 steps, 30 checkpoints, curriculum

  steps=  50000  held=0.40  gate=0.67  bins=2/3  active= 60  [UNLOCK:gate]  (187s)
  steps= 100000  held=0.48  gate=0.74  bins=3/3  active= 90  [UNLOCK:gate]  (354s)
  steps= 150000  held=0.58  gate=0.58  bins=3/3  active= 90  (473s)
  steps= 200000  held=0.65  gate=0.65  bins=3/3  active= 90  (585s)
  steps= 250000  held=0.54  gate=0.54  bins=3/3  active= 90  (705s)
  steps= 300000  held=0.60  gate=0.60  bins=3/3  active= 90  (827s)
  steps= 350000  held=0.53  gate=0.53  bins=3/3  active= 90  (948s)
  steps= 400000  held=0.55  gate=0.55  bins=3/3  active= 90  (1063s)
  steps= 450000  held=0.57  gate=0.57  bins=3/3  active= 90  (1177s)
  steps= 500000  held=0.53  gate=0.53  bins=3/3  active= 90  (1290s)
  steps= 550000  held=0.56  gate=0.56  bins=3/3  active= 90  (1406s)
  steps= 600000  held=0.51  gate=0.51  bins=3/3  active= 90  (1529s)
  steps= 650000  held=0.54  gate=0.54  bins=3/3  active= 90  (1644s)
  steps= 700000  held=0.65  gate=0.65  bins=3/3  active= 90  (1752s)
  steps= 750000  held=0.49  gate=0.49  bins=3/3  active= 90  (1874s)
  steps= 800000  held=0.55  gate=0.55  bins=3/3  active= 90  (1992s)
  steps= 850000  held=0.68  gate=0.68  bins=3/3  active= 90  (2098s)
  steps= 900000  held=0.55  gate=0.55  bins=3/3  active= 90  (2215s)
  steps= 950000  held=0.56  gate=0.56  bins=3/3  active= 90  (2329s)
  steps=1000000  held=0.62  gate=0.62  bins=3/3  active= 90  (2434s)
  steps=1050000  held=0.69  gate=0.69  bins=3/3  active= 90  (2542s)
  steps=1100000  held=0.60  gate=0.60  bins=3/3  active= 90  (2641s)
  steps=1150000  held=0.58  gate=0.58  bins=3/3  active= 90  (2703s)
  steps=1200000  held=0.60  gate=0.60  bins=3/3  active= 90  (2766s)
  steps=1250000  held=0.52  gate=0.52  bins=3/3  active= 90  (2832s)
  steps=1300000  held=0.58  gate=0.58  bins=3/3  active= 90  (2898s)
  steps=1350000  held=0.60  gate=0.60  bins=3/3  active= 90  (2963s)
  steps=1400000  held=0.68  gate=0.68  bins=3/3  active= 90  (3022s)
  steps=1450000  held=0.49  gate=0.49  bins=3/3  active= 90  (3090s)
  steps=1500000  held=0.51  gate=0.51  bins=3/3  active= 90  (3154s)

[grader] DONE  final held=0.51  steps_to_0.3=50,000  wall=3154s  -> grader_seed6.json
[grader] per-cell held: s19N0=0.51
