[grader] train=90 layouts  held-out=36 layouts
objc[91361]: Class SDLApplication is implemented in both /Users/linmuyi/miniconda3/envs/llm_gs/lib/python3.9/site-packages/pygame/.dylibs/libSDL2-2.0.0.dylib (0x1034b52c8) and /Users/linmuyi/miniconda3/envs/llm_gs/lib/python3.9/site-packages/cv2/.dylibs/libSDL2-2.0.0.dylib (0x169cc8890). This may cause spurious casting failures and mysterious crashes. One of the duplicates must be removed or renamed.
objc[91361]: Class SDLAppDelegate is implemented in both /Users/linmuyi/miniconda3/envs/llm_gs/lib/python3.9/site-packages/pygame/.dylibs/libSDL2-2.0.0.dylib (0x1034b5318) and /Users/linmuyi/miniconda3/envs/llm_gs/lib/python3.9/site-packages/cv2/.dylibs/libSDL2-2.0.0.dylib (0x169cc88e0). This may cause spurious casting failures and mysterious crashes. One of the duplicates must be removed or renamed.
objc[91361]: Class SDLTranslatorResponder is implemented in both /Users/linmuyi/miniconda3/envs/llm_gs/lib/python3.9/site-packages/pygame/.dylibs/libSDL2-2.0.0.dylib (0x1034b5390) and /Users/linmuyi/miniconda3/envs/llm_gs/lib/python3.9/site-packages/cv2/.dylibs/libSDL2-2.0.0.dylib (0x169cc8958). This may cause spurious casting failures and mysterious crashes. One of the duplicates must be removed or renamed.
objc[91361]: Class SDLMessageBoxPresenter is implemented in both /Users/linmuyi/miniconda3/envs/llm_gs/lib/python3.9/site-packages/pygame/.dylibs/libSDL2-2.0.0.dylib (0x1034b53b8) and /Users/linmuyi/miniconda3/envs/llm_gs/lib/python3.9/site-packages/cv2/.dylibs/libSDL2-2.0.0.dylib (0x169cc8980). This may cause spurious casting failures and mysterious crashes. One of the duplicates must be removed or renamed.
objc[91361]: Class SDL_cocoametalview is implemented in both /Users/linmuyi/miniconda3/envs/llm_gs/lib/python3.9/site-packages/pygame/.dylibs/libSDL2-2.0.0.dylib (0x1034b5408) and /Users/linmuyi/miniconda3/envs/llm_gs/lib/python3.9/site-packages/cv2/.dylibs/libSDL2-2.0.0.dylib (0x169cc89d0). This may cause spurious casting failures and mysterious crashes. One of the duplicates must be removed or renamed.
objc[91361]: Class SDLOpenGLContext is implemented in both /Users/linmuyi/miniconda3/envs/llm_gs/lib/python3.9/site-packages/pygame/.dylibs/libSDL2-2.0.0.dylib (0x1034b5458) and /Users/linmuyi/miniconda3/envs/llm_gs/lib/python3.9/site-packages/cv2/.dylibs/libSDL2-2.0.0.dylib (0x169cc8a20). This may cause spurious casting failures and mysterious crashes. One of the duplicates must be removed or renamed.
objc[91361]: Class SDL_ShapeData is implemented in both /Users/linmuyi/miniconda3/envs/llm_gs/lib/python3.9/site-packages/pygame/.dylibs/libSDL2-2.0.0.dylib (0x1034b54d0) and /Users/linmuyi/miniconda3/envs/llm_gs/lib/python3.9/site-packages/cv2/.dylibs/libSDL2-2.0.0.dylib (0x169cc8a98). This may cause spurious casting failures and mysterious crashes. One of the duplicates must be removed or renamed.
objc[91361]: Class SDL_CocoaClosure is implemented in both /Users/linmuyi/miniconda3/envs/llm_gs/lib/python3.9/site-packages/pygame/.dylibs/libSDL2-2.0.0.dylib (0x1034b5520) and /Users/linmuyi/miniconda3/envs/llm_gs/lib/python3.9/site-packages/cv2/.dylibs/libSDL2-2.0.0.dylib (0x169cc8ae8). This may cause spurious casting failures and mysterious crashes. One of the duplicates must be removed or renamed.
objc[91361]: Class SDL_VideoData is implemented in both /Users/linmuyi/miniconda3/envs/llm_gs/lib/python3.9/site-packages/pygame/.dylibs/libSDL2-2.0.0.dylib (0x1034b5570) and /Users/linmuyi/miniconda3/envs/llm_gs/lib/python3.9/site-packages/cv2/.dylibs/libSDL2-2.0.0.dylib (0x169cc8b38). This may cause spurious casting failures and mysterious crashes. One of the duplicates must be removed or renamed.
objc[91361]: Class SDL_WindowData is implemented in both /Users/linmuyi/miniconda3/envs/llm_gs/lib/python3.9/site-packages/pygame/.dylibs/libSDL2-2.0.0.dylib (0x1034b55c0) and /Users/linmuyi/miniconda3/envs/llm_gs/lib/python3.9/site-packages/cv2/.dylibs/libSDL2-2.0.0.dylib (0x169cc8b88). This may cause spurious casting failures and mysterious crashes. One of the duplicates must be removed or renamed.
objc[91361]: Class SDLWindow is implemented in both /Users/linmuyi/miniconda3/envs/llm_gs/lib/python3.9/site-packages/pygame/.dylibs/libSDL2-2.0.0.dylib (0x1034b55e8) and /Users/linmuyi/miniconda3/envs/llm_gs/lib/python3.9/site-packages/cv2/.dylibs/libSDL2-2.0.0.dylib (0x169cc8bb0). This may cause spurious casting failures and mysterious crashes. One of the duplicates must be removed or renamed.
objc[91361]: Class Cocoa_WindowListener is implemented in both /Users/linmuyi/miniconda3/envs/llm_gs/lib/python3.9/site-packages/pygame/.dylibs/libSDL2-2.0.0.dylib (0x1034b5610) and /Users/linmuyi/miniconda3/envs/llm_gs/lib/python3.9/site-packages/cv2/.dylibs/libSDL2-2.0.0.dylib (0x169cc8bd8). This may cause spurious casting failures and mysterious crashes. One of the duplicates must be removed or renamed.
objc[91361]: Class SDLView is implemented in both /Users/linmuyi/miniconda3/envs/llm_gs/lib/python3.9/site-packages/pygame/.dylibs/libSDL2-2.0.0.dylib (0x1034b5688) and /Users/linmuyi/miniconda3/envs/llm_gs/lib/python3.9/site-packages/cv2/.dylibs/libSDL2-2.0.0.dylib (0x169cc8c50). This may cause spurious casting failures and mysterious crashes. One of the duplicates must be removed or renamed.
objc[91361]: Class METAL_RenderData is implemented in both /Users/linmuyi/miniconda3/envs/llm_gs/lib/python3.9/site-packages/pygame/.dylibs/libSDL2-2.0.0.dylib (0x1034b5700) and /Users/linmuyi/miniconda3/envs/llm_gs/lib/python3.9/site-packages/cv2/.dylibs/libSDL2-2.0.0.dylib (0x169cc8cc8). This may cause spurious casting failures and mysterious crashes. One of the duplicates must be removed or renamed.
objc[91361]: Class METAL_TextureData is implemented in both /Users/linmuyi/miniconda3/envs/llm_gs/lib/python3.9/site-packages/pygame/.dylibs/libSDL2-2.0.0.dylib (0x1034b5750) and /Users/linmuyi/miniconda3/envs/llm_gs/lib/python3.9/site-packages/cv2/.dylibs/libSDL2-2.0.0.dylib (0x169cc8d18). This may cause spurious casting failures and mysterious crashes. One of the duplicates must be removed or renamed.
objc[91361]: Class SDL_RumbleMotor is implemented in both /Users/linmuyi/miniconda3/envs/llm_gs/lib/python3.9/site-packages/pygame/.dylibs/libSDL2-2.0.0.dylib (0x1034b5778) and /Users/linmuyi/miniconda3/envs/llm_gs/lib/python3.9/site-packages/cv2/.dylibs/libSDL2-2.0.0.dylib (0x169cc8d40). This may cause spurious casting failures and mysterious crashes. One of the duplicates must be removed or renamed.
objc[91361]: Class SDL_RumbleContext is implemented in both /Users/linmuyi/miniconda3/envs/llm_gs/lib/python3.9/site-packages/pygame/.dylibs/libSDL2-2.0.0.dylib (0x1034b57c8) and /Users/linmuyi/miniconda3/envs/llm_gs/lib/python3.9/site-packages/cv2/.dylibs/libSDL2-2.0.0.dylib (0x169cc8d90). This may cause spurious casting failures and mysterious crashes. One of the duplicates must be removed or renamed.
[grader] 1500000 steps, 30 checkpoints, curriculum

  steps=  50000  held=0.09  gate=0.07  bins=1/3  active= 30  (240s)
  steps= 100000  held=0.33  gate=0.46  bins=1/3  active= 30  (449s)
  steps= 150000  held=0.67  gate=0.92  bins=2/3  active= 60  [UNLOCK:gate]  (601s)
  steps= 200000  held=0.67  gate=0.65  bins=3/3  active= 90  [UNLOCK:gate]  (758s)
  steps= 250000  held=0.69  gate=0.69  bins=3/3  active= 90  (893s)
  steps= 300000  held=0.57  gate=0.57  bins=3/3  active= 90  (1065s)
  steps= 350000  held=0.59  gate=0.59  bins=3/3  active= 90  (1213s)
  steps= 400000  held=0.28  gate=0.28  bins=3/3  active= 90  (1399s)
  steps= 450000  held=0.07  gate=0.07  bins=3/3  active= 90  (1595s)
  steps= 500000  held=0.38  gate=0.38  bins=3/3  active= 90  (1761s)
  steps= 550000  held=0.44  gate=0.44  bins=3/3  active= 90  (1918s)
  steps= 600000  held=0.69  gate=0.69  bins=3/3  active= 90  (2022s)
  steps= 650000  held=0.57  gate=0.57  bins=3/3  active= 90  (2120s)
  steps= 700000  held=0.69  gate=0.69  bins=3/3  active= 90  (2204s)
  steps= 750000  held=0.67  gate=0.67  bins=3/3  active= 90  (2285s)
  steps= 800000  held=0.61  gate=0.61  bins=3/3  active= 90  (2365s)
  steps= 850000  held=0.64  gate=0.64  bins=3/3  active= 90  (2442s)
  steps= 900000  held=0.66  gate=0.66  bins=3/3  active= 90  (2511s)
  steps= 950000  held=0.75  gate=0.75  bins=3/3  active= 90  (2574s)
  steps=1000000  held=0.65  gate=0.65  bins=3/3  active= 90  (2640s)
  steps=1050000  held=0.69  gate=0.69  bins=3/3  active= 90  (2703s)
  steps=1100000  held=0.72  gate=0.72  bins=3/3  active= 90  (2763s)
  steps=1150000  held=0.56  gate=0.56  bins=3/3  active= 90  (2832s)
  steps=1200000  held=0.58  gate=0.58  bins=3/3  active= 90  (2896s)
  steps=1250000  held=0.75  gate=0.75  bins=3/3  active= 90  (2951s)
  steps=1300000  held=0.67  gate=0.67  bins=3/3  active= 90  (3011s)
  steps=1350000  held=0.58  gate=0.58  bins=3/3  active= 90  (3071s)
  steps=1400000  held=0.56  gate=0.56  bins=3/3  active= 90  (3132s)
  steps=1450000  held=0.28  gate=0.28  bins=3/3  active= 90  (3208s)
  steps=1500000  held=0.53  gate=0.53  bins=3/3  active= 90  (3273s)

[grader] DONE  final held=0.53  steps_to_0.3=100,000  wall=3273s  -> grader_seed16.json
[grader] per-cell held: s19N0=0.53
