[random_curriculum] train=90 layouts  held-out=36 layouts
objc[1242]: Class SDLApplication is implemented in both /Users/linmuyi/miniconda3/envs/llm_gs/lib/python3.9/site-packages/pygame/.dylibs/libSDL2-2.0.0.dylib (0x10a94d2c8) and /Users/linmuyi/miniconda3/envs/llm_gs/lib/python3.9/site-packages/cv2/.dylibs/libSDL2-2.0.0.dylib (0x323b1c890). This may cause spurious casting failures and mysterious crashes. One of the duplicates must be removed or renamed.
objc[1242]: Class SDLAppDelegate is implemented in both /Users/linmuyi/miniconda3/envs/llm_gs/lib/python3.9/site-packages/pygame/.dylibs/libSDL2-2.0.0.dylib (0x10a94d318) and /Users/linmuyi/miniconda3/envs/llm_gs/lib/python3.9/site-packages/cv2/.dylibs/libSDL2-2.0.0.dylib (0x323b1c8e0). This may cause spurious casting failures and mysterious crashes. One of the duplicates must be removed or renamed.
objc[1242]: Class SDLTranslatorResponder is implemented in both /Users/linmuyi/miniconda3/envs/llm_gs/lib/python3.9/site-packages/pygame/.dylibs/libSDL2-2.0.0.dylib (0x10a94d390) and /Users/linmuyi/miniconda3/envs/llm_gs/lib/python3.9/site-packages/cv2/.dylibs/libSDL2-2.0.0.dylib (0x323b1c958). This may cause spurious casting failures and mysterious crashes. One of the duplicates must be removed or renamed.
objc[1242]: Class SDLMessageBoxPresenter is implemented in both /Users/linmuyi/miniconda3/envs/llm_gs/lib/python3.9/site-packages/pygame/.dylibs/libSDL2-2.0.0.dylib (0x10a94d3b8) and /Users/linmuyi/miniconda3/envs/llm_gs/lib/python3.9/site-packages/cv2/.dylibs/libSDL2-2.0.0.dylib (0x323b1c980). This may cause spurious casting failures and mysterious crashes. One of the duplicates must be removed or renamed.
objc[1242]: Class SDL_cocoametalview is implemented in both /Users/linmuyi/miniconda3/envs/llm_gs/lib/python3.9/site-packages/pygame/.dylibs/libSDL2-2.0.0.dylib (0x10a94d408) and /Users/linmuyi/miniconda3/envs/llm_gs/lib/python3.9/site-packages/cv2/.dylibs/libSDL2-2.0.0.dylib (0x323b1c9d0). This may cause spurious casting failures and mysterious crashes. One of the duplicates must be removed or renamed.
objc[1242]: Class SDLOpenGLContext is implemented in both /Users/linmuyi/miniconda3/envs/llm_gs/lib/python3.9/site-packages/pygame/.dylibs/libSDL2-2.0.0.dylib (0x10a94d458) and /Users/linmuyi/miniconda3/envs/llm_gs/lib/python3.9/site-packages/cv2/.dylibs/libSDL2-2.0.0.dylib (0x323b1ca20). This may cause spurious casting failures and mysterious crashes. One of the duplicates must be removed or renamed.
objc[1242]: Class SDL_ShapeData is implemented in both /Users/linmuyi/miniconda3/envs/llm_gs/lib/python3.9/site-packages/pygame/.dylibs/libSDL2-2.0.0.dylib (0x10a94d4d0) and /Users/linmuyi/miniconda3/envs/llm_gs/lib/python3.9/site-packages/cv2/.dylibs/libSDL2-2.0.0.dylib (0x323b1ca98). This may cause spurious casting failures and mysterious crashes. One of the duplicates must be removed or renamed.
objc[1242]: Class SDL_CocoaClosure is implemented in both /Users/linmuyi/miniconda3/envs/llm_gs/lib/python3.9/site-packages/pygame/.dylibs/libSDL2-2.0.0.dylib (0x10a94d520) and /Users/linmuyi/miniconda3/envs/llm_gs/lib/python3.9/site-packages/cv2/.dylibs/libSDL2-2.0.0.dylib (0x323b1cae8). This may cause spurious casting failures and mysterious crashes. One of the duplicates must be removed or renamed.
objc[1242]: Class SDL_VideoData is implemented in both /Users/linmuyi/miniconda3/envs/llm_gs/lib/python3.9/site-packages/pygame/.dylibs/libSDL2-2.0.0.dylib (0x10a94d570) and /Users/linmuyi/miniconda3/envs/llm_gs/lib/python3.9/site-packages/cv2/.dylibs/libSDL2-2.0.0.dylib (0x323b1cb38). This may cause spurious casting failures and mysterious crashes. One of the duplicates must be removed or renamed.
objc[1242]: Class SDL_WindowData is implemented in both /Users/linmuyi/miniconda3/envs/llm_gs/lib/python3.9/site-packages/pygame/.dylibs/libSDL2-2.0.0.dylib (0x10a94d5c0) and /Users/linmuyi/miniconda3/envs/llm_gs/lib/python3.9/site-packages/cv2/.dylibs/libSDL2-2.0.0.dylib (0x323b1cb88). This may cause spurious casting failures and mysterious crashes. One of the duplicates must be removed or renamed.
objc[1242]: Class SDLWindow is implemented in both /Users/linmuyi/miniconda3/envs/llm_gs/lib/python3.9/site-packages/pygame/.dylibs/libSDL2-2.0.0.dylib (0x10a94d5e8) and /Users/linmuyi/miniconda3/envs/llm_gs/lib/python3.9/site-packages/cv2/.dylibs/libSDL2-2.0.0.dylib (0x323b1cbb0). This may cause spurious casting failures and mysterious crashes. One of the duplicates must be removed or renamed.
objc[1242]: Class Cocoa_WindowListener is implemented in both /Users/linmuyi/miniconda3/envs/llm_gs/lib/python3.9/site-packages/pygame/.dylibs/libSDL2-2.0.0.dylib (0x10a94d610) and /Users/linmuyi/miniconda3/envs/llm_gs/lib/python3.9/site-packages/cv2/.dylibs/libSDL2-2.0.0.dylib (0x323b1cbd8). This may cause spurious casting failures and mysterious crashes. One of the duplicates must be removed or renamed.
objc[1242]: Class SDLView is implemented in both /Users/linmuyi/miniconda3/envs/llm_gs/lib/python3.9/site-packages/pygame/.dylibs/libSDL2-2.0.0.dylib (0x10a94d688) and /Users/linmuyi/miniconda3/envs/llm_gs/lib/python3.9/site-packages/cv2/.dylibs/libSDL2-2.0.0.dylib (0x323b1cc50). This may cause spurious casting failures and mysterious crashes. One of the duplicates must be removed or renamed.
objc[1242]: Class METAL_RenderData is implemented in both /Users/linmuyi/miniconda3/envs/llm_gs/lib/python3.9/site-packages/pygame/.dylibs/libSDL2-2.0.0.dylib (0x10a94d700) and /Users/linmuyi/miniconda3/envs/llm_gs/lib/python3.9/site-packages/cv2/.dylibs/libSDL2-2.0.0.dylib (0x323b1ccc8). This may cause spurious casting failures and mysterious crashes. One of the duplicates must be removed or renamed.
objc[1242]: Class METAL_TextureData is implemented in both /Users/linmuyi/miniconda3/envs/llm_gs/lib/python3.9/site-packages/pygame/.dylibs/libSDL2-2.0.0.dylib (0x10a94d750) and /Users/linmuyi/miniconda3/envs/llm_gs/lib/python3.9/site-packages/cv2/.dylibs/libSDL2-2.0.0.dylib (0x323b1cd18). This may cause spurious casting failures and mysterious crashes. One of the duplicates must be removed or renamed.
objc[1242]: Class SDL_RumbleMotor is implemented in both /Users/linmuyi/miniconda3/envs/llm_gs/lib/python3.9/site-packages/pygame/.dylibs/libSDL2-2.0.0.dylib (0x10a94d778) and /Users/linmuyi/miniconda3/envs/llm_gs/lib/python3.9/site-packages/cv2/.dylibs/libSDL2-2.0.0.dylib (0x323b1cd40). This may cause spurious casting failures and mysterious crashes. One of the duplicates must be removed or renamed.
objc[1242]: Class SDL_RumbleContext is implemented in both /Users/linmuyi/miniconda3/envs/llm_gs/lib/python3.9/site-packages/pygame/.dylibs/libSDL2-2.0.0.dylib (0x10a94d7c8) and /Users/linmuyi/miniconda3/envs/llm_gs/lib/python3.9/site-packages/cv2/.dylibs/libSDL2-2.0.0.dylib (0x323b1cd90). This may cause spurious casting failures and mysterious crashes. One of the duplicates must be removed or renamed.
[random_curriculum] 1500000 steps, 30 checkpoints, curriculum

  steps=  50000  held=0.06  gate=0.04  bins=1/3  active= 30  (131s)
  steps= 100000  held=0.14  gate=0.14  bins=1/3  active= 30  (256s)
  steps= 150000  held=0.42  gate=0.32  bins=1/3  active= 30  (367s)
  steps= 200000  held=0.13  gate=0.17  bins=1/3  active= 30  (496s)
  steps= 250000  held=0.30  gate=0.31  bins=1/3  active= 30  (614s)
  steps= 300000  held=0.44  gate=0.26  bins=1/3  active= 30  (723s)
  steps= 350000  held=0.05  gate=0.04  bins=1/3  active= 30  (852s)
  steps= 400000  held=0.06  gate=0.04  bins=2/3  active= 60  [UNLOCK:deadline]  (984s)
  steps= 450000  held=0.33  gate=0.42  bins=2/3  active= 60  (1101s)
  steps= 500000  held=0.00  gate=0.00  bins=2/3  active= 60  (1240s)
  steps= 550000  held=0.01  gate=0.00  bins=2/3  active= 60  (1380s)
  steps= 600000  held=0.06  gate=0.04  bins=2/3  active= 60  (1526s)
  steps= 650000  held=0.06  gate=0.03  bins=2/3  active= 60  (1668s)
  steps= 700000  held=0.11  gate=0.10  bins=2/3  active= 60  (1818s)
  steps= 750000  held=0.00  gate=0.00  bins=2/3  active= 60  (1956s)
  steps= 800000  held=0.01  gate=0.00  bins=3/3  active= 90  [UNLOCK:deadline]  (2090s)
  steps= 850000  held=0.02  gate=0.02  bins=3/3  active= 90  (2198s)
  steps= 900000  held=0.11  gate=0.11  bins=3/3  active= 90  (2300s)
  steps= 950000  held=0.17  gate=0.17  bins=3/3  active= 90  (2396s)
  steps=1000000  held=0.29  gate=0.29  bins=3/3  active= 90  (2489s)
  steps=1050000  held=0.21  gate=0.21  bins=3/3  active= 90  (2589s)
  steps=1100000  held=0.22  gate=0.22  bins=3/3  active= 90  (2679s)
  steps=1150000  held=0.26  gate=0.26  bins=3/3  active= 90  (2769s)
  steps=1200000  held=0.20  gate=0.20  bins=3/3  active= 90  (2863s)
  steps=1250000  held=0.12  gate=0.12  bins=3/3  active= 90  (2958s)
  steps=1300000  held=0.02  gate=0.02  bins=3/3  active= 90  (3062s)
  steps=1350000  held=0.00  gate=0.00  bins=3/3  active= 90  (3169s)
  steps=1400000  held=0.15  gate=0.15  bins=3/3  active= 90  (3270s)
  steps=1450000  held=0.15  gate=0.15  bins=3/3  active= 90  (3367s)
  steps=1500000  held=0.08  gate=0.08  bins=3/3  active= 90  (3470s)

[random_curriculum] DONE  final held=0.08  steps_to_0.3=150,000  wall=3470s  -> random_curriculum_seed9.json
[random_curriculum] per-cell held: s19N0=0.08
