[grader] train=90 layouts  held-out=36 layouts
objc[19651]: Class SDLApplication is implemented in both /Users/linmuyi/miniconda3/envs/llm_gs/lib/python3.9/site-packages/pygame/.dylibs/libSDL2-2.0.0.dylib (0x106a792c8) and /Users/linmuyi/miniconda3/envs/llm_gs/lib/python3.9/site-packages/cv2/.dylibs/libSDL2-2.0.0.dylib (0x16c114890). This may cause spurious casting failures and mysterious crashes. One of the duplicates must be removed or renamed.
objc[19651]: Class SDLAppDelegate is implemented in both /Users/linmuyi/miniconda3/envs/llm_gs/lib/python3.9/site-packages/pygame/.dylibs/libSDL2-2.0.0.dylib (0x106a79318) and /Users/linmuyi/miniconda3/envs/llm_gs/lib/python3.9/site-packages/cv2/.dylibs/libSDL2-2.0.0.dylib (0x16c1148e0). This may cause spurious casting failures and mysterious crashes. One of the duplicates must be removed or renamed.
objc[19651]: Class SDLTranslatorResponder is implemented in both /Users/linmuyi/miniconda3/envs/llm_gs/lib/python3.9/site-packages/pygame/.dylibs/libSDL2-2.0.0.dylib (0x106a79390) and /Users/linmuyi/miniconda3/envs/llm_gs/lib/python3.9/site-packages/cv2/.dylibs/libSDL2-2.0.0.dylib (0x16c114958). This may cause spurious casting failures and mysterious crashes. One of the duplicates must be removed or renamed.
objc[19651]: Class SDLMessageBoxPresenter is implemented in both /Users/linmuyi/miniconda3/envs/llm_gs/lib/python3.9/site-packages/pygame/.dylibs/libSDL2-2.0.0.dylib (0x106a793b8) and /Users/linmuyi/miniconda3/envs/llm_gs/lib/python3.9/site-packages/cv2/.dylibs/libSDL2-2.0.0.dylib (0x16c114980). This may cause spurious casting failures and mysterious crashes. One of the duplicates must be removed or renamed.
objc[19651]: Class SDL_cocoametalview is implemented in both /Users/linmuyi/miniconda3/envs/llm_gs/lib/python3.9/site-packages/pygame/.dylibs/libSDL2-2.0.0.dylib (0x106a79408) and /Users/linmuyi/miniconda3/envs/llm_gs/lib/python3.9/site-packages/cv2/.dylibs/libSDL2-2.0.0.dylib (0x16c1149d0). This may cause spurious casting failures and mysterious crashes. One of the duplicates must be removed or renamed.
objc[19651]: Class SDLOpenGLContext is implemented in both /Users/linmuyi/miniconda3/envs/llm_gs/lib/python3.9/site-packages/pygame/.dylibs/libSDL2-2.0.0.dylib (0x106a79458) and /Users/linmuyi/miniconda3/envs/llm_gs/lib/python3.9/site-packages/cv2/.dylibs/libSDL2-2.0.0.dylib (0x16c114a20). This may cause spurious casting failures and mysterious crashes. One of the duplicates must be removed or renamed.
objc[19651]: Class SDL_ShapeData is implemented in both /Users/linmuyi/miniconda3/envs/llm_gs/lib/python3.9/site-packages/pygame/.dylibs/libSDL2-2.0.0.dylib (0x106a794d0) and /Users/linmuyi/miniconda3/envs/llm_gs/lib/python3.9/site-packages/cv2/.dylibs/libSDL2-2.0.0.dylib (0x16c114a98). This may cause spurious casting failures and mysterious crashes. One of the duplicates must be removed or renamed.
objc[19651]: Class SDL_CocoaClosure is implemented in both /Users/linmuyi/miniconda3/envs/llm_gs/lib/python3.9/site-packages/pygame/.dylibs/libSDL2-2.0.0.dylib (0x106a79520) and /Users/linmuyi/miniconda3/envs/llm_gs/lib/python3.9/site-packages/cv2/.dylibs/libSDL2-2.0.0.dylib (0x16c114ae8). This may cause spurious casting failures and mysterious crashes. One of the duplicates must be removed or renamed.
objc[19651]: Class SDL_VideoData is implemented in both /Users/linmuyi/miniconda3/envs/llm_gs/lib/python3.9/site-packages/pygame/.dylibs/libSDL2-2.0.0.dylib (0x106a79570) and /Users/linmuyi/miniconda3/envs/llm_gs/lib/python3.9/site-packages/cv2/.dylibs/libSDL2-2.0.0.dylib (0x16c114b38). This may cause spurious casting failures and mysterious crashes. One of the duplicates must be removed or renamed.
objc[19651]: Class SDL_WindowData is implemented in both /Users/linmuyi/miniconda3/envs/llm_gs/lib/python3.9/site-packages/pygame/.dylibs/libSDL2-2.0.0.dylib (0x106a795c0) and /Users/linmuyi/miniconda3/envs/llm_gs/lib/python3.9/site-packages/cv2/.dylibs/libSDL2-2.0.0.dylib (0x16c114b88). This may cause spurious casting failures and mysterious crashes. One of the duplicates must be removed or renamed.
objc[19651]: Class SDLWindow is implemented in both /Users/linmuyi/miniconda3/envs/llm_gs/lib/python3.9/site-packages/pygame/.dylibs/libSDL2-2.0.0.dylib (0x106a795e8) and /Users/linmuyi/miniconda3/envs/llm_gs/lib/python3.9/site-packages/cv2/.dylibs/libSDL2-2.0.0.dylib (0x16c114bb0). This may cause spurious casting failures and mysterious crashes. One of the duplicates must be removed or renamed.
objc[19651]: Class Cocoa_WindowListener is implemented in both /Users/linmuyi/miniconda3/envs/llm_gs/lib/python3.9/site-packages/pygame/.dylibs/libSDL2-2.0.0.dylib (0x106a79610) and /Users/linmuyi/miniconda3/envs/llm_gs/lib/python3.9/site-packages/cv2/.dylibs/libSDL2-2.0.0.dylib (0x16c114bd8). This may cause spurious casting failures and mysterious crashes. One of the duplicates must be removed or renamed.
objc[19651]: Class SDLView is implemented in both /Users/linmuyi/miniconda3/envs/llm_gs/lib/python3.9/site-packages/pygame/.dylibs/libSDL2-2.0.0.dylib (0x106a79688) and /Users/linmuyi/miniconda3/envs/llm_gs/lib/python3.9/site-packages/cv2/.dylibs/libSDL2-2.0.0.dylib (0x16c114c50). This may cause spurious casting failures and mysterious crashes. One of the duplicates must be removed or renamed.
objc[19651]: Class METAL_RenderData is implemented in both /Users/linmuyi/miniconda3/envs/llm_gs/lib/python3.9/site-packages/pygame/.dylibs/libSDL2-2.0.0.dylib (0x106a79700) and /Users/linmuyi/miniconda3/envs/llm_gs/lib/python3.9/site-packages/cv2/.dylibs/libSDL2-2.0.0.dylib (0x16c114cc8). This may cause spurious casting failures and mysterious crashes. One of the duplicates must be removed or renamed.
objc[19651]: Class METAL_TextureData is implemented in both /Users/linmuyi/miniconda3/envs/llm_gs/lib/python3.9/site-packages/pygame/.dylibs/libSDL2-2.0.0.dylib (0x106a79750) and /Users/linmuyi/miniconda3/envs/llm_gs/lib/python3.9/site-packages/cv2/.dylibs/libSDL2-2.0.0.dylib (0x16c114d18). This may cause spurious casting failures and mysterious crashes. One of the duplicates must be removed or renamed.
objc[19651]: Class SDL_RumbleMotor is implemented in both /Users/linmuyi/miniconda3/envs/llm_gs/lib/python3.9/site-packages/pygame/.dylibs/libSDL2-2.0.0.dylib (0x106a79778) and /Users/linmuyi/miniconda3/envs/llm_gs/lib/python3.9/site-packages/cv2/.dylibs/libSDL2-2.0.0.dylib (0x16c114d40). This may cause spurious casting failures and mysterious crashes. One of the duplicates must be removed or renamed.
objc[19651]: Class SDL_RumbleContext is implemented in both /Users/linmuyi/miniconda3/envs/llm_gs/lib/python3.9/site-packages/pygame/.dylibs/libSDL2-2.0.0.dylib (0x106a797c8) and /Users/linmuyi/miniconda3/envs/llm_gs/lib/python3.9/site-packages/cv2/.dylibs/libSDL2-2.0.0.dylib (0x16c114d90). This may cause spurious casting failures and mysterious crashes. One of the duplicates must be removed or renamed.
[grader] 1500000 steps, 30 checkpoints, curriculum

  steps=  50000  held=0.07  gate=0.18  bins=1/3  active= 30  (140s)
  steps= 100000  held=0.01  gate=0.10  bins=1/3  active= 30  (282s)
  steps= 150000  held=0.07  gate=0.10  bins=1/3  active= 30  (420s)
  steps= 200000  held=0.26  gate=0.28  bins=1/3  active= 30  (551s)
  steps= 250000  held=0.39  gate=0.68  bins=2/3  active= 60  [UNLOCK:gate]  (658s)
  steps= 300000  held=0.38  gate=0.42  bins=2/3  active= 60  (768s)
  steps= 350000  held=0.20  gate=0.33  bins=2/3  active= 60  (890s)
  steps= 400000  held=0.02  gate=0.04  bins=2/3  active= 60  (1027s)
  steps= 450000  held=0.26  gate=0.28  bins=2/3  active= 60  (1158s)
  steps= 500000  held=0.13  gate=0.19  bins=2/3  active= 60  (1294s)
  steps= 550000  held=0.09  gate=0.08  bins=2/3  active= 60  (1431s)
  steps= 600000  held=0.02  gate=0.00  bins=2/3  active= 60  (1583s)
  steps= 650000  held=0.00  gate=0.01  bins=3/3  active= 90  [UNLOCK:deadline]  (1736s)
  steps= 700000  held=0.04  gate=0.04  bins=3/3  active= 90  (1848s)
  steps= 750000  held=0.14  gate=0.14  bins=3/3  active= 90  (1959s)
  steps= 800000  held=0.10  gate=0.10  bins=3/3  active= 90  (2068s)
  steps= 850000  held=0.33  gate=0.33  bins=3/3  active= 90  (2164s)
  steps= 900000  held=0.45  gate=0.45  bins=3/3  active= 90  (2253s)
  steps= 950000  held=0.26  gate=0.26  bins=3/3  active= 90  (2355s)
  steps=1000000  held=0.17  gate=0.17  bins=3/3  active= 90  (2460s)
  steps=1050000  held=0.31  gate=0.31  bins=3/3  active= 90  (2561s)
  steps=1100000  held=0.05  gate=0.05  bins=3/3  active= 90  (2669s)
  steps=1150000  held=0.03  gate=0.03  bins=3/3  active= 90  (2768s)
  steps=1200000  held=0.00  gate=0.00  bins=3/3  active= 90  (2864s)
  steps=1250000  held=0.01  gate=0.01  bins=3/3  active= 90  (2960s)
  steps=1300000  held=0.04  gate=0.04  bins=3/3  active= 90  (3054s)
  steps=1350000  held=0.04  gate=0.04  bins=3/3  active= 90  (3147s)
  steps=1400000  held=0.03  gate=0.03  bins=3/3  active= 90  (3242s)
  steps=1450000  held=0.03  gate=0.03  bins=3/3  active= 90  (3339s)
  steps=1500000  held=0.00  gate=0.00  bins=3/3  active= 90  (3436s)

[grader] DONE  final held=0.00  steps_to_0.3=250,000  wall=3436s  -> grader_seed11.json
[grader] per-cell held: s19N0=0.00
