[path_len] train=90 layouts  held-out=36 layouts
objc[57552]: Class SDLApplication is implemented in both /Users/linmuyi/miniconda3/envs/llm_gs/lib/python3.9/site-packages/pygame/.dylibs/libSDL2-2.0.0.dylib (0x1085f92c8) and /Users/linmuyi/miniconda3/envs/llm_gs/lib/python3.9/site-packages/cv2/.dylibs/libSDL2-2.0.0.dylib (0x313810890). This may cause spurious casting failures and mysterious crashes. One of the duplicates must be removed or renamed.
objc[57552]: Class SDLAppDelegate is implemented in both /Users/linmuyi/miniconda3/envs/llm_gs/lib/python3.9/site-packages/pygame/.dylibs/libSDL2-2.0.0.dylib (0x1085f9318) and /Users/linmuyi/miniconda3/envs/llm_gs/lib/python3.9/site-packages/cv2/.dylibs/libSDL2-2.0.0.dylib (0x3138108e0). This may cause spurious casting failures and mysterious crashes. One of the duplicates must be removed or renamed.
objc[57552]: Class SDLTranslatorResponder is implemented in both /Users/linmuyi/miniconda3/envs/llm_gs/lib/python3.9/site-packages/pygame/.dylibs/libSDL2-2.0.0.dylib (0x1085f9390) and /Users/linmuyi/miniconda3/envs/llm_gs/lib/python3.9/site-packages/cv2/.dylibs/libSDL2-2.0.0.dylib (0x313810958). This may cause spurious casting failures and mysterious crashes. One of the duplicates must be removed or renamed.
objc[57552]: Class SDLMessageBoxPresenter is implemented in both /Users/linmuyi/miniconda3/envs/llm_gs/lib/python3.9/site-packages/pygame/.dylibs/libSDL2-2.0.0.dylib (0x1085f93b8) and /Users/linmuyi/miniconda3/envs/llm_gs/lib/python3.9/site-packages/cv2/.dylibs/libSDL2-2.0.0.dylib (0x313810980). This may cause spurious casting failures and mysterious crashes. One of the duplicates must be removed or renamed.
objc[57552]: Class SDL_cocoametalview is implemented in both /Users/linmuyi/miniconda3/envs/llm_gs/lib/python3.9/site-packages/pygame/.dylibs/libSDL2-2.0.0.dylib (0x1085f9408) and /Users/linmuyi/miniconda3/envs/llm_gs/lib/python3.9/site-packages/cv2/.dylibs/libSDL2-2.0.0.dylib (0x3138109d0). This may cause spurious casting failures and mysterious crashes. One of the duplicates must be removed or renamed.
objc[57552]: Class SDLOpenGLContext is implemented in both /Users/linmuyi/miniconda3/envs/llm_gs/lib/python3.9/site-packages/pygame/.dylibs/libSDL2-2.0.0.dylib (0x1085f9458) and /Users/linmuyi/miniconda3/envs/llm_gs/lib/python3.9/site-packages/cv2/.dylibs/libSDL2-2.0.0.dylib (0x313810a20). This may cause spurious casting failures and mysterious crashes. One of the duplicates must be removed or renamed.
objc[57552]: Class SDL_ShapeData is implemented in both /Users/linmuyi/miniconda3/envs/llm_gs/lib/python3.9/site-packages/pygame/.dylibs/libSDL2-2.0.0.dylib (0x1085f94d0) and /Users/linmuyi/miniconda3/envs/llm_gs/lib/python3.9/site-packages/cv2/.dylibs/libSDL2-2.0.0.dylib (0x313810a98). This may cause spurious casting failures and mysterious crashes. One of the duplicates must be removed or renamed.
objc[57552]: Class SDL_CocoaClosure is implemented in both /Users/linmuyi/miniconda3/envs/llm_gs/lib/python3.9/site-packages/pygame/.dylibs/libSDL2-2.0.0.dylib (0x1085f9520) and /Users/linmuyi/miniconda3/envs/llm_gs/lib/python3.9/site-packages/cv2/.dylibs/libSDL2-2.0.0.dylib (0x313810ae8). This may cause spurious casting failures and mysterious crashes. One of the duplicates must be removed or renamed.
objc[57552]: Class SDL_VideoData is implemented in both /Users/linmuyi/miniconda3/envs/llm_gs/lib/python3.9/site-packages/pygame/.dylibs/libSDL2-2.0.0.dylib (0x1085f9570) and /Users/linmuyi/miniconda3/envs/llm_gs/lib/python3.9/site-packages/cv2/.dylibs/libSDL2-2.0.0.dylib (0x313810b38). This may cause spurious casting failures and mysterious crashes. One of the duplicates must be removed or renamed.
objc[57552]: Class SDL_WindowData is implemented in both /Users/linmuyi/miniconda3/envs/llm_gs/lib/python3.9/site-packages/pygame/.dylibs/libSDL2-2.0.0.dylib (0x1085f95c0) and /Users/linmuyi/miniconda3/envs/llm_gs/lib/python3.9/site-packages/cv2/.dylibs/libSDL2-2.0.0.dylib (0x313810b88). This may cause spurious casting failures and mysterious crashes. One of the duplicates must be removed or renamed.
objc[57552]: Class SDLWindow is implemented in both /Users/linmuyi/miniconda3/envs/llm_gs/lib/python3.9/site-packages/pygame/.dylibs/libSDL2-2.0.0.dylib (0x1085f95e8) and /Users/linmuyi/miniconda3/envs/llm_gs/lib/python3.9/site-packages/cv2/.dylibs/libSDL2-2.0.0.dylib (0x313810bb0). This may cause spurious casting failures and mysterious crashes. One of the duplicates must be removed or renamed.
objc[57552]: Class Cocoa_WindowListener is implemented in both /Users/linmuyi/miniconda3/envs/llm_gs/lib/python3.9/site-packages/pygame/.dylibs/libSDL2-2.0.0.dylib (0x1085f9610) and /Users/linmuyi/miniconda3/envs/llm_gs/lib/python3.9/site-packages/cv2/.dylibs/libSDL2-2.0.0.dylib (0x313810bd8). This may cause spurious casting failures and mysterious crashes. One of the duplicates must be removed or renamed.
objc[57552]: Class SDLView is implemented in both /Users/linmuyi/miniconda3/envs/llm_gs/lib/python3.9/site-packages/pygame/.dylibs/libSDL2-2.0.0.dylib (0x1085f9688) and /Users/linmuyi/miniconda3/envs/llm_gs/lib/python3.9/site-packages/cv2/.dylibs/libSDL2-2.0.0.dylib (0x313810c50). This may cause spurious casting failures and mysterious crashes. One of the duplicates must be removed or renamed.
objc[57552]: Class METAL_RenderData is implemented in both /Users/linmuyi/miniconda3/envs/llm_gs/lib/python3.9/site-packages/pygame/.dylibs/libSDL2-2.0.0.dylib (0x1085f9700) and /Users/linmuyi/miniconda3/envs/llm_gs/lib/python3.9/site-packages/cv2/.dylibs/libSDL2-2.0.0.dylib (0x313810cc8). This may cause spurious casting failures and mysterious crashes. One of the duplicates must be removed or renamed.
objc[57552]: Class METAL_TextureData is implemented in both /Users/linmuyi/miniconda3/envs/llm_gs/lib/python3.9/site-packages/pygame/.dylibs/libSDL2-2.0.0.dylib (0x1085f9750) and /Users/linmuyi/miniconda3/envs/llm_gs/lib/python3.9/site-packages/cv2/.dylibs/libSDL2-2.0.0.dylib (0x313810d18). This may cause spurious casting failures and mysterious crashes. One of the duplicates must be removed or renamed.
objc[57552]: Class SDL_RumbleMotor is implemented in both /Users/linmuyi/miniconda3/envs/llm_gs/lib/python3.9/site-packages/pygame/.dylibs/libSDL2-2.0.0.dylib (0x1085f9778) and /Users/linmuyi/miniconda3/envs/llm_gs/lib/python3.9/site-packages/cv2/.dylibs/libSDL2-2.0.0.dylib (0x313810d40). This may cause spurious casting failures and mysterious crashes. One of the duplicates must be removed or renamed.
objc[57552]: Class SDL_RumbleContext is implemented in both /Users/linmuyi/miniconda3/envs/llm_gs/lib/python3.9/site-packages/pygame/.dylibs/libSDL2-2.0.0.dylib (0x1085f97c8) and /Users/linmuyi/miniconda3/envs/llm_gs/lib/python3.9/site-packages/cv2/.dylibs/libSDL2-2.0.0.dylib (0x313810d90). This may cause spurious casting failures and mysterious crashes. One of the duplicates must be removed or renamed.
[path_len] 1500000 steps, 30 checkpoints, curriculum

  steps=  50000  held=0.20  gate=0.18  bins=1/3  active= 30  (222s)
  steps= 100000  held=0.19  gate=0.39  bins=1/3  active= 30  (433s)
  steps= 150000  held=0.17  gate=0.17  bins=1/3  active= 30  (652s)
  steps= 200000  held=0.05  gate=0.03  bins=1/3  active= 30  (880s)
  steps= 250000  held=0.00  gate=0.00  bins=1/3  active= 30  (1110s)
  steps= 300000  held=0.00  gate=0.00  bins=1/3  active= 30  (1340s)
  steps= 350000  held=0.00  gate=0.00  bins=1/3  active= 30  (1576s)
  steps= 400000  held=0.00  gate=0.00  bins=2/3  active= 60  [UNLOCK:deadline]  (1812s)
  steps= 450000  held=0.04  gate=0.06  bins=2/3  active= 60  (2039s)
  steps= 500000  held=0.02  gate=0.01  bins=2/3  active= 60  (2268s)
  steps= 550000  held=0.01  gate=0.01  bins=2/3  active= 60  (2497s)
  steps= 600000  held=0.08  gate=0.08  bins=2/3  active= 60  (2724s)
  steps= 650000  held=0.31  gate=0.47  bins=2/3  active= 60  (2922s)
  steps= 700000  held=0.47  gate=0.50  bins=2/3  active= 60  (3105s)
  steps= 750000  held=0.38  gate=0.40  bins=2/3  active= 60  (3290s)
  steps= 800000  held=0.50  gate=0.69  bins=3/3  active= 90  [UNLOCK:gate]  (3431s)
  steps= 850000  held=0.66  gate=0.66  bins=3/3  active= 90  (3494s)
  steps= 900000  held=0.53  gate=0.53  bins=3/3  active= 90  (3561s)
  steps= 950000  held=0.54  gate=0.54  bins=3/3  active= 90  (3627s)
  steps=1000000  held=0.51  gate=0.51  bins=3/3  active= 90  (3706s)
  steps=1050000  held=0.49  gate=0.49  bins=3/3  active= 90  (3785s)
  steps=1100000  held=0.30  gate=0.30  bins=3/3  active= 90  (3868s)
  steps=1150000  held=0.09  gate=0.09  bins=3/3  active= 90  (3957s)
  steps=1200000  held=0.30  gate=0.30  bins=3/3  active= 90  (4040s)
  steps=1250000  held=0.26  gate=0.26  bins=3/3  active= 90  (4120s)
  steps=1300000  held=0.07  gate=0.07  bins=3/3  active= 90  (4206s)
  steps=1350000  held=0.15  gate=0.15  bins=3/3  active= 90  (4297s)
  steps=1400000  held=0.21  gate=0.21  bins=3/3  active= 90  (4387s)
  steps=1450000  held=0.13  gate=0.13  bins=3/3  active= 90  (4481s)
  steps=1500000  held=0.01  gate=0.01  bins=3/3  active= 90  (4577s)

[path_len] DONE  final held=0.01  steps_to_0.3=650,000  wall=4577s  -> path_len_seed5.json
[path_len] per-cell held: s19N0=0.01
