[flat] train=90 layouts  held-out=36 layouts
objc[49028]: Class SDLApplication is implemented in both /Users/linmuyi/miniconda3/envs/llm_gs/lib/python3.9/site-packages/pygame/.dylibs/libSDL2-2.0.0.dylib (0x1065552c8) and /Users/linmuyi/miniconda3/envs/llm_gs/lib/python3.9/site-packages/cv2/.dylibs/libSDL2-2.0.0.dylib (0x148c70890). This may cause spurious casting failures and mysterious crashes. One of the duplicates must be removed or renamed.
objc[49028]: Class SDLAppDelegate is implemented in both /Users/linmuyi/miniconda3/envs/llm_gs/lib/python3.9/site-packages/pygame/.dylibs/libSDL2-2.0.0.dylib (0x106555318) and /Users/linmuyi/miniconda3/envs/llm_gs/lib/python3.9/site-packages/cv2/.dylibs/libSDL2-2.0.0.dylib (0x148c708e0). This may cause spurious casting failures and mysterious crashes. One of the duplicates must be removed or renamed.
objc[49028]: Class SDLTranslatorResponder is implemented in both /Users/linmuyi/miniconda3/envs/llm_gs/lib/python3.9/site-packages/pygame/.dylibs/libSDL2-2.0.0.dylib (0x106555390) and /Users/linmuyi/miniconda3/envs/llm_gs/lib/python3.9/site-packages/cv2/.dylibs/libSDL2-2.0.0.dylib (0x148c70958). This may cause spurious casting failures and mysterious crashes. One of the duplicates must be removed or renamed.
objc[49028]: Class SDLMessageBoxPresenter is implemented in both /Users/linmuyi/miniconda3/envs/llm_gs/lib/python3.9/site-packages/pygame/.dylibs/libSDL2-2.0.0.dylib (0x1065553b8) and /Users/linmuyi/miniconda3/envs/llm_gs/lib/python3.9/site-packages/cv2/.dylibs/libSDL2-2.0.0.dylib (0x148c70980). This may cause spurious casting failures and mysterious crashes. One of the duplicates must be removed or renamed.
objc[49028]: Class SDL_cocoametalview is implemented in both /Users/linmuyi/miniconda3/envs/llm_gs/lib/python3.9/site-packages/pygame/.dylibs/libSDL2-2.0.0.dylib (0x106555408) and /Users/linmuyi/miniconda3/envs/llm_gs/lib/python3.9/site-packages/cv2/.dylibs/libSDL2-2.0.0.dylib (0x148c709d0). This may cause spurious casting failures and mysterious crashes. One of the duplicates must be removed or renamed.
objc[49028]: Class SDLOpenGLContext is implemented in both /Users/linmuyi/miniconda3/envs/llm_gs/lib/python3.9/site-packages/pygame/.dylibs/libSDL2-2.0.0.dylib (0x106555458) and /Users/linmuyi/miniconda3/envs/llm_gs/lib/python3.9/site-packages/cv2/.dylibs/libSDL2-2.0.0.dylib (0x148c70a20). This may cause spurious casting failures and mysterious crashes. One of the duplicates must be removed or renamed.
objc[49028]: Class SDL_ShapeData is implemented in both /Users/linmuyi/miniconda3/envs/llm_gs/lib/python3.9/site-packages/pygame/.dylibs/libSDL2-2.0.0.dylib (0x1065554d0) and /Users/linmuyi/miniconda3/envs/llm_gs/lib/python3.9/site-packages/cv2/.dylibs/libSDL2-2.0.0.dylib (0x148c70a98). This may cause spurious casting failures and mysterious crashes. One of the duplicates must be removed or renamed.
objc[49028]: Class SDL_CocoaClosure is implemented in both /Users/linmuyi/miniconda3/envs/llm_gs/lib/python3.9/site-packages/pygame/.dylibs/libSDL2-2.0.0.dylib (0x106555520) and /Users/linmuyi/miniconda3/envs/llm_gs/lib/python3.9/site-packages/cv2/.dylibs/libSDL2-2.0.0.dylib (0x148c70ae8). This may cause spurious casting failures and mysterious crashes. One of the duplicates must be removed or renamed.
objc[49028]: Class SDL_VideoData is implemented in both /Users/linmuyi/miniconda3/envs/llm_gs/lib/python3.9/site-packages/pygame/.dylibs/libSDL2-2.0.0.dylib (0x106555570) and /Users/linmuyi/miniconda3/envs/llm_gs/lib/python3.9/site-packages/cv2/.dylibs/libSDL2-2.0.0.dylib (0x148c70b38). This may cause spurious casting failures and mysterious crashes. One of the duplicates must be removed or renamed.
objc[49028]: Class SDL_WindowData is implemented in both /Users/linmuyi/miniconda3/envs/llm_gs/lib/python3.9/site-packages/pygame/.dylibs/libSDL2-2.0.0.dylib (0x1065555c0) and /Users/linmuyi/miniconda3/envs/llm_gs/lib/python3.9/site-packages/cv2/.dylibs/libSDL2-2.0.0.dylib (0x148c70b88). This may cause spurious casting failures and mysterious crashes. One of the duplicates must be removed or renamed.
objc[49028]: Class SDLWindow is implemented in both /Users/linmuyi/miniconda3/envs/llm_gs/lib/python3.9/site-packages/pygame/.dylibs/libSDL2-2.0.0.dylib (0x1065555e8) and /Users/linmuyi/miniconda3/envs/llm_gs/lib/python3.9/site-packages/cv2/.dylibs/libSDL2-2.0.0.dylib (0x148c70bb0). This may cause spurious casting failures and mysterious crashes. One of the duplicates must be removed or renamed.
objc[49028]: Class Cocoa_WindowListener is implemented in both /Users/linmuyi/miniconda3/envs/llm_gs/lib/python3.9/site-packages/pygame/.dylibs/libSDL2-2.0.0.dylib (0x106555610) and /Users/linmuyi/miniconda3/envs/llm_gs/lib/python3.9/site-packages/cv2/.dylibs/libSDL2-2.0.0.dylib (0x148c70bd8). This may cause spurious casting failures and mysterious crashes. One of the duplicates must be removed or renamed.
objc[49028]: Class SDLView is implemented in both /Users/linmuyi/miniconda3/envs/llm_gs/lib/python3.9/site-packages/pygame/.dylibs/libSDL2-2.0.0.dylib (0x106555688) and /Users/linmuyi/miniconda3/envs/llm_gs/lib/python3.9/site-packages/cv2/.dylibs/libSDL2-2.0.0.dylib (0x148c70c50). This may cause spurious casting failures and mysterious crashes. One of the duplicates must be removed or renamed.
objc[49028]: Class METAL_RenderData is implemented in both /Users/linmuyi/miniconda3/envs/llm_gs/lib/python3.9/site-packages/pygame/.dylibs/libSDL2-2.0.0.dylib (0x106555700) and /Users/linmuyi/miniconda3/envs/llm_gs/lib/python3.9/site-packages/cv2/.dylibs/libSDL2-2.0.0.dylib (0x148c70cc8). This may cause spurious casting failures and mysterious crashes. One of the duplicates must be removed or renamed.
objc[49028]: Class METAL_TextureData is implemented in both /Users/linmuyi/miniconda3/envs/llm_gs/lib/python3.9/site-packages/pygame/.dylibs/libSDL2-2.0.0.dylib (0x106555750) and /Users/linmuyi/miniconda3/envs/llm_gs/lib/python3.9/site-packages/cv2/.dylibs/libSDL2-2.0.0.dylib (0x148c70d18). This may cause spurious casting failures and mysterious crashes. One of the duplicates must be removed or renamed.
objc[49028]: Class SDL_RumbleMotor is implemented in both /Users/linmuyi/miniconda3/envs/llm_gs/lib/python3.9/site-packages/pygame/.dylibs/libSDL2-2.0.0.dylib (0x106555778) and /Users/linmuyi/miniconda3/envs/llm_gs/lib/python3.9/site-packages/cv2/.dylibs/libSDL2-2.0.0.dylib (0x148c70d40). This may cause spurious casting failures and mysterious crashes. One of the duplicates must be removed or renamed.
objc[49028]: Class SDL_RumbleContext is implemented in both /Users/linmuyi/miniconda3/envs/llm_gs/lib/python3.9/site-packages/pygame/.dylibs/libSDL2-2.0.0.dylib (0x1065557c8) and /Users/linmuyi/miniconda3/envs/llm_gs/lib/python3.9/site-packages/cv2/.dylibs/libSDL2-2.0.0.dylib (0x148c70d90). This may cause spurious casting failures and mysterious crashes. One of the duplicates must be removed or renamed.
[flat] 1500000 steps, 30 checkpoints, flat (no curriculum)

  steps=  50000  held=0.08  gate=0.08  bins=3/3  active= 90  (170s)
  steps= 100000  held=0.06  gate=0.06  bins=3/3  active= 90  (340s)
  steps= 150000  held=0.05  gate=0.05  bins=3/3  active= 90  (506s)
  steps= 200000  held=0.02  gate=0.02  bins=3/3  active= 90  (674s)
  steps= 250000  held=0.12  gate=0.12  bins=3/3  active= 90  (837s)
  steps= 300000  held=0.10  gate=0.10  bins=3/3  active= 90  (1002s)
  steps= 350000  held=0.01  gate=0.01  bins=3/3  active= 90  (1170s)
  steps= 400000  held=0.06  gate=0.06  bins=3/3  active= 90  (1335s)
  steps= 450000  held=0.08  gate=0.08  bins=3/3  active= 90  (1501s)
  steps= 500000  held=0.01  gate=0.01  bins=3/3  active= 90  (1668s)
  steps= 550000  held=0.24  gate=0.24  bins=3/3  active= 90  (1823s)
  steps= 600000  held=0.02  gate=0.02  bins=3/3  active= 90  (1990s)
  steps= 650000  held=0.02  gate=0.02  bins=3/3  active= 90  (2157s)
  steps= 700000  held=0.01  gate=0.01  bins=3/3  active= 90  (2325s)
  steps= 750000  held=0.10  gate=0.10  bins=3/3  active= 90  (2489s)
  steps= 800000  held=0.08  gate=0.08  bins=3/3  active= 90  (2657s)
  steps= 850000  held=0.21  gate=0.21  bins=3/3  active= 90  (2821s)
  steps= 900000  held=0.05  gate=0.05  bins=3/3  active= 90  (2988s)
  steps= 950000  held=0.09  gate=0.09  bins=3/3  active= 90  (3153s)
  steps=1000000  held=0.47  gate=0.47  bins=3/3  active= 90  (3289s)
  steps=1050000  held=0.32  gate=0.32  bins=3/3  active= 90  (3439s)
  steps=1100000  held=0.41  gate=0.41  bins=3/3  active= 90  (3575s)
  steps=1150000  held=0.64  gate=0.64  bins=3/3  active= 90  (3691s)
  steps=1200000  held=0.70  gate=0.70  bins=3/3  active= 90  (3805s)
  steps=1250000  held=0.62  gate=0.62  bins=3/3  active= 90  (3917s)
  steps=1300000  held=0.67  gate=0.67  bins=3/3  active= 90  (4023s)
  steps=1350000  held=0.65  gate=0.65  bins=3/3  active= 90  (4134s)
  steps=1400000  held=0.65  gate=0.65  bins=3/3  active= 90  (4243s)
  steps=1450000  held=0.67  gate=0.67  bins=3/3  active= 90  (4347s)
  steps=1500000  held=0.58  gate=0.58  bins=3/3  active= 90  (4459s)

[flat] DONE  final held=0.58  steps_to_0.3=1,000,000  wall=4459s  -> flat_seed4.json
[flat] per-cell held: s19N0=0.58
