[wall_count] train=90 layouts  held-out=36 layouts
objc[92156]: Class SDLApplication is implemented in both /Users/linmuyi/miniconda3/envs/llm_gs/lib/python3.9/site-packages/pygame/.dylibs/libSDL2-2.0.0.dylib (0x106f212c8) and /Users/linmuyi/miniconda3/envs/llm_gs/lib/python3.9/site-packages/cv2/.dylibs/libSDL2-2.0.0.dylib (0x14540c890). This may cause spurious casting failures and mysterious crashes. One of the duplicates must be removed or renamed.
objc[92156]: Class SDLAppDelegate is implemented in both /Users/linmuyi/miniconda3/envs/llm_gs/lib/python3.9/site-packages/pygame/.dylibs/libSDL2-2.0.0.dylib (0x106f21318) and /Users/linmuyi/miniconda3/envs/llm_gs/lib/python3.9/site-packages/cv2/.dylibs/libSDL2-2.0.0.dylib (0x14540c8e0). This may cause spurious casting failures and mysterious crashes. One of the duplicates must be removed or renamed.
objc[92156]: Class SDLTranslatorResponder is implemented in both /Users/linmuyi/miniconda3/envs/llm_gs/lib/python3.9/site-packages/pygame/.dylibs/libSDL2-2.0.0.dylib (0x106f21390) and /Users/linmuyi/miniconda3/envs/llm_gs/lib/python3.9/site-packages/cv2/.dylibs/libSDL2-2.0.0.dylib (0x14540c958). This may cause spurious casting failures and mysterious crashes. One of the duplicates must be removed or renamed.
objc[92156]: Class SDLMessageBoxPresenter is implemented in both /Users/linmuyi/miniconda3/envs/llm_gs/lib/python3.9/site-packages/pygame/.dylibs/libSDL2-2.0.0.dylib (0x106f213b8) and /Users/linmuyi/miniconda3/envs/llm_gs/lib/python3.9/site-packages/cv2/.dylibs/libSDL2-2.0.0.dylib (0x14540c980). This may cause spurious casting failures and mysterious crashes. One of the duplicates must be removed or renamed.
objc[92156]: Class SDL_cocoametalview is implemented in both /Users/linmuyi/miniconda3/envs/llm_gs/lib/python3.9/site-packages/pygame/.dylibs/libSDL2-2.0.0.dylib (0x106f21408) and /Users/linmuyi/miniconda3/envs/llm_gs/lib/python3.9/site-packages/cv2/.dylibs/libSDL2-2.0.0.dylib (0x14540c9d0). This may cause spurious casting failures and mysterious crashes. One of the duplicates must be removed or renamed.
objc[92156]: Class SDLOpenGLContext is implemented in both /Users/linmuyi/miniconda3/envs/llm_gs/lib/python3.9/site-packages/pygame/.dylibs/libSDL2-2.0.0.dylib (0x106f21458) and /Users/linmuyi/miniconda3/envs/llm_gs/lib/python3.9/site-packages/cv2/.dylibs/libSDL2-2.0.0.dylib (0x14540ca20). This may cause spurious casting failures and mysterious crashes. One of the duplicates must be removed or renamed.
objc[92156]: Class SDL_ShapeData is implemented in both /Users/linmuyi/miniconda3/envs/llm_gs/lib/python3.9/site-packages/pygame/.dylibs/libSDL2-2.0.0.dylib (0x106f214d0) and /Users/linmuyi/miniconda3/envs/llm_gs/lib/python3.9/site-packages/cv2/.dylibs/libSDL2-2.0.0.dylib (0x14540ca98). This may cause spurious casting failures and mysterious crashes. One of the duplicates must be removed or renamed.
objc[92156]: Class SDL_CocoaClosure is implemented in both /Users/linmuyi/miniconda3/envs/llm_gs/lib/python3.9/site-packages/pygame/.dylibs/libSDL2-2.0.0.dylib (0x106f21520) and /Users/linmuyi/miniconda3/envs/llm_gs/lib/python3.9/site-packages/cv2/.dylibs/libSDL2-2.0.0.dylib (0x14540cae8). This may cause spurious casting failures and mysterious crashes. One of the duplicates must be removed or renamed.
objc[92156]: Class SDL_VideoData is implemented in both /Users/linmuyi/miniconda3/envs/llm_gs/lib/python3.9/site-packages/pygame/.dylibs/libSDL2-2.0.0.dylib (0x106f21570) and /Users/linmuyi/miniconda3/envs/llm_gs/lib/python3.9/site-packages/cv2/.dylibs/libSDL2-2.0.0.dylib (0x14540cb38). This may cause spurious casting failures and mysterious crashes. One of the duplicates must be removed or renamed.
objc[92156]: Class SDL_WindowData is implemented in both /Users/linmuyi/miniconda3/envs/llm_gs/lib/python3.9/site-packages/pygame/.dylibs/libSDL2-2.0.0.dylib (0x106f215c0) and /Users/linmuyi/miniconda3/envs/llm_gs/lib/python3.9/site-packages/cv2/.dylibs/libSDL2-2.0.0.dylib (0x14540cb88). This may cause spurious casting failures and mysterious crashes. One of the duplicates must be removed or renamed.
objc[92156]: Class SDLWindow is implemented in both /Users/linmuyi/miniconda3/envs/llm_gs/lib/python3.9/site-packages/pygame/.dylibs/libSDL2-2.0.0.dylib (0x106f215e8) and /Users/linmuyi/miniconda3/envs/llm_gs/lib/python3.9/site-packages/cv2/.dylibs/libSDL2-2.0.0.dylib (0x14540cbb0). This may cause spurious casting failures and mysterious crashes. One of the duplicates must be removed or renamed.
objc[92156]: Class Cocoa_WindowListener is implemented in both /Users/linmuyi/miniconda3/envs/llm_gs/lib/python3.9/site-packages/pygame/.dylibs/libSDL2-2.0.0.dylib (0x106f21610) and /Users/linmuyi/miniconda3/envs/llm_gs/lib/python3.9/site-packages/cv2/.dylibs/libSDL2-2.0.0.dylib (0x14540cbd8). This may cause spurious casting failures and mysterious crashes. One of the duplicates must be removed or renamed.
objc[92156]: Class SDLView is implemented in both /Users/linmuyi/miniconda3/envs/llm_gs/lib/python3.9/site-packages/pygame/.dylibs/libSDL2-2.0.0.dylib (0x106f21688) and /Users/linmuyi/miniconda3/envs/llm_gs/lib/python3.9/site-packages/cv2/.dylibs/libSDL2-2.0.0.dylib (0x14540cc50). This may cause spurious casting failures and mysterious crashes. One of the duplicates must be removed or renamed.
objc[92156]: Class METAL_RenderData is implemented in both /Users/linmuyi/miniconda3/envs/llm_gs/lib/python3.9/site-packages/pygame/.dylibs/libSDL2-2.0.0.dylib (0x106f21700) and /Users/linmuyi/miniconda3/envs/llm_gs/lib/python3.9/site-packages/cv2/.dylibs/libSDL2-2.0.0.dylib (0x14540ccc8). This may cause spurious casting failures and mysterious crashes. One of the duplicates must be removed or renamed.
objc[92156]: Class METAL_TextureData is implemented in both /Users/linmuyi/miniconda3/envs/llm_gs/lib/python3.9/site-packages/pygame/.dylibs/libSDL2-2.0.0.dylib (0x106f21750) and /Users/linmuyi/miniconda3/envs/llm_gs/lib/python3.9/site-packages/cv2/.dylibs/libSDL2-2.0.0.dylib (0x14540cd18). This may cause spurious casting failures and mysterious crashes. One of the duplicates must be removed or renamed.
objc[92156]: Class SDL_RumbleMotor is implemented in both /Users/linmuyi/miniconda3/envs/llm_gs/lib/python3.9/site-packages/pygame/.dylibs/libSDL2-2.0.0.dylib (0x106f21778) and /Users/linmuyi/miniconda3/envs/llm_gs/lib/python3.9/site-packages/cv2/.dylibs/libSDL2-2.0.0.dylib (0x14540cd40). This may cause spurious casting failures and mysterious crashes. One of the duplicates must be removed or renamed.
objc[92156]: Class SDL_RumbleContext is implemented in both /Users/linmuyi/miniconda3/envs/llm_gs/lib/python3.9/site-packages/pygame/.dylibs/libSDL2-2.0.0.dylib (0x106f217c8) and /Users/linmuyi/miniconda3/envs/llm_gs/lib/python3.9/site-packages/cv2/.dylibs/libSDL2-2.0.0.dylib (0x14540cd90). This may cause spurious casting failures and mysterious crashes. One of the duplicates must be removed or renamed.
[wall_count] 1500000 steps, 30 checkpoints, curriculum

  steps=  50000  held=0.11  gate=0.18  bins=1/3  active= 30  (129s)
  steps= 100000  held=0.43  gate=0.69  bins=2/3  active= 60  [UNLOCK:gate]  (234s)
  steps= 150000  held=0.26  gate=0.36  bins=2/3  active= 60  (352s)
  steps= 200000  held=0.08  gate=0.10  bins=2/3  active= 60  (479s)
  steps= 250000  held=0.17  gate=0.21  bins=2/3  active= 60  (604s)
  steps= 300000  held=0.10  gate=0.11  bins=2/3  active= 60  (731s)
  steps= 350000  held=0.02  gate=0.01  bins=2/3  active= 60  (862s)
  steps= 400000  held=0.01  gate=0.10  bins=2/3  active= 60  (992s)
  steps= 450000  held=0.07  gate=0.04  bins=2/3  active= 60  (1122s)
  steps= 500000  held=0.03  gate=0.06  bins=3/3  active= 90  [UNLOCK:deadline]  (1252s)
  steps= 550000  held=0.01  gate=0.01  bins=3/3  active= 90  (1349s)
  steps= 600000  held=0.00  gate=0.00  bins=3/3  active= 90  (1447s)
  steps= 650000  held=0.02  gate=0.02  bins=3/3  active= 90  (1544s)
  steps= 700000  held=0.16  gate=0.16  bins=3/3  active= 90  (1641s)
  steps= 750000  held=0.04  gate=0.04  bins=3/3  active= 90  (1737s)
  steps= 800000  held=0.07  gate=0.07  bins=3/3  active= 90  (1831s)
  steps= 850000  held=0.05  gate=0.05  bins=3/3  active= 90  (1926s)
  steps= 900000  held=0.02  gate=0.02  bins=3/3  active= 90  (2022s)
  steps= 950000  held=0.00  gate=0.00  bins=3/3  active= 90  (2123s)
  steps=1000000  held=0.18  gate=0.18  bins=3/3  active= 90  (2218s)
  steps=1050000  held=0.06  gate=0.06  bins=3/3  active= 90  (2320s)
  steps=1100000  held=0.24  gate=0.24  bins=3/3  active= 90  (2416s)
  steps=1150000  held=0.24  gate=0.24  bins=3/3  active= 90  (2514s)
  steps=1200000  held=0.15  gate=0.15  bins=3/3  active= 90  (2618s)
  steps=1250000  held=0.14  gate=0.14  bins=3/3  active= 90  (2722s)
  steps=1300000  held=0.10  gate=0.10  bins=3/3  active= 90  (2830s)
  steps=1350000  held=0.26  gate=0.26  bins=3/3  active= 90  (2929s)
  steps=1400000  held=0.15  gate=0.15  bins=3/3  active= 90  (3028s)
  steps=1450000  held=0.11  gate=0.11  bins=3/3  active= 90  (3123s)
  steps=1500000  held=0.15  gate=0.15  bins=3/3  active= 90  (3217s)

[wall_count] DONE  final held=0.15  steps_to_0.3=100,000  wall=3217s  -> wall_count_seed8.json
[wall_count] per-cell held: s19N0=0.15
