[flat] train=90 layouts  held-out=36 layouts
objc[33150]: Class SDLApplication is implemented in both /Users/linmuyi/miniconda3/envs/llm_gs/lib/python3.9/site-packages/pygame/.dylibs/libSDL2-2.0.0.dylib (0x106e712c8) and /Users/linmuyi/miniconda3/envs/llm_gs/lib/python3.9/site-packages/cv2/.dylibs/libSDL2-2.0.0.dylib (0x16bbc0890). This may cause spurious casting failures and mysterious crashes. One of the duplicates must be removed or renamed.
objc[33150]: Class SDLAppDelegate is implemented in both /Users/linmuyi/miniconda3/envs/llm_gs/lib/python3.9/site-packages/pygame/.dylibs/libSDL2-2.0.0.dylib (0x106e71318) and /Users/linmuyi/miniconda3/envs/llm_gs/lib/python3.9/site-packages/cv2/.dylibs/libSDL2-2.0.0.dylib (0x16bbc08e0). This may cause spurious casting failures and mysterious crashes. One of the duplicates must be removed or renamed.
objc[33150]: Class SDLTranslatorResponder is implemented in both /Users/linmuyi/miniconda3/envs/llm_gs/lib/python3.9/site-packages/pygame/.dylibs/libSDL2-2.0.0.dylib (0x106e71390) and /Users/linmuyi/miniconda3/envs/llm_gs/lib/python3.9/site-packages/cv2/.dylibs/libSDL2-2.0.0.dylib (0x16bbc0958). This may cause spurious casting failures and mysterious crashes. One of the duplicates must be removed or renamed.
objc[33150]: Class SDLMessageBoxPresenter is implemented in both /Users/linmuyi/miniconda3/envs/llm_gs/lib/python3.9/site-packages/pygame/.dylibs/libSDL2-2.0.0.dylib (0x106e713b8) and /Users/linmuyi/miniconda3/envs/llm_gs/lib/python3.9/site-packages/cv2/.dylibs/libSDL2-2.0.0.dylib (0x16bbc0980). This may cause spurious casting failures and mysterious crashes. One of the duplicates must be removed or renamed.
objc[33150]: Class SDL_cocoametalview is implemented in both /Users/linmuyi/miniconda3/envs/llm_gs/lib/python3.9/site-packages/pygame/.dylibs/libSDL2-2.0.0.dylib (0x106e71408) and /Users/linmuyi/miniconda3/envs/llm_gs/lib/python3.9/site-packages/cv2/.dylibs/libSDL2-2.0.0.dylib (0x16bbc09d0). This may cause spurious casting failures and mysterious crashes. One of the duplicates must be removed or renamed.
objc[33150]: Class SDLOpenGLContext is implemented in both /Users/linmuyi/miniconda3/envs/llm_gs/lib/python3.9/site-packages/pygame/.dylibs/libSDL2-2.0.0.dylib (0x106e71458) and /Users/linmuyi/miniconda3/envs/llm_gs/lib/python3.9/site-packages/cv2/.dylibs/libSDL2-2.0.0.dylib (0x16bbc0a20). This may cause spurious casting failures and mysterious crashes. One of the duplicates must be removed or renamed.
objc[33150]: Class SDL_ShapeData is implemented in both /Users/linmuyi/miniconda3/envs/llm_gs/lib/python3.9/site-packages/pygame/.dylibs/libSDL2-2.0.0.dylib (0x106e714d0) and /Users/linmuyi/miniconda3/envs/llm_gs/lib/python3.9/site-packages/cv2/.dylibs/libSDL2-2.0.0.dylib (0x16bbc0a98). This may cause spurious casting failures and mysterious crashes. One of the duplicates must be removed or renamed.
objc[33150]: Class SDL_CocoaClosure is implemented in both /Users/linmuyi/miniconda3/envs/llm_gs/lib/python3.9/site-packages/pygame/.dylibs/libSDL2-2.0.0.dylib (0x106e71520) and /Users/linmuyi/miniconda3/envs/llm_gs/lib/python3.9/site-packages/cv2/.dylibs/libSDL2-2.0.0.dylib (0x16bbc0ae8). This may cause spurious casting failures and mysterious crashes. One of the duplicates must be removed or renamed.
objc[33150]: Class SDL_VideoData is implemented in both /Users/linmuyi/miniconda3/envs/llm_gs/lib/python3.9/site-packages/pygame/.dylibs/libSDL2-2.0.0.dylib (0x106e71570) and /Users/linmuyi/miniconda3/envs/llm_gs/lib/python3.9/site-packages/cv2/.dylibs/libSDL2-2.0.0.dylib (0x16bbc0b38). This may cause spurious casting failures and mysterious crashes. One of the duplicates must be removed or renamed.
objc[33150]: Class SDL_WindowData is implemented in both /Users/linmuyi/miniconda3/envs/llm_gs/lib/python3.9/site-packages/pygame/.dylibs/libSDL2-2.0.0.dylib (0x106e715c0) and /Users/linmuyi/miniconda3/envs/llm_gs/lib/python3.9/site-packages/cv2/.dylibs/libSDL2-2.0.0.dylib (0x16bbc0b88). This may cause spurious casting failures and mysterious crashes. One of the duplicates must be removed or renamed.
objc[33150]: Class SDLWindow is implemented in both /Users/linmuyi/miniconda3/envs/llm_gs/lib/python3.9/site-packages/pygame/.dylibs/libSDL2-2.0.0.dylib (0x106e715e8) and /Users/linmuyi/miniconda3/envs/llm_gs/lib/python3.9/site-packages/cv2/.dylibs/libSDL2-2.0.0.dylib (0x16bbc0bb0). This may cause spurious casting failures and mysterious crashes. One of the duplicates must be removed or renamed.
objc[33150]: Class Cocoa_WindowListener is implemented in both /Users/linmuyi/miniconda3/envs/llm_gs/lib/python3.9/site-packages/pygame/.dylibs/libSDL2-2.0.0.dylib (0x106e71610) and /Users/linmuyi/miniconda3/envs/llm_gs/lib/python3.9/site-packages/cv2/.dylibs/libSDL2-2.0.0.dylib (0x16bbc0bd8). This may cause spurious casting failures and mysterious crashes. One of the duplicates must be removed or renamed.
objc[33150]: Class SDLView is implemented in both /Users/linmuyi/miniconda3/envs/llm_gs/lib/python3.9/site-packages/pygame/.dylibs/libSDL2-2.0.0.dylib (0x106e71688) and /Users/linmuyi/miniconda3/envs/llm_gs/lib/python3.9/site-packages/cv2/.dylibs/libSDL2-2.0.0.dylib (0x16bbc0c50). This may cause spurious casting failures and mysterious crashes. One of the duplicates must be removed or renamed.
objc[33150]: Class METAL_RenderData is implemented in both /Users/linmuyi/miniconda3/envs/llm_gs/lib/python3.9/site-packages/pygame/.dylibs/libSDL2-2.0.0.dylib (0x106e71700) and /Users/linmuyi/miniconda3/envs/llm_gs/lib/python3.9/site-packages/cv2/.dylibs/libSDL2-2.0.0.dylib (0x16bbc0cc8). This may cause spurious casting failures and mysterious crashes. One of the duplicates must be removed or renamed.
objc[33150]: Class METAL_TextureData is implemented in both /Users/linmuyi/miniconda3/envs/llm_gs/lib/python3.9/site-packages/pygame/.dylibs/libSDL2-2.0.0.dylib (0x106e71750) and /Users/linmuyi/miniconda3/envs/llm_gs/lib/python3.9/site-packages/cv2/.dylibs/libSDL2-2.0.0.dylib (0x16bbc0d18). This may cause spurious casting failures and mysterious crashes. One of the duplicates must be removed or renamed.
objc[33150]: Class SDL_RumbleMotor is implemented in both /Users/linmuyi/miniconda3/envs/llm_gs/lib/python3.9/site-packages/pygame/.dylibs/libSDL2-2.0.0.dylib (0x106e71778) and /Users/linmuyi/miniconda3/envs/llm_gs/lib/python3.9/site-packages/cv2/.dylibs/libSDL2-2.0.0.dylib (0x16bbc0d40). This may cause spurious casting failures and mysterious crashes. One of the duplicates must be removed or renamed.
objc[33150]: Class SDL_RumbleContext is implemented in both /Users/linmuyi/miniconda3/envs/llm_gs/lib/python3.9/site-packages/pygame/.dylibs/libSDL2-2.0.0.dylib (0x106e717c8) and /Users/linmuyi/miniconda3/envs/llm_gs/lib/python3.9/site-packages/cv2/.dylibs/libSDL2-2.0.0.dylib (0x16bbc0d90). This may cause spurious casting failures and mysterious crashes. One of the duplicates must be removed or renamed.
[flat] 1500000 steps, 30 checkpoints, flat (no curriculum)

  steps=  50000  held=0.19  gate=0.19  bins=3/3  active= 90  (103s)
  steps= 100000  held=0.12  gate=0.12  bins=3/3  active= 90  (203s)
  steps= 150000  held=0.04  gate=0.04  bins=3/3  active= 90  (305s)
  steps= 200000  held=0.17  gate=0.17  bins=3/3  active= 90  (419s)
  steps= 250000  held=0.11  gate=0.11  bins=3/3  active= 90  (526s)
  steps= 300000  held=0.15  gate=0.15  bins=3/3  active= 90  (633s)
  steps= 350000  held=0.10  gate=0.10  bins=3/3  active= 90  (743s)
  steps= 400000  held=0.10  gate=0.10  bins=3/3  active= 90  (851s)
  steps= 450000  held=0.12  gate=0.12  bins=3/3  active= 90  (957s)
  steps= 500000  held=0.11  gate=0.11  bins=3/3  active= 90  (1061s)
  steps= 550000  held=0.15  gate=0.15  bins=3/3  active= 90  (1165s)
  steps= 600000  held=0.13  gate=0.13  bins=3/3  active= 90  (1267s)
  steps= 650000  held=0.09  gate=0.09  bins=3/3  active= 90  (1375s)
  steps= 700000  held=0.12  gate=0.12  bins=3/3  active= 90  (1477s)
  steps= 750000  held=0.10  gate=0.10  bins=3/3  active= 90  (1573s)
  steps= 800000  held=0.12  gate=0.12  bins=3/3  active= 90  (1664s)
  steps= 850000  held=0.06  gate=0.06  bins=3/3  active= 90  (1758s)
  steps= 900000  held=0.06  gate=0.06  bins=3/3  active= 90  (1852s)
  steps= 950000  held=0.00  gate=0.00  bins=3/3  active= 90  (1947s)
  steps=1000000  held=0.00  gate=0.00  bins=3/3  active= 90  (2044s)
  steps=1050000  held=0.00  gate=0.00  bins=3/3  active= 90  (2141s)
  steps=1100000  held=0.00  gate=0.00  bins=3/3  active= 90  (2237s)
  steps=1150000  held=0.00  gate=0.00  bins=3/3  active= 90  (2336s)
  steps=1200000  held=0.01  gate=0.01  bins=3/3  active= 90  (2435s)
  steps=1250000  held=0.10  gate=0.10  bins=3/3  active= 90  (2529s)
  steps=1300000  held=0.02  gate=0.02  bins=3/3  active= 90  (2624s)
  steps=1350000  held=0.07  gate=0.07  bins=3/3  active= 90  (2716s)
  steps=1400000  held=0.26  gate=0.26  bins=3/3  active= 90  (2800s)
  steps=1450000  held=0.39  gate=0.39  bins=3/3  active= 90  (2879s)
  steps=1500000  held=0.50  gate=0.50  bins=3/3  active= 90  (2951s)

[flat] DONE  final held=0.50  steps_to_0.3=1,450,000  wall=2951s  -> flat_seed11.json
[flat] per-cell held: s19N0=0.50
