[wall_count] train=90 layouts  held-out=36 layouts
objc[21005]: Class SDLApplication is implemented in both /Users/linmuyi/miniconda3/envs/llm_gs/lib/python3.9/site-packages/pygame/.dylibs/libSDL2-2.0.0.dylib (0x108ee52c8) and /Users/linmuyi/miniconda3/envs/llm_gs/lib/python3.9/site-packages/cv2/.dylibs/libSDL2-2.0.0.dylib (0x133e7c890). This may cause spurious casting failures and mysterious crashes. One of the duplicates must be removed or renamed.
objc[21005]: Class SDLAppDelegate is implemented in both /Users/linmuyi/miniconda3/envs/llm_gs/lib/python3.9/site-packages/pygame/.dylibs/libSDL2-2.0.0.dylib (0x108ee5318) and /Users/linmuyi/miniconda3/envs/llm_gs/lib/python3.9/site-packages/cv2/.dylibs/libSDL2-2.0.0.dylib (0x133e7c8e0). This may cause spurious casting failures and mysterious crashes. One of the duplicates must be removed or renamed.
objc[21005]: Class SDLTranslatorResponder is implemented in both /Users/linmuyi/miniconda3/envs/llm_gs/lib/python3.9/site-packages/pygame/.dylibs/libSDL2-2.0.0.dylib (0x108ee5390) and /Users/linmuyi/miniconda3/envs/llm_gs/lib/python3.9/site-packages/cv2/.dylibs/libSDL2-2.0.0.dylib (0x133e7c958). This may cause spurious casting failures and mysterious crashes. One of the duplicates must be removed or renamed.
objc[21005]: Class SDLMessageBoxPresenter is implemented in both /Users/linmuyi/miniconda3/envs/llm_gs/lib/python3.9/site-packages/pygame/.dylibs/libSDL2-2.0.0.dylib (0x108ee53b8) and /Users/linmuyi/miniconda3/envs/llm_gs/lib/python3.9/site-packages/cv2/.dylibs/libSDL2-2.0.0.dylib (0x133e7c980). This may cause spurious casting failures and mysterious crashes. One of the duplicates must be removed or renamed.
objc[21005]: Class SDL_cocoametalview is implemented in both /Users/linmuyi/miniconda3/envs/llm_gs/lib/python3.9/site-packages/pygame/.dylibs/libSDL2-2.0.0.dylib (0x108ee5408) and /Users/linmuyi/miniconda3/envs/llm_gs/lib/python3.9/site-packages/cv2/.dylibs/libSDL2-2.0.0.dylib (0x133e7c9d0). This may cause spurious casting failures and mysterious crashes. One of the duplicates must be removed or renamed.
objc[21005]: Class SDLOpenGLContext is implemented in both /Users/linmuyi/miniconda3/envs/llm_gs/lib/python3.9/site-packages/pygame/.dylibs/libSDL2-2.0.0.dylib (0x108ee5458) and /Users/linmuyi/miniconda3/envs/llm_gs/lib/python3.9/site-packages/cv2/.dylibs/libSDL2-2.0.0.dylib (0x133e7ca20). This may cause spurious casting failures and mysterious crashes. One of the duplicates must be removed or renamed.
objc[21005]: Class SDL_ShapeData is implemented in both /Users/linmuyi/miniconda3/envs/llm_gs/lib/python3.9/site-packages/pygame/.dylibs/libSDL2-2.0.0.dylib (0x108ee54d0) and /Users/linmuyi/miniconda3/envs/llm_gs/lib/python3.9/site-packages/cv2/.dylibs/libSDL2-2.0.0.dylib (0x133e7ca98). This may cause spurious casting failures and mysterious crashes. One of the duplicates must be removed or renamed.
objc[21005]: Class SDL_CocoaClosure is implemented in both /Users/linmuyi/miniconda3/envs/llm_gs/lib/python3.9/site-packages/pygame/.dylibs/libSDL2-2.0.0.dylib (0x108ee5520) and /Users/linmuyi/miniconda3/envs/llm_gs/lib/python3.9/site-packages/cv2/.dylibs/libSDL2-2.0.0.dylib (0x133e7cae8). This may cause spurious casting failures and mysterious crashes. One of the duplicates must be removed or renamed.
objc[21005]: Class SDL_VideoData is implemented in both /Users/linmuyi/miniconda3/envs/llm_gs/lib/python3.9/site-packages/pygame/.dylibs/libSDL2-2.0.0.dylib (0x108ee5570) and /Users/linmuyi/miniconda3/envs/llm_gs/lib/python3.9/site-packages/cv2/.dylibs/libSDL2-2.0.0.dylib (0x133e7cb38). This may cause spurious casting failures and mysterious crashes. One of the duplicates must be removed or renamed.
objc[21005]: Class SDL_WindowData is implemented in both /Users/linmuyi/miniconda3/envs/llm_gs/lib/python3.9/site-packages/pygame/.dylibs/libSDL2-2.0.0.dylib (0x108ee55c0) and /Users/linmuyi/miniconda3/envs/llm_gs/lib/python3.9/site-packages/cv2/.dylibs/libSDL2-2.0.0.dylib (0x133e7cb88). This may cause spurious casting failures and mysterious crashes. One of the duplicates must be removed or renamed.
objc[21005]: Class SDLWindow is implemented in both /Users/linmuyi/miniconda3/envs/llm_gs/lib/python3.9/site-packages/pygame/.dylibs/libSDL2-2.0.0.dylib (0x108ee55e8) and /Users/linmuyi/miniconda3/envs/llm_gs/lib/python3.9/site-packages/cv2/.dylibs/libSDL2-2.0.0.dylib (0x133e7cbb0). This may cause spurious casting failures and mysterious crashes. One of the duplicates must be removed or renamed.
objc[21005]: Class Cocoa_WindowListener is implemented in both /Users/linmuyi/miniconda3/envs/llm_gs/lib/python3.9/site-packages/pygame/.dylibs/libSDL2-2.0.0.dylib (0x108ee5610) and /Users/linmuyi/miniconda3/envs/llm_gs/lib/python3.9/site-packages/cv2/.dylibs/libSDL2-2.0.0.dylib (0x133e7cbd8). This may cause spurious casting failures and mysterious crashes. One of the duplicates must be removed or renamed.
objc[21005]: Class SDLView is implemented in both /Users/linmuyi/miniconda3/envs/llm_gs/lib/python3.9/site-packages/pygame/.dylibs/libSDL2-2.0.0.dylib (0x108ee5688) and /Users/linmuyi/miniconda3/envs/llm_gs/lib/python3.9/site-packages/cv2/.dylibs/libSDL2-2.0.0.dylib (0x133e7cc50). This may cause spurious casting failures and mysterious crashes. One of the duplicates must be removed or renamed.
objc[21005]: Class METAL_RenderData is implemented in both /Users/linmuyi/miniconda3/envs/llm_gs/lib/python3.9/site-packages/pygame/.dylibs/libSDL2-2.0.0.dylib (0x108ee5700) and /Users/linmuyi/miniconda3/envs/llm_gs/lib/python3.9/site-packages/cv2/.dylibs/libSDL2-2.0.0.dylib (0x133e7ccc8). This may cause spurious casting failures and mysterious crashes. One of the duplicates must be removed or renamed.
objc[21005]: Class METAL_TextureData is implemented in both /Users/linmuyi/miniconda3/envs/llm_gs/lib/python3.9/site-packages/pygame/.dylibs/libSDL2-2.0.0.dylib (0x108ee5750) and /Users/linmuyi/miniconda3/envs/llm_gs/lib/python3.9/site-packages/cv2/.dylibs/libSDL2-2.0.0.dylib (0x133e7cd18). This may cause spurious casting failures and mysterious crashes. One of the duplicates must be removed or renamed.
objc[21005]: Class SDL_RumbleMotor is implemented in both /Users/linmuyi/miniconda3/envs/llm_gs/lib/python3.9/site-packages/pygame/.dylibs/libSDL2-2.0.0.dylib (0x108ee5778) and /Users/linmuyi/miniconda3/envs/llm_gs/lib/python3.9/site-packages/cv2/.dylibs/libSDL2-2.0.0.dylib (0x133e7cd40). This may cause spurious casting failures and mysterious crashes. One of the duplicates must be removed or renamed.
objc[21005]: Class SDL_RumbleContext is implemented in both /Users/linmuyi/miniconda3/envs/llm_gs/lib/python3.9/site-packages/pygame/.dylibs/libSDL2-2.0.0.dylib (0x108ee57c8) and /Users/linmuyi/miniconda3/envs/llm_gs/lib/python3.9/site-packages/cv2/.dylibs/libSDL2-2.0.0.dylib (0x133e7cd90). This may cause spurious casting failures and mysterious crashes. One of the duplicates must be removed or renamed.
[wall_count] 1500000 steps, 30 checkpoints, curriculum

  steps=  50000  held=0.08  gate=0.10  bins=1/3  active= 30  (144s)
  steps= 100000  held=0.30  gate=0.46  bins=1/3  active= 30  (266s)
  steps= 150000  held=0.44  gate=0.62  bins=2/3  active= 60  [UNLOCK:gate]  (376s)
  steps= 200000  held=0.47  gate=0.42  bins=2/3  active= 60  (488s)
  steps= 250000  held=0.43  gate=0.54  bins=2/3  active= 60  (590s)
  steps= 300000  held=0.50  gate=0.61  bins=3/3  active= 90  [UNLOCK:gate]  (691s)
  steps= 350000  held=0.28  gate=0.28  bins=3/3  active= 90  (776s)
  steps= 400000  held=0.11  gate=0.11  bins=3/3  active= 90  (871s)
  steps= 450000  held=0.04  gate=0.04  bins=3/3  active= 90  (974s)
  steps= 500000  held=0.03  gate=0.03  bins=3/3  active= 90  (1075s)
  steps= 550000  held=0.02  gate=0.02  bins=3/3  active= 90  (1178s)
  steps= 600000  held=0.03  gate=0.03  bins=3/3  active= 90  (1278s)
  steps= 650000  held=0.00  gate=0.00  bins=3/3  active= 90  (1380s)
  steps= 700000  held=0.10  gate=0.10  bins=3/3  active= 90  (1492s)
  steps= 750000  held=0.42  gate=0.42  bins=3/3  active= 90  (1584s)
  steps= 800000  held=0.25  gate=0.25  bins=3/3  active= 90  (1684s)
  steps= 850000  held=0.03  gate=0.03  bins=3/3  active= 90  (1795s)
  steps= 900000  held=0.13  gate=0.13  bins=3/3  active= 90  (1903s)
  steps= 950000  held=0.03  gate=0.03  bins=3/3  active= 90  (2011s)
  steps=1000000  held=0.00  gate=0.00  bins=3/3  active= 90  (2119s)
  steps=1050000  held=0.00  gate=0.00  bins=3/3  active= 90  (2228s)
  steps=1100000  held=0.01  gate=0.01  bins=3/3  active= 90  (2337s)
  steps=1150000  held=0.03  gate=0.03  bins=3/3  active= 90  (2449s)
  steps=1200000  held=0.07  gate=0.07  bins=3/3  active= 90  (2556s)
  steps=1250000  held=0.00  gate=0.00  bins=3/3  active= 90  (2658s)
  steps=1300000  held=0.00  gate=0.00  bins=3/3  active= 90  (2754s)
  steps=1350000  held=0.01  gate=0.01  bins=3/3  active= 90  (2850s)
  steps=1400000  held=0.15  gate=0.15  bins=3/3  active= 90  (2942s)
  steps=1450000  held=0.08  gate=0.08  bins=3/3  active= 90  (3035s)
  steps=1500000  held=0.00  gate=0.00  bins=3/3  active= 90  (3134s)

[wall_count] DONE  final held=0.00  steps_to_0.3=150,000  wall=3134s  -> wall_count_seed11.json
[wall_count] per-cell held: s19N0=0.00
