[path_len] train=90 layouts  held-out=36 layouts
objc[484]: Class SDLApplication is implemented in both /Users/linmuyi/miniconda3/envs/llm_gs/lib/python3.9/site-packages/pygame/.dylibs/libSDL2-2.0.0.dylib (0x1063612c8) and /Users/linmuyi/miniconda3/envs/llm_gs/lib/python3.9/site-packages/cv2/.dylibs/libSDL2-2.0.0.dylib (0x16a134890). This may cause spurious casting failures and mysterious crashes. One of the duplicates must be removed or renamed.
objc[484]: Class SDLAppDelegate is implemented in both /Users/linmuyi/miniconda3/envs/llm_gs/lib/python3.9/site-packages/pygame/.dylibs/libSDL2-2.0.0.dylib (0x106361318) and /Users/linmuyi/miniconda3/envs/llm_gs/lib/python3.9/site-packages/cv2/.dylibs/libSDL2-2.0.0.dylib (0x16a1348e0). This may cause spurious casting failures and mysterious crashes. One of the duplicates must be removed or renamed.
objc[484]: Class SDLTranslatorResponder is implemented in both /Users/linmuyi/miniconda3/envs/llm_gs/lib/python3.9/site-packages/pygame/.dylibs/libSDL2-2.0.0.dylib (0x106361390) and /Users/linmuyi/miniconda3/envs/llm_gs/lib/python3.9/site-packages/cv2/.dylibs/libSDL2-2.0.0.dylib (0x16a134958). This may cause spurious casting failures and mysterious crashes. One of the duplicates must be removed or renamed.
objc[484]: Class SDLMessageBoxPresenter is implemented in both /Users/linmuyi/miniconda3/envs/llm_gs/lib/python3.9/site-packages/pygame/.dylibs/libSDL2-2.0.0.dylib (0x1063613b8) and /Users/linmuyi/miniconda3/envs/llm_gs/lib/python3.9/site-packages/cv2/.dylibs/libSDL2-2.0.0.dylib (0x16a134980). This may cause spurious casting failures and mysterious crashes. One of the duplicates must be removed or renamed.
objc[484]: Class SDL_cocoametalview is implemented in both /Users/linmuyi/miniconda3/envs/llm_gs/lib/python3.9/site-packages/pygame/.dylibs/libSDL2-2.0.0.dylib (0x106361408) and /Users/linmuyi/miniconda3/envs/llm_gs/lib/python3.9/site-packages/cv2/.dylibs/libSDL2-2.0.0.dylib (0x16a1349d0). This may cause spurious casting failures and mysterious crashes. One of the duplicates must be removed or renamed.
objc[484]: Class SDLOpenGLContext is implemented in both /Users/linmuyi/miniconda3/envs/llm_gs/lib/python3.9/site-packages/pygame/.dylibs/libSDL2-2.0.0.dylib (0x106361458) and /Users/linmuyi/miniconda3/envs/llm_gs/lib/python3.9/site-packages/cv2/.dylibs/libSDL2-2.0.0.dylib (0x16a134a20). This may cause spurious casting failures and mysterious crashes. One of the duplicates must be removed or renamed.
objc[484]: Class SDL_ShapeData is implemented in both /Users/linmuyi/miniconda3/envs/llm_gs/lib/python3.9/site-packages/pygame/.dylibs/libSDL2-2.0.0.dylib (0x1063614d0) and /Users/linmuyi/miniconda3/envs/llm_gs/lib/python3.9/site-packages/cv2/.dylibs/libSDL2-2.0.0.dylib (0x16a134a98). This may cause spurious casting failures and mysterious crashes. One of the duplicates must be removed or renamed.
objc[484]: Class SDL_CocoaClosure is implemented in both /Users/linmuyi/miniconda3/envs/llm_gs/lib/python3.9/site-packages/pygame/.dylibs/libSDL2-2.0.0.dylib (0x106361520) and /Users/linmuyi/miniconda3/envs/llm_gs/lib/python3.9/site-packages/cv2/.dylibs/libSDL2-2.0.0.dylib (0x16a134ae8). This may cause spurious casting failures and mysterious crashes. One of the duplicates must be removed or renamed.
objc[484]: Class SDL_VideoData is implemented in both /Users/linmuyi/miniconda3/envs/llm_gs/lib/python3.9/site-packages/pygame/.dylibs/libSDL2-2.0.0.dylib (0x106361570) and /Users/linmuyi/miniconda3/envs/llm_gs/lib/python3.9/site-packages/cv2/.dylibs/libSDL2-2.0.0.dylib (0x16a134b38). This may cause spurious casting failures and mysterious crashes. One of the duplicates must be removed or renamed.
objc[484]: Class SDL_WindowData is implemented in both /Users/linmuyi/miniconda3/envs/llm_gs/lib/python3.9/site-packages/pygame/.dylibs/libSDL2-2.0.0.dylib (0x1063615c0) and /Users/linmuyi/miniconda3/envs/llm_gs/lib/python3.9/site-packages/cv2/.dylibs/libSDL2-2.0.0.dylib (0x16a134b88). This may cause spurious casting failures and mysterious crashes. One of the duplicates must be removed or renamed.
objc[484]: Class SDLWindow is implemented in both /Users/linmuyi/miniconda3/envs/llm_gs/lib/python3.9/site-packages/pygame/.dylibs/libSDL2-2.0.0.dylib (0x1063615e8) and /Users/linmuyi/miniconda3/envs/llm_gs/lib/python3.9/site-packages/cv2/.dylibs/libSDL2-2.0.0.dylib (0x16a134bb0). This may cause spurious casting failures and mysterious crashes. One of the duplicates must be removed or renamed.
objc[484]: Class Cocoa_WindowListener is implemented in both /Users/linmuyi/miniconda3/envs/llm_gs/lib/python3.9/site-packages/pygame/.dylibs/libSDL2-2.0.0.dylib (0x106361610) and /Users/linmuyi/miniconda3/envs/llm_gs/lib/python3.9/site-packages/cv2/.dylibs/libSDL2-2.0.0.dylib (0x16a134bd8). This may cause spurious casting failures and mysterious crashes. One of the duplicates must be removed or renamed.
objc[484]: Class SDLView is implemented in both /Users/linmuyi/miniconda3/envs/llm_gs/lib/python3.9/site-packages/pygame/.dylibs/libSDL2-2.0.0.dylib (0x106361688) and /Users/linmuyi/miniconda3/envs/llm_gs/lib/python3.9/site-packages/cv2/.dylibs/libSDL2-2.0.0.dylib (0x16a134c50). This may cause spurious casting failures and mysterious crashes. One of the duplicates must be removed or renamed.
objc[484]: Class METAL_RenderData is implemented in both /Users/linmuyi/miniconda3/envs/llm_gs/lib/python3.9/site-packages/pygame/.dylibs/libSDL2-2.0.0.dylib (0x106361700) and /Users/linmuyi/miniconda3/envs/llm_gs/lib/python3.9/site-packages/cv2/.dylibs/libSDL2-2.0.0.dylib (0x16a134cc8). This may cause spurious casting failures and mysterious crashes. One of the duplicates must be removed or renamed.
objc[484]: Class METAL_TextureData is implemented in both /Users/linmuyi/miniconda3/envs/llm_gs/lib/python3.9/site-packages/pygame/.dylibs/libSDL2-2.0.0.dylib (0x106361750) and /Users/linmuyi/miniconda3/envs/llm_gs/lib/python3.9/site-packages/cv2/.dylibs/libSDL2-2.0.0.dylib (0x16a134d18). This may cause spurious casting failures and mysterious crashes. One of the duplicates must be removed or renamed.
objc[484]: Class SDL_RumbleMotor is implemented in both /Users/linmuyi/miniconda3/envs/llm_gs/lib/python3.9/site-packages/pygame/.dylibs/libSDL2-2.0.0.dylib (0x106361778) and /Users/linmuyi/miniconda3/envs/llm_gs/lib/python3.9/site-packages/cv2/.dylibs/libSDL2-2.0.0.dylib (0x16a134d40). This may cause spurious casting failures and mysterious crashes. One of the duplicates must be removed or renamed.
objc[484]: Class SDL_RumbleContext is implemented in both /Users/linmuyi/miniconda3/envs/llm_gs/lib/python3.9/site-packages/pygame/.dylibs/libSDL2-2.0.0.dylib (0x1063617c8) and /Users/linmuyi/miniconda3/envs/llm_gs/lib/python3.9/site-packages/cv2/.dylibs/libSDL2-2.0.0.dylib (0x16a134d90). This may cause spurious casting failures and mysterious crashes. One of the duplicates must be removed or renamed.
[path_len] 1500000 steps, 30 checkpoints, curriculum

  steps=  50000  held=0.04  gate=0.07  bins=1/3  active= 30  (118s)
  steps= 100000  held=0.01  gate=0.00  bins=1/3  active= 30  (233s)
  steps= 150000  held=0.01  gate=0.00  bins=1/3  active= 30  (348s)
  steps= 200000  held=0.17  gate=0.11  bins=1/3  active= 30  (458s)
  steps= 250000  held=0.03  gate=0.03  bins=1/3  active= 30  (572s)
  steps= 300000  held=0.17  gate=0.15  bins=1/3  active= 30  (682s)
  steps= 350000  held=0.35  gate=0.54  bins=1/3  active= 30  (775s)
  steps= 400000  held=0.41  gate=0.47  bins=2/3  active= 60  [UNLOCK:deadline]  (872s)
  steps= 450000  held=0.61  gate=0.88  bins=3/3  active= 90  [UNLOCK:gate]  (946s)
  steps= 500000  held=0.65  gate=0.65  bins=3/3  active= 90  (1005s)
  steps= 550000  held=0.72  gate=0.72  bins=3/3  active= 90  (1060s)
  steps= 600000  held=0.58  gate=0.58  bins=3/3  active= 90  (1125s)
  steps= 650000  held=0.62  gate=0.62  bins=3/3  active= 90  (1186s)
  steps= 700000  held=0.66  gate=0.66  bins=3/3  active= 90  (1241s)
  steps= 750000  held=0.60  gate=0.60  bins=3/3  active= 90  (1304s)
  steps= 800000  held=0.61  gate=0.61  bins=3/3  active= 90  (1371s)
  steps= 850000  held=0.67  gate=0.67  bins=3/3  active= 90  (1435s)
  steps= 900000  held=0.65  gate=0.65  bins=3/3  active= 90  (1495s)
  steps= 950000  held=0.58  gate=0.58  bins=3/3  active= 90  (1567s)
  steps=1000000  held=0.63  gate=0.63  bins=3/3  active= 90  (1631s)
  steps=1050000  held=0.54  gate=0.54  bins=3/3  active= 90  (1697s)
  steps=1100000  held=0.60  gate=0.60  bins=3/3  active= 90  (1762s)
  steps=1150000  held=0.60  gate=0.60  bins=3/3  active= 90  (1826s)
  steps=1200000  held=0.74  gate=0.74  bins=3/3  active= 90  (1914s)
  steps=1250000  held=0.74  gate=0.74  bins=3/3  active= 90  (2020s)
  steps=1300000  held=0.55  gate=0.55  bins=3/3  active= 90  (2104s)
  steps=1350000  held=0.65  gate=0.65  bins=3/3  active= 90  (2160s)
  steps=1400000  held=0.58  gate=0.58  bins=3/3  active= 90  (2223s)
  steps=1450000  held=0.69  gate=0.69  bins=3/3  active= 90  (2284s)
  steps=1500000  held=0.67  gate=0.67  bins=3/3  active= 90  (2343s)

[path_len] DONE  final held=0.67  steps_to_0.3=350,000  wall=2343s  -> path_len_seed0.json
[path_len] per-cell held: s19N0=0.67
