[grader] train=90 layouts  held-out=36 layouts
objc[15966]: Class SDLApplication is implemented in both /Users/linmuyi/miniconda3/envs/llm_gs/lib/python3.9/site-packages/pygame/.dylibs/libSDL2-2.0.0.dylib (0x108d1d2c8) and /Users/linmuyi/miniconda3/envs/llm_gs/lib/python3.9/site-packages/cv2/.dylibs/libSDL2-2.0.0.dylib (0x319830890). This may cause spurious casting failures and mysterious crashes. One of the duplicates must be removed or renamed.
objc[15966]: Class SDLAppDelegate is implemented in both /Users/linmuyi/miniconda3/envs/llm_gs/lib/python3.9/site-packages/pygame/.dylibs/libSDL2-2.0.0.dylib (0x108d1d318) and /Users/linmuyi/miniconda3/envs/llm_gs/lib/python3.9/site-packages/cv2/.dylibs/libSDL2-2.0.0.dylib (0x3198308e0). This may cause spurious casting failures and mysterious crashes. One of the duplicates must be removed or renamed.
objc[15966]: Class SDLTranslatorResponder is implemented in both /Users/linmuyi/miniconda3/envs/llm_gs/lib/python3.9/site-packages/pygame/.dylibs/libSDL2-2.0.0.dylib (0x108d1d390) and /Users/linmuyi/miniconda3/envs/llm_gs/lib/python3.9/site-packages/cv2/.dylibs/libSDL2-2.0.0.dylib (0x319830958). This may cause spurious casting failures and mysterious crashes. One of the duplicates must be removed or renamed.
objc[15966]: Class SDLMessageBoxPresenter is implemented in both /Users/linmuyi/miniconda3/envs/llm_gs/lib/python3.9/site-packages/pygame/.dylibs/libSDL2-2.0.0.dylib (0x108d1d3b8) and /Users/linmuyi/miniconda3/envs/llm_gs/lib/python3.9/site-packages/cv2/.dylibs/libSDL2-2.0.0.dylib (0x319830980). This may cause spurious casting failures and mysterious crashes. One of the duplicates must be removed or renamed.
objc[15966]: Class SDL_cocoametalview is implemented in both /Users/linmuyi/miniconda3/envs/llm_gs/lib/python3.9/site-packages/pygame/.dylibs/libSDL2-2.0.0.dylib (0x108d1d408) and /Users/linmuyi/miniconda3/envs/llm_gs/lib/python3.9/site-packages/cv2/.dylibs/libSDL2-2.0.0.dylib (0x3198309d0). This may cause spurious casting failures and mysterious crashes. One of the duplicates must be removed or renamed.
objc[15966]: Class SDLOpenGLContext is implemented in both /Users/linmuyi/miniconda3/envs/llm_gs/lib/python3.9/site-packages/pygame/.dylibs/libSDL2-2.0.0.dylib (0x108d1d458) and /Users/linmuyi/miniconda3/envs/llm_gs/lib/python3.9/site-packages/cv2/.dylibs/libSDL2-2.0.0.dylib (0x319830a20). This may cause spurious casting failures and mysterious crashes. One of the duplicates must be removed or renamed.
objc[15966]: Class SDL_ShapeData is implemented in both /Users/linmuyi/miniconda3/envs/llm_gs/lib/python3.9/site-packages/pygame/.dylibs/libSDL2-2.0.0.dylib (0x108d1d4d0) and /Users/linmuyi/miniconda3/envs/llm_gs/lib/python3.9/site-packages/cv2/.dylibs/libSDL2-2.0.0.dylib (0x319830a98). This may cause spurious casting failures and mysterious crashes. One of the duplicates must be removed or renamed.
objc[15966]: Class SDL_CocoaClosure is implemented in both /Users/linmuyi/miniconda3/envs/llm_gs/lib/python3.9/site-packages/pygame/.dylibs/libSDL2-2.0.0.dylib (0x108d1d520) and /Users/linmuyi/miniconda3/envs/llm_gs/lib/python3.9/site-packages/cv2/.dylibs/libSDL2-2.0.0.dylib (0x319830ae8). This may cause spurious casting failures and mysterious crashes. One of the duplicates must be removed or renamed.
objc[15966]: Class SDL_VideoData is implemented in both /Users/linmuyi/miniconda3/envs/llm_gs/lib/python3.9/site-packages/pygame/.dylibs/libSDL2-2.0.0.dylib (0x108d1d570) and /Users/linmuyi/miniconda3/envs/llm_gs/lib/python3.9/site-packages/cv2/.dylibs/libSDL2-2.0.0.dylib (0x319830b38). This may cause spurious casting failures and mysterious crashes. One of the duplicates must be removed or renamed.
objc[15966]: Class SDL_WindowData is implemented in both /Users/linmuyi/miniconda3/envs/llm_gs/lib/python3.9/site-packages/pygame/.dylibs/libSDL2-2.0.0.dylib (0x108d1d5c0) and /Users/linmuyi/miniconda3/envs/llm_gs/lib/python3.9/site-packages/cv2/.dylibs/libSDL2-2.0.0.dylib (0x319830b88). This may cause spurious casting failures and mysterious crashes. One of the duplicates must be removed or renamed.
objc[15966]: Class SDLWindow is implemented in both /Users/linmuyi/miniconda3/envs/llm_gs/lib/python3.9/site-packages/pygame/.dylibs/libSDL2-2.0.0.dylib (0x108d1d5e8) and /Users/linmuyi/miniconda3/envs/llm_gs/lib/python3.9/site-packages/cv2/.dylibs/libSDL2-2.0.0.dylib (0x319830bb0). This may cause spurious casting failures and mysterious crashes. One of the duplicates must be removed or renamed.
objc[15966]: Class Cocoa_WindowListener is implemented in both /Users/linmuyi/miniconda3/envs/llm_gs/lib/python3.9/site-packages/pygame/.dylibs/libSDL2-2.0.0.dylib (0x108d1d610) and /Users/linmuyi/miniconda3/envs/llm_gs/lib/python3.9/site-packages/cv2/.dylibs/libSDL2-2.0.0.dylib (0x319830bd8). This may cause spurious casting failures and mysterious crashes. One of the duplicates must be removed or renamed.
objc[15966]: Class SDLView is implemented in both /Users/linmuyi/miniconda3/envs/llm_gs/lib/python3.9/site-packages/pygame/.dylibs/libSDL2-2.0.0.dylib (0x108d1d688) and /Users/linmuyi/miniconda3/envs/llm_gs/lib/python3.9/site-packages/cv2/.dylibs/libSDL2-2.0.0.dylib (0x319830c50). This may cause spurious casting failures and mysterious crashes. One of the duplicates must be removed or renamed.
objc[15966]: Class METAL_RenderData is implemented in both /Users/linmuyi/miniconda3/envs/llm_gs/lib/python3.9/site-packages/pygame/.dylibs/libSDL2-2.0.0.dylib (0x108d1d700) and /Users/linmuyi/miniconda3/envs/llm_gs/lib/python3.9/site-packages/cv2/.dylibs/libSDL2-2.0.0.dylib (0x319830cc8). This may cause spurious casting failures and mysterious crashes. One of the duplicates must be removed or renamed.
objc[15966]: Class METAL_TextureData is implemented in both /Users/linmuyi/miniconda3/envs/llm_gs/lib/python3.9/site-packages/pygame/.dylibs/libSDL2-2.0.0.dylib (0x108d1d750) and /Users/linmuyi/miniconda3/envs/llm_gs/lib/python3.9/site-packages/cv2/.dylibs/libSDL2-2.0.0.dylib (0x319830d18). This may cause spurious casting failures and mysterious crashes. One of the duplicates must be removed or renamed.
objc[15966]: Class SDL_RumbleMotor is implemented in both /Users/linmuyi/miniconda3/envs/llm_gs/lib/python3.9/site-packages/pygame/.dylibs/libSDL2-2.0.0.dylib (0x108d1d778) and /Users/linmuyi/miniconda3/envs/llm_gs/lib/python3.9/site-packages/cv2/.dylibs/libSDL2-2.0.0.dylib (0x319830d40). This may cause spurious casting failures and mysterious crashes. One of the duplicates must be removed or renamed.
objc[15966]: Class SDL_RumbleContext is implemented in both /Users/linmuyi/miniconda3/envs/llm_gs/lib/python3.9/site-packages/pygame/.dylibs/libSDL2-2.0.0.dylib (0x108d1d7c8) and /Users/linmuyi/miniconda3/envs/llm_gs/lib/python3.9/site-packages/cv2/.dylibs/libSDL2-2.0.0.dylib (0x319830d90). This may cause spurious casting failures and mysterious crashes. One of the duplicates must be removed or renamed.
[grader] 1500000 steps, 30 checkpoints, curriculum

  steps=  50000  held=0.26  gate=0.38  bins=1/3  active= 30  (219s)
  steps= 100000  held=0.31  gate=0.54  bins=1/3  active= 30  (328s)
  steps= 150000  held=0.62  gate=0.92  bins=2/3  active= 60  [UNLOCK:gate]  (408s)
  steps= 200000  held=0.56  gate=0.64  bins=3/3  active= 90  [UNLOCK:gate]  (492s)
  steps= 250000  held=0.58  gate=0.58  bins=3/3  active= 90  (564s)
  steps= 300000  held=0.65  gate=0.65  bins=3/3  active= 90  (638s)
  steps= 350000  held=0.60  gate=0.60  bins=3/3  active= 90  (710s)
  steps= 400000  held=0.65  gate=0.65  bins=3/3  active= 90  (784s)
  steps= 450000  held=0.56  gate=0.56  bins=3/3  active= 90  (860s)
  steps= 500000  held=0.58  gate=0.58  bins=3/3  active= 90  (941s)
  steps= 550000  held=0.62  gate=0.62  bins=3/3  active= 90  (1008s)
  steps= 600000  held=0.53  gate=0.53  bins=3/3  active= 90  (1076s)
  steps= 650000  held=0.59  gate=0.59  bins=3/3  active= 90  (1137s)
  steps= 700000  held=0.68  gate=0.68  bins=3/3  active= 90  (1200s)
  steps= 750000  held=0.69  gate=0.69  bins=3/3  active= 90  (1260s)
  steps= 800000  held=0.72  gate=0.72  bins=3/3  active= 90  (1321s)
  steps= 850000  held=0.60  gate=0.60  bins=3/3  active= 90  (1386s)
  steps= 900000  held=0.55  gate=0.55  bins=3/3  active= 90  (1451s)
  steps= 950000  held=0.47  gate=0.47  bins=3/3  active= 90  (1519s)
  steps=1000000  held=0.64  gate=0.64  bins=3/3  active= 90  (1580s)
  steps=1050000  held=0.60  gate=0.60  bins=3/3  active= 90  (1643s)
  steps=1100000  held=0.76  gate=0.76  bins=3/3  active= 90  (1696s)
  steps=1150000  held=0.69  gate=0.69  bins=3/3  active= 90  (1753s)
  steps=1200000  held=0.61  gate=0.61  bins=3/3  active= 90  (1815s)
  steps=1250000  held=0.67  gate=0.67  bins=3/3  active= 90  (1871s)
  steps=1300000  held=0.63  gate=0.63  bins=3/3  active= 90  (1931s)
  steps=1350000  held=0.62  gate=0.62  bins=3/3  active= 90  (1989s)
  steps=1400000  held=0.66  gate=0.66  bins=3/3  active= 90  (2053s)
  steps=1450000  held=0.69  gate=0.69  bins=3/3  active= 90  (2157s)
  steps=1500000  held=0.72  gate=0.72  bins=3/3  active= 90  (2260s)

[grader] DONE  final held=0.72  steps_to_0.3=100,000  wall=2260s  -> grader_seed2.json
[grader] per-cell held: s19N0=0.72
