[wall_count] train=90 layouts  held-out=36 layouts
objc[59100]: Class SDLApplication is implemented in both /Users/linmuyi/miniconda3/envs/llm_gs/lib/python3.9/site-packages/pygame/.dylibs/libSDL2-2.0.0.dylib (0x11014d2c8) and /Users/linmuyi/miniconda3/envs/llm_gs/lib/python3.9/site-packages/cv2/.dylibs/libSDL2-2.0.0.dylib (0x31a494890). This may cause spurious casting failures and mysterious crashes. One of the duplicates must be removed or renamed.
objc[59100]: Class SDLAppDelegate is implemented in both /Users/linmuyi/miniconda3/envs/llm_gs/lib/python3.9/site-packages/pygame/.dylibs/libSDL2-2.0.0.dylib (0x11014d318) and /Users/linmuyi/miniconda3/envs/llm_gs/lib/python3.9/site-packages/cv2/.dylibs/libSDL2-2.0.0.dylib (0x31a4948e0). This may cause spurious casting failures and mysterious crashes. One of the duplicates must be removed or renamed.
objc[59100]: Class SDLTranslatorResponder is implemented in both /Users/linmuyi/miniconda3/envs/llm_gs/lib/python3.9/site-packages/pygame/.dylibs/libSDL2-2.0.0.dylib (0x11014d390) and /Users/linmuyi/miniconda3/envs/llm_gs/lib/python3.9/site-packages/cv2/.dylibs/libSDL2-2.0.0.dylib (0x31a494958). This may cause spurious casting failures and mysterious crashes. One of the duplicates must be removed or renamed.
objc[59100]: Class SDLMessageBoxPresenter is implemented in both /Users/linmuyi/miniconda3/envs/llm_gs/lib/python3.9/site-packages/pygame/.dylibs/libSDL2-2.0.0.dylib (0x11014d3b8) and /Users/linmuyi/miniconda3/envs/llm_gs/lib/python3.9/site-packages/cv2/.dylibs/libSDL2-2.0.0.dylib (0x31a494980). This may cause spurious casting failures and mysterious crashes. One of the duplicates must be removed or renamed.
objc[59100]: Class SDL_cocoametalview is implemented in both /Users/linmuyi/miniconda3/envs/llm_gs/lib/python3.9/site-packages/pygame/.dylibs/libSDL2-2.0.0.dylib (0x11014d408) and /Users/linmuyi/miniconda3/envs/llm_gs/lib/python3.9/site-packages/cv2/.dylibs/libSDL2-2.0.0.dylib (0x31a4949d0). This may cause spurious casting failures and mysterious crashes. One of the duplicates must be removed or renamed.
objc[59100]: Class SDLOpenGLContext is implemented in both /Users/linmuyi/miniconda3/envs/llm_gs/lib/python3.9/site-packages/pygame/.dylibs/libSDL2-2.0.0.dylib (0x11014d458) and /Users/linmuyi/miniconda3/envs/llm_gs/lib/python3.9/site-packages/cv2/.dylibs/libSDL2-2.0.0.dylib (0x31a494a20). This may cause spurious casting failures and mysterious crashes. One of the duplicates must be removed or renamed.
objc[59100]: Class SDL_ShapeData is implemented in both /Users/linmuyi/miniconda3/envs/llm_gs/lib/python3.9/site-packages/pygame/.dylibs/libSDL2-2.0.0.dylib (0x11014d4d0) and /Users/linmuyi/miniconda3/envs/llm_gs/lib/python3.9/site-packages/cv2/.dylibs/libSDL2-2.0.0.dylib (0x31a494a98). This may cause spurious casting failures and mysterious crashes. One of the duplicates must be removed or renamed.
objc[59100]: Class SDL_CocoaClosure is implemented in both /Users/linmuyi/miniconda3/envs/llm_gs/lib/python3.9/site-packages/pygame/.dylibs/libSDL2-2.0.0.dylib (0x11014d520) and /Users/linmuyi/miniconda3/envs/llm_gs/lib/python3.9/site-packages/cv2/.dylibs/libSDL2-2.0.0.dylib (0x31a494ae8). This may cause spurious casting failures and mysterious crashes. One of the duplicates must be removed or renamed.
objc[59100]: Class SDL_VideoData is implemented in both /Users/linmuyi/miniconda3/envs/llm_gs/lib/python3.9/site-packages/pygame/.dylibs/libSDL2-2.0.0.dylib (0x11014d570) and /Users/linmuyi/miniconda3/envs/llm_gs/lib/python3.9/site-packages/cv2/.dylibs/libSDL2-2.0.0.dylib (0x31a494b38). This may cause spurious casting failures and mysterious crashes. One of the duplicates must be removed or renamed.
objc[59100]: Class SDL_WindowData is implemented in both /Users/linmuyi/miniconda3/envs/llm_gs/lib/python3.9/site-packages/pygame/.dylibs/libSDL2-2.0.0.dylib (0x11014d5c0) and /Users/linmuyi/miniconda3/envs/llm_gs/lib/python3.9/site-packages/cv2/.dylibs/libSDL2-2.0.0.dylib (0x31a494b88). This may cause spurious casting failures and mysterious crashes. One of the duplicates must be removed or renamed.
objc[59100]: Class SDLWindow is implemented in both /Users/linmuyi/miniconda3/envs/llm_gs/lib/python3.9/site-packages/pygame/.dylibs/libSDL2-2.0.0.dylib (0x11014d5e8) and /Users/linmuyi/miniconda3/envs/llm_gs/lib/python3.9/site-packages/cv2/.dylibs/libSDL2-2.0.0.dylib (0x31a494bb0). This may cause spurious casting failures and mysterious crashes. One of the duplicates must be removed or renamed.
objc[59100]: Class Cocoa_WindowListener is implemented in both /Users/linmuyi/miniconda3/envs/llm_gs/lib/python3.9/site-packages/pygame/.dylibs/libSDL2-2.0.0.dylib (0x11014d610) and /Users/linmuyi/miniconda3/envs/llm_gs/lib/python3.9/site-packages/cv2/.dylibs/libSDL2-2.0.0.dylib (0x31a494bd8). This may cause spurious casting failures and mysterious crashes. One of the duplicates must be removed or renamed.
objc[59100]: Class SDLView is implemented in both /Users/linmuyi/miniconda3/envs/llm_gs/lib/python3.9/site-packages/pygame/.dylibs/libSDL2-2.0.0.dylib (0x11014d688) and /Users/linmuyi/miniconda3/envs/llm_gs/lib/python3.9/site-packages/cv2/.dylibs/libSDL2-2.0.0.dylib (0x31a494c50). This may cause spurious casting failures and mysterious crashes. One of the duplicates must be removed or renamed.
objc[59100]: Class METAL_RenderData is implemented in both /Users/linmuyi/miniconda3/envs/llm_gs/lib/python3.9/site-packages/pygame/.dylibs/libSDL2-2.0.0.dylib (0x11014d700) and /Users/linmuyi/miniconda3/envs/llm_gs/lib/python3.9/site-packages/cv2/.dylibs/libSDL2-2.0.0.dylib (0x31a494cc8). This may cause spurious casting failures and mysterious crashes. One of the duplicates must be removed or renamed.
objc[59100]: Class METAL_TextureData is implemented in both /Users/linmuyi/miniconda3/envs/llm_gs/lib/python3.9/site-packages/pygame/.dylibs/libSDL2-2.0.0.dylib (0x11014d750) and /Users/linmuyi/miniconda3/envs/llm_gs/lib/python3.9/site-packages/cv2/.dylibs/libSDL2-2.0.0.dylib (0x31a494d18). This may cause spurious casting failures and mysterious crashes. One of the duplicates must be removed or renamed.
objc[59100]: Class SDL_RumbleMotor is implemented in both /Users/linmuyi/miniconda3/envs/llm_gs/lib/python3.9/site-packages/pygame/.dylibs/libSDL2-2.0.0.dylib (0x11014d778) and /Users/linmuyi/miniconda3/envs/llm_gs/lib/python3.9/site-packages/cv2/.dylibs/libSDL2-2.0.0.dylib (0x31a494d40). This may cause spurious casting failures and mysterious crashes. One of the duplicates must be removed or renamed.
objc[59100]: Class SDL_RumbleContext is implemented in both /Users/linmuyi/miniconda3/envs/llm_gs/lib/python3.9/site-packages/pygame/.dylibs/libSDL2-2.0.0.dylib (0x11014d7c8) and /Users/linmuyi/miniconda3/envs/llm_gs/lib/python3.9/site-packages/cv2/.dylibs/libSDL2-2.0.0.dylib (0x31a494d90). This may cause spurious casting failures and mysterious crashes. One of the duplicates must be removed or renamed.
[wall_count] 1500000 steps, 30 checkpoints, curriculum

  steps=  50000  held=0.06  gate=0.15  bins=1/3  active= 30  (131s)
  steps= 100000  held=0.14  gate=0.26  bins=1/3  active= 30  (255s)
  steps= 150000  held=0.31  gate=0.50  bins=1/3  active= 30  (369s)
  steps= 200000  held=0.14  gate=0.19  bins=1/3  active= 30  (495s)
  steps= 250000  held=0.41  gate=0.47  bins=1/3  active= 30  (612s)
  steps= 300000  held=0.61  gate=0.92  bins=2/3  active= 60  [UNLOCK:gate]  (696s)
  steps= 350000  held=0.63  gate=0.72  bins=3/3  active= 90  [UNLOCK:gate]  (779s)
  steps= 400000  held=0.56  gate=0.56  bins=3/3  active= 90  (855s)
  steps= 450000  held=0.65  gate=0.65  bins=3/3  active= 90  (923s)
  steps= 500000  held=0.55  gate=0.55  bins=3/3  active= 90  (989s)
  steps= 550000  held=0.57  gate=0.57  bins=3/3  active= 90  (1057s)
  steps= 600000  held=0.68  gate=0.68  bins=3/3  active= 90  (1121s)
  steps= 650000  held=0.17  gate=0.17  bins=3/3  active= 90  (1218s)
  steps= 700000  held=0.23  gate=0.23  bins=3/3  active= 90  (1312s)
  steps= 750000  held=0.08  gate=0.08  bins=3/3  active= 90  (1407s)
  steps= 800000  held=0.07  gate=0.07  bins=3/3  active= 90  (1506s)
  steps= 850000  held=0.33  gate=0.33  bins=3/3  active= 90  (1599s)
  steps= 900000  held=0.62  gate=0.62  bins=3/3  active= 90  (1702s)
  steps= 950000  held=0.55  gate=0.55  bins=3/3  active= 90  (1825s)
  steps=1000000  held=0.62  gate=0.62  bins=3/3  active= 90  (1937s)
  steps=1050000  held=0.58  gate=0.58  bins=3/3  active= 90  (2073s)
  steps=1100000  held=0.50  gate=0.50  bins=3/3  active= 90  (2211s)
  steps=1150000  held=0.48  gate=0.48  bins=3/3  active= 90  (2345s)
  steps=1200000  held=0.48  gate=0.48  bins=3/3  active= 90  (2478s)
  steps=1250000  held=0.46  gate=0.46  bins=3/3  active= 90  (2613s)
  steps=1300000  held=0.51  gate=0.51  bins=3/3  active= 90  (2743s)
  steps=1350000  held=0.33  gate=0.33  bins=3/3  active= 90  (2892s)
  steps=1400000  held=0.56  gate=0.56  bins=3/3  active= 90  (3018s)
  steps=1450000  held=0.48  gate=0.48  bins=3/3  active= 90  (3155s)
  steps=1500000  held=0.59  gate=0.59  bins=3/3  active= 90  (3286s)

[wall_count] DONE  final held=0.59  steps_to_0.3=150,000  wall=3286s  -> wall_count_seed14.json
[wall_count] per-cell held: s19N0=0.59
