[path_len] train=90 layouts  held-out=36 layouts
objc[37583]: Class SDLApplication is implemented in both /Users/linmuyi/miniconda3/envs/llm_gs/lib/python3.9/site-packages/pygame/.dylibs/libSDL2-2.0.0.dylib (0x1086192c8) and /Users/linmuyi/miniconda3/envs/llm_gs/lib/python3.9/site-packages/cv2/.dylibs/libSDL2-2.0.0.dylib (0x312800890). This may cause spurious casting failures and mysterious crashes. One of the duplicates must be removed or renamed.
objc[37583]: Class SDLAppDelegate is implemented in both /Users/linmuyi/miniconda3/envs/llm_gs/lib/python3.9/site-packages/pygame/.dylibs/libSDL2-2.0.0.dylib (0x108619318) and /Users/linmuyi/miniconda3/envs/llm_gs/lib/python3.9/site-packages/cv2/.dylibs/libSDL2-2.0.0.dylib (0x3128008e0). This may cause spurious casting failures and mysterious crashes. One of the duplicates must be removed or renamed.
objc[37583]: Class SDLTranslatorResponder is implemented in both /Users/linmuyi/miniconda3/envs/llm_gs/lib/python3.9/site-packages/pygame/.dylibs/libSDL2-2.0.0.dylib (0x108619390) and /Users/linmuyi/miniconda3/envs/llm_gs/lib/python3.9/site-packages/cv2/.dylibs/libSDL2-2.0.0.dylib (0x312800958). This may cause spurious casting failures and mysterious crashes. One of the duplicates must be removed or renamed.
objc[37583]: Class SDLMessageBoxPresenter is implemented in both /Users/linmuyi/miniconda3/envs/llm_gs/lib/python3.9/site-packages/pygame/.dylibs/libSDL2-2.0.0.dylib (0x1086193b8) and /Users/linmuyi/miniconda3/envs/llm_gs/lib/python3.9/site-packages/cv2/.dylibs/libSDL2-2.0.0.dylib (0x312800980). This may cause spurious casting failures and mysterious crashes. One of the duplicates must be removed or renamed.
objc[37583]: Class SDL_cocoametalview is implemented in both /Users/linmuyi/miniconda3/envs/llm_gs/lib/python3.9/site-packages/pygame/.dylibs/libSDL2-2.0.0.dylib (0x108619408) and /Users/linmuyi/miniconda3/envs/llm_gs/lib/python3.9/site-packages/cv2/.dylibs/libSDL2-2.0.0.dylib (0x3128009d0). This may cause spurious casting failures and mysterious crashes. One of the duplicates must be removed or renamed.
objc[37583]: Class SDLOpenGLContext is implemented in both /Users/linmuyi/miniconda3/envs/llm_gs/lib/python3.9/site-packages/pygame/.dylibs/libSDL2-2.0.0.dylib (0x108619458) and /Users/linmuyi/miniconda3/envs/llm_gs/lib/python3.9/site-packages/cv2/.dylibs/libSDL2-2.0.0.dylib (0x312800a20). This may cause spurious casting failures and mysterious crashes. One of the duplicates must be removed or renamed.
objc[37583]: Class SDL_ShapeData is implemented in both /Users/linmuyi/miniconda3/envs/llm_gs/lib/python3.9/site-packages/pygame/.dylibs/libSDL2-2.0.0.dylib (0x1086194d0) and /Users/linmuyi/miniconda3/envs/llm_gs/lib/python3.9/site-packages/cv2/.dylibs/libSDL2-2.0.0.dylib (0x312800a98). This may cause spurious casting failures and mysterious crashes. One of the duplicates must be removed or renamed.
objc[37583]: Class SDL_CocoaClosure is implemented in both /Users/linmuyi/miniconda3/envs/llm_gs/lib/python3.9/site-packages/pygame/.dylibs/libSDL2-2.0.0.dylib (0x108619520) and /Users/linmuyi/miniconda3/envs/llm_gs/lib/python3.9/site-packages/cv2/.dylibs/libSDL2-2.0.0.dylib (0x312800ae8). This may cause spurious casting failures and mysterious crashes. One of the duplicates must be removed or renamed.
objc[37583]: Class SDL_VideoData is implemented in both /Users/linmuyi/miniconda3/envs/llm_gs/lib/python3.9/site-packages/pygame/.dylibs/libSDL2-2.0.0.dylib (0x108619570) and /Users/linmuyi/miniconda3/envs/llm_gs/lib/python3.9/site-packages/cv2/.dylibs/libSDL2-2.0.0.dylib (0x312800b38). This may cause spurious casting failures and mysterious crashes. One of the duplicates must be removed or renamed.
objc[37583]: Class SDL_WindowData is implemented in both /Users/linmuyi/miniconda3/envs/llm_gs/lib/python3.9/site-packages/pygame/.dylibs/libSDL2-2.0.0.dylib (0x1086195c0) and /Users/linmuyi/miniconda3/envs/llm_gs/lib/python3.9/site-packages/cv2/.dylibs/libSDL2-2.0.0.dylib (0x312800b88). This may cause spurious casting failures and mysterious crashes. One of the duplicates must be removed or renamed.
objc[37583]: Class SDLWindow is implemented in both /Users/linmuyi/miniconda3/envs/llm_gs/lib/python3.9/site-packages/pygame/.dylibs/libSDL2-2.0.0.dylib (0x1086195e8) and /Users/linmuyi/miniconda3/envs/llm_gs/lib/python3.9/site-packages/cv2/.dylibs/libSDL2-2.0.0.dylib (0x312800bb0). This may cause spurious casting failures and mysterious crashes. One of the duplicates must be removed or renamed.
objc[37583]: Class Cocoa_WindowListener is implemented in both /Users/linmuyi/miniconda3/envs/llm_gs/lib/python3.9/site-packages/pygame/.dylibs/libSDL2-2.0.0.dylib (0x108619610) and /Users/linmuyi/miniconda3/envs/llm_gs/lib/python3.9/site-packages/cv2/.dylibs/libSDL2-2.0.0.dylib (0x312800bd8). This may cause spurious casting failures and mysterious crashes. One of the duplicates must be removed or renamed.
objc[37583]: Class SDLView is implemented in both /Users/linmuyi/miniconda3/envs/llm_gs/lib/python3.9/site-packages/pygame/.dylibs/libSDL2-2.0.0.dylib (0x108619688) and /Users/linmuyi/miniconda3/envs/llm_gs/lib/python3.9/site-packages/cv2/.dylibs/libSDL2-2.0.0.dylib (0x312800c50). This may cause spurious casting failures and mysterious crashes. One of the duplicates must be removed or renamed.
objc[37583]: Class METAL_RenderData is implemented in both /Users/linmuyi/miniconda3/envs/llm_gs/lib/python3.9/site-packages/pygame/.dylibs/libSDL2-2.0.0.dylib (0x108619700) and /Users/linmuyi/miniconda3/envs/llm_gs/lib/python3.9/site-packages/cv2/.dylibs/libSDL2-2.0.0.dylib (0x312800cc8). This may cause spurious casting failures and mysterious crashes. One of the duplicates must be removed or renamed.
objc[37583]: Class METAL_TextureData is implemented in both /Users/linmuyi/miniconda3/envs/llm_gs/lib/python3.9/site-packages/pygame/.dylibs/libSDL2-2.0.0.dylib (0x108619750) and /Users/linmuyi/miniconda3/envs/llm_gs/lib/python3.9/site-packages/cv2/.dylibs/libSDL2-2.0.0.dylib (0x312800d18). This may cause spurious casting failures and mysterious crashes. One of the duplicates must be removed or renamed.
objc[37583]: Class SDL_RumbleMotor is implemented in both /Users/linmuyi/miniconda3/envs/llm_gs/lib/python3.9/site-packages/pygame/.dylibs/libSDL2-2.0.0.dylib (0x108619778) and /Users/linmuyi/miniconda3/envs/llm_gs/lib/python3.9/site-packages/cv2/.dylibs/libSDL2-2.0.0.dylib (0x312800d40). This may cause spurious casting failures and mysterious crashes. One of the duplicates must be removed or renamed.
objc[37583]: Class SDL_RumbleContext is implemented in both /Users/linmuyi/miniconda3/envs/llm_gs/lib/python3.9/site-packages/pygame/.dylibs/libSDL2-2.0.0.dylib (0x1086197c8) and /Users/linmuyi/miniconda3/envs/llm_gs/lib/python3.9/site-packages/cv2/.dylibs/libSDL2-2.0.0.dylib (0x312800d90). This may cause spurious casting failures and mysterious crashes. One of the duplicates must be removed or renamed.
[path_len] 1500000 steps, 30 checkpoints, curriculum

  steps=  50000  held=0.02  gate=0.06  bins=1/3  active= 30  (160s)
  steps= 100000  held=0.18  gate=0.21  bins=1/3  active= 30  (302s)
  steps= 150000  held=0.19  gate=0.18  bins=1/3  active= 30  (449s)
  steps= 200000  held=0.08  gate=0.17  bins=1/3  active= 30  (594s)
  steps= 250000  held=0.51  gate=0.78  bins=2/3  active= 60  [UNLOCK:gate]  (701s)
  steps= 300000  held=0.67  gate=0.89  bins=3/3  active= 90  [UNLOCK:gate]  (787s)
  steps= 350000  held=0.67  gate=0.67  bins=3/3  active= 90  (863s)
  steps= 400000  held=0.57  gate=0.57  bins=3/3  active= 90  (943s)
  steps= 450000  held=0.69  gate=0.69  bins=3/3  active= 90  (1015s)
  steps= 500000  held=0.58  gate=0.58  bins=3/3  active= 90  (1090s)
  steps= 550000  held=0.63  gate=0.63  bins=3/3  active= 90  (1163s)
  steps= 600000  held=0.60  gate=0.60  bins=3/3  active= 90  (1232s)
  steps= 650000  held=0.68  gate=0.68  bins=3/3  active= 90  (1291s)
  steps= 700000  held=0.61  gate=0.61  bins=3/3  active= 90  (1354s)
  steps= 750000  held=0.61  gate=0.61  bins=3/3  active= 90  (1415s)
  steps= 800000  held=0.70  gate=0.70  bins=3/3  active= 90  (1473s)
  steps= 850000  held=0.69  gate=0.69  bins=3/3  active= 90  (1531s)
  steps= 900000  held=0.66  gate=0.66  bins=3/3  active= 90  (1589s)
  steps= 950000  held=0.69  gate=0.69  bins=3/3  active= 90  (1647s)
  steps=1000000  held=0.67  gate=0.67  bins=3/3  active= 90  (1711s)
  steps=1050000  held=0.65  gate=0.65  bins=3/3  active= 90  (1774s)
  steps=1100000  held=0.76  gate=0.76  bins=3/3  active= 90  (1830s)
  steps=1150000  held=0.70  gate=0.70  bins=3/3  active= 90  (1887s)
  steps=1200000  held=0.65  gate=0.65  bins=3/3  active= 90  (1947s)
  steps=1250000  held=0.62  gate=0.62  bins=3/3  active= 90  (2015s)
  steps=1300000  held=0.65  gate=0.65  bins=3/3  active= 90  (2076s)
  steps=1350000  held=0.70  gate=0.70  bins=3/3  active= 90  (2136s)
  steps=1400000  held=0.71  gate=0.71  bins=3/3  active= 90  (2194s)
  steps=1450000  held=0.78  gate=0.78  bins=3/3  active= 90  (2251s)
  steps=1500000  held=0.70  gate=0.70  bins=3/3  active= 90  (2308s)

[path_len] DONE  final held=0.70  steps_to_0.3=250,000  wall=2308s  -> path_len_seed12.json
[path_len] per-cell held: s19N0=0.70
