[grader] train=90 layouts  held-out=36 layouts
objc[34522]: Class SDLApplication is implemented in both /Users/linmuyi/miniconda3/envs/llm_gs/lib/python3.9/site-packages/pygame/.dylibs/libSDL2-2.0.0.dylib (0x1058652c8) and /Users/linmuyi/miniconda3/envs/llm_gs/lib/python3.9/site-packages/cv2/.dylibs/libSDL2-2.0.0.dylib (0x31d1f8890). This may cause spurious casting failures and mysterious crashes. One of the duplicates must be removed or renamed.
objc[34522]: Class SDLAppDelegate is implemented in both /Users/linmuyi/miniconda3/envs/llm_gs/lib/python3.9/site-packages/pygame/.dylibs/libSDL2-2.0.0.dylib (0x105865318) and /Users/linmuyi/miniconda3/envs/llm_gs/lib/python3.9/site-packages/cv2/.dylibs/libSDL2-2.0.0.dylib (0x31d1f88e0). This may cause spurious casting failures and mysterious crashes. One of the duplicates must be removed or renamed.
objc[34522]: Class SDLTranslatorResponder is implemented in both /Users/linmuyi/miniconda3/envs/llm_gs/lib/python3.9/site-packages/pygame/.dylibs/libSDL2-2.0.0.dylib (0x105865390) and /Users/linmuyi/miniconda3/envs/llm_gs/lib/python3.9/site-packages/cv2/.dylibs/libSDL2-2.0.0.dylib (0x31d1f8958). This may cause spurious casting failures and mysterious crashes. One of the duplicates must be removed or renamed.
objc[34522]: Class SDLMessageBoxPresenter is implemented in both /Users/linmuyi/miniconda3/envs/llm_gs/lib/python3.9/site-packages/pygame/.dylibs/libSDL2-2.0.0.dylib (0x1058653b8) and /Users/linmuyi/miniconda3/envs/llm_gs/lib/python3.9/site-packages/cv2/.dylibs/libSDL2-2.0.0.dylib (0x31d1f8980). This may cause spurious casting failures and mysterious crashes. One of the duplicates must be removed or renamed.
objc[34522]: Class SDL_cocoametalview is implemented in both /Users/linmuyi/miniconda3/envs/llm_gs/lib/python3.9/site-packages/pygame/.dylibs/libSDL2-2.0.0.dylib (0x105865408) and /Users/linmuyi/miniconda3/envs/llm_gs/lib/python3.9/site-packages/cv2/.dylibs/libSDL2-2.0.0.dylib (0x31d1f89d0). This may cause spurious casting failures and mysterious crashes. One of the duplicates must be removed or renamed.
objc[34522]: Class SDLOpenGLContext is implemented in both /Users/linmuyi/miniconda3/envs/llm_gs/lib/python3.9/site-packages/pygame/.dylibs/libSDL2-2.0.0.dylib (0x105865458) and /Users/linmuyi/miniconda3/envs/llm_gs/lib/python3.9/site-packages/cv2/.dylibs/libSDL2-2.0.0.dylib (0x31d1f8a20). This may cause spurious casting failures and mysterious crashes. One of the duplicates must be removed or renamed.
objc[34522]: Class SDL_ShapeData is implemented in both /Users/linmuyi/miniconda3/envs/llm_gs/lib/python3.9/site-packages/pygame/.dylibs/libSDL2-2.0.0.dylib (0x1058654d0) and /Users/linmuyi/miniconda3/envs/llm_gs/lib/python3.9/site-packages/cv2/.dylibs/libSDL2-2.0.0.dylib (0x31d1f8a98). This may cause spurious casting failures and mysterious crashes. One of the duplicates must be removed or renamed.
objc[34522]: Class SDL_CocoaClosure is implemented in both /Users/linmuyi/miniconda3/envs/llm_gs/lib/python3.9/site-packages/pygame/.dylibs/libSDL2-2.0.0.dylib (0x105865520) and /Users/linmuyi/miniconda3/envs/llm_gs/lib/python3.9/site-packages/cv2/.dylibs/libSDL2-2.0.0.dylib (0x31d1f8ae8). This may cause spurious casting failures and mysterious crashes. One of the duplicates must be removed or renamed.
objc[34522]: Class SDL_VideoData is implemented in both /Users/linmuyi/miniconda3/envs/llm_gs/lib/python3.9/site-packages/pygame/.dylibs/libSDL2-2.0.0.dylib (0x105865570) and /Users/linmuyi/miniconda3/envs/llm_gs/lib/python3.9/site-packages/cv2/.dylibs/libSDL2-2.0.0.dylib (0x31d1f8b38). This may cause spurious casting failures and mysterious crashes. One of the duplicates must be removed or renamed.
objc[34522]: Class SDL_WindowData is implemented in both /Users/linmuyi/miniconda3/envs/llm_gs/lib/python3.9/site-packages/pygame/.dylibs/libSDL2-2.0.0.dylib (0x1058655c0) and /Users/linmuyi/miniconda3/envs/llm_gs/lib/python3.9/site-packages/cv2/.dylibs/libSDL2-2.0.0.dylib (0x31d1f8b88). This may cause spurious casting failures and mysterious crashes. One of the duplicates must be removed or renamed.
objc[34522]: Class SDLWindow is implemented in both /Users/linmuyi/miniconda3/envs/llm_gs/lib/python3.9/site-packages/pygame/.dylibs/libSDL2-2.0.0.dylib (0x1058655e8) and /Users/linmuyi/miniconda3/envs/llm_gs/lib/python3.9/site-packages/cv2/.dylibs/libSDL2-2.0.0.dylib (0x31d1f8bb0). This may cause spurious casting failures and mysterious crashes. One of the duplicates must be removed or renamed.
objc[34522]: Class Cocoa_WindowListener is implemented in both /Users/linmuyi/miniconda3/envs/llm_gs/lib/python3.9/site-packages/pygame/.dylibs/libSDL2-2.0.0.dylib (0x105865610) and /Users/linmuyi/miniconda3/envs/llm_gs/lib/python3.9/site-packages/cv2/.dylibs/libSDL2-2.0.0.dylib (0x31d1f8bd8). This may cause spurious casting failures and mysterious crashes. One of the duplicates must be removed or renamed.
objc[34522]: Class SDLView is implemented in both /Users/linmuyi/miniconda3/envs/llm_gs/lib/python3.9/site-packages/pygame/.dylibs/libSDL2-2.0.0.dylib (0x105865688) and /Users/linmuyi/miniconda3/envs/llm_gs/lib/python3.9/site-packages/cv2/.dylibs/libSDL2-2.0.0.dylib (0x31d1f8c50). This may cause spurious casting failures and mysterious crashes. One of the duplicates must be removed or renamed.
objc[34522]: Class METAL_RenderData is implemented in both /Users/linmuyi/miniconda3/envs/llm_gs/lib/python3.9/site-packages/pygame/.dylibs/libSDL2-2.0.0.dylib (0x105865700) and /Users/linmuyi/miniconda3/envs/llm_gs/lib/python3.9/site-packages/cv2/.dylibs/libSDL2-2.0.0.dylib (0x31d1f8cc8). This may cause spurious casting failures and mysterious crashes. One of the duplicates must be removed or renamed.
objc[34522]: Class METAL_TextureData is implemented in both /Users/linmuyi/miniconda3/envs/llm_gs/lib/python3.9/site-packages/pygame/.dylibs/libSDL2-2.0.0.dylib (0x105865750) and /Users/linmuyi/miniconda3/envs/llm_gs/lib/python3.9/site-packages/cv2/.dylibs/libSDL2-2.0.0.dylib (0x31d1f8d18). This may cause spurious casting failures and mysterious crashes. One of the duplicates must be removed or renamed.
objc[34522]: Class SDL_RumbleMotor is implemented in both /Users/linmuyi/miniconda3/envs/llm_gs/lib/python3.9/site-packages/pygame/.dylibs/libSDL2-2.0.0.dylib (0x105865778) and /Users/linmuyi/miniconda3/envs/llm_gs/lib/python3.9/site-packages/cv2/.dylibs/libSDL2-2.0.0.dylib (0x31d1f8d40). This may cause spurious casting failures and mysterious crashes. One of the duplicates must be removed or renamed.
objc[34522]: Class SDL_RumbleContext is implemented in both /Users/linmuyi/miniconda3/envs/llm_gs/lib/python3.9/site-packages/pygame/.dylibs/libSDL2-2.0.0.dylib (0x1058657c8) and /Users/linmuyi/miniconda3/envs/llm_gs/lib/python3.9/site-packages/cv2/.dylibs/libSDL2-2.0.0.dylib (0x31d1f8d90). This may cause spurious casting failures and mysterious crashes. One of the duplicates must be removed or renamed.
[grader] 1500000 steps, 30 checkpoints, curriculum

  steps=  50000  held=0.04  gate=0.08  bins=1/3  active= 30  (144s)
  steps= 100000  held=0.06  gate=0.15  bins=1/3  active= 30  (297s)
  steps= 150000  held=0.01  gate=0.03  bins=1/3  active= 30  (445s)
  steps= 200000  held=0.02  gate=0.01  bins=1/3  active= 30  (599s)
  steps= 250000  held=0.20  gate=0.32  bins=1/3  active= 30  (738s)
  steps= 300000  held=0.24  gate=0.46  bins=1/3  active= 30  (868s)
  steps= 350000  held=0.01  gate=0.07  bins=1/3  active= 30  (1015s)
  steps= 400000  held=0.24  gate=0.44  bins=2/3  active= 60  [UNLOCK:deadline]  (1148s)
  steps= 450000  held=0.38  gate=0.54  bins=2/3  active= 60  (1272s)
  steps= 500000  held=0.56  gate=0.61  bins=3/3  active= 90  [UNLOCK:gate]  (1374s)
  steps= 550000  held=0.65  gate=0.65  bins=3/3  active= 90  (1439s)
  steps= 600000  held=0.65  gate=0.65  bins=3/3  active= 90  (1501s)
  steps= 650000  held=0.22  gate=0.22  bins=3/3  active= 90  (1589s)
  steps= 700000  held=0.46  gate=0.46  bins=3/3  active= 90  (1669s)
  steps= 750000  held=0.31  gate=0.31  bins=3/3  active= 90  (1751s)
  steps= 800000  held=0.12  gate=0.12  bins=3/3  active= 90  (1842s)
  steps= 850000  held=0.01  gate=0.01  bins=3/3  active= 90  (1940s)
  steps= 900000  held=0.24  gate=0.24  bins=3/3  active= 90  (2031s)
  steps= 950000  held=0.03  gate=0.03  bins=3/3  active= 90  (2127s)
  steps=1000000  held=0.09  gate=0.09  bins=3/3  active= 90  (2223s)
  steps=1050000  held=0.00  gate=0.00  bins=3/3  active= 90  (2322s)
  steps=1100000  held=0.00  gate=0.00  bins=3/3  active= 90  (2421s)
  steps=1150000  held=0.17  gate=0.17  bins=3/3  active= 90  (2513s)
  steps=1200000  held=0.72  gate=0.72  bins=3/3  active= 90  (2573s)
  steps=1250000  held=0.67  gate=0.67  bins=3/3  active= 90  (2636s)
  steps=1300000  held=0.61  gate=0.61  bins=3/3  active= 90  (2701s)
  steps=1350000  held=0.56  gate=0.56  bins=3/3  active= 90  (2769s)
  steps=1400000  held=0.63  gate=0.63  bins=3/3  active= 90  (2829s)
  steps=1450000  held=0.52  gate=0.52  bins=3/3  active= 90  (2900s)
  steps=1500000  held=0.28  gate=0.28  bins=3/3  active= 90  (2984s)

[grader] DONE  final held=0.28  steps_to_0.3=450,000  wall=2984s  -> grader_seed12.json
[grader] per-cell held: s19N0=0.28
