[grader] train=90 layouts  held-out=36 layouts
objc[50514]: Class SDLApplication is implemented in both /Users/linmuyi/miniconda3/envs/llm_gs/lib/python3.9/site-packages/pygame/.dylibs/libSDL2-2.0.0.dylib (0x1061a12c8) and /Users/linmuyi/miniconda3/envs/llm_gs/lib/python3.9/site-packages/cv2/.dylibs/libSDL2-2.0.0.dylib (0x31ca34890). This may cause spurious casting failures and mysterious crashes. One of the duplicates must be removed or renamed.
objc[50514]: Class SDLAppDelegate is implemented in both /Users/linmuyi/miniconda3/envs/llm_gs/lib/python3.9/site-packages/pygame/.dylibs/libSDL2-2.0.0.dylib (0x1061a1318) and /Users/linmuyi/miniconda3/envs/llm_gs/lib/python3.9/site-packages/cv2/.dylibs/libSDL2-2.0.0.dylib (0x31ca348e0). This may cause spurious casting failures and mysterious crashes. One of the duplicates must be removed or renamed.
objc[50514]: Class SDLTranslatorResponder is implemented in both /Users/linmuyi/miniconda3/envs/llm_gs/lib/python3.9/site-packages/pygame/.dylibs/libSDL2-2.0.0.dylib (0x1061a1390) and /Users/linmuyi/miniconda3/envs/llm_gs/lib/python3.9/site-packages/cv2/.dylibs/libSDL2-2.0.0.dylib (0x31ca34958). This may cause spurious casting failures and mysterious crashes. One of the duplicates must be removed or renamed.
objc[50514]: Class SDLMessageBoxPresenter is implemented in both /Users/linmuyi/miniconda3/envs/llm_gs/lib/python3.9/site-packages/pygame/.dylibs/libSDL2-2.0.0.dylib (0x1061a13b8) and /Users/linmuyi/miniconda3/envs/llm_gs/lib/python3.9/site-packages/cv2/.dylibs/libSDL2-2.0.0.dylib (0x31ca34980). This may cause spurious casting failures and mysterious crashes. One of the duplicates must be removed or renamed.
objc[50514]: Class SDL_cocoametalview is implemented in both /Users/linmuyi/miniconda3/envs/llm_gs/lib/python3.9/site-packages/pygame/.dylibs/libSDL2-2.0.0.dylib (0x1061a1408) and /Users/linmuyi/miniconda3/envs/llm_gs/lib/python3.9/site-packages/cv2/.dylibs/libSDL2-2.0.0.dylib (0x31ca349d0). This may cause spurious casting failures and mysterious crashes. One of the duplicates must be removed or renamed.
objc[50514]: Class SDLOpenGLContext is implemented in both /Users/linmuyi/miniconda3/envs/llm_gs/lib/python3.9/site-packages/pygame/.dylibs/libSDL2-2.0.0.dylib (0x1061a1458) and /Users/linmuyi/miniconda3/envs/llm_gs/lib/python3.9/site-packages/cv2/.dylibs/libSDL2-2.0.0.dylib (0x31ca34a20). This may cause spurious casting failures and mysterious crashes. One of the duplicates must be removed or renamed.
objc[50514]: Class SDL_ShapeData is implemented in both /Users/linmuyi/miniconda3/envs/llm_gs/lib/python3.9/site-packages/pygame/.dylibs/libSDL2-2.0.0.dylib (0x1061a14d0) and /Users/linmuyi/miniconda3/envs/llm_gs/lib/python3.9/site-packages/cv2/.dylibs/libSDL2-2.0.0.dylib (0x31ca34a98). This may cause spurious casting failures and mysterious crashes. One of the duplicates must be removed or renamed.
objc[50514]: Class SDL_CocoaClosure is implemented in both /Users/linmuyi/miniconda3/envs/llm_gs/lib/python3.9/site-packages/pygame/.dylibs/libSDL2-2.0.0.dylib (0x1061a1520) and /Users/linmuyi/miniconda3/envs/llm_gs/lib/python3.9/site-packages/cv2/.dylibs/libSDL2-2.0.0.dylib (0x31ca34ae8). This may cause spurious casting failures and mysterious crashes. One of the duplicates must be removed or renamed.
objc[50514]: Class SDL_VideoData is implemented in both /Users/linmuyi/miniconda3/envs/llm_gs/lib/python3.9/site-packages/pygame/.dylibs/libSDL2-2.0.0.dylib (0x1061a1570) and /Users/linmuyi/miniconda3/envs/llm_gs/lib/python3.9/site-packages/cv2/.dylibs/libSDL2-2.0.0.dylib (0x31ca34b38). This may cause spurious casting failures and mysterious crashes. One of the duplicates must be removed or renamed.
objc[50514]: Class SDL_WindowData is implemented in both /Users/linmuyi/miniconda3/envs/llm_gs/lib/python3.9/site-packages/pygame/.dylibs/libSDL2-2.0.0.dylib (0x1061a15c0) and /Users/linmuyi/miniconda3/envs/llm_gs/lib/python3.9/site-packages/cv2/.dylibs/libSDL2-2.0.0.dylib (0x31ca34b88). This may cause spurious casting failures and mysterious crashes. One of the duplicates must be removed or renamed.
objc[50514]: Class SDLWindow is implemented in both /Users/linmuyi/miniconda3/envs/llm_gs/lib/python3.9/site-packages/pygame/.dylibs/libSDL2-2.0.0.dylib (0x1061a15e8) and /Users/linmuyi/miniconda3/envs/llm_gs/lib/python3.9/site-packages/cv2/.dylibs/libSDL2-2.0.0.dylib (0x31ca34bb0). This may cause spurious casting failures and mysterious crashes. One of the duplicates must be removed or renamed.
objc[50514]: Class Cocoa_WindowListener is implemented in both /Users/linmuyi/miniconda3/envs/llm_gs/lib/python3.9/site-packages/pygame/.dylibs/libSDL2-2.0.0.dylib (0x1061a1610) and /Users/linmuyi/miniconda3/envs/llm_gs/lib/python3.9/site-packages/cv2/.dylibs/libSDL2-2.0.0.dylib (0x31ca34bd8). This may cause spurious casting failures and mysterious crashes. One of the duplicates must be removed or renamed.
objc[50514]: Class SDLView is implemented in both /Users/linmuyi/miniconda3/envs/llm_gs/lib/python3.9/site-packages/pygame/.dylibs/libSDL2-2.0.0.dylib (0x1061a1688) and /Users/linmuyi/miniconda3/envs/llm_gs/lib/python3.9/site-packages/cv2/.dylibs/libSDL2-2.0.0.dylib (0x31ca34c50). This may cause spurious casting failures and mysterious crashes. One of the duplicates must be removed or renamed.
objc[50514]: Class METAL_RenderData is implemented in both /Users/linmuyi/miniconda3/envs/llm_gs/lib/python3.9/site-packages/pygame/.dylibs/libSDL2-2.0.0.dylib (0x1061a1700) and /Users/linmuyi/miniconda3/envs/llm_gs/lib/python3.9/site-packages/cv2/.dylibs/libSDL2-2.0.0.dylib (0x31ca34cc8). This may cause spurious casting failures and mysterious crashes. One of the duplicates must be removed or renamed.
objc[50514]: Class METAL_TextureData is implemented in both /Users/linmuyi/miniconda3/envs/llm_gs/lib/python3.9/site-packages/pygame/.dylibs/libSDL2-2.0.0.dylib (0x1061a1750) and /Users/linmuyi/miniconda3/envs/llm_gs/lib/python3.9/site-packages/cv2/.dylibs/libSDL2-2.0.0.dylib (0x31ca34d18). This may cause spurious casting failures and mysterious crashes. One of the duplicates must be removed or renamed.
objc[50514]: Class SDL_RumbleMotor is implemented in both /Users/linmuyi/miniconda3/envs/llm_gs/lib/python3.9/site-packages/pygame/.dylibs/libSDL2-2.0.0.dylib (0x1061a1778) and /Users/linmuyi/miniconda3/envs/llm_gs/lib/python3.9/site-packages/cv2/.dylibs/libSDL2-2.0.0.dylib (0x31ca34d40). This may cause spurious casting failures and mysterious crashes. One of the duplicates must be removed or renamed.
objc[50514]: Class SDL_RumbleContext is implemented in both /Users/linmuyi/miniconda3/envs/llm_gs/lib/python3.9/site-packages/pygame/.dylibs/libSDL2-2.0.0.dylib (0x1061a17c8) and /Users/linmuyi/miniconda3/envs/llm_gs/lib/python3.9/site-packages/cv2/.dylibs/libSDL2-2.0.0.dylib (0x31ca34d90). This may cause spurious casting failures and mysterious crashes. One of the duplicates must be removed or renamed.
[grader] 1500000 steps, 30 checkpoints, curriculum

  steps=  50000  held=0.00  gate=0.00  bins=1/3  active= 30  (239s)
  steps= 100000  held=0.01  gate=0.04  bins=1/3  active= 30  (465s)
  steps= 150000  held=0.07  gate=0.12  bins=1/3  active= 30  (689s)
  steps= 200000  held=0.01  gate=0.00  bins=1/3  active= 30  (918s)
  steps= 250000  held=0.28  gate=0.44  bins=1/3  active= 30  (1120s)
  steps= 300000  held=0.35  gate=0.54  bins=1/3  active= 30  (1308s)
  steps= 350000  held=0.38  gate=0.57  bins=2/3  active= 60  [UNLOCK:gate]  (1492s)
  steps= 400000  held=0.40  gate=0.56  bins=3/3  active= 90  [UNLOCK:gate]  (1669s)
  steps= 450000  held=0.58  gate=0.58  bins=3/3  active= 90  (1785s)
  steps= 500000  held=0.53  gate=0.53  bins=3/3  active= 90  (1903s)
  steps= 550000  held=0.65  gate=0.65  bins=3/3  active= 90  (2013s)
  steps= 600000  held=0.66  gate=0.66  bins=3/3  active= 90  (2120s)
  steps= 650000  held=0.65  gate=0.65  bins=3/3  active= 90  (2234s)
  steps= 700000  held=0.49  gate=0.49  bins=3/3  active= 90  (2357s)
  steps= 750000  held=0.58  gate=0.58  bins=3/3  active= 90  (2476s)
  steps= 800000  held=0.64  gate=0.64  bins=3/3  active= 90  (2592s)
  steps= 850000  held=0.60  gate=0.60  bins=3/3  active= 90  (2703s)
  steps= 900000  held=0.65  gate=0.65  bins=3/3  active= 90  (2809s)
  steps= 950000  held=0.67  gate=0.67  bins=3/3  active= 90  (2912s)
  steps=1000000  held=0.57  gate=0.57  bins=3/3  active= 90  (3021s)
  steps=1050000  held=0.56  gate=0.56  bins=3/3  active= 90  (3131s)
  steps=1100000  held=0.60  gate=0.60  bins=3/3  active= 90  (3242s)
  steps=1150000  held=0.72  gate=0.72  bins=3/3  active= 90  (3340s)
  steps=1200000  held=0.76  gate=0.76  bins=3/3  active= 90  (3438s)
  steps=1250000  held=0.69  gate=0.69  bins=3/3  active= 90  (3544s)
  steps=1300000  held=0.74  gate=0.74  bins=3/3  active= 90  (3643s)
  steps=1350000  held=0.51  gate=0.51  bins=3/3  active= 90  (3763s)
  steps=1400000  held=0.77  gate=0.77  bins=3/3  active= 90  (3855s)
  steps=1450000  held=0.72  gate=0.72  bins=3/3  active= 90  (3958s)
  steps=1500000  held=0.21  gate=0.21  bins=3/3  active= 90  (4110s)

[grader] DONE  final held=0.21  steps_to_0.3=300,000  wall=4110s  -> grader_seed5.json
[grader] per-cell held: s19N0=0.21
