[wall_count] train=90 layouts  held-out=36 layouts
objc[20274]: Class SDLApplication is implemented in both /Users/linmuyi/miniconda3/envs/llm_gs/lib/python3.9/site-packages/pygame/.dylibs/libSDL2-2.0.0.dylib (0x1062012c8) and /Users/linmuyi/miniconda3/envs/llm_gs/lib/python3.9/site-packages/cv2/.dylibs/libSDL2-2.0.0.dylib (0x1576b0890). This may cause spurious casting failures and mysterious crashes. One of the duplicates must be removed or renamed.
objc[20274]: Class SDLAppDelegate is implemented in both /Users/linmuyi/miniconda3/envs/llm_gs/lib/python3.9/site-packages/pygame/.dylibs/libSDL2-2.0.0.dylib (0x106201318) and /Users/linmuyi/miniconda3/envs/llm_gs/lib/python3.9/site-packages/cv2/.dylibs/libSDL2-2.0.0.dylib (0x1576b08e0). This may cause spurious casting failures and mysterious crashes. One of the duplicates must be removed or renamed.
objc[20274]: Class SDLTranslatorResponder is implemented in both /Users/linmuyi/miniconda3/envs/llm_gs/lib/python3.9/site-packages/pygame/.dylibs/libSDL2-2.0.0.dylib (0x106201390) and /Users/linmuyi/miniconda3/envs/llm_gs/lib/python3.9/site-packages/cv2/.dylibs/libSDL2-2.0.0.dylib (0x1576b0958). This may cause spurious casting failures and mysterious crashes. One of the duplicates must be removed or renamed.
objc[20274]: Class SDLMessageBoxPresenter is implemented in both /Users/linmuyi/miniconda3/envs/llm_gs/lib/python3.9/site-packages/pygame/.dylibs/libSDL2-2.0.0.dylib (0x1062013b8) and /Users/linmuyi/miniconda3/envs/llm_gs/lib/python3.9/site-packages/cv2/.dylibs/libSDL2-2.0.0.dylib (0x1576b0980). This may cause spurious casting failures and mysterious crashes. One of the duplicates must be removed or renamed.
objc[20274]: Class SDL_cocoametalview is implemented in both /Users/linmuyi/miniconda3/envs/llm_gs/lib/python3.9/site-packages/pygame/.dylibs/libSDL2-2.0.0.dylib (0x106201408) and /Users/linmuyi/miniconda3/envs/llm_gs/lib/python3.9/site-packages/cv2/.dylibs/libSDL2-2.0.0.dylib (0x1576b09d0). This may cause spurious casting failures and mysterious crashes. One of the duplicates must be removed or renamed.
objc[20274]: Class SDLOpenGLContext is implemented in both /Users/linmuyi/miniconda3/envs/llm_gs/lib/python3.9/site-packages/pygame/.dylibs/libSDL2-2.0.0.dylib (0x106201458) and /Users/linmuyi/miniconda3/envs/llm_gs/lib/python3.9/site-packages/cv2/.dylibs/libSDL2-2.0.0.dylib (0x1576b0a20). This may cause spurious casting failures and mysterious crashes. One of the duplicates must be removed or renamed.
objc[20274]: Class SDL_ShapeData is implemented in both /Users/linmuyi/miniconda3/envs/llm_gs/lib/python3.9/site-packages/pygame/.dylibs/libSDL2-2.0.0.dylib (0x1062014d0) and /Users/linmuyi/miniconda3/envs/llm_gs/lib/python3.9/site-packages/cv2/.dylibs/libSDL2-2.0.0.dylib (0x1576b0a98). This may cause spurious casting failures and mysterious crashes. One of the duplicates must be removed or renamed.
objc[20274]: Class SDL_CocoaClosure is implemented in both /Users/linmuyi/miniconda3/envs/llm_gs/lib/python3.9/site-packages/pygame/.dylibs/libSDL2-2.0.0.dylib (0x106201520) and /Users/linmuyi/miniconda3/envs/llm_gs/lib/python3.9/site-packages/cv2/.dylibs/libSDL2-2.0.0.dylib (0x1576b0ae8). This may cause spurious casting failures and mysterious crashes. One of the duplicates must be removed or renamed.
objc[20274]: Class SDL_VideoData is implemented in both /Users/linmuyi/miniconda3/envs/llm_gs/lib/python3.9/site-packages/pygame/.dylibs/libSDL2-2.0.0.dylib (0x106201570) and /Users/linmuyi/miniconda3/envs/llm_gs/lib/python3.9/site-packages/cv2/.dylibs/libSDL2-2.0.0.dylib (0x1576b0b38). This may cause spurious casting failures and mysterious crashes. One of the duplicates must be removed or renamed.
objc[20274]: Class SDL_WindowData is implemented in both /Users/linmuyi/miniconda3/envs/llm_gs/lib/python3.9/site-packages/pygame/.dylibs/libSDL2-2.0.0.dylib (0x1062015c0) and /Users/linmuyi/miniconda3/envs/llm_gs/lib/python3.9/site-packages/cv2/.dylibs/libSDL2-2.0.0.dylib (0x1576b0b88). This may cause spurious casting failures and mysterious crashes. One of the duplicates must be removed or renamed.
objc[20274]: Class SDLWindow is implemented in both /Users/linmuyi/miniconda3/envs/llm_gs/lib/python3.9/site-packages/pygame/.dylibs/libSDL2-2.0.0.dylib (0x1062015e8) and /Users/linmuyi/miniconda3/envs/llm_gs/lib/python3.9/site-packages/cv2/.dylibs/libSDL2-2.0.0.dylib (0x1576b0bb0). This may cause spurious casting failures and mysterious crashes. One of the duplicates must be removed or renamed.
objc[20274]: Class Cocoa_WindowListener is implemented in both /Users/linmuyi/miniconda3/envs/llm_gs/lib/python3.9/site-packages/pygame/.dylibs/libSDL2-2.0.0.dylib (0x106201610) and /Users/linmuyi/miniconda3/envs/llm_gs/lib/python3.9/site-packages/cv2/.dylibs/libSDL2-2.0.0.dylib (0x1576b0bd8). This may cause spurious casting failures and mysterious crashes. One of the duplicates must be removed or renamed.
objc[20274]: Class SDLView is implemented in both /Users/linmuyi/miniconda3/envs/llm_gs/lib/python3.9/site-packages/pygame/.dylibs/libSDL2-2.0.0.dylib (0x106201688) and /Users/linmuyi/miniconda3/envs/llm_gs/lib/python3.9/site-packages/cv2/.dylibs/libSDL2-2.0.0.dylib (0x1576b0c50). This may cause spurious casting failures and mysterious crashes. One of the duplicates must be removed or renamed.
objc[20274]: Class METAL_RenderData is implemented in both /Users/linmuyi/miniconda3/envs/llm_gs/lib/python3.9/site-packages/pygame/.dylibs/libSDL2-2.0.0.dylib (0x106201700) and /Users/linmuyi/miniconda3/envs/llm_gs/lib/python3.9/site-packages/cv2/.dylibs/libSDL2-2.0.0.dylib (0x1576b0cc8). This may cause spurious casting failures and mysterious crashes. One of the duplicates must be removed or renamed.
objc[20274]: Class METAL_TextureData is implemented in both /Users/linmuyi/miniconda3/envs/llm_gs/lib/python3.9/site-packages/pygame/.dylibs/libSDL2-2.0.0.dylib (0x106201750) and /Users/linmuyi/miniconda3/envs/llm_gs/lib/python3.9/site-packages/cv2/.dylibs/libSDL2-2.0.0.dylib (0x1576b0d18). This may cause spurious casting failures and mysterious crashes. One of the duplicates must be removed or renamed.
objc[20274]: Class SDL_RumbleMotor is implemented in both /Users/linmuyi/miniconda3/envs/llm_gs/lib/python3.9/site-packages/pygame/.dylibs/libSDL2-2.0.0.dylib (0x106201778) and /Users/linmuyi/miniconda3/envs/llm_gs/lib/python3.9/site-packages/cv2/.dylibs/libSDL2-2.0.0.dylib (0x1576b0d40). This may cause spurious casting failures and mysterious crashes. One of the duplicates must be removed or renamed.
objc[20274]: Class SDL_RumbleContext is implemented in both /Users/linmuyi/miniconda3/envs/llm_gs/lib/python3.9/site-packages/pygame/.dylibs/libSDL2-2.0.0.dylib (0x1062017c8) and /Users/linmuyi/miniconda3/envs/llm_gs/lib/python3.9/site-packages/cv2/.dylibs/libSDL2-2.0.0.dylib (0x1576b0d90). This may cause spurious casting failures and mysterious crashes. One of the duplicates must be removed or renamed.
[wall_count] 1500000 steps, 30 checkpoints, curriculum

  steps=  50000  held=0.07  gate=0.10  bins=1/3  active= 30  (148s)
  steps= 100000  held=0.06  gate=0.11  bins=1/3  active= 30  (293s)
  steps= 150000  held=0.14  gate=0.15  bins=1/3  active= 30  (439s)
  steps= 200000  held=0.02  gate=0.01  bins=1/3  active= 30  (572s)
  steps= 250000  held=0.32  gate=0.47  bins=1/3  active= 30  (686s)
  steps= 300000  held=0.53  gate=0.71  bins=2/3  active= 60  [UNLOCK:gate]  (783s)
  steps= 350000  held=0.60  gate=0.74  bins=3/3  active= 90  [UNLOCK:gate]  (870s)
  steps= 400000  held=0.58  gate=0.58  bins=3/3  active= 90  (936s)
  steps= 450000  held=0.64  gate=0.64  bins=3/3  active= 90  (999s)
  steps= 500000  held=0.40  gate=0.40  bins=3/3  active= 90  (1076s)
  steps= 550000  held=0.53  gate=0.53  bins=3/3  active= 90  (1147s)
  steps= 600000  held=0.70  gate=0.70  bins=3/3  active= 90  (1210s)
  steps= 650000  held=0.42  gate=0.42  bins=3/3  active= 90  (1290s)
  steps= 700000  held=0.49  gate=0.49  bins=3/3  active= 90  (1366s)
  steps= 750000  held=0.24  gate=0.24  bins=3/3  active= 90  (1453s)
  steps= 800000  held=0.60  gate=0.60  bins=3/3  active= 90  (1524s)
  steps= 850000  held=0.70  gate=0.70  bins=3/3  active= 90  (1634s)
  steps= 900000  held=0.77  gate=0.77  bins=3/3  active= 90  (1736s)
  steps= 950000  held=0.76  gate=0.76  bins=3/3  active= 90  (1839s)
  steps=1000000  held=0.80  gate=0.80  bins=3/3  active= 90  (1939s)
  steps=1050000  held=0.77  gate=0.77  bins=3/3  active= 90  (2042s)
  steps=1100000  held=0.67  gate=0.67  bins=3/3  active= 90  (2148s)
  steps=1150000  held=0.66  gate=0.66  bins=3/3  active= 90  (2223s)
  steps=1200000  held=0.60  gate=0.60  bins=3/3  active= 90  (2284s)
  steps=1250000  held=0.62  gate=0.62  bins=3/3  active= 90  (2346s)
  steps=1300000  held=0.35  gate=0.35  bins=3/3  active= 90  (2427s)
  steps=1350000  held=0.65  gate=0.65  bins=3/3  active= 90  (2528s)
  steps=1400000  held=0.65  gate=0.65  bins=3/3  active= 90  (2632s)
  steps=1450000  held=0.65  gate=0.65  bins=3/3  active= 90  (2731s)
  steps=1500000  held=0.74  gate=0.74  bins=3/3  active= 90  (2829s)

[wall_count] DONE  final held=0.74  steps_to_0.3=250,000  wall=2829s  -> wall_count_seed2.json
[wall_count] per-cell held: s19N0=0.74
