[grader] train=90 layouts  held-out=36 layouts
objc[88856]: Class SDLApplication is implemented in both /Users/linmuyi/miniconda3/envs/llm_gs/lib/python3.9/site-packages/pygame/.dylibs/libSDL2-2.0.0.dylib (0x105e4d2c8) and /Users/linmuyi/miniconda3/envs/llm_gs/lib/python3.9/site-packages/cv2/.dylibs/libSDL2-2.0.0.dylib (0x321a30890). This may cause spurious casting failures and mysterious crashes. One of the duplicates must be removed or renamed.
objc[88856]: Class SDLAppDelegate is implemented in both /Users/linmuyi/miniconda3/envs/llm_gs/lib/python3.9/site-packages/pygame/.dylibs/libSDL2-2.0.0.dylib (0x105e4d318) and /Users/linmuyi/miniconda3/envs/llm_gs/lib/python3.9/site-packages/cv2/.dylibs/libSDL2-2.0.0.dylib (0x321a308e0). This may cause spurious casting failures and mysterious crashes. One of the duplicates must be removed or renamed.
objc[88856]: Class SDLTranslatorResponder is implemented in both /Users/linmuyi/miniconda3/envs/llm_gs/lib/python3.9/site-packages/pygame/.dylibs/libSDL2-2.0.0.dylib (0x105e4d390) and /Users/linmuyi/miniconda3/envs/llm_gs/lib/python3.9/site-packages/cv2/.dylibs/libSDL2-2.0.0.dylib (0x321a30958). This may cause spurious casting failures and mysterious crashes. One of the duplicates must be removed or renamed.
objc[88856]: Class SDLMessageBoxPresenter is implemented in both /Users/linmuyi/miniconda3/envs/llm_gs/lib/python3.9/site-packages/pygame/.dylibs/libSDL2-2.0.0.dylib (0x105e4d3b8) and /Users/linmuyi/miniconda3/envs/llm_gs/lib/python3.9/site-packages/cv2/.dylibs/libSDL2-2.0.0.dylib (0x321a30980). This may cause spurious casting failures and mysterious crashes. One of the duplicates must be removed or renamed.
objc[88856]: Class SDL_cocoametalview is implemented in both /Users/linmuyi/miniconda3/envs/llm_gs/lib/python3.9/site-packages/pygame/.dylibs/libSDL2-2.0.0.dylib (0x105e4d408) and /Users/linmuyi/miniconda3/envs/llm_gs/lib/python3.9/site-packages/cv2/.dylibs/libSDL2-2.0.0.dylib (0x321a309d0). This may cause spurious casting failures and mysterious crashes. One of the duplicates must be removed or renamed.
objc[88856]: Class SDLOpenGLContext is implemented in both /Users/linmuyi/miniconda3/envs/llm_gs/lib/python3.9/site-packages/pygame/.dylibs/libSDL2-2.0.0.dylib (0x105e4d458) and /Users/linmuyi/miniconda3/envs/llm_gs/lib/python3.9/site-packages/cv2/.dylibs/libSDL2-2.0.0.dylib (0x321a30a20). This may cause spurious casting failures and mysterious crashes. One of the duplicates must be removed or renamed.
objc[88856]: Class SDL_ShapeData is implemented in both /Users/linmuyi/miniconda3/envs/llm_gs/lib/python3.9/site-packages/pygame/.dylibs/libSDL2-2.0.0.dylib (0x105e4d4d0) and /Users/linmuyi/miniconda3/envs/llm_gs/lib/python3.9/site-packages/cv2/.dylibs/libSDL2-2.0.0.dylib (0x321a30a98). This may cause spurious casting failures and mysterious crashes. One of the duplicates must be removed or renamed.
objc[88856]: Class SDL_CocoaClosure is implemented in both /Users/linmuyi/miniconda3/envs/llm_gs/lib/python3.9/site-packages/pygame/.dylibs/libSDL2-2.0.0.dylib (0x105e4d520) and /Users/linmuyi/miniconda3/envs/llm_gs/lib/python3.9/site-packages/cv2/.dylibs/libSDL2-2.0.0.dylib (0x321a30ae8). This may cause spurious casting failures and mysterious crashes. One of the duplicates must be removed or renamed.
objc[88856]: Class SDL_VideoData is implemented in both /Users/linmuyi/miniconda3/envs/llm_gs/lib/python3.9/site-packages/pygame/.dylibs/libSDL2-2.0.0.dylib (0x105e4d570) and /Users/linmuyi/miniconda3/envs/llm_gs/lib/python3.9/site-packages/cv2/.dylibs/libSDL2-2.0.0.dylib (0x321a30b38). This may cause spurious casting failures and mysterious crashes. One of the duplicates must be removed or renamed.
objc[88856]: Class SDL_WindowData is implemented in both /Users/linmuyi/miniconda3/envs/llm_gs/lib/python3.9/site-packages/pygame/.dylibs/libSDL2-2.0.0.dylib (0x105e4d5c0) and /Users/linmuyi/miniconda3/envs/llm_gs/lib/python3.9/site-packages/cv2/.dylibs/libSDL2-2.0.0.dylib (0x321a30b88). This may cause spurious casting failures and mysterious crashes. One of the duplicates must be removed or renamed.
objc[88856]: Class SDLWindow is implemented in both /Users/linmuyi/miniconda3/envs/llm_gs/lib/python3.9/site-packages/pygame/.dylibs/libSDL2-2.0.0.dylib (0x105e4d5e8) and /Users/linmuyi/miniconda3/envs/llm_gs/lib/python3.9/site-packages/cv2/.dylibs/libSDL2-2.0.0.dylib (0x321a30bb0). This may cause spurious casting failures and mysterious crashes. One of the duplicates must be removed or renamed.
objc[88856]: Class Cocoa_WindowListener is implemented in both /Users/linmuyi/miniconda3/envs/llm_gs/lib/python3.9/site-packages/pygame/.dylibs/libSDL2-2.0.0.dylib (0x105e4d610) and /Users/linmuyi/miniconda3/envs/llm_gs/lib/python3.9/site-packages/cv2/.dylibs/libSDL2-2.0.0.dylib (0x321a30bd8). This may cause spurious casting failures and mysterious crashes. One of the duplicates must be removed or renamed.
objc[88856]: Class SDLView is implemented in both /Users/linmuyi/miniconda3/envs/llm_gs/lib/python3.9/site-packages/pygame/.dylibs/libSDL2-2.0.0.dylib (0x105e4d688) and /Users/linmuyi/miniconda3/envs/llm_gs/lib/python3.9/site-packages/cv2/.dylibs/libSDL2-2.0.0.dylib (0x321a30c50). This may cause spurious casting failures and mysterious crashes. One of the duplicates must be removed or renamed.
objc[88856]: Class METAL_RenderData is implemented in both /Users/linmuyi/miniconda3/envs/llm_gs/lib/python3.9/site-packages/pygame/.dylibs/libSDL2-2.0.0.dylib (0x105e4d700) and /Users/linmuyi/miniconda3/envs/llm_gs/lib/python3.9/site-packages/cv2/.dylibs/libSDL2-2.0.0.dylib (0x321a30cc8). This may cause spurious casting failures and mysterious crashes. One of the duplicates must be removed or renamed.
objc[88856]: Class METAL_TextureData is implemented in both /Users/linmuyi/miniconda3/envs/llm_gs/lib/python3.9/site-packages/pygame/.dylibs/libSDL2-2.0.0.dylib (0x105e4d750) and /Users/linmuyi/miniconda3/envs/llm_gs/lib/python3.9/site-packages/cv2/.dylibs/libSDL2-2.0.0.dylib (0x321a30d18). This may cause spurious casting failures and mysterious crashes. One of the duplicates must be removed or renamed.
objc[88856]: Class SDL_RumbleMotor is implemented in both /Users/linmuyi/miniconda3/envs/llm_gs/lib/python3.9/site-packages/pygame/.dylibs/libSDL2-2.0.0.dylib (0x105e4d778) and /Users/linmuyi/miniconda3/envs/llm_gs/lib/python3.9/site-packages/cv2/.dylibs/libSDL2-2.0.0.dylib (0x321a30d40). This may cause spurious casting failures and mysterious crashes. One of the duplicates must be removed or renamed.
objc[88856]: Class SDL_RumbleContext is implemented in both /Users/linmuyi/miniconda3/envs/llm_gs/lib/python3.9/site-packages/pygame/.dylibs/libSDL2-2.0.0.dylib (0x105e4d7c8) and /Users/linmuyi/miniconda3/envs/llm_gs/lib/python3.9/site-packages/cv2/.dylibs/libSDL2-2.0.0.dylib (0x321a30d90). This may cause spurious casting failures and mysterious crashes. One of the duplicates must be removed or renamed.
[grader] 1500000 steps, 30 checkpoints, curriculum

  steps=  50000  held=0.06  gate=0.14  bins=1/3  active= 30  (129s)
  steps= 100000  held=0.09  gate=0.14  bins=1/3  active= 30  (256s)
  steps= 150000  held=0.30  gate=0.46  bins=1/3  active= 30  (372s)
  steps= 200000  held=0.34  gate=0.50  bins=1/3  active= 30  (482s)
  steps= 250000  held=0.40  gate=0.67  bins=2/3  active= 60  [UNLOCK:gate]  (586s)
  steps= 300000  held=0.18  gate=0.19  bins=2/3  active= 60  (710s)
  steps= 350000  held=0.33  gate=0.32  bins=2/3  active= 60  (818s)
  steps= 400000  held=0.28  gate=0.47  bins=2/3  active= 60  (922s)
  steps= 450000  held=0.53  gate=0.62  bins=3/3  active= 90  [UNLOCK:gate]  (1014s)
  steps= 500000  held=0.69  gate=0.69  bins=3/3  active= 90  (1075s)
  steps= 550000  held=0.72  gate=0.72  bins=3/3  active= 90  (1135s)
  steps= 600000  held=0.67  gate=0.67  bins=3/3  active= 90  (1198s)
  steps= 650000  held=0.64  gate=0.64  bins=3/3  active= 90  (1261s)
  steps= 700000  held=0.65  gate=0.65  bins=3/3  active= 90  (1327s)
  steps= 750000  held=0.56  gate=0.56  bins=3/3  active= 90  (1391s)
  steps= 800000  held=0.53  gate=0.53  bins=3/3  active= 90  (1456s)
  steps= 850000  held=0.62  gate=0.62  bins=3/3  active= 90  (1518s)
  steps= 900000  held=0.67  gate=0.67  bins=3/3  active= 90  (1576s)
  steps= 950000  held=0.64  gate=0.64  bins=3/3  active= 90  (1635s)
  steps=1000000  held=0.63  gate=0.63  bins=3/3  active= 90  (1698s)
  steps=1050000  held=0.62  gate=0.62  bins=3/3  active= 90  (1762s)
  steps=1100000  held=0.62  gate=0.62  bins=3/3  active= 90  (1823s)
  steps=1150000  held=0.65  gate=0.65  bins=3/3  active= 90  (1885s)
  steps=1200000  held=0.65  gate=0.65  bins=3/3  active= 90  (1945s)
  steps=1250000  held=0.66  gate=0.66  bins=3/3  active= 90  (2007s)
  steps=1300000  held=0.65  gate=0.65  bins=3/3  active= 90  (2073s)
  steps=1350000  held=0.52  gate=0.52  bins=3/3  active= 90  (2143s)
  steps=1400000  held=0.58  gate=0.58  bins=3/3  active= 90  (2207s)
  steps=1450000  held=0.60  gate=0.60  bins=3/3  active= 90  (2273s)
  steps=1500000  held=0.65  gate=0.65  bins=3/3  active= 90  (2335s)

[grader] DONE  final held=0.65  steps_to_0.3=200,000  wall=2335s  -> grader_seed8.json
[grader] per-cell held: s19N0=0.65
