[wall_count] train=90 layouts  held-out=36 layouts
objc[58607]: Class SDLApplication is implemented in both /Users/linmuyi/miniconda3/envs/llm_gs/lib/python3.9/site-packages/pygame/.dylibs/libSDL2-2.0.0.dylib (0x107de92c8) and /Users/linmuyi/miniconda3/envs/llm_gs/lib/python3.9/site-packages/cv2/.dylibs/libSDL2-2.0.0.dylib (0x162798890). This may cause spurious casting failures and mysterious crashes. One of the duplicates must be removed or renamed.
objc[58607]: Class SDLAppDelegate is implemented in both /Users/linmuyi/miniconda3/envs/llm_gs/lib/python3.9/site-packages/pygame/.dylibs/libSDL2-2.0.0.dylib (0x107de9318) and /Users/linmuyi/miniconda3/envs/llm_gs/lib/python3.9/site-packages/cv2/.dylibs/libSDL2-2.0.0.dylib (0x1627988e0). This may cause spurious casting failures and mysterious crashes. One of the duplicates must be removed or renamed.
objc[58607]: Class SDLTranslatorResponder is implemented in both /Users/linmuyi/miniconda3/envs/llm_gs/lib/python3.9/site-packages/pygame/.dylibs/libSDL2-2.0.0.dylib (0x107de9390) and /Users/linmuyi/miniconda3/envs/llm_gs/lib/python3.9/site-packages/cv2/.dylibs/libSDL2-2.0.0.dylib (0x162798958). This may cause spurious casting failures and mysterious crashes. One of the duplicates must be removed or renamed.
objc[58607]: Class SDLMessageBoxPresenter is implemented in both /Users/linmuyi/miniconda3/envs/llm_gs/lib/python3.9/site-packages/pygame/.dylibs/libSDL2-2.0.0.dylib (0x107de93b8) and /Users/linmuyi/miniconda3/envs/llm_gs/lib/python3.9/site-packages/cv2/.dylibs/libSDL2-2.0.0.dylib (0x162798980). This may cause spurious casting failures and mysterious crashes. One of the duplicates must be removed or renamed.
objc[58607]: Class SDL_cocoametalview is implemented in both /Users/linmuyi/miniconda3/envs/llm_gs/lib/python3.9/site-packages/pygame/.dylibs/libSDL2-2.0.0.dylib (0x107de9408) and /Users/linmuyi/miniconda3/envs/llm_gs/lib/python3.9/site-packages/cv2/.dylibs/libSDL2-2.0.0.dylib (0x1627989d0). This may cause spurious casting failures and mysterious crashes. One of the duplicates must be removed or renamed.
objc[58607]: Class SDLOpenGLContext is implemented in both /Users/linmuyi/miniconda3/envs/llm_gs/lib/python3.9/site-packages/pygame/.dylibs/libSDL2-2.0.0.dylib (0x107de9458) and /Users/linmuyi/miniconda3/envs/llm_gs/lib/python3.9/site-packages/cv2/.dylibs/libSDL2-2.0.0.dylib (0x162798a20). This may cause spurious casting failures and mysterious crashes. One of the duplicates must be removed or renamed.
objc[58607]: Class SDL_ShapeData is implemented in both /Users/linmuyi/miniconda3/envs/llm_gs/lib/python3.9/site-packages/pygame/.dylibs/libSDL2-2.0.0.dylib (0x107de94d0) and /Users/linmuyi/miniconda3/envs/llm_gs/lib/python3.9/site-packages/cv2/.dylibs/libSDL2-2.0.0.dylib (0x162798a98). This may cause spurious casting failures and mysterious crashes. One of the duplicates must be removed or renamed.
objc[58607]: Class SDL_CocoaClosure is implemented in both /Users/linmuyi/miniconda3/envs/llm_gs/lib/python3.9/site-packages/pygame/.dylibs/libSDL2-2.0.0.dylib (0x107de9520) and /Users/linmuyi/miniconda3/envs/llm_gs/lib/python3.9/site-packages/cv2/.dylibs/libSDL2-2.0.0.dylib (0x162798ae8). This may cause spurious casting failures and mysterious crashes. One of the duplicates must be removed or renamed.
objc[58607]: Class SDL_VideoData is implemented in both /Users/linmuyi/miniconda3/envs/llm_gs/lib/python3.9/site-packages/pygame/.dylibs/libSDL2-2.0.0.dylib (0x107de9570) and /Users/linmuyi/miniconda3/envs/llm_gs/lib/python3.9/site-packages/cv2/.dylibs/libSDL2-2.0.0.dylib (0x162798b38). This may cause spurious casting failures and mysterious crashes. One of the duplicates must be removed or renamed.
objc[58607]: Class SDL_WindowData is implemented in both /Users/linmuyi/miniconda3/envs/llm_gs/lib/python3.9/site-packages/pygame/.dylibs/libSDL2-2.0.0.dylib (0x107de95c0) and /Users/linmuyi/miniconda3/envs/llm_gs/lib/python3.9/site-packages/cv2/.dylibs/libSDL2-2.0.0.dylib (0x162798b88). This may cause spurious casting failures and mysterious crashes. One of the duplicates must be removed or renamed.
objc[58607]: Class SDLWindow is implemented in both /Users/linmuyi/miniconda3/envs/llm_gs/lib/python3.9/site-packages/pygame/.dylibs/libSDL2-2.0.0.dylib (0x107de95e8) and /Users/linmuyi/miniconda3/envs/llm_gs/lib/python3.9/site-packages/cv2/.dylibs/libSDL2-2.0.0.dylib (0x162798bb0). This may cause spurious casting failures and mysterious crashes. One of the duplicates must be removed or renamed.
objc[58607]: Class Cocoa_WindowListener is implemented in both /Users/linmuyi/miniconda3/envs/llm_gs/lib/python3.9/site-packages/pygame/.dylibs/libSDL2-2.0.0.dylib (0x107de9610) and /Users/linmuyi/miniconda3/envs/llm_gs/lib/python3.9/site-packages/cv2/.dylibs/libSDL2-2.0.0.dylib (0x162798bd8). This may cause spurious casting failures and mysterious crashes. One of the duplicates must be removed or renamed.
objc[58607]: Class SDLView is implemented in both /Users/linmuyi/miniconda3/envs/llm_gs/lib/python3.9/site-packages/pygame/.dylibs/libSDL2-2.0.0.dylib (0x107de9688) and /Users/linmuyi/miniconda3/envs/llm_gs/lib/python3.9/site-packages/cv2/.dylibs/libSDL2-2.0.0.dylib (0x162798c50). This may cause spurious casting failures and mysterious crashes. One of the duplicates must be removed or renamed.
objc[58607]: Class METAL_RenderData is implemented in both /Users/linmuyi/miniconda3/envs/llm_gs/lib/python3.9/site-packages/pygame/.dylibs/libSDL2-2.0.0.dylib (0x107de9700) and /Users/linmuyi/miniconda3/envs/llm_gs/lib/python3.9/site-packages/cv2/.dylibs/libSDL2-2.0.0.dylib (0x162798cc8). This may cause spurious casting failures and mysterious crashes. One of the duplicates must be removed or renamed.
objc[58607]: Class METAL_TextureData is implemented in both /Users/linmuyi/miniconda3/envs/llm_gs/lib/python3.9/site-packages/pygame/.dylibs/libSDL2-2.0.0.dylib (0x107de9750) and /Users/linmuyi/miniconda3/envs/llm_gs/lib/python3.9/site-packages/cv2/.dylibs/libSDL2-2.0.0.dylib (0x162798d18). This may cause spurious casting failures and mysterious crashes. One of the duplicates must be removed or renamed.
objc[58607]: Class SDL_RumbleMotor is implemented in both /Users/linmuyi/miniconda3/envs/llm_gs/lib/python3.9/site-packages/pygame/.dylibs/libSDL2-2.0.0.dylib (0x107de9778) and /Users/linmuyi/miniconda3/envs/llm_gs/lib/python3.9/site-packages/cv2/.dylibs/libSDL2-2.0.0.dylib (0x162798d40). This may cause spurious casting failures and mysterious crashes. One of the duplicates must be removed or renamed.
objc[58607]: Class SDL_RumbleContext is implemented in both /Users/linmuyi/miniconda3/envs/llm_gs/lib/python3.9/site-packages/pygame/.dylibs/libSDL2-2.0.0.dylib (0x107de97c8) and /Users/linmuyi/miniconda3/envs/llm_gs/lib/python3.9/site-packages/cv2/.dylibs/libSDL2-2.0.0.dylib (0x162798d90). This may cause spurious casting failures and mysterious crashes. One of the duplicates must be removed or renamed.
[wall_count] 1500000 steps, 30 checkpoints, curriculum

  steps=  50000  held=0.81  gate=0.89  bins=2/3  active= 60  [UNLOCK:gate]  (40406s)
  steps= 100000  held=0.94  gate=0.89  bins=3/3  active= 90  [UNLOCK:gate]  (40486s)
  steps= 150000  held=0.95  gate=0.95  bins=3/3  active= 90  (40555s)
  steps= 200000  held=0.99  gate=0.99  bins=3/3  active= 90  (40627s)
  steps= 250000  held=0.94  gate=0.94  bins=3/3  active= 90  (40698s)
  steps= 300000  held=0.97  gate=0.97  bins=3/3  active= 90  (40765s)
  steps= 350000  held=0.94  gate=0.94  bins=3/3  active= 90  (40841s)
  steps= 400000  held=0.97  gate=0.97  bins=3/3  active= 90  (40915s)
  steps= 450000  held=0.97  gate=0.97  bins=3/3  active= 90  (40984s)
  steps= 500000  held=0.97  gate=0.97  bins=3/3  active= 90  (41055s)
  steps= 550000  held=0.97  gate=0.97  bins=3/3  active= 90  (41225s)
  steps= 600000  held=0.95  gate=0.95  bins=3/3  active= 90  (41399s)
