[wall_count] train=90 layouts  held-out=36 layouts
objc[3768]: Class SDLApplication is implemented in both /Users/linmuyi/miniconda3/envs/llm_gs/lib/python3.9/site-packages/pygame/.dylibs/libSDL2-2.0.0.dylib (0x10b4b52c8) and /Users/linmuyi/miniconda3/envs/llm_gs/lib/python3.9/site-packages/cv2/.dylibs/libSDL2-2.0.0.dylib (0x153c68890). This may cause spurious casting failures and mysterious crashes. One of the duplicates must be removed or renamed.
objc[3768]: Class SDLAppDelegate is implemented in both /Users/linmuyi/miniconda3/envs/llm_gs/lib/python3.9/site-packages/pygame/.dylibs/libSDL2-2.0.0.dylib (0x10b4b5318) and /Users/linmuyi/miniconda3/envs/llm_gs/lib/python3.9/site-packages/cv2/.dylibs/libSDL2-2.0.0.dylib (0x153c688e0). This may cause spurious casting failures and mysterious crashes. One of the duplicates must be removed or renamed.
objc[3768]: Class SDLTranslatorResponder is implemented in both /Users/linmuyi/miniconda3/envs/llm_gs/lib/python3.9/site-packages/pygame/.dylibs/libSDL2-2.0.0.dylib (0x10b4b5390) and /Users/linmuyi/miniconda3/envs/llm_gs/lib/python3.9/site-packages/cv2/.dylibs/libSDL2-2.0.0.dylib (0x153c68958). This may cause spurious casting failures and mysterious crashes. One of the duplicates must be removed or renamed.
objc[3768]: Class SDLMessageBoxPresenter is implemented in both /Users/linmuyi/miniconda3/envs/llm_gs/lib/python3.9/site-packages/pygame/.dylibs/libSDL2-2.0.0.dylib (0x10b4b53b8) and /Users/linmuyi/miniconda3/envs/llm_gs/lib/python3.9/site-packages/cv2/.dylibs/libSDL2-2.0.0.dylib (0x153c68980). This may cause spurious casting failures and mysterious crashes. One of the duplicates must be removed or renamed.
objc[3768]: Class SDL_cocoametalview is implemented in both /Users/linmuyi/miniconda3/envs/llm_gs/lib/python3.9/site-packages/pygame/.dylibs/libSDL2-2.0.0.dylib (0x10b4b5408) and /Users/linmuyi/miniconda3/envs/llm_gs/lib/python3.9/site-packages/cv2/.dylibs/libSDL2-2.0.0.dylib (0x153c689d0). This may cause spurious casting failures and mysterious crashes. One of the duplicates must be removed or renamed.
objc[3768]: Class SDLOpenGLContext is implemented in both /Users/linmuyi/miniconda3/envs/llm_gs/lib/python3.9/site-packages/pygame/.dylibs/libSDL2-2.0.0.dylib (0x10b4b5458) and /Users/linmuyi/miniconda3/envs/llm_gs/lib/python3.9/site-packages/cv2/.dylibs/libSDL2-2.0.0.dylib (0x153c68a20). This may cause spurious casting failures and mysterious crashes. One of the duplicates must be removed or renamed.
objc[3768]: Class SDL_ShapeData is implemented in both /Users/linmuyi/miniconda3/envs/llm_gs/lib/python3.9/site-packages/pygame/.dylibs/libSDL2-2.0.0.dylib (0x10b4b54d0) and /Users/linmuyi/miniconda3/envs/llm_gs/lib/python3.9/site-packages/cv2/.dylibs/libSDL2-2.0.0.dylib (0x153c68a98). This may cause spurious casting failures and mysterious crashes. One of the duplicates must be removed or renamed.
objc[3768]: Class SDL_CocoaClosure is implemented in both /Users/linmuyi/miniconda3/envs/llm_gs/lib/python3.9/site-packages/pygame/.dylibs/libSDL2-2.0.0.dylib (0x10b4b5520) and /Users/linmuyi/miniconda3/envs/llm_gs/lib/python3.9/site-packages/cv2/.dylibs/libSDL2-2.0.0.dylib (0x153c68ae8). This may cause spurious casting failures and mysterious crashes. One of the duplicates must be removed or renamed.
objc[3768]: Class SDL_VideoData is implemented in both /Users/linmuyi/miniconda3/envs/llm_gs/lib/python3.9/site-packages/pygame/.dylibs/libSDL2-2.0.0.dylib (0x10b4b5570) and /Users/linmuyi/miniconda3/envs/llm_gs/lib/python3.9/site-packages/cv2/.dylibs/libSDL2-2.0.0.dylib (0x153c68b38). This may cause spurious casting failures and mysterious crashes. One of the duplicates must be removed or renamed.
objc[3768]: Class SDL_WindowData is implemented in both /Users/linmuyi/miniconda3/envs/llm_gs/lib/python3.9/site-packages/pygame/.dylibs/libSDL2-2.0.0.dylib (0x10b4b55c0) and /Users/linmuyi/miniconda3/envs/llm_gs/lib/python3.9/site-packages/cv2/.dylibs/libSDL2-2.0.0.dylib (0x153c68b88). This may cause spurious casting failures and mysterious crashes. One of the duplicates must be removed or renamed.
objc[3768]: Class SDLWindow is implemented in both /Users/linmuyi/miniconda3/envs/llm_gs/lib/python3.9/site-packages/pygame/.dylibs/libSDL2-2.0.0.dylib (0x10b4b55e8) and /Users/linmuyi/miniconda3/envs/llm_gs/lib/python3.9/site-packages/cv2/.dylibs/libSDL2-2.0.0.dylib (0x153c68bb0). This may cause spurious casting failures and mysterious crashes. One of the duplicates must be removed or renamed.
objc[3768]: Class Cocoa_WindowListener is implemented in both /Users/linmuyi/miniconda3/envs/llm_gs/lib/python3.9/site-packages/pygame/.dylibs/libSDL2-2.0.0.dylib (0x10b4b5610) and /Users/linmuyi/miniconda3/envs/llm_gs/lib/python3.9/site-packages/cv2/.dylibs/libSDL2-2.0.0.dylib (0x153c68bd8). This may cause spurious casting failures and mysterious crashes. One of the duplicates must be removed or renamed.
objc[3768]: Class SDLView is implemented in both /Users/linmuyi/miniconda3/envs/llm_gs/lib/python3.9/site-packages/pygame/.dylibs/libSDL2-2.0.0.dylib (0x10b4b5688) and /Users/linmuyi/miniconda3/envs/llm_gs/lib/python3.9/site-packages/cv2/.dylibs/libSDL2-2.0.0.dylib (0x153c68c50). This may cause spurious casting failures and mysterious crashes. One of the duplicates must be removed or renamed.
objc[3768]: Class METAL_RenderData is implemented in both /Users/linmuyi/miniconda3/envs/llm_gs/lib/python3.9/site-packages/pygame/.dylibs/libSDL2-2.0.0.dylib (0x10b4b5700) and /Users/linmuyi/miniconda3/envs/llm_gs/lib/python3.9/site-packages/cv2/.dylibs/libSDL2-2.0.0.dylib (0x153c68cc8). This may cause spurious casting failures and mysterious crashes. One of the duplicates must be removed or renamed.
objc[3768]: Class METAL_TextureData is implemented in both /Users/linmuyi/miniconda3/envs/llm_gs/lib/python3.9/site-packages/pygame/.dylibs/libSDL2-2.0.0.dylib (0x10b4b5750) and /Users/linmuyi/miniconda3/envs/llm_gs/lib/python3.9/site-packages/cv2/.dylibs/libSDL2-2.0.0.dylib (0x153c68d18). This may cause spurious casting failures and mysterious crashes. One of the duplicates must be removed or renamed.
objc[3768]: Class SDL_RumbleMotor is implemented in both /Users/linmuyi/miniconda3/envs/llm_gs/lib/python3.9/site-packages/pygame/.dylibs/libSDL2-2.0.0.dylib (0x10b4b5778) and /Users/linmuyi/miniconda3/envs/llm_gs/lib/python3.9/site-packages/cv2/.dylibs/libSDL2-2.0.0.dylib (0x153c68d40). This may cause spurious casting failures and mysterious crashes. One of the duplicates must be removed or renamed.
objc[3768]: Class SDL_RumbleContext is implemented in both /Users/linmuyi/miniconda3/envs/llm_gs/lib/python3.9/site-packages/pygame/.dylibs/libSDL2-2.0.0.dylib (0x10b4b57c8) and /Users/linmuyi/miniconda3/envs/llm_gs/lib/python3.9/site-packages/cv2/.dylibs/libSDL2-2.0.0.dylib (0x153c68d90). This may cause spurious casting failures and mysterious crashes. One of the duplicates must be removed or renamed.
[wall_count] 1500000 steps, 30 checkpoints, curriculum

  steps=  50000  held=0.92  gate=0.99  bins=2/3  active= 60  [UNLOCK:gate]  (76s)
  steps= 100000  held=0.82  gate=0.86  bins=3/3  active= 90  [UNLOCK:gate]  (188s)
  steps= 150000  held=0.83  gate=0.83  bins=3/3  active= 90  (307s)
  steps= 200000  held=0.83  gate=0.83  bins=3/3  active= 90  (416s)
  steps= 250000  held=0.78  gate=0.78  bins=3/3  active= 90  (501s)
  steps= 300000  held=0.93  gate=0.93  bins=3/3  active= 90  (561s)
  steps= 350000  held=0.83  gate=0.83  bins=3/3  active= 90  (598s)
  steps= 400000  held=0.80  gate=0.80  bins=3/3  active= 90  (638s)
  steps= 450000  held=0.90  gate=0.90  bins=3/3  active= 90  (692s)
  steps= 500000  held=0.80  gate=0.80  bins=3/3  active= 90  (781s)
  steps= 550000  held=0.78  gate=0.78  bins=3/3  active= 90  (897s)
  steps= 600000  held=0.79  gate=0.79  bins=3/3  active= 90  (947s)
  steps= 650000  held=0.81  gate=0.81  bins=3/3  active= 90  (982s)
  steps= 700000  held=0.90  gate=0.90  bins=3/3  active= 90  (1014s)
  steps= 750000  held=0.80  gate=0.80  bins=3/3  active= 90  (1050s)
  steps= 800000  held=0.81  gate=0.81  bins=3/3  active= 90  (1086s)
  steps= 850000  held=0.79  gate=0.79  bins=3/3  active= 90  (1122s)
  steps= 900000  held=0.85  gate=0.85  bins=3/3  active= 90  (1157s)
  steps= 950000  held=0.85  gate=0.85  bins=3/3  active= 90  (1192s)
  steps=1000000  held=0.90  gate=0.90  bins=3/3  active= 90  (1224s)
  steps=1050000  held=0.85  gate=0.85  bins=3/3  active= 90  (1258s)
  steps=1100000  held=0.88  gate=0.88  bins=3/3  active= 90  (1291s)
  steps=1150000  held=0.90  gate=0.90  bins=3/3  active= 90  (1324s)
  steps=1200000  held=0.90  gate=0.90  bins=3/3  active= 90  (1357s)
  steps=1250000  held=0.88  gate=0.88  bins=3/3  active= 90  (1390s)
  steps=1300000  held=0.86  gate=0.86  bins=3/3  active= 90  (1424s)
  steps=1350000  held=0.90  gate=0.90  bins=3/3  active= 90  (1456s)
  steps=1400000  held=0.83  gate=0.83  bins=3/3  active= 90  (1490s)
  steps=1450000  held=0.88  gate=0.88  bins=3/3  active= 90  (1523s)
  steps=1500000  held=0.83  gate=0.83  bins=3/3  active= 90  (1557s)

[wall_count] DONE  final held=0.83  steps_to_0.3=50,000  wall=1556s  -> wall_count_seed0.json
[wall_count] per-cell held: s13N0=0.89  s13N1=0.92  s13N2=0.59
