[flat] train=90 layouts  held-out=36 layouts
objc[3984]: Class SDLApplication is implemented in both /Users/linmuyi/miniconda3/envs/llm_gs/lib/python3.9/site-packages/pygame/.dylibs/libSDL2-2.0.0.dylib (0x10714d2c8) and /Users/linmuyi/miniconda3/envs/llm_gs/lib/python3.9/site-packages/cv2/.dylibs/libSDL2-2.0.0.dylib (0x136e88890). This may cause spurious casting failures and mysterious crashes. One of the duplicates must be removed or renamed.
objc[3984]: Class SDLAppDelegate is implemented in both /Users/linmuyi/miniconda3/envs/llm_gs/lib/python3.9/site-packages/pygame/.dylibs/libSDL2-2.0.0.dylib (0x10714d318) and /Users/linmuyi/miniconda3/envs/llm_gs/lib/python3.9/site-packages/cv2/.dylibs/libSDL2-2.0.0.dylib (0x136e888e0). This may cause spurious casting failures and mysterious crashes. One of the duplicates must be removed or renamed.
objc[3984]: Class SDLTranslatorResponder is implemented in both /Users/linmuyi/miniconda3/envs/llm_gs/lib/python3.9/site-packages/pygame/.dylibs/libSDL2-2.0.0.dylib (0x10714d390) and /Users/linmuyi/miniconda3/envs/llm_gs/lib/python3.9/site-packages/cv2/.dylibs/libSDL2-2.0.0.dylib (0x136e88958). This may cause spurious casting failures and mysterious crashes. One of the duplicates must be removed or renamed.
objc[3984]: Class SDLMessageBoxPresenter is implemented in both /Users/linmuyi/miniconda3/envs/llm_gs/lib/python3.9/site-packages/pygame/.dylibs/libSDL2-2.0.0.dylib (0x10714d3b8) and /Users/linmuyi/miniconda3/envs/llm_gs/lib/python3.9/site-packages/cv2/.dylibs/libSDL2-2.0.0.dylib (0x136e88980). This may cause spurious casting failures and mysterious crashes. One of the duplicates must be removed or renamed.
objc[3984]: Class SDL_cocoametalview is implemented in both /Users/linmuyi/miniconda3/envs/llm_gs/lib/python3.9/site-packages/pygame/.dylibs/libSDL2-2.0.0.dylib (0x10714d408) and /Users/linmuyi/miniconda3/envs/llm_gs/lib/python3.9/site-packages/cv2/.dylibs/libSDL2-2.0.0.dylib (0x136e889d0). This may cause spurious casting failures and mysterious crashes. One of the duplicates must be removed or renamed.
objc[3984]: Class SDLOpenGLContext is implemented in both /Users/linmuyi/miniconda3/envs/llm_gs/lib/python3.9/site-packages/pygame/.dylibs/libSDL2-2.0.0.dylib (0x10714d458) and /Users/linmuyi/miniconda3/envs/llm_gs/lib/python3.9/site-packages/cv2/.dylibs/libSDL2-2.0.0.dylib (0x136e88a20). This may cause spurious casting failures and mysterious crashes. One of the duplicates must be removed or renamed.
objc[3984]: Class SDL_ShapeData is implemented in both /Users/linmuyi/miniconda3/envs/llm_gs/lib/python3.9/site-packages/pygame/.dylibs/libSDL2-2.0.0.dylib (0x10714d4d0) and /Users/linmuyi/miniconda3/envs/llm_gs/lib/python3.9/site-packages/cv2/.dylibs/libSDL2-2.0.0.dylib (0x136e88a98). This may cause spurious casting failures and mysterious crashes. One of the duplicates must be removed or renamed.
objc[3984]: Class SDL_CocoaClosure is implemented in both /Users/linmuyi/miniconda3/envs/llm_gs/lib/python3.9/site-packages/pygame/.dylibs/libSDL2-2.0.0.dylib (0x10714d520) and /Users/linmuyi/miniconda3/envs/llm_gs/lib/python3.9/site-packages/cv2/.dylibs/libSDL2-2.0.0.dylib (0x136e88ae8). This may cause spurious casting failures and mysterious crashes. One of the duplicates must be removed or renamed.
objc[3984]: Class SDL_VideoData is implemented in both /Users/linmuyi/miniconda3/envs/llm_gs/lib/python3.9/site-packages/pygame/.dylibs/libSDL2-2.0.0.dylib (0x10714d570) and /Users/linmuyi/miniconda3/envs/llm_gs/lib/python3.9/site-packages/cv2/.dylibs/libSDL2-2.0.0.dylib (0x136e88b38). This may cause spurious casting failures and mysterious crashes. One of the duplicates must be removed or renamed.
objc[3984]: Class SDL_WindowData is implemented in both /Users/linmuyi/miniconda3/envs/llm_gs/lib/python3.9/site-packages/pygame/.dylibs/libSDL2-2.0.0.dylib (0x10714d5c0) and /Users/linmuyi/miniconda3/envs/llm_gs/lib/python3.9/site-packages/cv2/.dylibs/libSDL2-2.0.0.dylib (0x136e88b88). This may cause spurious casting failures and mysterious crashes. One of the duplicates must be removed or renamed.
objc[3984]: Class SDLWindow is implemented in both /Users/linmuyi/miniconda3/envs/llm_gs/lib/python3.9/site-packages/pygame/.dylibs/libSDL2-2.0.0.dylib (0x10714d5e8) and /Users/linmuyi/miniconda3/envs/llm_gs/lib/python3.9/site-packages/cv2/.dylibs/libSDL2-2.0.0.dylib (0x136e88bb0). This may cause spurious casting failures and mysterious crashes. One of the duplicates must be removed or renamed.
objc[3984]: Class Cocoa_WindowListener is implemented in both /Users/linmuyi/miniconda3/envs/llm_gs/lib/python3.9/site-packages/pygame/.dylibs/libSDL2-2.0.0.dylib (0x10714d610) and /Users/linmuyi/miniconda3/envs/llm_gs/lib/python3.9/site-packages/cv2/.dylibs/libSDL2-2.0.0.dylib (0x136e88bd8). This may cause spurious casting failures and mysterious crashes. One of the duplicates must be removed or renamed.
objc[3984]: Class SDLView is implemented in both /Users/linmuyi/miniconda3/envs/llm_gs/lib/python3.9/site-packages/pygame/.dylibs/libSDL2-2.0.0.dylib (0x10714d688) and /Users/linmuyi/miniconda3/envs/llm_gs/lib/python3.9/site-packages/cv2/.dylibs/libSDL2-2.0.0.dylib (0x136e88c50). This may cause spurious casting failures and mysterious crashes. One of the duplicates must be removed or renamed.
objc[3984]: Class METAL_RenderData is implemented in both /Users/linmuyi/miniconda3/envs/llm_gs/lib/python3.9/site-packages/pygame/.dylibs/libSDL2-2.0.0.dylib (0x10714d700) and /Users/linmuyi/miniconda3/envs/llm_gs/lib/python3.9/site-packages/cv2/.dylibs/libSDL2-2.0.0.dylib (0x136e88cc8). This may cause spurious casting failures and mysterious crashes. One of the duplicates must be removed or renamed.
objc[3984]: Class METAL_TextureData is implemented in both /Users/linmuyi/miniconda3/envs/llm_gs/lib/python3.9/site-packages/pygame/.dylibs/libSDL2-2.0.0.dylib (0x10714d750) and /Users/linmuyi/miniconda3/envs/llm_gs/lib/python3.9/site-packages/cv2/.dylibs/libSDL2-2.0.0.dylib (0x136e88d18). This may cause spurious casting failures and mysterious crashes. One of the duplicates must be removed or renamed.
objc[3984]: Class SDL_RumbleMotor is implemented in both /Users/linmuyi/miniconda3/envs/llm_gs/lib/python3.9/site-packages/pygame/.dylibs/libSDL2-2.0.0.dylib (0x10714d778) and /Users/linmuyi/miniconda3/envs/llm_gs/lib/python3.9/site-packages/cv2/.dylibs/libSDL2-2.0.0.dylib (0x136e88d40). This may cause spurious casting failures and mysterious crashes. One of the duplicates must be removed or renamed.
objc[3984]: Class SDL_RumbleContext is implemented in both /Users/linmuyi/miniconda3/envs/llm_gs/lib/python3.9/site-packages/pygame/.dylibs/libSDL2-2.0.0.dylib (0x10714d7c8) and /Users/linmuyi/miniconda3/envs/llm_gs/lib/python3.9/site-packages/cv2/.dylibs/libSDL2-2.0.0.dylib (0x136e88d90). This may cause spurious casting failures and mysterious crashes. One of the duplicates must be removed or renamed.
[flat] 1500000 steps, 30 checkpoints, flat (no curriculum)

  steps=  50000  held=0.78  gate=0.78  bins=3/3  active= 90  (86s)
  steps= 100000  held=0.89  gate=0.89  bins=3/3  active= 90  (190s)
  steps= 150000  held=0.81  gate=0.81  bins=3/3  active= 90  (323s)
  steps= 200000  held=0.70  gate=0.70  bins=3/3  active= 90  (438s)
  steps= 250000  held=0.85  gate=0.85  bins=3/3  active= 90  (512s)
  steps= 300000  held=0.85  gate=0.85  bins=3/3  active= 90  (565s)
  steps= 350000  held=0.88  gate=0.88  bins=3/3  active= 90  (598s)
  steps= 400000  held=0.86  gate=0.86  bins=3/3  active= 90  (638s)
  steps= 450000  held=0.91  gate=0.91  bins=3/3  active= 90  (720s)
  steps= 500000  held=0.97  gate=0.97  bins=3/3  active= 90  (780s)
  steps= 550000  held=0.94  gate=0.94  bins=3/3  active= 90  (882s)
  steps= 600000  held=0.97  gate=0.97  bins=3/3  active= 90  (930s)
  steps= 650000  held=0.94  gate=0.94  bins=3/3  active= 90  (963s)
  steps= 700000  held=0.97  gate=0.97  bins=3/3  active= 90  (994s)
  steps= 750000  held=0.94  gate=0.94  bins=3/3  active= 90  (1025s)
  steps= 800000  held=0.97  gate=0.97  bins=3/3  active= 90  (1056s)
  steps= 850000  held=0.96  gate=0.96  bins=3/3  active= 90  (1087s)
  steps= 900000  held=0.97  gate=0.97  bins=3/3  active= 90  (1118s)
  steps= 950000  held=0.97  gate=0.97  bins=3/3  active= 90  (1149s)
  steps=1000000  held=0.96  gate=0.96  bins=3/3  active= 90  (1180s)
  steps=1050000  held=0.99  gate=0.99  bins=3/3  active= 90  (1211s)
  steps=1100000  held=0.97  gate=0.97  bins=3/3  active= 90  (1241s)
  steps=1150000  held=0.95  gate=0.95  bins=3/3  active= 90  (1273s)
  steps=1200000  held=0.97  gate=0.97  bins=3/3  active= 90  (1305s)
  steps=1250000  held=0.94  gate=0.94  bins=3/3  active= 90  (1338s)
  steps=1300000  held=0.96  gate=0.96  bins=3/3  active= 90  (1369s)
  steps=1350000  held=0.94  gate=0.94  bins=3/3  active= 90  (1401s)
  steps=1400000  held=0.92  gate=0.92  bins=3/3  active= 90  (1434s)
  steps=1450000  held=0.92  gate=0.92  bins=3/3  active= 90  (1467s)
  steps=1500000  held=0.95  gate=0.95  bins=3/3  active= 90  (1499s)

[flat] DONE  final held=0.95  steps_to_0.3=50,000  wall=1499s  -> flat_seed1.json
[flat] per-cell held: s13N0=1.00  s13N1=0.95  s13N2=0.88
