[flat] train=90 layouts  held-out=36 layouts
objc[27270]: Class SDLApplication is implemented in both /Users/linmuyi/miniconda3/envs/llm_gs/lib/python3.9/site-packages/pygame/.dylibs/libSDL2-2.0.0.dylib (0x118e6d2c8) and /Users/linmuyi/miniconda3/envs/llm_gs/lib/python3.9/site-packages/cv2/.dylibs/libSDL2-2.0.0.dylib (0x162424890). This may cause spurious casting failures and mysterious crashes. One of the duplicates must be removed or renamed.
objc[27270]: Class SDLAppDelegate is implemented in both /Users/linmuyi/miniconda3/envs/llm_gs/lib/python3.9/site-packages/pygame/.dylibs/libSDL2-2.0.0.dylib (0x118e6d318) and /Users/linmuyi/miniconda3/envs/llm_gs/lib/python3.9/site-packages/cv2/.dylibs/libSDL2-2.0.0.dylib (0x1624248e0). This may cause spurious casting failures and mysterious crashes. One of the duplicates must be removed or renamed.
objc[27270]: Class SDLTranslatorResponder is implemented in both /Users/linmuyi/miniconda3/envs/llm_gs/lib/python3.9/site-packages/pygame/.dylibs/libSDL2-2.0.0.dylib (0x118e6d390) and /Users/linmuyi/miniconda3/envs/llm_gs/lib/python3.9/site-packages/cv2/.dylibs/libSDL2-2.0.0.dylib (0x162424958). This may cause spurious casting failures and mysterious crashes. One of the duplicates must be removed or renamed.
objc[27270]: Class SDLMessageBoxPresenter is implemented in both /Users/linmuyi/miniconda3/envs/llm_gs/lib/python3.9/site-packages/pygame/.dylibs/libSDL2-2.0.0.dylib (0x118e6d3b8) and /Users/linmuyi/miniconda3/envs/llm_gs/lib/python3.9/site-packages/cv2/.dylibs/libSDL2-2.0.0.dylib (0x162424980). This may cause spurious casting failures and mysterious crashes. One of the duplicates must be removed or renamed.
objc[27270]: Class SDL_cocoametalview is implemented in both /Users/linmuyi/miniconda3/envs/llm_gs/lib/python3.9/site-packages/pygame/.dylibs/libSDL2-2.0.0.dylib (0x118e6d408) and /Users/linmuyi/miniconda3/envs/llm_gs/lib/python3.9/site-packages/cv2/.dylibs/libSDL2-2.0.0.dylib (0x1624249d0). This may cause spurious casting failures and mysterious crashes. One of the duplicates must be removed or renamed.
objc[27270]: Class SDLOpenGLContext is implemented in both /Users/linmuyi/miniconda3/envs/llm_gs/lib/python3.9/site-packages/pygame/.dylibs/libSDL2-2.0.0.dylib (0x118e6d458) and /Users/linmuyi/miniconda3/envs/llm_gs/lib/python3.9/site-packages/cv2/.dylibs/libSDL2-2.0.0.dylib (0x162424a20). This may cause spurious casting failures and mysterious crashes. One of the duplicates must be removed or renamed.
objc[27270]: Class SDL_ShapeData is implemented in both /Users/linmuyi/miniconda3/envs/llm_gs/lib/python3.9/site-packages/pygame/.dylibs/libSDL2-2.0.0.dylib (0x118e6d4d0) and /Users/linmuyi/miniconda3/envs/llm_gs/lib/python3.9/site-packages/cv2/.dylibs/libSDL2-2.0.0.dylib (0x162424a98). This may cause spurious casting failures and mysterious crashes. One of the duplicates must be removed or renamed.
objc[27270]: Class SDL_CocoaClosure is implemented in both /Users/linmuyi/miniconda3/envs/llm_gs/lib/python3.9/site-packages/pygame/.dylibs/libSDL2-2.0.0.dylib (0x118e6d520) and /Users/linmuyi/miniconda3/envs/llm_gs/lib/python3.9/site-packages/cv2/.dylibs/libSDL2-2.0.0.dylib (0x162424ae8). This may cause spurious casting failures and mysterious crashes. One of the duplicates must be removed or renamed.
objc[27270]: Class SDL_VideoData is implemented in both /Users/linmuyi/miniconda3/envs/llm_gs/lib/python3.9/site-packages/pygame/.dylibs/libSDL2-2.0.0.dylib (0x118e6d570) and /Users/linmuyi/miniconda3/envs/llm_gs/lib/python3.9/site-packages/cv2/.dylibs/libSDL2-2.0.0.dylib (0x162424b38). This may cause spurious casting failures and mysterious crashes. One of the duplicates must be removed or renamed.
objc[27270]: Class SDL_WindowData is implemented in both /Users/linmuyi/miniconda3/envs/llm_gs/lib/python3.9/site-packages/pygame/.dylibs/libSDL2-2.0.0.dylib (0x118e6d5c0) and /Users/linmuyi/miniconda3/envs/llm_gs/lib/python3.9/site-packages/cv2/.dylibs/libSDL2-2.0.0.dylib (0x162424b88). This may cause spurious casting failures and mysterious crashes. One of the duplicates must be removed or renamed.
objc[27270]: Class SDLWindow is implemented in both /Users/linmuyi/miniconda3/envs/llm_gs/lib/python3.9/site-packages/pygame/.dylibs/libSDL2-2.0.0.dylib (0x118e6d5e8) and /Users/linmuyi/miniconda3/envs/llm_gs/lib/python3.9/site-packages/cv2/.dylibs/libSDL2-2.0.0.dylib (0x162424bb0). This may cause spurious casting failures and mysterious crashes. One of the duplicates must be removed or renamed.
objc[27270]: Class Cocoa_WindowListener is implemented in both /Users/linmuyi/miniconda3/envs/llm_gs/lib/python3.9/site-packages/pygame/.dylibs/libSDL2-2.0.0.dylib (0x118e6d610) and /Users/linmuyi/miniconda3/envs/llm_gs/lib/python3.9/site-packages/cv2/.dylibs/libSDL2-2.0.0.dylib (0x162424bd8). This may cause spurious casting failures and mysterious crashes. One of the duplicates must be removed or renamed.
objc[27270]: Class SDLView is implemented in both /Users/linmuyi/miniconda3/envs/llm_gs/lib/python3.9/site-packages/pygame/.dylibs/libSDL2-2.0.0.dylib (0x118e6d688) and /Users/linmuyi/miniconda3/envs/llm_gs/lib/python3.9/site-packages/cv2/.dylibs/libSDL2-2.0.0.dylib (0x162424c50). This may cause spurious casting failures and mysterious crashes. One of the duplicates must be removed or renamed.
objc[27270]: Class METAL_RenderData is implemented in both /Users/linmuyi/miniconda3/envs/llm_gs/lib/python3.9/site-packages/pygame/.dylibs/libSDL2-2.0.0.dylib (0x118e6d700) and /Users/linmuyi/miniconda3/envs/llm_gs/lib/python3.9/site-packages/cv2/.dylibs/libSDL2-2.0.0.dylib (0x162424cc8). This may cause spurious casting failures and mysterious crashes. One of the duplicates must be removed or renamed.
objc[27270]: Class METAL_TextureData is implemented in both /Users/linmuyi/miniconda3/envs/llm_gs/lib/python3.9/site-packages/pygame/.dylibs/libSDL2-2.0.0.dylib (0x118e6d750) and /Users/linmuyi/miniconda3/envs/llm_gs/lib/python3.9/site-packages/cv2/.dylibs/libSDL2-2.0.0.dylib (0x162424d18). This may cause spurious casting failures and mysterious crashes. One of the duplicates must be removed or renamed.
objc[27270]: Class SDL_RumbleMotor is implemented in both /Users/linmuyi/miniconda3/envs/llm_gs/lib/python3.9/site-packages/pygame/.dylibs/libSDL2-2.0.0.dylib (0x118e6d778) and /Users/linmuyi/miniconda3/envs/llm_gs/lib/python3.9/site-packages/cv2/.dylibs/libSDL2-2.0.0.dylib (0x162424d40). This may cause spurious casting failures and mysterious crashes. One of the duplicates must be removed or renamed.
objc[27270]: Class SDL_RumbleContext is implemented in both /Users/linmuyi/miniconda3/envs/llm_gs/lib/python3.9/site-packages/pygame/.dylibs/libSDL2-2.0.0.dylib (0x118e6d7c8) and /Users/linmuyi/miniconda3/envs/llm_gs/lib/python3.9/site-packages/cv2/.dylibs/libSDL2-2.0.0.dylib (0x162424d90). This may cause spurious casting failures and mysterious crashes. One of the duplicates must be removed or renamed.
[flat] 1500000 steps, 30 checkpoints, flat (no curriculum)

  steps=  50000  held=0.64  gate=0.64  bins=3/3  active= 90  (44952s)
  steps= 100000  held=0.90  gate=0.90  bins=3/3  active= 90  (45029s)
  steps= 150000  held=0.85  gate=0.85  bins=3/3  active= 90  (45102s)
  steps= 200000  held=0.90  gate=0.90  bins=3/3  active= 90  (45176s)
  steps= 250000  held=0.97  gate=0.97  bins=3/3  active= 90  (45245s)
  steps= 300000  held=0.97  gate=0.97  bins=3/3  active= 90  (45314s)
  steps= 350000  held=0.94  gate=0.94  bins=3/3  active= 90  (45392s)
  steps= 400000  held=0.95  gate=0.95  bins=3/3  active= 90  (45463s)
  steps= 450000  held=0.96  gate=0.96  bins=3/3  active= 90  (45532s)
  steps= 500000  held=0.97  gate=0.97  bins=3/3  active= 90  (45617s)
  steps= 550000  held=0.96  gate=0.96  bins=3/3  active= 90  (45794s)
  steps= 600000  held=0.94  gate=0.94  bins=3/3  active= 90  (45964s)
