[flat] train=90 layouts  held-out=36 layouts
objc[3773]: Class SDLApplication is implemented in both /Users/linmuyi/miniconda3/envs/llm_gs/lib/python3.9/site-packages/pygame/.dylibs/libSDL2-2.0.0.dylib (0x11d3612c8) and /Users/linmuyi/miniconda3/envs/llm_gs/lib/python3.9/site-packages/cv2/.dylibs/libSDL2-2.0.0.dylib (0x31a5a8890). This may cause spurious casting failures and mysterious crashes. One of the duplicates must be removed or renamed.
objc[3773]: Class SDLAppDelegate is implemented in both /Users/linmuyi/miniconda3/envs/llm_gs/lib/python3.9/site-packages/pygame/.dylibs/libSDL2-2.0.0.dylib (0x11d361318) and /Users/linmuyi/miniconda3/envs/llm_gs/lib/python3.9/site-packages/cv2/.dylibs/libSDL2-2.0.0.dylib (0x31a5a88e0). This may cause spurious casting failures and mysterious crashes. One of the duplicates must be removed or renamed.
objc[3773]: Class SDLTranslatorResponder is implemented in both /Users/linmuyi/miniconda3/envs/llm_gs/lib/python3.9/site-packages/pygame/.dylibs/libSDL2-2.0.0.dylib (0x11d361390) and /Users/linmuyi/miniconda3/envs/llm_gs/lib/python3.9/site-packages/cv2/.dylibs/libSDL2-2.0.0.dylib (0x31a5a8958). This may cause spurious casting failures and mysterious crashes. One of the duplicates must be removed or renamed.
objc[3773]: Class SDLMessageBoxPresenter is implemented in both /Users/linmuyi/miniconda3/envs/llm_gs/lib/python3.9/site-packages/pygame/.dylibs/libSDL2-2.0.0.dylib (0x11d3613b8) and /Users/linmuyi/miniconda3/envs/llm_gs/lib/python3.9/site-packages/cv2/.dylibs/libSDL2-2.0.0.dylib (0x31a5a8980). This may cause spurious casting failures and mysterious crashes. One of the duplicates must be removed or renamed.
objc[3773]: Class SDL_cocoametalview is implemented in both /Users/linmuyi/miniconda3/envs/llm_gs/lib/python3.9/site-packages/pygame/.dylibs/libSDL2-2.0.0.dylib (0x11d361408) and /Users/linmuyi/miniconda3/envs/llm_gs/lib/python3.9/site-packages/cv2/.dylibs/libSDL2-2.0.0.dylib (0x31a5a89d0). This may cause spurious casting failures and mysterious crashes. One of the duplicates must be removed or renamed.
objc[3773]: Class SDLOpenGLContext is implemented in both /Users/linmuyi/miniconda3/envs/llm_gs/lib/python3.9/site-packages/pygame/.dylibs/libSDL2-2.0.0.dylib (0x11d361458) and /Users/linmuyi/miniconda3/envs/llm_gs/lib/python3.9/site-packages/cv2/.dylibs/libSDL2-2.0.0.dylib (0x31a5a8a20). This may cause spurious casting failures and mysterious crashes. One of the duplicates must be removed or renamed.
objc[3773]: Class SDL_ShapeData is implemented in both /Users/linmuyi/miniconda3/envs/llm_gs/lib/python3.9/site-packages/pygame/.dylibs/libSDL2-2.0.0.dylib (0x11d3614d0) and /Users/linmuyi/miniconda3/envs/llm_gs/lib/python3.9/site-packages/cv2/.dylibs/libSDL2-2.0.0.dylib (0x31a5a8a98). This may cause spurious casting failures and mysterious crashes. One of the duplicates must be removed or renamed.
objc[3773]: Class SDL_CocoaClosure is implemented in both /Users/linmuyi/miniconda3/envs/llm_gs/lib/python3.9/site-packages/pygame/.dylibs/libSDL2-2.0.0.dylib (0x11d361520) and /Users/linmuyi/miniconda3/envs/llm_gs/lib/python3.9/site-packages/cv2/.dylibs/libSDL2-2.0.0.dylib (0x31a5a8ae8). This may cause spurious casting failures and mysterious crashes. One of the duplicates must be removed or renamed.
objc[3773]: Class SDL_VideoData is implemented in both /Users/linmuyi/miniconda3/envs/llm_gs/lib/python3.9/site-packages/pygame/.dylibs/libSDL2-2.0.0.dylib (0x11d361570) and /Users/linmuyi/miniconda3/envs/llm_gs/lib/python3.9/site-packages/cv2/.dylibs/libSDL2-2.0.0.dylib (0x31a5a8b38). This may cause spurious casting failures and mysterious crashes. One of the duplicates must be removed or renamed.
objc[3773]: Class SDL_WindowData is implemented in both /Users/linmuyi/miniconda3/envs/llm_gs/lib/python3.9/site-packages/pygame/.dylibs/libSDL2-2.0.0.dylib (0x11d3615c0) and /Users/linmuyi/miniconda3/envs/llm_gs/lib/python3.9/site-packages/cv2/.dylibs/libSDL2-2.0.0.dylib (0x31a5a8b88). This may cause spurious casting failures and mysterious crashes. One of the duplicates must be removed or renamed.
objc[3773]: Class SDLWindow is implemented in both /Users/linmuyi/miniconda3/envs/llm_gs/lib/python3.9/site-packages/pygame/.dylibs/libSDL2-2.0.0.dylib (0x11d3615e8) and /Users/linmuyi/miniconda3/envs/llm_gs/lib/python3.9/site-packages/cv2/.dylibs/libSDL2-2.0.0.dylib (0x31a5a8bb0). This may cause spurious casting failures and mysterious crashes. One of the duplicates must be removed or renamed.
objc[3773]: Class Cocoa_WindowListener is implemented in both /Users/linmuyi/miniconda3/envs/llm_gs/lib/python3.9/site-packages/pygame/.dylibs/libSDL2-2.0.0.dylib (0x11d361610) and /Users/linmuyi/miniconda3/envs/llm_gs/lib/python3.9/site-packages/cv2/.dylibs/libSDL2-2.0.0.dylib (0x31a5a8bd8). This may cause spurious casting failures and mysterious crashes. One of the duplicates must be removed or renamed.
objc[3773]: Class SDLView is implemented in both /Users/linmuyi/miniconda3/envs/llm_gs/lib/python3.9/site-packages/pygame/.dylibs/libSDL2-2.0.0.dylib (0x11d361688) and /Users/linmuyi/miniconda3/envs/llm_gs/lib/python3.9/site-packages/cv2/.dylibs/libSDL2-2.0.0.dylib (0x31a5a8c50). This may cause spurious casting failures and mysterious crashes. One of the duplicates must be removed or renamed.
objc[3773]: Class METAL_RenderData is implemented in both /Users/linmuyi/miniconda3/envs/llm_gs/lib/python3.9/site-packages/pygame/.dylibs/libSDL2-2.0.0.dylib (0x11d361700) and /Users/linmuyi/miniconda3/envs/llm_gs/lib/python3.9/site-packages/cv2/.dylibs/libSDL2-2.0.0.dylib (0x31a5a8cc8). This may cause spurious casting failures and mysterious crashes. One of the duplicates must be removed or renamed.
objc[3773]: Class METAL_TextureData is implemented in both /Users/linmuyi/miniconda3/envs/llm_gs/lib/python3.9/site-packages/pygame/.dylibs/libSDL2-2.0.0.dylib (0x11d361750) and /Users/linmuyi/miniconda3/envs/llm_gs/lib/python3.9/site-packages/cv2/.dylibs/libSDL2-2.0.0.dylib (0x31a5a8d18). This may cause spurious casting failures and mysterious crashes. One of the duplicates must be removed or renamed.
objc[3773]: Class SDL_RumbleMotor is implemented in both /Users/linmuyi/miniconda3/envs/llm_gs/lib/python3.9/site-packages/pygame/.dylibs/libSDL2-2.0.0.dylib (0x11d361778) and /Users/linmuyi/miniconda3/envs/llm_gs/lib/python3.9/site-packages/cv2/.dylibs/libSDL2-2.0.0.dylib (0x31a5a8d40). This may cause spurious casting failures and mysterious crashes. One of the duplicates must be removed or renamed.
objc[3773]: Class SDL_RumbleContext is implemented in both /Users/linmuyi/miniconda3/envs/llm_gs/lib/python3.9/site-packages/pygame/.dylibs/libSDL2-2.0.0.dylib (0x11d3617c8) and /Users/linmuyi/miniconda3/envs/llm_gs/lib/python3.9/site-packages/cv2/.dylibs/libSDL2-2.0.0.dylib (0x31a5a8d90). This may cause spurious casting failures and mysterious crashes. One of the duplicates must be removed or renamed.
[flat] 1500000 steps, 30 checkpoints, flat (no curriculum)

  steps=  50000  held=0.59  gate=0.59  bins=3/3  active= 90  (105s)
  steps= 100000  held=0.79  gate=0.79  bins=3/3  active= 90  (246s)
  steps= 150000  held=0.87  gate=0.87  bins=3/3  active= 90  (390s)
  steps= 200000  held=0.83  gate=0.83  bins=3/3  active= 90  (487s)
  steps= 250000  held=0.83  gate=0.83  bins=3/3  active= 90  (561s)
  steps= 300000  held=0.85  gate=0.85  bins=3/3  active= 90  (600s)
  steps= 350000  held=0.72  gate=0.72  bins=3/3  active= 90  (646s)
  steps= 400000  held=0.58  gate=0.58  bins=3/3  active= 90  (757s)
  steps= 450000  held=0.81  gate=0.81  bins=3/3  active= 90  (867s)
  steps= 500000  held=0.89  gate=0.89  bins=3/3  active= 90  (938s)
  steps= 550000  held=0.83  gate=0.83  bins=3/3  active= 90  (976s)
  steps= 600000  held=0.92  gate=0.92  bins=3/3  active= 90  (1013s)
  steps= 650000  held=0.93  gate=0.93  bins=3/3  active= 90  (1048s)
  steps= 700000  held=0.94  gate=0.94  bins=3/3  active= 90  (1084s)
  steps= 750000  held=0.86  gate=0.86  bins=3/3  active= 90  (1121s)
  steps= 800000  held=0.90  gate=0.90  bins=3/3  active= 90  (1156s)
  steps= 850000  held=0.93  gate=0.93  bins=3/3  active= 90  (1190s)
  steps= 900000  held=0.95  gate=0.95  bins=3/3  active= 90  (1223s)
  steps= 950000  held=0.92  gate=0.92  bins=3/3  active= 90  (1258s)
  steps=1000000  held=0.93  gate=0.93  bins=3/3  active= 90  (1292s)
  steps=1050000  held=0.92  gate=0.92  bins=3/3  active= 90  (1326s)
  steps=1100000  held=0.94  gate=0.94  bins=3/3  active= 90  (1359s)
  steps=1150000  held=0.95  gate=0.95  bins=3/3  active= 90  (1391s)
  steps=1200000  held=0.92  gate=0.92  bins=3/3  active= 90  (1424s)
  steps=1250000  held=0.94  gate=0.94  bins=3/3  active= 90  (1457s)
  steps=1300000  held=0.99  gate=0.99  bins=3/3  active= 90  (1488s)
  steps=1350000  held=0.96  gate=0.96  bins=3/3  active= 90  (1520s)
  steps=1400000  held=0.94  gate=0.94  bins=3/3  active= 90  (1551s)
  steps=1450000  held=0.95  gate=0.95  bins=3/3  active= 90  (1582s)
  steps=1500000  held=0.90  gate=0.90  bins=3/3  active= 90  (1614s)

[flat] DONE  final held=0.90  steps_to_0.3=50,000  wall=1614s  -> flat_seed0.json
[flat] per-cell held: s15N0=1.00  s15N1=0.92  s15N2=0.72
