[flat] train=90 layouts  held-out=36 layouts
objc[46779]: Class SDLApplication is implemented in both /Users/linmuyi/miniconda3/envs/llm_gs/lib/python3.9/site-packages/pygame/.dylibs/libSDL2-2.0.0.dylib (0x109d012c8) and /Users/linmuyi/miniconda3/envs/llm_gs/lib/python3.9/site-packages/cv2/.dylibs/libSDL2-2.0.0.dylib (0x15dcf4890). This may cause spurious casting failures and mysterious crashes. One of the duplicates must be removed or renamed.
objc[46779]: Class SDLAppDelegate is implemented in both /Users/linmuyi/miniconda3/envs/llm_gs/lib/python3.9/site-packages/pygame/.dylibs/libSDL2-2.0.0.dylib (0x109d01318) and /Users/linmuyi/miniconda3/envs/llm_gs/lib/python3.9/site-packages/cv2/.dylibs/libSDL2-2.0.0.dylib (0x15dcf48e0). This may cause spurious casting failures and mysterious crashes. One of the duplicates must be removed or renamed.
objc[46779]: Class SDLTranslatorResponder is implemented in both /Users/linmuyi/miniconda3/envs/llm_gs/lib/python3.9/site-packages/pygame/.dylibs/libSDL2-2.0.0.dylib (0x109d01390) and /Users/linmuyi/miniconda3/envs/llm_gs/lib/python3.9/site-packages/cv2/.dylibs/libSDL2-2.0.0.dylib (0x15dcf4958). This may cause spurious casting failures and mysterious crashes. One of the duplicates must be removed or renamed.
objc[46779]: Class SDLMessageBoxPresenter is implemented in both /Users/linmuyi/miniconda3/envs/llm_gs/lib/python3.9/site-packages/pygame/.dylibs/libSDL2-2.0.0.dylib (0x109d013b8) and /Users/linmuyi/miniconda3/envs/llm_gs/lib/python3.9/site-packages/cv2/.dylibs/libSDL2-2.0.0.dylib (0x15dcf4980). This may cause spurious casting failures and mysterious crashes. One of the duplicates must be removed or renamed.
objc[46779]: Class SDL_cocoametalview is implemented in both /Users/linmuyi/miniconda3/envs/llm_gs/lib/python3.9/site-packages/pygame/.dylibs/libSDL2-2.0.0.dylib (0x109d01408) and /Users/linmuyi/miniconda3/envs/llm_gs/lib/python3.9/site-packages/cv2/.dylibs/libSDL2-2.0.0.dylib (0x15dcf49d0). This may cause spurious casting failures and mysterious crashes. One of the duplicates must be removed or renamed.
objc[46779]: Class SDLOpenGLContext is implemented in both /Users/linmuyi/miniconda3/envs/llm_gs/lib/python3.9/site-packages/pygame/.dylibs/libSDL2-2.0.0.dylib (0x109d01458) and /Users/linmuyi/miniconda3/envs/llm_gs/lib/python3.9/site-packages/cv2/.dylibs/libSDL2-2.0.0.dylib (0x15dcf4a20). This may cause spurious casting failures and mysterious crashes. One of the duplicates must be removed or renamed.
objc[46779]: Class SDL_ShapeData is implemented in both /Users/linmuyi/miniconda3/envs/llm_gs/lib/python3.9/site-packages/pygame/.dylibs/libSDL2-2.0.0.dylib (0x109d014d0) and /Users/linmuyi/miniconda3/envs/llm_gs/lib/python3.9/site-packages/cv2/.dylibs/libSDL2-2.0.0.dylib (0x15dcf4a98). This may cause spurious casting failures and mysterious crashes. One of the duplicates must be removed or renamed.
objc[46779]: Class SDL_CocoaClosure is implemented in both /Users/linmuyi/miniconda3/envs/llm_gs/lib/python3.9/site-packages/pygame/.dylibs/libSDL2-2.0.0.dylib (0x109d01520) and /Users/linmuyi/miniconda3/envs/llm_gs/lib/python3.9/site-packages/cv2/.dylibs/libSDL2-2.0.0.dylib (0x15dcf4ae8). This may cause spurious casting failures and mysterious crashes. One of the duplicates must be removed or renamed.
objc[46779]: Class SDL_VideoData is implemented in both /Users/linmuyi/miniconda3/envs/llm_gs/lib/python3.9/site-packages/pygame/.dylibs/libSDL2-2.0.0.dylib (0x109d01570) and /Users/linmuyi/miniconda3/envs/llm_gs/lib/python3.9/site-packages/cv2/.dylibs/libSDL2-2.0.0.dylib (0x15dcf4b38). This may cause spurious casting failures and mysterious crashes. One of the duplicates must be removed or renamed.
objc[46779]: Class SDL_WindowData is implemented in both /Users/linmuyi/miniconda3/envs/llm_gs/lib/python3.9/site-packages/pygame/.dylibs/libSDL2-2.0.0.dylib (0x109d015c0) and /Users/linmuyi/miniconda3/envs/llm_gs/lib/python3.9/site-packages/cv2/.dylibs/libSDL2-2.0.0.dylib (0x15dcf4b88). This may cause spurious casting failures and mysterious crashes. One of the duplicates must be removed or renamed.
objc[46779]: Class SDLWindow is implemented in both /Users/linmuyi/miniconda3/envs/llm_gs/lib/python3.9/site-packages/pygame/.dylibs/libSDL2-2.0.0.dylib (0x109d015e8) and /Users/linmuyi/miniconda3/envs/llm_gs/lib/python3.9/site-packages/cv2/.dylibs/libSDL2-2.0.0.dylib (0x15dcf4bb0). This may cause spurious casting failures and mysterious crashes. One of the duplicates must be removed or renamed.
objc[46779]: Class Cocoa_WindowListener is implemented in both /Users/linmuyi/miniconda3/envs/llm_gs/lib/python3.9/site-packages/pygame/.dylibs/libSDL2-2.0.0.dylib (0x109d01610) and /Users/linmuyi/miniconda3/envs/llm_gs/lib/python3.9/site-packages/cv2/.dylibs/libSDL2-2.0.0.dylib (0x15dcf4bd8). This may cause spurious casting failures and mysterious crashes. One of the duplicates must be removed or renamed.
objc[46779]: Class SDLView is implemented in both /Users/linmuyi/miniconda3/envs/llm_gs/lib/python3.9/site-packages/pygame/.dylibs/libSDL2-2.0.0.dylib (0x109d01688) and /Users/linmuyi/miniconda3/envs/llm_gs/lib/python3.9/site-packages/cv2/.dylibs/libSDL2-2.0.0.dylib (0x15dcf4c50). This may cause spurious casting failures and mysterious crashes. One of the duplicates must be removed or renamed.
objc[46779]: Class METAL_RenderData is implemented in both /Users/linmuyi/miniconda3/envs/llm_gs/lib/python3.9/site-packages/pygame/.dylibs/libSDL2-2.0.0.dylib (0x109d01700) and /Users/linmuyi/miniconda3/envs/llm_gs/lib/python3.9/site-packages/cv2/.dylibs/libSDL2-2.0.0.dylib (0x15dcf4cc8). This may cause spurious casting failures and mysterious crashes. One of the duplicates must be removed or renamed.
objc[46779]: Class METAL_TextureData is implemented in both /Users/linmuyi/miniconda3/envs/llm_gs/lib/python3.9/site-packages/pygame/.dylibs/libSDL2-2.0.0.dylib (0x109d01750) and /Users/linmuyi/miniconda3/envs/llm_gs/lib/python3.9/site-packages/cv2/.dylibs/libSDL2-2.0.0.dylib (0x15dcf4d18). This may cause spurious casting failures and mysterious crashes. One of the duplicates must be removed or renamed.
objc[46779]: Class SDL_RumbleMotor is implemented in both /Users/linmuyi/miniconda3/envs/llm_gs/lib/python3.9/site-packages/pygame/.dylibs/libSDL2-2.0.0.dylib (0x109d01778) and /Users/linmuyi/miniconda3/envs/llm_gs/lib/python3.9/site-packages/cv2/.dylibs/libSDL2-2.0.0.dylib (0x15dcf4d40). This may cause spurious casting failures and mysterious crashes. One of the duplicates must be removed or renamed.
objc[46779]: Class SDL_RumbleContext is implemented in both /Users/linmuyi/miniconda3/envs/llm_gs/lib/python3.9/site-packages/pygame/.dylibs/libSDL2-2.0.0.dylib (0x109d017c8) and /Users/linmuyi/miniconda3/envs/llm_gs/lib/python3.9/site-packages/cv2/.dylibs/libSDL2-2.0.0.dylib (0x15dcf4d90). This may cause spurious casting failures and mysterious crashes. One of the duplicates must be removed or renamed.
[flat] 1500000 steps, 30 checkpoints, flat (no curriculum)

  steps=  50000  held=0.06  gate=0.06  bins=3/3  active= 90  (42109s)
  steps= 100000  held=0.05  gate=0.05  bins=3/3  active= 90  (42314s)
  steps= 150000  held=0.06  gate=0.06  bins=3/3  active= 90  (42535s)
  steps= 200000  held=0.02  gate=0.02  bins=3/3  active= 90  (42939s)
  steps= 250000  held=0.08  gate=0.08  bins=3/3  active= 90  (43359s)
  steps= 300000  held=0.30  gate=0.30  bins=3/3  active= 90  (43462s)
  steps= 350000  held=0.12  gate=0.12  bins=3/3  active= 90  (43544s)
  steps= 400000  held=0.22  gate=0.22  bins=3/3  active= 90  (43626s)
  steps= 450000  held=0.35  gate=0.35  bins=3/3  active= 90  (43700s)
  steps= 500000  held=0.31  gate=0.31  bins=3/3  active= 90  (43776s)
  steps= 550000  held=0.15  gate=0.15  bins=3/3  active= 90  (43857s)
  steps= 600000  held=0.10  gate=0.10  bins=3/3  active= 90  (43940s)
  steps= 650000  held=0.29  gate=0.29  bins=3/3  active= 90  (44016s)
  steps= 700000  held=0.49  gate=0.49  bins=3/3  active= 90  (44084s)
  steps= 750000  held=0.56  gate=0.56  bins=3/3  active= 90  (44147s)
  steps= 800000  held=0.40  gate=0.40  bins=3/3  active= 90  (44218s)
  steps= 850000  held=0.49  gate=0.49  bins=3/3  active= 90  (44282s)
  steps= 900000  held=0.58  gate=0.58  bins=3/3  active= 90  (44340s)
  steps= 950000  held=0.62  gate=0.62  bins=3/3  active= 90  (44398s)
  steps=1000000  held=0.01  gate=0.01  bins=3/3  active= 90  (44486s)
  steps=1050000  held=0.00  gate=0.00  bins=3/3  active= 90  (44575s)
  steps=1100000  held=0.00  gate=0.00  bins=3/3  active= 90  (44664s)
  steps=1150000  held=0.07  gate=0.07  bins=3/3  active= 90  (44751s)
  steps=1200000  held=0.00  gate=0.00  bins=3/3  active= 90  (44841s)
  steps=1250000  held=0.19  gate=0.19  bins=3/3  active= 90  (44930s)
  steps=1300000  held=0.04  gate=0.04  bins=3/3  active= 90  (45024s)
  steps=1350000  held=0.17  gate=0.17  bins=3/3  active= 90  (45120s)
  steps=1400000  held=0.26  gate=0.26  bins=3/3  active= 90  (45210s)
  steps=1450000  held=0.35  gate=0.35  bins=3/3  active= 90  (45293s)
  steps=1500000  held=0.59  gate=0.59  bins=3/3  active= 90  (45359s)

[flat] DONE  final held=0.59  steps_to_0.3=450,000  wall=45359s  -> flat_seed1.json
[flat] per-cell held: s19N0=0.59
