[wall_count] train=90 layouts  held-out=36 layouts
objc[17672]: Class SDLApplication is implemented in both /Users/linmuyi/miniconda3/envs/llm_gs/lib/python3.9/site-packages/pygame/.dylibs/libSDL2-2.0.0.dylib (0x1075d92c8) and /Users/linmuyi/miniconda3/envs/llm_gs/lib/python3.9/site-packages/cv2/.dylibs/libSDL2-2.0.0.dylib (0x16bca0890). This may cause spurious casting failures and mysterious crashes. One of the duplicates must be removed or renamed.
objc[17672]: Class SDLAppDelegate is implemented in both /Users/linmuyi/miniconda3/envs/llm_gs/lib/python3.9/site-packages/pygame/.dylibs/libSDL2-2.0.0.dylib (0x1075d9318) and /Users/linmuyi/miniconda3/envs/llm_gs/lib/python3.9/site-packages/cv2/.dylibs/libSDL2-2.0.0.dylib (0x16bca08e0). This may cause spurious casting failures and mysterious crashes. One of the duplicates must be removed or renamed.
objc[17672]: Class SDLTranslatorResponder is implemented in both /Users/linmuyi/miniconda3/envs/llm_gs/lib/python3.9/site-packages/pygame/.dylibs/libSDL2-2.0.0.dylib (0x1075d9390) and /Users/linmuyi/miniconda3/envs/llm_gs/lib/python3.9/site-packages/cv2/.dylibs/libSDL2-2.0.0.dylib (0x16bca0958). This may cause spurious casting failures and mysterious crashes. One of the duplicates must be removed or renamed.
objc[17672]: Class SDLMessageBoxPresenter is implemented in both /Users/linmuyi/miniconda3/envs/llm_gs/lib/python3.9/site-packages/pygame/.dylibs/libSDL2-2.0.0.dylib (0x1075d93b8) and /Users/linmuyi/miniconda3/envs/llm_gs/lib/python3.9/site-packages/cv2/.dylibs/libSDL2-2.0.0.dylib (0x16bca0980). This may cause spurious casting failures and mysterious crashes. One of the duplicates must be removed or renamed.
objc[17672]: Class SDL_cocoametalview is implemented in both /Users/linmuyi/miniconda3/envs/llm_gs/lib/python3.9/site-packages/pygame/.dylibs/libSDL2-2.0.0.dylib (0x1075d9408) and /Users/linmuyi/miniconda3/envs/llm_gs/lib/python3.9/site-packages/cv2/.dylibs/libSDL2-2.0.0.dylib (0x16bca09d0). This may cause spurious casting failures and mysterious crashes. One of the duplicates must be removed or renamed.
objc[17672]: Class SDLOpenGLContext is implemented in both /Users/linmuyi/miniconda3/envs/llm_gs/lib/python3.9/site-packages/pygame/.dylibs/libSDL2-2.0.0.dylib (0x1075d9458) and /Users/linmuyi/miniconda3/envs/llm_gs/lib/python3.9/site-packages/cv2/.dylibs/libSDL2-2.0.0.dylib (0x16bca0a20). This may cause spurious casting failures and mysterious crashes. One of the duplicates must be removed or renamed.
objc[17672]: Class SDL_ShapeData is implemented in both /Users/linmuyi/miniconda3/envs/llm_gs/lib/python3.9/site-packages/pygame/.dylibs/libSDL2-2.0.0.dylib (0x1075d94d0) and /Users/linmuyi/miniconda3/envs/llm_gs/lib/python3.9/site-packages/cv2/.dylibs/libSDL2-2.0.0.dylib (0x16bca0a98). This may cause spurious casting failures and mysterious crashes. One of the duplicates must be removed or renamed.
objc[17672]: Class SDL_CocoaClosure is implemented in both /Users/linmuyi/miniconda3/envs/llm_gs/lib/python3.9/site-packages/pygame/.dylibs/libSDL2-2.0.0.dylib (0x1075d9520) and /Users/linmuyi/miniconda3/envs/llm_gs/lib/python3.9/site-packages/cv2/.dylibs/libSDL2-2.0.0.dylib (0x16bca0ae8). This may cause spurious casting failures and mysterious crashes. One of the duplicates must be removed or renamed.
objc[17672]: Class SDL_VideoData is implemented in both /Users/linmuyi/miniconda3/envs/llm_gs/lib/python3.9/site-packages/pygame/.dylibs/libSDL2-2.0.0.dylib (0x1075d9570) and /Users/linmuyi/miniconda3/envs/llm_gs/lib/python3.9/site-packages/cv2/.dylibs/libSDL2-2.0.0.dylib (0x16bca0b38). This may cause spurious casting failures and mysterious crashes. One of the duplicates must be removed or renamed.
objc[17672]: Class SDL_WindowData is implemented in both /Users/linmuyi/miniconda3/envs/llm_gs/lib/python3.9/site-packages/pygame/.dylibs/libSDL2-2.0.0.dylib (0x1075d95c0) and /Users/linmuyi/miniconda3/envs/llm_gs/lib/python3.9/site-packages/cv2/.dylibs/libSDL2-2.0.0.dylib (0x16bca0b88). This may cause spurious casting failures and mysterious crashes. One of the duplicates must be removed or renamed.
objc[17672]: Class SDLWindow is implemented in both /Users/linmuyi/miniconda3/envs/llm_gs/lib/python3.9/site-packages/pygame/.dylibs/libSDL2-2.0.0.dylib (0x1075d95e8) and /Users/linmuyi/miniconda3/envs/llm_gs/lib/python3.9/site-packages/cv2/.dylibs/libSDL2-2.0.0.dylib (0x16bca0bb0). This may cause spurious casting failures and mysterious crashes. One of the duplicates must be removed or renamed.
objc[17672]: Class Cocoa_WindowListener is implemented in both /Users/linmuyi/miniconda3/envs/llm_gs/lib/python3.9/site-packages/pygame/.dylibs/libSDL2-2.0.0.dylib (0x1075d9610) and /Users/linmuyi/miniconda3/envs/llm_gs/lib/python3.9/site-packages/cv2/.dylibs/libSDL2-2.0.0.dylib (0x16bca0bd8). This may cause spurious casting failures and mysterious crashes. One of the duplicates must be removed or renamed.
objc[17672]: Class SDLView is implemented in both /Users/linmuyi/miniconda3/envs/llm_gs/lib/python3.9/site-packages/pygame/.dylibs/libSDL2-2.0.0.dylib (0x1075d9688) and /Users/linmuyi/miniconda3/envs/llm_gs/lib/python3.9/site-packages/cv2/.dylibs/libSDL2-2.0.0.dylib (0x16bca0c50). This may cause spurious casting failures and mysterious crashes. One of the duplicates must be removed or renamed.
objc[17672]: Class METAL_RenderData is implemented in both /Users/linmuyi/miniconda3/envs/llm_gs/lib/python3.9/site-packages/pygame/.dylibs/libSDL2-2.0.0.dylib (0x1075d9700) and /Users/linmuyi/miniconda3/envs/llm_gs/lib/python3.9/site-packages/cv2/.dylibs/libSDL2-2.0.0.dylib (0x16bca0cc8). This may cause spurious casting failures and mysterious crashes. One of the duplicates must be removed or renamed.
objc[17672]: Class METAL_TextureData is implemented in both /Users/linmuyi/miniconda3/envs/llm_gs/lib/python3.9/site-packages/pygame/.dylibs/libSDL2-2.0.0.dylib (0x1075d9750) and /Users/linmuyi/miniconda3/envs/llm_gs/lib/python3.9/site-packages/cv2/.dylibs/libSDL2-2.0.0.dylib (0x16bca0d18). This may cause spurious casting failures and mysterious crashes. One of the duplicates must be removed or renamed.
objc[17672]: Class SDL_RumbleMotor is implemented in both /Users/linmuyi/miniconda3/envs/llm_gs/lib/python3.9/site-packages/pygame/.dylibs/libSDL2-2.0.0.dylib (0x1075d9778) and /Users/linmuyi/miniconda3/envs/llm_gs/lib/python3.9/site-packages/cv2/.dylibs/libSDL2-2.0.0.dylib (0x16bca0d40). This may cause spurious casting failures and mysterious crashes. One of the duplicates must be removed or renamed.
objc[17672]: Class SDL_RumbleContext is implemented in both /Users/linmuyi/miniconda3/envs/llm_gs/lib/python3.9/site-packages/pygame/.dylibs/libSDL2-2.0.0.dylib (0x1075d97c8) and /Users/linmuyi/miniconda3/envs/llm_gs/lib/python3.9/site-packages/cv2/.dylibs/libSDL2-2.0.0.dylib (0x16bca0d90). This may cause spurious casting failures and mysterious crashes. One of the duplicates must be removed or renamed.
[wall_count] 1500000 steps, 30 checkpoints, curriculum

  steps=  50000  held=0.72  gate=0.78  bins=2/3  active= 60  [UNLOCK:gate]  (41555s)
  steps= 100000  held=0.91  gate=0.96  bins=3/3  active= 90  [UNLOCK:gate]  (41672s)
  steps= 150000  held=0.83  gate=0.83  bins=3/3  active= 90  (41776s)
  steps= 200000  held=0.77  gate=0.77  bins=3/3  active= 90  (41878s)
  steps= 250000  held=0.65  gate=0.65  bins=3/3  active= 90  (41987s)
  steps= 300000  held=0.70  gate=0.70  bins=3/3  active= 90  (42084s)
  steps= 350000  held=0.79  gate=0.79  bins=3/3  active= 90  (42173s)
  steps= 400000  held=0.82  gate=0.82  bins=3/3  active= 90  (42256s)
  steps= 450000  held=0.83  gate=0.83  bins=3/3  active= 90  (42332s)
  steps= 500000  held=0.69  gate=0.69  bins=3/3  active= 90  (42420s)
  steps= 550000  held=0.81  gate=0.81  bins=3/3  active= 90  (42500s)
  steps= 600000  held=0.85  gate=0.85  bins=3/3  active= 90  (42576s)
  steps= 650000  held=0.86  gate=0.86  bins=3/3  active= 90  (42647s)
  steps= 700000  held=0.84  gate=0.84  bins=3/3  active= 90  (42718s)
  steps= 750000  held=0.92  gate=0.92  bins=3/3  active= 90  (42781s)
  steps= 800000  held=0.91  gate=0.91  bins=3/3  active= 90  (42840s)
  steps= 850000  held=0.92  gate=0.92  bins=3/3  active= 90  (42898s)
  steps= 900000  held=0.90  gate=0.90  bins=3/3  active= 90  (42959s)
  steps= 950000  held=0.91  gate=0.91  bins=3/3  active= 90  (43023s)
  steps=1000000  held=0.92  gate=0.92  bins=3/3  active= 90  (43088s)
  steps=1050000  held=0.93  gate=0.93  bins=3/3  active= 90  (43154s)
  steps=1100000  held=0.87  gate=0.87  bins=3/3  active= 90  (43227s)
  steps=1150000  held=0.87  gate=0.87  bins=3/3  active= 90  (43300s)
  steps=1200000  held=0.84  gate=0.84  bins=3/3  active= 90  (43375s)
  steps=1250000  held=0.85  gate=0.85  bins=3/3  active= 90  (43450s)
  steps=1300000  held=0.85  gate=0.85  bins=3/3  active= 90  (43520s)
  steps=1350000  held=0.81  gate=0.81  bins=3/3  active= 90  (43597s)
  steps=1400000  held=0.83  gate=0.83  bins=3/3  active= 90  (43671s)
  steps=1450000  held=0.86  gate=0.86  bins=3/3  active= 90  (43742s)
  steps=1500000  held=0.83  gate=0.83  bins=3/3  active= 90  (43816s)

[wall_count] DONE  final held=0.83  steps_to_0.3=50,000  wall=43816s  -> wall_count_seed1.json
[wall_count] per-cell held: s15N0=1.00  s15N1=0.83  s15N2=0.56
