[wall_count] train=90 layouts  held-out=36 layouts
objc[3990]: Class SDLApplication is implemented in both /Users/linmuyi/miniconda3/envs/llm_gs/lib/python3.9/site-packages/pygame/.dylibs/libSDL2-2.0.0.dylib (0x10b94d2c8) and /Users/linmuyi/miniconda3/envs/llm_gs/lib/python3.9/site-packages/cv2/.dylibs/libSDL2-2.0.0.dylib (0x13c80c890). This may cause spurious casting failures and mysterious crashes. One of the duplicates must be removed or renamed.
objc[3990]: Class SDLAppDelegate is implemented in both /Users/linmuyi/miniconda3/envs/llm_gs/lib/python3.9/site-packages/pygame/.dylibs/libSDL2-2.0.0.dylib (0x10b94d318) and /Users/linmuyi/miniconda3/envs/llm_gs/lib/python3.9/site-packages/cv2/.dylibs/libSDL2-2.0.0.dylib (0x13c80c8e0). This may cause spurious casting failures and mysterious crashes. One of the duplicates must be removed or renamed.
objc[3990]: Class SDLTranslatorResponder is implemented in both /Users/linmuyi/miniconda3/envs/llm_gs/lib/python3.9/site-packages/pygame/.dylibs/libSDL2-2.0.0.dylib (0x10b94d390) and /Users/linmuyi/miniconda3/envs/llm_gs/lib/python3.9/site-packages/cv2/.dylibs/libSDL2-2.0.0.dylib (0x13c80c958). This may cause spurious casting failures and mysterious crashes. One of the duplicates must be removed or renamed.
objc[3990]: Class SDLMessageBoxPresenter is implemented in both /Users/linmuyi/miniconda3/envs/llm_gs/lib/python3.9/site-packages/pygame/.dylibs/libSDL2-2.0.0.dylib (0x10b94d3b8) and /Users/linmuyi/miniconda3/envs/llm_gs/lib/python3.9/site-packages/cv2/.dylibs/libSDL2-2.0.0.dylib (0x13c80c980). This may cause spurious casting failures and mysterious crashes. One of the duplicates must be removed or renamed.
objc[3990]: Class SDL_cocoametalview is implemented in both /Users/linmuyi/miniconda3/envs/llm_gs/lib/python3.9/site-packages/pygame/.dylibs/libSDL2-2.0.0.dylib (0x10b94d408) and /Users/linmuyi/miniconda3/envs/llm_gs/lib/python3.9/site-packages/cv2/.dylibs/libSDL2-2.0.0.dylib (0x13c80c9d0). This may cause spurious casting failures and mysterious crashes. One of the duplicates must be removed or renamed.
objc[3990]: Class SDLOpenGLContext is implemented in both /Users/linmuyi/miniconda3/envs/llm_gs/lib/python3.9/site-packages/pygame/.dylibs/libSDL2-2.0.0.dylib (0x10b94d458) and /Users/linmuyi/miniconda3/envs/llm_gs/lib/python3.9/site-packages/cv2/.dylibs/libSDL2-2.0.0.dylib (0x13c80ca20). This may cause spurious casting failures and mysterious crashes. One of the duplicates must be removed or renamed.
objc[3990]: Class SDL_ShapeData is implemented in both /Users/linmuyi/miniconda3/envs/llm_gs/lib/python3.9/site-packages/pygame/.dylibs/libSDL2-2.0.0.dylib (0x10b94d4d0) and /Users/linmuyi/miniconda3/envs/llm_gs/lib/python3.9/site-packages/cv2/.dylibs/libSDL2-2.0.0.dylib (0x13c80ca98). This may cause spurious casting failures and mysterious crashes. One of the duplicates must be removed or renamed.
objc[3990]: Class SDL_CocoaClosure is implemented in both /Users/linmuyi/miniconda3/envs/llm_gs/lib/python3.9/site-packages/pygame/.dylibs/libSDL2-2.0.0.dylib (0x10b94d520) and /Users/linmuyi/miniconda3/envs/llm_gs/lib/python3.9/site-packages/cv2/.dylibs/libSDL2-2.0.0.dylib (0x13c80cae8). This may cause spurious casting failures and mysterious crashes. One of the duplicates must be removed or renamed.
objc[3990]: Class SDL_VideoData is implemented in both /Users/linmuyi/miniconda3/envs/llm_gs/lib/python3.9/site-packages/pygame/.dylibs/libSDL2-2.0.0.dylib (0x10b94d570) and /Users/linmuyi/miniconda3/envs/llm_gs/lib/python3.9/site-packages/cv2/.dylibs/libSDL2-2.0.0.dylib (0x13c80cb38). This may cause spurious casting failures and mysterious crashes. One of the duplicates must be removed or renamed.
objc[3990]: Class SDL_WindowData is implemented in both /Users/linmuyi/miniconda3/envs/llm_gs/lib/python3.9/site-packages/pygame/.dylibs/libSDL2-2.0.0.dylib (0x10b94d5c0) and /Users/linmuyi/miniconda3/envs/llm_gs/lib/python3.9/site-packages/cv2/.dylibs/libSDL2-2.0.0.dylib (0x13c80cb88). This may cause spurious casting failures and mysterious crashes. One of the duplicates must be removed or renamed.
objc[3990]: Class SDLWindow is implemented in both /Users/linmuyi/miniconda3/envs/llm_gs/lib/python3.9/site-packages/pygame/.dylibs/libSDL2-2.0.0.dylib (0x10b94d5e8) and /Users/linmuyi/miniconda3/envs/llm_gs/lib/python3.9/site-packages/cv2/.dylibs/libSDL2-2.0.0.dylib (0x13c80cbb0). This may cause spurious casting failures and mysterious crashes. One of the duplicates must be removed or renamed.
objc[3990]: Class Cocoa_WindowListener is implemented in both /Users/linmuyi/miniconda3/envs/llm_gs/lib/python3.9/site-packages/pygame/.dylibs/libSDL2-2.0.0.dylib (0x10b94d610) and /Users/linmuyi/miniconda3/envs/llm_gs/lib/python3.9/site-packages/cv2/.dylibs/libSDL2-2.0.0.dylib (0x13c80cbd8). This may cause spurious casting failures and mysterious crashes. One of the duplicates must be removed or renamed.
objc[3990]: Class SDLView is implemented in both /Users/linmuyi/miniconda3/envs/llm_gs/lib/python3.9/site-packages/pygame/.dylibs/libSDL2-2.0.0.dylib (0x10b94d688) and /Users/linmuyi/miniconda3/envs/llm_gs/lib/python3.9/site-packages/cv2/.dylibs/libSDL2-2.0.0.dylib (0x13c80cc50). This may cause spurious casting failures and mysterious crashes. One of the duplicates must be removed or renamed.
objc[3990]: Class METAL_RenderData is implemented in both /Users/linmuyi/miniconda3/envs/llm_gs/lib/python3.9/site-packages/pygame/.dylibs/libSDL2-2.0.0.dylib (0x10b94d700) and /Users/linmuyi/miniconda3/envs/llm_gs/lib/python3.9/site-packages/cv2/.dylibs/libSDL2-2.0.0.dylib (0x13c80ccc8). This may cause spurious casting failures and mysterious crashes. One of the duplicates must be removed or renamed.
objc[3990]: Class METAL_TextureData is implemented in both /Users/linmuyi/miniconda3/envs/llm_gs/lib/python3.9/site-packages/pygame/.dylibs/libSDL2-2.0.0.dylib (0x10b94d750) and /Users/linmuyi/miniconda3/envs/llm_gs/lib/python3.9/site-packages/cv2/.dylibs/libSDL2-2.0.0.dylib (0x13c80cd18). This may cause spurious casting failures and mysterious crashes. One of the duplicates must be removed or renamed.
objc[3990]: Class SDL_RumbleMotor is implemented in both /Users/linmuyi/miniconda3/envs/llm_gs/lib/python3.9/site-packages/pygame/.dylibs/libSDL2-2.0.0.dylib (0x10b94d778) and /Users/linmuyi/miniconda3/envs/llm_gs/lib/python3.9/site-packages/cv2/.dylibs/libSDL2-2.0.0.dylib (0x13c80cd40). This may cause spurious casting failures and mysterious crashes. One of the duplicates must be removed or renamed.
objc[3990]: Class SDL_RumbleContext is implemented in both /Users/linmuyi/miniconda3/envs/llm_gs/lib/python3.9/site-packages/pygame/.dylibs/libSDL2-2.0.0.dylib (0x10b94d7c8) and /Users/linmuyi/miniconda3/envs/llm_gs/lib/python3.9/site-packages/cv2/.dylibs/libSDL2-2.0.0.dylib (0x13c80cd90). This may cause spurious casting failures and mysterious crashes. One of the duplicates must be removed or renamed.
[wall_count] 1500000 steps, 30 checkpoints, curriculum

  steps=  50000  held=0.82  gate=0.78  bins=2/3  active= 60  [UNLOCK:gate]  (99s)
  steps= 100000  held=0.90  gate=0.90  bins=3/3  active= 90  [UNLOCK:gate]  (221s)
  steps= 150000  held=0.89  gate=0.89  bins=3/3  active= 90  (350s)
  steps= 200000  held=0.88  gate=0.88  bins=3/3  active= 90  (438s)
  steps= 250000  held=0.74  gate=0.74  bins=3/3  active= 90  (519s)
  steps= 300000  held=0.83  gate=0.83  bins=3/3  active= 90  (568s)
  steps= 350000  held=0.92  gate=0.92  bins=3/3  active= 90  (600s)
  steps= 400000  held=0.94  gate=0.94  bins=3/3  active= 90  (641s)
  steps= 450000  held=0.94  gate=0.94  bins=3/3  active= 90  (729s)
  steps= 500000  held=0.97  gate=0.97  bins=3/3  active= 90  (785s)
  steps= 550000  held=0.93  gate=0.93  bins=3/3  active= 90  (898s)
  steps= 600000  held=0.92  gate=0.92  bins=3/3  active= 90  (935s)
  steps= 650000  held=0.89  gate=0.89  bins=3/3  active= 90  (967s)
  steps= 700000  held=0.90  gate=0.90  bins=3/3  active= 90  (1000s)
  steps= 750000  held=0.91  gate=0.91  bins=3/3  active= 90  (1032s)
  steps= 800000  held=0.95  gate=0.95  bins=3/3  active= 90  (1063s)
  steps= 850000  held=0.88  gate=0.88  bins=3/3  active= 90  (1096s)
  steps= 900000  held=0.91  gate=0.91  bins=3/3  active= 90  (1128s)
  steps= 950000  held=0.92  gate=0.92  bins=3/3  active= 90  (1160s)
  steps=1000000  held=0.94  gate=0.94  bins=3/3  active= 90  (1191s)
  steps=1050000  held=0.94  gate=0.94  bins=3/3  active= 90  (1223s)
  steps=1100000  held=0.94  gate=0.94  bins=3/3  active= 90  (1255s)
  steps=1150000  held=1.00  gate=1.00  bins=3/3  active= 90  (1284s)
  steps=1200000  held=0.90  gate=0.90  bins=3/3  active= 90  (1317s)
  steps=1250000  held=0.94  gate=0.94  bins=3/3  active= 90  (1348s)
  steps=1300000  held=0.86  gate=0.86  bins=3/3  active= 90  (1382s)
  steps=1350000  held=0.94  gate=0.94  bins=3/3  active= 90  (1413s)
  steps=1400000  held=0.94  gate=0.94  bins=3/3  active= 90  (1444s)
  steps=1450000  held=0.97  gate=0.97  bins=3/3  active= 90  (1475s)
  steps=1500000  held=0.94  gate=0.94  bins=3/3  active= 90  (1505s)

[wall_count] DONE  final held=0.94  steps_to_0.3=50,000  wall=1505s  -> wall_count_seed1.json
[wall_count] per-cell held: s13N0=1.00  s13N1=1.00  s13N2=0.75
