[flat] train=90 layouts  held-out=36 layouts
objc[3963]: Class SDLApplication is implemented in both /Users/linmuyi/miniconda3/envs/llm_gs/lib/python3.9/site-packages/pygame/.dylibs/libSDL2-2.0.0.dylib (0x1154612c8) and /Users/linmuyi/miniconda3/envs/llm_gs/lib/python3.9/site-packages/cv2/.dylibs/libSDL2-2.0.0.dylib (0x31b9ac890). This may cause spurious casting failures and mysterious crashes. One of the duplicates must be removed or renamed.
objc[3963]: Class SDLAppDelegate is implemented in both /Users/linmuyi/miniconda3/envs/llm_gs/lib/python3.9/site-packages/pygame/.dylibs/libSDL2-2.0.0.dylib (0x115461318) and /Users/linmuyi/miniconda3/envs/llm_gs/lib/python3.9/site-packages/cv2/.dylibs/libSDL2-2.0.0.dylib (0x31b9ac8e0). This may cause spurious casting failures and mysterious crashes. One of the duplicates must be removed or renamed.
objc[3963]: Class SDLTranslatorResponder is implemented in both /Users/linmuyi/miniconda3/envs/llm_gs/lib/python3.9/site-packages/pygame/.dylibs/libSDL2-2.0.0.dylib (0x115461390) and /Users/linmuyi/miniconda3/envs/llm_gs/lib/python3.9/site-packages/cv2/.dylibs/libSDL2-2.0.0.dylib (0x31b9ac958). This may cause spurious casting failures and mysterious crashes. One of the duplicates must be removed or renamed.
objc[3963]: Class SDLMessageBoxPresenter is implemented in both /Users/linmuyi/miniconda3/envs/llm_gs/lib/python3.9/site-packages/pygame/.dylibs/libSDL2-2.0.0.dylib (0x1154613b8) and /Users/linmuyi/miniconda3/envs/llm_gs/lib/python3.9/site-packages/cv2/.dylibs/libSDL2-2.0.0.dylib (0x31b9ac980). This may cause spurious casting failures and mysterious crashes. One of the duplicates must be removed or renamed.
objc[3963]: Class SDL_cocoametalview is implemented in both /Users/linmuyi/miniconda3/envs/llm_gs/lib/python3.9/site-packages/pygame/.dylibs/libSDL2-2.0.0.dylib (0x115461408) and /Users/linmuyi/miniconda3/envs/llm_gs/lib/python3.9/site-packages/cv2/.dylibs/libSDL2-2.0.0.dylib (0x31b9ac9d0). This may cause spurious casting failures and mysterious crashes. One of the duplicates must be removed or renamed.
objc[3963]: Class SDLOpenGLContext is implemented in both /Users/linmuyi/miniconda3/envs/llm_gs/lib/python3.9/site-packages/pygame/.dylibs/libSDL2-2.0.0.dylib (0x115461458) and /Users/linmuyi/miniconda3/envs/llm_gs/lib/python3.9/site-packages/cv2/.dylibs/libSDL2-2.0.0.dylib (0x31b9aca20). This may cause spurious casting failures and mysterious crashes. One of the duplicates must be removed or renamed.
objc[3963]: Class SDL_ShapeData is implemented in both /Users/linmuyi/miniconda3/envs/llm_gs/lib/python3.9/site-packages/pygame/.dylibs/libSDL2-2.0.0.dylib (0x1154614d0) and /Users/linmuyi/miniconda3/envs/llm_gs/lib/python3.9/site-packages/cv2/.dylibs/libSDL2-2.0.0.dylib (0x31b9aca98). This may cause spurious casting failures and mysterious crashes. One of the duplicates must be removed or renamed.
objc[3963]: Class SDL_CocoaClosure is implemented in both /Users/linmuyi/miniconda3/envs/llm_gs/lib/python3.9/site-packages/pygame/.dylibs/libSDL2-2.0.0.dylib (0x115461520) and /Users/linmuyi/miniconda3/envs/llm_gs/lib/python3.9/site-packages/cv2/.dylibs/libSDL2-2.0.0.dylib (0x31b9acae8). This may cause spurious casting failures and mysterious crashes. One of the duplicates must be removed or renamed.
objc[3963]: Class SDL_VideoData is implemented in both /Users/linmuyi/miniconda3/envs/llm_gs/lib/python3.9/site-packages/pygame/.dylibs/libSDL2-2.0.0.dylib (0x115461570) and /Users/linmuyi/miniconda3/envs/llm_gs/lib/python3.9/site-packages/cv2/.dylibs/libSDL2-2.0.0.dylib (0x31b9acb38). This may cause spurious casting failures and mysterious crashes. One of the duplicates must be removed or renamed.
objc[3963]: Class SDL_WindowData is implemented in both /Users/linmuyi/miniconda3/envs/llm_gs/lib/python3.9/site-packages/pygame/.dylibs/libSDL2-2.0.0.dylib (0x1154615c0) and /Users/linmuyi/miniconda3/envs/llm_gs/lib/python3.9/site-packages/cv2/.dylibs/libSDL2-2.0.0.dylib (0x31b9acb88). This may cause spurious casting failures and mysterious crashes. One of the duplicates must be removed or renamed.
objc[3963]: Class SDLWindow is implemented in both /Users/linmuyi/miniconda3/envs/llm_gs/lib/python3.9/site-packages/pygame/.dylibs/libSDL2-2.0.0.dylib (0x1154615e8) and /Users/linmuyi/miniconda3/envs/llm_gs/lib/python3.9/site-packages/cv2/.dylibs/libSDL2-2.0.0.dylib (0x31b9acbb0). This may cause spurious casting failures and mysterious crashes. One of the duplicates must be removed or renamed.
objc[3963]: Class Cocoa_WindowListener is implemented in both /Users/linmuyi/miniconda3/envs/llm_gs/lib/python3.9/site-packages/pygame/.dylibs/libSDL2-2.0.0.dylib (0x115461610) and /Users/linmuyi/miniconda3/envs/llm_gs/lib/python3.9/site-packages/cv2/.dylibs/libSDL2-2.0.0.dylib (0x31b9acbd8). This may cause spurious casting failures and mysterious crashes. One of the duplicates must be removed or renamed.
objc[3963]: Class SDLView is implemented in both /Users/linmuyi/miniconda3/envs/llm_gs/lib/python3.9/site-packages/pygame/.dylibs/libSDL2-2.0.0.dylib (0x115461688) and /Users/linmuyi/miniconda3/envs/llm_gs/lib/python3.9/site-packages/cv2/.dylibs/libSDL2-2.0.0.dylib (0x31b9acc50). This may cause spurious casting failures and mysterious crashes. One of the duplicates must be removed or renamed.
objc[3963]: Class METAL_RenderData is implemented in both /Users/linmuyi/miniconda3/envs/llm_gs/lib/python3.9/site-packages/pygame/.dylibs/libSDL2-2.0.0.dylib (0x115461700) and /Users/linmuyi/miniconda3/envs/llm_gs/lib/python3.9/site-packages/cv2/.dylibs/libSDL2-2.0.0.dylib (0x31b9accc8). This may cause spurious casting failures and mysterious crashes. One of the duplicates must be removed or renamed.
objc[3963]: Class METAL_TextureData is implemented in both /Users/linmuyi/miniconda3/envs/llm_gs/lib/python3.9/site-packages/pygame/.dylibs/libSDL2-2.0.0.dylib (0x115461750) and /Users/linmuyi/miniconda3/envs/llm_gs/lib/python3.9/site-packages/cv2/.dylibs/libSDL2-2.0.0.dylib (0x31b9acd18). This may cause spurious casting failures and mysterious crashes. One of the duplicates must be removed or renamed.
objc[3963]: Class SDL_RumbleMotor is implemented in both /Users/linmuyi/miniconda3/envs/llm_gs/lib/python3.9/site-packages/pygame/.dylibs/libSDL2-2.0.0.dylib (0x115461778) and /Users/linmuyi/miniconda3/envs/llm_gs/lib/python3.9/site-packages/cv2/.dylibs/libSDL2-2.0.0.dylib (0x31b9acd40). This may cause spurious casting failures and mysterious crashes. One of the duplicates must be removed or renamed.
objc[3963]: Class SDL_RumbleContext is implemented in both /Users/linmuyi/miniconda3/envs/llm_gs/lib/python3.9/site-packages/pygame/.dylibs/libSDL2-2.0.0.dylib (0x1154617c8) and /Users/linmuyi/miniconda3/envs/llm_gs/lib/python3.9/site-packages/cv2/.dylibs/libSDL2-2.0.0.dylib (0x31b9acd90). This may cause spurious casting failures and mysterious crashes. One of the duplicates must be removed or renamed.
[flat] 1500000 steps, 30 checkpoints, flat (no curriculum)

  steps=  50000  held=0.42  gate=0.42  bins=3/3  active= 90  (161s)
  steps= 100000  held=0.66  gate=0.66  bins=3/3  active= 90  (330s)
  steps= 150000  held=0.42  gate=0.42  bins=3/3  active= 90  (494s)
  steps= 200000  held=0.38  gate=0.38  bins=3/3  active= 90  (589s)
  steps= 250000  held=0.73  gate=0.73  bins=3/3  active= 90  (642s)
  steps= 300000  held=0.56  gate=0.56  bins=3/3  active= 90  (763s)
  steps= 350000  held=0.35  gate=0.35  bins=3/3  active= 90  (927s)
  steps= 400000  held=0.51  gate=0.51  bins=3/3  active= 90  (985s)
  steps= 450000  held=0.49  gate=0.49  bins=3/3  active= 90  (1042s)
  steps= 500000  held=0.54  gate=0.54  bins=3/3  active= 90  (1098s)
  steps= 550000  held=0.40  gate=0.40  bins=3/3  active= 90  (1159s)
  steps= 600000  held=0.65  gate=0.65  bins=3/3  active= 90  (1211s)
  steps= 650000  held=0.61  gate=0.61  bins=3/3  active= 90  (1263s)
  steps= 700000  held=0.58  gate=0.58  bins=3/3  active= 90  (1315s)
  steps= 750000  held=0.58  gate=0.58  bins=3/3  active= 90  (1368s)
  steps= 800000  held=0.59  gate=0.59  bins=3/3  active= 90  (1421s)
  steps= 850000  held=0.66  gate=0.66  bins=3/3  active= 90  (1470s)
  steps= 900000  held=0.67  gate=0.67  bins=3/3  active= 90  (1519s)
  steps= 950000  held=0.72  gate=0.72  bins=3/3  active= 90  (1568s)
  steps=1000000  held=0.72  gate=0.72  bins=3/3  active= 90  (1613s)
  steps=1050000  held=0.76  gate=0.76  bins=3/3  active= 90  (1655s)
  steps=1100000  held=0.61  gate=0.61  bins=3/3  active= 90  (1703s)
  steps=1150000  held=0.60  gate=0.60  bins=3/3  active= 90  (1751s)
  steps=1200000  held=0.59  gate=0.59  bins=3/3  active= 90  (1802s)
  steps=1250000  held=0.56  gate=0.56  bins=3/3  active= 90  (1853s)
  steps=1300000  held=0.65  gate=0.65  bins=3/3  active= 90  (1902s)
  steps=1350000  held=0.76  gate=0.76  bins=3/3  active= 90  (1944s)
  steps=1400000  held=0.65  gate=0.65  bins=3/3  active= 90  (1990s)
  steps=1450000  held=0.83  gate=0.83  bins=3/3  active= 90  (2029s)
  steps=1500000  held=0.84  gate=0.84  bins=3/3  active= 90  (2068s)

[flat] DONE  final held=0.84  steps_to_0.3=50,000  wall=2068s  -> flat_seed0.json
[flat] per-cell held: s17N0=0.98  s17N1=0.79  s17N2=0.69
