[wall_count] train=90 layouts  held-out=36 layouts
objc[18012]: Class SDLApplication is implemented in both /Users/linmuyi/miniconda3/envs/llm_gs/lib/python3.9/site-packages/pygame/.dylibs/libSDL2-2.0.0.dylib (0x10a1312c8) and /Users/linmuyi/miniconda3/envs/llm_gs/lib/python3.9/site-packages/cv2/.dylibs/libSDL2-2.0.0.dylib (0x1327d8890). This may cause spurious casting failures and mysterious crashes. One of the duplicates must be removed or renamed.
objc[18012]: Class SDLAppDelegate is implemented in both /Users/linmuyi/miniconda3/envs/llm_gs/lib/python3.9/site-packages/pygame/.dylibs/libSDL2-2.0.0.dylib (0x10a131318) and /Users/linmuyi/miniconda3/envs/llm_gs/lib/python3.9/site-packages/cv2/.dylibs/libSDL2-2.0.0.dylib (0x1327d88e0). This may cause spurious casting failures and mysterious crashes. One of the duplicates must be removed or renamed.
objc[18012]: Class SDLTranslatorResponder is implemented in both /Users/linmuyi/miniconda3/envs/llm_gs/lib/python3.9/site-packages/pygame/.dylibs/libSDL2-2.0.0.dylib (0x10a131390) and /Users/linmuyi/miniconda3/envs/llm_gs/lib/python3.9/site-packages/cv2/.dylibs/libSDL2-2.0.0.dylib (0x1327d8958). This may cause spurious casting failures and mysterious crashes. One of the duplicates must be removed or renamed.
objc[18012]: Class SDLMessageBoxPresenter is implemented in both /Users/linmuyi/miniconda3/envs/llm_gs/lib/python3.9/site-packages/pygame/.dylibs/libSDL2-2.0.0.dylib (0x10a1313b8) and /Users/linmuyi/miniconda3/envs/llm_gs/lib/python3.9/site-packages/cv2/.dylibs/libSDL2-2.0.0.dylib (0x1327d8980). This may cause spurious casting failures and mysterious crashes. One of the duplicates must be removed or renamed.
objc[18012]: Class SDL_cocoametalview is implemented in both /Users/linmuyi/miniconda3/envs/llm_gs/lib/python3.9/site-packages/pygame/.dylibs/libSDL2-2.0.0.dylib (0x10a131408) and /Users/linmuyi/miniconda3/envs/llm_gs/lib/python3.9/site-packages/cv2/.dylibs/libSDL2-2.0.0.dylib (0x1327d89d0). This may cause spurious casting failures and mysterious crashes. One of the duplicates must be removed or renamed.
objc[18012]: Class SDLOpenGLContext is implemented in both /Users/linmuyi/miniconda3/envs/llm_gs/lib/python3.9/site-packages/pygame/.dylibs/libSDL2-2.0.0.dylib (0x10a131458) and /Users/linmuyi/miniconda3/envs/llm_gs/lib/python3.9/site-packages/cv2/.dylibs/libSDL2-2.0.0.dylib (0x1327d8a20). This may cause spurious casting failures and mysterious crashes. One of the duplicates must be removed or renamed.
objc[18012]: Class SDL_ShapeData is implemented in both /Users/linmuyi/miniconda3/envs/llm_gs/lib/python3.9/site-packages/pygame/.dylibs/libSDL2-2.0.0.dylib (0x10a1314d0) and /Users/linmuyi/miniconda3/envs/llm_gs/lib/python3.9/site-packages/cv2/.dylibs/libSDL2-2.0.0.dylib (0x1327d8a98). This may cause spurious casting failures and mysterious crashes. One of the duplicates must be removed or renamed.
objc[18012]: Class SDL_CocoaClosure is implemented in both /Users/linmuyi/miniconda3/envs/llm_gs/lib/python3.9/site-packages/pygame/.dylibs/libSDL2-2.0.0.dylib (0x10a131520) and /Users/linmuyi/miniconda3/envs/llm_gs/lib/python3.9/site-packages/cv2/.dylibs/libSDL2-2.0.0.dylib (0x1327d8ae8). This may cause spurious casting failures and mysterious crashes. One of the duplicates must be removed or renamed.
objc[18012]: Class SDL_VideoData is implemented in both /Users/linmuyi/miniconda3/envs/llm_gs/lib/python3.9/site-packages/pygame/.dylibs/libSDL2-2.0.0.dylib (0x10a131570) and /Users/linmuyi/miniconda3/envs/llm_gs/lib/python3.9/site-packages/cv2/.dylibs/libSDL2-2.0.0.dylib (0x1327d8b38). This may cause spurious casting failures and mysterious crashes. One of the duplicates must be removed or renamed.
objc[18012]: Class SDL_WindowData is implemented in both /Users/linmuyi/miniconda3/envs/llm_gs/lib/python3.9/site-packages/pygame/.dylibs/libSDL2-2.0.0.dylib (0x10a1315c0) and /Users/linmuyi/miniconda3/envs/llm_gs/lib/python3.9/site-packages/cv2/.dylibs/libSDL2-2.0.0.dylib (0x1327d8b88). This may cause spurious casting failures and mysterious crashes. One of the duplicates must be removed or renamed.
objc[18012]: Class SDLWindow is implemented in both /Users/linmuyi/miniconda3/envs/llm_gs/lib/python3.9/site-packages/pygame/.dylibs/libSDL2-2.0.0.dylib (0x10a1315e8) and /Users/linmuyi/miniconda3/envs/llm_gs/lib/python3.9/site-packages/cv2/.dylibs/libSDL2-2.0.0.dylib (0x1327d8bb0). This may cause spurious casting failures and mysterious crashes. One of the duplicates must be removed or renamed.
objc[18012]: Class Cocoa_WindowListener is implemented in both /Users/linmuyi/miniconda3/envs/llm_gs/lib/python3.9/site-packages/pygame/.dylibs/libSDL2-2.0.0.dylib (0x10a131610) and /Users/linmuyi/miniconda3/envs/llm_gs/lib/python3.9/site-packages/cv2/.dylibs/libSDL2-2.0.0.dylib (0x1327d8bd8). This may cause spurious casting failures and mysterious crashes. One of the duplicates must be removed or renamed.
objc[18012]: Class SDLView is implemented in both /Users/linmuyi/miniconda3/envs/llm_gs/lib/python3.9/site-packages/pygame/.dylibs/libSDL2-2.0.0.dylib (0x10a131688) and /Users/linmuyi/miniconda3/envs/llm_gs/lib/python3.9/site-packages/cv2/.dylibs/libSDL2-2.0.0.dylib (0x1327d8c50). This may cause spurious casting failures and mysterious crashes. One of the duplicates must be removed or renamed.
objc[18012]: Class METAL_RenderData is implemented in both /Users/linmuyi/miniconda3/envs/llm_gs/lib/python3.9/site-packages/pygame/.dylibs/libSDL2-2.0.0.dylib (0x10a131700) and /Users/linmuyi/miniconda3/envs/llm_gs/lib/python3.9/site-packages/cv2/.dylibs/libSDL2-2.0.0.dylib (0x1327d8cc8). This may cause spurious casting failures and mysterious crashes. One of the duplicates must be removed or renamed.
objc[18012]: Class METAL_TextureData is implemented in both /Users/linmuyi/miniconda3/envs/llm_gs/lib/python3.9/site-packages/pygame/.dylibs/libSDL2-2.0.0.dylib (0x10a131750) and /Users/linmuyi/miniconda3/envs/llm_gs/lib/python3.9/site-packages/cv2/.dylibs/libSDL2-2.0.0.dylib (0x1327d8d18). This may cause spurious casting failures and mysterious crashes. One of the duplicates must be removed or renamed.
objc[18012]: Class SDL_RumbleMotor is implemented in both /Users/linmuyi/miniconda3/envs/llm_gs/lib/python3.9/site-packages/pygame/.dylibs/libSDL2-2.0.0.dylib (0x10a131778) and /Users/linmuyi/miniconda3/envs/llm_gs/lib/python3.9/site-packages/cv2/.dylibs/libSDL2-2.0.0.dylib (0x1327d8d40). This may cause spurious casting failures and mysterious crashes. One of the duplicates must be removed or renamed.
objc[18012]: Class SDL_RumbleContext is implemented in both /Users/linmuyi/miniconda3/envs/llm_gs/lib/python3.9/site-packages/pygame/.dylibs/libSDL2-2.0.0.dylib (0x10a1317c8) and /Users/linmuyi/miniconda3/envs/llm_gs/lib/python3.9/site-packages/cv2/.dylibs/libSDL2-2.0.0.dylib (0x1327d8d90). This may cause spurious casting failures and mysterious crashes. One of the duplicates must be removed or renamed.
[wall_count] 1500000 steps, 30 checkpoints, curriculum

  steps=  50000  held=0.65  gate=0.92  bins=2/3  active= 60  [UNLOCK:gate]  (41496s)
  steps= 100000  held=0.60  gate=0.85  bins=3/3  active= 90  [UNLOCK:gate]  (41662s)
  steps= 150000  held=0.54  gate=0.54  bins=3/3  active= 90  (41804s)
  steps= 200000  held=0.59  gate=0.59  bins=3/3  active= 90  (41930s)
  steps= 250000  held=0.56  gate=0.56  bins=3/3  active= 90  (42051s)
  steps= 300000  held=0.69  gate=0.69  bins=3/3  active= 90  (42158s)
  steps= 350000  held=0.60  gate=0.60  bins=3/3  active= 90  (42264s)
  steps= 400000  held=0.59  gate=0.59  bins=3/3  active= 90  (42367s)
  steps= 450000  held=0.63  gate=0.63  bins=3/3  active= 90  (42464s)
  steps= 500000  held=0.69  gate=0.69  bins=3/3  active= 90  (42557s)
  steps= 550000  held=0.62  gate=0.62  bins=3/3  active= 90  (42655s)
  steps= 600000  held=0.72  gate=0.72  bins=3/3  active= 90  (42738s)
  steps= 650000  held=0.76  gate=0.76  bins=3/3  active= 90  (42818s)
  steps= 700000  held=0.83  gate=0.83  bins=3/3  active= 90  (42892s)
  steps= 750000  held=0.78  gate=0.78  bins=3/3  active= 90  (42973s)
  steps= 800000  held=0.81  gate=0.81  bins=3/3  active= 90  (43055s)
  steps= 850000  held=0.77  gate=0.77  bins=3/3  active= 90  (43145s)
  steps= 900000  held=0.87  gate=0.87  bins=3/3  active= 90  (43226s)
  steps= 950000  held=0.92  gate=0.92  bins=3/3  active= 90  (43303s)
  steps=1000000  held=0.91  gate=0.91  bins=3/3  active= 90  (43380s)
  steps=1050000  held=0.83  gate=0.83  bins=3/3  active= 90  (43461s)
  steps=1100000  held=0.83  gate=0.83  bins=3/3  active= 90  (43542s)
  steps=1150000  held=0.87  gate=0.87  bins=3/3  active= 90  (43621s)
  steps=1200000  held=0.78  gate=0.78  bins=3/3  active= 90  (43705s)
  steps=1250000  held=0.85  gate=0.85  bins=3/3  active= 90  (43785s)
  steps=1300000  held=0.77  gate=0.77  bins=3/3  active= 90  (43872s)
  steps=1350000  held=0.68  gate=0.68  bins=3/3  active= 90  (43961s)
  steps=1400000  held=0.72  gate=0.72  bins=3/3  active= 90  (44048s)
  steps=1450000  held=0.75  gate=0.75  bins=3/3  active= 90  (44136s)
  steps=1500000  held=0.83  gate=0.83  bins=3/3  active= 90  (44214s)

[wall_count] DONE  final held=0.83  steps_to_0.3=50,000  wall=44214s  -> wall_count_seed1.json
[wall_count] per-cell held: s17N0=0.98  s17N1=0.86  s17N2=0.56
