[wall_count] train=90 layouts  held-out=36 layouts
objc[3948]: Class SDLApplication is implemented in both /Users/linmuyi/miniconda3/envs/llm_gs/lib/python3.9/site-packages/pygame/.dylibs/libSDL2-2.0.0.dylib (0x1074612c8) and /Users/linmuyi/miniconda3/envs/llm_gs/lib/python3.9/site-packages/cv2/.dylibs/libSDL2-2.0.0.dylib (0x154648890). This may cause spurious casting failures and mysterious crashes. One of the duplicates must be removed or renamed.
objc[3948]: Class SDLAppDelegate is implemented in both /Users/linmuyi/miniconda3/envs/llm_gs/lib/python3.9/site-packages/pygame/.dylibs/libSDL2-2.0.0.dylib (0x107461318) and /Users/linmuyi/miniconda3/envs/llm_gs/lib/python3.9/site-packages/cv2/.dylibs/libSDL2-2.0.0.dylib (0x1546488e0). This may cause spurious casting failures and mysterious crashes. One of the duplicates must be removed or renamed.
objc[3948]: Class SDLTranslatorResponder is implemented in both /Users/linmuyi/miniconda3/envs/llm_gs/lib/python3.9/site-packages/pygame/.dylibs/libSDL2-2.0.0.dylib (0x107461390) and /Users/linmuyi/miniconda3/envs/llm_gs/lib/python3.9/site-packages/cv2/.dylibs/libSDL2-2.0.0.dylib (0x154648958). This may cause spurious casting failures and mysterious crashes. One of the duplicates must be removed or renamed.
objc[3948]: Class SDLMessageBoxPresenter is implemented in both /Users/linmuyi/miniconda3/envs/llm_gs/lib/python3.9/site-packages/pygame/.dylibs/libSDL2-2.0.0.dylib (0x1074613b8) and /Users/linmuyi/miniconda3/envs/llm_gs/lib/python3.9/site-packages/cv2/.dylibs/libSDL2-2.0.0.dylib (0x154648980). This may cause spurious casting failures and mysterious crashes. One of the duplicates must be removed or renamed.
objc[3948]: Class SDL_cocoametalview is implemented in both /Users/linmuyi/miniconda3/envs/llm_gs/lib/python3.9/site-packages/pygame/.dylibs/libSDL2-2.0.0.dylib (0x107461408) and /Users/linmuyi/miniconda3/envs/llm_gs/lib/python3.9/site-packages/cv2/.dylibs/libSDL2-2.0.0.dylib (0x1546489d0). This may cause spurious casting failures and mysterious crashes. One of the duplicates must be removed or renamed.
objc[3948]: Class SDLOpenGLContext is implemented in both /Users/linmuyi/miniconda3/envs/llm_gs/lib/python3.9/site-packages/pygame/.dylibs/libSDL2-2.0.0.dylib (0x107461458) and /Users/linmuyi/miniconda3/envs/llm_gs/lib/python3.9/site-packages/cv2/.dylibs/libSDL2-2.0.0.dylib (0x154648a20). This may cause spurious casting failures and mysterious crashes. One of the duplicates must be removed or renamed.
objc[3948]: Class SDL_ShapeData is implemented in both /Users/linmuyi/miniconda3/envs/llm_gs/lib/python3.9/site-packages/pygame/.dylibs/libSDL2-2.0.0.dylib (0x1074614d0) and /Users/linmuyi/miniconda3/envs/llm_gs/lib/python3.9/site-packages/cv2/.dylibs/libSDL2-2.0.0.dylib (0x154648a98). This may cause spurious casting failures and mysterious crashes. One of the duplicates must be removed or renamed.
objc[3948]: Class SDL_CocoaClosure is implemented in both /Users/linmuyi/miniconda3/envs/llm_gs/lib/python3.9/site-packages/pygame/.dylibs/libSDL2-2.0.0.dylib (0x107461520) and /Users/linmuyi/miniconda3/envs/llm_gs/lib/python3.9/site-packages/cv2/.dylibs/libSDL2-2.0.0.dylib (0x154648ae8). This may cause spurious casting failures and mysterious crashes. One of the duplicates must be removed or renamed.
objc[3948]: Class SDL_VideoData is implemented in both /Users/linmuyi/miniconda3/envs/llm_gs/lib/python3.9/site-packages/pygame/.dylibs/libSDL2-2.0.0.dylib (0x107461570) and /Users/linmuyi/miniconda3/envs/llm_gs/lib/python3.9/site-packages/cv2/.dylibs/libSDL2-2.0.0.dylib (0x154648b38). This may cause spurious casting failures and mysterious crashes. One of the duplicates must be removed or renamed.
objc[3948]: Class SDL_WindowData is implemented in both /Users/linmuyi/miniconda3/envs/llm_gs/lib/python3.9/site-packages/pygame/.dylibs/libSDL2-2.0.0.dylib (0x1074615c0) and /Users/linmuyi/miniconda3/envs/llm_gs/lib/python3.9/site-packages/cv2/.dylibs/libSDL2-2.0.0.dylib (0x154648b88). This may cause spurious casting failures and mysterious crashes. One of the duplicates must be removed or renamed.
objc[3948]: Class SDLWindow is implemented in both /Users/linmuyi/miniconda3/envs/llm_gs/lib/python3.9/site-packages/pygame/.dylibs/libSDL2-2.0.0.dylib (0x1074615e8) and /Users/linmuyi/miniconda3/envs/llm_gs/lib/python3.9/site-packages/cv2/.dylibs/libSDL2-2.0.0.dylib (0x154648bb0). This may cause spurious casting failures and mysterious crashes. One of the duplicates must be removed or renamed.
objc[3948]: Class Cocoa_WindowListener is implemented in both /Users/linmuyi/miniconda3/envs/llm_gs/lib/python3.9/site-packages/pygame/.dylibs/libSDL2-2.0.0.dylib (0x107461610) and /Users/linmuyi/miniconda3/envs/llm_gs/lib/python3.9/site-packages/cv2/.dylibs/libSDL2-2.0.0.dylib (0x154648bd8). This may cause spurious casting failures and mysterious crashes. One of the duplicates must be removed or renamed.
objc[3948]: Class SDLView is implemented in both /Users/linmuyi/miniconda3/envs/llm_gs/lib/python3.9/site-packages/pygame/.dylibs/libSDL2-2.0.0.dylib (0x107461688) and /Users/linmuyi/miniconda3/envs/llm_gs/lib/python3.9/site-packages/cv2/.dylibs/libSDL2-2.0.0.dylib (0x154648c50). This may cause spurious casting failures and mysterious crashes. One of the duplicates must be removed or renamed.
objc[3948]: Class METAL_RenderData is implemented in both /Users/linmuyi/miniconda3/envs/llm_gs/lib/python3.9/site-packages/pygame/.dylibs/libSDL2-2.0.0.dylib (0x107461700) and /Users/linmuyi/miniconda3/envs/llm_gs/lib/python3.9/site-packages/cv2/.dylibs/libSDL2-2.0.0.dylib (0x154648cc8). This may cause spurious casting failures and mysterious crashes. One of the duplicates must be removed or renamed.
objc[3948]: Class METAL_TextureData is implemented in both /Users/linmuyi/miniconda3/envs/llm_gs/lib/python3.9/site-packages/pygame/.dylibs/libSDL2-2.0.0.dylib (0x107461750) and /Users/linmuyi/miniconda3/envs/llm_gs/lib/python3.9/site-packages/cv2/.dylibs/libSDL2-2.0.0.dylib (0x154648d18). This may cause spurious casting failures and mysterious crashes. One of the duplicates must be removed or renamed.
objc[3948]: Class SDL_RumbleMotor is implemented in both /Users/linmuyi/miniconda3/envs/llm_gs/lib/python3.9/site-packages/pygame/.dylibs/libSDL2-2.0.0.dylib (0x107461778) and /Users/linmuyi/miniconda3/envs/llm_gs/lib/python3.9/site-packages/cv2/.dylibs/libSDL2-2.0.0.dylib (0x154648d40). This may cause spurious casting failures and mysterious crashes. One of the duplicates must be removed or renamed.
objc[3948]: Class SDL_RumbleContext is implemented in both /Users/linmuyi/miniconda3/envs/llm_gs/lib/python3.9/site-packages/pygame/.dylibs/libSDL2-2.0.0.dylib (0x1074617c8) and /Users/linmuyi/miniconda3/envs/llm_gs/lib/python3.9/site-packages/cv2/.dylibs/libSDL2-2.0.0.dylib (0x154648d90). This may cause spurious casting failures and mysterious crashes. One of the duplicates must be removed or renamed.
[wall_count] 1500000 steps, 30 checkpoints, curriculum

  steps=  50000  held=0.85  gate=0.99  bins=2/3  active= 60  [UNLOCK:gate]  (94s)
  steps= 100000  held=0.76  gate=0.78  bins=3/3  active= 90  [UNLOCK:gate]  (247s)
  steps= 150000  held=0.88  gate=0.88  bins=3/3  active= 90  (393s)
  steps= 200000  held=0.74  gate=0.74  bins=3/3  active= 90  (497s)
  steps= 250000  held=0.73  gate=0.73  bins=3/3  active= 90  (572s)
  steps= 300000  held=0.72  gate=0.72  bins=3/3  active= 90  (617s)
  steps= 350000  held=0.79  gate=0.79  bins=3/3  active= 90  (670s)
  steps= 400000  held=0.75  gate=0.75  bins=3/3  active= 90  (778s)
  steps= 450000  held=0.73  gate=0.73  bins=3/3  active= 90  (915s)
  steps= 500000  held=0.70  gate=0.70  bins=3/3  active= 90  (958s)
  steps= 550000  held=0.76  gate=0.76  bins=3/3  active= 90  (1000s)
  steps= 600000  held=0.56  gate=0.56  bins=3/3  active= 90  (1049s)
  steps= 650000  held=0.62  gate=0.62  bins=3/3  active= 90  (1097s)
  steps= 700000  held=0.56  gate=0.56  bins=3/3  active= 90  (1145s)
  steps= 750000  held=0.26  gate=0.26  bins=3/3  active= 90  (1203s)
  steps= 800000  held=0.70  gate=0.70  bins=3/3  active= 90  (1248s)
  steps= 850000  held=0.78  gate=0.78  bins=3/3  active= 90  (1289s)
  steps= 900000  held=0.82  gate=0.82  bins=3/3  active= 90  (1328s)
  steps= 950000  held=0.78  gate=0.78  bins=3/3  active= 90  (1368s)
  steps=1000000  held=0.90  gate=0.90  bins=3/3  active= 90  (1404s)
  steps=1050000  held=0.86  gate=0.86  bins=3/3  active= 90  (1441s)
  steps=1100000  held=0.87  gate=0.87  bins=3/3  active= 90  (1477s)
  steps=1150000  held=0.85  gate=0.85  bins=3/3  active= 90  (1513s)
  steps=1200000  held=0.89  gate=0.89  bins=3/3  active= 90  (1547s)
  steps=1250000  held=0.92  gate=0.92  bins=3/3  active= 90  (1579s)
  steps=1300000  held=0.86  gate=0.86  bins=3/3  active= 90  (1613s)
  steps=1350000  held=0.93  gate=0.93  bins=3/3  active= 90  (1645s)
  steps=1400000  held=0.86  gate=0.86  bins=3/3  active= 90  (1679s)
  steps=1450000  held=0.85  gate=0.85  bins=3/3  active= 90  (1713s)
  steps=1500000  held=0.83  gate=0.83  bins=3/3  active= 90  (1747s)

[wall_count] DONE  final held=0.83  steps_to_0.3=50,000  wall=1747s  -> wall_count_seed0.json
[wall_count] per-cell held: s15N0=0.95  s15N1=0.90  s15N2=0.53
