[wall_count] train=90 layouts  held-out=36 layouts
objc[27234]: Class SDLApplication is implemented in both /Users/linmuyi/miniconda3/envs/llm_gs/lib/python3.9/site-packages/pygame/.dylibs/libSDL2-2.0.0.dylib (0x103a352c8) and /Users/linmuyi/miniconda3/envs/llm_gs/lib/python3.9/site-packages/cv2/.dylibs/libSDL2-2.0.0.dylib (0x134758890). This may cause spurious casting failures and mysterious crashes. One of the duplicates must be removed or renamed.
objc[27234]: Class SDLAppDelegate is implemented in both /Users/linmuyi/miniconda3/envs/llm_gs/lib/python3.9/site-packages/pygame/.dylibs/libSDL2-2.0.0.dylib (0x103a35318) and /Users/linmuyi/miniconda3/envs/llm_gs/lib/python3.9/site-packages/cv2/.dylibs/libSDL2-2.0.0.dylib (0x1347588e0). This may cause spurious casting failures and mysterious crashes. One of the duplicates must be removed or renamed.
objc[27234]: Class SDLTranslatorResponder is implemented in both /Users/linmuyi/miniconda3/envs/llm_gs/lib/python3.9/site-packages/pygame/.dylibs/libSDL2-2.0.0.dylib (0x103a35390) and /Users/linmuyi/miniconda3/envs/llm_gs/lib/python3.9/site-packages/cv2/.dylibs/libSDL2-2.0.0.dylib (0x134758958). This may cause spurious casting failures and mysterious crashes. One of the duplicates must be removed or renamed.
objc[27234]: Class SDLMessageBoxPresenter is implemented in both /Users/linmuyi/miniconda3/envs/llm_gs/lib/python3.9/site-packages/pygame/.dylibs/libSDL2-2.0.0.dylib (0x103a353b8) and /Users/linmuyi/miniconda3/envs/llm_gs/lib/python3.9/site-packages/cv2/.dylibs/libSDL2-2.0.0.dylib (0x134758980). This may cause spurious casting failures and mysterious crashes. One of the duplicates must be removed or renamed.
objc[27234]: Class SDL_cocoametalview is implemented in both /Users/linmuyi/miniconda3/envs/llm_gs/lib/python3.9/site-packages/pygame/.dylibs/libSDL2-2.0.0.dylib (0x103a35408) and /Users/linmuyi/miniconda3/envs/llm_gs/lib/python3.9/site-packages/cv2/.dylibs/libSDL2-2.0.0.dylib (0x1347589d0). This may cause spurious casting failures and mysterious crashes. One of the duplicates must be removed or renamed.
objc[27234]: Class SDLOpenGLContext is implemented in both /Users/linmuyi/miniconda3/envs/llm_gs/lib/python3.9/site-packages/pygame/.dylibs/libSDL2-2.0.0.dylib (0x103a35458) and /Users/linmuyi/miniconda3/envs/llm_gs/lib/python3.9/site-packages/cv2/.dylibs/libSDL2-2.0.0.dylib (0x134758a20). This may cause spurious casting failures and mysterious crashes. One of the duplicates must be removed or renamed.
objc[27234]: Class SDL_ShapeData is implemented in both /Users/linmuyi/miniconda3/envs/llm_gs/lib/python3.9/site-packages/pygame/.dylibs/libSDL2-2.0.0.dylib (0x103a354d0) and /Users/linmuyi/miniconda3/envs/llm_gs/lib/python3.9/site-packages/cv2/.dylibs/libSDL2-2.0.0.dylib (0x134758a98). This may cause spurious casting failures and mysterious crashes. One of the duplicates must be removed or renamed.
objc[27234]: Class SDL_CocoaClosure is implemented in both /Users/linmuyi/miniconda3/envs/llm_gs/lib/python3.9/site-packages/pygame/.dylibs/libSDL2-2.0.0.dylib (0x103a35520) and /Users/linmuyi/miniconda3/envs/llm_gs/lib/python3.9/site-packages/cv2/.dylibs/libSDL2-2.0.0.dylib (0x134758ae8). This may cause spurious casting failures and mysterious crashes. One of the duplicates must be removed or renamed.
objc[27234]: Class SDL_VideoData is implemented in both /Users/linmuyi/miniconda3/envs/llm_gs/lib/python3.9/site-packages/pygame/.dylibs/libSDL2-2.0.0.dylib (0x103a35570) and /Users/linmuyi/miniconda3/envs/llm_gs/lib/python3.9/site-packages/cv2/.dylibs/libSDL2-2.0.0.dylib (0x134758b38). This may cause spurious casting failures and mysterious crashes. One of the duplicates must be removed or renamed.
objc[27234]: Class SDL_WindowData is implemented in both /Users/linmuyi/miniconda3/envs/llm_gs/lib/python3.9/site-packages/pygame/.dylibs/libSDL2-2.0.0.dylib (0x103a355c0) and /Users/linmuyi/miniconda3/envs/llm_gs/lib/python3.9/site-packages/cv2/.dylibs/libSDL2-2.0.0.dylib (0x134758b88). This may cause spurious casting failures and mysterious crashes. One of the duplicates must be removed or renamed.
objc[27234]: Class SDLWindow is implemented in both /Users/linmuyi/miniconda3/envs/llm_gs/lib/python3.9/site-packages/pygame/.dylibs/libSDL2-2.0.0.dylib (0x103a355e8) and /Users/linmuyi/miniconda3/envs/llm_gs/lib/python3.9/site-packages/cv2/.dylibs/libSDL2-2.0.0.dylib (0x134758bb0). This may cause spurious casting failures and mysterious crashes. One of the duplicates must be removed or renamed.
objc[27234]: Class Cocoa_WindowListener is implemented in both /Users/linmuyi/miniconda3/envs/llm_gs/lib/python3.9/site-packages/pygame/.dylibs/libSDL2-2.0.0.dylib (0x103a35610) and /Users/linmuyi/miniconda3/envs/llm_gs/lib/python3.9/site-packages/cv2/.dylibs/libSDL2-2.0.0.dylib (0x134758bd8). This may cause spurious casting failures and mysterious crashes. One of the duplicates must be removed or renamed.
objc[27234]: Class SDLView is implemented in both /Users/linmuyi/miniconda3/envs/llm_gs/lib/python3.9/site-packages/pygame/.dylibs/libSDL2-2.0.0.dylib (0x103a35688) and /Users/linmuyi/miniconda3/envs/llm_gs/lib/python3.9/site-packages/cv2/.dylibs/libSDL2-2.0.0.dylib (0x134758c50). This may cause spurious casting failures and mysterious crashes. One of the duplicates must be removed or renamed.
objc[27234]: Class METAL_RenderData is implemented in both /Users/linmuyi/miniconda3/envs/llm_gs/lib/python3.9/site-packages/pygame/.dylibs/libSDL2-2.0.0.dylib (0x103a35700) and /Users/linmuyi/miniconda3/envs/llm_gs/lib/python3.9/site-packages/cv2/.dylibs/libSDL2-2.0.0.dylib (0x134758cc8). This may cause spurious casting failures and mysterious crashes. One of the duplicates must be removed or renamed.
objc[27234]: Class METAL_TextureData is implemented in both /Users/linmuyi/miniconda3/envs/llm_gs/lib/python3.9/site-packages/pygame/.dylibs/libSDL2-2.0.0.dylib (0x103a35750) and /Users/linmuyi/miniconda3/envs/llm_gs/lib/python3.9/site-packages/cv2/.dylibs/libSDL2-2.0.0.dylib (0x134758d18). This may cause spurious casting failures and mysterious crashes. One of the duplicates must be removed or renamed.
objc[27234]: Class SDL_RumbleMotor is implemented in both /Users/linmuyi/miniconda3/envs/llm_gs/lib/python3.9/site-packages/pygame/.dylibs/libSDL2-2.0.0.dylib (0x103a35778) and /Users/linmuyi/miniconda3/envs/llm_gs/lib/python3.9/site-packages/cv2/.dylibs/libSDL2-2.0.0.dylib (0x134758d40). This may cause spurious casting failures and mysterious crashes. One of the duplicates must be removed or renamed.
objc[27234]: Class SDL_RumbleContext is implemented in both /Users/linmuyi/miniconda3/envs/llm_gs/lib/python3.9/site-packages/pygame/.dylibs/libSDL2-2.0.0.dylib (0x103a357c8) and /Users/linmuyi/miniconda3/envs/llm_gs/lib/python3.9/site-packages/cv2/.dylibs/libSDL2-2.0.0.dylib (0x134758d90). This may cause spurious casting failures and mysterious crashes. One of the duplicates must be removed or renamed.
[wall_count] 1500000 steps, 30 checkpoints, curriculum

  steps=  50000  held=0.10  gate=0.15  bins=1/3  active= 30  (348s)
  steps= 100000  held=0.40  gate=0.67  bins=2/3  active= 60  [UNLOCK:gate]  (531s)
  steps= 150000  held=0.69  gate=0.76  bins=3/3  active= 90  [UNLOCK:gate]  (672s)
  steps= 200000  held=0.71  gate=0.71  bins=3/3  active= 90  (773s)
  steps= 250000  held=0.74  gate=0.74  bins=3/3  active= 90  (869s)
  steps= 300000  held=0.67  gate=0.67  bins=3/3  active= 90  (965s)
  steps= 350000  held=0.60  gate=0.60  bins=3/3  active= 90  (1063s)
  steps= 400000  held=0.69  gate=0.69  bins=3/3  active= 90  (1151s)
  steps= 450000  held=0.80  gate=0.80  bins=3/3  active= 90  (1235s)
  steps= 500000  held=0.76  gate=0.76  bins=3/3  active= 90  (1315s)
  steps= 550000  held=0.78  gate=0.78  bins=3/3  active= 90  (1392s)
  steps= 600000  held=0.84  gate=0.84  bins=3/3  active= 90  (1468s)
  steps= 650000  held=0.83  gate=0.83  bins=3/3  active= 90  (1538s)
  steps= 700000  held=0.72  gate=0.72  bins=3/3  active= 90  (1611s)
  steps= 750000  held=0.81  gate=0.81  bins=3/3  active= 90  (1681s)
  steps= 800000  held=0.84  gate=0.84  bins=3/3  active= 90  (1758s)
  steps= 850000  held=0.79  gate=0.79  bins=3/3  active= 90  (1836s)
  steps= 900000  held=0.77  gate=0.77  bins=3/3  active= 90  (1917s)
  steps= 950000  held=0.81  gate=0.81  bins=3/3  active= 90  (2003s)
  steps=1000000  held=0.74  gate=0.74  bins=3/3  active= 90  (2086s)
  steps=1050000  held=0.73  gate=0.73  bins=3/3  active= 90  (2171s)
  steps=1100000  held=0.69  gate=0.69  bins=3/3  active= 90  (2257s)
  steps=1150000  held=0.88  gate=0.88  bins=3/3  active= 90  (2337s)
  steps=1200000  held=0.79  gate=0.79  bins=3/3  active= 90  (2417s)
  steps=1250000  held=0.90  gate=0.90  bins=3/3  active= 90  (2490s)
  steps=1300000  held=0.89  gate=0.89  bins=3/3  active= 90  (2562s)
  steps=1350000  held=0.81  gate=0.81  bins=3/3  active= 90  (2642s)
  steps=1400000  held=0.78  gate=0.78  bins=3/3  active= 90  (2717s)
  steps=1450000  held=0.84  gate=0.84  bins=3/3  active= 90  (2788s)
  steps=1500000  held=0.85  gate=0.85  bins=3/3  active= 90  (2864s)

[wall_count] DONE  final held=0.85  steps_to_0.3=100,000  wall=2864s  -> wall_count_seed0.json
[wall_count] per-cell held: s15N0=0.85
