[flat] train=90 layouts  held-out=36 layouts
objc[17656]: Class SDLApplication is implemented in both /Users/linmuyi/miniconda3/envs/llm_gs/lib/python3.9/site-packages/pygame/.dylibs/libSDL2-2.0.0.dylib (0x105d092c8) and /Users/linmuyi/miniconda3/envs/llm_gs/lib/python3.9/site-packages/cv2/.dylibs/libSDL2-2.0.0.dylib (0x141da4890). This may cause spurious casting failures and mysterious crashes. One of the duplicates must be removed or renamed.
objc[17656]: Class SDLAppDelegate is implemented in both /Users/linmuyi/miniconda3/envs/llm_gs/lib/python3.9/site-packages/pygame/.dylibs/libSDL2-2.0.0.dylib (0x105d09318) and /Users/linmuyi/miniconda3/envs/llm_gs/lib/python3.9/site-packages/cv2/.dylibs/libSDL2-2.0.0.dylib (0x141da48e0). This may cause spurious casting failures and mysterious crashes. One of the duplicates must be removed or renamed.
objc[17656]: Class SDLTranslatorResponder is implemented in both /Users/linmuyi/miniconda3/envs/llm_gs/lib/python3.9/site-packages/pygame/.dylibs/libSDL2-2.0.0.dylib (0x105d09390) and /Users/linmuyi/miniconda3/envs/llm_gs/lib/python3.9/site-packages/cv2/.dylibs/libSDL2-2.0.0.dylib (0x141da4958). This may cause spurious casting failures and mysterious crashes. One of the duplicates must be removed or renamed.
objc[17656]: Class SDLMessageBoxPresenter is implemented in both /Users/linmuyi/miniconda3/envs/llm_gs/lib/python3.9/site-packages/pygame/.dylibs/libSDL2-2.0.0.dylib (0x105d093b8) and /Users/linmuyi/miniconda3/envs/llm_gs/lib/python3.9/site-packages/cv2/.dylibs/libSDL2-2.0.0.dylib (0x141da4980). This may cause spurious casting failures and mysterious crashes. One of the duplicates must be removed or renamed.
objc[17656]: Class SDL_cocoametalview is implemented in both /Users/linmuyi/miniconda3/envs/llm_gs/lib/python3.9/site-packages/pygame/.dylibs/libSDL2-2.0.0.dylib (0x105d09408) and /Users/linmuyi/miniconda3/envs/llm_gs/lib/python3.9/site-packages/cv2/.dylibs/libSDL2-2.0.0.dylib (0x141da49d0). This may cause spurious casting failures and mysterious crashes. One of the duplicates must be removed or renamed.
objc[17656]: Class SDLOpenGLContext is implemented in both /Users/linmuyi/miniconda3/envs/llm_gs/lib/python3.9/site-packages/pygame/.dylibs/libSDL2-2.0.0.dylib (0x105d09458) and /Users/linmuyi/miniconda3/envs/llm_gs/lib/python3.9/site-packages/cv2/.dylibs/libSDL2-2.0.0.dylib (0x141da4a20). This may cause spurious casting failures and mysterious crashes. One of the duplicates must be removed or renamed.
objc[17656]: Class SDL_ShapeData is implemented in both /Users/linmuyi/miniconda3/envs/llm_gs/lib/python3.9/site-packages/pygame/.dylibs/libSDL2-2.0.0.dylib (0x105d094d0) and /Users/linmuyi/miniconda3/envs/llm_gs/lib/python3.9/site-packages/cv2/.dylibs/libSDL2-2.0.0.dylib (0x141da4a98). This may cause spurious casting failures and mysterious crashes. One of the duplicates must be removed or renamed.
objc[17656]: Class SDL_CocoaClosure is implemented in both /Users/linmuyi/miniconda3/envs/llm_gs/lib/python3.9/site-packages/pygame/.dylibs/libSDL2-2.0.0.dylib (0x105d09520) and /Users/linmuyi/miniconda3/envs/llm_gs/lib/python3.9/site-packages/cv2/.dylibs/libSDL2-2.0.0.dylib (0x141da4ae8). This may cause spurious casting failures and mysterious crashes. One of the duplicates must be removed or renamed.
objc[17656]: Class SDL_VideoData is implemented in both /Users/linmuyi/miniconda3/envs/llm_gs/lib/python3.9/site-packages/pygame/.dylibs/libSDL2-2.0.0.dylib (0x105d09570) and /Users/linmuyi/miniconda3/envs/llm_gs/lib/python3.9/site-packages/cv2/.dylibs/libSDL2-2.0.0.dylib (0x141da4b38). This may cause spurious casting failures and mysterious crashes. One of the duplicates must be removed or renamed.
objc[17656]: Class SDL_WindowData is implemented in both /Users/linmuyi/miniconda3/envs/llm_gs/lib/python3.9/site-packages/pygame/.dylibs/libSDL2-2.0.0.dylib (0x105d095c0) and /Users/linmuyi/miniconda3/envs/llm_gs/lib/python3.9/site-packages/cv2/.dylibs/libSDL2-2.0.0.dylib (0x141da4b88). This may cause spurious casting failures and mysterious crashes. One of the duplicates must be removed or renamed.
objc[17656]: Class SDLWindow is implemented in both /Users/linmuyi/miniconda3/envs/llm_gs/lib/python3.9/site-packages/pygame/.dylibs/libSDL2-2.0.0.dylib (0x105d095e8) and /Users/linmuyi/miniconda3/envs/llm_gs/lib/python3.9/site-packages/cv2/.dylibs/libSDL2-2.0.0.dylib (0x141da4bb0). This may cause spurious casting failures and mysterious crashes. One of the duplicates must be removed or renamed.
objc[17656]: Class Cocoa_WindowListener is implemented in both /Users/linmuyi/miniconda3/envs/llm_gs/lib/python3.9/site-packages/pygame/.dylibs/libSDL2-2.0.0.dylib (0x105d09610) and /Users/linmuyi/miniconda3/envs/llm_gs/lib/python3.9/site-packages/cv2/.dylibs/libSDL2-2.0.0.dylib (0x141da4bd8). This may cause spurious casting failures and mysterious crashes. One of the duplicates must be removed or renamed.
objc[17656]: Class SDLView is implemented in both /Users/linmuyi/miniconda3/envs/llm_gs/lib/python3.9/site-packages/pygame/.dylibs/libSDL2-2.0.0.dylib (0x105d09688) and /Users/linmuyi/miniconda3/envs/llm_gs/lib/python3.9/site-packages/cv2/.dylibs/libSDL2-2.0.0.dylib (0x141da4c50). This may cause spurious casting failures and mysterious crashes. One of the duplicates must be removed or renamed.
objc[17656]: Class METAL_RenderData is implemented in both /Users/linmuyi/miniconda3/envs/llm_gs/lib/python3.9/site-packages/pygame/.dylibs/libSDL2-2.0.0.dylib (0x105d09700) and /Users/linmuyi/miniconda3/envs/llm_gs/lib/python3.9/site-packages/cv2/.dylibs/libSDL2-2.0.0.dylib (0x141da4cc8). This may cause spurious casting failures and mysterious crashes. One of the duplicates must be removed or renamed.
objc[17656]: Class METAL_TextureData is implemented in both /Users/linmuyi/miniconda3/envs/llm_gs/lib/python3.9/site-packages/pygame/.dylibs/libSDL2-2.0.0.dylib (0x105d09750) and /Users/linmuyi/miniconda3/envs/llm_gs/lib/python3.9/site-packages/cv2/.dylibs/libSDL2-2.0.0.dylib (0x141da4d18). This may cause spurious casting failures and mysterious crashes. One of the duplicates must be removed or renamed.
objc[17656]: Class SDL_RumbleMotor is implemented in both /Users/linmuyi/miniconda3/envs/llm_gs/lib/python3.9/site-packages/pygame/.dylibs/libSDL2-2.0.0.dylib (0x105d09778) and /Users/linmuyi/miniconda3/envs/llm_gs/lib/python3.9/site-packages/cv2/.dylibs/libSDL2-2.0.0.dylib (0x141da4d40). This may cause spurious casting failures and mysterious crashes. One of the duplicates must be removed or renamed.
objc[17656]: Class SDL_RumbleContext is implemented in both /Users/linmuyi/miniconda3/envs/llm_gs/lib/python3.9/site-packages/pygame/.dylibs/libSDL2-2.0.0.dylib (0x105d097c8) and /Users/linmuyi/miniconda3/envs/llm_gs/lib/python3.9/site-packages/cv2/.dylibs/libSDL2-2.0.0.dylib (0x141da4d90). This may cause spurious casting failures and mysterious crashes. One of the duplicates must be removed or renamed.
[flat] 1500000 steps, 30 checkpoints, flat (no curriculum)

  steps=  50000  held=0.74  gate=0.74  bins=3/3  active= 90  (50s)
  steps= 100000  held=0.81  gate=0.81  bins=3/3  active= 90  (91s)
  steps= 150000  held=0.91  gate=0.91  bins=3/3  active= 90  (126s)
  steps= 200000  held=0.85  gate=0.85  bins=3/3  active= 90  (162s)
  steps= 250000  held=0.53  gate=0.53  bins=3/3  active= 90  (209s)
  steps= 300000  held=0.88  gate=0.88  bins=3/3  active= 90  (244s)
  steps= 350000  held=0.74  gate=0.74  bins=3/3  active= 90  (283s)
  steps= 400000  held=0.88  gate=0.88  bins=3/3  active= 90  (319s)
  steps= 450000  held=0.88  gate=0.88  bins=3/3  active= 90  (355s)
  steps= 500000  held=0.88  gate=0.88  bins=3/3  active= 90  (390s)
  steps= 550000  held=0.58  gate=0.58  bins=3/3  active= 90  (436s)
  steps= 600000  held=0.85  gate=0.85  bins=3/3  active= 90  (473s)
  steps= 650000  held=0.70  gate=0.70  bins=3/3  active= 90  (513s)
  steps= 700000  held=0.86  gate=0.86  bins=3/3  active= 90  (548s)
  steps= 750000  held=0.76  gate=0.76  bins=3/3  active= 90  (585s)
  steps= 800000  held=0.84  gate=0.84  bins=3/3  active= 90  (619s)
  steps= 850000  held=0.88  gate=0.88  bins=3/3  active= 90  (651s)
  steps= 900000  held=0.85  gate=0.85  bins=3/3  active= 90  (683s)
  steps= 950000  held=0.85  gate=0.85  bins=3/3  active= 90  (713s)
  steps=1000000  held=0.77  gate=0.77  bins=3/3  active= 90  (747s)
  steps=1050000  held=0.81  gate=0.81  bins=3/3  active= 90  (780s)
  steps=1100000  held=0.77  gate=0.77  bins=3/3  active= 90  (813s)
  steps=1150000  held=0.51  gate=0.51  bins=3/3  active= 90  (854s)
  steps=1200000  held=0.66  gate=0.66  bins=3/3  active= 90  (892s)
  steps=1250000  held=0.81  gate=0.81  bins=3/3  active= 90  (923s)
  steps=1300000  held=0.78  gate=0.78  bins=3/3  active= 90  (956s)
  steps=1350000  held=0.84  gate=0.84  bins=3/3  active= 90  (986s)
  steps=1400000  held=0.84  gate=0.84  bins=3/3  active= 90  (1016s)
  steps=1450000  held=0.82  gate=0.82  bins=3/3  active= 90  (1048s)
  steps=1500000  held=0.72  gate=0.72  bins=3/3  active= 90  (1084s)

[flat] DONE  final held=0.72  steps_to_0.3=50,000  wall=1084s  -> flat_seed1.json
[flat] per-cell held: s15N0=0.91  s15N1=0.79  s15N2=0.33
