[wall_count] train=90 layouts  held-out=36 layouts
objc[27257]: Class SDLApplication is implemented in both /Users/linmuyi/miniconda3/envs/llm_gs/lib/python3.9/site-packages/pygame/.dylibs/libSDL2-2.0.0.dylib (0x107dd92c8) and /Users/linmuyi/miniconda3/envs/llm_gs/lib/python3.9/site-packages/cv2/.dylibs/libSDL2-2.0.0.dylib (0x15f854890). This may cause spurious casting failures and mysterious crashes. One of the duplicates must be removed or renamed.
objc[27257]: Class SDLAppDelegate is implemented in both /Users/linmuyi/miniconda3/envs/llm_gs/lib/python3.9/site-packages/pygame/.dylibs/libSDL2-2.0.0.dylib (0x107dd9318) and /Users/linmuyi/miniconda3/envs/llm_gs/lib/python3.9/site-packages/cv2/.dylibs/libSDL2-2.0.0.dylib (0x15f8548e0). This may cause spurious casting failures and mysterious crashes. One of the duplicates must be removed or renamed.
objc[27257]: Class SDLTranslatorResponder is implemented in both /Users/linmuyi/miniconda3/envs/llm_gs/lib/python3.9/site-packages/pygame/.dylibs/libSDL2-2.0.0.dylib (0x107dd9390) and /Users/linmuyi/miniconda3/envs/llm_gs/lib/python3.9/site-packages/cv2/.dylibs/libSDL2-2.0.0.dylib (0x15f854958). This may cause spurious casting failures and mysterious crashes. One of the duplicates must be removed or renamed.
objc[27257]: Class SDLMessageBoxPresenter is implemented in both /Users/linmuyi/miniconda3/envs/llm_gs/lib/python3.9/site-packages/pygame/.dylibs/libSDL2-2.0.0.dylib (0x107dd93b8) and /Users/linmuyi/miniconda3/envs/llm_gs/lib/python3.9/site-packages/cv2/.dylibs/libSDL2-2.0.0.dylib (0x15f854980). This may cause spurious casting failures and mysterious crashes. One of the duplicates must be removed or renamed.
objc[27257]: Class SDL_cocoametalview is implemented in both /Users/linmuyi/miniconda3/envs/llm_gs/lib/python3.9/site-packages/pygame/.dylibs/libSDL2-2.0.0.dylib (0x107dd9408) and /Users/linmuyi/miniconda3/envs/llm_gs/lib/python3.9/site-packages/cv2/.dylibs/libSDL2-2.0.0.dylib (0x15f8549d0). This may cause spurious casting failures and mysterious crashes. One of the duplicates must be removed or renamed.
objc[27257]: Class SDLOpenGLContext is implemented in both /Users/linmuyi/miniconda3/envs/llm_gs/lib/python3.9/site-packages/pygame/.dylibs/libSDL2-2.0.0.dylib (0x107dd9458) and /Users/linmuyi/miniconda3/envs/llm_gs/lib/python3.9/site-packages/cv2/.dylibs/libSDL2-2.0.0.dylib (0x15f854a20). This may cause spurious casting failures and mysterious crashes. One of the duplicates must be removed or renamed.
objc[27257]: Class SDL_ShapeData is implemented in both /Users/linmuyi/miniconda3/envs/llm_gs/lib/python3.9/site-packages/pygame/.dylibs/libSDL2-2.0.0.dylib (0x107dd94d0) and /Users/linmuyi/miniconda3/envs/llm_gs/lib/python3.9/site-packages/cv2/.dylibs/libSDL2-2.0.0.dylib (0x15f854a98). This may cause spurious casting failures and mysterious crashes. One of the duplicates must be removed or renamed.
objc[27257]: Class SDL_CocoaClosure is implemented in both /Users/linmuyi/miniconda3/envs/llm_gs/lib/python3.9/site-packages/pygame/.dylibs/libSDL2-2.0.0.dylib (0x107dd9520) and /Users/linmuyi/miniconda3/envs/llm_gs/lib/python3.9/site-packages/cv2/.dylibs/libSDL2-2.0.0.dylib (0x15f854ae8). This may cause spurious casting failures and mysterious crashes. One of the duplicates must be removed or renamed.
objc[27257]: Class SDL_VideoData is implemented in both /Users/linmuyi/miniconda3/envs/llm_gs/lib/python3.9/site-packages/pygame/.dylibs/libSDL2-2.0.0.dylib (0x107dd9570) and /Users/linmuyi/miniconda3/envs/llm_gs/lib/python3.9/site-packages/cv2/.dylibs/libSDL2-2.0.0.dylib (0x15f854b38). This may cause spurious casting failures and mysterious crashes. One of the duplicates must be removed or renamed.
objc[27257]: Class SDL_WindowData is implemented in both /Users/linmuyi/miniconda3/envs/llm_gs/lib/python3.9/site-packages/pygame/.dylibs/libSDL2-2.0.0.dylib (0x107dd95c0) and /Users/linmuyi/miniconda3/envs/llm_gs/lib/python3.9/site-packages/cv2/.dylibs/libSDL2-2.0.0.dylib (0x15f854b88). This may cause spurious casting failures and mysterious crashes. One of the duplicates must be removed or renamed.
objc[27257]: Class SDLWindow is implemented in both /Users/linmuyi/miniconda3/envs/llm_gs/lib/python3.9/site-packages/pygame/.dylibs/libSDL2-2.0.0.dylib (0x107dd95e8) and /Users/linmuyi/miniconda3/envs/llm_gs/lib/python3.9/site-packages/cv2/.dylibs/libSDL2-2.0.0.dylib (0x15f854bb0). This may cause spurious casting failures and mysterious crashes. One of the duplicates must be removed or renamed.
objc[27257]: Class Cocoa_WindowListener is implemented in both /Users/linmuyi/miniconda3/envs/llm_gs/lib/python3.9/site-packages/pygame/.dylibs/libSDL2-2.0.0.dylib (0x107dd9610) and /Users/linmuyi/miniconda3/envs/llm_gs/lib/python3.9/site-packages/cv2/.dylibs/libSDL2-2.0.0.dylib (0x15f854bd8). This may cause spurious casting failures and mysterious crashes. One of the duplicates must be removed or renamed.
objc[27257]: Class SDLView is implemented in both /Users/linmuyi/miniconda3/envs/llm_gs/lib/python3.9/site-packages/pygame/.dylibs/libSDL2-2.0.0.dylib (0x107dd9688) and /Users/linmuyi/miniconda3/envs/llm_gs/lib/python3.9/site-packages/cv2/.dylibs/libSDL2-2.0.0.dylib (0x15f854c50). This may cause spurious casting failures and mysterious crashes. One of the duplicates must be removed or renamed.
objc[27257]: Class METAL_RenderData is implemented in both /Users/linmuyi/miniconda3/envs/llm_gs/lib/python3.9/site-packages/pygame/.dylibs/libSDL2-2.0.0.dylib (0x107dd9700) and /Users/linmuyi/miniconda3/envs/llm_gs/lib/python3.9/site-packages/cv2/.dylibs/libSDL2-2.0.0.dylib (0x15f854cc8). This may cause spurious casting failures and mysterious crashes. One of the duplicates must be removed or renamed.
objc[27257]: Class METAL_TextureData is implemented in both /Users/linmuyi/miniconda3/envs/llm_gs/lib/python3.9/site-packages/pygame/.dylibs/libSDL2-2.0.0.dylib (0x107dd9750) and /Users/linmuyi/miniconda3/envs/llm_gs/lib/python3.9/site-packages/cv2/.dylibs/libSDL2-2.0.0.dylib (0x15f854d18). This may cause spurious casting failures and mysterious crashes. One of the duplicates must be removed or renamed.
objc[27257]: Class SDL_RumbleMotor is implemented in both /Users/linmuyi/miniconda3/envs/llm_gs/lib/python3.9/site-packages/pygame/.dylibs/libSDL2-2.0.0.dylib (0x107dd9778) and /Users/linmuyi/miniconda3/envs/llm_gs/lib/python3.9/site-packages/cv2/.dylibs/libSDL2-2.0.0.dylib (0x15f854d40). This may cause spurious casting failures and mysterious crashes. One of the duplicates must be removed or renamed.
objc[27257]: Class SDL_RumbleContext is implemented in both /Users/linmuyi/miniconda3/envs/llm_gs/lib/python3.9/site-packages/pygame/.dylibs/libSDL2-2.0.0.dylib (0x107dd97c8) and /Users/linmuyi/miniconda3/envs/llm_gs/lib/python3.9/site-packages/cv2/.dylibs/libSDL2-2.0.0.dylib (0x15f854d90). This may cause spurious casting failures and mysterious crashes. One of the duplicates must be removed or renamed.
[wall_count] 1500000 steps, 30 checkpoints, curriculum

  steps=  50000  held=0.11  gate=0.24  bins=1/3  active= 30  (431s)
  steps= 100000  held=0.38  gate=0.57  bins=2/3  active= 60  [UNLOCK:gate]  (678s)
  steps= 150000  held=0.56  gate=0.75  bins=3/3  active= 90  [UNLOCK:gate]  (859s)
  steps= 200000  held=0.65  gate=0.65  bins=3/3  active= 90  (983s)
  steps= 250000  held=0.69  gate=0.69  bins=3/3  active= 90  (1093s)
  steps= 300000  held=0.68  gate=0.68  bins=3/3  active= 90  (1204s)
  steps= 350000  held=0.68  gate=0.68  bins=3/3  active= 90  (1314s)
  steps= 400000  held=0.65  gate=0.65  bins=3/3  active= 90  (1429s)
  steps= 450000  held=0.67  gate=0.67  bins=3/3  active= 90  (1531s)
  steps= 500000  held=0.56  gate=0.56  bins=3/3  active= 90  (1640s)
  steps= 550000  held=0.69  gate=0.69  bins=3/3  active= 90  (1743s)
  steps= 600000  held=0.62  gate=0.62  bins=3/3  active= 90  (1862s)
  steps= 650000  held=0.58  gate=0.58  bins=3/3  active= 90  (1979s)
  steps= 700000  held=0.70  gate=0.70  bins=3/3  active= 90  (2086s)
  steps= 750000  held=0.65  gate=0.65  bins=3/3  active= 90  (2195s)
  steps= 800000  held=0.75  gate=0.75  bins=3/3  active= 90  (2296s)
  steps= 850000  held=0.69  gate=0.69  bins=3/3  active= 90  (2403s)
  steps= 900000  held=0.66  gate=0.66  bins=3/3  active= 90  (2509s)
  steps= 950000  held=0.63  gate=0.63  bins=3/3  active= 90  (2617s)
  steps=1000000  held=0.60  gate=0.60  bins=3/3  active= 90  (2722s)
  steps=1050000  held=0.72  gate=0.72  bins=3/3  active= 90  (2821s)
  steps=1100000  held=0.61  gate=0.61  bins=3/3  active= 90  (2934s)
  steps=1150000  held=0.70  gate=0.70  bins=3/3  active= 90  (3043s)
  steps=1200000  held=0.62  gate=0.62  bins=3/3  active= 90  (3153s)
  steps=1250000  held=0.56  gate=0.56  bins=3/3  active= 90  (3266s)
  steps=1300000  held=0.73  gate=0.73  bins=3/3  active= 90  (3365s)
  steps=1350000  held=0.60  gate=0.60  bins=3/3  active= 90  (3471s)
  steps=1400000  held=0.71  gate=0.71  bins=3/3  active= 90  (3551s)
  steps=1450000  held=0.67  gate=0.67  bins=3/3  active= 90  (3631s)
  steps=1500000  held=0.77  gate=0.77  bins=3/3  active= 90  (3715s)

[wall_count] DONE  final held=0.77  steps_to_0.3=100,000  wall=3715s  -> wall_count_seed0.json
[wall_count] per-cell held: s19N0=0.77
