[wall_count] train=90 layouts  held-out=36 layouts
objc[50264]: Class SDLApplication is implemented in both /Users/linmuyi/miniconda3/envs/llm_gs/lib/python3.9/site-packages/pygame/.dylibs/libSDL2-2.0.0.dylib (0x105ea12c8) and /Users/linmuyi/miniconda3/envs/llm_gs/lib/python3.9/site-packages/cv2/.dylibs/libSDL2-2.0.0.dylib (0x149a38890). This may cause spurious casting failures and mysterious crashes. One of the duplicates must be removed or renamed.
objc[50264]: Class SDLAppDelegate is implemented in both /Users/linmuyi/miniconda3/envs/llm_gs/lib/python3.9/site-packages/pygame/.dylibs/libSDL2-2.0.0.dylib (0x105ea1318) and /Users/linmuyi/miniconda3/envs/llm_gs/lib/python3.9/site-packages/cv2/.dylibs/libSDL2-2.0.0.dylib (0x149a388e0). This may cause spurious casting failures and mysterious crashes. One of the duplicates must be removed or renamed.
objc[50264]: Class SDLTranslatorResponder is implemented in both /Users/linmuyi/miniconda3/envs/llm_gs/lib/python3.9/site-packages/pygame/.dylibs/libSDL2-2.0.0.dylib (0x105ea1390) and /Users/linmuyi/miniconda3/envs/llm_gs/lib/python3.9/site-packages/cv2/.dylibs/libSDL2-2.0.0.dylib (0x149a38958). This may cause spurious casting failures and mysterious crashes. One of the duplicates must be removed or renamed.
objc[50264]: Class SDLMessageBoxPresenter is implemented in both /Users/linmuyi/miniconda3/envs/llm_gs/lib/python3.9/site-packages/pygame/.dylibs/libSDL2-2.0.0.dylib (0x105ea13b8) and /Users/linmuyi/miniconda3/envs/llm_gs/lib/python3.9/site-packages/cv2/.dylibs/libSDL2-2.0.0.dylib (0x149a38980). This may cause spurious casting failures and mysterious crashes. One of the duplicates must be removed or renamed.
objc[50264]: Class SDL_cocoametalview is implemented in both /Users/linmuyi/miniconda3/envs/llm_gs/lib/python3.9/site-packages/pygame/.dylibs/libSDL2-2.0.0.dylib (0x105ea1408) and /Users/linmuyi/miniconda3/envs/llm_gs/lib/python3.9/site-packages/cv2/.dylibs/libSDL2-2.0.0.dylib (0x149a389d0). This may cause spurious casting failures and mysterious crashes. One of the duplicates must be removed or renamed.
objc[50264]: Class SDLOpenGLContext is implemented in both /Users/linmuyi/miniconda3/envs/llm_gs/lib/python3.9/site-packages/pygame/.dylibs/libSDL2-2.0.0.dylib (0x105ea1458) and /Users/linmuyi/miniconda3/envs/llm_gs/lib/python3.9/site-packages/cv2/.dylibs/libSDL2-2.0.0.dylib (0x149a38a20). This may cause spurious casting failures and mysterious crashes. One of the duplicates must be removed or renamed.
objc[50264]: Class SDL_ShapeData is implemented in both /Users/linmuyi/miniconda3/envs/llm_gs/lib/python3.9/site-packages/pygame/.dylibs/libSDL2-2.0.0.dylib (0x105ea14d0) and /Users/linmuyi/miniconda3/envs/llm_gs/lib/python3.9/site-packages/cv2/.dylibs/libSDL2-2.0.0.dylib (0x149a38a98). This may cause spurious casting failures and mysterious crashes. One of the duplicates must be removed or renamed.
objc[50264]: Class SDL_CocoaClosure is implemented in both /Users/linmuyi/miniconda3/envs/llm_gs/lib/python3.9/site-packages/pygame/.dylibs/libSDL2-2.0.0.dylib (0x105ea1520) and /Users/linmuyi/miniconda3/envs/llm_gs/lib/python3.9/site-packages/cv2/.dylibs/libSDL2-2.0.0.dylib (0x149a38ae8). This may cause spurious casting failures and mysterious crashes. One of the duplicates must be removed or renamed.
objc[50264]: Class SDL_VideoData is implemented in both /Users/linmuyi/miniconda3/envs/llm_gs/lib/python3.9/site-packages/pygame/.dylibs/libSDL2-2.0.0.dylib (0x105ea1570) and /Users/linmuyi/miniconda3/envs/llm_gs/lib/python3.9/site-packages/cv2/.dylibs/libSDL2-2.0.0.dylib (0x149a38b38). This may cause spurious casting failures and mysterious crashes. One of the duplicates must be removed or renamed.
objc[50264]: Class SDL_WindowData is implemented in both /Users/linmuyi/miniconda3/envs/llm_gs/lib/python3.9/site-packages/pygame/.dylibs/libSDL2-2.0.0.dylib (0x105ea15c0) and /Users/linmuyi/miniconda3/envs/llm_gs/lib/python3.9/site-packages/cv2/.dylibs/libSDL2-2.0.0.dylib (0x149a38b88). This may cause spurious casting failures and mysterious crashes. One of the duplicates must be removed or renamed.
objc[50264]: Class SDLWindow is implemented in both /Users/linmuyi/miniconda3/envs/llm_gs/lib/python3.9/site-packages/pygame/.dylibs/libSDL2-2.0.0.dylib (0x105ea15e8) and /Users/linmuyi/miniconda3/envs/llm_gs/lib/python3.9/site-packages/cv2/.dylibs/libSDL2-2.0.0.dylib (0x149a38bb0). This may cause spurious casting failures and mysterious crashes. One of the duplicates must be removed or renamed.
objc[50264]: Class Cocoa_WindowListener is implemented in both /Users/linmuyi/miniconda3/envs/llm_gs/lib/python3.9/site-packages/pygame/.dylibs/libSDL2-2.0.0.dylib (0x105ea1610) and /Users/linmuyi/miniconda3/envs/llm_gs/lib/python3.9/site-packages/cv2/.dylibs/libSDL2-2.0.0.dylib (0x149a38bd8). This may cause spurious casting failures and mysterious crashes. One of the duplicates must be removed or renamed.
objc[50264]: Class SDLView is implemented in both /Users/linmuyi/miniconda3/envs/llm_gs/lib/python3.9/site-packages/pygame/.dylibs/libSDL2-2.0.0.dylib (0x105ea1688) and /Users/linmuyi/miniconda3/envs/llm_gs/lib/python3.9/site-packages/cv2/.dylibs/libSDL2-2.0.0.dylib (0x149a38c50). This may cause spurious casting failures and mysterious crashes. One of the duplicates must be removed or renamed.
objc[50264]: Class METAL_RenderData is implemented in both /Users/linmuyi/miniconda3/envs/llm_gs/lib/python3.9/site-packages/pygame/.dylibs/libSDL2-2.0.0.dylib (0x105ea1700) and /Users/linmuyi/miniconda3/envs/llm_gs/lib/python3.9/site-packages/cv2/.dylibs/libSDL2-2.0.0.dylib (0x149a38cc8). This may cause spurious casting failures and mysterious crashes. One of the duplicates must be removed or renamed.
objc[50264]: Class METAL_TextureData is implemented in both /Users/linmuyi/miniconda3/envs/llm_gs/lib/python3.9/site-packages/pygame/.dylibs/libSDL2-2.0.0.dylib (0x105ea1750) and /Users/linmuyi/miniconda3/envs/llm_gs/lib/python3.9/site-packages/cv2/.dylibs/libSDL2-2.0.0.dylib (0x149a38d18). This may cause spurious casting failures and mysterious crashes. One of the duplicates must be removed or renamed.
objc[50264]: Class SDL_RumbleMotor is implemented in both /Users/linmuyi/miniconda3/envs/llm_gs/lib/python3.9/site-packages/pygame/.dylibs/libSDL2-2.0.0.dylib (0x105ea1778) and /Users/linmuyi/miniconda3/envs/llm_gs/lib/python3.9/site-packages/cv2/.dylibs/libSDL2-2.0.0.dylib (0x149a38d40). This may cause spurious casting failures and mysterious crashes. One of the duplicates must be removed or renamed.
objc[50264]: Class SDL_RumbleContext is implemented in both /Users/linmuyi/miniconda3/envs/llm_gs/lib/python3.9/site-packages/pygame/.dylibs/libSDL2-2.0.0.dylib (0x105ea17c8) and /Users/linmuyi/miniconda3/envs/llm_gs/lib/python3.9/site-packages/cv2/.dylibs/libSDL2-2.0.0.dylib (0x149a38d90). This may cause spurious casting failures and mysterious crashes. One of the duplicates must be removed or renamed.
[wall_count] 1500000 steps, 30 checkpoints, curriculum

  steps=  50000  held=0.02  gate=0.03  bins=1/3  active= 30  (41651s)
  steps= 100000  held=0.04  gate=0.07  bins=1/3  active= 30  (41941s)
  steps= 150000  held=0.09  gate=0.12  bins=1/3  active= 30  (42395s)
  steps= 200000  held=0.11  gate=0.19  bins=1/3  active= 30  (42896s)
  steps= 250000  held=0.02  gate=0.01  bins=1/3  active= 30  (43009s)
  steps= 300000  held=0.00  gate=0.00  bins=1/3  active= 30  (43124s)
  steps= 350000  held=0.01  gate=0.01  bins=1/3  active= 30  (43238s)
  steps= 400000  held=0.06  gate=0.08  bins=2/3  active= 60  [UNLOCK:deadline]  (43350s)
  steps= 450000  held=0.03  gate=0.10  bins=2/3  active= 60  (43462s)
  steps= 500000  held=0.16  gate=0.21  bins=2/3  active= 60  (43569s)
  steps= 550000  held=0.04  gate=0.15  bins=2/3  active= 60  (43678s)
  steps= 600000  held=0.04  gate=0.07  bins=2/3  active= 60  (43789s)
  steps= 650000  held=0.05  gate=0.11  bins=2/3  active= 60  (43902s)
  steps= 700000  held=0.00  gate=0.00  bins=2/3  active= 60  (44022s)
  steps= 750000  held=0.00  gate=0.01  bins=2/3  active= 60  (44142s)
  steps= 800000  held=0.09  gate=0.08  bins=3/3  active= 90  [UNLOCK:deadline]  (44259s)
  steps= 850000  held=0.18  gate=0.18  bins=3/3  active= 90  (44341s)
  steps= 900000  held=0.16  gate=0.16  bins=3/3  active= 90  (44429s)
  steps= 950000  held=0.28  gate=0.28  bins=3/3  active= 90  (44511s)
  steps=1000000  held=0.23  gate=0.23  bins=3/3  active= 90  (44600s)
  steps=1050000  held=0.19  gate=0.19  bins=3/3  active= 90  (44690s)
  steps=1100000  held=0.06  gate=0.06  bins=3/3  active= 90  (44784s)
  steps=1150000  held=0.00  gate=0.00  bins=3/3  active= 90  (44879s)
  steps=1200000  held=0.03  gate=0.03  bins=3/3  active= 90  (45040s)
  steps=1250000  held=0.05  gate=0.05  bins=3/3  active= 90  (45165s)
  steps=1300000  held=0.02  gate=0.02  bins=3/3  active= 90  (45258s)
  steps=1350000  held=0.06  gate=0.06  bins=3/3  active= 90  (45352s)
  steps=1400000  held=0.04  gate=0.04  bins=3/3  active= 90  (45451s)
  steps=1450000  held=0.06  gate=0.06  bins=3/3  active= 90  (45556s)
  steps=1500000  held=0.10  gate=0.10  bins=3/3  active= 90  (45660s)

[wall_count] DONE  final held=0.10  steps_to_0.3=NOT REACHED  wall=45660s  -> wall_count_seed1.json
[wall_count] per-cell held: s19N0=0.10
