[flat] train=90 layouts  held-out=36 layouts
objc[3751]: Class SDLApplication is implemented in both /Users/linmuyi/miniconda3/envs/llm_gs/lib/python3.9/site-packages/pygame/.dylibs/libSDL2-2.0.0.dylib (0x1081b52c8) and /Users/linmuyi/miniconda3/envs/llm_gs/lib/python3.9/site-packages/cv2/.dylibs/libSDL2-2.0.0.dylib (0x127b0c890). This may cause spurious casting failures and mysterious crashes. One of the duplicates must be removed or renamed.
objc[3751]: Class SDLAppDelegate is implemented in both /Users/linmuyi/miniconda3/envs/llm_gs/lib/python3.9/site-packages/pygame/.dylibs/libSDL2-2.0.0.dylib (0x1081b5318) and /Users/linmuyi/miniconda3/envs/llm_gs/lib/python3.9/site-packages/cv2/.dylibs/libSDL2-2.0.0.dylib (0x127b0c8e0). This may cause spurious casting failures and mysterious crashes. One of the duplicates must be removed or renamed.
objc[3751]: Class SDLTranslatorResponder is implemented in both /Users/linmuyi/miniconda3/envs/llm_gs/lib/python3.9/site-packages/pygame/.dylibs/libSDL2-2.0.0.dylib (0x1081b5390) and /Users/linmuyi/miniconda3/envs/llm_gs/lib/python3.9/site-packages/cv2/.dylibs/libSDL2-2.0.0.dylib (0x127b0c958). This may cause spurious casting failures and mysterious crashes. One of the duplicates must be removed or renamed.
objc[3751]: Class SDLMessageBoxPresenter is implemented in both /Users/linmuyi/miniconda3/envs/llm_gs/lib/python3.9/site-packages/pygame/.dylibs/libSDL2-2.0.0.dylib (0x1081b53b8) and /Users/linmuyi/miniconda3/envs/llm_gs/lib/python3.9/site-packages/cv2/.dylibs/libSDL2-2.0.0.dylib (0x127b0c980). This may cause spurious casting failures and mysterious crashes. One of the duplicates must be removed or renamed.
objc[3751]: Class SDL_cocoametalview is implemented in both /Users/linmuyi/miniconda3/envs/llm_gs/lib/python3.9/site-packages/pygame/.dylibs/libSDL2-2.0.0.dylib (0x1081b5408) and /Users/linmuyi/miniconda3/envs/llm_gs/lib/python3.9/site-packages/cv2/.dylibs/libSDL2-2.0.0.dylib (0x127b0c9d0). This may cause spurious casting failures and mysterious crashes. One of the duplicates must be removed or renamed.
objc[3751]: Class SDLOpenGLContext is implemented in both /Users/linmuyi/miniconda3/envs/llm_gs/lib/python3.9/site-packages/pygame/.dylibs/libSDL2-2.0.0.dylib (0x1081b5458) and /Users/linmuyi/miniconda3/envs/llm_gs/lib/python3.9/site-packages/cv2/.dylibs/libSDL2-2.0.0.dylib (0x127b0ca20). This may cause spurious casting failures and mysterious crashes. One of the duplicates must be removed or renamed.
objc[3751]: Class SDL_ShapeData is implemented in both /Users/linmuyi/miniconda3/envs/llm_gs/lib/python3.9/site-packages/pygame/.dylibs/libSDL2-2.0.0.dylib (0x1081b54d0) and /Users/linmuyi/miniconda3/envs/llm_gs/lib/python3.9/site-packages/cv2/.dylibs/libSDL2-2.0.0.dylib (0x127b0ca98). This may cause spurious casting failures and mysterious crashes. One of the duplicates must be removed or renamed.
objc[3751]: Class SDL_CocoaClosure is implemented in both /Users/linmuyi/miniconda3/envs/llm_gs/lib/python3.9/site-packages/pygame/.dylibs/libSDL2-2.0.0.dylib (0x1081b5520) and /Users/linmuyi/miniconda3/envs/llm_gs/lib/python3.9/site-packages/cv2/.dylibs/libSDL2-2.0.0.dylib (0x127b0cae8). This may cause spurious casting failures and mysterious crashes. One of the duplicates must be removed or renamed.
objc[3751]: Class SDL_VideoData is implemented in both /Users/linmuyi/miniconda3/envs/llm_gs/lib/python3.9/site-packages/pygame/.dylibs/libSDL2-2.0.0.dylib (0x1081b5570) and /Users/linmuyi/miniconda3/envs/llm_gs/lib/python3.9/site-packages/cv2/.dylibs/libSDL2-2.0.0.dylib (0x127b0cb38). This may cause spurious casting failures and mysterious crashes. One of the duplicates must be removed or renamed.
objc[3751]: Class SDL_WindowData is implemented in both /Users/linmuyi/miniconda3/envs/llm_gs/lib/python3.9/site-packages/pygame/.dylibs/libSDL2-2.0.0.dylib (0x1081b55c0) and /Users/linmuyi/miniconda3/envs/llm_gs/lib/python3.9/site-packages/cv2/.dylibs/libSDL2-2.0.0.dylib (0x127b0cb88). This may cause spurious casting failures and mysterious crashes. One of the duplicates must be removed or renamed.
objc[3751]: Class SDLWindow is implemented in both /Users/linmuyi/miniconda3/envs/llm_gs/lib/python3.9/site-packages/pygame/.dylibs/libSDL2-2.0.0.dylib (0x1081b55e8) and /Users/linmuyi/miniconda3/envs/llm_gs/lib/python3.9/site-packages/cv2/.dylibs/libSDL2-2.0.0.dylib (0x127b0cbb0). This may cause spurious casting failures and mysterious crashes. One of the duplicates must be removed or renamed.
objc[3751]: Class Cocoa_WindowListener is implemented in both /Users/linmuyi/miniconda3/envs/llm_gs/lib/python3.9/site-packages/pygame/.dylibs/libSDL2-2.0.0.dylib (0x1081b5610) and /Users/linmuyi/miniconda3/envs/llm_gs/lib/python3.9/site-packages/cv2/.dylibs/libSDL2-2.0.0.dylib (0x127b0cbd8). This may cause spurious casting failures and mysterious crashes. One of the duplicates must be removed or renamed.
objc[3751]: Class SDLView is implemented in both /Users/linmuyi/miniconda3/envs/llm_gs/lib/python3.9/site-packages/pygame/.dylibs/libSDL2-2.0.0.dylib (0x1081b5688) and /Users/linmuyi/miniconda3/envs/llm_gs/lib/python3.9/site-packages/cv2/.dylibs/libSDL2-2.0.0.dylib (0x127b0cc50). This may cause spurious casting failures and mysterious crashes. One of the duplicates must be removed or renamed.
objc[3751]: Class METAL_RenderData is implemented in both /Users/linmuyi/miniconda3/envs/llm_gs/lib/python3.9/site-packages/pygame/.dylibs/libSDL2-2.0.0.dylib (0x1081b5700) and /Users/linmuyi/miniconda3/envs/llm_gs/lib/python3.9/site-packages/cv2/.dylibs/libSDL2-2.0.0.dylib (0x127b0ccc8). This may cause spurious casting failures and mysterious crashes. One of the duplicates must be removed or renamed.
objc[3751]: Class METAL_TextureData is implemented in both /Users/linmuyi/miniconda3/envs/llm_gs/lib/python3.9/site-packages/pygame/.dylibs/libSDL2-2.0.0.dylib (0x1081b5750) and /Users/linmuyi/miniconda3/envs/llm_gs/lib/python3.9/site-packages/cv2/.dylibs/libSDL2-2.0.0.dylib (0x127b0cd18). This may cause spurious casting failures and mysterious crashes. One of the duplicates must be removed or renamed.
objc[3751]: Class SDL_RumbleMotor is implemented in both /Users/linmuyi/miniconda3/envs/llm_gs/lib/python3.9/site-packages/pygame/.dylibs/libSDL2-2.0.0.dylib (0x1081b5778) and /Users/linmuyi/miniconda3/envs/llm_gs/lib/python3.9/site-packages/cv2/.dylibs/libSDL2-2.0.0.dylib (0x127b0cd40). This may cause spurious casting failures and mysterious crashes. One of the duplicates must be removed or renamed.
objc[3751]: Class SDL_RumbleContext is implemented in both /Users/linmuyi/miniconda3/envs/llm_gs/lib/python3.9/site-packages/pygame/.dylibs/libSDL2-2.0.0.dylib (0x1081b57c8) and /Users/linmuyi/miniconda3/envs/llm_gs/lib/python3.9/site-packages/cv2/.dylibs/libSDL2-2.0.0.dylib (0x127b0cd90). This may cause spurious casting failures and mysterious crashes. One of the duplicates must be removed or renamed.
[flat] 1500000 steps, 30 checkpoints, flat (no curriculum)

  steps=  50000  held=0.92  gate=0.92  bins=3/3  active= 90  (66s)
  steps= 100000  held=0.94  gate=0.94  bins=3/3  active= 90  (143s)
  steps= 150000  held=0.88  gate=0.88  bins=3/3  active= 90  (255s)
  steps= 200000  held=0.90  gate=0.90  bins=3/3  active= 90  (381s)
  steps= 250000  held=0.93  gate=0.93  bins=3/3  active= 90  (460s)
  steps= 300000  held=0.94  gate=0.94  bins=3/3  active= 90  (525s)
  steps= 350000  held=0.94  gate=0.94  bins=3/3  active= 90  (575s)
  steps= 400000  held=0.86  gate=0.86  bins=3/3  active= 90  (608s)
  steps= 450000  held=0.52  gate=0.52  bins=3/3  active= 90  (659s)
  steps= 500000  held=0.90  gate=0.90  bins=3/3  active= 90  (749s)
  steps= 550000  held=0.93  gate=0.93  bins=3/3  active= 90  (809s)
  steps= 600000  held=0.92  gate=0.92  bins=3/3  active= 90  (913s)
  steps= 650000  held=0.87  gate=0.87  bins=3/3  active= 90  (951s)
  steps= 700000  held=0.93  gate=0.93  bins=3/3  active= 90  (983s)
  steps= 750000  held=0.90  gate=0.90  bins=3/3  active= 90  (1015s)
  steps= 800000  held=0.92  gate=0.92  bins=3/3  active= 90  (1046s)
  steps= 850000  held=0.91  gate=0.91  bins=3/3  active= 90  (1079s)
  steps= 900000  held=0.89  gate=0.89  bins=3/3  active= 90  (1111s)
  steps= 950000  held=0.94  gate=0.94  bins=3/3  active= 90  (1142s)
  steps=1000000  held=0.92  gate=0.92  bins=3/3  active= 90  (1174s)
  steps=1050000  held=0.94  gate=0.94  bins=3/3  active= 90  (1206s)
  steps=1100000  held=0.94  gate=0.94  bins=3/3  active= 90  (1237s)
  steps=1150000  held=0.91  gate=0.91  bins=3/3  active= 90  (1270s)
  steps=1200000  held=0.92  gate=0.92  bins=3/3  active= 90  (1302s)
  steps=1250000  held=0.89  gate=0.89  bins=3/3  active= 90  (1335s)
  steps=1300000  held=0.91  gate=0.91  bins=3/3  active= 90  (1367s)
  steps=1350000  held=0.92  gate=0.92  bins=3/3  active= 90  (1400s)
  steps=1400000  held=0.92  gate=0.92  bins=3/3  active= 90  (1432s)
  steps=1450000  held=0.94  gate=0.94  bins=3/3  active= 90  (1464s)
  steps=1500000  held=0.90  gate=0.90  bins=3/3  active= 90  (1497s)

[flat] DONE  final held=0.90  steps_to_0.3=50,000  wall=1497s  -> flat_seed0.json
[flat] per-cell held: s13N0=0.90  s13N1=0.97  s13N2=0.75
