[flat] train=90 layouts  held-out=36 layouts
objc[17727]: Class SDLApplication is implemented in both /Users/linmuyi/miniconda3/envs/llm_gs/lib/python3.9/site-packages/pygame/.dylibs/libSDL2-2.0.0.dylib (0x1066b52c8) and /Users/linmuyi/miniconda3/envs/llm_gs/lib/python3.9/site-packages/cv2/.dylibs/libSDL2-2.0.0.dylib (0x1355bc890). This may cause spurious casting failures and mysterious crashes. One of the duplicates must be removed or renamed.
objc[17727]: Class SDLAppDelegate is implemented in both /Users/linmuyi/miniconda3/envs/llm_gs/lib/python3.9/site-packages/pygame/.dylibs/libSDL2-2.0.0.dylib (0x1066b5318) and /Users/linmuyi/miniconda3/envs/llm_gs/lib/python3.9/site-packages/cv2/.dylibs/libSDL2-2.0.0.dylib (0x1355bc8e0). This may cause spurious casting failures and mysterious crashes. One of the duplicates must be removed or renamed.
objc[17727]: Class SDLTranslatorResponder is implemented in both /Users/linmuyi/miniconda3/envs/llm_gs/lib/python3.9/site-packages/pygame/.dylibs/libSDL2-2.0.0.dylib (0x1066b5390) and /Users/linmuyi/miniconda3/envs/llm_gs/lib/python3.9/site-packages/cv2/.dylibs/libSDL2-2.0.0.dylib (0x1355bc958). This may cause spurious casting failures and mysterious crashes. One of the duplicates must be removed or renamed.
objc[17727]: Class SDLMessageBoxPresenter is implemented in both /Users/linmuyi/miniconda3/envs/llm_gs/lib/python3.9/site-packages/pygame/.dylibs/libSDL2-2.0.0.dylib (0x1066b53b8) and /Users/linmuyi/miniconda3/envs/llm_gs/lib/python3.9/site-packages/cv2/.dylibs/libSDL2-2.0.0.dylib (0x1355bc980). This may cause spurious casting failures and mysterious crashes. One of the duplicates must be removed or renamed.
objc[17727]: Class SDL_cocoametalview is implemented in both /Users/linmuyi/miniconda3/envs/llm_gs/lib/python3.9/site-packages/pygame/.dylibs/libSDL2-2.0.0.dylib (0x1066b5408) and /Users/linmuyi/miniconda3/envs/llm_gs/lib/python3.9/site-packages/cv2/.dylibs/libSDL2-2.0.0.dylib (0x1355bc9d0). This may cause spurious casting failures and mysterious crashes. One of the duplicates must be removed or renamed.
objc[17727]: Class SDLOpenGLContext is implemented in both /Users/linmuyi/miniconda3/envs/llm_gs/lib/python3.9/site-packages/pygame/.dylibs/libSDL2-2.0.0.dylib (0x1066b5458) and /Users/linmuyi/miniconda3/envs/llm_gs/lib/python3.9/site-packages/cv2/.dylibs/libSDL2-2.0.0.dylib (0x1355bca20). This may cause spurious casting failures and mysterious crashes. One of the duplicates must be removed or renamed.
objc[17727]: Class SDL_ShapeData is implemented in both /Users/linmuyi/miniconda3/envs/llm_gs/lib/python3.9/site-packages/pygame/.dylibs/libSDL2-2.0.0.dylib (0x1066b54d0) and /Users/linmuyi/miniconda3/envs/llm_gs/lib/python3.9/site-packages/cv2/.dylibs/libSDL2-2.0.0.dylib (0x1355bca98). This may cause spurious casting failures and mysterious crashes. One of the duplicates must be removed or renamed.
objc[17727]: Class SDL_CocoaClosure is implemented in both /Users/linmuyi/miniconda3/envs/llm_gs/lib/python3.9/site-packages/pygame/.dylibs/libSDL2-2.0.0.dylib (0x1066b5520) and /Users/linmuyi/miniconda3/envs/llm_gs/lib/python3.9/site-packages/cv2/.dylibs/libSDL2-2.0.0.dylib (0x1355bcae8). This may cause spurious casting failures and mysterious crashes. One of the duplicates must be removed or renamed.
objc[17727]: Class SDL_VideoData is implemented in both /Users/linmuyi/miniconda3/envs/llm_gs/lib/python3.9/site-packages/pygame/.dylibs/libSDL2-2.0.0.dylib (0x1066b5570) and /Users/linmuyi/miniconda3/envs/llm_gs/lib/python3.9/site-packages/cv2/.dylibs/libSDL2-2.0.0.dylib (0x1355bcb38). This may cause spurious casting failures and mysterious crashes. One of the duplicates must be removed or renamed.
objc[17727]: Class SDL_WindowData is implemented in both /Users/linmuyi/miniconda3/envs/llm_gs/lib/python3.9/site-packages/pygame/.dylibs/libSDL2-2.0.0.dylib (0x1066b55c0) and /Users/linmuyi/miniconda3/envs/llm_gs/lib/python3.9/site-packages/cv2/.dylibs/libSDL2-2.0.0.dylib (0x1355bcb88). This may cause spurious casting failures and mysterious crashes. One of the duplicates must be removed or renamed.
objc[17727]: Class SDLWindow is implemented in both /Users/linmuyi/miniconda3/envs/llm_gs/lib/python3.9/site-packages/pygame/.dylibs/libSDL2-2.0.0.dylib (0x1066b55e8) and /Users/linmuyi/miniconda3/envs/llm_gs/lib/python3.9/site-packages/cv2/.dylibs/libSDL2-2.0.0.dylib (0x1355bcbb0). This may cause spurious casting failures and mysterious crashes. One of the duplicates must be removed or renamed.
objc[17727]: Class Cocoa_WindowListener is implemented in both /Users/linmuyi/miniconda3/envs/llm_gs/lib/python3.9/site-packages/pygame/.dylibs/libSDL2-2.0.0.dylib (0x1066b5610) and /Users/linmuyi/miniconda3/envs/llm_gs/lib/python3.9/site-packages/cv2/.dylibs/libSDL2-2.0.0.dylib (0x1355bcbd8). This may cause spurious casting failures and mysterious crashes. One of the duplicates must be removed or renamed.
objc[17727]: Class SDLView is implemented in both /Users/linmuyi/miniconda3/envs/llm_gs/lib/python3.9/site-packages/pygame/.dylibs/libSDL2-2.0.0.dylib (0x1066b5688) and /Users/linmuyi/miniconda3/envs/llm_gs/lib/python3.9/site-packages/cv2/.dylibs/libSDL2-2.0.0.dylib (0x1355bcc50). This may cause spurious casting failures and mysterious crashes. One of the duplicates must be removed or renamed.
objc[17727]: Class METAL_RenderData is implemented in both /Users/linmuyi/miniconda3/envs/llm_gs/lib/python3.9/site-packages/pygame/.dylibs/libSDL2-2.0.0.dylib (0x1066b5700) and /Users/linmuyi/miniconda3/envs/llm_gs/lib/python3.9/site-packages/cv2/.dylibs/libSDL2-2.0.0.dylib (0x1355bccc8). This may cause spurious casting failures and mysterious crashes. One of the duplicates must be removed or renamed.
objc[17727]: Class METAL_TextureData is implemented in both /Users/linmuyi/miniconda3/envs/llm_gs/lib/python3.9/site-packages/pygame/.dylibs/libSDL2-2.0.0.dylib (0x1066b5750) and /Users/linmuyi/miniconda3/envs/llm_gs/lib/python3.9/site-packages/cv2/.dylibs/libSDL2-2.0.0.dylib (0x1355bcd18). This may cause spurious casting failures and mysterious crashes. One of the duplicates must be removed or renamed.
objc[17727]: Class SDL_RumbleMotor is implemented in both /Users/linmuyi/miniconda3/envs/llm_gs/lib/python3.9/site-packages/pygame/.dylibs/libSDL2-2.0.0.dylib (0x1066b5778) and /Users/linmuyi/miniconda3/envs/llm_gs/lib/python3.9/site-packages/cv2/.dylibs/libSDL2-2.0.0.dylib (0x1355bcd40). This may cause spurious casting failures and mysterious crashes. One of the duplicates must be removed or renamed.
objc[17727]: Class SDL_RumbleContext is implemented in both /Users/linmuyi/miniconda3/envs/llm_gs/lib/python3.9/site-packages/pygame/.dylibs/libSDL2-2.0.0.dylib (0x1066b57c8) and /Users/linmuyi/miniconda3/envs/llm_gs/lib/python3.9/site-packages/cv2/.dylibs/libSDL2-2.0.0.dylib (0x1355bcd90). This may cause spurious casting failures and mysterious crashes. One of the duplicates must be removed or renamed.
[flat] 1500000 steps, 30 checkpoints, flat (no curriculum)

  steps=  50000  held=0.45  gate=0.45  bins=3/3  active= 90  (41541s)
  steps= 100000  held=0.42  gate=0.42  bins=3/3  active= 90  (41718s)
  steps= 150000  held=0.65  gate=0.65  bins=3/3  active= 90  (41864s)
  steps= 200000  held=0.83  gate=0.83  bins=3/3  active= 90  (41978s)
  steps= 250000  held=0.81  gate=0.81  bins=3/3  active= 90  (42085s)
  steps= 300000  held=0.56  gate=0.56  bins=3/3  active= 90  (42203s)
  steps= 350000  held=0.38  gate=0.38  bins=3/3  active= 90  (42334s)
  steps= 400000  held=0.40  gate=0.40  bins=3/3  active= 90  (42456s)
  steps= 450000  held=0.53  gate=0.53  bins=3/3  active= 90  (42566s)
  steps= 500000  held=0.51  gate=0.51  bins=3/3  active= 90  (42675s)
  steps= 550000  held=0.49  gate=0.49  bins=3/3  active= 90  (42784s)
  steps= 600000  held=0.45  gate=0.45  bins=3/3  active= 90  (42886s)
  steps= 650000  held=0.12  gate=0.12  bins=3/3  active= 90  (43021s)
  steps= 700000  held=0.65  gate=0.65  bins=3/3  active= 90  (43124s)
  steps= 750000  held=0.60  gate=0.60  bins=3/3  active= 90  (43232s)
  steps= 800000  held=0.71  gate=0.71  bins=3/3  active= 90  (43331s)
  steps= 850000  held=0.60  gate=0.60  bins=3/3  active= 90  (43436s)
  steps= 900000  held=0.42  gate=0.42  bins=3/3  active= 90  (43560s)
  steps= 950000  held=0.61  gate=0.61  bins=3/3  active= 90  (43667s)
  steps=1000000  held=0.68  gate=0.68  bins=3/3  active= 90  (43762s)
  steps=1050000  held=0.46  gate=0.46  bins=3/3  active= 90  (43878s)
  steps=1100000  held=0.58  gate=0.58  bins=3/3  active= 90  (43982s)
  steps=1150000  held=0.65  gate=0.65  bins=3/3  active= 90  (44079s)
  steps=1200000  held=0.59  gate=0.59  bins=3/3  active= 90  (44183s)
  steps=1250000  held=0.69  gate=0.69  bins=3/3  active= 90  (44274s)
  steps=1300000  held=0.65  gate=0.65  bins=3/3  active= 90  (44370s)
  steps=1350000  held=0.60  gate=0.60  bins=3/3  active= 90  (44469s)
  steps=1400000  held=0.50  gate=0.50  bins=3/3  active= 90  (44577s)
  steps=1450000  held=0.58  gate=0.58  bins=3/3  active= 90  (44679s)
  steps=1500000  held=0.72  gate=0.72  bins=3/3  active= 90  (44769s)

[flat] DONE  final held=0.72  steps_to_0.3=50,000  wall=44769s  -> flat_seed1.json
[flat] per-cell held: s17N0=0.89  s17N1=0.69  s17N2=0.47
