[size_order] train=90 layouts  held-out=36 layouts
objc[26823]: Class SDLApplication is implemented in both /Users/linmuyi/miniconda3/envs/llm_gs/lib/python3.9/site-packages/pygame/.dylibs/libSDL2-2.0.0.dylib (0x11294d2c8) and /Users/linmuyi/miniconda3/envs/llm_gs/lib/python3.9/site-packages/cv2/.dylibs/libSDL2-2.0.0.dylib (0x16a4f4890). This may cause spurious casting failures and mysterious crashes. One of the duplicates must be removed or renamed.
objc[26823]: Class SDLAppDelegate is implemented in both /Users/linmuyi/miniconda3/envs/llm_gs/lib/python3.9/site-packages/pygame/.dylibs/libSDL2-2.0.0.dylib (0x11294d318) and /Users/linmuyi/miniconda3/envs/llm_gs/lib/python3.9/site-packages/cv2/.dylibs/libSDL2-2.0.0.dylib (0x16a4f48e0). This may cause spurious casting failures and mysterious crashes. One of the duplicates must be removed or renamed.
objc[26823]: Class SDLTranslatorResponder is implemented in both /Users/linmuyi/miniconda3/envs/llm_gs/lib/python3.9/site-packages/pygame/.dylibs/libSDL2-2.0.0.dylib (0x11294d390) and /Users/linmuyi/miniconda3/envs/llm_gs/lib/python3.9/site-packages/cv2/.dylibs/libSDL2-2.0.0.dylib (0x16a4f4958). This may cause spurious casting failures and mysterious crashes. One of the duplicates must be removed or renamed.
objc[26823]: Class SDLMessageBoxPresenter is implemented in both /Users/linmuyi/miniconda3/envs/llm_gs/lib/python3.9/site-packages/pygame/.dylibs/libSDL2-2.0.0.dylib (0x11294d3b8) and /Users/linmuyi/miniconda3/envs/llm_gs/lib/python3.9/site-packages/cv2/.dylibs/libSDL2-2.0.0.dylib (0x16a4f4980). This may cause spurious casting failures and mysterious crashes. One of the duplicates must be removed or renamed.
objc[26823]: Class SDL_cocoametalview is implemented in both /Users/linmuyi/miniconda3/envs/llm_gs/lib/python3.9/site-packages/pygame/.dylibs/libSDL2-2.0.0.dylib (0x11294d408) and /Users/linmuyi/miniconda3/envs/llm_gs/lib/python3.9/site-packages/cv2/.dylibs/libSDL2-2.0.0.dylib (0x16a4f49d0). This may cause spurious casting failures and mysterious crashes. One of the duplicates must be removed or renamed.
objc[26823]: Class SDLOpenGLContext is implemented in both /Users/linmuyi/miniconda3/envs/llm_gs/lib/python3.9/site-packages/pygame/.dylibs/libSDL2-2.0.0.dylib (0x11294d458) and /Users/linmuyi/miniconda3/envs/llm_gs/lib/python3.9/site-packages/cv2/.dylibs/libSDL2-2.0.0.dylib (0x16a4f4a20). This may cause spurious casting failures and mysterious crashes. One of the duplicates must be removed or renamed.
objc[26823]: Class SDL_ShapeData is implemented in both /Users/linmuyi/miniconda3/envs/llm_gs/lib/python3.9/site-packages/pygame/.dylibs/libSDL2-2.0.0.dylib (0x11294d4d0) and /Users/linmuyi/miniconda3/envs/llm_gs/lib/python3.9/site-packages/cv2/.dylibs/libSDL2-2.0.0.dylib (0x16a4f4a98). This may cause spurious casting failures and mysterious crashes. One of the duplicates must be removed or renamed.
objc[26823]: Class SDL_CocoaClosure is implemented in both /Users/linmuyi/miniconda3/envs/llm_gs/lib/python3.9/site-packages/pygame/.dylibs/libSDL2-2.0.0.dylib (0x11294d520) and /Users/linmuyi/miniconda3/envs/llm_gs/lib/python3.9/site-packages/cv2/.dylibs/libSDL2-2.0.0.dylib (0x16a4f4ae8). This may cause spurious casting failures and mysterious crashes. One of the duplicates must be removed or renamed.
objc[26823]: Class SDL_VideoData is implemented in both /Users/linmuyi/miniconda3/envs/llm_gs/lib/python3.9/site-packages/pygame/.dylibs/libSDL2-2.0.0.dylib (0x11294d570) and /Users/linmuyi/miniconda3/envs/llm_gs/lib/python3.9/site-packages/cv2/.dylibs/libSDL2-2.0.0.dylib (0x16a4f4b38). This may cause spurious casting failures and mysterious crashes. One of the duplicates must be removed or renamed.
objc[26823]: Class SDL_WindowData is implemented in both /Users/linmuyi/miniconda3/envs/llm_gs/lib/python3.9/site-packages/pygame/.dylibs/libSDL2-2.0.0.dylib (0x11294d5c0) and /Users/linmuyi/miniconda3/envs/llm_gs/lib/python3.9/site-packages/cv2/.dylibs/libSDL2-2.0.0.dylib (0x16a4f4b88). This may cause spurious casting failures and mysterious crashes. One of the duplicates must be removed or renamed.
objc[26823]: Class SDLWindow is implemented in both /Users/linmuyi/miniconda3/envs/llm_gs/lib/python3.9/site-packages/pygame/.dylibs/libSDL2-2.0.0.dylib (0x11294d5e8) and /Users/linmuyi/miniconda3/envs/llm_gs/lib/python3.9/site-packages/cv2/.dylibs/libSDL2-2.0.0.dylib (0x16a4f4bb0). This may cause spurious casting failures and mysterious crashes. One of the duplicates must be removed or renamed.
objc[26823]: Class Cocoa_WindowListener is implemented in both /Users/linmuyi/miniconda3/envs/llm_gs/lib/python3.9/site-packages/pygame/.dylibs/libSDL2-2.0.0.dylib (0x11294d610) and /Users/linmuyi/miniconda3/envs/llm_gs/lib/python3.9/site-packages/cv2/.dylibs/libSDL2-2.0.0.dylib (0x16a4f4bd8). This may cause spurious casting failures and mysterious crashes. One of the duplicates must be removed or renamed.
objc[26823]: Class SDLView is implemented in both /Users/linmuyi/miniconda3/envs/llm_gs/lib/python3.9/site-packages/pygame/.dylibs/libSDL2-2.0.0.dylib (0x11294d688) and /Users/linmuyi/miniconda3/envs/llm_gs/lib/python3.9/site-packages/cv2/.dylibs/libSDL2-2.0.0.dylib (0x16a4f4c50). This may cause spurious casting failures and mysterious crashes. One of the duplicates must be removed or renamed.
objc[26823]: Class METAL_RenderData is implemented in both /Users/linmuyi/miniconda3/envs/llm_gs/lib/python3.9/site-packages/pygame/.dylibs/libSDL2-2.0.0.dylib (0x11294d700) and /Users/linmuyi/miniconda3/envs/llm_gs/lib/python3.9/site-packages/cv2/.dylibs/libSDL2-2.0.0.dylib (0x16a4f4cc8). This may cause spurious casting failures and mysterious crashes. One of the duplicates must be removed or renamed.
objc[26823]: Class METAL_TextureData is implemented in both /Users/linmuyi/miniconda3/envs/llm_gs/lib/python3.9/site-packages/pygame/.dylibs/libSDL2-2.0.0.dylib (0x11294d750) and /Users/linmuyi/miniconda3/envs/llm_gs/lib/python3.9/site-packages/cv2/.dylibs/libSDL2-2.0.0.dylib (0x16a4f4d18). This may cause spurious casting failures and mysterious crashes. One of the duplicates must be removed or renamed.
objc[26823]: Class SDL_RumbleMotor is implemented in both /Users/linmuyi/miniconda3/envs/llm_gs/lib/python3.9/site-packages/pygame/.dylibs/libSDL2-2.0.0.dylib (0x11294d778) and /Users/linmuyi/miniconda3/envs/llm_gs/lib/python3.9/site-packages/cv2/.dylibs/libSDL2-2.0.0.dylib (0x16a4f4d40). This may cause spurious casting failures and mysterious crashes. One of the duplicates must be removed or renamed.
objc[26823]: Class SDL_RumbleContext is implemented in both /Users/linmuyi/miniconda3/envs/llm_gs/lib/python3.9/site-packages/pygame/.dylibs/libSDL2-2.0.0.dylib (0x11294d7c8) and /Users/linmuyi/miniconda3/envs/llm_gs/lib/python3.9/site-packages/cv2/.dylibs/libSDL2-2.0.0.dylib (0x16a4f4d90). This may cause spurious casting failures and mysterious crashes. One of the duplicates must be removed or renamed.
[size_order] 600000 steps, 12 checkpoints, curriculum

  steps=  50000  held=0.06  gate=0.11  bins=1/3  active= 30  (31s)
  steps= 100000  held=0.06  gate=0.39  bins=1/3  active= 30  (71s)
  steps= 150000  held=0.09  gate=0.40  bins=2/3  active= 60  [UNLOCK:deadline]  (113s)
  steps= 200000  held=0.26  gate=0.71  bins=3/3  active= 90  [UNLOCK:gate]  (151s)
  steps= 250000  held=0.45  gate=0.45  bins=3/3  active= 90  (186s)
  steps= 300000  held=0.58  gate=0.58  bins=3/3  active= 90  (220s)
  steps= 350000  held=0.54  gate=0.54  bins=3/3  active= 90  (252s)
  steps= 400000  held=0.66  gate=0.66  bins=3/3  active= 90  (285s)
  steps= 450000  held=0.74  gate=0.74  bins=3/3  active= 90  (317s)
  steps= 500000  held=0.63  gate=0.63  bins=3/3  active= 90  (350s)
  steps= 550000  held=0.71  gate=0.71  bins=3/3  active= 90  (382s)
  steps= 600000  held=0.73  gate=0.73  bins=3/3  active= 90  (414s)

[size_order] DONE  final held=0.73  steps_to_0.3=250,000  wall=414s  -> size_order_seed2.json
[size_order] per-cell held: s7N1=0.75  s7N2=0.75  s7N3=0.81  s9N1=1.00  s9N2=0.75  s9N3=0.19  s11N1=1.00  s11N2=0.75  s11N3=0.56
