[flat] train=90 layouts  held-out=36 layouts
objc[66892]: Class SDLApplication is implemented in both /Users/linmuyi/miniconda3/envs/llm_gs/lib/python3.9/site-packages/pygame/.dylibs/libSDL2-2.0.0.dylib (0x107e612c8) and /Users/linmuyi/miniconda3/envs/llm_gs/lib/python3.9/site-packages/cv2/.dylibs/libSDL2-2.0.0.dylib (0x16d214890). This may cause spurious casting failures and mysterious crashes. One of the duplicates must be removed or renamed.
objc[66892]: Class SDLAppDelegate is implemented in both /Users/linmuyi/miniconda3/envs/llm_gs/lib/python3.9/site-packages/pygame/.dylibs/libSDL2-2.0.0.dylib (0x107e61318) and /Users/linmuyi/miniconda3/envs/llm_gs/lib/python3.9/site-packages/cv2/.dylibs/libSDL2-2.0.0.dylib (0x16d2148e0). This may cause spurious casting failures and mysterious crashes. One of the duplicates must be removed or renamed.
objc[66892]: Class SDLTranslatorResponder is implemented in both /Users/linmuyi/miniconda3/envs/llm_gs/lib/python3.9/site-packages/pygame/.dylibs/libSDL2-2.0.0.dylib (0x107e61390) and /Users/linmuyi/miniconda3/envs/llm_gs/lib/python3.9/site-packages/cv2/.dylibs/libSDL2-2.0.0.dylib (0x16d214958). This may cause spurious casting failures and mysterious crashes. One of the duplicates must be removed or renamed.
objc[66892]: Class SDLMessageBoxPresenter is implemented in both /Users/linmuyi/miniconda3/envs/llm_gs/lib/python3.9/site-packages/pygame/.dylibs/libSDL2-2.0.0.dylib (0x107e613b8) and /Users/linmuyi/miniconda3/envs/llm_gs/lib/python3.9/site-packages/cv2/.dylibs/libSDL2-2.0.0.dylib (0x16d214980). This may cause spurious casting failures and mysterious crashes. One of the duplicates must be removed or renamed.
objc[66892]: Class SDL_cocoametalview is implemented in both /Users/linmuyi/miniconda3/envs/llm_gs/lib/python3.9/site-packages/pygame/.dylibs/libSDL2-2.0.0.dylib (0x107e61408) and /Users/linmuyi/miniconda3/envs/llm_gs/lib/python3.9/site-packages/cv2/.dylibs/libSDL2-2.0.0.dylib (0x16d2149d0). This may cause spurious casting failures and mysterious crashes. One of the duplicates must be removed or renamed.
objc[66892]: Class SDLOpenGLContext is implemented in both /Users/linmuyi/miniconda3/envs/llm_gs/lib/python3.9/site-packages/pygame/.dylibs/libSDL2-2.0.0.dylib (0x107e61458) and /Users/linmuyi/miniconda3/envs/llm_gs/lib/python3.9/site-packages/cv2/.dylibs/libSDL2-2.0.0.dylib (0x16d214a20). This may cause spurious casting failures and mysterious crashes. One of the duplicates must be removed or renamed.
objc[66892]: Class SDL_ShapeData is implemented in both /Users/linmuyi/miniconda3/envs/llm_gs/lib/python3.9/site-packages/pygame/.dylibs/libSDL2-2.0.0.dylib (0x107e614d0) and /Users/linmuyi/miniconda3/envs/llm_gs/lib/python3.9/site-packages/cv2/.dylibs/libSDL2-2.0.0.dylib (0x16d214a98). This may cause spurious casting failures and mysterious crashes. One of the duplicates must be removed or renamed.
objc[66892]: Class SDL_CocoaClosure is implemented in both /Users/linmuyi/miniconda3/envs/llm_gs/lib/python3.9/site-packages/pygame/.dylibs/libSDL2-2.0.0.dylib (0x107e61520) and /Users/linmuyi/miniconda3/envs/llm_gs/lib/python3.9/site-packages/cv2/.dylibs/libSDL2-2.0.0.dylib (0x16d214ae8). This may cause spurious casting failures and mysterious crashes. One of the duplicates must be removed or renamed.
objc[66892]: Class SDL_VideoData is implemented in both /Users/linmuyi/miniconda3/envs/llm_gs/lib/python3.9/site-packages/pygame/.dylibs/libSDL2-2.0.0.dylib (0x107e61570) and /Users/linmuyi/miniconda3/envs/llm_gs/lib/python3.9/site-packages/cv2/.dylibs/libSDL2-2.0.0.dylib (0x16d214b38). This may cause spurious casting failures and mysterious crashes. One of the duplicates must be removed or renamed.
objc[66892]: Class SDL_WindowData is implemented in both /Users/linmuyi/miniconda3/envs/llm_gs/lib/python3.9/site-packages/pygame/.dylibs/libSDL2-2.0.0.dylib (0x107e615c0) and /Users/linmuyi/miniconda3/envs/llm_gs/lib/python3.9/site-packages/cv2/.dylibs/libSDL2-2.0.0.dylib (0x16d214b88). This may cause spurious casting failures and mysterious crashes. One of the duplicates must be removed or renamed.
objc[66892]: Class SDLWindow is implemented in both /Users/linmuyi/miniconda3/envs/llm_gs/lib/python3.9/site-packages/pygame/.dylibs/libSDL2-2.0.0.dylib (0x107e615e8) and /Users/linmuyi/miniconda3/envs/llm_gs/lib/python3.9/site-packages/cv2/.dylibs/libSDL2-2.0.0.dylib (0x16d214bb0). This may cause spurious casting failures and mysterious crashes. One of the duplicates must be removed or renamed.
objc[66892]: Class Cocoa_WindowListener is implemented in both /Users/linmuyi/miniconda3/envs/llm_gs/lib/python3.9/site-packages/pygame/.dylibs/libSDL2-2.0.0.dylib (0x107e61610) and /Users/linmuyi/miniconda3/envs/llm_gs/lib/python3.9/site-packages/cv2/.dylibs/libSDL2-2.0.0.dylib (0x16d214bd8). This may cause spurious casting failures and mysterious crashes. One of the duplicates must be removed or renamed.
objc[66892]: Class SDLView is implemented in both /Users/linmuyi/miniconda3/envs/llm_gs/lib/python3.9/site-packages/pygame/.dylibs/libSDL2-2.0.0.dylib (0x107e61688) and /Users/linmuyi/miniconda3/envs/llm_gs/lib/python3.9/site-packages/cv2/.dylibs/libSDL2-2.0.0.dylib (0x16d214c50). This may cause spurious casting failures and mysterious crashes. One of the duplicates must be removed or renamed.
objc[66892]: Class METAL_RenderData is implemented in both /Users/linmuyi/miniconda3/envs/llm_gs/lib/python3.9/site-packages/pygame/.dylibs/libSDL2-2.0.0.dylib (0x107e61700) and /Users/linmuyi/miniconda3/envs/llm_gs/lib/python3.9/site-packages/cv2/.dylibs/libSDL2-2.0.0.dylib (0x16d214cc8). This may cause spurious casting failures and mysterious crashes. One of the duplicates must be removed or renamed.
objc[66892]: Class METAL_TextureData is implemented in both /Users/linmuyi/miniconda3/envs/llm_gs/lib/python3.9/site-packages/pygame/.dylibs/libSDL2-2.0.0.dylib (0x107e61750) and /Users/linmuyi/miniconda3/envs/llm_gs/lib/python3.9/site-packages/cv2/.dylibs/libSDL2-2.0.0.dylib (0x16d214d18). This may cause spurious casting failures and mysterious crashes. One of the duplicates must be removed or renamed.
objc[66892]: Class SDL_RumbleMotor is implemented in both /Users/linmuyi/miniconda3/envs/llm_gs/lib/python3.9/site-packages/pygame/.dylibs/libSDL2-2.0.0.dylib (0x107e61778) and /Users/linmuyi/miniconda3/envs/llm_gs/lib/python3.9/site-packages/cv2/.dylibs/libSDL2-2.0.0.dylib (0x16d214d40). This may cause spurious casting failures and mysterious crashes. One of the duplicates must be removed or renamed.
objc[66892]: Class SDL_RumbleContext is implemented in both /Users/linmuyi/miniconda3/envs/llm_gs/lib/python3.9/site-packages/pygame/.dylibs/libSDL2-2.0.0.dylib (0x107e617c8) and /Users/linmuyi/miniconda3/envs/llm_gs/lib/python3.9/site-packages/cv2/.dylibs/libSDL2-2.0.0.dylib (0x16d214d90). This may cause spurious casting failures and mysterious crashes. One of the duplicates must be removed or renamed.
[flat] 600000 steps, 12 checkpoints, flat (no curriculum)

  steps=  50000  held=0.02  gate=0.02  bins=3/3  active= 90  (27s)
  steps= 100000  held=0.08  gate=0.08  bins=3/3  active= 90  (58s)
  steps= 150000  held=0.14  gate=0.14  bins=3/3  active= 90  (94s)
  steps= 200000  held=0.14  gate=0.14  bins=3/3  active= 90  (130s)
  steps= 250000  held=0.24  gate=0.24  bins=3/3  active= 90  (165s)
  steps= 300000  held=0.37  gate=0.37  bins=3/3  active= 90  (200s)
  steps= 350000  held=0.36  gate=0.36  bins=3/3  active= 90  (234s)
  steps= 400000  held=0.54  gate=0.54  bins=3/3  active= 90  (267s)
  steps= 450000  held=0.63  gate=0.63  bins=3/3  active= 90  (299s)
  steps= 500000  held=0.70  gate=0.70  bins=3/3  active= 90  (331s)
  steps= 550000  held=0.80  gate=0.80  bins=3/3  active= 90  (362s)
  steps= 600000  held=0.76  gate=0.76  bins=3/3  active= 90  (392s)

[flat] DONE  final held=0.76  steps_to_0.3=300,000  wall=392s  -> flat_seed9.json
[flat] per-cell held: s7N1=0.75  s7N2=0.88  s7N3=0.75  s9N1=1.00  s9N2=0.81  s9N3=0.56  s11N1=0.75  s11N2=0.94  s11N3=0.44
