[size_order] train=90 layouts  held-out=36 layouts
objc[68706]: Class SDLApplication is implemented in both /Users/linmuyi/miniconda3/envs/llm_gs/lib/python3.9/site-packages/pygame/.dylibs/libSDL2-2.0.0.dylib (0x1093612c8) and /Users/linmuyi/miniconda3/envs/llm_gs/lib/python3.9/site-packages/cv2/.dylibs/libSDL2-2.0.0.dylib (0x302610890). This may cause spurious casting failures and mysterious crashes. One of the duplicates must be removed or renamed.
objc[68706]: Class SDLAppDelegate is implemented in both /Users/linmuyi/miniconda3/envs/llm_gs/lib/python3.9/site-packages/pygame/.dylibs/libSDL2-2.0.0.dylib (0x109361318) and /Users/linmuyi/miniconda3/envs/llm_gs/lib/python3.9/site-packages/cv2/.dylibs/libSDL2-2.0.0.dylib (0x3026108e0). This may cause spurious casting failures and mysterious crashes. One of the duplicates must be removed or renamed.
objc[68706]: Class SDLTranslatorResponder is implemented in both /Users/linmuyi/miniconda3/envs/llm_gs/lib/python3.9/site-packages/pygame/.dylibs/libSDL2-2.0.0.dylib (0x109361390) and /Users/linmuyi/miniconda3/envs/llm_gs/lib/python3.9/site-packages/cv2/.dylibs/libSDL2-2.0.0.dylib (0x302610958). This may cause spurious casting failures and mysterious crashes. One of the duplicates must be removed or renamed.
objc[68706]: Class SDLMessageBoxPresenter is implemented in both /Users/linmuyi/miniconda3/envs/llm_gs/lib/python3.9/site-packages/pygame/.dylibs/libSDL2-2.0.0.dylib (0x1093613b8) and /Users/linmuyi/miniconda3/envs/llm_gs/lib/python3.9/site-packages/cv2/.dylibs/libSDL2-2.0.0.dylib (0x302610980). This may cause spurious casting failures and mysterious crashes. One of the duplicates must be removed or renamed.
objc[68706]: Class SDL_cocoametalview is implemented in both /Users/linmuyi/miniconda3/envs/llm_gs/lib/python3.9/site-packages/pygame/.dylibs/libSDL2-2.0.0.dylib (0x109361408) and /Users/linmuyi/miniconda3/envs/llm_gs/lib/python3.9/site-packages/cv2/.dylibs/libSDL2-2.0.0.dylib (0x3026109d0). This may cause spurious casting failures and mysterious crashes. One of the duplicates must be removed or renamed.
objc[68706]: Class SDLOpenGLContext is implemented in both /Users/linmuyi/miniconda3/envs/llm_gs/lib/python3.9/site-packages/pygame/.dylibs/libSDL2-2.0.0.dylib (0x109361458) and /Users/linmuyi/miniconda3/envs/llm_gs/lib/python3.9/site-packages/cv2/.dylibs/libSDL2-2.0.0.dylib (0x302610a20). This may cause spurious casting failures and mysterious crashes. One of the duplicates must be removed or renamed.
objc[68706]: Class SDL_ShapeData is implemented in both /Users/linmuyi/miniconda3/envs/llm_gs/lib/python3.9/site-packages/pygame/.dylibs/libSDL2-2.0.0.dylib (0x1093614d0) and /Users/linmuyi/miniconda3/envs/llm_gs/lib/python3.9/site-packages/cv2/.dylibs/libSDL2-2.0.0.dylib (0x302610a98). This may cause spurious casting failures and mysterious crashes. One of the duplicates must be removed or renamed.
objc[68706]: Class SDL_CocoaClosure is implemented in both /Users/linmuyi/miniconda3/envs/llm_gs/lib/python3.9/site-packages/pygame/.dylibs/libSDL2-2.0.0.dylib (0x109361520) and /Users/linmuyi/miniconda3/envs/llm_gs/lib/python3.9/site-packages/cv2/.dylibs/libSDL2-2.0.0.dylib (0x302610ae8). This may cause spurious casting failures and mysterious crashes. One of the duplicates must be removed or renamed.
objc[68706]: Class SDL_VideoData is implemented in both /Users/linmuyi/miniconda3/envs/llm_gs/lib/python3.9/site-packages/pygame/.dylibs/libSDL2-2.0.0.dylib (0x109361570) and /Users/linmuyi/miniconda3/envs/llm_gs/lib/python3.9/site-packages/cv2/.dylibs/libSDL2-2.0.0.dylib (0x302610b38). This may cause spurious casting failures and mysterious crashes. One of the duplicates must be removed or renamed.
objc[68706]: Class SDL_WindowData is implemented in both /Users/linmuyi/miniconda3/envs/llm_gs/lib/python3.9/site-packages/pygame/.dylibs/libSDL2-2.0.0.dylib (0x1093615c0) and /Users/linmuyi/miniconda3/envs/llm_gs/lib/python3.9/site-packages/cv2/.dylibs/libSDL2-2.0.0.dylib (0x302610b88). This may cause spurious casting failures and mysterious crashes. One of the duplicates must be removed or renamed.
objc[68706]: Class SDLWindow is implemented in both /Users/linmuyi/miniconda3/envs/llm_gs/lib/python3.9/site-packages/pygame/.dylibs/libSDL2-2.0.0.dylib (0x1093615e8) and /Users/linmuyi/miniconda3/envs/llm_gs/lib/python3.9/site-packages/cv2/.dylibs/libSDL2-2.0.0.dylib (0x302610bb0). This may cause spurious casting failures and mysterious crashes. One of the duplicates must be removed or renamed.
objc[68706]: Class Cocoa_WindowListener is implemented in both /Users/linmuyi/miniconda3/envs/llm_gs/lib/python3.9/site-packages/pygame/.dylibs/libSDL2-2.0.0.dylib (0x109361610) and /Users/linmuyi/miniconda3/envs/llm_gs/lib/python3.9/site-packages/cv2/.dylibs/libSDL2-2.0.0.dylib (0x302610bd8). This may cause spurious casting failures and mysterious crashes. One of the duplicates must be removed or renamed.
objc[68706]: Class SDLView is implemented in both /Users/linmuyi/miniconda3/envs/llm_gs/lib/python3.9/site-packages/pygame/.dylibs/libSDL2-2.0.0.dylib (0x109361688) and /Users/linmuyi/miniconda3/envs/llm_gs/lib/python3.9/site-packages/cv2/.dylibs/libSDL2-2.0.0.dylib (0x302610c50). This may cause spurious casting failures and mysterious crashes. One of the duplicates must be removed or renamed.
objc[68706]: Class METAL_RenderData is implemented in both /Users/linmuyi/miniconda3/envs/llm_gs/lib/python3.9/site-packages/pygame/.dylibs/libSDL2-2.0.0.dylib (0x109361700) and /Users/linmuyi/miniconda3/envs/llm_gs/lib/python3.9/site-packages/cv2/.dylibs/libSDL2-2.0.0.dylib (0x302610cc8). This may cause spurious casting failures and mysterious crashes. One of the duplicates must be removed or renamed.
objc[68706]: Class METAL_TextureData is implemented in both /Users/linmuyi/miniconda3/envs/llm_gs/lib/python3.9/site-packages/pygame/.dylibs/libSDL2-2.0.0.dylib (0x109361750) and /Users/linmuyi/miniconda3/envs/llm_gs/lib/python3.9/site-packages/cv2/.dylibs/libSDL2-2.0.0.dylib (0x302610d18). This may cause spurious casting failures and mysterious crashes. One of the duplicates must be removed or renamed.
objc[68706]: Class SDL_RumbleMotor is implemented in both /Users/linmuyi/miniconda3/envs/llm_gs/lib/python3.9/site-packages/pygame/.dylibs/libSDL2-2.0.0.dylib (0x109361778) and /Users/linmuyi/miniconda3/envs/llm_gs/lib/python3.9/site-packages/cv2/.dylibs/libSDL2-2.0.0.dylib (0x302610d40). This may cause spurious casting failures and mysterious crashes. One of the duplicates must be removed or renamed.
objc[68706]: Class SDL_RumbleContext is implemented in both /Users/linmuyi/miniconda3/envs/llm_gs/lib/python3.9/site-packages/pygame/.dylibs/libSDL2-2.0.0.dylib (0x1093617c8) and /Users/linmuyi/miniconda3/envs/llm_gs/lib/python3.9/site-packages/cv2/.dylibs/libSDL2-2.0.0.dylib (0x302610d90). This may cause spurious casting failures and mysterious crashes. One of the duplicates must be removed or renamed.
[size_order] 600000 steps, 12 checkpoints, curriculum

  steps=  50000  held=0.08  gate=0.38  bins=1/3  active= 30  (39s)
  steps= 100000  held=0.17  gate=0.58  bins=2/3  active= 60  [UNLOCK:gate]  (78s)
  steps= 150000  held=0.27  gate=0.54  bins=2/3  active= 60  (116s)
  steps= 200000  held=0.36  gate=0.62  bins=3/3  active= 90  [UNLOCK:gate]  (155s)
  steps= 250000  held=0.32  gate=0.32  bins=3/3  active= 90  (190s)
  steps= 300000  held=0.53  gate=0.53  bins=3/3  active= 90  (224s)
  steps= 350000  held=0.59  gate=0.59  bins=3/3  active= 90  (256s)
  steps= 400000  held=0.61  gate=0.61  bins=3/3  active= 90  (288s)
  steps= 450000  held=0.54  gate=0.54  bins=3/3  active= 90  (321s)
  steps= 500000  held=0.58  gate=0.58  bins=3/3  active= 90  (354s)
  steps= 550000  held=0.60  gate=0.60  bins=3/3  active= 90  (384s)
  steps= 600000  held=0.62  gate=0.62  bins=3/3  active= 90  (416s)

[size_order] DONE  final held=0.62  steps_to_0.3=200,000  wall=416s  -> size_order_seed9.json
[size_order] per-cell held: s7N1=0.69  s7N2=0.81  s7N3=0.75  s9N1=0.75  s9N2=0.75  s9N3=0.12  s11N1=0.88  s11N2=0.31  s11N3=0.56
