[size_order] train=90 layouts  held-out=36 layouts
objc[44352]: Class SDLApplication is implemented in both /Users/linmuyi/miniconda3/envs/llm_gs/lib/python3.9/site-packages/pygame/.dylibs/libSDL2-2.0.0.dylib (0x10a6c92c8) and /Users/linmuyi/miniconda3/envs/llm_gs/lib/python3.9/site-packages/cv2/.dylibs/libSDL2-2.0.0.dylib (0x154a28890). This may cause spurious casting failures and mysterious crashes. One of the duplicates must be removed or renamed.
objc[44352]: Class SDLAppDelegate is implemented in both /Users/linmuyi/miniconda3/envs/llm_gs/lib/python3.9/site-packages/pygame/.dylibs/libSDL2-2.0.0.dylib (0x10a6c9318) and /Users/linmuyi/miniconda3/envs/llm_gs/lib/python3.9/site-packages/cv2/.dylibs/libSDL2-2.0.0.dylib (0x154a288e0). This may cause spurious casting failures and mysterious crashes. One of the duplicates must be removed or renamed.
objc[44352]: Class SDLTranslatorResponder is implemented in both /Users/linmuyi/miniconda3/envs/llm_gs/lib/python3.9/site-packages/pygame/.dylibs/libSDL2-2.0.0.dylib (0x10a6c9390) and /Users/linmuyi/miniconda3/envs/llm_gs/lib/python3.9/site-packages/cv2/.dylibs/libSDL2-2.0.0.dylib (0x154a28958). This may cause spurious casting failures and mysterious crashes. One of the duplicates must be removed or renamed.
objc[44352]: Class SDLMessageBoxPresenter is implemented in both /Users/linmuyi/miniconda3/envs/llm_gs/lib/python3.9/site-packages/pygame/.dylibs/libSDL2-2.0.0.dylib (0x10a6c93b8) and /Users/linmuyi/miniconda3/envs/llm_gs/lib/python3.9/site-packages/cv2/.dylibs/libSDL2-2.0.0.dylib (0x154a28980). This may cause spurious casting failures and mysterious crashes. One of the duplicates must be removed or renamed.
objc[44352]: Class SDL_cocoametalview is implemented in both /Users/linmuyi/miniconda3/envs/llm_gs/lib/python3.9/site-packages/pygame/.dylibs/libSDL2-2.0.0.dylib (0x10a6c9408) and /Users/linmuyi/miniconda3/envs/llm_gs/lib/python3.9/site-packages/cv2/.dylibs/libSDL2-2.0.0.dylib (0x154a289d0). This may cause spurious casting failures and mysterious crashes. One of the duplicates must be removed or renamed.
objc[44352]: Class SDLOpenGLContext is implemented in both /Users/linmuyi/miniconda3/envs/llm_gs/lib/python3.9/site-packages/pygame/.dylibs/libSDL2-2.0.0.dylib (0x10a6c9458) and /Users/linmuyi/miniconda3/envs/llm_gs/lib/python3.9/site-packages/cv2/.dylibs/libSDL2-2.0.0.dylib (0x154a28a20). This may cause spurious casting failures and mysterious crashes. One of the duplicates must be removed or renamed.
objc[44352]: Class SDL_ShapeData is implemented in both /Users/linmuyi/miniconda3/envs/llm_gs/lib/python3.9/site-packages/pygame/.dylibs/libSDL2-2.0.0.dylib (0x10a6c94d0) and /Users/linmuyi/miniconda3/envs/llm_gs/lib/python3.9/site-packages/cv2/.dylibs/libSDL2-2.0.0.dylib (0x154a28a98). This may cause spurious casting failures and mysterious crashes. One of the duplicates must be removed or renamed.
objc[44352]: Class SDL_CocoaClosure is implemented in both /Users/linmuyi/miniconda3/envs/llm_gs/lib/python3.9/site-packages/pygame/.dylibs/libSDL2-2.0.0.dylib (0x10a6c9520) and /Users/linmuyi/miniconda3/envs/llm_gs/lib/python3.9/site-packages/cv2/.dylibs/libSDL2-2.0.0.dylib (0x154a28ae8). This may cause spurious casting failures and mysterious crashes. One of the duplicates must be removed or renamed.
objc[44352]: Class SDL_VideoData is implemented in both /Users/linmuyi/miniconda3/envs/llm_gs/lib/python3.9/site-packages/pygame/.dylibs/libSDL2-2.0.0.dylib (0x10a6c9570) and /Users/linmuyi/miniconda3/envs/llm_gs/lib/python3.9/site-packages/cv2/.dylibs/libSDL2-2.0.0.dylib (0x154a28b38). This may cause spurious casting failures and mysterious crashes. One of the duplicates must be removed or renamed.
objc[44352]: Class SDL_WindowData is implemented in both /Users/linmuyi/miniconda3/envs/llm_gs/lib/python3.9/site-packages/pygame/.dylibs/libSDL2-2.0.0.dylib (0x10a6c95c0) and /Users/linmuyi/miniconda3/envs/llm_gs/lib/python3.9/site-packages/cv2/.dylibs/libSDL2-2.0.0.dylib (0x154a28b88). This may cause spurious casting failures and mysterious crashes. One of the duplicates must be removed or renamed.
objc[44352]: Class SDLWindow is implemented in both /Users/linmuyi/miniconda3/envs/llm_gs/lib/python3.9/site-packages/pygame/.dylibs/libSDL2-2.0.0.dylib (0x10a6c95e8) and /Users/linmuyi/miniconda3/envs/llm_gs/lib/python3.9/site-packages/cv2/.dylibs/libSDL2-2.0.0.dylib (0x154a28bb0). This may cause spurious casting failures and mysterious crashes. One of the duplicates must be removed or renamed.
objc[44352]: Class Cocoa_WindowListener is implemented in both /Users/linmuyi/miniconda3/envs/llm_gs/lib/python3.9/site-packages/pygame/.dylibs/libSDL2-2.0.0.dylib (0x10a6c9610) and /Users/linmuyi/miniconda3/envs/llm_gs/lib/python3.9/site-packages/cv2/.dylibs/libSDL2-2.0.0.dylib (0x154a28bd8). This may cause spurious casting failures and mysterious crashes. One of the duplicates must be removed or renamed.
objc[44352]: Class SDLView is implemented in both /Users/linmuyi/miniconda3/envs/llm_gs/lib/python3.9/site-packages/pygame/.dylibs/libSDL2-2.0.0.dylib (0x10a6c9688) and /Users/linmuyi/miniconda3/envs/llm_gs/lib/python3.9/site-packages/cv2/.dylibs/libSDL2-2.0.0.dylib (0x154a28c50). This may cause spurious casting failures and mysterious crashes. One of the duplicates must be removed or renamed.
objc[44352]: Class METAL_RenderData is implemented in both /Users/linmuyi/miniconda3/envs/llm_gs/lib/python3.9/site-packages/pygame/.dylibs/libSDL2-2.0.0.dylib (0x10a6c9700) and /Users/linmuyi/miniconda3/envs/llm_gs/lib/python3.9/site-packages/cv2/.dylibs/libSDL2-2.0.0.dylib (0x154a28cc8). This may cause spurious casting failures and mysterious crashes. One of the duplicates must be removed or renamed.
objc[44352]: Class METAL_TextureData is implemented in both /Users/linmuyi/miniconda3/envs/llm_gs/lib/python3.9/site-packages/pygame/.dylibs/libSDL2-2.0.0.dylib (0x10a6c9750) and /Users/linmuyi/miniconda3/envs/llm_gs/lib/python3.9/site-packages/cv2/.dylibs/libSDL2-2.0.0.dylib (0x154a28d18). This may cause spurious casting failures and mysterious crashes. One of the duplicates must be removed or renamed.
objc[44352]: Class SDL_RumbleMotor is implemented in both /Users/linmuyi/miniconda3/envs/llm_gs/lib/python3.9/site-packages/pygame/.dylibs/libSDL2-2.0.0.dylib (0x10a6c9778) and /Users/linmuyi/miniconda3/envs/llm_gs/lib/python3.9/site-packages/cv2/.dylibs/libSDL2-2.0.0.dylib (0x154a28d40). This may cause spurious casting failures and mysterious crashes. One of the duplicates must be removed or renamed.
objc[44352]: Class SDL_RumbleContext is implemented in both /Users/linmuyi/miniconda3/envs/llm_gs/lib/python3.9/site-packages/pygame/.dylibs/libSDL2-2.0.0.dylib (0x10a6c97c8) and /Users/linmuyi/miniconda3/envs/llm_gs/lib/python3.9/site-packages/cv2/.dylibs/libSDL2-2.0.0.dylib (0x154a28d90). This may cause spurious casting failures and mysterious crashes. One of the duplicates must be removed or renamed.
[size_order] 600000 steps, 12 checkpoints, curriculum

  steps=  50000  held=0.06  gate=0.43  bins=1/3  active= 30  (31s)
  steps= 100000  held=0.16  gate=0.67  bins=2/3  active= 60  [UNLOCK:gate]  (69s)
  steps= 150000  held=0.28  gate=0.71  bins=3/3  active= 90  [UNLOCK:gate]  (105s)
  steps= 200000  held=0.38  gate=0.38  bins=3/3  active= 90  (137s)
  steps= 250000  held=0.36  gate=0.36  bins=3/3  active= 90  (170s)
  steps= 300000  held=0.49  gate=0.49  bins=3/3  active= 90  (203s)
  steps= 350000  held=0.45  gate=0.45  bins=3/3  active= 90  (235s)
  steps= 400000  held=0.49  gate=0.49  bins=3/3  active= 90  (267s)
  steps= 450000  held=0.49  gate=0.49  bins=3/3  active= 90  (299s)
  steps= 500000  held=0.44  gate=0.44  bins=3/3  active= 90  (331s)
  steps= 550000  held=0.47  gate=0.47  bins=3/3  active= 90  (363s)
  steps= 600000  held=0.44  gate=0.44  bins=3/3  active= 90  (399s)

[size_order] DONE  final held=0.44  steps_to_0.3=200,000  wall=399s  -> size_order_seed5.json
[size_order] per-cell held: s7N1=0.25  s7N2=0.50  s7N3=0.69  s9N1=0.75  s9N2=0.25  s9N3=0.00  s11N1=0.75  s11N2=0.50  s11N3=0.25
