[flat] train=90 layouts  held-out=36 layouts
objc[42348]: Class SDLApplication is implemented in both /Users/linmuyi/miniconda3/envs/llm_gs/lib/python3.9/site-packages/pygame/.dylibs/libSDL2-2.0.0.dylib (0x1074852c8) and /Users/linmuyi/miniconda3/envs/llm_gs/lib/python3.9/site-packages/cv2/.dylibs/libSDL2-2.0.0.dylib (0x13bfc4890). This may cause spurious casting failures and mysterious crashes. One of the duplicates must be removed or renamed.
objc[42348]: Class SDLAppDelegate is implemented in both /Users/linmuyi/miniconda3/envs/llm_gs/lib/python3.9/site-packages/pygame/.dylibs/libSDL2-2.0.0.dylib (0x107485318) and /Users/linmuyi/miniconda3/envs/llm_gs/lib/python3.9/site-packages/cv2/.dylibs/libSDL2-2.0.0.dylib (0x13bfc48e0). This may cause spurious casting failures and mysterious crashes. One of the duplicates must be removed or renamed.
objc[42348]: Class SDLTranslatorResponder is implemented in both /Users/linmuyi/miniconda3/envs/llm_gs/lib/python3.9/site-packages/pygame/.dylibs/libSDL2-2.0.0.dylib (0x107485390) and /Users/linmuyi/miniconda3/envs/llm_gs/lib/python3.9/site-packages/cv2/.dylibs/libSDL2-2.0.0.dylib (0x13bfc4958). This may cause spurious casting failures and mysterious crashes. One of the duplicates must be removed or renamed.
objc[42348]: Class SDLMessageBoxPresenter is implemented in both /Users/linmuyi/miniconda3/envs/llm_gs/lib/python3.9/site-packages/pygame/.dylibs/libSDL2-2.0.0.dylib (0x1074853b8) and /Users/linmuyi/miniconda3/envs/llm_gs/lib/python3.9/site-packages/cv2/.dylibs/libSDL2-2.0.0.dylib (0x13bfc4980). This may cause spurious casting failures and mysterious crashes. One of the duplicates must be removed or renamed.
objc[42348]: Class SDL_cocoametalview is implemented in both /Users/linmuyi/miniconda3/envs/llm_gs/lib/python3.9/site-packages/pygame/.dylibs/libSDL2-2.0.0.dylib (0x107485408) and /Users/linmuyi/miniconda3/envs/llm_gs/lib/python3.9/site-packages/cv2/.dylibs/libSDL2-2.0.0.dylib (0x13bfc49d0). This may cause spurious casting failures and mysterious crashes. One of the duplicates must be removed or renamed.
objc[42348]: Class SDLOpenGLContext is implemented in both /Users/linmuyi/miniconda3/envs/llm_gs/lib/python3.9/site-packages/pygame/.dylibs/libSDL2-2.0.0.dylib (0x107485458) and /Users/linmuyi/miniconda3/envs/llm_gs/lib/python3.9/site-packages/cv2/.dylibs/libSDL2-2.0.0.dylib (0x13bfc4a20). This may cause spurious casting failures and mysterious crashes. One of the duplicates must be removed or renamed.
objc[42348]: Class SDL_ShapeData is implemented in both /Users/linmuyi/miniconda3/envs/llm_gs/lib/python3.9/site-packages/pygame/.dylibs/libSDL2-2.0.0.dylib (0x1074854d0) and /Users/linmuyi/miniconda3/envs/llm_gs/lib/python3.9/site-packages/cv2/.dylibs/libSDL2-2.0.0.dylib (0x13bfc4a98). This may cause spurious casting failures and mysterious crashes. One of the duplicates must be removed or renamed.
objc[42348]: Class SDL_CocoaClosure is implemented in both /Users/linmuyi/miniconda3/envs/llm_gs/lib/python3.9/site-packages/pygame/.dylibs/libSDL2-2.0.0.dylib (0x107485520) and /Users/linmuyi/miniconda3/envs/llm_gs/lib/python3.9/site-packages/cv2/.dylibs/libSDL2-2.0.0.dylib (0x13bfc4ae8). This may cause spurious casting failures and mysterious crashes. One of the duplicates must be removed or renamed.
objc[42348]: Class SDL_VideoData is implemented in both /Users/linmuyi/miniconda3/envs/llm_gs/lib/python3.9/site-packages/pygame/.dylibs/libSDL2-2.0.0.dylib (0x107485570) and /Users/linmuyi/miniconda3/envs/llm_gs/lib/python3.9/site-packages/cv2/.dylibs/libSDL2-2.0.0.dylib (0x13bfc4b38). This may cause spurious casting failures and mysterious crashes. One of the duplicates must be removed or renamed.
objc[42348]: Class SDL_WindowData is implemented in both /Users/linmuyi/miniconda3/envs/llm_gs/lib/python3.9/site-packages/pygame/.dylibs/libSDL2-2.0.0.dylib (0x1074855c0) and /Users/linmuyi/miniconda3/envs/llm_gs/lib/python3.9/site-packages/cv2/.dylibs/libSDL2-2.0.0.dylib (0x13bfc4b88). This may cause spurious casting failures and mysterious crashes. One of the duplicates must be removed or renamed.
objc[42348]: Class SDLWindow is implemented in both /Users/linmuyi/miniconda3/envs/llm_gs/lib/python3.9/site-packages/pygame/.dylibs/libSDL2-2.0.0.dylib (0x1074855e8) and /Users/linmuyi/miniconda3/envs/llm_gs/lib/python3.9/site-packages/cv2/.dylibs/libSDL2-2.0.0.dylib (0x13bfc4bb0). This may cause spurious casting failures and mysterious crashes. One of the duplicates must be removed or renamed.
objc[42348]: Class Cocoa_WindowListener is implemented in both /Users/linmuyi/miniconda3/envs/llm_gs/lib/python3.9/site-packages/pygame/.dylibs/libSDL2-2.0.0.dylib (0x107485610) and /Users/linmuyi/miniconda3/envs/llm_gs/lib/python3.9/site-packages/cv2/.dylibs/libSDL2-2.0.0.dylib (0x13bfc4bd8). This may cause spurious casting failures and mysterious crashes. One of the duplicates must be removed or renamed.
objc[42348]: Class SDLView is implemented in both /Users/linmuyi/miniconda3/envs/llm_gs/lib/python3.9/site-packages/pygame/.dylibs/libSDL2-2.0.0.dylib (0x107485688) and /Users/linmuyi/miniconda3/envs/llm_gs/lib/python3.9/site-packages/cv2/.dylibs/libSDL2-2.0.0.dylib (0x13bfc4c50). This may cause spurious casting failures and mysterious crashes. One of the duplicates must be removed or renamed.
objc[42348]: Class METAL_RenderData is implemented in both /Users/linmuyi/miniconda3/envs/llm_gs/lib/python3.9/site-packages/pygame/.dylibs/libSDL2-2.0.0.dylib (0x107485700) and /Users/linmuyi/miniconda3/envs/llm_gs/lib/python3.9/site-packages/cv2/.dylibs/libSDL2-2.0.0.dylib (0x13bfc4cc8). This may cause spurious casting failures and mysterious crashes. One of the duplicates must be removed or renamed.
objc[42348]: Class METAL_TextureData is implemented in both /Users/linmuyi/miniconda3/envs/llm_gs/lib/python3.9/site-packages/pygame/.dylibs/libSDL2-2.0.0.dylib (0x107485750) and /Users/linmuyi/miniconda3/envs/llm_gs/lib/python3.9/site-packages/cv2/.dylibs/libSDL2-2.0.0.dylib (0x13bfc4d18). This may cause spurious casting failures and mysterious crashes. One of the duplicates must be removed or renamed.
objc[42348]: Class SDL_RumbleMotor is implemented in both /Users/linmuyi/miniconda3/envs/llm_gs/lib/python3.9/site-packages/pygame/.dylibs/libSDL2-2.0.0.dylib (0x107485778) and /Users/linmuyi/miniconda3/envs/llm_gs/lib/python3.9/site-packages/cv2/.dylibs/libSDL2-2.0.0.dylib (0x13bfc4d40). This may cause spurious casting failures and mysterious crashes. One of the duplicates must be removed or renamed.
objc[42348]: Class SDL_RumbleContext is implemented in both /Users/linmuyi/miniconda3/envs/llm_gs/lib/python3.9/site-packages/pygame/.dylibs/libSDL2-2.0.0.dylib (0x1074857c8) and /Users/linmuyi/miniconda3/envs/llm_gs/lib/python3.9/site-packages/cv2/.dylibs/libSDL2-2.0.0.dylib (0x13bfc4d90). This may cause spurious casting failures and mysterious crashes. One of the duplicates must be removed or renamed.
[flat] 600000 steps, 12 checkpoints, flat (no curriculum)

  steps=  50000  held=0.00  gate=0.00  bins=3/3  active= 90  (29s)
  steps= 100000  held=0.05  gate=0.05  bins=3/3  active= 90  (55s)
  steps= 150000  held=0.06  gate=0.06  bins=3/3  active= 90  (88s)
  steps= 200000  held=0.06  gate=0.06  bins=3/3  active= 90  (124s)
  steps= 250000  held=0.06  gate=0.06  bins=3/3  active= 90  (157s)
  steps= 300000  held=0.01  gate=0.01  bins=3/3  active= 90  (193s)
  steps= 350000  held=0.03  gate=0.03  bins=3/3  active= 90  (229s)
  steps= 400000  held=0.06  gate=0.06  bins=3/3  active= 90  (266s)
  steps= 450000  held=0.03  gate=0.03  bins=3/3  active= 90  (303s)
  steps= 500000  held=0.06  gate=0.06  bins=3/3  active= 90  (339s)
  steps= 550000  held=0.22  gate=0.22  bins=3/3  active= 90  (373s)
  steps= 600000  held=0.24  gate=0.24  bins=3/3  active= 90  (407s)

[flat] DONE  final held=0.24  steps_to_0.3=NOT REACHED  wall=407s  -> flat_seed5.json
[flat] per-cell held: s7N1=0.25  s7N2=0.12  s7N3=0.25  s9N1=0.25  s9N2=0.25  s9N3=0.00  s11N1=0.50  s11N2=0.44  s11N3=0.12
