[flat] train=90 layouts  held-out=36 layouts
objc[54775]: Class SDLApplication is implemented in both /Users/linmuyi/miniconda3/envs/llm_gs/lib/python3.9/site-packages/pygame/.dylibs/libSDL2-2.0.0.dylib (0x1066692c8) and /Users/linmuyi/miniconda3/envs/llm_gs/lib/python3.9/site-packages/cv2/.dylibs/libSDL2-2.0.0.dylib (0x16c548890). This may cause spurious casting failures and mysterious crashes. One of the duplicates must be removed or renamed.
objc[54775]: Class SDLAppDelegate is implemented in both /Users/linmuyi/miniconda3/envs/llm_gs/lib/python3.9/site-packages/pygame/.dylibs/libSDL2-2.0.0.dylib (0x106669318) and /Users/linmuyi/miniconda3/envs/llm_gs/lib/python3.9/site-packages/cv2/.dylibs/libSDL2-2.0.0.dylib (0x16c5488e0). This may cause spurious casting failures and mysterious crashes. One of the duplicates must be removed or renamed.
objc[54775]: Class SDLTranslatorResponder is implemented in both /Users/linmuyi/miniconda3/envs/llm_gs/lib/python3.9/site-packages/pygame/.dylibs/libSDL2-2.0.0.dylib (0x106669390) and /Users/linmuyi/miniconda3/envs/llm_gs/lib/python3.9/site-packages/cv2/.dylibs/libSDL2-2.0.0.dylib (0x16c548958). This may cause spurious casting failures and mysterious crashes. One of the duplicates must be removed or renamed.
objc[54775]: Class SDLMessageBoxPresenter is implemented in both /Users/linmuyi/miniconda3/envs/llm_gs/lib/python3.9/site-packages/pygame/.dylibs/libSDL2-2.0.0.dylib (0x1066693b8) and /Users/linmuyi/miniconda3/envs/llm_gs/lib/python3.9/site-packages/cv2/.dylibs/libSDL2-2.0.0.dylib (0x16c548980). This may cause spurious casting failures and mysterious crashes. One of the duplicates must be removed or renamed.
objc[54775]: Class SDL_cocoametalview is implemented in both /Users/linmuyi/miniconda3/envs/llm_gs/lib/python3.9/site-packages/pygame/.dylibs/libSDL2-2.0.0.dylib (0x106669408) and /Users/linmuyi/miniconda3/envs/llm_gs/lib/python3.9/site-packages/cv2/.dylibs/libSDL2-2.0.0.dylib (0x16c5489d0). This may cause spurious casting failures and mysterious crashes. One of the duplicates must be removed or renamed.
objc[54775]: Class SDLOpenGLContext is implemented in both /Users/linmuyi/miniconda3/envs/llm_gs/lib/python3.9/site-packages/pygame/.dylibs/libSDL2-2.0.0.dylib (0x106669458) and /Users/linmuyi/miniconda3/envs/llm_gs/lib/python3.9/site-packages/cv2/.dylibs/libSDL2-2.0.0.dylib (0x16c548a20). This may cause spurious casting failures and mysterious crashes. One of the duplicates must be removed or renamed.
objc[54775]: Class SDL_ShapeData is implemented in both /Users/linmuyi/miniconda3/envs/llm_gs/lib/python3.9/site-packages/pygame/.dylibs/libSDL2-2.0.0.dylib (0x1066694d0) and /Users/linmuyi/miniconda3/envs/llm_gs/lib/python3.9/site-packages/cv2/.dylibs/libSDL2-2.0.0.dylib (0x16c548a98). This may cause spurious casting failures and mysterious crashes. One of the duplicates must be removed or renamed.
objc[54775]: Class SDL_CocoaClosure is implemented in both /Users/linmuyi/miniconda3/envs/llm_gs/lib/python3.9/site-packages/pygame/.dylibs/libSDL2-2.0.0.dylib (0x106669520) and /Users/linmuyi/miniconda3/envs/llm_gs/lib/python3.9/site-packages/cv2/.dylibs/libSDL2-2.0.0.dylib (0x16c548ae8). This may cause spurious casting failures and mysterious crashes. One of the duplicates must be removed or renamed.
objc[54775]: Class SDL_VideoData is implemented in both /Users/linmuyi/miniconda3/envs/llm_gs/lib/python3.9/site-packages/pygame/.dylibs/libSDL2-2.0.0.dylib (0x106669570) and /Users/linmuyi/miniconda3/envs/llm_gs/lib/python3.9/site-packages/cv2/.dylibs/libSDL2-2.0.0.dylib (0x16c548b38). This may cause spurious casting failures and mysterious crashes. One of the duplicates must be removed or renamed.
objc[54775]: Class SDL_WindowData is implemented in both /Users/linmuyi/miniconda3/envs/llm_gs/lib/python3.9/site-packages/pygame/.dylibs/libSDL2-2.0.0.dylib (0x1066695c0) and /Users/linmuyi/miniconda3/envs/llm_gs/lib/python3.9/site-packages/cv2/.dylibs/libSDL2-2.0.0.dylib (0x16c548b88). This may cause spurious casting failures and mysterious crashes. One of the duplicates must be removed or renamed.
objc[54775]: Class SDLWindow is implemented in both /Users/linmuyi/miniconda3/envs/llm_gs/lib/python3.9/site-packages/pygame/.dylibs/libSDL2-2.0.0.dylib (0x1066695e8) and /Users/linmuyi/miniconda3/envs/llm_gs/lib/python3.9/site-packages/cv2/.dylibs/libSDL2-2.0.0.dylib (0x16c548bb0). This may cause spurious casting failures and mysterious crashes. One of the duplicates must be removed or renamed.
objc[54775]: Class Cocoa_WindowListener is implemented in both /Users/linmuyi/miniconda3/envs/llm_gs/lib/python3.9/site-packages/pygame/.dylibs/libSDL2-2.0.0.dylib (0x106669610) and /Users/linmuyi/miniconda3/envs/llm_gs/lib/python3.9/site-packages/cv2/.dylibs/libSDL2-2.0.0.dylib (0x16c548bd8). This may cause spurious casting failures and mysterious crashes. One of the duplicates must be removed or renamed.
objc[54775]: Class SDLView is implemented in both /Users/linmuyi/miniconda3/envs/llm_gs/lib/python3.9/site-packages/pygame/.dylibs/libSDL2-2.0.0.dylib (0x106669688) and /Users/linmuyi/miniconda3/envs/llm_gs/lib/python3.9/site-packages/cv2/.dylibs/libSDL2-2.0.0.dylib (0x16c548c50). This may cause spurious casting failures and mysterious crashes. One of the duplicates must be removed or renamed.
objc[54775]: Class METAL_RenderData is implemented in both /Users/linmuyi/miniconda3/envs/llm_gs/lib/python3.9/site-packages/pygame/.dylibs/libSDL2-2.0.0.dylib (0x106669700) and /Users/linmuyi/miniconda3/envs/llm_gs/lib/python3.9/site-packages/cv2/.dylibs/libSDL2-2.0.0.dylib (0x16c548cc8). This may cause spurious casting failures and mysterious crashes. One of the duplicates must be removed or renamed.
objc[54775]: Class METAL_TextureData is implemented in both /Users/linmuyi/miniconda3/envs/llm_gs/lib/python3.9/site-packages/pygame/.dylibs/libSDL2-2.0.0.dylib (0x106669750) and /Users/linmuyi/miniconda3/envs/llm_gs/lib/python3.9/site-packages/cv2/.dylibs/libSDL2-2.0.0.dylib (0x16c548d18). This may cause spurious casting failures and mysterious crashes. One of the duplicates must be removed or renamed.
objc[54775]: Class SDL_RumbleMotor is implemented in both /Users/linmuyi/miniconda3/envs/llm_gs/lib/python3.9/site-packages/pygame/.dylibs/libSDL2-2.0.0.dylib (0x106669778) and /Users/linmuyi/miniconda3/envs/llm_gs/lib/python3.9/site-packages/cv2/.dylibs/libSDL2-2.0.0.dylib (0x16c548d40). This may cause spurious casting failures and mysterious crashes. One of the duplicates must be removed or renamed.
objc[54775]: Class SDL_RumbleContext is implemented in both /Users/linmuyi/miniconda3/envs/llm_gs/lib/python3.9/site-packages/pygame/.dylibs/libSDL2-2.0.0.dylib (0x1066697c8) and /Users/linmuyi/miniconda3/envs/llm_gs/lib/python3.9/site-packages/cv2/.dylibs/libSDL2-2.0.0.dylib (0x16c548d90). This may cause spurious casting failures and mysterious crashes. One of the duplicates must be removed or renamed.
[flat] 600000 steps, 12 checkpoints, flat (no curriculum)

  steps=  50000  held=0.01  gate=0.01  bins=3/3  active= 90  (28s)
  steps= 100000  held=0.03  gate=0.03  bins=3/3  active= 90  (54s)
  steps= 150000  held=0.02  gate=0.02  bins=3/3  active= 90  (80s)
  steps= 200000  held=0.03  gate=0.03  bins=3/3  active= 90  (115s)
  steps= 250000  held=0.12  gate=0.12  bins=3/3  active= 90  (151s)
  steps= 300000  held=0.12  gate=0.12  bins=3/3  active= 90  (186s)
  steps= 350000  held=0.24  gate=0.24  bins=3/3  active= 90  (222s)
  steps= 400000  held=0.26  gate=0.26  bins=3/3  active= 90  (259s)
  steps= 450000  held=0.26  gate=0.26  bins=3/3  active= 90  (297s)
  steps= 500000  held=0.38  gate=0.38  bins=3/3  active= 90  (333s)
  steps= 550000  held=0.42  gate=0.42  bins=3/3  active= 90  (368s)
  steps= 600000  held=0.38  gate=0.38  bins=3/3  active= 90  (403s)

[flat] DONE  final held=0.38  steps_to_0.3=500,000  wall=403s  -> flat_seed7.json
[flat] per-cell held: s7N1=0.25  s7N2=0.25  s7N3=0.44  s9N1=0.50  s9N2=0.25  s9N3=0.00  s11N1=0.88  s11N2=0.25  s11N3=0.56
