[size_order] train=90 layouts  held-out=36 layouts
objc[39917]: Class SDLApplication is implemented in both /Users/linmuyi/miniconda3/envs/llm_gs/lib/python3.9/site-packages/pygame/.dylibs/libSDL2-2.0.0.dylib (0x1083e12c8) and /Users/linmuyi/miniconda3/envs/llm_gs/lib/python3.9/site-packages/cv2/.dylibs/libSDL2-2.0.0.dylib (0x16a118890). This may cause spurious casting failures and mysterious crashes. One of the duplicates must be removed or renamed.
objc[39917]: Class SDLAppDelegate is implemented in both /Users/linmuyi/miniconda3/envs/llm_gs/lib/python3.9/site-packages/pygame/.dylibs/libSDL2-2.0.0.dylib (0x1083e1318) and /Users/linmuyi/miniconda3/envs/llm_gs/lib/python3.9/site-packages/cv2/.dylibs/libSDL2-2.0.0.dylib (0x16a1188e0). This may cause spurious casting failures and mysterious crashes. One of the duplicates must be removed or renamed.
objc[39917]: Class SDLTranslatorResponder is implemented in both /Users/linmuyi/miniconda3/envs/llm_gs/lib/python3.9/site-packages/pygame/.dylibs/libSDL2-2.0.0.dylib (0x1083e1390) and /Users/linmuyi/miniconda3/envs/llm_gs/lib/python3.9/site-packages/cv2/.dylibs/libSDL2-2.0.0.dylib (0x16a118958). This may cause spurious casting failures and mysterious crashes. One of the duplicates must be removed or renamed.
objc[39917]: Class SDLMessageBoxPresenter is implemented in both /Users/linmuyi/miniconda3/envs/llm_gs/lib/python3.9/site-packages/pygame/.dylibs/libSDL2-2.0.0.dylib (0x1083e13b8) and /Users/linmuyi/miniconda3/envs/llm_gs/lib/python3.9/site-packages/cv2/.dylibs/libSDL2-2.0.0.dylib (0x16a118980). This may cause spurious casting failures and mysterious crashes. One of the duplicates must be removed or renamed.
objc[39917]: Class SDL_cocoametalview is implemented in both /Users/linmuyi/miniconda3/envs/llm_gs/lib/python3.9/site-packages/pygame/.dylibs/libSDL2-2.0.0.dylib (0x1083e1408) and /Users/linmuyi/miniconda3/envs/llm_gs/lib/python3.9/site-packages/cv2/.dylibs/libSDL2-2.0.0.dylib (0x16a1189d0). This may cause spurious casting failures and mysterious crashes. One of the duplicates must be removed or renamed.
objc[39917]: Class SDLOpenGLContext is implemented in both /Users/linmuyi/miniconda3/envs/llm_gs/lib/python3.9/site-packages/pygame/.dylibs/libSDL2-2.0.0.dylib (0x1083e1458) and /Users/linmuyi/miniconda3/envs/llm_gs/lib/python3.9/site-packages/cv2/.dylibs/libSDL2-2.0.0.dylib (0x16a118a20). This may cause spurious casting failures and mysterious crashes. One of the duplicates must be removed or renamed.
objc[39917]: Class SDL_ShapeData is implemented in both /Users/linmuyi/miniconda3/envs/llm_gs/lib/python3.9/site-packages/pygame/.dylibs/libSDL2-2.0.0.dylib (0x1083e14d0) and /Users/linmuyi/miniconda3/envs/llm_gs/lib/python3.9/site-packages/cv2/.dylibs/libSDL2-2.0.0.dylib (0x16a118a98). This may cause spurious casting failures and mysterious crashes. One of the duplicates must be removed or renamed.
objc[39917]: Class SDL_CocoaClosure is implemented in both /Users/linmuyi/miniconda3/envs/llm_gs/lib/python3.9/site-packages/pygame/.dylibs/libSDL2-2.0.0.dylib (0x1083e1520) and /Users/linmuyi/miniconda3/envs/llm_gs/lib/python3.9/site-packages/cv2/.dylibs/libSDL2-2.0.0.dylib (0x16a118ae8). This may cause spurious casting failures and mysterious crashes. One of the duplicates must be removed or renamed.
objc[39917]: Class SDL_VideoData is implemented in both /Users/linmuyi/miniconda3/envs/llm_gs/lib/python3.9/site-packages/pygame/.dylibs/libSDL2-2.0.0.dylib (0x1083e1570) and /Users/linmuyi/miniconda3/envs/llm_gs/lib/python3.9/site-packages/cv2/.dylibs/libSDL2-2.0.0.dylib (0x16a118b38). This may cause spurious casting failures and mysterious crashes. One of the duplicates must be removed or renamed.
objc[39917]: Class SDL_WindowData is implemented in both /Users/linmuyi/miniconda3/envs/llm_gs/lib/python3.9/site-packages/pygame/.dylibs/libSDL2-2.0.0.dylib (0x1083e15c0) and /Users/linmuyi/miniconda3/envs/llm_gs/lib/python3.9/site-packages/cv2/.dylibs/libSDL2-2.0.0.dylib (0x16a118b88). This may cause spurious casting failures and mysterious crashes. One of the duplicates must be removed or renamed.
objc[39917]: Class SDLWindow is implemented in both /Users/linmuyi/miniconda3/envs/llm_gs/lib/python3.9/site-packages/pygame/.dylibs/libSDL2-2.0.0.dylib (0x1083e15e8) and /Users/linmuyi/miniconda3/envs/llm_gs/lib/python3.9/site-packages/cv2/.dylibs/libSDL2-2.0.0.dylib (0x16a118bb0). This may cause spurious casting failures and mysterious crashes. One of the duplicates must be removed or renamed.
objc[39917]: Class Cocoa_WindowListener is implemented in both /Users/linmuyi/miniconda3/envs/llm_gs/lib/python3.9/site-packages/pygame/.dylibs/libSDL2-2.0.0.dylib (0x1083e1610) and /Users/linmuyi/miniconda3/envs/llm_gs/lib/python3.9/site-packages/cv2/.dylibs/libSDL2-2.0.0.dylib (0x16a118bd8). This may cause spurious casting failures and mysterious crashes. One of the duplicates must be removed or renamed.
objc[39917]: Class SDLView is implemented in both /Users/linmuyi/miniconda3/envs/llm_gs/lib/python3.9/site-packages/pygame/.dylibs/libSDL2-2.0.0.dylib (0x1083e1688) and /Users/linmuyi/miniconda3/envs/llm_gs/lib/python3.9/site-packages/cv2/.dylibs/libSDL2-2.0.0.dylib (0x16a118c50). This may cause spurious casting failures and mysterious crashes. One of the duplicates must be removed or renamed.
objc[39917]: Class METAL_RenderData is implemented in both /Users/linmuyi/miniconda3/envs/llm_gs/lib/python3.9/site-packages/pygame/.dylibs/libSDL2-2.0.0.dylib (0x1083e1700) and /Users/linmuyi/miniconda3/envs/llm_gs/lib/python3.9/site-packages/cv2/.dylibs/libSDL2-2.0.0.dylib (0x16a118cc8). This may cause spurious casting failures and mysterious crashes. One of the duplicates must be removed or renamed.
objc[39917]: Class METAL_TextureData is implemented in both /Users/linmuyi/miniconda3/envs/llm_gs/lib/python3.9/site-packages/pygame/.dylibs/libSDL2-2.0.0.dylib (0x1083e1750) and /Users/linmuyi/miniconda3/envs/llm_gs/lib/python3.9/site-packages/cv2/.dylibs/libSDL2-2.0.0.dylib (0x16a118d18). This may cause spurious casting failures and mysterious crashes. One of the duplicates must be removed or renamed.
objc[39917]: Class SDL_RumbleMotor is implemented in both /Users/linmuyi/miniconda3/envs/llm_gs/lib/python3.9/site-packages/pygame/.dylibs/libSDL2-2.0.0.dylib (0x1083e1778) and /Users/linmuyi/miniconda3/envs/llm_gs/lib/python3.9/site-packages/cv2/.dylibs/libSDL2-2.0.0.dylib (0x16a118d40). This may cause spurious casting failures and mysterious crashes. One of the duplicates must be removed or renamed.
objc[39917]: Class SDL_RumbleContext is implemented in both /Users/linmuyi/miniconda3/envs/llm_gs/lib/python3.9/site-packages/pygame/.dylibs/libSDL2-2.0.0.dylib (0x1083e17c8) and /Users/linmuyi/miniconda3/envs/llm_gs/lib/python3.9/site-packages/cv2/.dylibs/libSDL2-2.0.0.dylib (0x16a118d90). This may cause spurious casting failures and mysterious crashes. One of the duplicates must be removed or renamed.
[size_order] 600000 steps, 12 checkpoints, curriculum

  steps=  50000  held=0.06  gate=0.35  bins=1/3  active= 30  (37s)
  steps= 100000  held=0.12  gate=0.60  bins=2/3  active= 60  [UNLOCK:gate]  (73s)
  steps= 150000  held=0.23  gate=0.47  bins=2/3  active= 60  (109s)
  steps= 200000  held=0.18  gate=0.51  bins=2/3  active= 60  (149s)
  steps= 250000  held=0.51  gate=0.81  bins=3/3  active= 90  [UNLOCK:gate]  (184s)
  steps= 300000  held=0.54  gate=0.54  bins=3/3  active= 90  (215s)
  steps= 350000  held=0.59  gate=0.59  bins=3/3  active= 90  (247s)
  steps= 400000  held=0.60  gate=0.60  bins=3/3  active= 90  (279s)
  steps= 450000  held=0.62  gate=0.62  bins=3/3  active= 90  (310s)
  steps= 500000  held=0.78  gate=0.78  bins=3/3  active= 90  (340s)
  steps= 550000  held=0.58  gate=0.58  bins=3/3  active= 90  (370s)
  steps= 600000  held=0.62  gate=0.62  bins=3/3  active= 90  (401s)

[size_order] DONE  final held=0.62  steps_to_0.3=250,000  wall=401s  -> size_order_seed4.json
[size_order] per-cell held: s7N1=1.00  s7N2=0.62  s7N3=0.25  s9N1=0.88  s9N2=0.88  s9N3=0.25  s11N1=0.94  s11N2=0.62  s11N3=0.19
