[flat] train=90 layouts  held-out=36 layouts
objc[31758]: Class SDLApplication is implemented in both /Users/linmuyi/miniconda3/envs/llm_gs/lib/python3.9/site-packages/pygame/.dylibs/libSDL2-2.0.0.dylib (0x10c7052c8) and /Users/linmuyi/miniconda3/envs/llm_gs/lib/python3.9/site-packages/cv2/.dylibs/libSDL2-2.0.0.dylib (0x16a800890). This may cause spurious casting failures and mysterious crashes. One of the duplicates must be removed or renamed.
objc[31758]: Class SDLAppDelegate is implemented in both /Users/linmuyi/miniconda3/envs/llm_gs/lib/python3.9/site-packages/pygame/.dylibs/libSDL2-2.0.0.dylib (0x10c705318) and /Users/linmuyi/miniconda3/envs/llm_gs/lib/python3.9/site-packages/cv2/.dylibs/libSDL2-2.0.0.dylib (0x16a8008e0). This may cause spurious casting failures and mysterious crashes. One of the duplicates must be removed or renamed.
objc[31758]: Class SDLTranslatorResponder is implemented in both /Users/linmuyi/miniconda3/envs/llm_gs/lib/python3.9/site-packages/pygame/.dylibs/libSDL2-2.0.0.dylib (0x10c705390) and /Users/linmuyi/miniconda3/envs/llm_gs/lib/python3.9/site-packages/cv2/.dylibs/libSDL2-2.0.0.dylib (0x16a800958). This may cause spurious casting failures and mysterious crashes. One of the duplicates must be removed or renamed.
objc[31758]: Class SDLMessageBoxPresenter is implemented in both /Users/linmuyi/miniconda3/envs/llm_gs/lib/python3.9/site-packages/pygame/.dylibs/libSDL2-2.0.0.dylib (0x10c7053b8) and /Users/linmuyi/miniconda3/envs/llm_gs/lib/python3.9/site-packages/cv2/.dylibs/libSDL2-2.0.0.dylib (0x16a800980). This may cause spurious casting failures and mysterious crashes. One of the duplicates must be removed or renamed.
objc[31758]: Class SDL_cocoametalview is implemented in both /Users/linmuyi/miniconda3/envs/llm_gs/lib/python3.9/site-packages/pygame/.dylibs/libSDL2-2.0.0.dylib (0x10c705408) and /Users/linmuyi/miniconda3/envs/llm_gs/lib/python3.9/site-packages/cv2/.dylibs/libSDL2-2.0.0.dylib (0x16a8009d0). This may cause spurious casting failures and mysterious crashes. One of the duplicates must be removed or renamed.
objc[31758]: Class SDLOpenGLContext is implemented in both /Users/linmuyi/miniconda3/envs/llm_gs/lib/python3.9/site-packages/pygame/.dylibs/libSDL2-2.0.0.dylib (0x10c705458) and /Users/linmuyi/miniconda3/envs/llm_gs/lib/python3.9/site-packages/cv2/.dylibs/libSDL2-2.0.0.dylib (0x16a800a20). This may cause spurious casting failures and mysterious crashes. One of the duplicates must be removed or renamed.
objc[31758]: Class SDL_ShapeData is implemented in both /Users/linmuyi/miniconda3/envs/llm_gs/lib/python3.9/site-packages/pygame/.dylibs/libSDL2-2.0.0.dylib (0x10c7054d0) and /Users/linmuyi/miniconda3/envs/llm_gs/lib/python3.9/site-packages/cv2/.dylibs/libSDL2-2.0.0.dylib (0x16a800a98). This may cause spurious casting failures and mysterious crashes. One of the duplicates must be removed or renamed.
objc[31758]: Class SDL_CocoaClosure is implemented in both /Users/linmuyi/miniconda3/envs/llm_gs/lib/python3.9/site-packages/pygame/.dylibs/libSDL2-2.0.0.dylib (0x10c705520) and /Users/linmuyi/miniconda3/envs/llm_gs/lib/python3.9/site-packages/cv2/.dylibs/libSDL2-2.0.0.dylib (0x16a800ae8). This may cause spurious casting failures and mysterious crashes. One of the duplicates must be removed or renamed.
objc[31758]: Class SDL_VideoData is implemented in both /Users/linmuyi/miniconda3/envs/llm_gs/lib/python3.9/site-packages/pygame/.dylibs/libSDL2-2.0.0.dylib (0x10c705570) and /Users/linmuyi/miniconda3/envs/llm_gs/lib/python3.9/site-packages/cv2/.dylibs/libSDL2-2.0.0.dylib (0x16a800b38). This may cause spurious casting failures and mysterious crashes. One of the duplicates must be removed or renamed.
objc[31758]: Class SDL_WindowData is implemented in both /Users/linmuyi/miniconda3/envs/llm_gs/lib/python3.9/site-packages/pygame/.dylibs/libSDL2-2.0.0.dylib (0x10c7055c0) and /Users/linmuyi/miniconda3/envs/llm_gs/lib/python3.9/site-packages/cv2/.dylibs/libSDL2-2.0.0.dylib (0x16a800b88). This may cause spurious casting failures and mysterious crashes. One of the duplicates must be removed or renamed.
objc[31758]: Class SDLWindow is implemented in both /Users/linmuyi/miniconda3/envs/llm_gs/lib/python3.9/site-packages/pygame/.dylibs/libSDL2-2.0.0.dylib (0x10c7055e8) and /Users/linmuyi/miniconda3/envs/llm_gs/lib/python3.9/site-packages/cv2/.dylibs/libSDL2-2.0.0.dylib (0x16a800bb0). This may cause spurious casting failures and mysterious crashes. One of the duplicates must be removed or renamed.
objc[31758]: Class Cocoa_WindowListener is implemented in both /Users/linmuyi/miniconda3/envs/llm_gs/lib/python3.9/site-packages/pygame/.dylibs/libSDL2-2.0.0.dylib (0x10c705610) and /Users/linmuyi/miniconda3/envs/llm_gs/lib/python3.9/site-packages/cv2/.dylibs/libSDL2-2.0.0.dylib (0x16a800bd8). This may cause spurious casting failures and mysterious crashes. One of the duplicates must be removed or renamed.
objc[31758]: Class SDLView is implemented in both /Users/linmuyi/miniconda3/envs/llm_gs/lib/python3.9/site-packages/pygame/.dylibs/libSDL2-2.0.0.dylib (0x10c705688) and /Users/linmuyi/miniconda3/envs/llm_gs/lib/python3.9/site-packages/cv2/.dylibs/libSDL2-2.0.0.dylib (0x16a800c50). This may cause spurious casting failures and mysterious crashes. One of the duplicates must be removed or renamed.
objc[31758]: Class METAL_RenderData is implemented in both /Users/linmuyi/miniconda3/envs/llm_gs/lib/python3.9/site-packages/pygame/.dylibs/libSDL2-2.0.0.dylib (0x10c705700) and /Users/linmuyi/miniconda3/envs/llm_gs/lib/python3.9/site-packages/cv2/.dylibs/libSDL2-2.0.0.dylib (0x16a800cc8). This may cause spurious casting failures and mysterious crashes. One of the duplicates must be removed or renamed.
objc[31758]: Class METAL_TextureData is implemented in both /Users/linmuyi/miniconda3/envs/llm_gs/lib/python3.9/site-packages/pygame/.dylibs/libSDL2-2.0.0.dylib (0x10c705750) and /Users/linmuyi/miniconda3/envs/llm_gs/lib/python3.9/site-packages/cv2/.dylibs/libSDL2-2.0.0.dylib (0x16a800d18). This may cause spurious casting failures and mysterious crashes. One of the duplicates must be removed or renamed.
objc[31758]: Class SDL_RumbleMotor is implemented in both /Users/linmuyi/miniconda3/envs/llm_gs/lib/python3.9/site-packages/pygame/.dylibs/libSDL2-2.0.0.dylib (0x10c705778) and /Users/linmuyi/miniconda3/envs/llm_gs/lib/python3.9/site-packages/cv2/.dylibs/libSDL2-2.0.0.dylib (0x16a800d40). This may cause spurious casting failures and mysterious crashes. One of the duplicates must be removed or renamed.
objc[31758]: Class SDL_RumbleContext is implemented in both /Users/linmuyi/miniconda3/envs/llm_gs/lib/python3.9/site-packages/pygame/.dylibs/libSDL2-2.0.0.dylib (0x10c7057c8) and /Users/linmuyi/miniconda3/envs/llm_gs/lib/python3.9/site-packages/cv2/.dylibs/libSDL2-2.0.0.dylib (0x16a800d90). This may cause spurious casting failures and mysterious crashes. One of the duplicates must be removed or renamed.
[flat] 600000 steps, 12 checkpoints, flat (no curriculum)

  steps=  50000  held=0.01  gate=0.01  bins=3/3  active= 90  (34s)
  steps= 100000  held=0.01  gate=0.01  bins=3/3  active= 90  (66s)
  steps= 150000  held=0.03  gate=0.03  bins=3/3  active= 90  (93s)
  steps= 200000  held=0.03  gate=0.03  bins=3/3  active= 90  (124s)
  steps= 250000  held=0.03  gate=0.03  bins=3/3  active= 90  (159s)
  steps= 300000  held=0.08  gate=0.08  bins=3/3  active= 90  (197s)
  steps= 350000  held=0.08  gate=0.08  bins=3/3  active= 90  (235s)
  steps= 400000  held=0.12  gate=0.12  bins=3/3  active= 90  (274s)
  steps= 450000  held=0.05  gate=0.05  bins=3/3  active= 90  (313s)
  steps= 500000  held=0.04  gate=0.04  bins=3/3  active= 90  (353s)
  steps= 550000  held=0.12  gate=0.12  bins=3/3  active= 90  (389s)
  steps= 600000  held=0.05  gate=0.05  bins=3/3  active= 90  (429s)

[flat] DONE  final held=0.05  steps_to_0.3=NOT REACHED  wall=429s  -> flat_seed3.json
[flat] per-cell held: s7N1=0.00  s7N2=0.06  s7N3=0.00  s9N1=0.25  s9N2=0.00  s9N3=0.00  s11N1=0.12  s11N2=0.00  s11N3=0.00
