[flat] train=90 layouts  held-out=36 layouts
objc[24144]: Class SDLApplication is implemented in both /Users/linmuyi/miniconda3/envs/llm_gs/lib/python3.9/site-packages/pygame/.dylibs/libSDL2-2.0.0.dylib (0x104d792c8) and /Users/linmuyi/miniconda3/envs/llm_gs/lib/python3.9/site-packages/cv2/.dylibs/libSDL2-2.0.0.dylib (0x311ecc890). This may cause spurious casting failures and mysterious crashes. One of the duplicates must be removed or renamed.
objc[24144]: Class SDLAppDelegate is implemented in both /Users/linmuyi/miniconda3/envs/llm_gs/lib/python3.9/site-packages/pygame/.dylibs/libSDL2-2.0.0.dylib (0x104d79318) and /Users/linmuyi/miniconda3/envs/llm_gs/lib/python3.9/site-packages/cv2/.dylibs/libSDL2-2.0.0.dylib (0x311ecc8e0). This may cause spurious casting failures and mysterious crashes. One of the duplicates must be removed or renamed.
objc[24144]: Class SDLTranslatorResponder is implemented in both /Users/linmuyi/miniconda3/envs/llm_gs/lib/python3.9/site-packages/pygame/.dylibs/libSDL2-2.0.0.dylib (0x104d79390) and /Users/linmuyi/miniconda3/envs/llm_gs/lib/python3.9/site-packages/cv2/.dylibs/libSDL2-2.0.0.dylib (0x311ecc958). This may cause spurious casting failures and mysterious crashes. One of the duplicates must be removed or renamed.
objc[24144]: Class SDLMessageBoxPresenter is implemented in both /Users/linmuyi/miniconda3/envs/llm_gs/lib/python3.9/site-packages/pygame/.dylibs/libSDL2-2.0.0.dylib (0x104d793b8) and /Users/linmuyi/miniconda3/envs/llm_gs/lib/python3.9/site-packages/cv2/.dylibs/libSDL2-2.0.0.dylib (0x311ecc980). This may cause spurious casting failures and mysterious crashes. One of the duplicates must be removed or renamed.
objc[24144]: Class SDL_cocoametalview is implemented in both /Users/linmuyi/miniconda3/envs/llm_gs/lib/python3.9/site-packages/pygame/.dylibs/libSDL2-2.0.0.dylib (0x104d79408) and /Users/linmuyi/miniconda3/envs/llm_gs/lib/python3.9/site-packages/cv2/.dylibs/libSDL2-2.0.0.dylib (0x311ecc9d0). This may cause spurious casting failures and mysterious crashes. One of the duplicates must be removed or renamed.
objc[24144]: Class SDLOpenGLContext is implemented in both /Users/linmuyi/miniconda3/envs/llm_gs/lib/python3.9/site-packages/pygame/.dylibs/libSDL2-2.0.0.dylib (0x104d79458) and /Users/linmuyi/miniconda3/envs/llm_gs/lib/python3.9/site-packages/cv2/.dylibs/libSDL2-2.0.0.dylib (0x311ecca20). This may cause spurious casting failures and mysterious crashes. One of the duplicates must be removed or renamed.
objc[24144]: Class SDL_ShapeData is implemented in both /Users/linmuyi/miniconda3/envs/llm_gs/lib/python3.9/site-packages/pygame/.dylibs/libSDL2-2.0.0.dylib (0x104d794d0) and /Users/linmuyi/miniconda3/envs/llm_gs/lib/python3.9/site-packages/cv2/.dylibs/libSDL2-2.0.0.dylib (0x311ecca98). This may cause spurious casting failures and mysterious crashes. One of the duplicates must be removed or renamed.
objc[24144]: Class SDL_CocoaClosure is implemented in both /Users/linmuyi/miniconda3/envs/llm_gs/lib/python3.9/site-packages/pygame/.dylibs/libSDL2-2.0.0.dylib (0x104d79520) and /Users/linmuyi/miniconda3/envs/llm_gs/lib/python3.9/site-packages/cv2/.dylibs/libSDL2-2.0.0.dylib (0x311eccae8). This may cause spurious casting failures and mysterious crashes. One of the duplicates must be removed or renamed.
objc[24144]: Class SDL_VideoData is implemented in both /Users/linmuyi/miniconda3/envs/llm_gs/lib/python3.9/site-packages/pygame/.dylibs/libSDL2-2.0.0.dylib (0x104d79570) and /Users/linmuyi/miniconda3/envs/llm_gs/lib/python3.9/site-packages/cv2/.dylibs/libSDL2-2.0.0.dylib (0x311eccb38). This may cause spurious casting failures and mysterious crashes. One of the duplicates must be removed or renamed.
objc[24144]: Class SDL_WindowData is implemented in both /Users/linmuyi/miniconda3/envs/llm_gs/lib/python3.9/site-packages/pygame/.dylibs/libSDL2-2.0.0.dylib (0x104d795c0) and /Users/linmuyi/miniconda3/envs/llm_gs/lib/python3.9/site-packages/cv2/.dylibs/libSDL2-2.0.0.dylib (0x311eccb88). This may cause spurious casting failures and mysterious crashes. One of the duplicates must be removed or renamed.
objc[24144]: Class SDLWindow is implemented in both /Users/linmuyi/miniconda3/envs/llm_gs/lib/python3.9/site-packages/pygame/.dylibs/libSDL2-2.0.0.dylib (0x104d795e8) and /Users/linmuyi/miniconda3/envs/llm_gs/lib/python3.9/site-packages/cv2/.dylibs/libSDL2-2.0.0.dylib (0x311eccbb0). This may cause spurious casting failures and mysterious crashes. One of the duplicates must be removed or renamed.
objc[24144]: Class Cocoa_WindowListener is implemented in both /Users/linmuyi/miniconda3/envs/llm_gs/lib/python3.9/site-packages/pygame/.dylibs/libSDL2-2.0.0.dylib (0x104d79610) and /Users/linmuyi/miniconda3/envs/llm_gs/lib/python3.9/site-packages/cv2/.dylibs/libSDL2-2.0.0.dylib (0x311eccbd8). This may cause spurious casting failures and mysterious crashes. One of the duplicates must be removed or renamed.
objc[24144]: Class SDLView is implemented in both /Users/linmuyi/miniconda3/envs/llm_gs/lib/python3.9/site-packages/pygame/.dylibs/libSDL2-2.0.0.dylib (0x104d79688) and /Users/linmuyi/miniconda3/envs/llm_gs/lib/python3.9/site-packages/cv2/.dylibs/libSDL2-2.0.0.dylib (0x311eccc50). This may cause spurious casting failures and mysterious crashes. One of the duplicates must be removed or renamed.
objc[24144]: Class METAL_RenderData is implemented in both /Users/linmuyi/miniconda3/envs/llm_gs/lib/python3.9/site-packages/pygame/.dylibs/libSDL2-2.0.0.dylib (0x104d79700) and /Users/linmuyi/miniconda3/envs/llm_gs/lib/python3.9/site-packages/cv2/.dylibs/libSDL2-2.0.0.dylib (0x311ecccc8). This may cause spurious casting failures and mysterious crashes. One of the duplicates must be removed or renamed.
objc[24144]: Class METAL_TextureData is implemented in both /Users/linmuyi/miniconda3/envs/llm_gs/lib/python3.9/site-packages/pygame/.dylibs/libSDL2-2.0.0.dylib (0x104d79750) and /Users/linmuyi/miniconda3/envs/llm_gs/lib/python3.9/site-packages/cv2/.dylibs/libSDL2-2.0.0.dylib (0x311eccd18). This may cause spurious casting failures and mysterious crashes. One of the duplicates must be removed or renamed.
objc[24144]: Class SDL_RumbleMotor is implemented in both /Users/linmuyi/miniconda3/envs/llm_gs/lib/python3.9/site-packages/pygame/.dylibs/libSDL2-2.0.0.dylib (0x104d79778) and /Users/linmuyi/miniconda3/envs/llm_gs/lib/python3.9/site-packages/cv2/.dylibs/libSDL2-2.0.0.dylib (0x311eccd40). This may cause spurious casting failures and mysterious crashes. One of the duplicates must be removed or renamed.
objc[24144]: Class SDL_RumbleContext is implemented in both /Users/linmuyi/miniconda3/envs/llm_gs/lib/python3.9/site-packages/pygame/.dylibs/libSDL2-2.0.0.dylib (0x104d797c8) and /Users/linmuyi/miniconda3/envs/llm_gs/lib/python3.9/site-packages/cv2/.dylibs/libSDL2-2.0.0.dylib (0x311eccd90). This may cause spurious casting failures and mysterious crashes. One of the duplicates must be removed or renamed.
[flat] 600000 steps, 12 checkpoints, flat (no curriculum)

  steps=  50000  held=0.01  gate=0.01  bins=3/3  active= 90  (36s)
  steps= 100000  held=0.01  gate=0.01  bins=3/3  active= 90  (69s)
  steps= 150000  held=0.00  gate=0.00  bins=3/3  active= 90  (101s)
  steps= 200000  held=0.01  gate=0.01  bins=3/3  active= 90  (134s)
  steps= 250000  held=0.00  gate=0.00  bins=3/3  active= 90  (171s)
  steps= 300000  held=0.06  gate=0.06  bins=3/3  active= 90  (200s)
  steps= 350000  held=0.06  gate=0.06  bins=3/3  active= 90  (238s)
  steps= 400000  held=0.06  gate=0.06  bins=3/3  active= 90  (273s)
  steps= 450000  held=0.05  gate=0.05  bins=3/3  active= 90  (311s)
  steps= 500000  held=0.35  gate=0.35  bins=3/3  active= 90  (343s)
  steps= 550000  held=0.38  gate=0.38  bins=3/3  active= 90  (377s)
  steps= 600000  held=0.61  gate=0.61  bins=3/3  active= 90  (408s)

[flat] DONE  final held=0.61  steps_to_0.3=500,000  wall=408s  -> flat_seed2.json
[flat] per-cell held: s7N1=0.44  s7N2=0.50  s7N3=0.38  s9N1=0.75  s9N2=0.50  s9N3=0.69  s11N1=0.94  s11N2=0.69  s11N3=0.62
