[size_order] train=90 layouts  held-out=36 layouts
objc[62754]: Class SDLApplication is implemented in both /Users/linmuyi/miniconda3/envs/llm_gs/lib/python3.9/site-packages/pygame/.dylibs/libSDL2-2.0.0.dylib (0x11394d2c8) and /Users/linmuyi/miniconda3/envs/llm_gs/lib/python3.9/site-packages/cv2/.dylibs/libSDL2-2.0.0.dylib (0x17d440890). This may cause spurious casting failures and mysterious crashes. One of the duplicates must be removed or renamed.
objc[62754]: Class SDLAppDelegate is implemented in both /Users/linmuyi/miniconda3/envs/llm_gs/lib/python3.9/site-packages/pygame/.dylibs/libSDL2-2.0.0.dylib (0x11394d318) and /Users/linmuyi/miniconda3/envs/llm_gs/lib/python3.9/site-packages/cv2/.dylibs/libSDL2-2.0.0.dylib (0x17d4408e0). This may cause spurious casting failures and mysterious crashes. One of the duplicates must be removed or renamed.
objc[62754]: Class SDLTranslatorResponder is implemented in both /Users/linmuyi/miniconda3/envs/llm_gs/lib/python3.9/site-packages/pygame/.dylibs/libSDL2-2.0.0.dylib (0x11394d390) and /Users/linmuyi/miniconda3/envs/llm_gs/lib/python3.9/site-packages/cv2/.dylibs/libSDL2-2.0.0.dylib (0x17d440958). This may cause spurious casting failures and mysterious crashes. One of the duplicates must be removed or renamed.
objc[62754]: Class SDLMessageBoxPresenter is implemented in both /Users/linmuyi/miniconda3/envs/llm_gs/lib/python3.9/site-packages/pygame/.dylibs/libSDL2-2.0.0.dylib (0x11394d3b8) and /Users/linmuyi/miniconda3/envs/llm_gs/lib/python3.9/site-packages/cv2/.dylibs/libSDL2-2.0.0.dylib (0x17d440980). This may cause spurious casting failures and mysterious crashes. One of the duplicates must be removed or renamed.
objc[62754]: Class SDL_cocoametalview is implemented in both /Users/linmuyi/miniconda3/envs/llm_gs/lib/python3.9/site-packages/pygame/.dylibs/libSDL2-2.0.0.dylib (0x11394d408) and /Users/linmuyi/miniconda3/envs/llm_gs/lib/python3.9/site-packages/cv2/.dylibs/libSDL2-2.0.0.dylib (0x17d4409d0). This may cause spurious casting failures and mysterious crashes. One of the duplicates must be removed or renamed.
objc[62754]: Class SDLOpenGLContext is implemented in both /Users/linmuyi/miniconda3/envs/llm_gs/lib/python3.9/site-packages/pygame/.dylibs/libSDL2-2.0.0.dylib (0x11394d458) and /Users/linmuyi/miniconda3/envs/llm_gs/lib/python3.9/site-packages/cv2/.dylibs/libSDL2-2.0.0.dylib (0x17d440a20). This may cause spurious casting failures and mysterious crashes. One of the duplicates must be removed or renamed.
objc[62754]: Class SDL_ShapeData is implemented in both /Users/linmuyi/miniconda3/envs/llm_gs/lib/python3.9/site-packages/pygame/.dylibs/libSDL2-2.0.0.dylib (0x11394d4d0) and /Users/linmuyi/miniconda3/envs/llm_gs/lib/python3.9/site-packages/cv2/.dylibs/libSDL2-2.0.0.dylib (0x17d440a98). This may cause spurious casting failures and mysterious crashes. One of the duplicates must be removed or renamed.
objc[62754]: Class SDL_CocoaClosure is implemented in both /Users/linmuyi/miniconda3/envs/llm_gs/lib/python3.9/site-packages/pygame/.dylibs/libSDL2-2.0.0.dylib (0x11394d520) and /Users/linmuyi/miniconda3/envs/llm_gs/lib/python3.9/site-packages/cv2/.dylibs/libSDL2-2.0.0.dylib (0x17d440ae8). This may cause spurious casting failures and mysterious crashes. One of the duplicates must be removed or renamed.
objc[62754]: Class SDL_VideoData is implemented in both /Users/linmuyi/miniconda3/envs/llm_gs/lib/python3.9/site-packages/pygame/.dylibs/libSDL2-2.0.0.dylib (0x11394d570) and /Users/linmuyi/miniconda3/envs/llm_gs/lib/python3.9/site-packages/cv2/.dylibs/libSDL2-2.0.0.dylib (0x17d440b38). This may cause spurious casting failures and mysterious crashes. One of the duplicates must be removed or renamed.
objc[62754]: Class SDL_WindowData is implemented in both /Users/linmuyi/miniconda3/envs/llm_gs/lib/python3.9/site-packages/pygame/.dylibs/libSDL2-2.0.0.dylib (0x11394d5c0) and /Users/linmuyi/miniconda3/envs/llm_gs/lib/python3.9/site-packages/cv2/.dylibs/libSDL2-2.0.0.dylib (0x17d440b88). This may cause spurious casting failures and mysterious crashes. One of the duplicates must be removed or renamed.
objc[62754]: Class SDLWindow is implemented in both /Users/linmuyi/miniconda3/envs/llm_gs/lib/python3.9/site-packages/pygame/.dylibs/libSDL2-2.0.0.dylib (0x11394d5e8) and /Users/linmuyi/miniconda3/envs/llm_gs/lib/python3.9/site-packages/cv2/.dylibs/libSDL2-2.0.0.dylib (0x17d440bb0). This may cause spurious casting failures and mysterious crashes. One of the duplicates must be removed or renamed.
objc[62754]: Class Cocoa_WindowListener is implemented in both /Users/linmuyi/miniconda3/envs/llm_gs/lib/python3.9/site-packages/pygame/.dylibs/libSDL2-2.0.0.dylib (0x11394d610) and /Users/linmuyi/miniconda3/envs/llm_gs/lib/python3.9/site-packages/cv2/.dylibs/libSDL2-2.0.0.dylib (0x17d440bd8). This may cause spurious casting failures and mysterious crashes. One of the duplicates must be removed or renamed.
objc[62754]: Class SDLView is implemented in both /Users/linmuyi/miniconda3/envs/llm_gs/lib/python3.9/site-packages/pygame/.dylibs/libSDL2-2.0.0.dylib (0x11394d688) and /Users/linmuyi/miniconda3/envs/llm_gs/lib/python3.9/site-packages/cv2/.dylibs/libSDL2-2.0.0.dylib (0x17d440c50). This may cause spurious casting failures and mysterious crashes. One of the duplicates must be removed or renamed.
objc[62754]: Class METAL_RenderData is implemented in both /Users/linmuyi/miniconda3/envs/llm_gs/lib/python3.9/site-packages/pygame/.dylibs/libSDL2-2.0.0.dylib (0x11394d700) and /Users/linmuyi/miniconda3/envs/llm_gs/lib/python3.9/site-packages/cv2/.dylibs/libSDL2-2.0.0.dylib (0x17d440cc8). This may cause spurious casting failures and mysterious crashes. One of the duplicates must be removed or renamed.
objc[62754]: Class METAL_TextureData is implemented in both /Users/linmuyi/miniconda3/envs/llm_gs/lib/python3.9/site-packages/pygame/.dylibs/libSDL2-2.0.0.dylib (0x11394d750) and /Users/linmuyi/miniconda3/envs/llm_gs/lib/python3.9/site-packages/cv2/.dylibs/libSDL2-2.0.0.dylib (0x17d440d18). This may cause spurious casting failures and mysterious crashes. One of the duplicates must be removed or renamed.
objc[62754]: Class SDL_RumbleMotor is implemented in both /Users/linmuyi/miniconda3/envs/llm_gs/lib/python3.9/site-packages/pygame/.dylibs/libSDL2-2.0.0.dylib (0x11394d778) and /Users/linmuyi/miniconda3/envs/llm_gs/lib/python3.9/site-packages/cv2/.dylibs/libSDL2-2.0.0.dylib (0x17d440d40). This may cause spurious casting failures and mysterious crashes. One of the duplicates must be removed or renamed.
objc[62754]: Class SDL_RumbleContext is implemented in both /Users/linmuyi/miniconda3/envs/llm_gs/lib/python3.9/site-packages/pygame/.dylibs/libSDL2-2.0.0.dylib (0x11394d7c8) and /Users/linmuyi/miniconda3/envs/llm_gs/lib/python3.9/site-packages/cv2/.dylibs/libSDL2-2.0.0.dylib (0x17d440d90). This may cause spurious casting failures and mysterious crashes. One of the duplicates must be removed or renamed.
[size_order] 600000 steps, 12 checkpoints, curriculum

  steps=  50000  held=0.01  gate=0.18  bins=1/3  active= 30  (28s)
  steps= 100000  held=0.06  gate=0.33  bins=1/3  active= 30  (56s)
  steps= 150000  held=0.31  gate=0.68  bins=2/3  active= 60  [UNLOCK:gate]  (92s)
  steps= 200000  held=0.44  gate=0.83  bins=3/3  active= 90  [UNLOCK:gate]  (127s)
  steps= 250000  held=0.45  gate=0.45  bins=3/3  active= 90  (162s)
  steps= 300000  held=0.50  gate=0.50  bins=3/3  active= 90  (196s)
  steps= 350000  held=0.53  gate=0.53  bins=3/3  active= 90  (230s)
  steps= 400000  held=0.71  gate=0.71  bins=3/3  active= 90  (263s)
  steps= 450000  held=0.77  gate=0.77  bins=3/3  active= 90  (295s)
  steps= 500000  held=0.74  gate=0.74  bins=3/3  active= 90  (326s)
  steps= 550000  held=0.80  gate=0.80  bins=3/3  active= 90  (356s)
  steps= 600000  held=0.73  gate=0.73  bins=3/3  active= 90  (386s)

[size_order] DONE  final held=0.73  steps_to_0.3=150,000  wall=386s  -> size_order_seed8.json
[size_order] per-cell held: s7N1=0.81  s7N2=0.81  s7N3=1.00  s9N1=0.94  s9N2=0.56  s9N3=0.44  s11N1=0.69  s11N2=0.50  s11N3=0.81
