[size_order] train=90 layouts  held-out=36 layouts
objc[50140]: Class SDLApplication is implemented in both /Users/linmuyi/miniconda3/envs/llm_gs/lib/python3.9/site-packages/pygame/.dylibs/libSDL2-2.0.0.dylib (0x115b612c8) and /Users/linmuyi/miniconda3/envs/llm_gs/lib/python3.9/site-packages/cv2/.dylibs/libSDL2-2.0.0.dylib (0x13dc20890). This may cause spurious casting failures and mysterious crashes. One of the duplicates must be removed or renamed.
objc[50140]: Class SDLAppDelegate is implemented in both /Users/linmuyi/miniconda3/envs/llm_gs/lib/python3.9/site-packages/pygame/.dylibs/libSDL2-2.0.0.dylib (0x115b61318) and /Users/linmuyi/miniconda3/envs/llm_gs/lib/python3.9/site-packages/cv2/.dylibs/libSDL2-2.0.0.dylib (0x13dc208e0). This may cause spurious casting failures and mysterious crashes. One of the duplicates must be removed or renamed.
objc[50140]: Class SDLTranslatorResponder is implemented in both /Users/linmuyi/miniconda3/envs/llm_gs/lib/python3.9/site-packages/pygame/.dylibs/libSDL2-2.0.0.dylib (0x115b61390) and /Users/linmuyi/miniconda3/envs/llm_gs/lib/python3.9/site-packages/cv2/.dylibs/libSDL2-2.0.0.dylib (0x13dc20958). This may cause spurious casting failures and mysterious crashes. One of the duplicates must be removed or renamed.
objc[50140]: Class SDLMessageBoxPresenter is implemented in both /Users/linmuyi/miniconda3/envs/llm_gs/lib/python3.9/site-packages/pygame/.dylibs/libSDL2-2.0.0.dylib (0x115b613b8) and /Users/linmuyi/miniconda3/envs/llm_gs/lib/python3.9/site-packages/cv2/.dylibs/libSDL2-2.0.0.dylib (0x13dc20980). This may cause spurious casting failures and mysterious crashes. One of the duplicates must be removed or renamed.
objc[50140]: Class SDL_cocoametalview is implemented in both /Users/linmuyi/miniconda3/envs/llm_gs/lib/python3.9/site-packages/pygame/.dylibs/libSDL2-2.0.0.dylib (0x115b61408) and /Users/linmuyi/miniconda3/envs/llm_gs/lib/python3.9/site-packages/cv2/.dylibs/libSDL2-2.0.0.dylib (0x13dc209d0). This may cause spurious casting failures and mysterious crashes. One of the duplicates must be removed or renamed.
objc[50140]: Class SDLOpenGLContext is implemented in both /Users/linmuyi/miniconda3/envs/llm_gs/lib/python3.9/site-packages/pygame/.dylibs/libSDL2-2.0.0.dylib (0x115b61458) and /Users/linmuyi/miniconda3/envs/llm_gs/lib/python3.9/site-packages/cv2/.dylibs/libSDL2-2.0.0.dylib (0x13dc20a20). This may cause spurious casting failures and mysterious crashes. One of the duplicates must be removed or renamed.
objc[50140]: Class SDL_ShapeData is implemented in both /Users/linmuyi/miniconda3/envs/llm_gs/lib/python3.9/site-packages/pygame/.dylibs/libSDL2-2.0.0.dylib (0x115b614d0) and /Users/linmuyi/miniconda3/envs/llm_gs/lib/python3.9/site-packages/cv2/.dylibs/libSDL2-2.0.0.dylib (0x13dc20a98). This may cause spurious casting failures and mysterious crashes. One of the duplicates must be removed or renamed.
objc[50140]: Class SDL_CocoaClosure is implemented in both /Users/linmuyi/miniconda3/envs/llm_gs/lib/python3.9/site-packages/pygame/.dylibs/libSDL2-2.0.0.dylib (0x115b61520) and /Users/linmuyi/miniconda3/envs/llm_gs/lib/python3.9/site-packages/cv2/.dylibs/libSDL2-2.0.0.dylib (0x13dc20ae8). This may cause spurious casting failures and mysterious crashes. One of the duplicates must be removed or renamed.
objc[50140]: Class SDL_VideoData is implemented in both /Users/linmuyi/miniconda3/envs/llm_gs/lib/python3.9/site-packages/pygame/.dylibs/libSDL2-2.0.0.dylib (0x115b61570) and /Users/linmuyi/miniconda3/envs/llm_gs/lib/python3.9/site-packages/cv2/.dylibs/libSDL2-2.0.0.dylib (0x13dc20b38). This may cause spurious casting failures and mysterious crashes. One of the duplicates must be removed or renamed.
objc[50140]: Class SDL_WindowData is implemented in both /Users/linmuyi/miniconda3/envs/llm_gs/lib/python3.9/site-packages/pygame/.dylibs/libSDL2-2.0.0.dylib (0x115b615c0) and /Users/linmuyi/miniconda3/envs/llm_gs/lib/python3.9/site-packages/cv2/.dylibs/libSDL2-2.0.0.dylib (0x13dc20b88). This may cause spurious casting failures and mysterious crashes. One of the duplicates must be removed or renamed.
objc[50140]: Class SDLWindow is implemented in both /Users/linmuyi/miniconda3/envs/llm_gs/lib/python3.9/site-packages/pygame/.dylibs/libSDL2-2.0.0.dylib (0x115b615e8) and /Users/linmuyi/miniconda3/envs/llm_gs/lib/python3.9/site-packages/cv2/.dylibs/libSDL2-2.0.0.dylib (0x13dc20bb0). This may cause spurious casting failures and mysterious crashes. One of the duplicates must be removed or renamed.
objc[50140]: Class Cocoa_WindowListener is implemented in both /Users/linmuyi/miniconda3/envs/llm_gs/lib/python3.9/site-packages/pygame/.dylibs/libSDL2-2.0.0.dylib (0x115b61610) and /Users/linmuyi/miniconda3/envs/llm_gs/lib/python3.9/site-packages/cv2/.dylibs/libSDL2-2.0.0.dylib (0x13dc20bd8). This may cause spurious casting failures and mysterious crashes. One of the duplicates must be removed or renamed.
objc[50140]: Class SDLView is implemented in both /Users/linmuyi/miniconda3/envs/llm_gs/lib/python3.9/site-packages/pygame/.dylibs/libSDL2-2.0.0.dylib (0x115b61688) and /Users/linmuyi/miniconda3/envs/llm_gs/lib/python3.9/site-packages/cv2/.dylibs/libSDL2-2.0.0.dylib (0x13dc20c50). This may cause spurious casting failures and mysterious crashes. One of the duplicates must be removed or renamed.
objc[50140]: Class METAL_RenderData is implemented in both /Users/linmuyi/miniconda3/envs/llm_gs/lib/python3.9/site-packages/pygame/.dylibs/libSDL2-2.0.0.dylib (0x115b61700) and /Users/linmuyi/miniconda3/envs/llm_gs/lib/python3.9/site-packages/cv2/.dylibs/libSDL2-2.0.0.dylib (0x13dc20cc8). This may cause spurious casting failures and mysterious crashes. One of the duplicates must be removed or renamed.
objc[50140]: Class METAL_TextureData is implemented in both /Users/linmuyi/miniconda3/envs/llm_gs/lib/python3.9/site-packages/pygame/.dylibs/libSDL2-2.0.0.dylib (0x115b61750) and /Users/linmuyi/miniconda3/envs/llm_gs/lib/python3.9/site-packages/cv2/.dylibs/libSDL2-2.0.0.dylib (0x13dc20d18). This may cause spurious casting failures and mysterious crashes. One of the duplicates must be removed or renamed.
objc[50140]: Class SDL_RumbleMotor is implemented in both /Users/linmuyi/miniconda3/envs/llm_gs/lib/python3.9/site-packages/pygame/.dylibs/libSDL2-2.0.0.dylib (0x115b61778) and /Users/linmuyi/miniconda3/envs/llm_gs/lib/python3.9/site-packages/cv2/.dylibs/libSDL2-2.0.0.dylib (0x13dc20d40). This may cause spurious casting failures and mysterious crashes. One of the duplicates must be removed or renamed.
objc[50140]: Class SDL_RumbleContext is implemented in both /Users/linmuyi/miniconda3/envs/llm_gs/lib/python3.9/site-packages/pygame/.dylibs/libSDL2-2.0.0.dylib (0x115b617c8) and /Users/linmuyi/miniconda3/envs/llm_gs/lib/python3.9/site-packages/cv2/.dylibs/libSDL2-2.0.0.dylib (0x13dc20d90). This may cause spurious casting failures and mysterious crashes. One of the duplicates must be removed or renamed.
[size_order] 600000 steps, 12 checkpoints, curriculum

  steps=  50000  held=0.08  gate=0.40  bins=1/3  active= 30  (30s)
  steps= 100000  held=0.22  gate=0.33  bins=1/3  active= 30  (68s)
  steps= 150000  held=0.25  gate=0.49  bins=2/3  active= 60  [UNLOCK:deadline]  (106s)
  steps= 200000  held=0.21  gate=0.51  bins=2/3  active= 60  (145s)
  steps= 250000  held=0.20  gate=0.64  bins=3/3  active= 90  [UNLOCK:gate]  (185s)
  steps= 300000  held=0.24  gate=0.24  bins=3/3  active= 90  (222s)
  steps= 350000  held=0.33  gate=0.33  bins=3/3  active= 90  (256s)
  steps= 400000  held=0.34  gate=0.34  bins=3/3  active= 90  (292s)
  steps= 450000  held=0.39  gate=0.39  bins=3/3  active= 90  (325s)
  steps= 500000  held=0.47  gate=0.47  bins=3/3  active= 90  (357s)
  steps= 550000  held=0.58  gate=0.58  bins=3/3  active= 90  (389s)
  steps= 600000  held=0.58  gate=0.58  bins=3/3  active= 90  (420s)

[size_order] DONE  final held=0.58  steps_to_0.3=350,000  wall=420s  -> size_order_seed6.json
[size_order] per-cell held: s7N1=0.44  s7N2=0.50  s7N3=0.38  s9N1=0.88  s9N2=0.50  s9N3=0.12  s11N1=1.00  s11N2=0.94  s11N3=0.44
