[rivers_only] train=90 layouts  held-out=36 layouts
objc[40248]: Class SDLApplication is implemented in both /Users/linmuyi/miniconda3/envs/llm_gs/lib/python3.9/site-packages/pygame/.dylibs/libSDL2-2.0.0.dylib (0x1070ad2c8) and /Users/linmuyi/miniconda3/envs/llm_gs/lib/python3.9/site-packages/cv2/.dylibs/libSDL2-2.0.0.dylib (0x13b4bc890). This may cause spurious casting failures and mysterious crashes. One of the duplicates must be removed or renamed.
objc[40248]: Class SDLAppDelegate is implemented in both /Users/linmuyi/miniconda3/envs/llm_gs/lib/python3.9/site-packages/pygame/.dylibs/libSDL2-2.0.0.dylib (0x1070ad318) and /Users/linmuyi/miniconda3/envs/llm_gs/lib/python3.9/site-packages/cv2/.dylibs/libSDL2-2.0.0.dylib (0x13b4bc8e0). This may cause spurious casting failures and mysterious crashes. One of the duplicates must be removed or renamed.
objc[40248]: Class SDLTranslatorResponder is implemented in both /Users/linmuyi/miniconda3/envs/llm_gs/lib/python3.9/site-packages/pygame/.dylibs/libSDL2-2.0.0.dylib (0x1070ad390) and /Users/linmuyi/miniconda3/envs/llm_gs/lib/python3.9/site-packages/cv2/.dylibs/libSDL2-2.0.0.dylib (0x13b4bc958). This may cause spurious casting failures and mysterious crashes. One of the duplicates must be removed or renamed.
objc[40248]: Class SDLMessageBoxPresenter is implemented in both /Users/linmuyi/miniconda3/envs/llm_gs/lib/python3.9/site-packages/pygame/.dylibs/libSDL2-2.0.0.dylib (0x1070ad3b8) and /Users/linmuyi/miniconda3/envs/llm_gs/lib/python3.9/site-packages/cv2/.dylibs/libSDL2-2.0.0.dylib (0x13b4bc980). This may cause spurious casting failures and mysterious crashes. One of the duplicates must be removed or renamed.
objc[40248]: Class SDL_cocoametalview is implemented in both /Users/linmuyi/miniconda3/envs/llm_gs/lib/python3.9/site-packages/pygame/.dylibs/libSDL2-2.0.0.dylib (0x1070ad408) and /Users/linmuyi/miniconda3/envs/llm_gs/lib/python3.9/site-packages/cv2/.dylibs/libSDL2-2.0.0.dylib (0x13b4bc9d0). This may cause spurious casting failures and mysterious crashes. One of the duplicates must be removed or renamed.
objc[40248]: Class SDLOpenGLContext is implemented in both /Users/linmuyi/miniconda3/envs/llm_gs/lib/python3.9/site-packages/pygame/.dylibs/libSDL2-2.0.0.dylib (0x1070ad458) and /Users/linmuyi/miniconda3/envs/llm_gs/lib/python3.9/site-packages/cv2/.dylibs/libSDL2-2.0.0.dylib (0x13b4bca20). This may cause spurious casting failures and mysterious crashes. One of the duplicates must be removed or renamed.
objc[40248]: Class SDL_ShapeData is implemented in both /Users/linmuyi/miniconda3/envs/llm_gs/lib/python3.9/site-packages/pygame/.dylibs/libSDL2-2.0.0.dylib (0x1070ad4d0) and /Users/linmuyi/miniconda3/envs/llm_gs/lib/python3.9/site-packages/cv2/.dylibs/libSDL2-2.0.0.dylib (0x13b4bca98). This may cause spurious casting failures and mysterious crashes. One of the duplicates must be removed or renamed.
objc[40248]: Class SDL_CocoaClosure is implemented in both /Users/linmuyi/miniconda3/envs/llm_gs/lib/python3.9/site-packages/pygame/.dylibs/libSDL2-2.0.0.dylib (0x1070ad520) and /Users/linmuyi/miniconda3/envs/llm_gs/lib/python3.9/site-packages/cv2/.dylibs/libSDL2-2.0.0.dylib (0x13b4bcae8). This may cause spurious casting failures and mysterious crashes. One of the duplicates must be removed or renamed.
objc[40248]: Class SDL_VideoData is implemented in both /Users/linmuyi/miniconda3/envs/llm_gs/lib/python3.9/site-packages/pygame/.dylibs/libSDL2-2.0.0.dylib (0x1070ad570) and /Users/linmuyi/miniconda3/envs/llm_gs/lib/python3.9/site-packages/cv2/.dylibs/libSDL2-2.0.0.dylib (0x13b4bcb38). This may cause spurious casting failures and mysterious crashes. One of the duplicates must be removed or renamed.
objc[40248]: Class SDL_WindowData is implemented in both /Users/linmuyi/miniconda3/envs/llm_gs/lib/python3.9/site-packages/pygame/.dylibs/libSDL2-2.0.0.dylib (0x1070ad5c0) and /Users/linmuyi/miniconda3/envs/llm_gs/lib/python3.9/site-packages/cv2/.dylibs/libSDL2-2.0.0.dylib (0x13b4bcb88). This may cause spurious casting failures and mysterious crashes. One of the duplicates must be removed or renamed.
objc[40248]: Class SDLWindow is implemented in both /Users/linmuyi/miniconda3/envs/llm_gs/lib/python3.9/site-packages/pygame/.dylibs/libSDL2-2.0.0.dylib (0x1070ad5e8) and /Users/linmuyi/miniconda3/envs/llm_gs/lib/python3.9/site-packages/cv2/.dylibs/libSDL2-2.0.0.dylib (0x13b4bcbb0). This may cause spurious casting failures and mysterious crashes. One of the duplicates must be removed or renamed.
objc[40248]: Class Cocoa_WindowListener is implemented in both /Users/linmuyi/miniconda3/envs/llm_gs/lib/python3.9/site-packages/pygame/.dylibs/libSDL2-2.0.0.dylib (0x1070ad610) and /Users/linmuyi/miniconda3/envs/llm_gs/lib/python3.9/site-packages/cv2/.dylibs/libSDL2-2.0.0.dylib (0x13b4bcbd8). This may cause spurious casting failures and mysterious crashes. One of the duplicates must be removed or renamed.
objc[40248]: Class SDLView is implemented in both /Users/linmuyi/miniconda3/envs/llm_gs/lib/python3.9/site-packages/pygame/.dylibs/libSDL2-2.0.0.dylib (0x1070ad688) and /Users/linmuyi/miniconda3/envs/llm_gs/lib/python3.9/site-packages/cv2/.dylibs/libSDL2-2.0.0.dylib (0x13b4bcc50). This may cause spurious casting failures and mysterious crashes. One of the duplicates must be removed or renamed.
objc[40248]: Class METAL_RenderData is implemented in both /Users/linmuyi/miniconda3/envs/llm_gs/lib/python3.9/site-packages/pygame/.dylibs/libSDL2-2.0.0.dylib (0x1070ad700) and /Users/linmuyi/miniconda3/envs/llm_gs/lib/python3.9/site-packages/cv2/.dylibs/libSDL2-2.0.0.dylib (0x13b4bccc8). This may cause spurious casting failures and mysterious crashes. One of the duplicates must be removed or renamed.
objc[40248]: Class METAL_TextureData is implemented in both /Users/linmuyi/miniconda3/envs/llm_gs/lib/python3.9/site-packages/pygame/.dylibs/libSDL2-2.0.0.dylib (0x1070ad750) and /Users/linmuyi/miniconda3/envs/llm_gs/lib/python3.9/site-packages/cv2/.dylibs/libSDL2-2.0.0.dylib (0x13b4bcd18). This may cause spurious casting failures and mysterious crashes. One of the duplicates must be removed or renamed.
objc[40248]: Class SDL_RumbleMotor is implemented in both /Users/linmuyi/miniconda3/envs/llm_gs/lib/python3.9/site-packages/pygame/.dylibs/libSDL2-2.0.0.dylib (0x1070ad778) and /Users/linmuyi/miniconda3/envs/llm_gs/lib/python3.9/site-packages/cv2/.dylibs/libSDL2-2.0.0.dylib (0x13b4bcd40). This may cause spurious casting failures and mysterious crashes. One of the duplicates must be removed or renamed.
objc[40248]: Class SDL_RumbleContext is implemented in both /Users/linmuyi/miniconda3/envs/llm_gs/lib/python3.9/site-packages/pygame/.dylibs/libSDL2-2.0.0.dylib (0x1070ad7c8) and /Users/linmuyi/miniconda3/envs/llm_gs/lib/python3.9/site-packages/cv2/.dylibs/libSDL2-2.0.0.dylib (0x13b4bcd90). This may cause spurious casting failures and mysterious crashes. One of the duplicates must be removed or renamed.
[rivers_only] 1500000 steps, 30 checkpoints, curriculum

  steps=  50000  held=0.00  gate=0.03  bins=1/3  active= 30  (30s)
  steps= 100000  held=0.00  gate=0.00  bins=1/3  active= 30  (77s)
  steps= 150000  held=0.00  gate=0.00  bins=1/3  active= 30  (127s)
  steps= 200000  held=0.00  gate=0.00  bins=1/3  active= 30  (187s)
  steps= 250000  held=0.00  gate=0.00  bins=1/3  active= 30  (247s)
  steps= 300000  held=0.00  gate=0.00  bins=1/3  active= 30  (302s)
  steps= 350000  held=0.00  gate=0.00  bins=1/3  active= 30  (349s)
  steps= 400000  held=0.00  gate=0.00  bins=2/3  active= 60  [UNLOCK:deadline]  (407s)
  steps= 450000  held=0.00  gate=0.04  bins=2/3  active= 60  (454s)
  steps= 500000  held=0.01  gate=0.03  bins=2/3  active= 60  (515s)
  steps= 550000  held=0.01  gate=0.00  bins=2/3  active= 60  (586s)
  steps= 600000  held=0.00  gate=0.01  bins=2/3  active= 60  (649s)
  steps= 650000  held=0.00  gate=0.00  bins=2/3  active= 60  (708s)
  steps= 700000  held=0.00  gate=0.00  bins=2/3  active= 60  (766s)
  steps= 750000  held=0.00  gate=0.01  bins=2/3  active= 60  (825s)
  steps= 800000  held=0.00  gate=0.00  bins=3/3  active= 90  [UNLOCK:deadline]  (886s)
  steps= 850000  held=0.00  gate=0.00  bins=3/3  active= 90  (933s)
  steps= 900000  held=0.00  gate=0.00  bins=3/3  active= 90  (980s)
  steps= 950000  held=0.00  gate=0.00  bins=3/3  active= 90  (1019s)
  steps=1000000  held=0.00  gate=0.00  bins=3/3  active= 90  (1050s)
  steps=1050000  held=0.01  gate=0.01  bins=3/3  active= 90  (1084s)
  steps=1100000  held=0.03  gate=0.03  bins=3/3  active= 90  (1130s)
  steps=1150000  held=0.03  gate=0.03  bins=3/3  active= 90  (1176s)
  steps=1200000  held=0.03  gate=0.03  bins=3/3  active= 90  (1221s)
  steps=1250000  held=0.03  gate=0.03  bins=3/3  active= 90  (1263s)
  steps=1300000  held=0.01  gate=0.01  bins=3/3  active= 90  (1310s)
  steps=1350000  held=0.00  gate=0.00  bins=3/3  active= 90  (1355s)
  steps=1400000  held=0.00  gate=0.00  bins=3/3  active= 90  (1398s)
  steps=1450000  held=0.00  gate=0.00  bins=3/3  active= 90  (1440s)
  steps=1500000  held=0.00  gate=0.00  bins=3/3  active= 90  (1487s)

[rivers_only] DONE  final held=0.00  steps_to_0.3=NOT REACHED  wall=1487s  -> rivers_only_seed22.json
[rivers_only] per-cell held: s9N1=0.00  s9N2=0.00  s9N3=0.00  s13N1=0.00  s13N2=0.00  s13N3=0.00  s17N1=0.00  s17N2=0.00  s17N3=0.00
