[grader] train=90 layouts  held-out=36 layouts
objc[1272]: Class SDLApplication is implemented in both /Users/linmuyi/miniconda3/envs/llm_gs/lib/python3.9/site-packages/pygame/.dylibs/libSDL2-2.0.0.dylib (0x1105412c8) and /Users/linmuyi/miniconda3/envs/llm_gs/lib/python3.9/site-packages/cv2/.dylibs/libSDL2-2.0.0.dylib (0x31d8dc890). This may cause spurious casting failures and mysterious crashes. One of the duplicates must be removed or renamed.
objc[1272]: Class SDLAppDelegate is implemented in both /Users/linmuyi/miniconda3/envs/llm_gs/lib/python3.9/site-packages/pygame/.dylibs/libSDL2-2.0.0.dylib (0x110541318) and /Users/linmuyi/miniconda3/envs/llm_gs/lib/python3.9/site-packages/cv2/.dylibs/libSDL2-2.0.0.dylib (0x31d8dc8e0). This may cause spurious casting failures and mysterious crashes. One of the duplicates must be removed or renamed.
objc[1272]: Class SDLTranslatorResponder is implemented in both /Users/linmuyi/miniconda3/envs/llm_gs/lib/python3.9/site-packages/pygame/.dylibs/libSDL2-2.0.0.dylib (0x110541390) and /Users/linmuyi/miniconda3/envs/llm_gs/lib/python3.9/site-packages/cv2/.dylibs/libSDL2-2.0.0.dylib (0x31d8dc958). This may cause spurious casting failures and mysterious crashes. One of the duplicates must be removed or renamed.
objc[1272]: Class SDLMessageBoxPresenter is implemented in both /Users/linmuyi/miniconda3/envs/llm_gs/lib/python3.9/site-packages/pygame/.dylibs/libSDL2-2.0.0.dylib (0x1105413b8) and /Users/linmuyi/miniconda3/envs/llm_gs/lib/python3.9/site-packages/cv2/.dylibs/libSDL2-2.0.0.dylib (0x31d8dc980). This may cause spurious casting failures and mysterious crashes. One of the duplicates must be removed or renamed.
objc[1272]: Class SDL_cocoametalview is implemented in both /Users/linmuyi/miniconda3/envs/llm_gs/lib/python3.9/site-packages/pygame/.dylibs/libSDL2-2.0.0.dylib (0x110541408) and /Users/linmuyi/miniconda3/envs/llm_gs/lib/python3.9/site-packages/cv2/.dylibs/libSDL2-2.0.0.dylib (0x31d8dc9d0). This may cause spurious casting failures and mysterious crashes. One of the duplicates must be removed or renamed.
objc[1272]: Class SDLOpenGLContext is implemented in both /Users/linmuyi/miniconda3/envs/llm_gs/lib/python3.9/site-packages/pygame/.dylibs/libSDL2-2.0.0.dylib (0x110541458) and /Users/linmuyi/miniconda3/envs/llm_gs/lib/python3.9/site-packages/cv2/.dylibs/libSDL2-2.0.0.dylib (0x31d8dca20). This may cause spurious casting failures and mysterious crashes. One of the duplicates must be removed or renamed.
objc[1272]: Class SDL_ShapeData is implemented in both /Users/linmuyi/miniconda3/envs/llm_gs/lib/python3.9/site-packages/pygame/.dylibs/libSDL2-2.0.0.dylib (0x1105414d0) and /Users/linmuyi/miniconda3/envs/llm_gs/lib/python3.9/site-packages/cv2/.dylibs/libSDL2-2.0.0.dylib (0x31d8dca98). This may cause spurious casting failures and mysterious crashes. One of the duplicates must be removed or renamed.
objc[1272]: Class SDL_CocoaClosure is implemented in both /Users/linmuyi/miniconda3/envs/llm_gs/lib/python3.9/site-packages/pygame/.dylibs/libSDL2-2.0.0.dylib (0x110541520) and /Users/linmuyi/miniconda3/envs/llm_gs/lib/python3.9/site-packages/cv2/.dylibs/libSDL2-2.0.0.dylib (0x31d8dcae8). This may cause spurious casting failures and mysterious crashes. One of the duplicates must be removed or renamed.
objc[1272]: Class SDL_VideoData is implemented in both /Users/linmuyi/miniconda3/envs/llm_gs/lib/python3.9/site-packages/pygame/.dylibs/libSDL2-2.0.0.dylib (0x110541570) and /Users/linmuyi/miniconda3/envs/llm_gs/lib/python3.9/site-packages/cv2/.dylibs/libSDL2-2.0.0.dylib (0x31d8dcb38). This may cause spurious casting failures and mysterious crashes. One of the duplicates must be removed or renamed.
objc[1272]: Class SDL_WindowData is implemented in both /Users/linmuyi/miniconda3/envs/llm_gs/lib/python3.9/site-packages/pygame/.dylibs/libSDL2-2.0.0.dylib (0x1105415c0) and /Users/linmuyi/miniconda3/envs/llm_gs/lib/python3.9/site-packages/cv2/.dylibs/libSDL2-2.0.0.dylib (0x31d8dcb88). This may cause spurious casting failures and mysterious crashes. One of the duplicates must be removed or renamed.
objc[1272]: Class SDLWindow is implemented in both /Users/linmuyi/miniconda3/envs/llm_gs/lib/python3.9/site-packages/pygame/.dylibs/libSDL2-2.0.0.dylib (0x1105415e8) and /Users/linmuyi/miniconda3/envs/llm_gs/lib/python3.9/site-packages/cv2/.dylibs/libSDL2-2.0.0.dylib (0x31d8dcbb0). This may cause spurious casting failures and mysterious crashes. One of the duplicates must be removed or renamed.
objc[1272]: Class Cocoa_WindowListener is implemented in both /Users/linmuyi/miniconda3/envs/llm_gs/lib/python3.9/site-packages/pygame/.dylibs/libSDL2-2.0.0.dylib (0x110541610) and /Users/linmuyi/miniconda3/envs/llm_gs/lib/python3.9/site-packages/cv2/.dylibs/libSDL2-2.0.0.dylib (0x31d8dcbd8). This may cause spurious casting failures and mysterious crashes. One of the duplicates must be removed or renamed.
objc[1272]: Class SDLView is implemented in both /Users/linmuyi/miniconda3/envs/llm_gs/lib/python3.9/site-packages/pygame/.dylibs/libSDL2-2.0.0.dylib (0x110541688) and /Users/linmuyi/miniconda3/envs/llm_gs/lib/python3.9/site-packages/cv2/.dylibs/libSDL2-2.0.0.dylib (0x31d8dcc50). This may cause spurious casting failures and mysterious crashes. One of the duplicates must be removed or renamed.
objc[1272]: Class METAL_RenderData is implemented in both /Users/linmuyi/miniconda3/envs/llm_gs/lib/python3.9/site-packages/pygame/.dylibs/libSDL2-2.0.0.dylib (0x110541700) and /Users/linmuyi/miniconda3/envs/llm_gs/lib/python3.9/site-packages/cv2/.dylibs/libSDL2-2.0.0.dylib (0x31d8dccc8). This may cause spurious casting failures and mysterious crashes. One of the duplicates must be removed or renamed.
objc[1272]: Class METAL_TextureData is implemented in both /Users/linmuyi/miniconda3/envs/llm_gs/lib/python3.9/site-packages/pygame/.dylibs/libSDL2-2.0.0.dylib (0x110541750) and /Users/linmuyi/miniconda3/envs/llm_gs/lib/python3.9/site-packages/cv2/.dylibs/libSDL2-2.0.0.dylib (0x31d8dcd18). This may cause spurious casting failures and mysterious crashes. One of the duplicates must be removed or renamed.
objc[1272]: Class SDL_RumbleMotor is implemented in both /Users/linmuyi/miniconda3/envs/llm_gs/lib/python3.9/site-packages/pygame/.dylibs/libSDL2-2.0.0.dylib (0x110541778) and /Users/linmuyi/miniconda3/envs/llm_gs/lib/python3.9/site-packages/cv2/.dylibs/libSDL2-2.0.0.dylib (0x31d8dcd40). This may cause spurious casting failures and mysterious crashes. One of the duplicates must be removed or renamed.
objc[1272]: Class SDL_RumbleContext is implemented in both /Users/linmuyi/miniconda3/envs/llm_gs/lib/python3.9/site-packages/pygame/.dylibs/libSDL2-2.0.0.dylib (0x1105417c8) and /Users/linmuyi/miniconda3/envs/llm_gs/lib/python3.9/site-packages/cv2/.dylibs/libSDL2-2.0.0.dylib (0x31d8dcd90). This may cause spurious casting failures and mysterious crashes. One of the duplicates must be removed or renamed.
[grader] 1500000 steps, 30 checkpoints, curriculum

  steps=  50000  held=0.09  gate=0.22  bins=1/3  active= 30  (51s)
  steps= 100000  held=0.12  gate=0.19  bins=1/3  active= 30  (117s)
  steps= 150000  held=0.15  gate=0.35  bins=1/3  active= 30  (181s)
  steps= 200000  held=0.15  gate=0.12  bins=1/3  active= 30  (244s)
  steps= 250000  held=0.19  gate=0.43  bins=1/3  active= 30  (309s)
  steps= 300000  held=0.17  gate=0.36  bins=1/3  active= 30  (386s)
  steps= 350000  held=0.13  gate=0.42  bins=1/3  active= 30  (468s)
  steps= 400000  held=0.17  gate=0.32  bins=2/3  active= 60  [UNLOCK:deadline]  (555s)
  steps= 450000  held=0.22  gate=0.22  bins=2/3  active= 60  (644s)
  steps= 500000  held=0.09  gate=0.07  bins=2/3  active= 60  (751s)
  steps= 550000  held=0.14  gate=0.17  bins=2/3  active= 60  (840s)
  steps= 600000  held=0.15  gate=0.17  bins=2/3  active= 60  (919s)
  steps= 650000  held=0.12  gate=0.18  bins=2/3  active= 60  (1019s)
  steps= 700000  held=0.06  gate=0.15  bins=2/3  active= 60  (1089s)
  steps= 750000  held=0.31  gate=0.32  bins=2/3  active= 60  (1141s)
  steps= 800000  held=0.40  gate=0.40  bins=3/3  active= 90  [UNLOCK:deadline]  (1194s)
  steps= 850000  held=0.43  gate=0.43  bins=3/3  active= 90  (1234s)
  steps= 900000  held=0.43  gate=0.43  bins=3/3  active= 90  (1278s)
  steps= 950000  held=0.31  gate=0.31  bins=3/3  active= 90  (1320s)
  steps=1000000  held=0.41  gate=0.41  bins=3/3  active= 90  (1363s)
  steps=1050000  held=0.50  gate=0.50  bins=3/3  active= 90  (1404s)
  steps=1100000  held=0.56  gate=0.56  bins=3/3  active= 90  (1445s)
  steps=1150000  held=0.47  gate=0.47  bins=3/3  active= 90  (1489s)
  steps=1200000  held=0.24  gate=0.24  bins=3/3  active= 90  (1535s)
  steps=1250000  held=0.22  gate=0.22  bins=3/3  active= 90  (1585s)
  steps=1300000  held=0.27  gate=0.27  bins=3/3  active= 90  (1631s)
  steps=1350000  held=0.29  gate=0.29  bins=3/3  active= 90  (1677s)
  steps=1400000  held=0.32  gate=0.32  bins=3/3  active= 90  (1722s)
  steps=1450000  held=0.46  gate=0.46  bins=3/3  active= 90  (1767s)
  steps=1500000  held=0.70  gate=0.70  bins=3/3  active= 90  (1802s)

[grader] DONE  final held=0.70  steps_to_0.3=750,000  wall=1802s  -> grader_seed30.json
[grader] per-cell held: s9N1=0.69  s9N2=0.75  s9N3=0.44  s13N1=0.62  s13N2=0.81  s13N3=0.69  s17N1=0.75  s17N2=0.81  s17N3=0.75
