[flat] train=90 layouts  held-out=36 layouts
objc[41123]: Class SDLApplication is implemented in both /Users/linmuyi/miniconda3/envs/llm_gs/lib/python3.9/site-packages/pygame/.dylibs/libSDL2-2.0.0.dylib (0x1034352c8) and /Users/linmuyi/miniconda3/envs/llm_gs/lib/python3.9/site-packages/cv2/.dylibs/libSDL2-2.0.0.dylib (0x139858890). This may cause spurious casting failures and mysterious crashes. One of the duplicates must be removed or renamed.
objc[41123]: Class SDLAppDelegate is implemented in both /Users/linmuyi/miniconda3/envs/llm_gs/lib/python3.9/site-packages/pygame/.dylibs/libSDL2-2.0.0.dylib (0x103435318) and /Users/linmuyi/miniconda3/envs/llm_gs/lib/python3.9/site-packages/cv2/.dylibs/libSDL2-2.0.0.dylib (0x1398588e0). This may cause spurious casting failures and mysterious crashes. One of the duplicates must be removed or renamed.
objc[41123]: Class SDLTranslatorResponder is implemented in both /Users/linmuyi/miniconda3/envs/llm_gs/lib/python3.9/site-packages/pygame/.dylibs/libSDL2-2.0.0.dylib (0x103435390) and /Users/linmuyi/miniconda3/envs/llm_gs/lib/python3.9/site-packages/cv2/.dylibs/libSDL2-2.0.0.dylib (0x139858958). This may cause spurious casting failures and mysterious crashes. One of the duplicates must be removed or renamed.
objc[41123]: Class SDLMessageBoxPresenter is implemented in both /Users/linmuyi/miniconda3/envs/llm_gs/lib/python3.9/site-packages/pygame/.dylibs/libSDL2-2.0.0.dylib (0x1034353b8) and /Users/linmuyi/miniconda3/envs/llm_gs/lib/python3.9/site-packages/cv2/.dylibs/libSDL2-2.0.0.dylib (0x139858980). This may cause spurious casting failures and mysterious crashes. One of the duplicates must be removed or renamed.
objc[41123]: Class SDL_cocoametalview is implemented in both /Users/linmuyi/miniconda3/envs/llm_gs/lib/python3.9/site-packages/pygame/.dylibs/libSDL2-2.0.0.dylib (0x103435408) and /Users/linmuyi/miniconda3/envs/llm_gs/lib/python3.9/site-packages/cv2/.dylibs/libSDL2-2.0.0.dylib (0x1398589d0). This may cause spurious casting failures and mysterious crashes. One of the duplicates must be removed or renamed.
objc[41123]: Class SDLOpenGLContext is implemented in both /Users/linmuyi/miniconda3/envs/llm_gs/lib/python3.9/site-packages/pygame/.dylibs/libSDL2-2.0.0.dylib (0x103435458) and /Users/linmuyi/miniconda3/envs/llm_gs/lib/python3.9/site-packages/cv2/.dylibs/libSDL2-2.0.0.dylib (0x139858a20). This may cause spurious casting failures and mysterious crashes. One of the duplicates must be removed or renamed.
objc[41123]: Class SDL_ShapeData is implemented in both /Users/linmuyi/miniconda3/envs/llm_gs/lib/python3.9/site-packages/pygame/.dylibs/libSDL2-2.0.0.dylib (0x1034354d0) and /Users/linmuyi/miniconda3/envs/llm_gs/lib/python3.9/site-packages/cv2/.dylibs/libSDL2-2.0.0.dylib (0x139858a98). This may cause spurious casting failures and mysterious crashes. One of the duplicates must be removed or renamed.
objc[41123]: Class SDL_CocoaClosure is implemented in both /Users/linmuyi/miniconda3/envs/llm_gs/lib/python3.9/site-packages/pygame/.dylibs/libSDL2-2.0.0.dylib (0x103435520) and /Users/linmuyi/miniconda3/envs/llm_gs/lib/python3.9/site-packages/cv2/.dylibs/libSDL2-2.0.0.dylib (0x139858ae8). This may cause spurious casting failures and mysterious crashes. One of the duplicates must be removed or renamed.
objc[41123]: Class SDL_VideoData is implemented in both /Users/linmuyi/miniconda3/envs/llm_gs/lib/python3.9/site-packages/pygame/.dylibs/libSDL2-2.0.0.dylib (0x103435570) and /Users/linmuyi/miniconda3/envs/llm_gs/lib/python3.9/site-packages/cv2/.dylibs/libSDL2-2.0.0.dylib (0x139858b38). This may cause spurious casting failures and mysterious crashes. One of the duplicates must be removed or renamed.
objc[41123]: Class SDL_WindowData is implemented in both /Users/linmuyi/miniconda3/envs/llm_gs/lib/python3.9/site-packages/pygame/.dylibs/libSDL2-2.0.0.dylib (0x1034355c0) and /Users/linmuyi/miniconda3/envs/llm_gs/lib/python3.9/site-packages/cv2/.dylibs/libSDL2-2.0.0.dylib (0x139858b88). This may cause spurious casting failures and mysterious crashes. One of the duplicates must be removed or renamed.
objc[41123]: Class SDLWindow is implemented in both /Users/linmuyi/miniconda3/envs/llm_gs/lib/python3.9/site-packages/pygame/.dylibs/libSDL2-2.0.0.dylib (0x1034355e8) and /Users/linmuyi/miniconda3/envs/llm_gs/lib/python3.9/site-packages/cv2/.dylibs/libSDL2-2.0.0.dylib (0x139858bb0). This may cause spurious casting failures and mysterious crashes. One of the duplicates must be removed or renamed.
objc[41123]: Class Cocoa_WindowListener is implemented in both /Users/linmuyi/miniconda3/envs/llm_gs/lib/python3.9/site-packages/pygame/.dylibs/libSDL2-2.0.0.dylib (0x103435610) and /Users/linmuyi/miniconda3/envs/llm_gs/lib/python3.9/site-packages/cv2/.dylibs/libSDL2-2.0.0.dylib (0x139858bd8). This may cause spurious casting failures and mysterious crashes. One of the duplicates must be removed or renamed.
objc[41123]: Class SDLView is implemented in both /Users/linmuyi/miniconda3/envs/llm_gs/lib/python3.9/site-packages/pygame/.dylibs/libSDL2-2.0.0.dylib (0x103435688) and /Users/linmuyi/miniconda3/envs/llm_gs/lib/python3.9/site-packages/cv2/.dylibs/libSDL2-2.0.0.dylib (0x139858c50). This may cause spurious casting failures and mysterious crashes. One of the duplicates must be removed or renamed.
objc[41123]: Class METAL_RenderData is implemented in both /Users/linmuyi/miniconda3/envs/llm_gs/lib/python3.9/site-packages/pygame/.dylibs/libSDL2-2.0.0.dylib (0x103435700) and /Users/linmuyi/miniconda3/envs/llm_gs/lib/python3.9/site-packages/cv2/.dylibs/libSDL2-2.0.0.dylib (0x139858cc8). This may cause spurious casting failures and mysterious crashes. One of the duplicates must be removed or renamed.
objc[41123]: Class METAL_TextureData is implemented in both /Users/linmuyi/miniconda3/envs/llm_gs/lib/python3.9/site-packages/pygame/.dylibs/libSDL2-2.0.0.dylib (0x103435750) and /Users/linmuyi/miniconda3/envs/llm_gs/lib/python3.9/site-packages/cv2/.dylibs/libSDL2-2.0.0.dylib (0x139858d18). This may cause spurious casting failures and mysterious crashes. One of the duplicates must be removed or renamed.
objc[41123]: Class SDL_RumbleMotor is implemented in both /Users/linmuyi/miniconda3/envs/llm_gs/lib/python3.9/site-packages/pygame/.dylibs/libSDL2-2.0.0.dylib (0x103435778) and /Users/linmuyi/miniconda3/envs/llm_gs/lib/python3.9/site-packages/cv2/.dylibs/libSDL2-2.0.0.dylib (0x139858d40). This may cause spurious casting failures and mysterious crashes. One of the duplicates must be removed or renamed.
objc[41123]: Class SDL_RumbleContext is implemented in both /Users/linmuyi/miniconda3/envs/llm_gs/lib/python3.9/site-packages/pygame/.dylibs/libSDL2-2.0.0.dylib (0x1034357c8) and /Users/linmuyi/miniconda3/envs/llm_gs/lib/python3.9/site-packages/cv2/.dylibs/libSDL2-2.0.0.dylib (0x139858d90). This may cause spurious casting failures and mysterious crashes. One of the duplicates must be removed or renamed.
[flat] 1500000 steps, 30 checkpoints, flat (no curriculum)

  steps=  50000  held=0.01  gate=0.01  bins=3/3  active= 90  (29s)
  steps= 100000  held=0.00  gate=0.00  bins=3/3  active= 90  (62s)
  steps= 150000  held=0.00  gate=0.00  bins=3/3  active= 90  (90s)
  steps= 200000  held=0.01  gate=0.01  bins=3/3  active= 90  (120s)
  steps= 250000  held=0.03  gate=0.03  bins=3/3  active= 90  (157s)
  steps= 300000  held=0.00  gate=0.00  bins=3/3  active= 90  (200s)
  steps= 350000  held=0.00  gate=0.00  bins=3/3  active= 90  (244s)
  steps= 400000  held=0.00  gate=0.00  bins=3/3  active= 90  (288s)
  steps= 450000  held=0.01  gate=0.01  bins=3/3  active= 90  (319s)
  steps= 500000  held=0.00  gate=0.00  bins=3/3  active= 90  (367s)
  steps= 550000  held=0.01  gate=0.01  bins=3/3  active= 90  (406s)
  steps= 600000  held=0.03  gate=0.03  bins=3/3  active= 90  (451s)
  steps= 650000  held=0.00  gate=0.00  bins=3/3  active= 90  (498s)
  steps= 700000  held=0.06  gate=0.06  bins=3/3  active= 90  (536s)
  steps= 750000  held=0.10  gate=0.10  bins=3/3  active= 90  (570s)
  steps= 800000  held=0.04  gate=0.04  bins=3/3  active= 90  (616s)
  steps= 850000  held=0.00  gate=0.00  bins=3/3  active= 90  (667s)
  steps= 900000  held=0.03  gate=0.03  bins=3/3  active= 90  (710s)
  steps= 950000  held=0.00  gate=0.00  bins=3/3  active= 90  (763s)
  steps=1000000  held=0.02  gate=0.02  bins=3/3  active= 90  (803s)
  steps=1050000  held=0.05  gate=0.05  bins=3/3  active= 90  (836s)
  steps=1100000  held=0.12  gate=0.12  bins=3/3  active= 90  (878s)
  steps=1150000  held=0.14  gate=0.14  bins=3/3  active= 90  (908s)
  steps=1200000  held=0.14  gate=0.14  bins=3/3  active= 90  (944s)
  steps=1250000  held=0.14  gate=0.14  bins=3/3  active= 90  (976s)
  steps=1300000  held=0.10  gate=0.10  bins=3/3  active= 90  (1014s)
  steps=1350000  held=0.02  gate=0.02  bins=3/3  active= 90  (1056s)
  steps=1400000  held=0.00  gate=0.00  bins=3/3  active= 90  (1095s)
  steps=1450000  held=0.15  gate=0.15  bins=3/3  active= 90  (1126s)
  steps=1500000  held=0.04  gate=0.04  bins=3/3  active= 90  (1175s)

[flat] DONE  final held=0.04  steps_to_0.3=NOT REACHED  wall=1175s  -> flat_seed38.json
[flat] per-cell held: s9N1=0.00  s9N2=0.00  s9N3=0.00  s13N1=0.00  s13N2=0.19  s13N3=0.00  s17N1=0.00  s17N2=0.19  s17N3=0.00
