[random_curriculum] train=90 layouts  held-out=36 layouts
objc[65074]: Class SDLApplication is implemented in both /Users/linmuyi/miniconda3/envs/llm_gs/lib/python3.9/site-packages/pygame/.dylibs/libSDL2-2.0.0.dylib (0x10a6ad2c8) and /Users/linmuyi/miniconda3/envs/llm_gs/lib/python3.9/site-packages/cv2/.dylibs/libSDL2-2.0.0.dylib (0x1354fc890). This may cause spurious casting failures and mysterious crashes. One of the duplicates must be removed or renamed.
objc[65074]: Class SDLAppDelegate is implemented in both /Users/linmuyi/miniconda3/envs/llm_gs/lib/python3.9/site-packages/pygame/.dylibs/libSDL2-2.0.0.dylib (0x10a6ad318) and /Users/linmuyi/miniconda3/envs/llm_gs/lib/python3.9/site-packages/cv2/.dylibs/libSDL2-2.0.0.dylib (0x1354fc8e0). This may cause spurious casting failures and mysterious crashes. One of the duplicates must be removed or renamed.
objc[65074]: Class SDLTranslatorResponder is implemented in both /Users/linmuyi/miniconda3/envs/llm_gs/lib/python3.9/site-packages/pygame/.dylibs/libSDL2-2.0.0.dylib (0x10a6ad390) and /Users/linmuyi/miniconda3/envs/llm_gs/lib/python3.9/site-packages/cv2/.dylibs/libSDL2-2.0.0.dylib (0x1354fc958). This may cause spurious casting failures and mysterious crashes. One of the duplicates must be removed or renamed.
objc[65074]: Class SDLMessageBoxPresenter is implemented in both /Users/linmuyi/miniconda3/envs/llm_gs/lib/python3.9/site-packages/pygame/.dylibs/libSDL2-2.0.0.dylib (0x10a6ad3b8) and /Users/linmuyi/miniconda3/envs/llm_gs/lib/python3.9/site-packages/cv2/.dylibs/libSDL2-2.0.0.dylib (0x1354fc980). This may cause spurious casting failures and mysterious crashes. One of the duplicates must be removed or renamed.
objc[65074]: Class SDL_cocoametalview is implemented in both /Users/linmuyi/miniconda3/envs/llm_gs/lib/python3.9/site-packages/pygame/.dylibs/libSDL2-2.0.0.dylib (0x10a6ad408) and /Users/linmuyi/miniconda3/envs/llm_gs/lib/python3.9/site-packages/cv2/.dylibs/libSDL2-2.0.0.dylib (0x1354fc9d0). This may cause spurious casting failures and mysterious crashes. One of the duplicates must be removed or renamed.
objc[65074]: Class SDLOpenGLContext is implemented in both /Users/linmuyi/miniconda3/envs/llm_gs/lib/python3.9/site-packages/pygame/.dylibs/libSDL2-2.0.0.dylib (0x10a6ad458) and /Users/linmuyi/miniconda3/envs/llm_gs/lib/python3.9/site-packages/cv2/.dylibs/libSDL2-2.0.0.dylib (0x1354fca20). This may cause spurious casting failures and mysterious crashes. One of the duplicates must be removed or renamed.
objc[65074]: Class SDL_ShapeData is implemented in both /Users/linmuyi/miniconda3/envs/llm_gs/lib/python3.9/site-packages/pygame/.dylibs/libSDL2-2.0.0.dylib (0x10a6ad4d0) and /Users/linmuyi/miniconda3/envs/llm_gs/lib/python3.9/site-packages/cv2/.dylibs/libSDL2-2.0.0.dylib (0x1354fca98). This may cause spurious casting failures and mysterious crashes. One of the duplicates must be removed or renamed.
objc[65074]: Class SDL_CocoaClosure is implemented in both /Users/linmuyi/miniconda3/envs/llm_gs/lib/python3.9/site-packages/pygame/.dylibs/libSDL2-2.0.0.dylib (0x10a6ad520) and /Users/linmuyi/miniconda3/envs/llm_gs/lib/python3.9/site-packages/cv2/.dylibs/libSDL2-2.0.0.dylib (0x1354fcae8). This may cause spurious casting failures and mysterious crashes. One of the duplicates must be removed or renamed.
objc[65074]: Class SDL_VideoData is implemented in both /Users/linmuyi/miniconda3/envs/llm_gs/lib/python3.9/site-packages/pygame/.dylibs/libSDL2-2.0.0.dylib (0x10a6ad570) and /Users/linmuyi/miniconda3/envs/llm_gs/lib/python3.9/site-packages/cv2/.dylibs/libSDL2-2.0.0.dylib (0x1354fcb38). This may cause spurious casting failures and mysterious crashes. One of the duplicates must be removed or renamed.
objc[65074]: Class SDL_WindowData is implemented in both /Users/linmuyi/miniconda3/envs/llm_gs/lib/python3.9/site-packages/pygame/.dylibs/libSDL2-2.0.0.dylib (0x10a6ad5c0) and /Users/linmuyi/miniconda3/envs/llm_gs/lib/python3.9/site-packages/cv2/.dylibs/libSDL2-2.0.0.dylib (0x1354fcb88). This may cause spurious casting failures and mysterious crashes. One of the duplicates must be removed or renamed.
objc[65074]: Class SDLWindow is implemented in both /Users/linmuyi/miniconda3/envs/llm_gs/lib/python3.9/site-packages/pygame/.dylibs/libSDL2-2.0.0.dylib (0x10a6ad5e8) and /Users/linmuyi/miniconda3/envs/llm_gs/lib/python3.9/site-packages/cv2/.dylibs/libSDL2-2.0.0.dylib (0x1354fcbb0). This may cause spurious casting failures and mysterious crashes. One of the duplicates must be removed or renamed.
objc[65074]: Class Cocoa_WindowListener is implemented in both /Users/linmuyi/miniconda3/envs/llm_gs/lib/python3.9/site-packages/pygame/.dylibs/libSDL2-2.0.0.dylib (0x10a6ad610) and /Users/linmuyi/miniconda3/envs/llm_gs/lib/python3.9/site-packages/cv2/.dylibs/libSDL2-2.0.0.dylib (0x1354fcbd8). This may cause spurious casting failures and mysterious crashes. One of the duplicates must be removed or renamed.
objc[65074]: Class SDLView is implemented in both /Users/linmuyi/miniconda3/envs/llm_gs/lib/python3.9/site-packages/pygame/.dylibs/libSDL2-2.0.0.dylib (0x10a6ad688) and /Users/linmuyi/miniconda3/envs/llm_gs/lib/python3.9/site-packages/cv2/.dylibs/libSDL2-2.0.0.dylib (0x1354fcc50). This may cause spurious casting failures and mysterious crashes. One of the duplicates must be removed or renamed.
objc[65074]: Class METAL_RenderData is implemented in both /Users/linmuyi/miniconda3/envs/llm_gs/lib/python3.9/site-packages/pygame/.dylibs/libSDL2-2.0.0.dylib (0x10a6ad700) and /Users/linmuyi/miniconda3/envs/llm_gs/lib/python3.9/site-packages/cv2/.dylibs/libSDL2-2.0.0.dylib (0x1354fccc8). This may cause spurious casting failures and mysterious crashes. One of the duplicates must be removed or renamed.
objc[65074]: Class METAL_TextureData is implemented in both /Users/linmuyi/miniconda3/envs/llm_gs/lib/python3.9/site-packages/pygame/.dylibs/libSDL2-2.0.0.dylib (0x10a6ad750) and /Users/linmuyi/miniconda3/envs/llm_gs/lib/python3.9/site-packages/cv2/.dylibs/libSDL2-2.0.0.dylib (0x1354fcd18). This may cause spurious casting failures and mysterious crashes. One of the duplicates must be removed or renamed.
objc[65074]: Class SDL_RumbleMotor is implemented in both /Users/linmuyi/miniconda3/envs/llm_gs/lib/python3.9/site-packages/pygame/.dylibs/libSDL2-2.0.0.dylib (0x10a6ad778) and /Users/linmuyi/miniconda3/envs/llm_gs/lib/python3.9/site-packages/cv2/.dylibs/libSDL2-2.0.0.dylib (0x1354fcd40). This may cause spurious casting failures and mysterious crashes. One of the duplicates must be removed or renamed.
objc[65074]: Class SDL_RumbleContext is implemented in both /Users/linmuyi/miniconda3/envs/llm_gs/lib/python3.9/site-packages/pygame/.dylibs/libSDL2-2.0.0.dylib (0x10a6ad7c8) and /Users/linmuyi/miniconda3/envs/llm_gs/lib/python3.9/site-packages/cv2/.dylibs/libSDL2-2.0.0.dylib (0x1354fcd90). This may cause spurious casting failures and mysterious crashes. One of the duplicates must be removed or renamed.
[random_curriculum] 1500000 steps, 30 checkpoints, curriculum

  steps=  50000  held=0.00  gate=0.00  bins=1/3  active= 30  (44s)
  steps= 100000  held=0.00  gate=0.00  bins=1/3  active= 30  (81s)
  steps= 150000  held=0.01  gate=0.01  bins=1/3  active= 30  (111s)
  steps= 200000  held=0.01  gate=0.00  bins=1/3  active= 30  (141s)
  steps= 250000  held=0.00  gate=0.00  bins=1/3  active= 30  (176s)
  steps= 300000  held=0.00  gate=0.00  bins=1/3  active= 30  (209s)
  steps= 350000  held=0.00  gate=0.00  bins=1/3  active= 30  (253s)
  steps= 400000  held=0.00  gate=0.00  bins=2/3  active= 60  [UNLOCK:deadline]  (305s)
  steps= 450000  held=0.00  gate=0.00  bins=2/3  active= 60  (345s)
  steps= 500000  held=0.00  gate=0.00  bins=2/3  active= 60  (382s)
  steps= 550000  held=0.00  gate=0.00  bins=2/3  active= 60  (423s)
  steps= 600000  held=0.00  gate=0.00  bins=2/3  active= 60  (476s)
  steps= 650000  held=0.00  gate=0.00  bins=2/3  active= 60  (522s)
  steps= 700000  held=0.00  gate=0.00  bins=2/3  active= 60  (565s)
  steps= 750000  held=0.00  gate=0.00  bins=2/3  active= 60  (601s)
  steps= 800000  held=0.00  gate=0.00  bins=3/3  active= 90  [UNLOCK:deadline]  (638s)
  steps= 850000  held=0.00  gate=0.00  bins=3/3  active= 90  (671s)
  steps= 900000  held=0.00  gate=0.00  bins=3/3  active= 90  (709s)
  steps= 950000  held=0.00  gate=0.00  bins=3/3  active= 90  (746s)
  steps=1000000  held=0.00  gate=0.00  bins=3/3  active= 90  (788s)
  steps=1050000  held=0.00  gate=0.00  bins=3/3  active= 90  (817s)
  steps=1100000  held=0.03  gate=0.03  bins=3/3  active= 90  (853s)
  steps=1150000  held=0.02  gate=0.02  bins=3/3  active= 90  (901s)
  steps=1200000  held=0.00  gate=0.00  bins=3/3  active= 90  (948s)
  steps=1250000  held=0.01  gate=0.01  bins=3/3  active= 90  (981s)
  steps=1300000  held=0.01  gate=0.01  bins=3/3  active= 90  (1022s)
  steps=1350000  held=0.03  gate=0.03  bins=3/3  active= 90  (1048s)
  steps=1400000  held=0.03  gate=0.03  bins=3/3  active= 90  (1095s)
  steps=1450000  held=0.03  gate=0.03  bins=3/3  active= 90  (1141s)
  steps=1500000  held=0.06  gate=0.06  bins=3/3  active= 90  (1179s)

[random_curriculum] DONE  final held=0.06  steps_to_0.3=NOT REACHED  wall=1179s  -> random_curriculum_seed9.json
[random_curriculum] per-cell held: s9N1=0.00  s9N2=0.00  s9N3=0.00  s13N1=0.25  s13N2=0.19  s13N3=0.00  s17N1=0.06  s17N2=0.06  s17N3=0.00
