[flat] train=90 layouts  held-out=36 layouts
objc[95458]: Class SDLApplication is implemented in both /Users/linmuyi/miniconda3/envs/llm_gs/lib/python3.9/site-packages/pygame/.dylibs/libSDL2-2.0.0.dylib (0x1119892c8) and /Users/linmuyi/miniconda3/envs/llm_gs/lib/python3.9/site-packages/cv2/.dylibs/libSDL2-2.0.0.dylib (0x146150890). This may cause spurious casting failures and mysterious crashes. One of the duplicates must be removed or renamed.
objc[95458]: Class SDLAppDelegate is implemented in both /Users/linmuyi/miniconda3/envs/llm_gs/lib/python3.9/site-packages/pygame/.dylibs/libSDL2-2.0.0.dylib (0x111989318) and /Users/linmuyi/miniconda3/envs/llm_gs/lib/python3.9/site-packages/cv2/.dylibs/libSDL2-2.0.0.dylib (0x1461508e0). This may cause spurious casting failures and mysterious crashes. One of the duplicates must be removed or renamed.
objc[95458]: Class SDLTranslatorResponder is implemented in both /Users/linmuyi/miniconda3/envs/llm_gs/lib/python3.9/site-packages/pygame/.dylibs/libSDL2-2.0.0.dylib (0x111989390) and /Users/linmuyi/miniconda3/envs/llm_gs/lib/python3.9/site-packages/cv2/.dylibs/libSDL2-2.0.0.dylib (0x146150958). This may cause spurious casting failures and mysterious crashes. One of the duplicates must be removed or renamed.
objc[95458]: Class SDLMessageBoxPresenter is implemented in both /Users/linmuyi/miniconda3/envs/llm_gs/lib/python3.9/site-packages/pygame/.dylibs/libSDL2-2.0.0.dylib (0x1119893b8) and /Users/linmuyi/miniconda3/envs/llm_gs/lib/python3.9/site-packages/cv2/.dylibs/libSDL2-2.0.0.dylib (0x146150980). This may cause spurious casting failures and mysterious crashes. One of the duplicates must be removed or renamed.
objc[95458]: Class SDL_cocoametalview is implemented in both /Users/linmuyi/miniconda3/envs/llm_gs/lib/python3.9/site-packages/pygame/.dylibs/libSDL2-2.0.0.dylib (0x111989408) and /Users/linmuyi/miniconda3/envs/llm_gs/lib/python3.9/site-packages/cv2/.dylibs/libSDL2-2.0.0.dylib (0x1461509d0). This may cause spurious casting failures and mysterious crashes. One of the duplicates must be removed or renamed.
objc[95458]: Class SDLOpenGLContext is implemented in both /Users/linmuyi/miniconda3/envs/llm_gs/lib/python3.9/site-packages/pygame/.dylibs/libSDL2-2.0.0.dylib (0x111989458) and /Users/linmuyi/miniconda3/envs/llm_gs/lib/python3.9/site-packages/cv2/.dylibs/libSDL2-2.0.0.dylib (0x146150a20). This may cause spurious casting failures and mysterious crashes. One of the duplicates must be removed or renamed.
objc[95458]: Class SDL_ShapeData is implemented in both /Users/linmuyi/miniconda3/envs/llm_gs/lib/python3.9/site-packages/pygame/.dylibs/libSDL2-2.0.0.dylib (0x1119894d0) and /Users/linmuyi/miniconda3/envs/llm_gs/lib/python3.9/site-packages/cv2/.dylibs/libSDL2-2.0.0.dylib (0x146150a98). This may cause spurious casting failures and mysterious crashes. One of the duplicates must be removed or renamed.
objc[95458]: Class SDL_CocoaClosure is implemented in both /Users/linmuyi/miniconda3/envs/llm_gs/lib/python3.9/site-packages/pygame/.dylibs/libSDL2-2.0.0.dylib (0x111989520) and /Users/linmuyi/miniconda3/envs/llm_gs/lib/python3.9/site-packages/cv2/.dylibs/libSDL2-2.0.0.dylib (0x146150ae8). This may cause spurious casting failures and mysterious crashes. One of the duplicates must be removed or renamed.
objc[95458]: Class SDL_VideoData is implemented in both /Users/linmuyi/miniconda3/envs/llm_gs/lib/python3.9/site-packages/pygame/.dylibs/libSDL2-2.0.0.dylib (0x111989570) and /Users/linmuyi/miniconda3/envs/llm_gs/lib/python3.9/site-packages/cv2/.dylibs/libSDL2-2.0.0.dylib (0x146150b38). This may cause spurious casting failures and mysterious crashes. One of the duplicates must be removed or renamed.
objc[95458]: Class SDL_WindowData is implemented in both /Users/linmuyi/miniconda3/envs/llm_gs/lib/python3.9/site-packages/pygame/.dylibs/libSDL2-2.0.0.dylib (0x1119895c0) and /Users/linmuyi/miniconda3/envs/llm_gs/lib/python3.9/site-packages/cv2/.dylibs/libSDL2-2.0.0.dylib (0x146150b88). This may cause spurious casting failures and mysterious crashes. One of the duplicates must be removed or renamed.
objc[95458]: Class SDLWindow is implemented in both /Users/linmuyi/miniconda3/envs/llm_gs/lib/python3.9/site-packages/pygame/.dylibs/libSDL2-2.0.0.dylib (0x1119895e8) and /Users/linmuyi/miniconda3/envs/llm_gs/lib/python3.9/site-packages/cv2/.dylibs/libSDL2-2.0.0.dylib (0x146150bb0). This may cause spurious casting failures and mysterious crashes. One of the duplicates must be removed or renamed.
objc[95458]: Class Cocoa_WindowListener is implemented in both /Users/linmuyi/miniconda3/envs/llm_gs/lib/python3.9/site-packages/pygame/.dylibs/libSDL2-2.0.0.dylib (0x111989610) and /Users/linmuyi/miniconda3/envs/llm_gs/lib/python3.9/site-packages/cv2/.dylibs/libSDL2-2.0.0.dylib (0x146150bd8). This may cause spurious casting failures and mysterious crashes. One of the duplicates must be removed or renamed.
objc[95458]: Class SDLView is implemented in both /Users/linmuyi/miniconda3/envs/llm_gs/lib/python3.9/site-packages/pygame/.dylibs/libSDL2-2.0.0.dylib (0x111989688) and /Users/linmuyi/miniconda3/envs/llm_gs/lib/python3.9/site-packages/cv2/.dylibs/libSDL2-2.0.0.dylib (0x146150c50). This may cause spurious casting failures and mysterious crashes. One of the duplicates must be removed or renamed.
objc[95458]: Class METAL_RenderData is implemented in both /Users/linmuyi/miniconda3/envs/llm_gs/lib/python3.9/site-packages/pygame/.dylibs/libSDL2-2.0.0.dylib (0x111989700) and /Users/linmuyi/miniconda3/envs/llm_gs/lib/python3.9/site-packages/cv2/.dylibs/libSDL2-2.0.0.dylib (0x146150cc8). This may cause spurious casting failures and mysterious crashes. One of the duplicates must be removed or renamed.
objc[95458]: Class METAL_TextureData is implemented in both /Users/linmuyi/miniconda3/envs/llm_gs/lib/python3.9/site-packages/pygame/.dylibs/libSDL2-2.0.0.dylib (0x111989750) and /Users/linmuyi/miniconda3/envs/llm_gs/lib/python3.9/site-packages/cv2/.dylibs/libSDL2-2.0.0.dylib (0x146150d18). This may cause spurious casting failures and mysterious crashes. One of the duplicates must be removed or renamed.
objc[95458]: Class SDL_RumbleMotor is implemented in both /Users/linmuyi/miniconda3/envs/llm_gs/lib/python3.9/site-packages/pygame/.dylibs/libSDL2-2.0.0.dylib (0x111989778) and /Users/linmuyi/miniconda3/envs/llm_gs/lib/python3.9/site-packages/cv2/.dylibs/libSDL2-2.0.0.dylib (0x146150d40). This may cause spurious casting failures and mysterious crashes. One of the duplicates must be removed or renamed.
objc[95458]: Class SDL_RumbleContext is implemented in both /Users/linmuyi/miniconda3/envs/llm_gs/lib/python3.9/site-packages/pygame/.dylibs/libSDL2-2.0.0.dylib (0x1119897c8) and /Users/linmuyi/miniconda3/envs/llm_gs/lib/python3.9/site-packages/cv2/.dylibs/libSDL2-2.0.0.dylib (0x146150d90). This may cause spurious casting failures and mysterious crashes. One of the duplicates must be removed or renamed.
[flat] 1500000 steps, 30 checkpoints, flat (no curriculum)

  steps=  50000  held=0.00  gate=0.00  bins=3/3  active= 90  (51s)
  steps= 100000  held=0.00  gate=0.00  bins=3/3  active= 90  (116s)
  steps= 150000  held=0.00  gate=0.00  bins=3/3  active= 90  (184s)
  steps= 200000  held=0.01  gate=0.01  bins=3/3  active= 90  (238s)
  steps= 250000  held=0.00  gate=0.00  bins=3/3  active= 90  (303s)
  steps= 300000  held=0.00  gate=0.00  bins=3/3  active= 90  (358s)
  steps= 350000  held=0.00  gate=0.00  bins=3/3  active= 90  (417s)
  steps= 400000  held=0.00  gate=0.00  bins=3/3  active= 90  (470s)
  steps= 450000  held=0.00  gate=0.00  bins=3/3  active= 90  (518s)
  steps= 500000  held=0.01  gate=0.01  bins=3/3  active= 90  (562s)
  steps= 550000  held=0.01  gate=0.01  bins=3/3  active= 90  (611s)
  steps= 600000  held=0.02  gate=0.02  bins=3/3  active= 90  (678s)
  steps= 650000  held=0.01  gate=0.01  bins=3/3  active= 90  (734s)
  steps= 700000  held=0.00  gate=0.00  bins=3/3  active= 90  (810s)
  steps= 750000  held=0.01  gate=0.01  bins=3/3  active= 90  (889s)
  steps= 800000  held=0.01  gate=0.01  bins=3/3  active= 90  (957s)
  steps= 850000  held=0.01  gate=0.01  bins=3/3  active= 90  (1020s)
  steps= 900000  held=0.00  gate=0.00  bins=3/3  active= 90  (1098s)
  steps= 950000  held=0.00  gate=0.00  bins=3/3  active= 90  (1179s)
  steps=1000000  held=0.00  gate=0.00  bins=3/3  active= 90  (1262s)
  steps=1050000  held=0.00  gate=0.00  bins=3/3  active= 90  (1339s)
  steps=1100000  held=0.00  gate=0.00  bins=3/3  active= 90  (1400s)
  steps=1150000  held=0.02  gate=0.02  bins=3/3  active= 90  (1466s)
  steps=1200000  held=0.00  gate=0.00  bins=3/3  active= 90  (1552s)
  steps=1250000  held=0.00  gate=0.00  bins=3/3  active= 90  (1628s)
  steps=1300000  held=0.00  gate=0.00  bins=3/3  active= 90  (1708s)
  steps=1350000  held=0.00  gate=0.00  bins=3/3  active= 90  (1791s)
  steps=1400000  held=0.00  gate=0.00  bins=3/3  active= 90  (1870s)
  steps=1450000  held=0.00  gate=0.00  bins=3/3  active= 90  (1926s)
  steps=1500000  held=0.00  gate=0.00  bins=3/3  active= 90  (1973s)

[flat] DONE  final held=0.00  steps_to_0.3=NOT REACHED  wall=1973s  -> flat_seed30.json
[flat] per-cell held: s9N1=0.00  s9N2=0.00  s9N3=0.00  s13N1=0.00  s13N2=0.00  s13N3=0.00  s17N1=0.00  s17N2=0.00  s17N3=0.00
