[rivers_only] train=90 layouts  held-out=36 layouts
objc[31420]: Class SDLApplication is implemented in both /Users/linmuyi/miniconda3/envs/llm_gs/lib/python3.9/site-packages/pygame/.dylibs/libSDL2-2.0.0.dylib (0x10694d2c8) and /Users/linmuyi/miniconda3/envs/llm_gs/lib/python3.9/site-packages/cv2/.dylibs/libSDL2-2.0.0.dylib (0x16abc8890). This may cause spurious casting failures and mysterious crashes. One of the duplicates must be removed or renamed.
objc[31420]: Class SDLAppDelegate is implemented in both /Users/linmuyi/miniconda3/envs/llm_gs/lib/python3.9/site-packages/pygame/.dylibs/libSDL2-2.0.0.dylib (0x10694d318) and /Users/linmuyi/miniconda3/envs/llm_gs/lib/python3.9/site-packages/cv2/.dylibs/libSDL2-2.0.0.dylib (0x16abc88e0). This may cause spurious casting failures and mysterious crashes. One of the duplicates must be removed or renamed.
objc[31420]: Class SDLTranslatorResponder is implemented in both /Users/linmuyi/miniconda3/envs/llm_gs/lib/python3.9/site-packages/pygame/.dylibs/libSDL2-2.0.0.dylib (0x10694d390) and /Users/linmuyi/miniconda3/envs/llm_gs/lib/python3.9/site-packages/cv2/.dylibs/libSDL2-2.0.0.dylib (0x16abc8958). This may cause spurious casting failures and mysterious crashes. One of the duplicates must be removed or renamed.
objc[31420]: Class SDLMessageBoxPresenter is implemented in both /Users/linmuyi/miniconda3/envs/llm_gs/lib/python3.9/site-packages/pygame/.dylibs/libSDL2-2.0.0.dylib (0x10694d3b8) and /Users/linmuyi/miniconda3/envs/llm_gs/lib/python3.9/site-packages/cv2/.dylibs/libSDL2-2.0.0.dylib (0x16abc8980). This may cause spurious casting failures and mysterious crashes. One of the duplicates must be removed or renamed.
objc[31420]: Class SDL_cocoametalview is implemented in both /Users/linmuyi/miniconda3/envs/llm_gs/lib/python3.9/site-packages/pygame/.dylibs/libSDL2-2.0.0.dylib (0x10694d408) and /Users/linmuyi/miniconda3/envs/llm_gs/lib/python3.9/site-packages/cv2/.dylibs/libSDL2-2.0.0.dylib (0x16abc89d0). This may cause spurious casting failures and mysterious crashes. One of the duplicates must be removed or renamed.
objc[31420]: Class SDLOpenGLContext is implemented in both /Users/linmuyi/miniconda3/envs/llm_gs/lib/python3.9/site-packages/pygame/.dylibs/libSDL2-2.0.0.dylib (0x10694d458) and /Users/linmuyi/miniconda3/envs/llm_gs/lib/python3.9/site-packages/cv2/.dylibs/libSDL2-2.0.0.dylib (0x16abc8a20). This may cause spurious casting failures and mysterious crashes. One of the duplicates must be removed or renamed.
objc[31420]: Class SDL_ShapeData is implemented in both /Users/linmuyi/miniconda3/envs/llm_gs/lib/python3.9/site-packages/pygame/.dylibs/libSDL2-2.0.0.dylib (0x10694d4d0) and /Users/linmuyi/miniconda3/envs/llm_gs/lib/python3.9/site-packages/cv2/.dylibs/libSDL2-2.0.0.dylib (0x16abc8a98). This may cause spurious casting failures and mysterious crashes. One of the duplicates must be removed or renamed.
objc[31420]: Class SDL_CocoaClosure is implemented in both /Users/linmuyi/miniconda3/envs/llm_gs/lib/python3.9/site-packages/pygame/.dylibs/libSDL2-2.0.0.dylib (0x10694d520) and /Users/linmuyi/miniconda3/envs/llm_gs/lib/python3.9/site-packages/cv2/.dylibs/libSDL2-2.0.0.dylib (0x16abc8ae8). This may cause spurious casting failures and mysterious crashes. One of the duplicates must be removed or renamed.
objc[31420]: Class SDL_VideoData is implemented in both /Users/linmuyi/miniconda3/envs/llm_gs/lib/python3.9/site-packages/pygame/.dylibs/libSDL2-2.0.0.dylib (0x10694d570) and /Users/linmuyi/miniconda3/envs/llm_gs/lib/python3.9/site-packages/cv2/.dylibs/libSDL2-2.0.0.dylib (0x16abc8b38). This may cause spurious casting failures and mysterious crashes. One of the duplicates must be removed or renamed.
objc[31420]: Class SDL_WindowData is implemented in both /Users/linmuyi/miniconda3/envs/llm_gs/lib/python3.9/site-packages/pygame/.dylibs/libSDL2-2.0.0.dylib (0x10694d5c0) and /Users/linmuyi/miniconda3/envs/llm_gs/lib/python3.9/site-packages/cv2/.dylibs/libSDL2-2.0.0.dylib (0x16abc8b88). This may cause spurious casting failures and mysterious crashes. One of the duplicates must be removed or renamed.
objc[31420]: Class SDLWindow is implemented in both /Users/linmuyi/miniconda3/envs/llm_gs/lib/python3.9/site-packages/pygame/.dylibs/libSDL2-2.0.0.dylib (0x10694d5e8) and /Users/linmuyi/miniconda3/envs/llm_gs/lib/python3.9/site-packages/cv2/.dylibs/libSDL2-2.0.0.dylib (0x16abc8bb0). This may cause spurious casting failures and mysterious crashes. One of the duplicates must be removed or renamed.
objc[31420]: Class Cocoa_WindowListener is implemented in both /Users/linmuyi/miniconda3/envs/llm_gs/lib/python3.9/site-packages/pygame/.dylibs/libSDL2-2.0.0.dylib (0x10694d610) and /Users/linmuyi/miniconda3/envs/llm_gs/lib/python3.9/site-packages/cv2/.dylibs/libSDL2-2.0.0.dylib (0x16abc8bd8). This may cause spurious casting failures and mysterious crashes. One of the duplicates must be removed or renamed.
objc[31420]: Class SDLView is implemented in both /Users/linmuyi/miniconda3/envs/llm_gs/lib/python3.9/site-packages/pygame/.dylibs/libSDL2-2.0.0.dylib (0x10694d688) and /Users/linmuyi/miniconda3/envs/llm_gs/lib/python3.9/site-packages/cv2/.dylibs/libSDL2-2.0.0.dylib (0x16abc8c50). This may cause spurious casting failures and mysterious crashes. One of the duplicates must be removed or renamed.
objc[31420]: Class METAL_RenderData is implemented in both /Users/linmuyi/miniconda3/envs/llm_gs/lib/python3.9/site-packages/pygame/.dylibs/libSDL2-2.0.0.dylib (0x10694d700) and /Users/linmuyi/miniconda3/envs/llm_gs/lib/python3.9/site-packages/cv2/.dylibs/libSDL2-2.0.0.dylib (0x16abc8cc8). This may cause spurious casting failures and mysterious crashes. One of the duplicates must be removed or renamed.
objc[31420]: Class METAL_TextureData is implemented in both /Users/linmuyi/miniconda3/envs/llm_gs/lib/python3.9/site-packages/pygame/.dylibs/libSDL2-2.0.0.dylib (0x10694d750) and /Users/linmuyi/miniconda3/envs/llm_gs/lib/python3.9/site-packages/cv2/.dylibs/libSDL2-2.0.0.dylib (0x16abc8d18). This may cause spurious casting failures and mysterious crashes. One of the duplicates must be removed or renamed.
objc[31420]: Class SDL_RumbleMotor is implemented in both /Users/linmuyi/miniconda3/envs/llm_gs/lib/python3.9/site-packages/pygame/.dylibs/libSDL2-2.0.0.dylib (0x10694d778) and /Users/linmuyi/miniconda3/envs/llm_gs/lib/python3.9/site-packages/cv2/.dylibs/libSDL2-2.0.0.dylib (0x16abc8d40). This may cause spurious casting failures and mysterious crashes. One of the duplicates must be removed or renamed.
objc[31420]: Class SDL_RumbleContext is implemented in both /Users/linmuyi/miniconda3/envs/llm_gs/lib/python3.9/site-packages/pygame/.dylibs/libSDL2-2.0.0.dylib (0x10694d7c8) and /Users/linmuyi/miniconda3/envs/llm_gs/lib/python3.9/site-packages/cv2/.dylibs/libSDL2-2.0.0.dylib (0x16abc8d90). This may cause spurious casting failures and mysterious crashes. One of the duplicates must be removed or renamed.
[rivers_only] 1500000 steps, 30 checkpoints, curriculum

  steps=  50000  held=0.00  gate=0.01  bins=1/3  active= 30  (39s)
  steps= 100000  held=0.00  gate=0.00  bins=1/3  active= 30  (72s)
  steps= 150000  held=0.13  gate=0.11  bins=1/3  active= 30  (99s)
  steps= 200000  held=0.10  gate=0.03  bins=1/3  active= 30  (134s)
  steps= 250000  held=0.12  gate=0.06  bins=1/3  active= 30  (175s)
  steps= 300000  held=0.12  gate=0.18  bins=1/3  active= 30  (235s)
  steps= 350000  held=0.14  gate=0.06  bins=1/3  active= 30  (284s)
  steps= 400000  held=0.15  gate=0.06  bins=2/3  active= 60  [UNLOCK:deadline]  (343s)
  steps= 450000  held=0.09  gate=0.01  bins=2/3  active= 60  (407s)
  steps= 500000  held=0.09  gate=0.00  bins=2/3  active= 60  (472s)
  steps= 550000  held=0.02  gate=0.00  bins=2/3  active= 60  (538s)
  steps= 600000  held=0.01  gate=0.04  bins=2/3  active= 60  (580s)
  steps= 650000  held=0.01  gate=0.00  bins=2/3  active= 60  (645s)
  steps= 700000  held=0.01  gate=0.03  bins=2/3  active= 60  (708s)
  steps= 750000  held=0.00  gate=0.01  bins=2/3  active= 60  (772s)
  steps= 800000  held=0.03  gate=0.07  bins=3/3  active= 90  [UNLOCK:deadline]  (835s)
  steps= 850000  held=0.01  gate=0.01  bins=3/3  active= 90  (888s)
  steps= 900000  held=0.03  gate=0.03  bins=3/3  active= 90  (936s)
  steps= 950000  held=0.01  gate=0.01  bins=3/3  active= 90  (985s)
  steps=1000000  held=0.01  gate=0.01  bins=3/3  active= 90  (1038s)
  steps=1050000  held=0.07  gate=0.07  bins=3/3  active= 90  (1080s)
  steps=1100000  held=0.00  gate=0.00  bins=3/3  active= 90  (1132s)
  steps=1150000  held=0.00  gate=0.00  bins=3/3  active= 90  (1185s)
  steps=1200000  held=0.01  gate=0.01  bins=3/3  active= 90  (1238s)
  steps=1250000  held=0.00  gate=0.00  bins=3/3  active= 90  (1292s)
  steps=1300000  held=0.03  gate=0.03  bins=3/3  active= 90  (1344s)
  steps=1350000  held=0.00  gate=0.00  bins=3/3  active= 90  (1397s)
  steps=1400000  held=0.01  gate=0.01  bins=3/3  active= 90  (1435s)
  steps=1450000  held=0.00  gate=0.00  bins=3/3  active= 90  (1488s)
  steps=1500000  held=0.00  gate=0.00  bins=3/3  active= 90  (1542s)

[rivers_only] DONE  final held=0.00  steps_to_0.3=NOT REACHED  wall=1542s  -> rivers_only_seed35.json
[rivers_only] per-cell held: s9N1=0.00  s9N2=0.00  s9N3=0.00  s13N1=0.00  s13N2=0.00  s13N3=0.00  s17N1=0.00  s17N2=0.00  s17N3=0.00
