[rivers_only] train=90 layouts  held-out=36 layouts
objc[21747]: Class SDLApplication is implemented in both /Users/linmuyi/miniconda3/envs/llm_gs/lib/python3.9/site-packages/pygame/.dylibs/libSDL2-2.0.0.dylib (0x1050112c8) and /Users/linmuyi/miniconda3/envs/llm_gs/lib/python3.9/site-packages/cv2/.dylibs/libSDL2-2.0.0.dylib (0x149960890). This may cause spurious casting failures and mysterious crashes. One of the duplicates must be removed or renamed.
objc[21747]: Class SDLAppDelegate is implemented in both /Users/linmuyi/miniconda3/envs/llm_gs/lib/python3.9/site-packages/pygame/.dylibs/libSDL2-2.0.0.dylib (0x105011318) and /Users/linmuyi/miniconda3/envs/llm_gs/lib/python3.9/site-packages/cv2/.dylibs/libSDL2-2.0.0.dylib (0x1499608e0). This may cause spurious casting failures and mysterious crashes. One of the duplicates must be removed or renamed.
objc[21747]: Class SDLTranslatorResponder is implemented in both /Users/linmuyi/miniconda3/envs/llm_gs/lib/python3.9/site-packages/pygame/.dylibs/libSDL2-2.0.0.dylib (0x105011390) and /Users/linmuyi/miniconda3/envs/llm_gs/lib/python3.9/site-packages/cv2/.dylibs/libSDL2-2.0.0.dylib (0x149960958). This may cause spurious casting failures and mysterious crashes. One of the duplicates must be removed or renamed.
objc[21747]: Class SDLMessageBoxPresenter is implemented in both /Users/linmuyi/miniconda3/envs/llm_gs/lib/python3.9/site-packages/pygame/.dylibs/libSDL2-2.0.0.dylib (0x1050113b8) and /Users/linmuyi/miniconda3/envs/llm_gs/lib/python3.9/site-packages/cv2/.dylibs/libSDL2-2.0.0.dylib (0x149960980). This may cause spurious casting failures and mysterious crashes. One of the duplicates must be removed or renamed.
objc[21747]: Class SDL_cocoametalview is implemented in both /Users/linmuyi/miniconda3/envs/llm_gs/lib/python3.9/site-packages/pygame/.dylibs/libSDL2-2.0.0.dylib (0x105011408) and /Users/linmuyi/miniconda3/envs/llm_gs/lib/python3.9/site-packages/cv2/.dylibs/libSDL2-2.0.0.dylib (0x1499609d0). This may cause spurious casting failures and mysterious crashes. One of the duplicates must be removed or renamed.
objc[21747]: Class SDLOpenGLContext is implemented in both /Users/linmuyi/miniconda3/envs/llm_gs/lib/python3.9/site-packages/pygame/.dylibs/libSDL2-2.0.0.dylib (0x105011458) and /Users/linmuyi/miniconda3/envs/llm_gs/lib/python3.9/site-packages/cv2/.dylibs/libSDL2-2.0.0.dylib (0x149960a20). This may cause spurious casting failures and mysterious crashes. One of the duplicates must be removed or renamed.
objc[21747]: Class SDL_ShapeData is implemented in both /Users/linmuyi/miniconda3/envs/llm_gs/lib/python3.9/site-packages/pygame/.dylibs/libSDL2-2.0.0.dylib (0x1050114d0) and /Users/linmuyi/miniconda3/envs/llm_gs/lib/python3.9/site-packages/cv2/.dylibs/libSDL2-2.0.0.dylib (0x149960a98). This may cause spurious casting failures and mysterious crashes. One of the duplicates must be removed or renamed.
objc[21747]: Class SDL_CocoaClosure is implemented in both /Users/linmuyi/miniconda3/envs/llm_gs/lib/python3.9/site-packages/pygame/.dylibs/libSDL2-2.0.0.dylib (0x105011520) and /Users/linmuyi/miniconda3/envs/llm_gs/lib/python3.9/site-packages/cv2/.dylibs/libSDL2-2.0.0.dylib (0x149960ae8). This may cause spurious casting failures and mysterious crashes. One of the duplicates must be removed or renamed.
objc[21747]: Class SDL_VideoData is implemented in both /Users/linmuyi/miniconda3/envs/llm_gs/lib/python3.9/site-packages/pygame/.dylibs/libSDL2-2.0.0.dylib (0x105011570) and /Users/linmuyi/miniconda3/envs/llm_gs/lib/python3.9/site-packages/cv2/.dylibs/libSDL2-2.0.0.dylib (0x149960b38). This may cause spurious casting failures and mysterious crashes. One of the duplicates must be removed or renamed.
objc[21747]: Class SDL_WindowData is implemented in both /Users/linmuyi/miniconda3/envs/llm_gs/lib/python3.9/site-packages/pygame/.dylibs/libSDL2-2.0.0.dylib (0x1050115c0) and /Users/linmuyi/miniconda3/envs/llm_gs/lib/python3.9/site-packages/cv2/.dylibs/libSDL2-2.0.0.dylib (0x149960b88). This may cause spurious casting failures and mysterious crashes. One of the duplicates must be removed or renamed.
objc[21747]: Class SDLWindow is implemented in both /Users/linmuyi/miniconda3/envs/llm_gs/lib/python3.9/site-packages/pygame/.dylibs/libSDL2-2.0.0.dylib (0x1050115e8) and /Users/linmuyi/miniconda3/envs/llm_gs/lib/python3.9/site-packages/cv2/.dylibs/libSDL2-2.0.0.dylib (0x149960bb0). This may cause spurious casting failures and mysterious crashes. One of the duplicates must be removed or renamed.
objc[21747]: Class Cocoa_WindowListener is implemented in both /Users/linmuyi/miniconda3/envs/llm_gs/lib/python3.9/site-packages/pygame/.dylibs/libSDL2-2.0.0.dylib (0x105011610) and /Users/linmuyi/miniconda3/envs/llm_gs/lib/python3.9/site-packages/cv2/.dylibs/libSDL2-2.0.0.dylib (0x149960bd8). This may cause spurious casting failures and mysterious crashes. One of the duplicates must be removed or renamed.
objc[21747]: Class SDLView is implemented in both /Users/linmuyi/miniconda3/envs/llm_gs/lib/python3.9/site-packages/pygame/.dylibs/libSDL2-2.0.0.dylib (0x105011688) and /Users/linmuyi/miniconda3/envs/llm_gs/lib/python3.9/site-packages/cv2/.dylibs/libSDL2-2.0.0.dylib (0x149960c50). This may cause spurious casting failures and mysterious crashes. One of the duplicates must be removed or renamed.
objc[21747]: Class METAL_RenderData is implemented in both /Users/linmuyi/miniconda3/envs/llm_gs/lib/python3.9/site-packages/pygame/.dylibs/libSDL2-2.0.0.dylib (0x105011700) and /Users/linmuyi/miniconda3/envs/llm_gs/lib/python3.9/site-packages/cv2/.dylibs/libSDL2-2.0.0.dylib (0x149960cc8). This may cause spurious casting failures and mysterious crashes. One of the duplicates must be removed or renamed.
objc[21747]: Class METAL_TextureData is implemented in both /Users/linmuyi/miniconda3/envs/llm_gs/lib/python3.9/site-packages/pygame/.dylibs/libSDL2-2.0.0.dylib (0x105011750) and /Users/linmuyi/miniconda3/envs/llm_gs/lib/python3.9/site-packages/cv2/.dylibs/libSDL2-2.0.0.dylib (0x149960d18). This may cause spurious casting failures and mysterious crashes. One of the duplicates must be removed or renamed.
objc[21747]: Class SDL_RumbleMotor is implemented in both /Users/linmuyi/miniconda3/envs/llm_gs/lib/python3.9/site-packages/pygame/.dylibs/libSDL2-2.0.0.dylib (0x105011778) and /Users/linmuyi/miniconda3/envs/llm_gs/lib/python3.9/site-packages/cv2/.dylibs/libSDL2-2.0.0.dylib (0x149960d40). This may cause spurious casting failures and mysterious crashes. One of the duplicates must be removed or renamed.
objc[21747]: Class SDL_RumbleContext is implemented in both /Users/linmuyi/miniconda3/envs/llm_gs/lib/python3.9/site-packages/pygame/.dylibs/libSDL2-2.0.0.dylib (0x1050117c8) and /Users/linmuyi/miniconda3/envs/llm_gs/lib/python3.9/site-packages/cv2/.dylibs/libSDL2-2.0.0.dylib (0x149960d90). This may cause spurious casting failures and mysterious crashes. One of the duplicates must be removed or renamed.
[rivers_only] 1500000 steps, 30 checkpoints, curriculum

  steps=  50000  held=0.00  gate=0.00  bins=1/3  active= 30  (44s)
  steps= 100000  held=0.02  gate=0.01  bins=1/3  active= 30  (80s)
  steps= 150000  held=0.00  gate=0.00  bins=1/3  active= 30  (119s)
  steps= 200000  held=0.02  gate=0.00  bins=1/3  active= 30  (174s)
  steps= 250000  held=0.01  gate=0.01  bins=1/3  active= 30  (230s)
  steps= 300000  held=0.01  gate=0.03  bins=1/3  active= 30  (276s)
  steps= 350000  held=0.00  gate=0.01  bins=1/3  active= 30  (326s)
  steps= 400000  held=0.01  gate=0.04  bins=2/3  active= 60  [UNLOCK:deadline]  (381s)
  steps= 450000  held=0.00  gate=0.00  bins=2/3  active= 60  (443s)
  steps= 500000  held=0.00  gate=0.00  bins=2/3  active= 60  (509s)
  steps= 550000  held=0.03  gate=0.04  bins=2/3  active= 60  (549s)
  steps= 600000  held=0.10  gate=0.08  bins=2/3  active= 60  (581s)
  steps= 650000  held=0.04  gate=0.00  bins=2/3  active= 60  (644s)
  steps= 700000  held=0.01  gate=0.00  bins=2/3  active= 60  (706s)
  steps= 750000  held=0.01  gate=0.03  bins=2/3  active= 60  (775s)
  steps= 800000  held=0.00  gate=0.00  bins=3/3  active= 90  [UNLOCK:deadline]  (846s)
  steps= 850000  held=0.03  gate=0.03  bins=3/3  active= 90  (896s)
  steps= 900000  held=0.03  gate=0.03  bins=3/3  active= 90  (946s)
  steps= 950000  held=0.00  gate=0.00  bins=3/3  active= 90  (1002s)
  steps=1000000  held=0.01  gate=0.01  bins=3/3  active= 90  (1049s)
  steps=1050000  held=0.00  gate=0.00  bins=3/3  active= 90  (1095s)
  steps=1100000  held=0.04  gate=0.04  bins=3/3  active= 90  (1147s)
  steps=1150000  held=0.06  gate=0.06  bins=3/3  active= 90  (1187s)
  steps=1200000  held=0.10  gate=0.10  bins=3/3  active= 90  (1237s)
  steps=1250000  held=0.12  gate=0.12  bins=3/3  active= 90  (1265s)
  steps=1300000  held=0.10  gate=0.10  bins=3/3  active= 90  (1319s)
  steps=1350000  held=0.09  gate=0.09  bins=3/3  active= 90  (1372s)
  steps=1400000  held=0.13  gate=0.13  bins=3/3  active= 90  (1414s)
  steps=1450000  held=0.06  gate=0.06  bins=3/3  active= 90  (1462s)
  steps=1500000  held=0.04  gate=0.04  bins=3/3  active= 90  (1506s)

[rivers_only] DONE  final held=0.04  steps_to_0.3=NOT REACHED  wall=1506s  -> rivers_only_seed1.json
[rivers_only] per-cell held: s9N1=0.00  s9N2=0.00  s9N3=0.00  s13N1=0.19  s13N2=0.06  s13N3=0.00  s17N1=0.12  s17N2=0.00  s17N3=0.00
