[random_curriculum] train=90 layouts  held-out=36 layouts
objc[52124]: Class SDLApplication is implemented in both /Users/linmuyi/miniconda3/envs/llm_gs/lib/python3.9/site-packages/pygame/.dylibs/libSDL2-2.0.0.dylib (0x10c3612c8) and /Users/linmuyi/miniconda3/envs/llm_gs/lib/python3.9/site-packages/cv2/.dylibs/libSDL2-2.0.0.dylib (0x16f9bc890). This may cause spurious casting failures and mysterious crashes. One of the duplicates must be removed or renamed.
objc[52124]: Class SDLAppDelegate is implemented in both /Users/linmuyi/miniconda3/envs/llm_gs/lib/python3.9/site-packages/pygame/.dylibs/libSDL2-2.0.0.dylib (0x10c361318) and /Users/linmuyi/miniconda3/envs/llm_gs/lib/python3.9/site-packages/cv2/.dylibs/libSDL2-2.0.0.dylib (0x16f9bc8e0). This may cause spurious casting failures and mysterious crashes. One of the duplicates must be removed or renamed.
objc[52124]: Class SDLTranslatorResponder is implemented in both /Users/linmuyi/miniconda3/envs/llm_gs/lib/python3.9/site-packages/pygame/.dylibs/libSDL2-2.0.0.dylib (0x10c361390) and /Users/linmuyi/miniconda3/envs/llm_gs/lib/python3.9/site-packages/cv2/.dylibs/libSDL2-2.0.0.dylib (0x16f9bc958). This may cause spurious casting failures and mysterious crashes. One of the duplicates must be removed or renamed.
objc[52124]: Class SDLMessageBoxPresenter is implemented in both /Users/linmuyi/miniconda3/envs/llm_gs/lib/python3.9/site-packages/pygame/.dylibs/libSDL2-2.0.0.dylib (0x10c3613b8) and /Users/linmuyi/miniconda3/envs/llm_gs/lib/python3.9/site-packages/cv2/.dylibs/libSDL2-2.0.0.dylib (0x16f9bc980). This may cause spurious casting failures and mysterious crashes. One of the duplicates must be removed or renamed.
objc[52124]: Class SDL_cocoametalview is implemented in both /Users/linmuyi/miniconda3/envs/llm_gs/lib/python3.9/site-packages/pygame/.dylibs/libSDL2-2.0.0.dylib (0x10c361408) and /Users/linmuyi/miniconda3/envs/llm_gs/lib/python3.9/site-packages/cv2/.dylibs/libSDL2-2.0.0.dylib (0x16f9bc9d0). This may cause spurious casting failures and mysterious crashes. One of the duplicates must be removed or renamed.
objc[52124]: Class SDLOpenGLContext is implemented in both /Users/linmuyi/miniconda3/envs/llm_gs/lib/python3.9/site-packages/pygame/.dylibs/libSDL2-2.0.0.dylib (0x10c361458) and /Users/linmuyi/miniconda3/envs/llm_gs/lib/python3.9/site-packages/cv2/.dylibs/libSDL2-2.0.0.dylib (0x16f9bca20). This may cause spurious casting failures and mysterious crashes. One of the duplicates must be removed or renamed.
objc[52124]: Class SDL_ShapeData is implemented in both /Users/linmuyi/miniconda3/envs/llm_gs/lib/python3.9/site-packages/pygame/.dylibs/libSDL2-2.0.0.dylib (0x10c3614d0) and /Users/linmuyi/miniconda3/envs/llm_gs/lib/python3.9/site-packages/cv2/.dylibs/libSDL2-2.0.0.dylib (0x16f9bca98). This may cause spurious casting failures and mysterious crashes. One of the duplicates must be removed or renamed.
objc[52124]: Class SDL_CocoaClosure is implemented in both /Users/linmuyi/miniconda3/envs/llm_gs/lib/python3.9/site-packages/pygame/.dylibs/libSDL2-2.0.0.dylib (0x10c361520) and /Users/linmuyi/miniconda3/envs/llm_gs/lib/python3.9/site-packages/cv2/.dylibs/libSDL2-2.0.0.dylib (0x16f9bcae8). This may cause spurious casting failures and mysterious crashes. One of the duplicates must be removed or renamed.
objc[52124]: Class SDL_VideoData is implemented in both /Users/linmuyi/miniconda3/envs/llm_gs/lib/python3.9/site-packages/pygame/.dylibs/libSDL2-2.0.0.dylib (0x10c361570) and /Users/linmuyi/miniconda3/envs/llm_gs/lib/python3.9/site-packages/cv2/.dylibs/libSDL2-2.0.0.dylib (0x16f9bcb38). This may cause spurious casting failures and mysterious crashes. One of the duplicates must be removed or renamed.
objc[52124]: Class SDL_WindowData is implemented in both /Users/linmuyi/miniconda3/envs/llm_gs/lib/python3.9/site-packages/pygame/.dylibs/libSDL2-2.0.0.dylib (0x10c3615c0) and /Users/linmuyi/miniconda3/envs/llm_gs/lib/python3.9/site-packages/cv2/.dylibs/libSDL2-2.0.0.dylib (0x16f9bcb88). This may cause spurious casting failures and mysterious crashes. One of the duplicates must be removed or renamed.
objc[52124]: Class SDLWindow is implemented in both /Users/linmuyi/miniconda3/envs/llm_gs/lib/python3.9/site-packages/pygame/.dylibs/libSDL2-2.0.0.dylib (0x10c3615e8) and /Users/linmuyi/miniconda3/envs/llm_gs/lib/python3.9/site-packages/cv2/.dylibs/libSDL2-2.0.0.dylib (0x16f9bcbb0). This may cause spurious casting failures and mysterious crashes. One of the duplicates must be removed or renamed.
objc[52124]: Class Cocoa_WindowListener is implemented in both /Users/linmuyi/miniconda3/envs/llm_gs/lib/python3.9/site-packages/pygame/.dylibs/libSDL2-2.0.0.dylib (0x10c361610) and /Users/linmuyi/miniconda3/envs/llm_gs/lib/python3.9/site-packages/cv2/.dylibs/libSDL2-2.0.0.dylib (0x16f9bcbd8). This may cause spurious casting failures and mysterious crashes. One of the duplicates must be removed or renamed.
objc[52124]: Class SDLView is implemented in both /Users/linmuyi/miniconda3/envs/llm_gs/lib/python3.9/site-packages/pygame/.dylibs/libSDL2-2.0.0.dylib (0x10c361688) and /Users/linmuyi/miniconda3/envs/llm_gs/lib/python3.9/site-packages/cv2/.dylibs/libSDL2-2.0.0.dylib (0x16f9bcc50). This may cause spurious casting failures and mysterious crashes. One of the duplicates must be removed or renamed.
objc[52124]: Class METAL_RenderData is implemented in both /Users/linmuyi/miniconda3/envs/llm_gs/lib/python3.9/site-packages/pygame/.dylibs/libSDL2-2.0.0.dylib (0x10c361700) and /Users/linmuyi/miniconda3/envs/llm_gs/lib/python3.9/site-packages/cv2/.dylibs/libSDL2-2.0.0.dylib (0x16f9bccc8). This may cause spurious casting failures and mysterious crashes. One of the duplicates must be removed or renamed.
objc[52124]: Class METAL_TextureData is implemented in both /Users/linmuyi/miniconda3/envs/llm_gs/lib/python3.9/site-packages/pygame/.dylibs/libSDL2-2.0.0.dylib (0x10c361750) and /Users/linmuyi/miniconda3/envs/llm_gs/lib/python3.9/site-packages/cv2/.dylibs/libSDL2-2.0.0.dylib (0x16f9bcd18). This may cause spurious casting failures and mysterious crashes. One of the duplicates must be removed or renamed.
objc[52124]: Class SDL_RumbleMotor is implemented in both /Users/linmuyi/miniconda3/envs/llm_gs/lib/python3.9/site-packages/pygame/.dylibs/libSDL2-2.0.0.dylib (0x10c361778) and /Users/linmuyi/miniconda3/envs/llm_gs/lib/python3.9/site-packages/cv2/.dylibs/libSDL2-2.0.0.dylib (0x16f9bcd40). This may cause spurious casting failures and mysterious crashes. One of the duplicates must be removed or renamed.
objc[52124]: Class SDL_RumbleContext is implemented in both /Users/linmuyi/miniconda3/envs/llm_gs/lib/python3.9/site-packages/pygame/.dylibs/libSDL2-2.0.0.dylib (0x10c3617c8) and /Users/linmuyi/miniconda3/envs/llm_gs/lib/python3.9/site-packages/cv2/.dylibs/libSDL2-2.0.0.dylib (0x16f9bcd90). This may cause spurious casting failures and mysterious crashes. One of the duplicates must be removed or renamed.
[random_curriculum] 1500000 steps, 30 checkpoints, curriculum

  steps=  50000  held=0.00  gate=0.00  bins=1/3  active= 30  (34s)
  steps= 100000  held=0.00  gate=0.00  bins=1/3  active= 30  (85s)
  steps= 150000  held=0.01  gate=0.00  bins=1/3  active= 30  (118s)
  steps= 200000  held=0.00  gate=0.00  bins=1/3  active= 30  (149s)
  steps= 250000  held=0.01  gate=0.00  bins=1/3  active= 30  (175s)
  steps= 300000  held=0.01  gate=0.00  bins=1/3  active= 30  (203s)
  steps= 350000  held=0.00  gate=0.01  bins=1/3  active= 30  (237s)
  steps= 400000  held=0.02  gate=0.06  bins=2/3  active= 60  [UNLOCK:deadline]  (271s)
  steps= 450000  held=0.03  gate=0.11  bins=2/3  active= 60  (301s)
  steps= 500000  held=0.00  gate=0.06  bins=2/3  active= 60  (343s)
  steps= 550000  held=0.03  gate=0.00  bins=2/3  active= 60  (379s)
  steps= 600000  held=0.02  gate=0.04  bins=2/3  active= 60  (423s)
  steps= 650000  held=0.03  gate=0.11  bins=2/3  active= 60  (452s)
  steps= 700000  held=0.02  gate=0.11  bins=2/3  active= 60  (494s)
  steps= 750000  held=0.03  gate=0.11  bins=2/3  active= 60  (538s)
  steps= 800000  held=0.03  gate=0.11  bins=3/3  active= 90  [UNLOCK:deadline]  (599s)
  steps= 850000  held=0.03  gate=0.03  bins=3/3  active= 90  (647s)
  steps= 900000  held=0.03  gate=0.03  bins=3/3  active= 90  (697s)
  steps= 950000  held=0.03  gate=0.03  bins=3/3  active= 90  (745s)
  steps=1000000  held=0.03  gate=0.03  bins=3/3  active= 90  (797s)
  steps=1050000  held=0.03  gate=0.03  bins=3/3  active= 90  (843s)
  steps=1100000  held=0.03  gate=0.03  bins=3/3  active= 90  (885s)
  steps=1150000  held=0.03  gate=0.03  bins=3/3  active= 90  (926s)
  steps=1200000  held=0.03  gate=0.03  bins=3/3  active= 90  (967s)
  steps=1250000  held=0.03  gate=0.03  bins=3/3  active= 90  (1007s)
  steps=1300000  held=0.03  gate=0.03  bins=3/3  active= 90  (1054s)
  steps=1350000  held=0.03  gate=0.03  bins=3/3  active= 90  (1102s)
  steps=1400000  held=0.01  gate=0.01  bins=3/3  active= 90  (1147s)
  steps=1450000  held=0.12  gate=0.12  bins=3/3  active= 90  (1186s)
  steps=1500000  held=0.17  gate=0.17  bins=3/3  active= 90  (1230s)

[random_curriculum] DONE  final held=0.17  steps_to_0.3=NOT REACHED  wall=1230s  -> random_curriculum_seed24.json
[random_curriculum] per-cell held: s9N1=0.44  s9N2=0.06  s9N3=0.00  s13N1=0.44  s13N2=0.25  s13N3=0.00  s17N1=0.00  s17N2=0.25  s17N3=0.12
