[grader] train=90 layouts  held-out=36 layouts
objc[47721]: Class SDLApplication is implemented in both /Users/linmuyi/miniconda3/envs/llm_gs/lib/python3.9/site-packages/pygame/.dylibs/libSDL2-2.0.0.dylib (0x1032792c8) and /Users/linmuyi/miniconda3/envs/llm_gs/lib/python3.9/site-packages/cv2/.dylibs/libSDL2-2.0.0.dylib (0x14944c890). This may cause spurious casting failures and mysterious crashes. One of the duplicates must be removed or renamed.
objc[47721]: Class SDLAppDelegate is implemented in both /Users/linmuyi/miniconda3/envs/llm_gs/lib/python3.9/site-packages/pygame/.dylibs/libSDL2-2.0.0.dylib (0x103279318) and /Users/linmuyi/miniconda3/envs/llm_gs/lib/python3.9/site-packages/cv2/.dylibs/libSDL2-2.0.0.dylib (0x14944c8e0). This may cause spurious casting failures and mysterious crashes. One of the duplicates must be removed or renamed.
objc[47721]: Class SDLTranslatorResponder is implemented in both /Users/linmuyi/miniconda3/envs/llm_gs/lib/python3.9/site-packages/pygame/.dylibs/libSDL2-2.0.0.dylib (0x103279390) and /Users/linmuyi/miniconda3/envs/llm_gs/lib/python3.9/site-packages/cv2/.dylibs/libSDL2-2.0.0.dylib (0x14944c958). This may cause spurious casting failures and mysterious crashes. One of the duplicates must be removed or renamed.
objc[47721]: Class SDLMessageBoxPresenter is implemented in both /Users/linmuyi/miniconda3/envs/llm_gs/lib/python3.9/site-packages/pygame/.dylibs/libSDL2-2.0.0.dylib (0x1032793b8) and /Users/linmuyi/miniconda3/envs/llm_gs/lib/python3.9/site-packages/cv2/.dylibs/libSDL2-2.0.0.dylib (0x14944c980). This may cause spurious casting failures and mysterious crashes. One of the duplicates must be removed or renamed.
objc[47721]: Class SDL_cocoametalview is implemented in both /Users/linmuyi/miniconda3/envs/llm_gs/lib/python3.9/site-packages/pygame/.dylibs/libSDL2-2.0.0.dylib (0x103279408) and /Users/linmuyi/miniconda3/envs/llm_gs/lib/python3.9/site-packages/cv2/.dylibs/libSDL2-2.0.0.dylib (0x14944c9d0). This may cause spurious casting failures and mysterious crashes. One of the duplicates must be removed or renamed.
objc[47721]: Class SDLOpenGLContext is implemented in both /Users/linmuyi/miniconda3/envs/llm_gs/lib/python3.9/site-packages/pygame/.dylibs/libSDL2-2.0.0.dylib (0x103279458) and /Users/linmuyi/miniconda3/envs/llm_gs/lib/python3.9/site-packages/cv2/.dylibs/libSDL2-2.0.0.dylib (0x14944ca20). This may cause spurious casting failures and mysterious crashes. One of the duplicates must be removed or renamed.
objc[47721]: Class SDL_ShapeData is implemented in both /Users/linmuyi/miniconda3/envs/llm_gs/lib/python3.9/site-packages/pygame/.dylibs/libSDL2-2.0.0.dylib (0x1032794d0) and /Users/linmuyi/miniconda3/envs/llm_gs/lib/python3.9/site-packages/cv2/.dylibs/libSDL2-2.0.0.dylib (0x14944ca98). This may cause spurious casting failures and mysterious crashes. One of the duplicates must be removed or renamed.
objc[47721]: Class SDL_CocoaClosure is implemented in both /Users/linmuyi/miniconda3/envs/llm_gs/lib/python3.9/site-packages/pygame/.dylibs/libSDL2-2.0.0.dylib (0x103279520) and /Users/linmuyi/miniconda3/envs/llm_gs/lib/python3.9/site-packages/cv2/.dylibs/libSDL2-2.0.0.dylib (0x14944cae8). This may cause spurious casting failures and mysterious crashes. One of the duplicates must be removed or renamed.
objc[47721]: Class SDL_VideoData is implemented in both /Users/linmuyi/miniconda3/envs/llm_gs/lib/python3.9/site-packages/pygame/.dylibs/libSDL2-2.0.0.dylib (0x103279570) and /Users/linmuyi/miniconda3/envs/llm_gs/lib/python3.9/site-packages/cv2/.dylibs/libSDL2-2.0.0.dylib (0x14944cb38). This may cause spurious casting failures and mysterious crashes. One of the duplicates must be removed or renamed.
objc[47721]: Class SDL_WindowData is implemented in both /Users/linmuyi/miniconda3/envs/llm_gs/lib/python3.9/site-packages/pygame/.dylibs/libSDL2-2.0.0.dylib (0x1032795c0) and /Users/linmuyi/miniconda3/envs/llm_gs/lib/python3.9/site-packages/cv2/.dylibs/libSDL2-2.0.0.dylib (0x14944cb88). This may cause spurious casting failures and mysterious crashes. One of the duplicates must be removed or renamed.
objc[47721]: Class SDLWindow is implemented in both /Users/linmuyi/miniconda3/envs/llm_gs/lib/python3.9/site-packages/pygame/.dylibs/libSDL2-2.0.0.dylib (0x1032795e8) and /Users/linmuyi/miniconda3/envs/llm_gs/lib/python3.9/site-packages/cv2/.dylibs/libSDL2-2.0.0.dylib (0x14944cbb0). This may cause spurious casting failures and mysterious crashes. One of the duplicates must be removed or renamed.
objc[47721]: Class Cocoa_WindowListener is implemented in both /Users/linmuyi/miniconda3/envs/llm_gs/lib/python3.9/site-packages/pygame/.dylibs/libSDL2-2.0.0.dylib (0x103279610) and /Users/linmuyi/miniconda3/envs/llm_gs/lib/python3.9/site-packages/cv2/.dylibs/libSDL2-2.0.0.dylib (0x14944cbd8). This may cause spurious casting failures and mysterious crashes. One of the duplicates must be removed or renamed.
objc[47721]: Class SDLView is implemented in both /Users/linmuyi/miniconda3/envs/llm_gs/lib/python3.9/site-packages/pygame/.dylibs/libSDL2-2.0.0.dylib (0x103279688) and /Users/linmuyi/miniconda3/envs/llm_gs/lib/python3.9/site-packages/cv2/.dylibs/libSDL2-2.0.0.dylib (0x14944cc50). This may cause spurious casting failures and mysterious crashes. One of the duplicates must be removed or renamed.
objc[47721]: Class METAL_RenderData is implemented in both /Users/linmuyi/miniconda3/envs/llm_gs/lib/python3.9/site-packages/pygame/.dylibs/libSDL2-2.0.0.dylib (0x103279700) and /Users/linmuyi/miniconda3/envs/llm_gs/lib/python3.9/site-packages/cv2/.dylibs/libSDL2-2.0.0.dylib (0x14944ccc8). This may cause spurious casting failures and mysterious crashes. One of the duplicates must be removed or renamed.
objc[47721]: Class METAL_TextureData is implemented in both /Users/linmuyi/miniconda3/envs/llm_gs/lib/python3.9/site-packages/pygame/.dylibs/libSDL2-2.0.0.dylib (0x103279750) and /Users/linmuyi/miniconda3/envs/llm_gs/lib/python3.9/site-packages/cv2/.dylibs/libSDL2-2.0.0.dylib (0x14944cd18). This may cause spurious casting failures and mysterious crashes. One of the duplicates must be removed or renamed.
objc[47721]: Class SDL_RumbleMotor is implemented in both /Users/linmuyi/miniconda3/envs/llm_gs/lib/python3.9/site-packages/pygame/.dylibs/libSDL2-2.0.0.dylib (0x103279778) and /Users/linmuyi/miniconda3/envs/llm_gs/lib/python3.9/site-packages/cv2/.dylibs/libSDL2-2.0.0.dylib (0x14944cd40). This may cause spurious casting failures and mysterious crashes. One of the duplicates must be removed or renamed.
objc[47721]: Class SDL_RumbleContext is implemented in both /Users/linmuyi/miniconda3/envs/llm_gs/lib/python3.9/site-packages/pygame/.dylibs/libSDL2-2.0.0.dylib (0x1032797c8) and /Users/linmuyi/miniconda3/envs/llm_gs/lib/python3.9/site-packages/cv2/.dylibs/libSDL2-2.0.0.dylib (0x14944cd90). This may cause spurious casting failures and mysterious crashes. One of the duplicates must be removed or renamed.
[grader] 1500000 steps, 30 checkpoints, curriculum

  steps=  50000  held=0.00  gate=0.00  bins=1/3  active= 30  (43s)
  steps= 100000  held=0.00  gate=0.00  bins=1/3  active= 30  (83s)
  steps= 150000  held=0.00  gate=0.00  bins=1/3  active= 30  (127s)
  steps= 200000  held=0.01  gate=0.03  bins=1/3  active= 30  (173s)
  steps= 250000  held=0.00  gate=0.00  bins=1/3  active= 30  (229s)
  steps= 300000  held=0.00  gate=0.00  bins=1/3  active= 30  (287s)
  steps= 350000  held=0.03  gate=0.06  bins=1/3  active= 30  (319s)
  steps= 400000  held=0.07  gate=0.18  bins=2/3  active= 60  [UNLOCK:deadline]  (349s)
  steps= 450000  held=0.07  gate=0.04  bins=2/3  active= 60  (398s)
  steps= 500000  held=0.11  gate=0.08  bins=2/3  active= 60  (440s)
  steps= 550000  held=0.06  gate=0.01  bins=2/3  active= 60  (489s)
  steps= 600000  held=0.11  gate=0.19  bins=2/3  active= 60  (538s)
  steps= 650000  held=0.11  gate=0.24  bins=2/3  active= 60  (591s)
  steps= 700000  held=0.10  gate=0.21  bins=2/3  active= 60  (642s)
  steps= 750000  held=0.00  gate=0.00  bins=2/3  active= 60  (709s)
  steps= 800000  held=0.17  gate=0.19  bins=3/3  active= 90  [UNLOCK:deadline]  (760s)
  steps= 850000  held=0.03  gate=0.03  bins=3/3  active= 90  (811s)
  steps= 900000  held=0.03  gate=0.03  bins=3/3  active= 90  (858s)
  steps= 950000  held=0.09  gate=0.09  bins=3/3  active= 90  (904s)
  steps=1000000  held=0.04  gate=0.04  bins=3/3  active= 90  (955s)
  steps=1050000  held=0.19  gate=0.19  bins=3/3  active= 90  (997s)
  steps=1100000  held=0.03  gate=0.03  bins=3/3  active= 90  (1047s)
  steps=1150000  held=0.06  gate=0.06  bins=3/3  active= 90  (1097s)
  steps=1200000  held=0.12  gate=0.12  bins=3/3  active= 90  (1144s)
  steps=1250000  held=0.22  gate=0.22  bins=3/3  active= 90  (1181s)
  steps=1300000  held=0.24  gate=0.24  bins=3/3  active= 90  (1225s)
  steps=1350000  held=0.29  gate=0.29  bins=3/3  active= 90  (1266s)
  steps=1400000  held=0.35  gate=0.35  bins=3/3  active= 90  (1312s)
  steps=1450000  held=0.29  gate=0.29  bins=3/3  active= 90  (1360s)
  steps=1500000  held=0.34  gate=0.34  bins=3/3  active= 90  (1403s)

[grader] DONE  final held=0.34  steps_to_0.3=1,400,000  wall=1403s  -> grader_seed23.json
[grader] per-cell held: s9N1=0.50  s9N2=0.19  s9N3=0.00  s13N1=0.75  s13N2=0.56  s13N3=0.00  s17N1=0.06  s17N2=0.62  s17N3=0.38
