[flat] train=90 layouts  held-out=36 layouts
objc[10514]: Class SDLApplication is implemented in both /Users/linmuyi/miniconda3/envs/llm_gs/lib/python3.9/site-packages/pygame/.dylibs/libSDL2-2.0.0.dylib (0x11d0292c8) and /Users/linmuyi/miniconda3/envs/llm_gs/lib/python3.9/site-packages/cv2/.dylibs/libSDL2-2.0.0.dylib (0x14b534890). This may cause spurious casting failures and mysterious crashes. One of the duplicates must be removed or renamed.
objc[10514]: Class SDLAppDelegate is implemented in both /Users/linmuyi/miniconda3/envs/llm_gs/lib/python3.9/site-packages/pygame/.dylibs/libSDL2-2.0.0.dylib (0x11d029318) and /Users/linmuyi/miniconda3/envs/llm_gs/lib/python3.9/site-packages/cv2/.dylibs/libSDL2-2.0.0.dylib (0x14b5348e0). This may cause spurious casting failures and mysterious crashes. One of the duplicates must be removed or renamed.
objc[10514]: Class SDLTranslatorResponder is implemented in both /Users/linmuyi/miniconda3/envs/llm_gs/lib/python3.9/site-packages/pygame/.dylibs/libSDL2-2.0.0.dylib (0x11d029390) and /Users/linmuyi/miniconda3/envs/llm_gs/lib/python3.9/site-packages/cv2/.dylibs/libSDL2-2.0.0.dylib (0x14b534958). This may cause spurious casting failures and mysterious crashes. One of the duplicates must be removed or renamed.
objc[10514]: Class SDLMessageBoxPresenter is implemented in both /Users/linmuyi/miniconda3/envs/llm_gs/lib/python3.9/site-packages/pygame/.dylibs/libSDL2-2.0.0.dylib (0x11d0293b8) and /Users/linmuyi/miniconda3/envs/llm_gs/lib/python3.9/site-packages/cv2/.dylibs/libSDL2-2.0.0.dylib (0x14b534980). This may cause spurious casting failures and mysterious crashes. One of the duplicates must be removed or renamed.
objc[10514]: Class SDL_cocoametalview is implemented in both /Users/linmuyi/miniconda3/envs/llm_gs/lib/python3.9/site-packages/pygame/.dylibs/libSDL2-2.0.0.dylib (0x11d029408) and /Users/linmuyi/miniconda3/envs/llm_gs/lib/python3.9/site-packages/cv2/.dylibs/libSDL2-2.0.0.dylib (0x14b5349d0). This may cause spurious casting failures and mysterious crashes. One of the duplicates must be removed or renamed.
objc[10514]: Class SDLOpenGLContext is implemented in both /Users/linmuyi/miniconda3/envs/llm_gs/lib/python3.9/site-packages/pygame/.dylibs/libSDL2-2.0.0.dylib (0x11d029458) and /Users/linmuyi/miniconda3/envs/llm_gs/lib/python3.9/site-packages/cv2/.dylibs/libSDL2-2.0.0.dylib (0x14b534a20). This may cause spurious casting failures and mysterious crashes. One of the duplicates must be removed or renamed.
objc[10514]: Class SDL_ShapeData is implemented in both /Users/linmuyi/miniconda3/envs/llm_gs/lib/python3.9/site-packages/pygame/.dylibs/libSDL2-2.0.0.dylib (0x11d0294d0) and /Users/linmuyi/miniconda3/envs/llm_gs/lib/python3.9/site-packages/cv2/.dylibs/libSDL2-2.0.0.dylib (0x14b534a98). This may cause spurious casting failures and mysterious crashes. One of the duplicates must be removed or renamed.
objc[10514]: Class SDL_CocoaClosure is implemented in both /Users/linmuyi/miniconda3/envs/llm_gs/lib/python3.9/site-packages/pygame/.dylibs/libSDL2-2.0.0.dylib (0x11d029520) and /Users/linmuyi/miniconda3/envs/llm_gs/lib/python3.9/site-packages/cv2/.dylibs/libSDL2-2.0.0.dylib (0x14b534ae8). This may cause spurious casting failures and mysterious crashes. One of the duplicates must be removed or renamed.
objc[10514]: Class SDL_VideoData is implemented in both /Users/linmuyi/miniconda3/envs/llm_gs/lib/python3.9/site-packages/pygame/.dylibs/libSDL2-2.0.0.dylib (0x11d029570) and /Users/linmuyi/miniconda3/envs/llm_gs/lib/python3.9/site-packages/cv2/.dylibs/libSDL2-2.0.0.dylib (0x14b534b38). This may cause spurious casting failures and mysterious crashes. One of the duplicates must be removed or renamed.
objc[10514]: Class SDL_WindowData is implemented in both /Users/linmuyi/miniconda3/envs/llm_gs/lib/python3.9/site-packages/pygame/.dylibs/libSDL2-2.0.0.dylib (0x11d0295c0) and /Users/linmuyi/miniconda3/envs/llm_gs/lib/python3.9/site-packages/cv2/.dylibs/libSDL2-2.0.0.dylib (0x14b534b88). This may cause spurious casting failures and mysterious crashes. One of the duplicates must be removed or renamed.
objc[10514]: Class SDLWindow is implemented in both /Users/linmuyi/miniconda3/envs/llm_gs/lib/python3.9/site-packages/pygame/.dylibs/libSDL2-2.0.0.dylib (0x11d0295e8) and /Users/linmuyi/miniconda3/envs/llm_gs/lib/python3.9/site-packages/cv2/.dylibs/libSDL2-2.0.0.dylib (0x14b534bb0). This may cause spurious casting failures and mysterious crashes. One of the duplicates must be removed or renamed.
objc[10514]: Class Cocoa_WindowListener is implemented in both /Users/linmuyi/miniconda3/envs/llm_gs/lib/python3.9/site-packages/pygame/.dylibs/libSDL2-2.0.0.dylib (0x11d029610) and /Users/linmuyi/miniconda3/envs/llm_gs/lib/python3.9/site-packages/cv2/.dylibs/libSDL2-2.0.0.dylib (0x14b534bd8). This may cause spurious casting failures and mysterious crashes. One of the duplicates must be removed or renamed.
objc[10514]: Class SDLView is implemented in both /Users/linmuyi/miniconda3/envs/llm_gs/lib/python3.9/site-packages/pygame/.dylibs/libSDL2-2.0.0.dylib (0x11d029688) and /Users/linmuyi/miniconda3/envs/llm_gs/lib/python3.9/site-packages/cv2/.dylibs/libSDL2-2.0.0.dylib (0x14b534c50). This may cause spurious casting failures and mysterious crashes. One of the duplicates must be removed or renamed.
objc[10514]: Class METAL_RenderData is implemented in both /Users/linmuyi/miniconda3/envs/llm_gs/lib/python3.9/site-packages/pygame/.dylibs/libSDL2-2.0.0.dylib (0x11d029700) and /Users/linmuyi/miniconda3/envs/llm_gs/lib/python3.9/site-packages/cv2/.dylibs/libSDL2-2.0.0.dylib (0x14b534cc8). This may cause spurious casting failures and mysterious crashes. One of the duplicates must be removed or renamed.
objc[10514]: Class METAL_TextureData is implemented in both /Users/linmuyi/miniconda3/envs/llm_gs/lib/python3.9/site-packages/pygame/.dylibs/libSDL2-2.0.0.dylib (0x11d029750) and /Users/linmuyi/miniconda3/envs/llm_gs/lib/python3.9/site-packages/cv2/.dylibs/libSDL2-2.0.0.dylib (0x14b534d18). This may cause spurious casting failures and mysterious crashes. One of the duplicates must be removed or renamed.
objc[10514]: Class SDL_RumbleMotor is implemented in both /Users/linmuyi/miniconda3/envs/llm_gs/lib/python3.9/site-packages/pygame/.dylibs/libSDL2-2.0.0.dylib (0x11d029778) and /Users/linmuyi/miniconda3/envs/llm_gs/lib/python3.9/site-packages/cv2/.dylibs/libSDL2-2.0.0.dylib (0x14b534d40). This may cause spurious casting failures and mysterious crashes. One of the duplicates must be removed or renamed.
objc[10514]: Class SDL_RumbleContext is implemented in both /Users/linmuyi/miniconda3/envs/llm_gs/lib/python3.9/site-packages/pygame/.dylibs/libSDL2-2.0.0.dylib (0x11d0297c8) and /Users/linmuyi/miniconda3/envs/llm_gs/lib/python3.9/site-packages/cv2/.dylibs/libSDL2-2.0.0.dylib (0x14b534d90). This may cause spurious casting failures and mysterious crashes. One of the duplicates must be removed or renamed.
[flat] 1500000 steps, 30 checkpoints, flat (no curriculum)

  steps=  50000  held=0.00  gate=0.00  bins=3/3  active= 90  (272s)
  steps= 100000  held=0.10  gate=0.10  bins=3/3  active= 90  (519s)
  steps= 150000  held=0.00  gate=0.00  bins=3/3  active= 90  (586s)
  steps= 200000  held=0.00  gate=0.00  bins=3/3  active= 90  (730s)
  steps= 250000  held=0.01  gate=0.01  bins=3/3  active= 90  (842s)
  steps= 300000  held=0.00  gate=0.00  bins=3/3  active= 90  (949s)
  steps= 350000  held=0.02  gate=0.02  bins=3/3  active= 90  (1045s)
  steps= 400000  held=0.03  gate=0.03  bins=3/3  active= 90  (1123s)
  steps= 450000  held=0.01  gate=0.01  bins=3/3  active= 90  (1214s)
  steps= 500000  held=0.01  gate=0.01  bins=3/3  active= 90  (1280s)
  steps= 550000  held=0.03  gate=0.03  bins=3/3  active= 90  (1331s)
  steps= 600000  held=0.05  gate=0.05  bins=3/3  active= 90  (1383s)
  steps= 650000  held=0.01  gate=0.01  bins=3/3  active= 90  (1413s)
  steps= 700000  held=0.01  gate=0.01  bins=3/3  active= 90  (1453s)
  steps= 750000  held=0.00  gate=0.00  bins=3/3  active= 90  (1492s)
  steps= 800000  held=0.00  gate=0.00  bins=3/3  active= 90  (1531s)
  steps= 850000  held=0.00  gate=0.00  bins=3/3  active= 90  (1566s)
  steps= 900000  held=0.02  gate=0.02  bins=3/3  active= 90  (1614s)
  steps= 950000  held=0.03  gate=0.03  bins=3/3  active= 90  (1645s)
  steps=1000000  held=0.01  gate=0.01  bins=3/3  active= 90  (1694s)
  steps=1050000  held=0.06  gate=0.06  bins=3/3  active= 90  (1744s)
  steps=1100000  held=0.01  gate=0.01  bins=3/3  active= 90  (1789s)
  steps=1150000  held=0.00  gate=0.00  bins=3/3  active= 90  (1837s)
  steps=1200000  held=0.00  gate=0.00  bins=3/3  active= 90  (1886s)
  steps=1250000  held=0.00  gate=0.00  bins=3/3  active= 90  (1938s)
  steps=1300000  held=0.01  gate=0.01  bins=3/3  active= 90  (1974s)
  steps=1350000  held=0.08  gate=0.08  bins=3/3  active= 90  (2018s)
  steps=1400000  held=0.03  gate=0.03  bins=3/3  active= 90  (2061s)
  steps=1450000  held=0.12  gate=0.12  bins=3/3  active= 90  (2108s)
  steps=1500000  held=0.12  gate=0.12  bins=3/3  active= 90  (2160s)

[flat] DONE  final held=0.12  steps_to_0.3=NOT REACHED  wall=2160s  -> flat_seed1.json
[flat] per-cell held: s9N1=0.06  s9N2=0.00  s9N3=0.00  s13N1=0.25  s13N2=0.19  s13N3=0.00  s17N1=0.00  s17N2=0.44  s17N3=0.19
