[rivers_only] train=90 layouts  held-out=36 layouts
objc[69637]: Class SDLApplication is implemented in both /Users/linmuyi/miniconda3/envs/llm_gs/lib/python3.9/site-packages/pygame/.dylibs/libSDL2-2.0.0.dylib (0x1074952c8) and /Users/linmuyi/miniconda3/envs/llm_gs/lib/python3.9/site-packages/cv2/.dylibs/libSDL2-2.0.0.dylib (0x16dac4890). This may cause spurious casting failures and mysterious crashes. One of the duplicates must be removed or renamed.
objc[69637]: Class SDLAppDelegate is implemented in both /Users/linmuyi/miniconda3/envs/llm_gs/lib/python3.9/site-packages/pygame/.dylibs/libSDL2-2.0.0.dylib (0x107495318) and /Users/linmuyi/miniconda3/envs/llm_gs/lib/python3.9/site-packages/cv2/.dylibs/libSDL2-2.0.0.dylib (0x16dac48e0). This may cause spurious casting failures and mysterious crashes. One of the duplicates must be removed or renamed.
objc[69637]: Class SDLTranslatorResponder is implemented in both /Users/linmuyi/miniconda3/envs/llm_gs/lib/python3.9/site-packages/pygame/.dylibs/libSDL2-2.0.0.dylib (0x107495390) and /Users/linmuyi/miniconda3/envs/llm_gs/lib/python3.9/site-packages/cv2/.dylibs/libSDL2-2.0.0.dylib (0x16dac4958). This may cause spurious casting failures and mysterious crashes. One of the duplicates must be removed or renamed.
objc[69637]: Class SDLMessageBoxPresenter is implemented in both /Users/linmuyi/miniconda3/envs/llm_gs/lib/python3.9/site-packages/pygame/.dylibs/libSDL2-2.0.0.dylib (0x1074953b8) and /Users/linmuyi/miniconda3/envs/llm_gs/lib/python3.9/site-packages/cv2/.dylibs/libSDL2-2.0.0.dylib (0x16dac4980). This may cause spurious casting failures and mysterious crashes. One of the duplicates must be removed or renamed.
objc[69637]: Class SDL_cocoametalview is implemented in both /Users/linmuyi/miniconda3/envs/llm_gs/lib/python3.9/site-packages/pygame/.dylibs/libSDL2-2.0.0.dylib (0x107495408) and /Users/linmuyi/miniconda3/envs/llm_gs/lib/python3.9/site-packages/cv2/.dylibs/libSDL2-2.0.0.dylib (0x16dac49d0). This may cause spurious casting failures and mysterious crashes. One of the duplicates must be removed or renamed.
objc[69637]: Class SDLOpenGLContext is implemented in both /Users/linmuyi/miniconda3/envs/llm_gs/lib/python3.9/site-packages/pygame/.dylibs/libSDL2-2.0.0.dylib (0x107495458) and /Users/linmuyi/miniconda3/envs/llm_gs/lib/python3.9/site-packages/cv2/.dylibs/libSDL2-2.0.0.dylib (0x16dac4a20). This may cause spurious casting failures and mysterious crashes. One of the duplicates must be removed or renamed.
objc[69637]: Class SDL_ShapeData is implemented in both /Users/linmuyi/miniconda3/envs/llm_gs/lib/python3.9/site-packages/pygame/.dylibs/libSDL2-2.0.0.dylib (0x1074954d0) and /Users/linmuyi/miniconda3/envs/llm_gs/lib/python3.9/site-packages/cv2/.dylibs/libSDL2-2.0.0.dylib (0x16dac4a98). This may cause spurious casting failures and mysterious crashes. One of the duplicates must be removed or renamed.
objc[69637]: Class SDL_CocoaClosure is implemented in both /Users/linmuyi/miniconda3/envs/llm_gs/lib/python3.9/site-packages/pygame/.dylibs/libSDL2-2.0.0.dylib (0x107495520) and /Users/linmuyi/miniconda3/envs/llm_gs/lib/python3.9/site-packages/cv2/.dylibs/libSDL2-2.0.0.dylib (0x16dac4ae8). This may cause spurious casting failures and mysterious crashes. One of the duplicates must be removed or renamed.
objc[69637]: Class SDL_VideoData is implemented in both /Users/linmuyi/miniconda3/envs/llm_gs/lib/python3.9/site-packages/pygame/.dylibs/libSDL2-2.0.0.dylib (0x107495570) and /Users/linmuyi/miniconda3/envs/llm_gs/lib/python3.9/site-packages/cv2/.dylibs/libSDL2-2.0.0.dylib (0x16dac4b38). This may cause spurious casting failures and mysterious crashes. One of the duplicates must be removed or renamed.
objc[69637]: Class SDL_WindowData is implemented in both /Users/linmuyi/miniconda3/envs/llm_gs/lib/python3.9/site-packages/pygame/.dylibs/libSDL2-2.0.0.dylib (0x1074955c0) and /Users/linmuyi/miniconda3/envs/llm_gs/lib/python3.9/site-packages/cv2/.dylibs/libSDL2-2.0.0.dylib (0x16dac4b88). This may cause spurious casting failures and mysterious crashes. One of the duplicates must be removed or renamed.
objc[69637]: Class SDLWindow is implemented in both /Users/linmuyi/miniconda3/envs/llm_gs/lib/python3.9/site-packages/pygame/.dylibs/libSDL2-2.0.0.dylib (0x1074955e8) and /Users/linmuyi/miniconda3/envs/llm_gs/lib/python3.9/site-packages/cv2/.dylibs/libSDL2-2.0.0.dylib (0x16dac4bb0). This may cause spurious casting failures and mysterious crashes. One of the duplicates must be removed or renamed.
objc[69637]: Class Cocoa_WindowListener is implemented in both /Users/linmuyi/miniconda3/envs/llm_gs/lib/python3.9/site-packages/pygame/.dylibs/libSDL2-2.0.0.dylib (0x107495610) and /Users/linmuyi/miniconda3/envs/llm_gs/lib/python3.9/site-packages/cv2/.dylibs/libSDL2-2.0.0.dylib (0x16dac4bd8). This may cause spurious casting failures and mysterious crashes. One of the duplicates must be removed or renamed.
objc[69637]: Class SDLView is implemented in both /Users/linmuyi/miniconda3/envs/llm_gs/lib/python3.9/site-packages/pygame/.dylibs/libSDL2-2.0.0.dylib (0x107495688) and /Users/linmuyi/miniconda3/envs/llm_gs/lib/python3.9/site-packages/cv2/.dylibs/libSDL2-2.0.0.dylib (0x16dac4c50). This may cause spurious casting failures and mysterious crashes. One of the duplicates must be removed or renamed.
objc[69637]: Class METAL_RenderData is implemented in both /Users/linmuyi/miniconda3/envs/llm_gs/lib/python3.9/site-packages/pygame/.dylibs/libSDL2-2.0.0.dylib (0x107495700) and /Users/linmuyi/miniconda3/envs/llm_gs/lib/python3.9/site-packages/cv2/.dylibs/libSDL2-2.0.0.dylib (0x16dac4cc8). This may cause spurious casting failures and mysterious crashes. One of the duplicates must be removed or renamed.
objc[69637]: Class METAL_TextureData is implemented in both /Users/linmuyi/miniconda3/envs/llm_gs/lib/python3.9/site-packages/pygame/.dylibs/libSDL2-2.0.0.dylib (0x107495750) and /Users/linmuyi/miniconda3/envs/llm_gs/lib/python3.9/site-packages/cv2/.dylibs/libSDL2-2.0.0.dylib (0x16dac4d18). This may cause spurious casting failures and mysterious crashes. One of the duplicates must be removed or renamed.
objc[69637]: Class SDL_RumbleMotor is implemented in both /Users/linmuyi/miniconda3/envs/llm_gs/lib/python3.9/site-packages/pygame/.dylibs/libSDL2-2.0.0.dylib (0x107495778) and /Users/linmuyi/miniconda3/envs/llm_gs/lib/python3.9/site-packages/cv2/.dylibs/libSDL2-2.0.0.dylib (0x16dac4d40). This may cause spurious casting failures and mysterious crashes. One of the duplicates must be removed or renamed.
objc[69637]: Class SDL_RumbleContext is implemented in both /Users/linmuyi/miniconda3/envs/llm_gs/lib/python3.9/site-packages/pygame/.dylibs/libSDL2-2.0.0.dylib (0x1074957c8) and /Users/linmuyi/miniconda3/envs/llm_gs/lib/python3.9/site-packages/cv2/.dylibs/libSDL2-2.0.0.dylib (0x16dac4d90). This may cause spurious casting failures and mysterious crashes. One of the duplicates must be removed or renamed.
[rivers_only] 1500000 steps, 30 checkpoints, curriculum

  steps=  50000  held=0.00  gate=0.00  bins=1/3  active= 30  (31s)
  steps= 100000  held=0.00  gate=0.00  bins=1/3  active= 30  (63s)
  steps= 150000  held=0.00  gate=0.00  bins=1/3  active= 30  (107s)
  steps= 200000  held=0.00  gate=0.07  bins=1/3  active= 30  (139s)
  steps= 250000  held=0.13  gate=0.11  bins=1/3  active= 30  (168s)
  steps= 300000  held=0.12  gate=0.17  bins=1/3  active= 30  (194s)
  steps= 350000  held=0.09  gate=0.11  bins=1/3  active= 30  (221s)
  steps= 400000  held=0.03  gate=0.07  bins=2/3  active= 60  [UNLOCK:deadline]  (277s)
  steps= 450000  held=0.00  gate=0.04  bins=2/3  active= 60  (360s)
  steps= 500000  held=0.00  gate=0.00  bins=2/3  active= 60  (448s)
  steps= 550000  held=0.00  gate=0.00  bins=2/3  active= 60  (548s)
  steps= 600000  held=0.00  gate=0.00  bins=2/3  active= 60  (646s)
  steps= 650000  held=0.02  gate=0.01  bins=2/3  active= 60  (720s)
  steps= 700000  held=0.00  gate=0.00  bins=2/3  active= 60  (785s)
  steps= 750000  held=0.00  gate=0.00  bins=2/3  active= 60  (838s)
  steps= 800000  held=0.01  gate=0.01  bins=3/3  active= 90  [UNLOCK:deadline]  (917s)
  steps= 850000  held=0.00  gate=0.00  bins=3/3  active= 90  (985s)
  steps= 900000  held=0.06  gate=0.06  bins=3/3  active= 90  (1045s)
  steps= 950000  held=0.12  gate=0.12  bins=3/3  active= 90  (1100s)
  steps=1000000  held=0.08  gate=0.08  bins=3/3  active= 90  (1171s)
  steps=1050000  held=0.10  gate=0.10  bins=3/3  active= 90  (1234s)
  steps=1100000  held=0.00  gate=0.00  bins=3/3  active= 90  (1298s)
  steps=1150000  held=0.01  gate=0.01  bins=3/3  active= 90  (1366s)
  steps=1200000  held=0.00  gate=0.00  bins=3/3  active= 90  (1434s)
  steps=1250000  held=0.05  gate=0.05  bins=3/3  active= 90  (1505s)
  steps=1300000  held=0.00  gate=0.00  bins=3/3  active= 90  (1579s)
  steps=1350000  held=0.00  gate=0.00  bins=3/3  active= 90  (1649s)
  steps=1400000  held=0.00  gate=0.00  bins=3/3  active= 90  (1717s)
  steps=1450000  held=0.00  gate=0.00  bins=3/3  active= 90  (1799s)
  steps=1500000  held=0.01  gate=0.01  bins=3/3  active= 90  (1879s)

[rivers_only] DONE  final held=0.01  steps_to_0.3=NOT REACHED  wall=1879s  -> rivers_only_seed27.json
[rivers_only] per-cell held: s9N1=0.00  s9N2=0.00  s9N3=0.00  s13N1=0.00  s13N2=0.00  s13N3=0.00  s17N1=0.06  s17N2=0.06  s17N3=0.00
