[grader] train=90 layouts  held-out=36 layouts
objc[22632]: Class SDLApplication is implemented in both /Users/linmuyi/miniconda3/envs/llm_gs/lib/python3.9/site-packages/pygame/.dylibs/libSDL2-2.0.0.dylib (0x10586d2c8) and /Users/linmuyi/miniconda3/envs/llm_gs/lib/python3.9/site-packages/cv2/.dylibs/libSDL2-2.0.0.dylib (0x16f4b0890). This may cause spurious casting failures and mysterious crashes. One of the duplicates must be removed or renamed.
objc[22632]: Class SDLAppDelegate is implemented in both /Users/linmuyi/miniconda3/envs/llm_gs/lib/python3.9/site-packages/pygame/.dylibs/libSDL2-2.0.0.dylib (0x10586d318) and /Users/linmuyi/miniconda3/envs/llm_gs/lib/python3.9/site-packages/cv2/.dylibs/libSDL2-2.0.0.dylib (0x16f4b08e0). This may cause spurious casting failures and mysterious crashes. One of the duplicates must be removed or renamed.
objc[22632]: Class SDLTranslatorResponder is implemented in both /Users/linmuyi/miniconda3/envs/llm_gs/lib/python3.9/site-packages/pygame/.dylibs/libSDL2-2.0.0.dylib (0x10586d390) and /Users/linmuyi/miniconda3/envs/llm_gs/lib/python3.9/site-packages/cv2/.dylibs/libSDL2-2.0.0.dylib (0x16f4b0958). This may cause spurious casting failures and mysterious crashes. One of the duplicates must be removed or renamed.
objc[22632]: Class SDLMessageBoxPresenter is implemented in both /Users/linmuyi/miniconda3/envs/llm_gs/lib/python3.9/site-packages/pygame/.dylibs/libSDL2-2.0.0.dylib (0x10586d3b8) and /Users/linmuyi/miniconda3/envs/llm_gs/lib/python3.9/site-packages/cv2/.dylibs/libSDL2-2.0.0.dylib (0x16f4b0980). This may cause spurious casting failures and mysterious crashes. One of the duplicates must be removed or renamed.
objc[22632]: Class SDL_cocoametalview is implemented in both /Users/linmuyi/miniconda3/envs/llm_gs/lib/python3.9/site-packages/pygame/.dylibs/libSDL2-2.0.0.dylib (0x10586d408) and /Users/linmuyi/miniconda3/envs/llm_gs/lib/python3.9/site-packages/cv2/.dylibs/libSDL2-2.0.0.dylib (0x16f4b09d0). This may cause spurious casting failures and mysterious crashes. One of the duplicates must be removed or renamed.
objc[22632]: Class SDLOpenGLContext is implemented in both /Users/linmuyi/miniconda3/envs/llm_gs/lib/python3.9/site-packages/pygame/.dylibs/libSDL2-2.0.0.dylib (0x10586d458) and /Users/linmuyi/miniconda3/envs/llm_gs/lib/python3.9/site-packages/cv2/.dylibs/libSDL2-2.0.0.dylib (0x16f4b0a20). This may cause spurious casting failures and mysterious crashes. One of the duplicates must be removed or renamed.
objc[22632]: Class SDL_ShapeData is implemented in both /Users/linmuyi/miniconda3/envs/llm_gs/lib/python3.9/site-packages/pygame/.dylibs/libSDL2-2.0.0.dylib (0x10586d4d0) and /Users/linmuyi/miniconda3/envs/llm_gs/lib/python3.9/site-packages/cv2/.dylibs/libSDL2-2.0.0.dylib (0x16f4b0a98). This may cause spurious casting failures and mysterious crashes. One of the duplicates must be removed or renamed.
objc[22632]: Class SDL_CocoaClosure is implemented in both /Users/linmuyi/miniconda3/envs/llm_gs/lib/python3.9/site-packages/pygame/.dylibs/libSDL2-2.0.0.dylib (0x10586d520) and /Users/linmuyi/miniconda3/envs/llm_gs/lib/python3.9/site-packages/cv2/.dylibs/libSDL2-2.0.0.dylib (0x16f4b0ae8). This may cause spurious casting failures and mysterious crashes. One of the duplicates must be removed or renamed.
objc[22632]: Class SDL_VideoData is implemented in both /Users/linmuyi/miniconda3/envs/llm_gs/lib/python3.9/site-packages/pygame/.dylibs/libSDL2-2.0.0.dylib (0x10586d570) and /Users/linmuyi/miniconda3/envs/llm_gs/lib/python3.9/site-packages/cv2/.dylibs/libSDL2-2.0.0.dylib (0x16f4b0b38). This may cause spurious casting failures and mysterious crashes. One of the duplicates must be removed or renamed.
objc[22632]: Class SDL_WindowData is implemented in both /Users/linmuyi/miniconda3/envs/llm_gs/lib/python3.9/site-packages/pygame/.dylibs/libSDL2-2.0.0.dylib (0x10586d5c0) and /Users/linmuyi/miniconda3/envs/llm_gs/lib/python3.9/site-packages/cv2/.dylibs/libSDL2-2.0.0.dylib (0x16f4b0b88). This may cause spurious casting failures and mysterious crashes. One of the duplicates must be removed or renamed.
objc[22632]: Class SDLWindow is implemented in both /Users/linmuyi/miniconda3/envs/llm_gs/lib/python3.9/site-packages/pygame/.dylibs/libSDL2-2.0.0.dylib (0x10586d5e8) and /Users/linmuyi/miniconda3/envs/llm_gs/lib/python3.9/site-packages/cv2/.dylibs/libSDL2-2.0.0.dylib (0x16f4b0bb0). This may cause spurious casting failures and mysterious crashes. One of the duplicates must be removed or renamed.
objc[22632]: Class Cocoa_WindowListener is implemented in both /Users/linmuyi/miniconda3/envs/llm_gs/lib/python3.9/site-packages/pygame/.dylibs/libSDL2-2.0.0.dylib (0x10586d610) and /Users/linmuyi/miniconda3/envs/llm_gs/lib/python3.9/site-packages/cv2/.dylibs/libSDL2-2.0.0.dylib (0x16f4b0bd8). This may cause spurious casting failures and mysterious crashes. One of the duplicates must be removed or renamed.
objc[22632]: Class SDLView is implemented in both /Users/linmuyi/miniconda3/envs/llm_gs/lib/python3.9/site-packages/pygame/.dylibs/libSDL2-2.0.0.dylib (0x10586d688) and /Users/linmuyi/miniconda3/envs/llm_gs/lib/python3.9/site-packages/cv2/.dylibs/libSDL2-2.0.0.dylib (0x16f4b0c50). This may cause spurious casting failures and mysterious crashes. One of the duplicates must be removed or renamed.
objc[22632]: Class METAL_RenderData is implemented in both /Users/linmuyi/miniconda3/envs/llm_gs/lib/python3.9/site-packages/pygame/.dylibs/libSDL2-2.0.0.dylib (0x10586d700) and /Users/linmuyi/miniconda3/envs/llm_gs/lib/python3.9/site-packages/cv2/.dylibs/libSDL2-2.0.0.dylib (0x16f4b0cc8). This may cause spurious casting failures and mysterious crashes. One of the duplicates must be removed or renamed.
objc[22632]: Class METAL_TextureData is implemented in both /Users/linmuyi/miniconda3/envs/llm_gs/lib/python3.9/site-packages/pygame/.dylibs/libSDL2-2.0.0.dylib (0x10586d750) and /Users/linmuyi/miniconda3/envs/llm_gs/lib/python3.9/site-packages/cv2/.dylibs/libSDL2-2.0.0.dylib (0x16f4b0d18). This may cause spurious casting failures and mysterious crashes. One of the duplicates must be removed or renamed.
objc[22632]: Class SDL_RumbleMotor is implemented in both /Users/linmuyi/miniconda3/envs/llm_gs/lib/python3.9/site-packages/pygame/.dylibs/libSDL2-2.0.0.dylib (0x10586d778) and /Users/linmuyi/miniconda3/envs/llm_gs/lib/python3.9/site-packages/cv2/.dylibs/libSDL2-2.0.0.dylib (0x16f4b0d40). This may cause spurious casting failures and mysterious crashes. One of the duplicates must be removed or renamed.
objc[22632]: Class SDL_RumbleContext is implemented in both /Users/linmuyi/miniconda3/envs/llm_gs/lib/python3.9/site-packages/pygame/.dylibs/libSDL2-2.0.0.dylib (0x10586d7c8) and /Users/linmuyi/miniconda3/envs/llm_gs/lib/python3.9/site-packages/cv2/.dylibs/libSDL2-2.0.0.dylib (0x16f4b0d90). This may cause spurious casting failures and mysterious crashes. One of the duplicates must be removed or renamed.
[grader] 1500000 steps, 30 checkpoints, curriculum

  steps=  50000  held=0.00  gate=0.01  bins=1/3  active= 30  (39s)
  steps= 100000  held=0.01  gate=0.01  bins=1/3  active= 30  (75s)
  steps= 150000  held=0.00  gate=0.00  bins=1/3  active= 30  (130s)
  steps= 200000  held=0.00  gate=0.00  bins=1/3  active= 30  (185s)
  steps= 250000  held=0.00  gate=0.00  bins=1/3  active= 30  (243s)
  steps= 300000  held=0.00  gate=0.00  bins=1/3  active= 30  (300s)
  steps= 350000  held=0.00  gate=0.00  bins=1/3  active= 30  (341s)
  steps= 400000  held=0.00  gate=0.00  bins=2/3  active= 60  [UNLOCK:deadline]  (378s)
  steps= 450000  held=0.01  gate=0.00  bins=2/3  active= 60  (406s)
  steps= 500000  held=0.12  gate=0.11  bins=2/3  active= 60  (434s)
  steps= 550000  held=0.14  gate=0.11  bins=2/3  active= 60  (473s)
  steps= 600000  held=0.13  gate=0.11  bins=2/3  active= 60  (524s)
  steps= 650000  held=0.12  gate=0.06  bins=2/3  active= 60  (570s)
  steps= 700000  held=0.14  gate=0.11  bins=2/3  active= 60  (628s)
  steps= 750000  held=0.00  gate=0.00  bins=2/3  active= 60  (699s)
  steps= 800000  held=0.02  gate=0.03  bins=3/3  active= 90  [UNLOCK:deadline]  (740s)
  steps= 850000  held=0.09  gate=0.09  bins=3/3  active= 90  (774s)
  steps= 900000  held=0.06  gate=0.06  bins=3/3  active= 90  (826s)
  steps= 950000  held=0.04  gate=0.04  bins=3/3  active= 90  (873s)
  steps=1000000  held=0.03  gate=0.03  bins=3/3  active= 90  (921s)
  steps=1050000  held=0.01  gate=0.01  bins=3/3  active= 90  (976s)
  steps=1100000  held=0.00  gate=0.00  bins=3/3  active= 90  (1029s)
  steps=1150000  held=0.01  gate=0.01  bins=3/3  active= 90  (1076s)
  steps=1200000  held=0.10  gate=0.10  bins=3/3  active= 90  (1123s)
  steps=1250000  held=0.10  gate=0.10  bins=3/3  active= 90  (1172s)
  steps=1300000  held=0.05  gate=0.05  bins=3/3  active= 90  (1213s)
  steps=1350000  held=0.15  gate=0.15  bins=3/3  active= 90  (1260s)
  steps=1400000  held=0.14  gate=0.14  bins=3/3  active= 90  (1310s)
  steps=1450000  held=0.03  gate=0.03  bins=3/3  active= 90  (1363s)
  steps=1500000  held=0.10  gate=0.10  bins=3/3  active= 90  (1417s)

[grader] DONE  final held=0.10  steps_to_0.3=NOT REACHED  wall=1417s  -> grader_seed1.json
[grader] per-cell held: s9N1=0.25  s9N2=0.06  s9N3=0.00  s13N1=0.00  s13N2=0.19  s13N3=0.00  s17N1=0.00  s17N2=0.25  s17N3=0.12
