[random_curriculum] train=90 layouts  held-out=36 layouts
objc[23067]: Class SDLApplication is implemented in both /Users/linmuyi/miniconda3/envs/llm_gs/lib/python3.9/site-packages/pygame/.dylibs/libSDL2-2.0.0.dylib (0x1075152c8) and /Users/linmuyi/miniconda3/envs/llm_gs/lib/python3.9/site-packages/cv2/.dylibs/libSDL2-2.0.0.dylib (0x15a6b4890). This may cause spurious casting failures and mysterious crashes. One of the duplicates must be removed or renamed.
objc[23067]: Class SDLAppDelegate is implemented in both /Users/linmuyi/miniconda3/envs/llm_gs/lib/python3.9/site-packages/pygame/.dylibs/libSDL2-2.0.0.dylib (0x107515318) and /Users/linmuyi/miniconda3/envs/llm_gs/lib/python3.9/site-packages/cv2/.dylibs/libSDL2-2.0.0.dylib (0x15a6b48e0). This may cause spurious casting failures and mysterious crashes. One of the duplicates must be removed or renamed.
objc[23067]: Class SDLTranslatorResponder is implemented in both /Users/linmuyi/miniconda3/envs/llm_gs/lib/python3.9/site-packages/pygame/.dylibs/libSDL2-2.0.0.dylib (0x107515390) and /Users/linmuyi/miniconda3/envs/llm_gs/lib/python3.9/site-packages/cv2/.dylibs/libSDL2-2.0.0.dylib (0x15a6b4958). This may cause spurious casting failures and mysterious crashes. One of the duplicates must be removed or renamed.
objc[23067]: Class SDLMessageBoxPresenter is implemented in both /Users/linmuyi/miniconda3/envs/llm_gs/lib/python3.9/site-packages/pygame/.dylibs/libSDL2-2.0.0.dylib (0x1075153b8) and /Users/linmuyi/miniconda3/envs/llm_gs/lib/python3.9/site-packages/cv2/.dylibs/libSDL2-2.0.0.dylib (0x15a6b4980). This may cause spurious casting failures and mysterious crashes. One of the duplicates must be removed or renamed.
objc[23067]: Class SDL_cocoametalview is implemented in both /Users/linmuyi/miniconda3/envs/llm_gs/lib/python3.9/site-packages/pygame/.dylibs/libSDL2-2.0.0.dylib (0x107515408) and /Users/linmuyi/miniconda3/envs/llm_gs/lib/python3.9/site-packages/cv2/.dylibs/libSDL2-2.0.0.dylib (0x15a6b49d0). This may cause spurious casting failures and mysterious crashes. One of the duplicates must be removed or renamed.
objc[23067]: Class SDLOpenGLContext is implemented in both /Users/linmuyi/miniconda3/envs/llm_gs/lib/python3.9/site-packages/pygame/.dylibs/libSDL2-2.0.0.dylib (0x107515458) and /Users/linmuyi/miniconda3/envs/llm_gs/lib/python3.9/site-packages/cv2/.dylibs/libSDL2-2.0.0.dylib (0x15a6b4a20). This may cause spurious casting failures and mysterious crashes. One of the duplicates must be removed or renamed.
objc[23067]: Class SDL_ShapeData is implemented in both /Users/linmuyi/miniconda3/envs/llm_gs/lib/python3.9/site-packages/pygame/.dylibs/libSDL2-2.0.0.dylib (0x1075154d0) and /Users/linmuyi/miniconda3/envs/llm_gs/lib/python3.9/site-packages/cv2/.dylibs/libSDL2-2.0.0.dylib (0x15a6b4a98). This may cause spurious casting failures and mysterious crashes. One of the duplicates must be removed or renamed.
objc[23067]: Class SDL_CocoaClosure is implemented in both /Users/linmuyi/miniconda3/envs/llm_gs/lib/python3.9/site-packages/pygame/.dylibs/libSDL2-2.0.0.dylib (0x107515520) and /Users/linmuyi/miniconda3/envs/llm_gs/lib/python3.9/site-packages/cv2/.dylibs/libSDL2-2.0.0.dylib (0x15a6b4ae8). This may cause spurious casting failures and mysterious crashes. One of the duplicates must be removed or renamed.
objc[23067]: Class SDL_VideoData is implemented in both /Users/linmuyi/miniconda3/envs/llm_gs/lib/python3.9/site-packages/pygame/.dylibs/libSDL2-2.0.0.dylib (0x107515570) and /Users/linmuyi/miniconda3/envs/llm_gs/lib/python3.9/site-packages/cv2/.dylibs/libSDL2-2.0.0.dylib (0x15a6b4b38). This may cause spurious casting failures and mysterious crashes. One of the duplicates must be removed or renamed.
objc[23067]: Class SDL_WindowData is implemented in both /Users/linmuyi/miniconda3/envs/llm_gs/lib/python3.9/site-packages/pygame/.dylibs/libSDL2-2.0.0.dylib (0x1075155c0) and /Users/linmuyi/miniconda3/envs/llm_gs/lib/python3.9/site-packages/cv2/.dylibs/libSDL2-2.0.0.dylib (0x15a6b4b88). This may cause spurious casting failures and mysterious crashes. One of the duplicates must be removed or renamed.
objc[23067]: Class SDLWindow is implemented in both /Users/linmuyi/miniconda3/envs/llm_gs/lib/python3.9/site-packages/pygame/.dylibs/libSDL2-2.0.0.dylib (0x1075155e8) and /Users/linmuyi/miniconda3/envs/llm_gs/lib/python3.9/site-packages/cv2/.dylibs/libSDL2-2.0.0.dylib (0x15a6b4bb0). This may cause spurious casting failures and mysterious crashes. One of the duplicates must be removed or renamed.
objc[23067]: Class Cocoa_WindowListener is implemented in both /Users/linmuyi/miniconda3/envs/llm_gs/lib/python3.9/site-packages/pygame/.dylibs/libSDL2-2.0.0.dylib (0x107515610) and /Users/linmuyi/miniconda3/envs/llm_gs/lib/python3.9/site-packages/cv2/.dylibs/libSDL2-2.0.0.dylib (0x15a6b4bd8). This may cause spurious casting failures and mysterious crashes. One of the duplicates must be removed or renamed.
objc[23067]: Class SDLView is implemented in both /Users/linmuyi/miniconda3/envs/llm_gs/lib/python3.9/site-packages/pygame/.dylibs/libSDL2-2.0.0.dylib (0x107515688) and /Users/linmuyi/miniconda3/envs/llm_gs/lib/python3.9/site-packages/cv2/.dylibs/libSDL2-2.0.0.dylib (0x15a6b4c50). This may cause spurious casting failures and mysterious crashes. One of the duplicates must be removed or renamed.
objc[23067]: Class METAL_RenderData is implemented in both /Users/linmuyi/miniconda3/envs/llm_gs/lib/python3.9/site-packages/pygame/.dylibs/libSDL2-2.0.0.dylib (0x107515700) and /Users/linmuyi/miniconda3/envs/llm_gs/lib/python3.9/site-packages/cv2/.dylibs/libSDL2-2.0.0.dylib (0x15a6b4cc8). This may cause spurious casting failures and mysterious crashes. One of the duplicates must be removed or renamed.
objc[23067]: Class METAL_TextureData is implemented in both /Users/linmuyi/miniconda3/envs/llm_gs/lib/python3.9/site-packages/pygame/.dylibs/libSDL2-2.0.0.dylib (0x107515750) and /Users/linmuyi/miniconda3/envs/llm_gs/lib/python3.9/site-packages/cv2/.dylibs/libSDL2-2.0.0.dylib (0x15a6b4d18). This may cause spurious casting failures and mysterious crashes. One of the duplicates must be removed or renamed.
objc[23067]: Class SDL_RumbleMotor is implemented in both /Users/linmuyi/miniconda3/envs/llm_gs/lib/python3.9/site-packages/pygame/.dylibs/libSDL2-2.0.0.dylib (0x107515778) and /Users/linmuyi/miniconda3/envs/llm_gs/lib/python3.9/site-packages/cv2/.dylibs/libSDL2-2.0.0.dylib (0x15a6b4d40). This may cause spurious casting failures and mysterious crashes. One of the duplicates must be removed or renamed.
objc[23067]: Class SDL_RumbleContext is implemented in both /Users/linmuyi/miniconda3/envs/llm_gs/lib/python3.9/site-packages/pygame/.dylibs/libSDL2-2.0.0.dylib (0x1075157c8) and /Users/linmuyi/miniconda3/envs/llm_gs/lib/python3.9/site-packages/cv2/.dylibs/libSDL2-2.0.0.dylib (0x15a6b4d90). This may cause spurious casting failures and mysterious crashes. One of the duplicates must be removed or renamed.
[random_curriculum] 1500000 steps, 30 checkpoints, curriculum

  steps=  50000  held=0.01  gate=0.00  bins=1/3  active= 30  (30s)
  steps= 100000  held=0.02  gate=0.04  bins=1/3  active= 30  (58s)
  steps= 150000  held=0.10  gate=0.08  bins=1/3  active= 30  (90s)
  steps= 200000  held=0.01  gate=0.00  bins=1/3  active= 30  (116s)
  steps= 250000  held=0.04  gate=0.06  bins=1/3  active= 30  (152s)
  steps= 300000  held=0.03  gate=0.06  bins=1/3  active= 30  (185s)
  steps= 350000  held=0.01  gate=0.03  bins=1/3  active= 30  (234s)
  steps= 400000  held=0.01  gate=0.03  bins=2/3  active= 60  [UNLOCK:deadline]  (270s)
  steps= 450000  held=0.00  gate=0.00  bins=2/3  active= 60  (321s)
  steps= 500000  held=0.00  gate=0.00  bins=2/3  active= 60  (362s)
  steps= 550000  held=0.01  gate=0.00  bins=2/3  active= 60  (402s)
  steps= 600000  held=0.00  gate=0.00  bins=2/3  active= 60  (455s)
  steps= 650000  held=0.00  gate=0.00  bins=2/3  active= 60  (518s)
  steps= 700000  held=0.00  gate=0.00  bins=2/3  active= 60  (576s)
  steps= 750000  held=0.00  gate=0.00  bins=2/3  active= 60  (642s)
  steps= 800000  held=0.00  gate=0.00  bins=3/3  active= 90  [UNLOCK:deadline]  (687s)
  steps= 850000  held=0.00  gate=0.00  bins=3/3  active= 90  (722s)
  steps= 900000  held=0.01  gate=0.01  bins=3/3  active= 90  (761s)
  steps= 950000  held=0.03  gate=0.03  bins=3/3  active= 90  (799s)
  steps=1000000  held=0.00  gate=0.00  bins=3/3  active= 90  (843s)
  steps=1050000  held=0.02  gate=0.02  bins=3/3  active= 90  (885s)
  steps=1100000  held=0.00  gate=0.00  bins=3/3  active= 90  (941s)
  steps=1150000  held=0.00  gate=0.00  bins=3/3  active= 90  (997s)
  steps=1200000  held=0.01  gate=0.01  bins=3/3  active= 90  (1052s)
  steps=1250000  held=0.02  gate=0.02  bins=3/3  active= 90  (1083s)
  steps=1300000  held=0.01  gate=0.01  bins=3/3  active= 90  (1134s)
  steps=1350000  held=0.00  gate=0.00  bins=3/3  active= 90  (1188s)
  steps=1400000  held=0.00  gate=0.00  bins=3/3  active= 90  (1242s)
  steps=1450000  held=0.00  gate=0.00  bins=3/3  active= 90  (1293s)
  steps=1500000  held=0.00  gate=0.00  bins=3/3  active= 90  (1340s)

[random_curriculum] DONE  final held=0.00  steps_to_0.3=NOT REACHED  wall=1340s  -> random_curriculum_seed2.json
[random_curriculum] per-cell held: s9N1=0.00  s9N2=0.00  s9N3=0.00  s13N1=0.00  s13N2=0.00  s13N3=0.00  s17N1=0.00  s17N2=0.00  s17N3=0.00
