[rivers_only] train=90 layouts  held-out=36 layouts
objc[23147]: Class SDLApplication is implemented in both /Users/linmuyi/miniconda3/envs/llm_gs/lib/python3.9/site-packages/pygame/.dylibs/libSDL2-2.0.0.dylib (0x11814d2c8) and /Users/linmuyi/miniconda3/envs/llm_gs/lib/python3.9/site-packages/cv2/.dylibs/libSDL2-2.0.0.dylib (0x16f6b8890). This may cause spurious casting failures and mysterious crashes. One of the duplicates must be removed or renamed.
objc[23147]: Class SDLAppDelegate is implemented in both /Users/linmuyi/miniconda3/envs/llm_gs/lib/python3.9/site-packages/pygame/.dylibs/libSDL2-2.0.0.dylib (0x11814d318) and /Users/linmuyi/miniconda3/envs/llm_gs/lib/python3.9/site-packages/cv2/.dylibs/libSDL2-2.0.0.dylib (0x16f6b88e0). This may cause spurious casting failures and mysterious crashes. One of the duplicates must be removed or renamed.
objc[23147]: Class SDLTranslatorResponder is implemented in both /Users/linmuyi/miniconda3/envs/llm_gs/lib/python3.9/site-packages/pygame/.dylibs/libSDL2-2.0.0.dylib (0x11814d390) and /Users/linmuyi/miniconda3/envs/llm_gs/lib/python3.9/site-packages/cv2/.dylibs/libSDL2-2.0.0.dylib (0x16f6b8958). This may cause spurious casting failures and mysterious crashes. One of the duplicates must be removed or renamed.
objc[23147]: Class SDLMessageBoxPresenter is implemented in both /Users/linmuyi/miniconda3/envs/llm_gs/lib/python3.9/site-packages/pygame/.dylibs/libSDL2-2.0.0.dylib (0x11814d3b8) and /Users/linmuyi/miniconda3/envs/llm_gs/lib/python3.9/site-packages/cv2/.dylibs/libSDL2-2.0.0.dylib (0x16f6b8980). This may cause spurious casting failures and mysterious crashes. One of the duplicates must be removed or renamed.
objc[23147]: Class SDL_cocoametalview is implemented in both /Users/linmuyi/miniconda3/envs/llm_gs/lib/python3.9/site-packages/pygame/.dylibs/libSDL2-2.0.0.dylib (0x11814d408) and /Users/linmuyi/miniconda3/envs/llm_gs/lib/python3.9/site-packages/cv2/.dylibs/libSDL2-2.0.0.dylib (0x16f6b89d0). This may cause spurious casting failures and mysterious crashes. One of the duplicates must be removed or renamed.
objc[23147]: Class SDLOpenGLContext is implemented in both /Users/linmuyi/miniconda3/envs/llm_gs/lib/python3.9/site-packages/pygame/.dylibs/libSDL2-2.0.0.dylib (0x11814d458) and /Users/linmuyi/miniconda3/envs/llm_gs/lib/python3.9/site-packages/cv2/.dylibs/libSDL2-2.0.0.dylib (0x16f6b8a20). This may cause spurious casting failures and mysterious crashes. One of the duplicates must be removed or renamed.
objc[23147]: Class SDL_ShapeData is implemented in both /Users/linmuyi/miniconda3/envs/llm_gs/lib/python3.9/site-packages/pygame/.dylibs/libSDL2-2.0.0.dylib (0x11814d4d0) and /Users/linmuyi/miniconda3/envs/llm_gs/lib/python3.9/site-packages/cv2/.dylibs/libSDL2-2.0.0.dylib (0x16f6b8a98). This may cause spurious casting failures and mysterious crashes. One of the duplicates must be removed or renamed.
objc[23147]: Class SDL_CocoaClosure is implemented in both /Users/linmuyi/miniconda3/envs/llm_gs/lib/python3.9/site-packages/pygame/.dylibs/libSDL2-2.0.0.dylib (0x11814d520) and /Users/linmuyi/miniconda3/envs/llm_gs/lib/python3.9/site-packages/cv2/.dylibs/libSDL2-2.0.0.dylib (0x16f6b8ae8). This may cause spurious casting failures and mysterious crashes. One of the duplicates must be removed or renamed.
objc[23147]: Class SDL_VideoData is implemented in both /Users/linmuyi/miniconda3/envs/llm_gs/lib/python3.9/site-packages/pygame/.dylibs/libSDL2-2.0.0.dylib (0x11814d570) and /Users/linmuyi/miniconda3/envs/llm_gs/lib/python3.9/site-packages/cv2/.dylibs/libSDL2-2.0.0.dylib (0x16f6b8b38). This may cause spurious casting failures and mysterious crashes. One of the duplicates must be removed or renamed.
objc[23147]: Class SDL_WindowData is implemented in both /Users/linmuyi/miniconda3/envs/llm_gs/lib/python3.9/site-packages/pygame/.dylibs/libSDL2-2.0.0.dylib (0x11814d5c0) and /Users/linmuyi/miniconda3/envs/llm_gs/lib/python3.9/site-packages/cv2/.dylibs/libSDL2-2.0.0.dylib (0x16f6b8b88). This may cause spurious casting failures and mysterious crashes. One of the duplicates must be removed or renamed.
objc[23147]: Class SDLWindow is implemented in both /Users/linmuyi/miniconda3/envs/llm_gs/lib/python3.9/site-packages/pygame/.dylibs/libSDL2-2.0.0.dylib (0x11814d5e8) and /Users/linmuyi/miniconda3/envs/llm_gs/lib/python3.9/site-packages/cv2/.dylibs/libSDL2-2.0.0.dylib (0x16f6b8bb0). This may cause spurious casting failures and mysterious crashes. One of the duplicates must be removed or renamed.
objc[23147]: Class Cocoa_WindowListener is implemented in both /Users/linmuyi/miniconda3/envs/llm_gs/lib/python3.9/site-packages/pygame/.dylibs/libSDL2-2.0.0.dylib (0x11814d610) and /Users/linmuyi/miniconda3/envs/llm_gs/lib/python3.9/site-packages/cv2/.dylibs/libSDL2-2.0.0.dylib (0x16f6b8bd8). This may cause spurious casting failures and mysterious crashes. One of the duplicates must be removed or renamed.
objc[23147]: Class SDLView is implemented in both /Users/linmuyi/miniconda3/envs/llm_gs/lib/python3.9/site-packages/pygame/.dylibs/libSDL2-2.0.0.dylib (0x11814d688) and /Users/linmuyi/miniconda3/envs/llm_gs/lib/python3.9/site-packages/cv2/.dylibs/libSDL2-2.0.0.dylib (0x16f6b8c50). This may cause spurious casting failures and mysterious crashes. One of the duplicates must be removed or renamed.
objc[23147]: Class METAL_RenderData is implemented in both /Users/linmuyi/miniconda3/envs/llm_gs/lib/python3.9/site-packages/pygame/.dylibs/libSDL2-2.0.0.dylib (0x11814d700) and /Users/linmuyi/miniconda3/envs/llm_gs/lib/python3.9/site-packages/cv2/.dylibs/libSDL2-2.0.0.dylib (0x16f6b8cc8). This may cause spurious casting failures and mysterious crashes. One of the duplicates must be removed or renamed.
objc[23147]: Class METAL_TextureData is implemented in both /Users/linmuyi/miniconda3/envs/llm_gs/lib/python3.9/site-packages/pygame/.dylibs/libSDL2-2.0.0.dylib (0x11814d750) and /Users/linmuyi/miniconda3/envs/llm_gs/lib/python3.9/site-packages/cv2/.dylibs/libSDL2-2.0.0.dylib (0x16f6b8d18). This may cause spurious casting failures and mysterious crashes. One of the duplicates must be removed or renamed.
objc[23147]: Class SDL_RumbleMotor is implemented in both /Users/linmuyi/miniconda3/envs/llm_gs/lib/python3.9/site-packages/pygame/.dylibs/libSDL2-2.0.0.dylib (0x11814d778) and /Users/linmuyi/miniconda3/envs/llm_gs/lib/python3.9/site-packages/cv2/.dylibs/libSDL2-2.0.0.dylib (0x16f6b8d40). This may cause spurious casting failures and mysterious crashes. One of the duplicates must be removed or renamed.
objc[23147]: Class SDL_RumbleContext is implemented in both /Users/linmuyi/miniconda3/envs/llm_gs/lib/python3.9/site-packages/pygame/.dylibs/libSDL2-2.0.0.dylib (0x11814d7c8) and /Users/linmuyi/miniconda3/envs/llm_gs/lib/python3.9/site-packages/cv2/.dylibs/libSDL2-2.0.0.dylib (0x16f6b8d90). This may cause spurious casting failures and mysterious crashes. One of the duplicates must be removed or renamed.
[rivers_only] 1500000 steps, 30 checkpoints, curriculum

  steps=  50000  held=0.00  gate=0.04  bins=1/3  active= 30  (35s)
  steps= 100000  held=0.03  gate=0.03  bins=1/3  active= 30  (63s)
  steps= 150000  held=0.00  gate=0.01  bins=1/3  active= 30  (95s)
  steps= 200000  held=0.03  gate=0.17  bins=1/3  active= 30  (127s)
  steps= 250000  held=0.03  gate=0.01  bins=1/3  active= 30  (181s)
  steps= 300000  held=0.03  gate=0.17  bins=1/3  active= 30  (237s)
  steps= 350000  held=0.03  gate=0.11  bins=1/3  active= 30  (294s)
  steps= 400000  held=0.05  gate=0.17  bins=2/3  active= 60  [UNLOCK:deadline]  (345s)
  steps= 450000  held=0.12  gate=0.06  bins=2/3  active= 60  (393s)
  steps= 500000  held=0.04  gate=0.07  bins=2/3  active= 60  (448s)
  steps= 550000  held=0.01  gate=0.06  bins=2/3  active= 60  (511s)
  steps= 600000  held=0.01  gate=0.00  bins=2/3  active= 60  (552s)
  steps= 650000  held=0.00  gate=0.00  bins=2/3  active= 60  (590s)
  steps= 700000  held=0.00  gate=0.00  bins=2/3  active= 60  (623s)
  steps= 750000  held=0.01  gate=0.07  bins=2/3  active= 60  (667s)
  steps= 800000  held=0.00  gate=0.00  bins=3/3  active= 90  [UNLOCK:deadline]  (725s)
  steps= 850000  held=0.00  gate=0.00  bins=3/3  active= 90  (776s)
  steps= 900000  held=0.01  gate=0.01  bins=3/3  active= 90  (819s)
  steps= 950000  held=0.06  gate=0.06  bins=3/3  active= 90  (851s)
  steps=1000000  held=0.00  gate=0.00  bins=3/3  active= 90  (898s)
  steps=1050000  held=0.03  gate=0.03  bins=3/3  active= 90  (941s)
  steps=1100000  held=0.03  gate=0.03  bins=3/3  active= 90  (980s)
  steps=1150000  held=0.00  gate=0.00  bins=3/3  active= 90  (1023s)
  steps=1200000  held=0.01  gate=0.01  bins=3/3  active= 90  (1066s)
  steps=1250000  held=0.05  gate=0.05  bins=3/3  active= 90  (1111s)
  steps=1300000  held=0.02  gate=0.02  bins=3/3  active= 90  (1153s)
  steps=1350000  held=0.01  gate=0.01  bins=3/3  active= 90  (1195s)
  steps=1400000  held=0.02  gate=0.02  bins=3/3  active= 90  (1242s)
  steps=1450000  held=0.01  gate=0.01  bins=3/3  active= 90  (1295s)
  steps=1500000  held=0.02  gate=0.02  bins=3/3  active= 90  (1330s)

[rivers_only] DONE  final held=0.02  steps_to_0.3=NOT REACHED  wall=1330s  -> rivers_only_seed2.json
[rivers_only] per-cell held: s9N1=0.00  s9N2=0.00  s9N3=0.00  s13N1=0.19  s13N2=0.00  s13N3=0.00  s17N1=0.00  s17N2=0.00  s17N3=0.00
