[random_curriculum] train=90 layouts  held-out=36 layouts
objc[41538]: Class SDLApplication is implemented in both /Users/linmuyi/miniconda3/envs/llm_gs/lib/python3.9/site-packages/pygame/.dylibs/libSDL2-2.0.0.dylib (0x104d852c8) and /Users/linmuyi/miniconda3/envs/llm_gs/lib/python3.9/site-packages/cv2/.dylibs/libSDL2-2.0.0.dylib (0x132958890). This may cause spurious casting failures and mysterious crashes. One of the duplicates must be removed or renamed.
objc[41538]: Class SDLAppDelegate is implemented in both /Users/linmuyi/miniconda3/envs/llm_gs/lib/python3.9/site-packages/pygame/.dylibs/libSDL2-2.0.0.dylib (0x104d85318) and /Users/linmuyi/miniconda3/envs/llm_gs/lib/python3.9/site-packages/cv2/.dylibs/libSDL2-2.0.0.dylib (0x1329588e0). This may cause spurious casting failures and mysterious crashes. One of the duplicates must be removed or renamed.
objc[41538]: Class SDLTranslatorResponder is implemented in both /Users/linmuyi/miniconda3/envs/llm_gs/lib/python3.9/site-packages/pygame/.dylibs/libSDL2-2.0.0.dylib (0x104d85390) and /Users/linmuyi/miniconda3/envs/llm_gs/lib/python3.9/site-packages/cv2/.dylibs/libSDL2-2.0.0.dylib (0x132958958). This may cause spurious casting failures and mysterious crashes. One of the duplicates must be removed or renamed.
objc[41538]: Class SDLMessageBoxPresenter is implemented in both /Users/linmuyi/miniconda3/envs/llm_gs/lib/python3.9/site-packages/pygame/.dylibs/libSDL2-2.0.0.dylib (0x104d853b8) and /Users/linmuyi/miniconda3/envs/llm_gs/lib/python3.9/site-packages/cv2/.dylibs/libSDL2-2.0.0.dylib (0x132958980). This may cause spurious casting failures and mysterious crashes. One of the duplicates must be removed or renamed.
objc[41538]: Class SDL_cocoametalview is implemented in both /Users/linmuyi/miniconda3/envs/llm_gs/lib/python3.9/site-packages/pygame/.dylibs/libSDL2-2.0.0.dylib (0x104d85408) and /Users/linmuyi/miniconda3/envs/llm_gs/lib/python3.9/site-packages/cv2/.dylibs/libSDL2-2.0.0.dylib (0x1329589d0). This may cause spurious casting failures and mysterious crashes. One of the duplicates must be removed or renamed.
objc[41538]: Class SDLOpenGLContext is implemented in both /Users/linmuyi/miniconda3/envs/llm_gs/lib/python3.9/site-packages/pygame/.dylibs/libSDL2-2.0.0.dylib (0x104d85458) and /Users/linmuyi/miniconda3/envs/llm_gs/lib/python3.9/site-packages/cv2/.dylibs/libSDL2-2.0.0.dylib (0x132958a20). This may cause spurious casting failures and mysterious crashes. One of the duplicates must be removed or renamed.
objc[41538]: Class SDL_ShapeData is implemented in both /Users/linmuyi/miniconda3/envs/llm_gs/lib/python3.9/site-packages/pygame/.dylibs/libSDL2-2.0.0.dylib (0x104d854d0) and /Users/linmuyi/miniconda3/envs/llm_gs/lib/python3.9/site-packages/cv2/.dylibs/libSDL2-2.0.0.dylib (0x132958a98). This may cause spurious casting failures and mysterious crashes. One of the duplicates must be removed or renamed.
objc[41538]: Class SDL_CocoaClosure is implemented in both /Users/linmuyi/miniconda3/envs/llm_gs/lib/python3.9/site-packages/pygame/.dylibs/libSDL2-2.0.0.dylib (0x104d85520) and /Users/linmuyi/miniconda3/envs/llm_gs/lib/python3.9/site-packages/cv2/.dylibs/libSDL2-2.0.0.dylib (0x132958ae8). This may cause spurious casting failures and mysterious crashes. One of the duplicates must be removed or renamed.
objc[41538]: Class SDL_VideoData is implemented in both /Users/linmuyi/miniconda3/envs/llm_gs/lib/python3.9/site-packages/pygame/.dylibs/libSDL2-2.0.0.dylib (0x104d85570) and /Users/linmuyi/miniconda3/envs/llm_gs/lib/python3.9/site-packages/cv2/.dylibs/libSDL2-2.0.0.dylib (0x132958b38). This may cause spurious casting failures and mysterious crashes. One of the duplicates must be removed or renamed.
objc[41538]: Class SDL_WindowData is implemented in both /Users/linmuyi/miniconda3/envs/llm_gs/lib/python3.9/site-packages/pygame/.dylibs/libSDL2-2.0.0.dylib (0x104d855c0) and /Users/linmuyi/miniconda3/envs/llm_gs/lib/python3.9/site-packages/cv2/.dylibs/libSDL2-2.0.0.dylib (0x132958b88). This may cause spurious casting failures and mysterious crashes. One of the duplicates must be removed or renamed.
objc[41538]: Class SDLWindow is implemented in both /Users/linmuyi/miniconda3/envs/llm_gs/lib/python3.9/site-packages/pygame/.dylibs/libSDL2-2.0.0.dylib (0x104d855e8) and /Users/linmuyi/miniconda3/envs/llm_gs/lib/python3.9/site-packages/cv2/.dylibs/libSDL2-2.0.0.dylib (0x132958bb0). This may cause spurious casting failures and mysterious crashes. One of the duplicates must be removed or renamed.
objc[41538]: Class Cocoa_WindowListener is implemented in both /Users/linmuyi/miniconda3/envs/llm_gs/lib/python3.9/site-packages/pygame/.dylibs/libSDL2-2.0.0.dylib (0x104d85610) and /Users/linmuyi/miniconda3/envs/llm_gs/lib/python3.9/site-packages/cv2/.dylibs/libSDL2-2.0.0.dylib (0x132958bd8). This may cause spurious casting failures and mysterious crashes. One of the duplicates must be removed or renamed.
objc[41538]: Class SDLView is implemented in both /Users/linmuyi/miniconda3/envs/llm_gs/lib/python3.9/site-packages/pygame/.dylibs/libSDL2-2.0.0.dylib (0x104d85688) and /Users/linmuyi/miniconda3/envs/llm_gs/lib/python3.9/site-packages/cv2/.dylibs/libSDL2-2.0.0.dylib (0x132958c50). This may cause spurious casting failures and mysterious crashes. One of the duplicates must be removed or renamed.
objc[41538]: Class METAL_RenderData is implemented in both /Users/linmuyi/miniconda3/envs/llm_gs/lib/python3.9/site-packages/pygame/.dylibs/libSDL2-2.0.0.dylib (0x104d85700) and /Users/linmuyi/miniconda3/envs/llm_gs/lib/python3.9/site-packages/cv2/.dylibs/libSDL2-2.0.0.dylib (0x132958cc8). This may cause spurious casting failures and mysterious crashes. One of the duplicates must be removed or renamed.
objc[41538]: Class METAL_TextureData is implemented in both /Users/linmuyi/miniconda3/envs/llm_gs/lib/python3.9/site-packages/pygame/.dylibs/libSDL2-2.0.0.dylib (0x104d85750) and /Users/linmuyi/miniconda3/envs/llm_gs/lib/python3.9/site-packages/cv2/.dylibs/libSDL2-2.0.0.dylib (0x132958d18). This may cause spurious casting failures and mysterious crashes. One of the duplicates must be removed or renamed.
objc[41538]: Class SDL_RumbleMotor is implemented in both /Users/linmuyi/miniconda3/envs/llm_gs/lib/python3.9/site-packages/pygame/.dylibs/libSDL2-2.0.0.dylib (0x104d85778) and /Users/linmuyi/miniconda3/envs/llm_gs/lib/python3.9/site-packages/cv2/.dylibs/libSDL2-2.0.0.dylib (0x132958d40). This may cause spurious casting failures and mysterious crashes. One of the duplicates must be removed or renamed.
objc[41538]: Class SDL_RumbleContext is implemented in both /Users/linmuyi/miniconda3/envs/llm_gs/lib/python3.9/site-packages/pygame/.dylibs/libSDL2-2.0.0.dylib (0x104d857c8) and /Users/linmuyi/miniconda3/envs/llm_gs/lib/python3.9/site-packages/cv2/.dylibs/libSDL2-2.0.0.dylib (0x132958d90). This may cause spurious casting failures and mysterious crashes. One of the duplicates must be removed or renamed.
[random_curriculum] 1500000 steps, 30 checkpoints, curriculum

  steps=  50000  held=0.01  gate=0.00  bins=1/3  active= 30  (40s)
  steps= 100000  held=0.00  gate=0.00  bins=1/3  active= 30  (71s)
  steps= 150000  held=0.01  gate=0.00  bins=1/3  active= 30  (99s)
  steps= 200000  held=0.00  gate=0.00  bins=1/3  active= 30  (127s)
  steps= 250000  held=0.00  gate=0.03  bins=1/3  active= 30  (157s)
  steps= 300000  held=0.00  gate=0.00  bins=1/3  active= 30  (206s)
  steps= 350000  held=0.01  gate=0.00  bins=1/3  active= 30  (251s)
  steps= 400000  held=0.01  gate=0.00  bins=2/3  active= 60  [UNLOCK:deadline]  (303s)
  steps= 450000  held=0.10  gate=0.07  bins=2/3  active= 60  (344s)
  steps= 500000  held=0.03  gate=0.01  bins=2/3  active= 60  (396s)
  steps= 550000  held=0.01  gate=0.00  bins=2/3  active= 60  (437s)
  steps= 600000  held=0.00  gate=0.00  bins=2/3  active= 60  (484s)
  steps= 650000  held=0.01  gate=0.01  bins=2/3  active= 60  (540s)
  steps= 700000  held=0.00  gate=0.01  bins=2/3  active= 60  (604s)
  steps= 750000  held=0.00  gate=0.00  bins=2/3  active= 60  (668s)
  steps= 800000  held=0.01  gate=0.06  bins=3/3  active= 90  [UNLOCK:deadline]  (729s)
  steps= 850000  held=0.00  gate=0.00  bins=3/3  active= 90  (777s)
  steps= 900000  held=0.00  gate=0.00  bins=3/3  active= 90  (830s)
  steps= 950000  held=0.00  gate=0.00  bins=3/3  active= 90  (885s)
  steps=1000000  held=0.00  gate=0.00  bins=3/3  active= 90  (936s)
  steps=1050000  held=0.08  gate=0.08  bins=3/3  active= 90  (976s)
  steps=1100000  held=0.05  gate=0.05  bins=3/3  active= 90  (1023s)
  steps=1150000  held=0.03  gate=0.03  bins=3/3  active= 90  (1071s)
  steps=1200000  held=0.00  gate=0.00  bins=3/3  active= 90  (1125s)
  steps=1250000  held=0.00  gate=0.00  bins=3/3  active= 90  (1169s)
  steps=1300000  held=0.01  gate=0.01  bins=3/3  active= 90  (1217s)
  steps=1350000  held=0.02  gate=0.02  bins=3/3  active= 90  (1266s)
  steps=1400000  held=0.10  gate=0.10  bins=3/3  active= 90  (1307s)
  steps=1450000  held=0.01  gate=0.01  bins=3/3  active= 90  (1357s)
  steps=1500000  held=0.01  gate=0.01  bins=3/3  active= 90  (1400s)

[random_curriculum] DONE  final held=0.01  steps_to_0.3=NOT REACHED  wall=1400s  -> random_curriculum_seed5.json
[random_curriculum] per-cell held: s9N1=0.00  s9N2=0.00  s9N3=0.00  s13N1=0.12  s13N2=0.00  s13N3=0.00  s17N1=0.00  s17N2=0.00  s17N3=0.00
