[grader] train=90 layouts  held-out=36 layouts
objc[37311]: Class SDLApplication is implemented in both /Users/linmuyi/miniconda3/envs/llm_gs/lib/python3.9/site-packages/pygame/.dylibs/libSDL2-2.0.0.dylib (0x10794d2c8) and /Users/linmuyi/miniconda3/envs/llm_gs/lib/python3.9/site-packages/cv2/.dylibs/libSDL2-2.0.0.dylib (0x314680890). This may cause spurious casting failures and mysterious crashes. One of the duplicates must be removed or renamed.
objc[37311]: Class SDLAppDelegate is implemented in both /Users/linmuyi/miniconda3/envs/llm_gs/lib/python3.9/site-packages/pygame/.dylibs/libSDL2-2.0.0.dylib (0x10794d318) and /Users/linmuyi/miniconda3/envs/llm_gs/lib/python3.9/site-packages/cv2/.dylibs/libSDL2-2.0.0.dylib (0x3146808e0). This may cause spurious casting failures and mysterious crashes. One of the duplicates must be removed or renamed.
objc[37311]: Class SDLTranslatorResponder is implemented in both /Users/linmuyi/miniconda3/envs/llm_gs/lib/python3.9/site-packages/pygame/.dylibs/libSDL2-2.0.0.dylib (0x10794d390) and /Users/linmuyi/miniconda3/envs/llm_gs/lib/python3.9/site-packages/cv2/.dylibs/libSDL2-2.0.0.dylib (0x314680958). This may cause spurious casting failures and mysterious crashes. One of the duplicates must be removed or renamed.
objc[37311]: Class SDLMessageBoxPresenter is implemented in both /Users/linmuyi/miniconda3/envs/llm_gs/lib/python3.9/site-packages/pygame/.dylibs/libSDL2-2.0.0.dylib (0x10794d3b8) and /Users/linmuyi/miniconda3/envs/llm_gs/lib/python3.9/site-packages/cv2/.dylibs/libSDL2-2.0.0.dylib (0x314680980). This may cause spurious casting failures and mysterious crashes. One of the duplicates must be removed or renamed.
objc[37311]: Class SDL_cocoametalview is implemented in both /Users/linmuyi/miniconda3/envs/llm_gs/lib/python3.9/site-packages/pygame/.dylibs/libSDL2-2.0.0.dylib (0x10794d408) and /Users/linmuyi/miniconda3/envs/llm_gs/lib/python3.9/site-packages/cv2/.dylibs/libSDL2-2.0.0.dylib (0x3146809d0). This may cause spurious casting failures and mysterious crashes. One of the duplicates must be removed or renamed.
objc[37311]: Class SDLOpenGLContext is implemented in both /Users/linmuyi/miniconda3/envs/llm_gs/lib/python3.9/site-packages/pygame/.dylibs/libSDL2-2.0.0.dylib (0x10794d458) and /Users/linmuyi/miniconda3/envs/llm_gs/lib/python3.9/site-packages/cv2/.dylibs/libSDL2-2.0.0.dylib (0x314680a20). This may cause spurious casting failures and mysterious crashes. One of the duplicates must be removed or renamed.
objc[37311]: Class SDL_ShapeData is implemented in both /Users/linmuyi/miniconda3/envs/llm_gs/lib/python3.9/site-packages/pygame/.dylibs/libSDL2-2.0.0.dylib (0x10794d4d0) and /Users/linmuyi/miniconda3/envs/llm_gs/lib/python3.9/site-packages/cv2/.dylibs/libSDL2-2.0.0.dylib (0x314680a98). This may cause spurious casting failures and mysterious crashes. One of the duplicates must be removed or renamed.
objc[37311]: Class SDL_CocoaClosure is implemented in both /Users/linmuyi/miniconda3/envs/llm_gs/lib/python3.9/site-packages/pygame/.dylibs/libSDL2-2.0.0.dylib (0x10794d520) and /Users/linmuyi/miniconda3/envs/llm_gs/lib/python3.9/site-packages/cv2/.dylibs/libSDL2-2.0.0.dylib (0x314680ae8). This may cause spurious casting failures and mysterious crashes. One of the duplicates must be removed or renamed.
objc[37311]: Class SDL_VideoData is implemented in both /Users/linmuyi/miniconda3/envs/llm_gs/lib/python3.9/site-packages/pygame/.dylibs/libSDL2-2.0.0.dylib (0x10794d570) and /Users/linmuyi/miniconda3/envs/llm_gs/lib/python3.9/site-packages/cv2/.dylibs/libSDL2-2.0.0.dylib (0x314680b38). This may cause spurious casting failures and mysterious crashes. One of the duplicates must be removed or renamed.
objc[37311]: Class SDL_WindowData is implemented in both /Users/linmuyi/miniconda3/envs/llm_gs/lib/python3.9/site-packages/pygame/.dylibs/libSDL2-2.0.0.dylib (0x10794d5c0) and /Users/linmuyi/miniconda3/envs/llm_gs/lib/python3.9/site-packages/cv2/.dylibs/libSDL2-2.0.0.dylib (0x314680b88). This may cause spurious casting failures and mysterious crashes. One of the duplicates must be removed or renamed.
objc[37311]: Class SDLWindow is implemented in both /Users/linmuyi/miniconda3/envs/llm_gs/lib/python3.9/site-packages/pygame/.dylibs/libSDL2-2.0.0.dylib (0x10794d5e8) and /Users/linmuyi/miniconda3/envs/llm_gs/lib/python3.9/site-packages/cv2/.dylibs/libSDL2-2.0.0.dylib (0x314680bb0). This may cause spurious casting failures and mysterious crashes. One of the duplicates must be removed or renamed.
objc[37311]: Class Cocoa_WindowListener is implemented in both /Users/linmuyi/miniconda3/envs/llm_gs/lib/python3.9/site-packages/pygame/.dylibs/libSDL2-2.0.0.dylib (0x10794d610) and /Users/linmuyi/miniconda3/envs/llm_gs/lib/python3.9/site-packages/cv2/.dylibs/libSDL2-2.0.0.dylib (0x314680bd8). This may cause spurious casting failures and mysterious crashes. One of the duplicates must be removed or renamed.
objc[37311]: Class SDLView is implemented in both /Users/linmuyi/miniconda3/envs/llm_gs/lib/python3.9/site-packages/pygame/.dylibs/libSDL2-2.0.0.dylib (0x10794d688) and /Users/linmuyi/miniconda3/envs/llm_gs/lib/python3.9/site-packages/cv2/.dylibs/libSDL2-2.0.0.dylib (0x314680c50). This may cause spurious casting failures and mysterious crashes. One of the duplicates must be removed or renamed.
objc[37311]: Class METAL_RenderData is implemented in both /Users/linmuyi/miniconda3/envs/llm_gs/lib/python3.9/site-packages/pygame/.dylibs/libSDL2-2.0.0.dylib (0x10794d700) and /Users/linmuyi/miniconda3/envs/llm_gs/lib/python3.9/site-packages/cv2/.dylibs/libSDL2-2.0.0.dylib (0x314680cc8). This may cause spurious casting failures and mysterious crashes. One of the duplicates must be removed or renamed.
objc[37311]: Class METAL_TextureData is implemented in both /Users/linmuyi/miniconda3/envs/llm_gs/lib/python3.9/site-packages/pygame/.dylibs/libSDL2-2.0.0.dylib (0x10794d750) and /Users/linmuyi/miniconda3/envs/llm_gs/lib/python3.9/site-packages/cv2/.dylibs/libSDL2-2.0.0.dylib (0x314680d18). This may cause spurious casting failures and mysterious crashes. One of the duplicates must be removed or renamed.
objc[37311]: Class SDL_RumbleMotor is implemented in both /Users/linmuyi/miniconda3/envs/llm_gs/lib/python3.9/site-packages/pygame/.dylibs/libSDL2-2.0.0.dylib (0x10794d778) and /Users/linmuyi/miniconda3/envs/llm_gs/lib/python3.9/site-packages/cv2/.dylibs/libSDL2-2.0.0.dylib (0x314680d40). This may cause spurious casting failures and mysterious crashes. One of the duplicates must be removed or renamed.
objc[37311]: Class SDL_RumbleContext is implemented in both /Users/linmuyi/miniconda3/envs/llm_gs/lib/python3.9/site-packages/pygame/.dylibs/libSDL2-2.0.0.dylib (0x10794d7c8) and /Users/linmuyi/miniconda3/envs/llm_gs/lib/python3.9/site-packages/cv2/.dylibs/libSDL2-2.0.0.dylib (0x314680d90). This may cause spurious casting failures and mysterious crashes. One of the duplicates must be removed or renamed.
[grader] 1500000 steps, 30 checkpoints, curriculum

  steps=  50000  held=0.00  gate=0.00  bins=1/3  active= 30  (37s)
  steps= 100000  held=0.00  gate=0.01  bins=1/3  active= 30  (80s)
  steps= 150000  held=0.01  gate=0.06  bins=1/3  active= 30  (131s)
  steps= 200000  held=0.13  gate=0.08  bins=1/3  active= 30  (159s)
  steps= 250000  held=0.14  gate=0.33  bins=1/3  active= 30  (193s)
  steps= 300000  held=0.14  gate=0.21  bins=1/3  active= 30  (238s)
  steps= 350000  held=0.14  gate=0.17  bins=1/3  active= 30  (282s)
  steps= 400000  held=0.13  gate=0.22  bins=2/3  active= 60  [UNLOCK:deadline]  (334s)
  steps= 450000  held=0.04  gate=0.06  bins=2/3  active= 60  (398s)
  steps= 500000  held=0.13  gate=0.11  bins=2/3  active= 60  (440s)
  steps= 550000  held=0.12  gate=0.22  bins=2/3  active= 60  (497s)
  steps= 600000  held=0.01  gate=0.06  bins=2/3  active= 60  (561s)
  steps= 650000  held=0.00  gate=0.11  bins=2/3  active= 60  (620s)
  steps= 700000  held=0.10  gate=0.10  bins=2/3  active= 60  (653s)
  steps= 750000  held=0.15  gate=0.12  bins=2/3  active= 60  (695s)
  steps= 800000  held=0.15  gate=0.06  bins=3/3  active= 90  [UNLOCK:deadline]  (747s)
  steps= 850000  held=0.15  gate=0.15  bins=3/3  active= 90  (796s)
  steps= 900000  held=0.16  gate=0.16  bins=3/3  active= 90  (842s)
  steps= 950000  held=0.19  gate=0.19  bins=3/3  active= 90  (877s)
  steps=1000000  held=0.15  gate=0.15  bins=3/3  active= 90  (918s)
  steps=1050000  held=0.15  gate=0.15  bins=3/3  active= 90  (966s)
  steps=1100000  held=0.14  gate=0.14  bins=3/3  active= 90  (1014s)
  steps=1150000  held=0.00  gate=0.00  bins=3/3  active= 90  (1068s)
  steps=1200000  held=0.00  gate=0.00  bins=3/3  active= 90  (1121s)
  steps=1250000  held=0.00  gate=0.00  bins=3/3  active= 90  (1173s)
  steps=1300000  held=0.00  gate=0.00  bins=3/3  active= 90  (1224s)
  steps=1350000  held=0.00  gate=0.00  bins=3/3  active= 90  (1278s)
  steps=1400000  held=0.01  gate=0.01  bins=3/3  active= 90  (1317s)
  steps=1450000  held=0.03  gate=0.03  bins=3/3  active= 90  (1360s)
  steps=1500000  held=0.16  gate=0.16  bins=3/3  active= 90  (1397s)

[grader] DONE  final held=0.16  steps_to_0.3=NOT REACHED  wall=1398s  -> grader_seed36.json
[grader] per-cell held: s9N1=0.25  s9N2=0.00  s9N3=0.00  s13N1=0.00  s13N2=0.25  s13N3=0.00  s17N1=0.00  s17N2=0.69  s17N3=0.25
