[flat] train=90 layouts  held-out=36 layouts
objc[31122]: Class SDLApplication is implemented in both /Users/linmuyi/miniconda3/envs/llm_gs/lib/python3.9/site-packages/pygame/.dylibs/libSDL2-2.0.0.dylib (0x106b612c8) and /Users/linmuyi/miniconda3/envs/llm_gs/lib/python3.9/site-packages/cv2/.dylibs/libSDL2-2.0.0.dylib (0x132774890). This may cause spurious casting failures and mysterious crashes. One of the duplicates must be removed or renamed.
objc[31122]: Class SDLAppDelegate is implemented in both /Users/linmuyi/miniconda3/envs/llm_gs/lib/python3.9/site-packages/pygame/.dylibs/libSDL2-2.0.0.dylib (0x106b61318) and /Users/linmuyi/miniconda3/envs/llm_gs/lib/python3.9/site-packages/cv2/.dylibs/libSDL2-2.0.0.dylib (0x1327748e0). This may cause spurious casting failures and mysterious crashes. One of the duplicates must be removed or renamed.
objc[31122]: Class SDLTranslatorResponder is implemented in both /Users/linmuyi/miniconda3/envs/llm_gs/lib/python3.9/site-packages/pygame/.dylibs/libSDL2-2.0.0.dylib (0x106b61390) and /Users/linmuyi/miniconda3/envs/llm_gs/lib/python3.9/site-packages/cv2/.dylibs/libSDL2-2.0.0.dylib (0x132774958). This may cause spurious casting failures and mysterious crashes. One of the duplicates must be removed or renamed.
objc[31122]: Class SDLMessageBoxPresenter is implemented in both /Users/linmuyi/miniconda3/envs/llm_gs/lib/python3.9/site-packages/pygame/.dylibs/libSDL2-2.0.0.dylib (0x106b613b8) and /Users/linmuyi/miniconda3/envs/llm_gs/lib/python3.9/site-packages/cv2/.dylibs/libSDL2-2.0.0.dylib (0x132774980). This may cause spurious casting failures and mysterious crashes. One of the duplicates must be removed or renamed.
objc[31122]: Class SDL_cocoametalview is implemented in both /Users/linmuyi/miniconda3/envs/llm_gs/lib/python3.9/site-packages/pygame/.dylibs/libSDL2-2.0.0.dylib (0x106b61408) and /Users/linmuyi/miniconda3/envs/llm_gs/lib/python3.9/site-packages/cv2/.dylibs/libSDL2-2.0.0.dylib (0x1327749d0). This may cause spurious casting failures and mysterious crashes. One of the duplicates must be removed or renamed.
objc[31122]: Class SDLOpenGLContext is implemented in both /Users/linmuyi/miniconda3/envs/llm_gs/lib/python3.9/site-packages/pygame/.dylibs/libSDL2-2.0.0.dylib (0x106b61458) and /Users/linmuyi/miniconda3/envs/llm_gs/lib/python3.9/site-packages/cv2/.dylibs/libSDL2-2.0.0.dylib (0x132774a20). This may cause spurious casting failures and mysterious crashes. One of the duplicates must be removed or renamed.
objc[31122]: Class SDL_ShapeData is implemented in both /Users/linmuyi/miniconda3/envs/llm_gs/lib/python3.9/site-packages/pygame/.dylibs/libSDL2-2.0.0.dylib (0x106b614d0) and /Users/linmuyi/miniconda3/envs/llm_gs/lib/python3.9/site-packages/cv2/.dylibs/libSDL2-2.0.0.dylib (0x132774a98). This may cause spurious casting failures and mysterious crashes. One of the duplicates must be removed or renamed.
objc[31122]: Class SDL_CocoaClosure is implemented in both /Users/linmuyi/miniconda3/envs/llm_gs/lib/python3.9/site-packages/pygame/.dylibs/libSDL2-2.0.0.dylib (0x106b61520) and /Users/linmuyi/miniconda3/envs/llm_gs/lib/python3.9/site-packages/cv2/.dylibs/libSDL2-2.0.0.dylib (0x132774ae8). This may cause spurious casting failures and mysterious crashes. One of the duplicates must be removed or renamed.
objc[31122]: Class SDL_VideoData is implemented in both /Users/linmuyi/miniconda3/envs/llm_gs/lib/python3.9/site-packages/pygame/.dylibs/libSDL2-2.0.0.dylib (0x106b61570) and /Users/linmuyi/miniconda3/envs/llm_gs/lib/python3.9/site-packages/cv2/.dylibs/libSDL2-2.0.0.dylib (0x132774b38). This may cause spurious casting failures and mysterious crashes. One of the duplicates must be removed or renamed.
objc[31122]: Class SDL_WindowData is implemented in both /Users/linmuyi/miniconda3/envs/llm_gs/lib/python3.9/site-packages/pygame/.dylibs/libSDL2-2.0.0.dylib (0x106b615c0) and /Users/linmuyi/miniconda3/envs/llm_gs/lib/python3.9/site-packages/cv2/.dylibs/libSDL2-2.0.0.dylib (0x132774b88). This may cause spurious casting failures and mysterious crashes. One of the duplicates must be removed or renamed.
objc[31122]: Class SDLWindow is implemented in both /Users/linmuyi/miniconda3/envs/llm_gs/lib/python3.9/site-packages/pygame/.dylibs/libSDL2-2.0.0.dylib (0x106b615e8) and /Users/linmuyi/miniconda3/envs/llm_gs/lib/python3.9/site-packages/cv2/.dylibs/libSDL2-2.0.0.dylib (0x132774bb0). This may cause spurious casting failures and mysterious crashes. One of the duplicates must be removed or renamed.
objc[31122]: Class Cocoa_WindowListener is implemented in both /Users/linmuyi/miniconda3/envs/llm_gs/lib/python3.9/site-packages/pygame/.dylibs/libSDL2-2.0.0.dylib (0x106b61610) and /Users/linmuyi/miniconda3/envs/llm_gs/lib/python3.9/site-packages/cv2/.dylibs/libSDL2-2.0.0.dylib (0x132774bd8). This may cause spurious casting failures and mysterious crashes. One of the duplicates must be removed or renamed.
objc[31122]: Class SDLView is implemented in both /Users/linmuyi/miniconda3/envs/llm_gs/lib/python3.9/site-packages/pygame/.dylibs/libSDL2-2.0.0.dylib (0x106b61688) and /Users/linmuyi/miniconda3/envs/llm_gs/lib/python3.9/site-packages/cv2/.dylibs/libSDL2-2.0.0.dylib (0x132774c50). This may cause spurious casting failures and mysterious crashes. One of the duplicates must be removed or renamed.
objc[31122]: Class METAL_RenderData is implemented in both /Users/linmuyi/miniconda3/envs/llm_gs/lib/python3.9/site-packages/pygame/.dylibs/libSDL2-2.0.0.dylib (0x106b61700) and /Users/linmuyi/miniconda3/envs/llm_gs/lib/python3.9/site-packages/cv2/.dylibs/libSDL2-2.0.0.dylib (0x132774cc8). This may cause spurious casting failures and mysterious crashes. One of the duplicates must be removed or renamed.
objc[31122]: Class METAL_TextureData is implemented in both /Users/linmuyi/miniconda3/envs/llm_gs/lib/python3.9/site-packages/pygame/.dylibs/libSDL2-2.0.0.dylib (0x106b61750) and /Users/linmuyi/miniconda3/envs/llm_gs/lib/python3.9/site-packages/cv2/.dylibs/libSDL2-2.0.0.dylib (0x132774d18). This may cause spurious casting failures and mysterious crashes. One of the duplicates must be removed or renamed.
objc[31122]: Class SDL_RumbleMotor is implemented in both /Users/linmuyi/miniconda3/envs/llm_gs/lib/python3.9/site-packages/pygame/.dylibs/libSDL2-2.0.0.dylib (0x106b61778) and /Users/linmuyi/miniconda3/envs/llm_gs/lib/python3.9/site-packages/cv2/.dylibs/libSDL2-2.0.0.dylib (0x132774d40). This may cause spurious casting failures and mysterious crashes. One of the duplicates must be removed or renamed.
objc[31122]: Class SDL_RumbleContext is implemented in both /Users/linmuyi/miniconda3/envs/llm_gs/lib/python3.9/site-packages/pygame/.dylibs/libSDL2-2.0.0.dylib (0x106b617c8) and /Users/linmuyi/miniconda3/envs/llm_gs/lib/python3.9/site-packages/cv2/.dylibs/libSDL2-2.0.0.dylib (0x132774d90). This may cause spurious casting failures and mysterious crashes. One of the duplicates must be removed or renamed.
[flat] 1500000 steps, 30 checkpoints, flat (no curriculum)

  steps=  50000  held=0.00  gate=0.00  bins=3/3  active= 90  (32s)
  steps= 100000  held=0.00  gate=0.00  bins=3/3  active= 90  (69s)
  steps= 150000  held=0.00  gate=0.00  bins=3/3  active= 90  (106s)
  steps= 200000  held=0.00  gate=0.00  bins=3/3  active= 90  (141s)
  steps= 250000  held=0.01  gate=0.01  bins=3/3  active= 90  (173s)
  steps= 300000  held=0.02  gate=0.02  bins=3/3  active= 90  (207s)
  steps= 350000  held=0.03  gate=0.03  bins=3/3  active= 90  (246s)
  steps= 400000  held=0.03  gate=0.03  bins=3/3  active= 90  (272s)
  steps= 450000  held=0.02  gate=0.02  bins=3/3  active= 90  (322s)
  steps= 500000  held=0.01  gate=0.01  bins=3/3  active= 90  (365s)
  steps= 550000  held=0.01  gate=0.01  bins=3/3  active= 90  (392s)
  steps= 600000  held=0.01  gate=0.01  bins=3/3  active= 90  (442s)
  steps= 650000  held=0.02  gate=0.02  bins=3/3  active= 90  (488s)
  steps= 700000  held=0.00  gate=0.00  bins=3/3  active= 90  (539s)
  steps= 750000  held=0.00  gate=0.00  bins=3/3  active= 90  (584s)
  steps= 800000  held=0.00  gate=0.00  bins=3/3  active= 90  (630s)
  steps= 850000  held=0.01  gate=0.01  bins=3/3  active= 90  (673s)
  steps= 900000  held=0.01  gate=0.01  bins=3/3  active= 90  (721s)
  steps= 950000  held=0.01  gate=0.01  bins=3/3  active= 90  (774s)
  steps=1000000  held=0.01  gate=0.01  bins=3/3  active= 90  (824s)
  steps=1050000  held=0.00  gate=0.00  bins=3/3  active= 90  (877s)
  steps=1100000  held=0.00  gate=0.00  bins=3/3  active= 90  (929s)
  steps=1150000  held=0.01  gate=0.01  bins=3/3  active= 90  (982s)
  steps=1200000  held=0.03  gate=0.03  bins=3/3  active= 90  (1030s)
  steps=1250000  held=0.03  gate=0.03  bins=3/3  active= 90  (1078s)
  steps=1300000  held=0.16  gate=0.16  bins=3/3  active= 90  (1118s)
  steps=1350000  held=0.18  gate=0.18  bins=3/3  active= 90  (1163s)
  steps=1400000  held=0.04  gate=0.04  bins=3/3  active= 90  (1200s)
  steps=1450000  held=0.02  gate=0.02  bins=3/3  active= 90  (1244s)
  steps=1500000  held=0.08  gate=0.08  bins=3/3  active= 90  (1291s)

[flat] DONE  final held=0.08  steps_to_0.3=NOT REACHED  wall=1291s  -> flat_seed21.json
[flat] per-cell held: s9N1=0.25  s9N2=0.00  s9N3=0.00  s13N1=0.00  s13N2=0.25  s13N3=0.00  s17N1=0.12  s17N2=0.06  s17N3=0.00
