[grader] train=90 layouts  held-out=36 layouts
objc[93046]: Class SDLApplication is implemented in both /Users/linmuyi/miniconda3/envs/llm_gs/lib/python3.9/site-packages/pygame/.dylibs/libSDL2-2.0.0.dylib (0x1068c92c8) and /Users/linmuyi/miniconda3/envs/llm_gs/lib/python3.9/site-packages/cv2/.dylibs/libSDL2-2.0.0.dylib (0x143834890). This may cause spurious casting failures and mysterious crashes. One of the duplicates must be removed or renamed.
objc[93046]: Class SDLAppDelegate is implemented in both /Users/linmuyi/miniconda3/envs/llm_gs/lib/python3.9/site-packages/pygame/.dylibs/libSDL2-2.0.0.dylib (0x1068c9318) and /Users/linmuyi/miniconda3/envs/llm_gs/lib/python3.9/site-packages/cv2/.dylibs/libSDL2-2.0.0.dylib (0x1438348e0). This may cause spurious casting failures and mysterious crashes. One of the duplicates must be removed or renamed.
objc[93046]: Class SDLTranslatorResponder is implemented in both /Users/linmuyi/miniconda3/envs/llm_gs/lib/python3.9/site-packages/pygame/.dylibs/libSDL2-2.0.0.dylib (0x1068c9390) and /Users/linmuyi/miniconda3/envs/llm_gs/lib/python3.9/site-packages/cv2/.dylibs/libSDL2-2.0.0.dylib (0x143834958). This may cause spurious casting failures and mysterious crashes. One of the duplicates must be removed or renamed.
objc[93046]: Class SDLMessageBoxPresenter is implemented in both /Users/linmuyi/miniconda3/envs/llm_gs/lib/python3.9/site-packages/pygame/.dylibs/libSDL2-2.0.0.dylib (0x1068c93b8) and /Users/linmuyi/miniconda3/envs/llm_gs/lib/python3.9/site-packages/cv2/.dylibs/libSDL2-2.0.0.dylib (0x143834980). This may cause spurious casting failures and mysterious crashes. One of the duplicates must be removed or renamed.
objc[93046]: Class SDL_cocoametalview is implemented in both /Users/linmuyi/miniconda3/envs/llm_gs/lib/python3.9/site-packages/pygame/.dylibs/libSDL2-2.0.0.dylib (0x1068c9408) and /Users/linmuyi/miniconda3/envs/llm_gs/lib/python3.9/site-packages/cv2/.dylibs/libSDL2-2.0.0.dylib (0x1438349d0). This may cause spurious casting failures and mysterious crashes. One of the duplicates must be removed or renamed.
objc[93046]: Class SDLOpenGLContext is implemented in both /Users/linmuyi/miniconda3/envs/llm_gs/lib/python3.9/site-packages/pygame/.dylibs/libSDL2-2.0.0.dylib (0x1068c9458) and /Users/linmuyi/miniconda3/envs/llm_gs/lib/python3.9/site-packages/cv2/.dylibs/libSDL2-2.0.0.dylib (0x143834a20). This may cause spurious casting failures and mysterious crashes. One of the duplicates must be removed or renamed.
objc[93046]: Class SDL_ShapeData is implemented in both /Users/linmuyi/miniconda3/envs/llm_gs/lib/python3.9/site-packages/pygame/.dylibs/libSDL2-2.0.0.dylib (0x1068c94d0) and /Users/linmuyi/miniconda3/envs/llm_gs/lib/python3.9/site-packages/cv2/.dylibs/libSDL2-2.0.0.dylib (0x143834a98). This may cause spurious casting failures and mysterious crashes. One of the duplicates must be removed or renamed.
objc[93046]: Class SDL_CocoaClosure is implemented in both /Users/linmuyi/miniconda3/envs/llm_gs/lib/python3.9/site-packages/pygame/.dylibs/libSDL2-2.0.0.dylib (0x1068c9520) and /Users/linmuyi/miniconda3/envs/llm_gs/lib/python3.9/site-packages/cv2/.dylibs/libSDL2-2.0.0.dylib (0x143834ae8). This may cause spurious casting failures and mysterious crashes. One of the duplicates must be removed or renamed.
objc[93046]: Class SDL_VideoData is implemented in both /Users/linmuyi/miniconda3/envs/llm_gs/lib/python3.9/site-packages/pygame/.dylibs/libSDL2-2.0.0.dylib (0x1068c9570) and /Users/linmuyi/miniconda3/envs/llm_gs/lib/python3.9/site-packages/cv2/.dylibs/libSDL2-2.0.0.dylib (0x143834b38). This may cause spurious casting failures and mysterious crashes. One of the duplicates must be removed or renamed.
objc[93046]: Class SDL_WindowData is implemented in both /Users/linmuyi/miniconda3/envs/llm_gs/lib/python3.9/site-packages/pygame/.dylibs/libSDL2-2.0.0.dylib (0x1068c95c0) and /Users/linmuyi/miniconda3/envs/llm_gs/lib/python3.9/site-packages/cv2/.dylibs/libSDL2-2.0.0.dylib (0x143834b88). This may cause spurious casting failures and mysterious crashes. One of the duplicates must be removed or renamed.
objc[93046]: Class SDLWindow is implemented in both /Users/linmuyi/miniconda3/envs/llm_gs/lib/python3.9/site-packages/pygame/.dylibs/libSDL2-2.0.0.dylib (0x1068c95e8) and /Users/linmuyi/miniconda3/envs/llm_gs/lib/python3.9/site-packages/cv2/.dylibs/libSDL2-2.0.0.dylib (0x143834bb0). This may cause spurious casting failures and mysterious crashes. One of the duplicates must be removed or renamed.
objc[93046]: Class Cocoa_WindowListener is implemented in both /Users/linmuyi/miniconda3/envs/llm_gs/lib/python3.9/site-packages/pygame/.dylibs/libSDL2-2.0.0.dylib (0x1068c9610) and /Users/linmuyi/miniconda3/envs/llm_gs/lib/python3.9/site-packages/cv2/.dylibs/libSDL2-2.0.0.dylib (0x143834bd8). This may cause spurious casting failures and mysterious crashes. One of the duplicates must be removed or renamed.
objc[93046]: Class SDLView is implemented in both /Users/linmuyi/miniconda3/envs/llm_gs/lib/python3.9/site-packages/pygame/.dylibs/libSDL2-2.0.0.dylib (0x1068c9688) and /Users/linmuyi/miniconda3/envs/llm_gs/lib/python3.9/site-packages/cv2/.dylibs/libSDL2-2.0.0.dylib (0x143834c50). This may cause spurious casting failures and mysterious crashes. One of the duplicates must be removed or renamed.
objc[93046]: Class METAL_RenderData is implemented in both /Users/linmuyi/miniconda3/envs/llm_gs/lib/python3.9/site-packages/pygame/.dylibs/libSDL2-2.0.0.dylib (0x1068c9700) and /Users/linmuyi/miniconda3/envs/llm_gs/lib/python3.9/site-packages/cv2/.dylibs/libSDL2-2.0.0.dylib (0x143834cc8). This may cause spurious casting failures and mysterious crashes. One of the duplicates must be removed or renamed.
objc[93046]: Class METAL_TextureData is implemented in both /Users/linmuyi/miniconda3/envs/llm_gs/lib/python3.9/site-packages/pygame/.dylibs/libSDL2-2.0.0.dylib (0x1068c9750) and /Users/linmuyi/miniconda3/envs/llm_gs/lib/python3.9/site-packages/cv2/.dylibs/libSDL2-2.0.0.dylib (0x143834d18). This may cause spurious casting failures and mysterious crashes. One of the duplicates must be removed or renamed.
objc[93046]: Class SDL_RumbleMotor is implemented in both /Users/linmuyi/miniconda3/envs/llm_gs/lib/python3.9/site-packages/pygame/.dylibs/libSDL2-2.0.0.dylib (0x1068c9778) and /Users/linmuyi/miniconda3/envs/llm_gs/lib/python3.9/site-packages/cv2/.dylibs/libSDL2-2.0.0.dylib (0x143834d40). This may cause spurious casting failures and mysterious crashes. One of the duplicates must be removed or renamed.
objc[93046]: Class SDL_RumbleContext is implemented in both /Users/linmuyi/miniconda3/envs/llm_gs/lib/python3.9/site-packages/pygame/.dylibs/libSDL2-2.0.0.dylib (0x1068c97c8) and /Users/linmuyi/miniconda3/envs/llm_gs/lib/python3.9/site-packages/cv2/.dylibs/libSDL2-2.0.0.dylib (0x143834d90). This may cause spurious casting failures and mysterious crashes. One of the duplicates must be removed or renamed.
[grader] 1500000 steps, 30 checkpoints, curriculum

  steps=  50000  held=0.00  gate=0.01  bins=1/3  active= 30  (60s)
  steps= 100000  held=0.00  gate=0.01  bins=1/3  active= 30  (110s)
  steps= 150000  held=0.01  gate=0.00  bins=1/3  active= 30  (163s)
  steps= 200000  held=0.03  gate=0.03  bins=1/3  active= 30  (210s)
  steps= 250000  held=0.03  gate=0.11  bins=1/3  active= 30  (261s)
  steps= 300000  held=0.03  gate=0.11  bins=1/3  active= 30  (327s)
  steps= 350000  held=0.03  gate=0.15  bins=1/3  active= 30  (394s)
  steps= 400000  held=0.03  gate=0.17  bins=2/3  active= 60  [UNLOCK:deadline]  (477s)
  steps= 450000  held=0.03  gate=0.06  bins=2/3  active= 60  (555s)
  steps= 500000  held=0.05  gate=0.07  bins=2/3  active= 60  (611s)
  steps= 550000  held=0.23  gate=0.24  bins=2/3  active= 60  (688s)
  steps= 600000  held=0.19  gate=0.19  bins=2/3  active= 60  (759s)
  steps= 650000  held=0.15  gate=0.11  bins=2/3  active= 60  (847s)
  steps= 700000  held=0.24  gate=0.15  bins=2/3  active= 60  (931s)
  steps= 750000  held=0.24  gate=0.43  bins=2/3  active= 60  (1020s)
  steps= 800000  held=0.25  gate=0.39  bins=3/3  active= 90  [UNLOCK:deadline]  (1105s)
  steps= 850000  held=0.53  gate=0.53  bins=3/3  active= 90  (1169s)
  steps= 900000  held=0.34  gate=0.34  bins=3/3  active= 90  (1240s)
  steps= 950000  held=0.42  gate=0.42  bins=3/3  active= 90  (1303s)
  steps=1000000  held=0.50  gate=0.50  bins=3/3  active= 90  (1368s)
  steps=1050000  held=0.40  gate=0.40  bins=3/3  active= 90  (1438s)
  steps=1100000  held=0.54  gate=0.54  bins=3/3  active= 90  (1503s)
  steps=1150000  held=0.60  gate=0.60  bins=3/3  active= 90  (1568s)
  steps=1200000  held=0.49  gate=0.49  bins=3/3  active= 90  (1637s)
  steps=1250000  held=0.46  gate=0.46  bins=3/3  active= 90  (1709s)
  steps=1300000  held=0.52  gate=0.52  bins=3/3  active= 90  (1772s)
  steps=1350000  held=0.51  gate=0.51  bins=3/3  active= 90  (1840s)
  steps=1400000  held=0.45  gate=0.45  bins=3/3  active= 90  (1907s)
  steps=1450000  held=0.40  gate=0.40  bins=3/3  active= 90  (1978s)
  steps=1500000  held=0.46  gate=0.46  bins=3/3  active= 90  (2047s)

[grader] DONE  final held=0.46  steps_to_0.3=850,000  wall=2047s  -> grader_seed29.json
[grader] per-cell held: s9N1=0.62  s9N2=0.25  s9N3=0.00  s13N1=0.62  s13N2=0.75  s13N3=0.31  s17N1=0.56  s17N2=0.75  s17N3=0.25
