[rivers_only] train=90 layouts  held-out=36 layouts
objc[83251]: Class SDLApplication is implemented in both /Users/linmuyi/miniconda3/envs/llm_gs/lib/python3.9/site-packages/pygame/.dylibs/libSDL2-2.0.0.dylib (0x1165612c8) and /Users/linmuyi/miniconda3/envs/llm_gs/lib/python3.9/site-packages/cv2/.dylibs/libSDL2-2.0.0.dylib (0x16f160890). This may cause spurious casting failures and mysterious crashes. One of the duplicates must be removed or renamed.
objc[83251]: Class SDLAppDelegate is implemented in both /Users/linmuyi/miniconda3/envs/llm_gs/lib/python3.9/site-packages/pygame/.dylibs/libSDL2-2.0.0.dylib (0x116561318) and /Users/linmuyi/miniconda3/envs/llm_gs/lib/python3.9/site-packages/cv2/.dylibs/libSDL2-2.0.0.dylib (0x16f1608e0). This may cause spurious casting failures and mysterious crashes. One of the duplicates must be removed or renamed.
objc[83251]: Class SDLTranslatorResponder is implemented in both /Users/linmuyi/miniconda3/envs/llm_gs/lib/python3.9/site-packages/pygame/.dylibs/libSDL2-2.0.0.dylib (0x116561390) and /Users/linmuyi/miniconda3/envs/llm_gs/lib/python3.9/site-packages/cv2/.dylibs/libSDL2-2.0.0.dylib (0x16f160958). This may cause spurious casting failures and mysterious crashes. One of the duplicates must be removed or renamed.
objc[83251]: Class SDLMessageBoxPresenter is implemented in both /Users/linmuyi/miniconda3/envs/llm_gs/lib/python3.9/site-packages/pygame/.dylibs/libSDL2-2.0.0.dylib (0x1165613b8) and /Users/linmuyi/miniconda3/envs/llm_gs/lib/python3.9/site-packages/cv2/.dylibs/libSDL2-2.0.0.dylib (0x16f160980). This may cause spurious casting failures and mysterious crashes. One of the duplicates must be removed or renamed.
objc[83251]: Class SDL_cocoametalview is implemented in both /Users/linmuyi/miniconda3/envs/llm_gs/lib/python3.9/site-packages/pygame/.dylibs/libSDL2-2.0.0.dylib (0x116561408) and /Users/linmuyi/miniconda3/envs/llm_gs/lib/python3.9/site-packages/cv2/.dylibs/libSDL2-2.0.0.dylib (0x16f1609d0). This may cause spurious casting failures and mysterious crashes. One of the duplicates must be removed or renamed.
objc[83251]: Class SDLOpenGLContext is implemented in both /Users/linmuyi/miniconda3/envs/llm_gs/lib/python3.9/site-packages/pygame/.dylibs/libSDL2-2.0.0.dylib (0x116561458) and /Users/linmuyi/miniconda3/envs/llm_gs/lib/python3.9/site-packages/cv2/.dylibs/libSDL2-2.0.0.dylib (0x16f160a20). This may cause spurious casting failures and mysterious crashes. One of the duplicates must be removed or renamed.
objc[83251]: Class SDL_ShapeData is implemented in both /Users/linmuyi/miniconda3/envs/llm_gs/lib/python3.9/site-packages/pygame/.dylibs/libSDL2-2.0.0.dylib (0x1165614d0) and /Users/linmuyi/miniconda3/envs/llm_gs/lib/python3.9/site-packages/cv2/.dylibs/libSDL2-2.0.0.dylib (0x16f160a98). This may cause spurious casting failures and mysterious crashes. One of the duplicates must be removed or renamed.
objc[83251]: Class SDL_CocoaClosure is implemented in both /Users/linmuyi/miniconda3/envs/llm_gs/lib/python3.9/site-packages/pygame/.dylibs/libSDL2-2.0.0.dylib (0x116561520) and /Users/linmuyi/miniconda3/envs/llm_gs/lib/python3.9/site-packages/cv2/.dylibs/libSDL2-2.0.0.dylib (0x16f160ae8). This may cause spurious casting failures and mysterious crashes. One of the duplicates must be removed or renamed.
objc[83251]: Class SDL_VideoData is implemented in both /Users/linmuyi/miniconda3/envs/llm_gs/lib/python3.9/site-packages/pygame/.dylibs/libSDL2-2.0.0.dylib (0x116561570) and /Users/linmuyi/miniconda3/envs/llm_gs/lib/python3.9/site-packages/cv2/.dylibs/libSDL2-2.0.0.dylib (0x16f160b38). This may cause spurious casting failures and mysterious crashes. One of the duplicates must be removed or renamed.
objc[83251]: Class SDL_WindowData is implemented in both /Users/linmuyi/miniconda3/envs/llm_gs/lib/python3.9/site-packages/pygame/.dylibs/libSDL2-2.0.0.dylib (0x1165615c0) and /Users/linmuyi/miniconda3/envs/llm_gs/lib/python3.9/site-packages/cv2/.dylibs/libSDL2-2.0.0.dylib (0x16f160b88). This may cause spurious casting failures and mysterious crashes. One of the duplicates must be removed or renamed.
objc[83251]: Class SDLWindow is implemented in both /Users/linmuyi/miniconda3/envs/llm_gs/lib/python3.9/site-packages/pygame/.dylibs/libSDL2-2.0.0.dylib (0x1165615e8) and /Users/linmuyi/miniconda3/envs/llm_gs/lib/python3.9/site-packages/cv2/.dylibs/libSDL2-2.0.0.dylib (0x16f160bb0). This may cause spurious casting failures and mysterious crashes. One of the duplicates must be removed or renamed.
objc[83251]: Class Cocoa_WindowListener is implemented in both /Users/linmuyi/miniconda3/envs/llm_gs/lib/python3.9/site-packages/pygame/.dylibs/libSDL2-2.0.0.dylib (0x116561610) and /Users/linmuyi/miniconda3/envs/llm_gs/lib/python3.9/site-packages/cv2/.dylibs/libSDL2-2.0.0.dylib (0x16f160bd8). This may cause spurious casting failures and mysterious crashes. One of the duplicates must be removed or renamed.
objc[83251]: Class SDLView is implemented in both /Users/linmuyi/miniconda3/envs/llm_gs/lib/python3.9/site-packages/pygame/.dylibs/libSDL2-2.0.0.dylib (0x116561688) and /Users/linmuyi/miniconda3/envs/llm_gs/lib/python3.9/site-packages/cv2/.dylibs/libSDL2-2.0.0.dylib (0x16f160c50). This may cause spurious casting failures and mysterious crashes. One of the duplicates must be removed or renamed.
objc[83251]: Class METAL_RenderData is implemented in both /Users/linmuyi/miniconda3/envs/llm_gs/lib/python3.9/site-packages/pygame/.dylibs/libSDL2-2.0.0.dylib (0x116561700) and /Users/linmuyi/miniconda3/envs/llm_gs/lib/python3.9/site-packages/cv2/.dylibs/libSDL2-2.0.0.dylib (0x16f160cc8). This may cause spurious casting failures and mysterious crashes. One of the duplicates must be removed or renamed.
objc[83251]: Class METAL_TextureData is implemented in both /Users/linmuyi/miniconda3/envs/llm_gs/lib/python3.9/site-packages/pygame/.dylibs/libSDL2-2.0.0.dylib (0x116561750) and /Users/linmuyi/miniconda3/envs/llm_gs/lib/python3.9/site-packages/cv2/.dylibs/libSDL2-2.0.0.dylib (0x16f160d18). This may cause spurious casting failures and mysterious crashes. One of the duplicates must be removed or renamed.
objc[83251]: Class SDL_RumbleMotor is implemented in both /Users/linmuyi/miniconda3/envs/llm_gs/lib/python3.9/site-packages/pygame/.dylibs/libSDL2-2.0.0.dylib (0x116561778) and /Users/linmuyi/miniconda3/envs/llm_gs/lib/python3.9/site-packages/cv2/.dylibs/libSDL2-2.0.0.dylib (0x16f160d40). This may cause spurious casting failures and mysterious crashes. One of the duplicates must be removed or renamed.
objc[83251]: Class SDL_RumbleContext is implemented in both /Users/linmuyi/miniconda3/envs/llm_gs/lib/python3.9/site-packages/pygame/.dylibs/libSDL2-2.0.0.dylib (0x1165617c8) and /Users/linmuyi/miniconda3/envs/llm_gs/lib/python3.9/site-packages/cv2/.dylibs/libSDL2-2.0.0.dylib (0x16f160d90). This may cause spurious casting failures and mysterious crashes. One of the duplicates must be removed or renamed.
[rivers_only] 1500000 steps, 30 checkpoints, curriculum

  steps=  50000  held=0.01  gate=0.01  bins=1/3  active= 30  (38s)
  steps= 100000  held=0.02  gate=0.11  bins=1/3  active= 30  (69s)
  steps= 150000  held=0.03  gate=0.11  bins=1/3  active= 30  (98s)
  steps= 200000  held=0.06  gate=0.26  bins=1/3  active= 30  (133s)
  steps= 250000  held=0.13  gate=0.17  bins=1/3  active= 30  (177s)
  steps= 300000  held=0.13  gate=0.17  bins=1/3  active= 30  (212s)
  steps= 350000  held=0.00  gate=0.00  bins=1/3  active= 30  (275s)
  steps= 400000  held=0.00  gate=0.00  bins=2/3  active= 60  [UNLOCK:deadline]  (335s)
  steps= 450000  held=0.03  gate=0.11  bins=2/3  active= 60  (363s)
  steps= 500000  held=0.01  gate=0.00  bins=2/3  active= 60  (429s)
  steps= 550000  held=0.03  gate=0.04  bins=2/3  active= 60  (484s)
  steps= 600000  held=0.00  gate=0.00  bins=2/3  active= 60  (535s)
  steps= 650000  held=0.02  gate=0.00  bins=2/3  active= 60  (567s)
  steps= 700000  held=0.00  gate=0.00  bins=2/3  active= 60  (634s)
  steps= 750000  held=0.00  gate=0.00  bins=2/3  active= 60  (693s)
  steps= 800000  held=0.00  gate=0.00  bins=3/3  active= 90  [UNLOCK:deadline]  (748s)
  steps= 850000  held=0.00  gate=0.00  bins=3/3  active= 90  (793s)
  steps= 900000  held=0.00  gate=0.00  bins=3/3  active= 90  (834s)
  steps= 950000  held=0.00  gate=0.00  bins=3/3  active= 90  (876s)
  steps=1000000  held=0.00  gate=0.00  bins=3/3  active= 90  (913s)
  steps=1050000  held=0.00  gate=0.00  bins=3/3  active= 90  (953s)
  steps=1100000  held=0.00  gate=0.00  bins=3/3  active= 90  (999s)
  steps=1150000  held=0.00  gate=0.00  bins=3/3  active= 90  (1034s)
  steps=1200000  held=0.00  gate=0.00  bins=3/3  active= 90  (1069s)
  steps=1250000  held=0.00  gate=0.00  bins=3/3  active= 90  (1104s)
  steps=1300000  held=0.03  gate=0.03  bins=3/3  active= 90  (1132s)
  steps=1350000  held=0.03  gate=0.03  bins=3/3  active= 90  (1171s)
  steps=1400000  held=0.05  gate=0.05  bins=3/3  active= 90  (1207s)
  steps=1450000  held=0.05  gate=0.05  bins=3/3  active= 90  (1242s)
  steps=1500000  held=0.19  gate=0.19  bins=3/3  active= 90  (1319s)

[rivers_only] DONE  final held=0.19  steps_to_0.3=NOT REACHED  wall=1319s  -> rivers_only_seed12.json
[rivers_only] per-cell held: s9N1=0.44  s9N2=0.00  s9N3=0.00  s13N1=0.31  s13N2=0.38  s13N3=0.00  s17N1=0.19  s17N2=0.44  s17N3=0.00
