[flat] train=90 layouts  held-out=36 layouts
objc[38199]: Class SDLApplication is implemented in both /Users/linmuyi/miniconda3/envs/llm_gs/lib/python3.9/site-packages/pygame/.dylibs/libSDL2-2.0.0.dylib (0x102c512c8) and /Users/linmuyi/miniconda3/envs/llm_gs/lib/python3.9/site-packages/cv2/.dylibs/libSDL2-2.0.0.dylib (0x1412d4890). This may cause spurious casting failures and mysterious crashes. One of the duplicates must be removed or renamed.
objc[38199]: Class SDLAppDelegate is implemented in both /Users/linmuyi/miniconda3/envs/llm_gs/lib/python3.9/site-packages/pygame/.dylibs/libSDL2-2.0.0.dylib (0x102c51318) and /Users/linmuyi/miniconda3/envs/llm_gs/lib/python3.9/site-packages/cv2/.dylibs/libSDL2-2.0.0.dylib (0x1412d48e0). This may cause spurious casting failures and mysterious crashes. One of the duplicates must be removed or renamed.
objc[38199]: Class SDLTranslatorResponder is implemented in both /Users/linmuyi/miniconda3/envs/llm_gs/lib/python3.9/site-packages/pygame/.dylibs/libSDL2-2.0.0.dylib (0x102c51390) and /Users/linmuyi/miniconda3/envs/llm_gs/lib/python3.9/site-packages/cv2/.dylibs/libSDL2-2.0.0.dylib (0x1412d4958). This may cause spurious casting failures and mysterious crashes. One of the duplicates must be removed or renamed.
objc[38199]: Class SDLMessageBoxPresenter is implemented in both /Users/linmuyi/miniconda3/envs/llm_gs/lib/python3.9/site-packages/pygame/.dylibs/libSDL2-2.0.0.dylib (0x102c513b8) and /Users/linmuyi/miniconda3/envs/llm_gs/lib/python3.9/site-packages/cv2/.dylibs/libSDL2-2.0.0.dylib (0x1412d4980). This may cause spurious casting failures and mysterious crashes. One of the duplicates must be removed or renamed.
objc[38199]: Class SDL_cocoametalview is implemented in both /Users/linmuyi/miniconda3/envs/llm_gs/lib/python3.9/site-packages/pygame/.dylibs/libSDL2-2.0.0.dylib (0x102c51408) and /Users/linmuyi/miniconda3/envs/llm_gs/lib/python3.9/site-packages/cv2/.dylibs/libSDL2-2.0.0.dylib (0x1412d49d0). This may cause spurious casting failures and mysterious crashes. One of the duplicates must be removed or renamed.
objc[38199]: Class SDLOpenGLContext is implemented in both /Users/linmuyi/miniconda3/envs/llm_gs/lib/python3.9/site-packages/pygame/.dylibs/libSDL2-2.0.0.dylib (0x102c51458) and /Users/linmuyi/miniconda3/envs/llm_gs/lib/python3.9/site-packages/cv2/.dylibs/libSDL2-2.0.0.dylib (0x1412d4a20). This may cause spurious casting failures and mysterious crashes. One of the duplicates must be removed or renamed.
objc[38199]: Class SDL_ShapeData is implemented in both /Users/linmuyi/miniconda3/envs/llm_gs/lib/python3.9/site-packages/pygame/.dylibs/libSDL2-2.0.0.dylib (0x102c514d0) and /Users/linmuyi/miniconda3/envs/llm_gs/lib/python3.9/site-packages/cv2/.dylibs/libSDL2-2.0.0.dylib (0x1412d4a98). This may cause spurious casting failures and mysterious crashes. One of the duplicates must be removed or renamed.
objc[38199]: Class SDL_CocoaClosure is implemented in both /Users/linmuyi/miniconda3/envs/llm_gs/lib/python3.9/site-packages/pygame/.dylibs/libSDL2-2.0.0.dylib (0x102c51520) and /Users/linmuyi/miniconda3/envs/llm_gs/lib/python3.9/site-packages/cv2/.dylibs/libSDL2-2.0.0.dylib (0x1412d4ae8). This may cause spurious casting failures and mysterious crashes. One of the duplicates must be removed or renamed.
objc[38199]: Class SDL_VideoData is implemented in both /Users/linmuyi/miniconda3/envs/llm_gs/lib/python3.9/site-packages/pygame/.dylibs/libSDL2-2.0.0.dylib (0x102c51570) and /Users/linmuyi/miniconda3/envs/llm_gs/lib/python3.9/site-packages/cv2/.dylibs/libSDL2-2.0.0.dylib (0x1412d4b38). This may cause spurious casting failures and mysterious crashes. One of the duplicates must be removed or renamed.
objc[38199]: Class SDL_WindowData is implemented in both /Users/linmuyi/miniconda3/envs/llm_gs/lib/python3.9/site-packages/pygame/.dylibs/libSDL2-2.0.0.dylib (0x102c515c0) and /Users/linmuyi/miniconda3/envs/llm_gs/lib/python3.9/site-packages/cv2/.dylibs/libSDL2-2.0.0.dylib (0x1412d4b88). This may cause spurious casting failures and mysterious crashes. One of the duplicates must be removed or renamed.
objc[38199]: Class SDLWindow is implemented in both /Users/linmuyi/miniconda3/envs/llm_gs/lib/python3.9/site-packages/pygame/.dylibs/libSDL2-2.0.0.dylib (0x102c515e8) and /Users/linmuyi/miniconda3/envs/llm_gs/lib/python3.9/site-packages/cv2/.dylibs/libSDL2-2.0.0.dylib (0x1412d4bb0). This may cause spurious casting failures and mysterious crashes. One of the duplicates must be removed or renamed.
objc[38199]: Class Cocoa_WindowListener is implemented in both /Users/linmuyi/miniconda3/envs/llm_gs/lib/python3.9/site-packages/pygame/.dylibs/libSDL2-2.0.0.dylib (0x102c51610) and /Users/linmuyi/miniconda3/envs/llm_gs/lib/python3.9/site-packages/cv2/.dylibs/libSDL2-2.0.0.dylib (0x1412d4bd8). This may cause spurious casting failures and mysterious crashes. One of the duplicates must be removed or renamed.
objc[38199]: Class SDLView is implemented in both /Users/linmuyi/miniconda3/envs/llm_gs/lib/python3.9/site-packages/pygame/.dylibs/libSDL2-2.0.0.dylib (0x102c51688) and /Users/linmuyi/miniconda3/envs/llm_gs/lib/python3.9/site-packages/cv2/.dylibs/libSDL2-2.0.0.dylib (0x1412d4c50). This may cause spurious casting failures and mysterious crashes. One of the duplicates must be removed or renamed.
objc[38199]: Class METAL_RenderData is implemented in both /Users/linmuyi/miniconda3/envs/llm_gs/lib/python3.9/site-packages/pygame/.dylibs/libSDL2-2.0.0.dylib (0x102c51700) and /Users/linmuyi/miniconda3/envs/llm_gs/lib/python3.9/site-packages/cv2/.dylibs/libSDL2-2.0.0.dylib (0x1412d4cc8). This may cause spurious casting failures and mysterious crashes. One of the duplicates must be removed or renamed.
objc[38199]: Class METAL_TextureData is implemented in both /Users/linmuyi/miniconda3/envs/llm_gs/lib/python3.9/site-packages/pygame/.dylibs/libSDL2-2.0.0.dylib (0x102c51750) and /Users/linmuyi/miniconda3/envs/llm_gs/lib/python3.9/site-packages/cv2/.dylibs/libSDL2-2.0.0.dylib (0x1412d4d18). This may cause spurious casting failures and mysterious crashes. One of the duplicates must be removed or renamed.
objc[38199]: Class SDL_RumbleMotor is implemented in both /Users/linmuyi/miniconda3/envs/llm_gs/lib/python3.9/site-packages/pygame/.dylibs/libSDL2-2.0.0.dylib (0x102c51778) and /Users/linmuyi/miniconda3/envs/llm_gs/lib/python3.9/site-packages/cv2/.dylibs/libSDL2-2.0.0.dylib (0x1412d4d40). This may cause spurious casting failures and mysterious crashes. One of the duplicates must be removed or renamed.
objc[38199]: Class SDL_RumbleContext is implemented in both /Users/linmuyi/miniconda3/envs/llm_gs/lib/python3.9/site-packages/pygame/.dylibs/libSDL2-2.0.0.dylib (0x102c517c8) and /Users/linmuyi/miniconda3/envs/llm_gs/lib/python3.9/site-packages/cv2/.dylibs/libSDL2-2.0.0.dylib (0x1412d4d90). This may cause spurious casting failures and mysterious crashes. One of the duplicates must be removed or renamed.
[flat] 1500000 steps, 30 checkpoints, flat (no curriculum)

  steps=  50000  held=0.01  gate=0.01  bins=3/3  active= 90  (31s)
  steps= 100000  held=0.01  gate=0.01  bins=3/3  active= 90  (74s)
  steps= 150000  held=0.02  gate=0.02  bins=3/3  active= 90  (106s)
  steps= 200000  held=0.08  gate=0.08  bins=3/3  active= 90  (138s)
  steps= 250000  held=0.13  gate=0.13  bins=3/3  active= 90  (169s)
  steps= 300000  held=0.06  gate=0.06  bins=3/3  active= 90  (201s)
  steps= 350000  held=0.04  gate=0.04  bins=3/3  active= 90  (242s)
  steps= 400000  held=0.05  gate=0.05  bins=3/3  active= 90  (286s)
  steps= 450000  held=0.13  gate=0.13  bins=3/3  active= 90  (313s)
  steps= 500000  held=0.13  gate=0.13  bins=3/3  active= 90  (342s)
  steps= 550000  held=0.14  gate=0.14  bins=3/3  active= 90  (382s)
  steps= 600000  held=0.14  gate=0.14  bins=3/3  active= 90  (422s)
  steps= 650000  held=0.05  gate=0.05  bins=3/3  active= 90  (456s)
  steps= 700000  held=0.01  gate=0.01  bins=3/3  active= 90  (493s)
  steps= 750000  held=0.01  gate=0.01  bins=3/3  active= 90  (529s)
  steps= 800000  held=0.10  gate=0.10  bins=3/3  active= 90  (562s)
  steps= 850000  held=0.05  gate=0.05  bins=3/3  active= 90  (599s)
  steps= 900000  held=0.01  gate=0.01  bins=3/3  active= 90  (642s)
  steps= 950000  held=0.13  gate=0.13  bins=3/3  active= 90  (673s)
  steps=1000000  held=0.01  gate=0.01  bins=3/3  active= 90  (722s)
  steps=1050000  held=0.00  gate=0.00  bins=3/3  active= 90  (771s)
  steps=1100000  held=0.03  gate=0.03  bins=3/3  active= 90  (812s)
  steps=1150000  held=0.11  gate=0.11  bins=3/3  active= 90  (850s)
  steps=1200000  held=0.07  gate=0.07  bins=3/3  active= 90  (890s)
  steps=1250000  held=0.01  gate=0.01  bins=3/3  active= 90  (928s)
  steps=1300000  held=0.00  gate=0.00  bins=3/3  active= 90  (978s)
  steps=1350000  held=0.00  gate=0.00  bins=3/3  active= 90  (1025s)
  steps=1400000  held=0.05  gate=0.05  bins=3/3  active= 90  (1068s)
  steps=1450000  held=0.00  gate=0.00  bins=3/3  active= 90  (1118s)
  steps=1500000  held=0.02  gate=0.02  bins=3/3  active= 90  (1169s)

[flat] DONE  final held=0.02  steps_to_0.3=NOT REACHED  wall=1169s  -> flat_seed37.json
[flat] per-cell held: s9N1=0.00  s9N2=0.00  s9N3=0.00  s13N1=0.19  s13N2=0.00  s13N3=0.00  s17N1=0.00  s17N2=0.00  s17N3=0.00
