[flat] train=90 layouts  held-out=36 layouts
objc[40098]: Class SDLApplication is implemented in both /Users/linmuyi/miniconda3/envs/llm_gs/lib/python3.9/site-packages/pygame/.dylibs/libSDL2-2.0.0.dylib (0x106fe92c8) and /Users/linmuyi/miniconda3/envs/llm_gs/lib/python3.9/site-packages/cv2/.dylibs/libSDL2-2.0.0.dylib (0x13c3e4890). This may cause spurious casting failures and mysterious crashes. One of the duplicates must be removed or renamed.
objc[40098]: Class SDLAppDelegate is implemented in both /Users/linmuyi/miniconda3/envs/llm_gs/lib/python3.9/site-packages/pygame/.dylibs/libSDL2-2.0.0.dylib (0x106fe9318) and /Users/linmuyi/miniconda3/envs/llm_gs/lib/python3.9/site-packages/cv2/.dylibs/libSDL2-2.0.0.dylib (0x13c3e48e0). This may cause spurious casting failures and mysterious crashes. One of the duplicates must be removed or renamed.
objc[40098]: Class SDLTranslatorResponder is implemented in both /Users/linmuyi/miniconda3/envs/llm_gs/lib/python3.9/site-packages/pygame/.dylibs/libSDL2-2.0.0.dylib (0x106fe9390) and /Users/linmuyi/miniconda3/envs/llm_gs/lib/python3.9/site-packages/cv2/.dylibs/libSDL2-2.0.0.dylib (0x13c3e4958). This may cause spurious casting failures and mysterious crashes. One of the duplicates must be removed or renamed.
objc[40098]: Class SDLMessageBoxPresenter is implemented in both /Users/linmuyi/miniconda3/envs/llm_gs/lib/python3.9/site-packages/pygame/.dylibs/libSDL2-2.0.0.dylib (0x106fe93b8) and /Users/linmuyi/miniconda3/envs/llm_gs/lib/python3.9/site-packages/cv2/.dylibs/libSDL2-2.0.0.dylib (0x13c3e4980). This may cause spurious casting failures and mysterious crashes. One of the duplicates must be removed or renamed.
objc[40098]: Class SDL_cocoametalview is implemented in both /Users/linmuyi/miniconda3/envs/llm_gs/lib/python3.9/site-packages/pygame/.dylibs/libSDL2-2.0.0.dylib (0x106fe9408) and /Users/linmuyi/miniconda3/envs/llm_gs/lib/python3.9/site-packages/cv2/.dylibs/libSDL2-2.0.0.dylib (0x13c3e49d0). This may cause spurious casting failures and mysterious crashes. One of the duplicates must be removed or renamed.
objc[40098]: Class SDLOpenGLContext is implemented in both /Users/linmuyi/miniconda3/envs/llm_gs/lib/python3.9/site-packages/pygame/.dylibs/libSDL2-2.0.0.dylib (0x106fe9458) and /Users/linmuyi/miniconda3/envs/llm_gs/lib/python3.9/site-packages/cv2/.dylibs/libSDL2-2.0.0.dylib (0x13c3e4a20). This may cause spurious casting failures and mysterious crashes. One of the duplicates must be removed or renamed.
objc[40098]: Class SDL_ShapeData is implemented in both /Users/linmuyi/miniconda3/envs/llm_gs/lib/python3.9/site-packages/pygame/.dylibs/libSDL2-2.0.0.dylib (0x106fe94d0) and /Users/linmuyi/miniconda3/envs/llm_gs/lib/python3.9/site-packages/cv2/.dylibs/libSDL2-2.0.0.dylib (0x13c3e4a98). This may cause spurious casting failures and mysterious crashes. One of the duplicates must be removed or renamed.
objc[40098]: Class SDL_CocoaClosure is implemented in both /Users/linmuyi/miniconda3/envs/llm_gs/lib/python3.9/site-packages/pygame/.dylibs/libSDL2-2.0.0.dylib (0x106fe9520) and /Users/linmuyi/miniconda3/envs/llm_gs/lib/python3.9/site-packages/cv2/.dylibs/libSDL2-2.0.0.dylib (0x13c3e4ae8). This may cause spurious casting failures and mysterious crashes. One of the duplicates must be removed or renamed.
objc[40098]: Class SDL_VideoData is implemented in both /Users/linmuyi/miniconda3/envs/llm_gs/lib/python3.9/site-packages/pygame/.dylibs/libSDL2-2.0.0.dylib (0x106fe9570) and /Users/linmuyi/miniconda3/envs/llm_gs/lib/python3.9/site-packages/cv2/.dylibs/libSDL2-2.0.0.dylib (0x13c3e4b38). This may cause spurious casting failures and mysterious crashes. One of the duplicates must be removed or renamed.
objc[40098]: Class SDL_WindowData is implemented in both /Users/linmuyi/miniconda3/envs/llm_gs/lib/python3.9/site-packages/pygame/.dylibs/libSDL2-2.0.0.dylib (0x106fe95c0) and /Users/linmuyi/miniconda3/envs/llm_gs/lib/python3.9/site-packages/cv2/.dylibs/libSDL2-2.0.0.dylib (0x13c3e4b88). This may cause spurious casting failures and mysterious crashes. One of the duplicates must be removed or renamed.
objc[40098]: Class SDLWindow is implemented in both /Users/linmuyi/miniconda3/envs/llm_gs/lib/python3.9/site-packages/pygame/.dylibs/libSDL2-2.0.0.dylib (0x106fe95e8) and /Users/linmuyi/miniconda3/envs/llm_gs/lib/python3.9/site-packages/cv2/.dylibs/libSDL2-2.0.0.dylib (0x13c3e4bb0). This may cause spurious casting failures and mysterious crashes. One of the duplicates must be removed or renamed.
objc[40098]: Class Cocoa_WindowListener is implemented in both /Users/linmuyi/miniconda3/envs/llm_gs/lib/python3.9/site-packages/pygame/.dylibs/libSDL2-2.0.0.dylib (0x106fe9610) and /Users/linmuyi/miniconda3/envs/llm_gs/lib/python3.9/site-packages/cv2/.dylibs/libSDL2-2.0.0.dylib (0x13c3e4bd8). This may cause spurious casting failures and mysterious crashes. One of the duplicates must be removed or renamed.
objc[40098]: Class SDLView is implemented in both /Users/linmuyi/miniconda3/envs/llm_gs/lib/python3.9/site-packages/pygame/.dylibs/libSDL2-2.0.0.dylib (0x106fe9688) and /Users/linmuyi/miniconda3/envs/llm_gs/lib/python3.9/site-packages/cv2/.dylibs/libSDL2-2.0.0.dylib (0x13c3e4c50). This may cause spurious casting failures and mysterious crashes. One of the duplicates must be removed or renamed.
objc[40098]: Class METAL_RenderData is implemented in both /Users/linmuyi/miniconda3/envs/llm_gs/lib/python3.9/site-packages/pygame/.dylibs/libSDL2-2.0.0.dylib (0x106fe9700) and /Users/linmuyi/miniconda3/envs/llm_gs/lib/python3.9/site-packages/cv2/.dylibs/libSDL2-2.0.0.dylib (0x13c3e4cc8). This may cause spurious casting failures and mysterious crashes. One of the duplicates must be removed or renamed.
objc[40098]: Class METAL_TextureData is implemented in both /Users/linmuyi/miniconda3/envs/llm_gs/lib/python3.9/site-packages/pygame/.dylibs/libSDL2-2.0.0.dylib (0x106fe9750) and /Users/linmuyi/miniconda3/envs/llm_gs/lib/python3.9/site-packages/cv2/.dylibs/libSDL2-2.0.0.dylib (0x13c3e4d18). This may cause spurious casting failures and mysterious crashes. One of the duplicates must be removed or renamed.
objc[40098]: Class SDL_RumbleMotor is implemented in both /Users/linmuyi/miniconda3/envs/llm_gs/lib/python3.9/site-packages/pygame/.dylibs/libSDL2-2.0.0.dylib (0x106fe9778) and /Users/linmuyi/miniconda3/envs/llm_gs/lib/python3.9/site-packages/cv2/.dylibs/libSDL2-2.0.0.dylib (0x13c3e4d40). This may cause spurious casting failures and mysterious crashes. One of the duplicates must be removed or renamed.
objc[40098]: Class SDL_RumbleContext is implemented in both /Users/linmuyi/miniconda3/envs/llm_gs/lib/python3.9/site-packages/pygame/.dylibs/libSDL2-2.0.0.dylib (0x106fe97c8) and /Users/linmuyi/miniconda3/envs/llm_gs/lib/python3.9/site-packages/cv2/.dylibs/libSDL2-2.0.0.dylib (0x13c3e4d90). This may cause spurious casting failures and mysterious crashes. One of the duplicates must be removed or renamed.
[flat] 1500000 steps, 30 checkpoints, flat (no curriculum)

  steps=  50000  held=0.00  gate=0.00  bins=3/3  active= 90  (32s)
  steps= 100000  held=0.00  gate=0.00  bins=3/3  active= 90  (78s)
  steps= 150000  held=0.00  gate=0.00  bins=3/3  active= 90  (120s)
  steps= 200000  held=0.00  gate=0.00  bins=3/3  active= 90  (162s)
  steps= 250000  held=0.00  gate=0.00  bins=3/3  active= 90  (199s)
  steps= 300000  held=0.00  gate=0.00  bins=3/3  active= 90  (227s)
  steps= 350000  held=0.00  gate=0.00  bins=3/3  active= 90  (258s)
  steps= 400000  held=0.00  gate=0.00  bins=3/3  active= 90  (293s)
  steps= 450000  held=0.00  gate=0.00  bins=3/3  active= 90  (334s)
  steps= 500000  held=0.00  gate=0.00  bins=3/3  active= 90  (373s)
  steps= 550000  held=0.00  gate=0.00  bins=3/3  active= 90  (411s)
  steps= 600000  held=0.01  gate=0.01  bins=3/3  active= 90  (441s)
  steps= 650000  held=0.00  gate=0.00  bins=3/3  active= 90  (472s)
  steps= 700000  held=0.00  gate=0.00  bins=3/3  active= 90  (503s)
  steps= 750000  held=0.00  gate=0.00  bins=3/3  active= 90  (531s)
  steps= 800000  held=0.02  gate=0.02  bins=3/3  active= 90  (557s)
  steps= 850000  held=0.00  gate=0.00  bins=3/3  active= 90  (595s)
  steps= 900000  held=0.00  gate=0.00  bins=3/3  active= 90  (632s)
  steps= 950000  held=0.00  gate=0.00  bins=3/3  active= 90  (676s)
  steps=1000000  held=0.00  gate=0.00  bins=3/3  active= 90  (709s)
  steps=1050000  held=0.00  gate=0.00  bins=3/3  active= 90  (742s)
  steps=1100000  held=0.00  gate=0.00  bins=3/3  active= 90  (781s)
  steps=1150000  held=0.00  gate=0.00  bins=3/3  active= 90  (814s)
  steps=1200000  held=0.00  gate=0.00  bins=3/3  active= 90  (845s)
  steps=1250000  held=0.00  gate=0.00  bins=3/3  active= 90  (880s)
  steps=1300000  held=0.01  gate=0.01  bins=3/3  active= 90  (916s)
  steps=1350000  held=0.00  gate=0.00  bins=3/3  active= 90  (959s)
  steps=1400000  held=0.02  gate=0.02  bins=3/3  active= 90  (1002s)
  steps=1450000  held=0.01  gate=0.01  bins=3/3  active= 90  (1044s)
  steps=1500000  held=0.01  gate=0.01  bins=3/3  active= 90  (1081s)

[flat] DONE  final held=0.01  steps_to_0.3=NOT REACHED  wall=1081s  -> flat_seed5.json
[flat] per-cell held: s9N1=0.00  s9N2=0.00  s9N3=0.00  s13N1=0.00  s13N2=0.00  s13N3=0.00  s17N1=0.00  s17N2=0.06  s17N3=0.00
