[grader] train=90 layouts  held-out=36 layouts
objc[36114]: Class SDLApplication is implemented in both /Users/linmuyi/miniconda3/envs/llm_gs/lib/python3.9/site-packages/pygame/.dylibs/libSDL2-2.0.0.dylib (0x1193e12c8) and /Users/linmuyi/miniconda3/envs/llm_gs/lib/python3.9/site-packages/cv2/.dylibs/libSDL2-2.0.0.dylib (0x3158e4890). This may cause spurious casting failures and mysterious crashes. One of the duplicates must be removed or renamed.
objc[36114]: Class SDLAppDelegate is implemented in both /Users/linmuyi/miniconda3/envs/llm_gs/lib/python3.9/site-packages/pygame/.dylibs/libSDL2-2.0.0.dylib (0x1193e1318) and /Users/linmuyi/miniconda3/envs/llm_gs/lib/python3.9/site-packages/cv2/.dylibs/libSDL2-2.0.0.dylib (0x3158e48e0). This may cause spurious casting failures and mysterious crashes. One of the duplicates must be removed or renamed.
objc[36114]: Class SDLTranslatorResponder is implemented in both /Users/linmuyi/miniconda3/envs/llm_gs/lib/python3.9/site-packages/pygame/.dylibs/libSDL2-2.0.0.dylib (0x1193e1390) and /Users/linmuyi/miniconda3/envs/llm_gs/lib/python3.9/site-packages/cv2/.dylibs/libSDL2-2.0.0.dylib (0x3158e4958). This may cause spurious casting failures and mysterious crashes. One of the duplicates must be removed or renamed.
objc[36114]: Class SDLMessageBoxPresenter is implemented in both /Users/linmuyi/miniconda3/envs/llm_gs/lib/python3.9/site-packages/pygame/.dylibs/libSDL2-2.0.0.dylib (0x1193e13b8) and /Users/linmuyi/miniconda3/envs/llm_gs/lib/python3.9/site-packages/cv2/.dylibs/libSDL2-2.0.0.dylib (0x3158e4980). This may cause spurious casting failures and mysterious crashes. One of the duplicates must be removed or renamed.
objc[36114]: Class SDL_cocoametalview is implemented in both /Users/linmuyi/miniconda3/envs/llm_gs/lib/python3.9/site-packages/pygame/.dylibs/libSDL2-2.0.0.dylib (0x1193e1408) and /Users/linmuyi/miniconda3/envs/llm_gs/lib/python3.9/site-packages/cv2/.dylibs/libSDL2-2.0.0.dylib (0x3158e49d0). This may cause spurious casting failures and mysterious crashes. One of the duplicates must be removed or renamed.
objc[36114]: Class SDLOpenGLContext is implemented in both /Users/linmuyi/miniconda3/envs/llm_gs/lib/python3.9/site-packages/pygame/.dylibs/libSDL2-2.0.0.dylib (0x1193e1458) and /Users/linmuyi/miniconda3/envs/llm_gs/lib/python3.9/site-packages/cv2/.dylibs/libSDL2-2.0.0.dylib (0x3158e4a20). This may cause spurious casting failures and mysterious crashes. One of the duplicates must be removed or renamed.
objc[36114]: Class SDL_ShapeData is implemented in both /Users/linmuyi/miniconda3/envs/llm_gs/lib/python3.9/site-packages/pygame/.dylibs/libSDL2-2.0.0.dylib (0x1193e14d0) and /Users/linmuyi/miniconda3/envs/llm_gs/lib/python3.9/site-packages/cv2/.dylibs/libSDL2-2.0.0.dylib (0x3158e4a98). This may cause spurious casting failures and mysterious crashes. One of the duplicates must be removed or renamed.
objc[36114]: Class SDL_CocoaClosure is implemented in both /Users/linmuyi/miniconda3/envs/llm_gs/lib/python3.9/site-packages/pygame/.dylibs/libSDL2-2.0.0.dylib (0x1193e1520) and /Users/linmuyi/miniconda3/envs/llm_gs/lib/python3.9/site-packages/cv2/.dylibs/libSDL2-2.0.0.dylib (0x3158e4ae8). This may cause spurious casting failures and mysterious crashes. One of the duplicates must be removed or renamed.
objc[36114]: Class SDL_VideoData is implemented in both /Users/linmuyi/miniconda3/envs/llm_gs/lib/python3.9/site-packages/pygame/.dylibs/libSDL2-2.0.0.dylib (0x1193e1570) and /Users/linmuyi/miniconda3/envs/llm_gs/lib/python3.9/site-packages/cv2/.dylibs/libSDL2-2.0.0.dylib (0x3158e4b38). This may cause spurious casting failures and mysterious crashes. One of the duplicates must be removed or renamed.
objc[36114]: Class SDL_WindowData is implemented in both /Users/linmuyi/miniconda3/envs/llm_gs/lib/python3.9/site-packages/pygame/.dylibs/libSDL2-2.0.0.dylib (0x1193e15c0) and /Users/linmuyi/miniconda3/envs/llm_gs/lib/python3.9/site-packages/cv2/.dylibs/libSDL2-2.0.0.dylib (0x3158e4b88). This may cause spurious casting failures and mysterious crashes. One of the duplicates must be removed or renamed.
objc[36114]: Class SDLWindow is implemented in both /Users/linmuyi/miniconda3/envs/llm_gs/lib/python3.9/site-packages/pygame/.dylibs/libSDL2-2.0.0.dylib (0x1193e15e8) and /Users/linmuyi/miniconda3/envs/llm_gs/lib/python3.9/site-packages/cv2/.dylibs/libSDL2-2.0.0.dylib (0x3158e4bb0). This may cause spurious casting failures and mysterious crashes. One of the duplicates must be removed or renamed.
objc[36114]: Class Cocoa_WindowListener is implemented in both /Users/linmuyi/miniconda3/envs/llm_gs/lib/python3.9/site-packages/pygame/.dylibs/libSDL2-2.0.0.dylib (0x1193e1610) and /Users/linmuyi/miniconda3/envs/llm_gs/lib/python3.9/site-packages/cv2/.dylibs/libSDL2-2.0.0.dylib (0x3158e4bd8). This may cause spurious casting failures and mysterious crashes. One of the duplicates must be removed or renamed.
objc[36114]: Class SDLView is implemented in both /Users/linmuyi/miniconda3/envs/llm_gs/lib/python3.9/site-packages/pygame/.dylibs/libSDL2-2.0.0.dylib (0x1193e1688) and /Users/linmuyi/miniconda3/envs/llm_gs/lib/python3.9/site-packages/cv2/.dylibs/libSDL2-2.0.0.dylib (0x3158e4c50). This may cause spurious casting failures and mysterious crashes. One of the duplicates must be removed or renamed.
objc[36114]: Class METAL_RenderData is implemented in both /Users/linmuyi/miniconda3/envs/llm_gs/lib/python3.9/site-packages/pygame/.dylibs/libSDL2-2.0.0.dylib (0x1193e1700) and /Users/linmuyi/miniconda3/envs/llm_gs/lib/python3.9/site-packages/cv2/.dylibs/libSDL2-2.0.0.dylib (0x3158e4cc8). This may cause spurious casting failures and mysterious crashes. One of the duplicates must be removed or renamed.
objc[36114]: Class METAL_TextureData is implemented in both /Users/linmuyi/miniconda3/envs/llm_gs/lib/python3.9/site-packages/pygame/.dylibs/libSDL2-2.0.0.dylib (0x1193e1750) and /Users/linmuyi/miniconda3/envs/llm_gs/lib/python3.9/site-packages/cv2/.dylibs/libSDL2-2.0.0.dylib (0x3158e4d18). This may cause spurious casting failures and mysterious crashes. One of the duplicates must be removed or renamed.
objc[36114]: Class SDL_RumbleMotor is implemented in both /Users/linmuyi/miniconda3/envs/llm_gs/lib/python3.9/site-packages/pygame/.dylibs/libSDL2-2.0.0.dylib (0x1193e1778) and /Users/linmuyi/miniconda3/envs/llm_gs/lib/python3.9/site-packages/cv2/.dylibs/libSDL2-2.0.0.dylib (0x3158e4d40). This may cause spurious casting failures and mysterious crashes. One of the duplicates must be removed or renamed.
objc[36114]: Class SDL_RumbleContext is implemented in both /Users/linmuyi/miniconda3/envs/llm_gs/lib/python3.9/site-packages/pygame/.dylibs/libSDL2-2.0.0.dylib (0x1193e17c8) and /Users/linmuyi/miniconda3/envs/llm_gs/lib/python3.9/site-packages/cv2/.dylibs/libSDL2-2.0.0.dylib (0x3158e4d90). This may cause spurious casting failures and mysterious crashes. One of the duplicates must be removed or renamed.
[grader] 1500000 steps, 30 checkpoints, curriculum

  steps=  50000  held=0.00  gate=0.01  bins=1/3  active= 30  (41s)
  steps= 100000  held=0.02  gate=0.17  bins=1/3  active= 30  (72s)
  steps= 150000  held=0.12  gate=0.19  bins=1/3  active= 30  (114s)
  steps= 200000  held=0.10  gate=0.04  bins=1/3  active= 30  (166s)
  steps= 250000  held=0.12  gate=0.33  bins=1/3  active= 30  (207s)
  steps= 300000  held=0.14  gate=0.22  bins=1/3  active= 30  (254s)
  steps= 350000  held=0.13  gate=0.17  bins=1/3  active= 30  (298s)
  steps= 400000  held=0.03  gate=0.03  bins=2/3  active= 60  [UNLOCK:deadline]  (356s)
  steps= 450000  held=0.03  gate=0.04  bins=2/3  active= 60  (411s)
  steps= 500000  held=0.02  gate=0.00  bins=2/3  active= 60  (472s)
  steps= 550000  held=0.01  gate=0.00  bins=2/3  active= 60  (527s)
  steps= 600000  held=0.01  gate=0.03  bins=2/3  active= 60  (584s)
  steps= 650000  held=0.03  gate=0.15  bins=2/3  active= 60  (636s)
  steps= 700000  held=0.03  gate=0.11  bins=2/3  active= 60  (688s)
  steps= 750000  held=0.04  gate=0.17  bins=2/3  active= 60  (744s)
  steps= 800000  held=0.03  gate=0.22  bins=3/3  active= 90  [UNLOCK:deadline]  (808s)
  steps= 850000  held=0.09  gate=0.09  bins=3/3  active= 90  (850s)
  steps= 900000  held=0.12  gate=0.12  bins=3/3  active= 90  (894s)
  steps= 950000  held=0.15  gate=0.15  bins=3/3  active= 90  (934s)
  steps=1000000  held=0.15  gate=0.15  bins=3/3  active= 90  (982s)
  steps=1050000  held=0.17  gate=0.17  bins=3/3  active= 90  (1018s)
  steps=1100000  held=0.15  gate=0.15  bins=3/3  active= 90  (1057s)
  steps=1150000  held=0.17  gate=0.17  bins=3/3  active= 90  (1104s)
  steps=1200000  held=0.06  gate=0.06  bins=3/3  active= 90  (1160s)
  steps=1250000  held=0.14  gate=0.14  bins=3/3  active= 90  (1213s)
  steps=1300000  held=0.08  gate=0.08  bins=3/3  active= 90  (1264s)
  steps=1350000  held=0.08  gate=0.08  bins=3/3  active= 90  (1315s)
  steps=1400000  held=0.16  gate=0.16  bins=3/3  active= 90  (1350s)
  steps=1450000  held=0.08  gate=0.08  bins=3/3  active= 90  (1400s)
  steps=1500000  held=0.08  gate=0.08  bins=3/3  active= 90  (1451s)

[grader] DONE  final held=0.08  steps_to_0.3=NOT REACHED  wall=1451s  -> grader_seed21.json
[grader] per-cell held: s9N1=0.00  s9N2=0.00  s9N3=0.00  s13N1=0.25  s13N2=0.06  s13N3=0.00  s17N1=0.00  s17N2=0.25  s17N3=0.19
