[size_order] train=90 layouts  held-out=36 layouts
objc[15296]: Class SDLApplication is implemented in both /Users/linmuyi/miniconda3/envs/llm_gs/lib/python3.9/site-packages/pygame/.dylibs/libSDL2-2.0.0.dylib (0x106e852c8) and /Users/linmuyi/miniconda3/envs/llm_gs/lib/python3.9/site-packages/cv2/.dylibs/libSDL2-2.0.0.dylib (0x1430e4890). This may cause spurious casting failures and mysterious crashes. One of the duplicates must be removed or renamed.
objc[15296]: Class SDLAppDelegate is implemented in both /Users/linmuyi/miniconda3/envs/llm_gs/lib/python3.9/site-packages/pygame/.dylibs/libSDL2-2.0.0.dylib (0x106e85318) and /Users/linmuyi/miniconda3/envs/llm_gs/lib/python3.9/site-packages/cv2/.dylibs/libSDL2-2.0.0.dylib (0x1430e48e0). This may cause spurious casting failures and mysterious crashes. One of the duplicates must be removed or renamed.
objc[15296]: Class SDLTranslatorResponder is implemented in both /Users/linmuyi/miniconda3/envs/llm_gs/lib/python3.9/site-packages/pygame/.dylibs/libSDL2-2.0.0.dylib (0x106e85390) and /Users/linmuyi/miniconda3/envs/llm_gs/lib/python3.9/site-packages/cv2/.dylibs/libSDL2-2.0.0.dylib (0x1430e4958). This may cause spurious casting failures and mysterious crashes. One of the duplicates must be removed or renamed.
objc[15296]: Class SDLMessageBoxPresenter is implemented in both /Users/linmuyi/miniconda3/envs/llm_gs/lib/python3.9/site-packages/pygame/.dylibs/libSDL2-2.0.0.dylib (0x106e853b8) and /Users/linmuyi/miniconda3/envs/llm_gs/lib/python3.9/site-packages/cv2/.dylibs/libSDL2-2.0.0.dylib (0x1430e4980). This may cause spurious casting failures and mysterious crashes. One of the duplicates must be removed or renamed.
objc[15296]: Class SDL_cocoametalview is implemented in both /Users/linmuyi/miniconda3/envs/llm_gs/lib/python3.9/site-packages/pygame/.dylibs/libSDL2-2.0.0.dylib (0x106e85408) and /Users/linmuyi/miniconda3/envs/llm_gs/lib/python3.9/site-packages/cv2/.dylibs/libSDL2-2.0.0.dylib (0x1430e49d0). This may cause spurious casting failures and mysterious crashes. One of the duplicates must be removed or renamed.
objc[15296]: Class SDLOpenGLContext is implemented in both /Users/linmuyi/miniconda3/envs/llm_gs/lib/python3.9/site-packages/pygame/.dylibs/libSDL2-2.0.0.dylib (0x106e85458) and /Users/linmuyi/miniconda3/envs/llm_gs/lib/python3.9/site-packages/cv2/.dylibs/libSDL2-2.0.0.dylib (0x1430e4a20). This may cause spurious casting failures and mysterious crashes. One of the duplicates must be removed or renamed.
objc[15296]: Class SDL_ShapeData is implemented in both /Users/linmuyi/miniconda3/envs/llm_gs/lib/python3.9/site-packages/pygame/.dylibs/libSDL2-2.0.0.dylib (0x106e854d0) and /Users/linmuyi/miniconda3/envs/llm_gs/lib/python3.9/site-packages/cv2/.dylibs/libSDL2-2.0.0.dylib (0x1430e4a98). This may cause spurious casting failures and mysterious crashes. One of the duplicates must be removed or renamed.
objc[15296]: Class SDL_CocoaClosure is implemented in both /Users/linmuyi/miniconda3/envs/llm_gs/lib/python3.9/site-packages/pygame/.dylibs/libSDL2-2.0.0.dylib (0x106e85520) and /Users/linmuyi/miniconda3/envs/llm_gs/lib/python3.9/site-packages/cv2/.dylibs/libSDL2-2.0.0.dylib (0x1430e4ae8). This may cause spurious casting failures and mysterious crashes. One of the duplicates must be removed or renamed.
objc[15296]: Class SDL_VideoData is implemented in both /Users/linmuyi/miniconda3/envs/llm_gs/lib/python3.9/site-packages/pygame/.dylibs/libSDL2-2.0.0.dylib (0x106e85570) and /Users/linmuyi/miniconda3/envs/llm_gs/lib/python3.9/site-packages/cv2/.dylibs/libSDL2-2.0.0.dylib (0x1430e4b38). This may cause spurious casting failures and mysterious crashes. One of the duplicates must be removed or renamed.
objc[15296]: Class SDL_WindowData is implemented in both /Users/linmuyi/miniconda3/envs/llm_gs/lib/python3.9/site-packages/pygame/.dylibs/libSDL2-2.0.0.dylib (0x106e855c0) and /Users/linmuyi/miniconda3/envs/llm_gs/lib/python3.9/site-packages/cv2/.dylibs/libSDL2-2.0.0.dylib (0x1430e4b88). This may cause spurious casting failures and mysterious crashes. One of the duplicates must be removed or renamed.
objc[15296]: Class SDLWindow is implemented in both /Users/linmuyi/miniconda3/envs/llm_gs/lib/python3.9/site-packages/pygame/.dylibs/libSDL2-2.0.0.dylib (0x106e855e8) and /Users/linmuyi/miniconda3/envs/llm_gs/lib/python3.9/site-packages/cv2/.dylibs/libSDL2-2.0.0.dylib (0x1430e4bb0). This may cause spurious casting failures and mysterious crashes. One of the duplicates must be removed or renamed.
objc[15296]: Class Cocoa_WindowListener is implemented in both /Users/linmuyi/miniconda3/envs/llm_gs/lib/python3.9/site-packages/pygame/.dylibs/libSDL2-2.0.0.dylib (0x106e85610) and /Users/linmuyi/miniconda3/envs/llm_gs/lib/python3.9/site-packages/cv2/.dylibs/libSDL2-2.0.0.dylib (0x1430e4bd8). This may cause spurious casting failures and mysterious crashes. One of the duplicates must be removed or renamed.
objc[15296]: Class SDLView is implemented in both /Users/linmuyi/miniconda3/envs/llm_gs/lib/python3.9/site-packages/pygame/.dylibs/libSDL2-2.0.0.dylib (0x106e85688) and /Users/linmuyi/miniconda3/envs/llm_gs/lib/python3.9/site-packages/cv2/.dylibs/libSDL2-2.0.0.dylib (0x1430e4c50). This may cause spurious casting failures and mysterious crashes. One of the duplicates must be removed or renamed.
objc[15296]: Class METAL_RenderData is implemented in both /Users/linmuyi/miniconda3/envs/llm_gs/lib/python3.9/site-packages/pygame/.dylibs/libSDL2-2.0.0.dylib (0x106e85700) and /Users/linmuyi/miniconda3/envs/llm_gs/lib/python3.9/site-packages/cv2/.dylibs/libSDL2-2.0.0.dylib (0x1430e4cc8). This may cause spurious casting failures and mysterious crashes. One of the duplicates must be removed or renamed.
objc[15296]: Class METAL_TextureData is implemented in both /Users/linmuyi/miniconda3/envs/llm_gs/lib/python3.9/site-packages/pygame/.dylibs/libSDL2-2.0.0.dylib (0x106e85750) and /Users/linmuyi/miniconda3/envs/llm_gs/lib/python3.9/site-packages/cv2/.dylibs/libSDL2-2.0.0.dylib (0x1430e4d18). This may cause spurious casting failures and mysterious crashes. One of the duplicates must be removed or renamed.
objc[15296]: Class SDL_RumbleMotor is implemented in both /Users/linmuyi/miniconda3/envs/llm_gs/lib/python3.9/site-packages/pygame/.dylibs/libSDL2-2.0.0.dylib (0x106e85778) and /Users/linmuyi/miniconda3/envs/llm_gs/lib/python3.9/site-packages/cv2/.dylibs/libSDL2-2.0.0.dylib (0x1430e4d40). This may cause spurious casting failures and mysterious crashes. One of the duplicates must be removed or renamed.
objc[15296]: Class SDL_RumbleContext is implemented in both /Users/linmuyi/miniconda3/envs/llm_gs/lib/python3.9/site-packages/pygame/.dylibs/libSDL2-2.0.0.dylib (0x106e857c8) and /Users/linmuyi/miniconda3/envs/llm_gs/lib/python3.9/site-packages/cv2/.dylibs/libSDL2-2.0.0.dylib (0x1430e4d90). This may cause spurious casting failures and mysterious crashes. One of the duplicates must be removed or renamed.
[size_order] 1500000 steps, 30 checkpoints, curriculum

  steps=  50000  held=0.01  gate=0.08  bins=1/3  active= 30  (31s)
  steps= 100000  held=0.07  gate=0.19  bins=1/3  active= 30  (64s)
  steps= 150000  held=0.15  gate=0.22  bins=1/3  active= 30  (96s)
  steps= 200000  held=0.14  gate=0.28  bins=1/3  active= 30  (142s)
  steps= 250000  held=0.17  gate=0.35  bins=1/3  active= 30  (192s)
  steps= 300000  held=0.16  gate=0.33  bins=1/3  active= 30  (249s)
  steps= 350000  held=0.17  gate=0.39  bins=1/3  active= 30  (280s)
  steps= 400000  held=0.15  gate=0.21  bins=2/3  active= 60  [UNLOCK:deadline]  (335s)
  steps= 450000  held=0.22  gate=0.15  bins=2/3  active= 60  (387s)
  steps= 500000  held=0.14  gate=0.28  bins=2/3  active= 60  (445s)
  steps= 550000  held=0.25  gate=0.14  bins=2/3  active= 60  (488s)
  steps= 600000  held=0.40  gate=0.57  bins=3/3  active= 90  [UNLOCK:gate]  (536s)
  steps= 650000  held=0.35  gate=0.35  bins=3/3  active= 90  (577s)
  steps= 700000  held=0.35  gate=0.35  bins=3/3  active= 90  (616s)
  steps= 750000  held=0.38  gate=0.38  bins=3/3  active= 90  (659s)
  steps= 800000  held=0.38  gate=0.38  bins=3/3  active= 90  (704s)
  steps= 850000  held=0.40  gate=0.40  bins=3/3  active= 90  (747s)
  steps= 900000  held=0.41  gate=0.41  bins=3/3  active= 90  (794s)
  steps= 950000  held=0.49  gate=0.49  bins=3/3  active= 90  (837s)
  steps=1000000  held=0.58  gate=0.58  bins=3/3  active= 90  (876s)
  steps=1050000  held=0.40  gate=0.40  bins=3/3  active= 90  (915s)
  steps=1100000  held=0.51  gate=0.51  bins=3/3  active= 90  (956s)
  steps=1150000  held=0.62  gate=0.62  bins=3/3  active= 90  (996s)
  steps=1200000  held=0.51  gate=0.51  bins=3/3  active= 90  (1035s)
  steps=1250000  held=0.20  gate=0.20  bins=3/3  active= 90  (1086s)
  steps=1300000  held=0.23  gate=0.23  bins=3/3  active= 90  (1136s)
  steps=1350000  held=0.50  gate=0.50  bins=3/3  active= 90  (1174s)
  steps=1400000  held=0.69  gate=0.69  bins=3/3  active= 90  (1212s)
  steps=1450000  held=0.21  gate=0.21  bins=3/3  active= 90  (1253s)
  steps=1500000  held=0.56  gate=0.56  bins=3/3  active= 90  (1294s)

[size_order] DONE  final held=0.56  steps_to_0.3=600,000  wall=1294s  -> size_order_seed15.json
[size_order] per-cell held: s9N1=0.50  s9N2=0.75  s9N3=0.06  s13N1=1.00  s13N2=0.69  s13N3=0.31  s17N1=0.56  s17N2=0.75  s17N3=0.38
