[grader] train=90 layouts  held-out=36 layouts
objc[29147]: Class SDLApplication is implemented in both /Users/linmuyi/miniconda3/envs/llm_gs/lib/python3.9/site-packages/pygame/.dylibs/libSDL2-2.0.0.dylib (0x1048092c8) and /Users/linmuyi/miniconda3/envs/llm_gs/lib/python3.9/site-packages/cv2/.dylibs/libSDL2-2.0.0.dylib (0x14ceac890). This may cause spurious casting failures and mysterious crashes. One of the duplicates must be removed or renamed.
objc[29147]: Class SDLAppDelegate is implemented in both /Users/linmuyi/miniconda3/envs/llm_gs/lib/python3.9/site-packages/pygame/.dylibs/libSDL2-2.0.0.dylib (0x104809318) and /Users/linmuyi/miniconda3/envs/llm_gs/lib/python3.9/site-packages/cv2/.dylibs/libSDL2-2.0.0.dylib (0x14ceac8e0). This may cause spurious casting failures and mysterious crashes. One of the duplicates must be removed or renamed.
objc[29147]: Class SDLTranslatorResponder is implemented in both /Users/linmuyi/miniconda3/envs/llm_gs/lib/python3.9/site-packages/pygame/.dylibs/libSDL2-2.0.0.dylib (0x104809390) and /Users/linmuyi/miniconda3/envs/llm_gs/lib/python3.9/site-packages/cv2/.dylibs/libSDL2-2.0.0.dylib (0x14ceac958). This may cause spurious casting failures and mysterious crashes. One of the duplicates must be removed or renamed.
objc[29147]: Class SDLMessageBoxPresenter is implemented in both /Users/linmuyi/miniconda3/envs/llm_gs/lib/python3.9/site-packages/pygame/.dylibs/libSDL2-2.0.0.dylib (0x1048093b8) and /Users/linmuyi/miniconda3/envs/llm_gs/lib/python3.9/site-packages/cv2/.dylibs/libSDL2-2.0.0.dylib (0x14ceac980). This may cause spurious casting failures and mysterious crashes. One of the duplicates must be removed or renamed.
objc[29147]: Class SDL_cocoametalview is implemented in both /Users/linmuyi/miniconda3/envs/llm_gs/lib/python3.9/site-packages/pygame/.dylibs/libSDL2-2.0.0.dylib (0x104809408) and /Users/linmuyi/miniconda3/envs/llm_gs/lib/python3.9/site-packages/cv2/.dylibs/libSDL2-2.0.0.dylib (0x14ceac9d0). This may cause spurious casting failures and mysterious crashes. One of the duplicates must be removed or renamed.
objc[29147]: Class SDLOpenGLContext is implemented in both /Users/linmuyi/miniconda3/envs/llm_gs/lib/python3.9/site-packages/pygame/.dylibs/libSDL2-2.0.0.dylib (0x104809458) and /Users/linmuyi/miniconda3/envs/llm_gs/lib/python3.9/site-packages/cv2/.dylibs/libSDL2-2.0.0.dylib (0x14ceaca20). This may cause spurious casting failures and mysterious crashes. One of the duplicates must be removed or renamed.
objc[29147]: Class SDL_ShapeData is implemented in both /Users/linmuyi/miniconda3/envs/llm_gs/lib/python3.9/site-packages/pygame/.dylibs/libSDL2-2.0.0.dylib (0x1048094d0) and /Users/linmuyi/miniconda3/envs/llm_gs/lib/python3.9/site-packages/cv2/.dylibs/libSDL2-2.0.0.dylib (0x14ceaca98). This may cause spurious casting failures and mysterious crashes. One of the duplicates must be removed or renamed.
objc[29147]: Class SDL_CocoaClosure is implemented in both /Users/linmuyi/miniconda3/envs/llm_gs/lib/python3.9/site-packages/pygame/.dylibs/libSDL2-2.0.0.dylib (0x104809520) and /Users/linmuyi/miniconda3/envs/llm_gs/lib/python3.9/site-packages/cv2/.dylibs/libSDL2-2.0.0.dylib (0x14ceacae8). This may cause spurious casting failures and mysterious crashes. One of the duplicates must be removed or renamed.
objc[29147]: Class SDL_VideoData is implemented in both /Users/linmuyi/miniconda3/envs/llm_gs/lib/python3.9/site-packages/pygame/.dylibs/libSDL2-2.0.0.dylib (0x104809570) and /Users/linmuyi/miniconda3/envs/llm_gs/lib/python3.9/site-packages/cv2/.dylibs/libSDL2-2.0.0.dylib (0x14ceacb38). This may cause spurious casting failures and mysterious crashes. One of the duplicates must be removed or renamed.
objc[29147]: Class SDL_WindowData is implemented in both /Users/linmuyi/miniconda3/envs/llm_gs/lib/python3.9/site-packages/pygame/.dylibs/libSDL2-2.0.0.dylib (0x1048095c0) and /Users/linmuyi/miniconda3/envs/llm_gs/lib/python3.9/site-packages/cv2/.dylibs/libSDL2-2.0.0.dylib (0x14ceacb88). This may cause spurious casting failures and mysterious crashes. One of the duplicates must be removed or renamed.
objc[29147]: Class SDLWindow is implemented in both /Users/linmuyi/miniconda3/envs/llm_gs/lib/python3.9/site-packages/pygame/.dylibs/libSDL2-2.0.0.dylib (0x1048095e8) and /Users/linmuyi/miniconda3/envs/llm_gs/lib/python3.9/site-packages/cv2/.dylibs/libSDL2-2.0.0.dylib (0x14ceacbb0). This may cause spurious casting failures and mysterious crashes. One of the duplicates must be removed or renamed.
objc[29147]: Class Cocoa_WindowListener is implemented in both /Users/linmuyi/miniconda3/envs/llm_gs/lib/python3.9/site-packages/pygame/.dylibs/libSDL2-2.0.0.dylib (0x104809610) and /Users/linmuyi/miniconda3/envs/llm_gs/lib/python3.9/site-packages/cv2/.dylibs/libSDL2-2.0.0.dylib (0x14ceacbd8). This may cause spurious casting failures and mysterious crashes. One of the duplicates must be removed or renamed.
objc[29147]: Class SDLView is implemented in both /Users/linmuyi/miniconda3/envs/llm_gs/lib/python3.9/site-packages/pygame/.dylibs/libSDL2-2.0.0.dylib (0x104809688) and /Users/linmuyi/miniconda3/envs/llm_gs/lib/python3.9/site-packages/cv2/.dylibs/libSDL2-2.0.0.dylib (0x14ceacc50). This may cause spurious casting failures and mysterious crashes. One of the duplicates must be removed or renamed.
objc[29147]: Class METAL_RenderData is implemented in both /Users/linmuyi/miniconda3/envs/llm_gs/lib/python3.9/site-packages/pygame/.dylibs/libSDL2-2.0.0.dylib (0x104809700) and /Users/linmuyi/miniconda3/envs/llm_gs/lib/python3.9/site-packages/cv2/.dylibs/libSDL2-2.0.0.dylib (0x14ceaccc8). This may cause spurious casting failures and mysterious crashes. One of the duplicates must be removed or renamed.
objc[29147]: Class METAL_TextureData is implemented in both /Users/linmuyi/miniconda3/envs/llm_gs/lib/python3.9/site-packages/pygame/.dylibs/libSDL2-2.0.0.dylib (0x104809750) and /Users/linmuyi/miniconda3/envs/llm_gs/lib/python3.9/site-packages/cv2/.dylibs/libSDL2-2.0.0.dylib (0x14ceacd18). This may cause spurious casting failures and mysterious crashes. One of the duplicates must be removed or renamed.
objc[29147]: Class SDL_RumbleMotor is implemented in both /Users/linmuyi/miniconda3/envs/llm_gs/lib/python3.9/site-packages/pygame/.dylibs/libSDL2-2.0.0.dylib (0x104809778) and /Users/linmuyi/miniconda3/envs/llm_gs/lib/python3.9/site-packages/cv2/.dylibs/libSDL2-2.0.0.dylib (0x14ceacd40). This may cause spurious casting failures and mysterious crashes. One of the duplicates must be removed or renamed.
objc[29147]: Class SDL_RumbleContext is implemented in both /Users/linmuyi/miniconda3/envs/llm_gs/lib/python3.9/site-packages/pygame/.dylibs/libSDL2-2.0.0.dylib (0x1048097c8) and /Users/linmuyi/miniconda3/envs/llm_gs/lib/python3.9/site-packages/cv2/.dylibs/libSDL2-2.0.0.dylib (0x14ceacd90). This may cause spurious casting failures and mysterious crashes. One of the duplicates must be removed or renamed.
[grader] 1500000 steps, 30 checkpoints, curriculum

  steps=  50000  held=0.00  gate=0.00  bins=1/3  active= 30  (44s)
  steps= 100000  held=0.02  gate=0.06  bins=1/3  active= 30  (74s)
  steps= 150000  held=0.08  gate=0.26  bins=1/3  active= 30  (117s)
  steps= 200000  held=0.16  gate=0.17  bins=1/3  active= 30  (164s)
  steps= 250000  held=0.17  gate=0.43  bins=1/3  active= 30  (210s)
  steps= 300000  held=0.16  gate=0.28  bins=1/3  active= 30  (247s)
  steps= 350000  held=0.19  gate=0.40  bins=1/3  active= 30  (281s)
  steps= 400000  held=0.28  gate=0.54  bins=2/3  active= 60  [UNLOCK:deadline]  (326s)
  steps= 450000  held=0.25  gate=0.21  bins=2/3  active= 60  (387s)
  steps= 500000  held=0.50  gate=0.64  bins=3/3  active= 90  [UNLOCK:gate]  (432s)
  steps= 550000  held=0.39  gate=0.39  bins=3/3  active= 90  (478s)
  steps= 600000  held=0.23  gate=0.23  bins=3/3  active= 90  (525s)
  steps= 650000  held=0.06  gate=0.06  bins=3/3  active= 90  (577s)
  steps= 700000  held=0.04  gate=0.04  bins=3/3  active= 90  (622s)
  steps= 750000  held=0.00  gate=0.00  bins=3/3  active= 90  (674s)
  steps= 800000  held=0.01  gate=0.01  bins=3/3  active= 90  (720s)
  steps= 850000  held=0.03  gate=0.03  bins=3/3  active= 90  (768s)
  steps= 900000  held=0.12  gate=0.12  bins=3/3  active= 90  (816s)
  steps= 950000  held=0.06  gate=0.06  bins=3/3  active= 90  (859s)
  steps=1000000  held=0.00  gate=0.00  bins=3/3  active= 90  (913s)
  steps=1050000  held=0.04  gate=0.04  bins=3/3  active= 90  (966s)
  steps=1100000  held=0.05  gate=0.05  bins=3/3  active= 90  (1012s)
  steps=1150000  held=0.06  gate=0.06  bins=3/3  active= 90  (1064s)
  steps=1200000  held=0.15  gate=0.15  bins=3/3  active= 90  (1108s)
  steps=1250000  held=0.07  gate=0.07  bins=3/3  active= 90  (1151s)
  steps=1300000  held=0.08  gate=0.08  bins=3/3  active= 90  (1196s)
  steps=1350000  held=0.11  gate=0.11  bins=3/3  active= 90  (1242s)
  steps=1400000  held=0.09  gate=0.09  bins=3/3  active= 90  (1292s)
  steps=1450000  held=0.44  gate=0.44  bins=3/3  active= 90  (1332s)
  steps=1500000  held=0.21  gate=0.21  bins=3/3  active= 90  (1379s)

[grader] DONE  final held=0.21  steps_to_0.3=500,000  wall=1379s  -> grader_seed20.json
[grader] per-cell held: s9N1=0.25  s9N2=0.25  s9N3=0.00  s13N1=0.62  s13N2=0.00  s13N3=0.00  s17N1=0.25  s17N2=0.50  s17N3=0.00
