[rivers_only] train=90 layouts  held-out=36 layouts
objc[14133]: Class SDLApplication is implemented in both /Users/linmuyi/miniconda3/envs/llm_gs/lib/python3.9/site-packages/pygame/.dylibs/libSDL2-2.0.0.dylib (0x10914d2c8) and /Users/linmuyi/miniconda3/envs/llm_gs/lib/python3.9/site-packages/cv2/.dylibs/libSDL2-2.0.0.dylib (0x16a4f4890). This may cause spurious casting failures and mysterious crashes. One of the duplicates must be removed or renamed.
objc[14133]: Class SDLAppDelegate is implemented in both /Users/linmuyi/miniconda3/envs/llm_gs/lib/python3.9/site-packages/pygame/.dylibs/libSDL2-2.0.0.dylib (0x10914d318) and /Users/linmuyi/miniconda3/envs/llm_gs/lib/python3.9/site-packages/cv2/.dylibs/libSDL2-2.0.0.dylib (0x16a4f48e0). This may cause spurious casting failures and mysterious crashes. One of the duplicates must be removed or renamed.
objc[14133]: Class SDLTranslatorResponder is implemented in both /Users/linmuyi/miniconda3/envs/llm_gs/lib/python3.9/site-packages/pygame/.dylibs/libSDL2-2.0.0.dylib (0x10914d390) and /Users/linmuyi/miniconda3/envs/llm_gs/lib/python3.9/site-packages/cv2/.dylibs/libSDL2-2.0.0.dylib (0x16a4f4958). This may cause spurious casting failures and mysterious crashes. One of the duplicates must be removed or renamed.
objc[14133]: Class SDLMessageBoxPresenter is implemented in both /Users/linmuyi/miniconda3/envs/llm_gs/lib/python3.9/site-packages/pygame/.dylibs/libSDL2-2.0.0.dylib (0x10914d3b8) and /Users/linmuyi/miniconda3/envs/llm_gs/lib/python3.9/site-packages/cv2/.dylibs/libSDL2-2.0.0.dylib (0x16a4f4980). This may cause spurious casting failures and mysterious crashes. One of the duplicates must be removed or renamed.
objc[14133]: Class SDL_cocoametalview is implemented in both /Users/linmuyi/miniconda3/envs/llm_gs/lib/python3.9/site-packages/pygame/.dylibs/libSDL2-2.0.0.dylib (0x10914d408) and /Users/linmuyi/miniconda3/envs/llm_gs/lib/python3.9/site-packages/cv2/.dylibs/libSDL2-2.0.0.dylib (0x16a4f49d0). This may cause spurious casting failures and mysterious crashes. One of the duplicates must be removed or renamed.
objc[14133]: Class SDLOpenGLContext is implemented in both /Users/linmuyi/miniconda3/envs/llm_gs/lib/python3.9/site-packages/pygame/.dylibs/libSDL2-2.0.0.dylib (0x10914d458) and /Users/linmuyi/miniconda3/envs/llm_gs/lib/python3.9/site-packages/cv2/.dylibs/libSDL2-2.0.0.dylib (0x16a4f4a20). This may cause spurious casting failures and mysterious crashes. One of the duplicates must be removed or renamed.
objc[14133]: Class SDL_ShapeData is implemented in both /Users/linmuyi/miniconda3/envs/llm_gs/lib/python3.9/site-packages/pygame/.dylibs/libSDL2-2.0.0.dylib (0x10914d4d0) and /Users/linmuyi/miniconda3/envs/llm_gs/lib/python3.9/site-packages/cv2/.dylibs/libSDL2-2.0.0.dylib (0x16a4f4a98). This may cause spurious casting failures and mysterious crashes. One of the duplicates must be removed or renamed.
objc[14133]: Class SDL_CocoaClosure is implemented in both /Users/linmuyi/miniconda3/envs/llm_gs/lib/python3.9/site-packages/pygame/.dylibs/libSDL2-2.0.0.dylib (0x10914d520) and /Users/linmuyi/miniconda3/envs/llm_gs/lib/python3.9/site-packages/cv2/.dylibs/libSDL2-2.0.0.dylib (0x16a4f4ae8). This may cause spurious casting failures and mysterious crashes. One of the duplicates must be removed or renamed.
objc[14133]: Class SDL_VideoData is implemented in both /Users/linmuyi/miniconda3/envs/llm_gs/lib/python3.9/site-packages/pygame/.dylibs/libSDL2-2.0.0.dylib (0x10914d570) and /Users/linmuyi/miniconda3/envs/llm_gs/lib/python3.9/site-packages/cv2/.dylibs/libSDL2-2.0.0.dylib (0x16a4f4b38). This may cause spurious casting failures and mysterious crashes. One of the duplicates must be removed or renamed.
objc[14133]: Class SDL_WindowData is implemented in both /Users/linmuyi/miniconda3/envs/llm_gs/lib/python3.9/site-packages/pygame/.dylibs/libSDL2-2.0.0.dylib (0x10914d5c0) and /Users/linmuyi/miniconda3/envs/llm_gs/lib/python3.9/site-packages/cv2/.dylibs/libSDL2-2.0.0.dylib (0x16a4f4b88). This may cause spurious casting failures and mysterious crashes. One of the duplicates must be removed or renamed.
objc[14133]: Class SDLWindow is implemented in both /Users/linmuyi/miniconda3/envs/llm_gs/lib/python3.9/site-packages/pygame/.dylibs/libSDL2-2.0.0.dylib (0x10914d5e8) and /Users/linmuyi/miniconda3/envs/llm_gs/lib/python3.9/site-packages/cv2/.dylibs/libSDL2-2.0.0.dylib (0x16a4f4bb0). This may cause spurious casting failures and mysterious crashes. One of the duplicates must be removed or renamed.
objc[14133]: Class Cocoa_WindowListener is implemented in both /Users/linmuyi/miniconda3/envs/llm_gs/lib/python3.9/site-packages/pygame/.dylibs/libSDL2-2.0.0.dylib (0x10914d610) and /Users/linmuyi/miniconda3/envs/llm_gs/lib/python3.9/site-packages/cv2/.dylibs/libSDL2-2.0.0.dylib (0x16a4f4bd8). This may cause spurious casting failures and mysterious crashes. One of the duplicates must be removed or renamed.
objc[14133]: Class SDLView is implemented in both /Users/linmuyi/miniconda3/envs/llm_gs/lib/python3.9/site-packages/pygame/.dylibs/libSDL2-2.0.0.dylib (0x10914d688) and /Users/linmuyi/miniconda3/envs/llm_gs/lib/python3.9/site-packages/cv2/.dylibs/libSDL2-2.0.0.dylib (0x16a4f4c50). This may cause spurious casting failures and mysterious crashes. One of the duplicates must be removed or renamed.
objc[14133]: Class METAL_RenderData is implemented in both /Users/linmuyi/miniconda3/envs/llm_gs/lib/python3.9/site-packages/pygame/.dylibs/libSDL2-2.0.0.dylib (0x10914d700) and /Users/linmuyi/miniconda3/envs/llm_gs/lib/python3.9/site-packages/cv2/.dylibs/libSDL2-2.0.0.dylib (0x16a4f4cc8). This may cause spurious casting failures and mysterious crashes. One of the duplicates must be removed or renamed.
objc[14133]: Class METAL_TextureData is implemented in both /Users/linmuyi/miniconda3/envs/llm_gs/lib/python3.9/site-packages/pygame/.dylibs/libSDL2-2.0.0.dylib (0x10914d750) and /Users/linmuyi/miniconda3/envs/llm_gs/lib/python3.9/site-packages/cv2/.dylibs/libSDL2-2.0.0.dylib (0x16a4f4d18). This may cause spurious casting failures and mysterious crashes. One of the duplicates must be removed or renamed.
objc[14133]: Class SDL_RumbleMotor is implemented in both /Users/linmuyi/miniconda3/envs/llm_gs/lib/python3.9/site-packages/pygame/.dylibs/libSDL2-2.0.0.dylib (0x10914d778) and /Users/linmuyi/miniconda3/envs/llm_gs/lib/python3.9/site-packages/cv2/.dylibs/libSDL2-2.0.0.dylib (0x16a4f4d40). This may cause spurious casting failures and mysterious crashes. One of the duplicates must be removed or renamed.
objc[14133]: Class SDL_RumbleContext is implemented in both /Users/linmuyi/miniconda3/envs/llm_gs/lib/python3.9/site-packages/pygame/.dylibs/libSDL2-2.0.0.dylib (0x10914d7c8) and /Users/linmuyi/miniconda3/envs/llm_gs/lib/python3.9/site-packages/cv2/.dylibs/libSDL2-2.0.0.dylib (0x16a4f4d90). This may cause spurious casting failures and mysterious crashes. One of the duplicates must be removed or renamed.
[rivers_only] 1500000 steps, 30 checkpoints, curriculum

  steps=  50000  held=0.01  gate=0.00  bins=1/3  active= 30  (31s)
  steps= 100000  held=0.01  gate=0.01  bins=1/3  active= 30  (59s)
  steps= 150000  held=0.05  gate=0.15  bins=1/3  active= 30  (90s)
  steps= 200000  held=0.04  gate=0.11  bins=1/3  active= 30  (130s)
  steps= 250000  held=0.03  gate=0.21  bins=1/3  active= 30  (178s)
  steps= 300000  held=0.03  gate=0.11  bins=1/3  active= 30  (227s)
  steps= 350000  held=0.02  gate=0.17  bins=1/3  active= 30  (276s)
  steps= 400000  held=0.04  gate=0.11  bins=2/3  active= 60  [UNLOCK:deadline]  (324s)
  steps= 450000  held=0.01  gate=0.10  bins=2/3  active= 60  (378s)
  steps= 500000  held=0.03  gate=0.01  bins=2/3  active= 60  (443s)
  steps= 550000  held=0.03  gate=0.11  bins=2/3  active= 60  (499s)
  steps= 600000  held=0.03  gate=0.17  bins=2/3  active= 60  (559s)
  steps= 650000  held=0.03  gate=0.06  bins=2/3  active= 60  (600s)
  steps= 700000  held=0.03  gate=0.01  bins=2/3  active= 60  (660s)
  steps= 750000  held=0.04  gate=0.03  bins=2/3  active= 60  (718s)
  steps= 800000  held=0.10  gate=0.06  bins=3/3  active= 90  [UNLOCK:deadline]  (777s)
  steps= 850000  held=0.06  gate=0.06  bins=3/3  active= 90  (808s)
  steps= 900000  held=0.10  gate=0.10  bins=3/3  active= 90  (835s)
  steps= 950000  held=0.07  gate=0.07  bins=3/3  active= 90  (870s)
  steps=1000000  held=0.14  gate=0.14  bins=3/3  active= 90  (901s)
  steps=1050000  held=0.09  gate=0.09  bins=3/3  active= 90  (938s)
  steps=1100000  held=0.05  gate=0.05  bins=3/3  active= 90  (988s)
  steps=1150000  held=0.03  gate=0.03  bins=3/3  active= 90  (1032s)
  steps=1200000  held=0.08  gate=0.08  bins=3/3  active= 90  (1077s)
  steps=1250000  held=0.01  gate=0.01  bins=3/3  active= 90  (1125s)
  steps=1300000  held=0.00  gate=0.00  bins=3/3  active= 90  (1175s)
  steps=1350000  held=0.01  gate=0.01  bins=3/3  active= 90  (1223s)
  steps=1400000  held=0.01  gate=0.01  bins=3/3  active= 90  (1272s)
  steps=1450000  held=0.00  gate=0.00  bins=3/3  active= 90  (1323s)
  steps=1500000  held=0.01  gate=0.01  bins=3/3  active= 90  (1374s)

[rivers_only] DONE  final held=0.01  steps_to_0.3=NOT REACHED  wall=1374s  -> rivers_only_seed32.json
[rivers_only] per-cell held: s9N1=0.12  s9N2=0.00  s9N3=0.00  s13N1=0.00  s13N2=0.00  s13N3=0.00  s17N1=0.00  s17N2=0.00  s17N3=0.00
