[rivers_only] train=90 layouts  held-out=36 layouts
objc[19662]: Class SDLApplication is implemented in both /Users/linmuyi/miniconda3/envs/llm_gs/lib/python3.9/site-packages/pygame/.dylibs/libSDL2-2.0.0.dylib (0x10759d2c8) and /Users/linmuyi/miniconda3/envs/llm_gs/lib/python3.9/site-packages/cv2/.dylibs/libSDL2-2.0.0.dylib (0x142ef4890). This may cause spurious casting failures and mysterious crashes. One of the duplicates must be removed or renamed.
objc[19662]: Class SDLAppDelegate is implemented in both /Users/linmuyi/miniconda3/envs/llm_gs/lib/python3.9/site-packages/pygame/.dylibs/libSDL2-2.0.0.dylib (0x10759d318) and /Users/linmuyi/miniconda3/envs/llm_gs/lib/python3.9/site-packages/cv2/.dylibs/libSDL2-2.0.0.dylib (0x142ef48e0). This may cause spurious casting failures and mysterious crashes. One of the duplicates must be removed or renamed.
objc[19662]: Class SDLTranslatorResponder is implemented in both /Users/linmuyi/miniconda3/envs/llm_gs/lib/python3.9/site-packages/pygame/.dylibs/libSDL2-2.0.0.dylib (0x10759d390) and /Users/linmuyi/miniconda3/envs/llm_gs/lib/python3.9/site-packages/cv2/.dylibs/libSDL2-2.0.0.dylib (0x142ef4958). This may cause spurious casting failures and mysterious crashes. One of the duplicates must be removed or renamed.
objc[19662]: Class SDLMessageBoxPresenter is implemented in both /Users/linmuyi/miniconda3/envs/llm_gs/lib/python3.9/site-packages/pygame/.dylibs/libSDL2-2.0.0.dylib (0x10759d3b8) and /Users/linmuyi/miniconda3/envs/llm_gs/lib/python3.9/site-packages/cv2/.dylibs/libSDL2-2.0.0.dylib (0x142ef4980). This may cause spurious casting failures and mysterious crashes. One of the duplicates must be removed or renamed.
objc[19662]: Class SDL_cocoametalview is implemented in both /Users/linmuyi/miniconda3/envs/llm_gs/lib/python3.9/site-packages/pygame/.dylibs/libSDL2-2.0.0.dylib (0x10759d408) and /Users/linmuyi/miniconda3/envs/llm_gs/lib/python3.9/site-packages/cv2/.dylibs/libSDL2-2.0.0.dylib (0x142ef49d0). This may cause spurious casting failures and mysterious crashes. One of the duplicates must be removed or renamed.
objc[19662]: Class SDLOpenGLContext is implemented in both /Users/linmuyi/miniconda3/envs/llm_gs/lib/python3.9/site-packages/pygame/.dylibs/libSDL2-2.0.0.dylib (0x10759d458) and /Users/linmuyi/miniconda3/envs/llm_gs/lib/python3.9/site-packages/cv2/.dylibs/libSDL2-2.0.0.dylib (0x142ef4a20). This may cause spurious casting failures and mysterious crashes. One of the duplicates must be removed or renamed.
objc[19662]: Class SDL_ShapeData is implemented in both /Users/linmuyi/miniconda3/envs/llm_gs/lib/python3.9/site-packages/pygame/.dylibs/libSDL2-2.0.0.dylib (0x10759d4d0) and /Users/linmuyi/miniconda3/envs/llm_gs/lib/python3.9/site-packages/cv2/.dylibs/libSDL2-2.0.0.dylib (0x142ef4a98). This may cause spurious casting failures and mysterious crashes. One of the duplicates must be removed or renamed.
objc[19662]: Class SDL_CocoaClosure is implemented in both /Users/linmuyi/miniconda3/envs/llm_gs/lib/python3.9/site-packages/pygame/.dylibs/libSDL2-2.0.0.dylib (0x10759d520) and /Users/linmuyi/miniconda3/envs/llm_gs/lib/python3.9/site-packages/cv2/.dylibs/libSDL2-2.0.0.dylib (0x142ef4ae8). This may cause spurious casting failures and mysterious crashes. One of the duplicates must be removed or renamed.
objc[19662]: Class SDL_VideoData is implemented in both /Users/linmuyi/miniconda3/envs/llm_gs/lib/python3.9/site-packages/pygame/.dylibs/libSDL2-2.0.0.dylib (0x10759d570) and /Users/linmuyi/miniconda3/envs/llm_gs/lib/python3.9/site-packages/cv2/.dylibs/libSDL2-2.0.0.dylib (0x142ef4b38). This may cause spurious casting failures and mysterious crashes. One of the duplicates must be removed or renamed.
objc[19662]: Class SDL_WindowData is implemented in both /Users/linmuyi/miniconda3/envs/llm_gs/lib/python3.9/site-packages/pygame/.dylibs/libSDL2-2.0.0.dylib (0x10759d5c0) and /Users/linmuyi/miniconda3/envs/llm_gs/lib/python3.9/site-packages/cv2/.dylibs/libSDL2-2.0.0.dylib (0x142ef4b88). This may cause spurious casting failures and mysterious crashes. One of the duplicates must be removed or renamed.
objc[19662]: Class SDLWindow is implemented in both /Users/linmuyi/miniconda3/envs/llm_gs/lib/python3.9/site-packages/pygame/.dylibs/libSDL2-2.0.0.dylib (0x10759d5e8) and /Users/linmuyi/miniconda3/envs/llm_gs/lib/python3.9/site-packages/cv2/.dylibs/libSDL2-2.0.0.dylib (0x142ef4bb0). This may cause spurious casting failures and mysterious crashes. One of the duplicates must be removed or renamed.
objc[19662]: Class Cocoa_WindowListener is implemented in both /Users/linmuyi/miniconda3/envs/llm_gs/lib/python3.9/site-packages/pygame/.dylibs/libSDL2-2.0.0.dylib (0x10759d610) and /Users/linmuyi/miniconda3/envs/llm_gs/lib/python3.9/site-packages/cv2/.dylibs/libSDL2-2.0.0.dylib (0x142ef4bd8). This may cause spurious casting failures and mysterious crashes. One of the duplicates must be removed or renamed.
objc[19662]: Class SDLView is implemented in both /Users/linmuyi/miniconda3/envs/llm_gs/lib/python3.9/site-packages/pygame/.dylibs/libSDL2-2.0.0.dylib (0x10759d688) and /Users/linmuyi/miniconda3/envs/llm_gs/lib/python3.9/site-packages/cv2/.dylibs/libSDL2-2.0.0.dylib (0x142ef4c50). This may cause spurious casting failures and mysterious crashes. One of the duplicates must be removed or renamed.
objc[19662]: Class METAL_RenderData is implemented in both /Users/linmuyi/miniconda3/envs/llm_gs/lib/python3.9/site-packages/pygame/.dylibs/libSDL2-2.0.0.dylib (0x10759d700) and /Users/linmuyi/miniconda3/envs/llm_gs/lib/python3.9/site-packages/cv2/.dylibs/libSDL2-2.0.0.dylib (0x142ef4cc8). This may cause spurious casting failures and mysterious crashes. One of the duplicates must be removed or renamed.
objc[19662]: Class METAL_TextureData is implemented in both /Users/linmuyi/miniconda3/envs/llm_gs/lib/python3.9/site-packages/pygame/.dylibs/libSDL2-2.0.0.dylib (0x10759d750) and /Users/linmuyi/miniconda3/envs/llm_gs/lib/python3.9/site-packages/cv2/.dylibs/libSDL2-2.0.0.dylib (0x142ef4d18). This may cause spurious casting failures and mysterious crashes. One of the duplicates must be removed or renamed.
objc[19662]: Class SDL_RumbleMotor is implemented in both /Users/linmuyi/miniconda3/envs/llm_gs/lib/python3.9/site-packages/pygame/.dylibs/libSDL2-2.0.0.dylib (0x10759d778) and /Users/linmuyi/miniconda3/envs/llm_gs/lib/python3.9/site-packages/cv2/.dylibs/libSDL2-2.0.0.dylib (0x142ef4d40). This may cause spurious casting failures and mysterious crashes. One of the duplicates must be removed or renamed.
objc[19662]: Class SDL_RumbleContext is implemented in both /Users/linmuyi/miniconda3/envs/llm_gs/lib/python3.9/site-packages/pygame/.dylibs/libSDL2-2.0.0.dylib (0x10759d7c8) and /Users/linmuyi/miniconda3/envs/llm_gs/lib/python3.9/site-packages/cv2/.dylibs/libSDL2-2.0.0.dylib (0x142ef4d90). This may cause spurious casting failures and mysterious crashes. One of the duplicates must be removed or renamed.
[rivers_only] 1500000 steps, 30 checkpoints, curriculum

  steps=  50000  held=0.01  gate=0.01  bins=1/3  active= 30  (41s)
  steps= 100000  held=0.00  gate=0.00  bins=1/3  active= 30  (85s)
  steps= 150000  held=0.00  gate=0.00  bins=1/3  active= 30  (122s)
  steps= 200000  held=0.01  gate=0.04  bins=1/3  active= 30  (169s)
  steps= 250000  held=0.00  gate=0.00  bins=1/3  active= 30  (224s)
  steps= 300000  held=0.01  gate=0.04  bins=1/3  active= 30  (268s)
  steps= 350000  held=0.00  gate=0.01  bins=1/3  active= 30  (323s)
  steps= 400000  held=0.00  gate=0.08  bins=2/3  active= 60  [UNLOCK:deadline]  (377s)
  steps= 450000  held=0.02  gate=0.03  bins=2/3  active= 60  (431s)
  steps= 500000  held=0.00  gate=0.00  bins=2/3  active= 60  (492s)
  steps= 550000  held=0.00  gate=0.00  bins=2/3  active= 60  (548s)
  steps= 600000  held=0.00  gate=0.00  bins=2/3  active= 60  (612s)
  steps= 650000  held=0.00  gate=0.00  bins=2/3  active= 60  (666s)
  steps= 700000  held=0.00  gate=0.00  bins=2/3  active= 60  (722s)
  steps= 750000  held=0.00  gate=0.00  bins=2/3  active= 60  (770s)
  steps= 800000  held=0.00  gate=0.00  bins=3/3  active= 90  [UNLOCK:deadline]  (807s)
  steps= 850000  held=0.01  gate=0.01  bins=3/3  active= 90  (846s)
  steps= 900000  held=0.02  gate=0.02  bins=3/3  active= 90  (881s)
  steps= 950000  held=0.07  gate=0.07  bins=3/3  active= 90  (921s)
  steps=1000000  held=0.01  gate=0.01  bins=3/3  active= 90  (968s)
  steps=1050000  held=0.06  gate=0.06  bins=3/3  active= 90  (1015s)
  steps=1100000  held=0.01  gate=0.01  bins=3/3  active= 90  (1062s)
  steps=1150000  held=0.03  gate=0.03  bins=3/3  active= 90  (1109s)
  steps=1200000  held=0.02  gate=0.02  bins=3/3  active= 90  (1148s)
  steps=1250000  held=0.01  gate=0.01  bins=3/3  active= 90  (1194s)
  steps=1300000  held=0.04  gate=0.04  bins=3/3  active= 90  (1237s)
  steps=1350000  held=0.00  gate=0.00  bins=3/3  active= 90  (1286s)
  steps=1400000  held=0.01  gate=0.01  bins=3/3  active= 90  (1332s)
  steps=1450000  held=0.00  gate=0.00  bins=3/3  active= 90  (1384s)
  steps=1500000  held=0.00  gate=0.00  bins=3/3  active= 90  (1437s)

[rivers_only] DONE  final held=0.00  steps_to_0.3=NOT REACHED  wall=1437s  -> rivers_only_seed33.json
[rivers_only] per-cell held: s9N1=0.00  s9N2=0.00  s9N3=0.00  s13N1=0.00  s13N2=0.00  s13N3=0.00  s17N1=0.00  s17N2=0.00  s17N3=0.00
