[size_order] train=90 layouts  held-out=36 layouts
objc[86199]: Class SDLApplication is implemented in both /Users/linmuyi/miniconda3/envs/llm_gs/lib/python3.9/site-packages/pygame/.dylibs/libSDL2-2.0.0.dylib (0x10c5952c8) and /Users/linmuyi/miniconda3/envs/llm_gs/lib/python3.9/site-packages/cv2/.dylibs/libSDL2-2.0.0.dylib (0x146cbc890). This may cause spurious casting failures and mysterious crashes. One of the duplicates must be removed or renamed.
objc[86199]: Class SDLAppDelegate is implemented in both /Users/linmuyi/miniconda3/envs/llm_gs/lib/python3.9/site-packages/pygame/.dylibs/libSDL2-2.0.0.dylib (0x10c595318) and /Users/linmuyi/miniconda3/envs/llm_gs/lib/python3.9/site-packages/cv2/.dylibs/libSDL2-2.0.0.dylib (0x146cbc8e0). This may cause spurious casting failures and mysterious crashes. One of the duplicates must be removed or renamed.
objc[86199]: Class SDLTranslatorResponder is implemented in both /Users/linmuyi/miniconda3/envs/llm_gs/lib/python3.9/site-packages/pygame/.dylibs/libSDL2-2.0.0.dylib (0x10c595390) and /Users/linmuyi/miniconda3/envs/llm_gs/lib/python3.9/site-packages/cv2/.dylibs/libSDL2-2.0.0.dylib (0x146cbc958). This may cause spurious casting failures and mysterious crashes. One of the duplicates must be removed or renamed.
objc[86199]: Class SDLMessageBoxPresenter is implemented in both /Users/linmuyi/miniconda3/envs/llm_gs/lib/python3.9/site-packages/pygame/.dylibs/libSDL2-2.0.0.dylib (0x10c5953b8) and /Users/linmuyi/miniconda3/envs/llm_gs/lib/python3.9/site-packages/cv2/.dylibs/libSDL2-2.0.0.dylib (0x146cbc980). This may cause spurious casting failures and mysterious crashes. One of the duplicates must be removed or renamed.
objc[86199]: Class SDL_cocoametalview is implemented in both /Users/linmuyi/miniconda3/envs/llm_gs/lib/python3.9/site-packages/pygame/.dylibs/libSDL2-2.0.0.dylib (0x10c595408) and /Users/linmuyi/miniconda3/envs/llm_gs/lib/python3.9/site-packages/cv2/.dylibs/libSDL2-2.0.0.dylib (0x146cbc9d0). This may cause spurious casting failures and mysterious crashes. One of the duplicates must be removed or renamed.
objc[86199]: Class SDLOpenGLContext is implemented in both /Users/linmuyi/miniconda3/envs/llm_gs/lib/python3.9/site-packages/pygame/.dylibs/libSDL2-2.0.0.dylib (0x10c595458) and /Users/linmuyi/miniconda3/envs/llm_gs/lib/python3.9/site-packages/cv2/.dylibs/libSDL2-2.0.0.dylib (0x146cbca20). This may cause spurious casting failures and mysterious crashes. One of the duplicates must be removed or renamed.
objc[86199]: Class SDL_ShapeData is implemented in both /Users/linmuyi/miniconda3/envs/llm_gs/lib/python3.9/site-packages/pygame/.dylibs/libSDL2-2.0.0.dylib (0x10c5954d0) and /Users/linmuyi/miniconda3/envs/llm_gs/lib/python3.9/site-packages/cv2/.dylibs/libSDL2-2.0.0.dylib (0x146cbca98). This may cause spurious casting failures and mysterious crashes. One of the duplicates must be removed or renamed.
objc[86199]: Class SDL_CocoaClosure is implemented in both /Users/linmuyi/miniconda3/envs/llm_gs/lib/python3.9/site-packages/pygame/.dylibs/libSDL2-2.0.0.dylib (0x10c595520) and /Users/linmuyi/miniconda3/envs/llm_gs/lib/python3.9/site-packages/cv2/.dylibs/libSDL2-2.0.0.dylib (0x146cbcae8). This may cause spurious casting failures and mysterious crashes. One of the duplicates must be removed or renamed.
objc[86199]: Class SDL_VideoData is implemented in both /Users/linmuyi/miniconda3/envs/llm_gs/lib/python3.9/site-packages/pygame/.dylibs/libSDL2-2.0.0.dylib (0x10c595570) and /Users/linmuyi/miniconda3/envs/llm_gs/lib/python3.9/site-packages/cv2/.dylibs/libSDL2-2.0.0.dylib (0x146cbcb38). This may cause spurious casting failures and mysterious crashes. One of the duplicates must be removed or renamed.
objc[86199]: Class SDL_WindowData is implemented in both /Users/linmuyi/miniconda3/envs/llm_gs/lib/python3.9/site-packages/pygame/.dylibs/libSDL2-2.0.0.dylib (0x10c5955c0) and /Users/linmuyi/miniconda3/envs/llm_gs/lib/python3.9/site-packages/cv2/.dylibs/libSDL2-2.0.0.dylib (0x146cbcb88). This may cause spurious casting failures and mysterious crashes. One of the duplicates must be removed or renamed.
objc[86199]: Class SDLWindow is implemented in both /Users/linmuyi/miniconda3/envs/llm_gs/lib/python3.9/site-packages/pygame/.dylibs/libSDL2-2.0.0.dylib (0x10c5955e8) and /Users/linmuyi/miniconda3/envs/llm_gs/lib/python3.9/site-packages/cv2/.dylibs/libSDL2-2.0.0.dylib (0x146cbcbb0). This may cause spurious casting failures and mysterious crashes. One of the duplicates must be removed or renamed.
objc[86199]: Class Cocoa_WindowListener is implemented in both /Users/linmuyi/miniconda3/envs/llm_gs/lib/python3.9/site-packages/pygame/.dylibs/libSDL2-2.0.0.dylib (0x10c595610) and /Users/linmuyi/miniconda3/envs/llm_gs/lib/python3.9/site-packages/cv2/.dylibs/libSDL2-2.0.0.dylib (0x146cbcbd8). This may cause spurious casting failures and mysterious crashes. One of the duplicates must be removed or renamed.
objc[86199]: Class SDLView is implemented in both /Users/linmuyi/miniconda3/envs/llm_gs/lib/python3.9/site-packages/pygame/.dylibs/libSDL2-2.0.0.dylib (0x10c595688) and /Users/linmuyi/miniconda3/envs/llm_gs/lib/python3.9/site-packages/cv2/.dylibs/libSDL2-2.0.0.dylib (0x146cbcc50). This may cause spurious casting failures and mysterious crashes. One of the duplicates must be removed or renamed.
objc[86199]: Class METAL_RenderData is implemented in both /Users/linmuyi/miniconda3/envs/llm_gs/lib/python3.9/site-packages/pygame/.dylibs/libSDL2-2.0.0.dylib (0x10c595700) and /Users/linmuyi/miniconda3/envs/llm_gs/lib/python3.9/site-packages/cv2/.dylibs/libSDL2-2.0.0.dylib (0x146cbccc8). This may cause spurious casting failures and mysterious crashes. One of the duplicates must be removed or renamed.
objc[86199]: Class METAL_TextureData is implemented in both /Users/linmuyi/miniconda3/envs/llm_gs/lib/python3.9/site-packages/pygame/.dylibs/libSDL2-2.0.0.dylib (0x10c595750) and /Users/linmuyi/miniconda3/envs/llm_gs/lib/python3.9/site-packages/cv2/.dylibs/libSDL2-2.0.0.dylib (0x146cbcd18). This may cause spurious casting failures and mysterious crashes. One of the duplicates must be removed or renamed.
objc[86199]: Class SDL_RumbleMotor is implemented in both /Users/linmuyi/miniconda3/envs/llm_gs/lib/python3.9/site-packages/pygame/.dylibs/libSDL2-2.0.0.dylib (0x10c595778) and /Users/linmuyi/miniconda3/envs/llm_gs/lib/python3.9/site-packages/cv2/.dylibs/libSDL2-2.0.0.dylib (0x146cbcd40). This may cause spurious casting failures and mysterious crashes. One of the duplicates must be removed or renamed.
objc[86199]: Class SDL_RumbleContext is implemented in both /Users/linmuyi/miniconda3/envs/llm_gs/lib/python3.9/site-packages/pygame/.dylibs/libSDL2-2.0.0.dylib (0x10c5957c8) and /Users/linmuyi/miniconda3/envs/llm_gs/lib/python3.9/site-packages/cv2/.dylibs/libSDL2-2.0.0.dylib (0x146cbcd90). This may cause spurious casting failures and mysterious crashes. One of the duplicates must be removed or renamed.
[size_order] 1500000 steps, 30 checkpoints, curriculum

  steps=  50000  held=0.00  gate=0.00  bins=1/3  active= 30  (46s)
  steps= 100000  held=0.00  gate=0.00  bins=1/3  active= 30  (101s)
  steps= 150000  held=0.06  gate=0.11  bins=1/3  active= 30  (146s)
  steps= 200000  held=0.10  gate=0.06  bins=1/3  active= 30  (198s)
  steps= 250000  held=0.14  gate=0.25  bins=1/3  active= 30  (231s)
  steps= 300000  held=0.14  gate=0.17  bins=1/3  active= 30  (266s)
  steps= 350000  held=0.14  gate=0.28  bins=1/3  active= 30  (307s)
  steps= 400000  held=0.14  gate=0.17  bins=2/3  active= 60  [UNLOCK:deadline]  (361s)
  steps= 450000  held=0.07  gate=0.01  bins=2/3  active= 60  (426s)
  steps= 500000  held=0.06  gate=0.15  bins=2/3  active= 60  (468s)
  steps= 550000  held=0.05  gate=0.11  bins=2/3  active= 60  (528s)
  steps= 600000  held=0.02  gate=0.03  bins=2/3  active= 60  (588s)
  steps= 650000  held=0.03  gate=0.04  bins=2/3  active= 60  (652s)
  steps= 700000  held=0.03  gate=0.03  bins=2/3  active= 60  (707s)
  steps= 750000  held=0.03  gate=0.07  bins=2/3  active= 60  (765s)
  steps= 800000  held=0.13  gate=0.07  bins=3/3  active= 90  [UNLOCK:deadline]  (855s)
  steps= 850000  held=0.00  gate=0.00  bins=3/3  active= 90  (920s)
  steps= 900000  held=0.01  gate=0.01  bins=3/3  active= 90  (970s)
  steps= 950000  held=0.00  gate=0.00  bins=3/3  active= 90  (1020s)
  steps=1000000  held=0.02  gate=0.02  bins=3/3  active= 90  (1061s)
  steps=1050000  held=0.04  gate=0.04  bins=3/3  active= 90  (1096s)
  steps=1100000  held=0.02  gate=0.02  bins=3/3  active= 90  (1139s)
  steps=1150000  held=0.05  gate=0.05  bins=3/3  active= 90  (1177s)
  steps=1200000  held=0.01  gate=0.01  bins=3/3  active= 90  (1234s)
  steps=1250000  held=0.01  gate=0.01  bins=3/3  active= 90  (1291s)
  steps=1300000  held=0.03  gate=0.03  bins=3/3  active= 90  (1345s)
  steps=1350000  held=0.06  gate=0.06  bins=3/3  active= 90  (1400s)
  steps=1400000  held=0.01  gate=0.01  bins=3/3  active= 90  (1453s)
  steps=1450000  held=0.05  gate=0.05  bins=3/3  active= 90  (1498s)
  steps=1500000  held=0.01  gate=0.01  bins=3/3  active= 90  (1550s)

[size_order] DONE  final held=0.01  steps_to_0.3=NOT REACHED  wall=1550s  -> size_order_seed13.json
[size_order] per-cell held: s9N1=0.00  s9N2=0.00  s9N3=0.00  s13N1=0.06  s13N2=0.00  s13N3=0.00  s17N1=0.00  s17N2=0.00  s17N3=0.06
