[grader] train=90 layouts  held-out=36 layouts
objc[22239]: Class SDLApplication is implemented in both /Users/linmuyi/miniconda3/envs/llm_gs/lib/python3.9/site-packages/pygame/.dylibs/libSDL2-2.0.0.dylib (0x1072fd2c8) and /Users/linmuyi/miniconda3/envs/llm_gs/lib/python3.9/site-packages/cv2/.dylibs/libSDL2-2.0.0.dylib (0x168aa4890). This may cause spurious casting failures and mysterious crashes. One of the duplicates must be removed or renamed.
objc[22239]: Class SDLAppDelegate is implemented in both /Users/linmuyi/miniconda3/envs/llm_gs/lib/python3.9/site-packages/pygame/.dylibs/libSDL2-2.0.0.dylib (0x1072fd318) and /Users/linmuyi/miniconda3/envs/llm_gs/lib/python3.9/site-packages/cv2/.dylibs/libSDL2-2.0.0.dylib (0x168aa48e0). This may cause spurious casting failures and mysterious crashes. One of the duplicates must be removed or renamed.
objc[22239]: Class SDLTranslatorResponder is implemented in both /Users/linmuyi/miniconda3/envs/llm_gs/lib/python3.9/site-packages/pygame/.dylibs/libSDL2-2.0.0.dylib (0x1072fd390) and /Users/linmuyi/miniconda3/envs/llm_gs/lib/python3.9/site-packages/cv2/.dylibs/libSDL2-2.0.0.dylib (0x168aa4958). This may cause spurious casting failures and mysterious crashes. One of the duplicates must be removed or renamed.
objc[22239]: Class SDLMessageBoxPresenter is implemented in both /Users/linmuyi/miniconda3/envs/llm_gs/lib/python3.9/site-packages/pygame/.dylibs/libSDL2-2.0.0.dylib (0x1072fd3b8) and /Users/linmuyi/miniconda3/envs/llm_gs/lib/python3.9/site-packages/cv2/.dylibs/libSDL2-2.0.0.dylib (0x168aa4980). This may cause spurious casting failures and mysterious crashes. One of the duplicates must be removed or renamed.
objc[22239]: Class SDL_cocoametalview is implemented in both /Users/linmuyi/miniconda3/envs/llm_gs/lib/python3.9/site-packages/pygame/.dylibs/libSDL2-2.0.0.dylib (0x1072fd408) and /Users/linmuyi/miniconda3/envs/llm_gs/lib/python3.9/site-packages/cv2/.dylibs/libSDL2-2.0.0.dylib (0x168aa49d0). This may cause spurious casting failures and mysterious crashes. One of the duplicates must be removed or renamed.
objc[22239]: Class SDLOpenGLContext is implemented in both /Users/linmuyi/miniconda3/envs/llm_gs/lib/python3.9/site-packages/pygame/.dylibs/libSDL2-2.0.0.dylib (0x1072fd458) and /Users/linmuyi/miniconda3/envs/llm_gs/lib/python3.9/site-packages/cv2/.dylibs/libSDL2-2.0.0.dylib (0x168aa4a20). This may cause spurious casting failures and mysterious crashes. One of the duplicates must be removed or renamed.
objc[22239]: Class SDL_ShapeData is implemented in both /Users/linmuyi/miniconda3/envs/llm_gs/lib/python3.9/site-packages/pygame/.dylibs/libSDL2-2.0.0.dylib (0x1072fd4d0) and /Users/linmuyi/miniconda3/envs/llm_gs/lib/python3.9/site-packages/cv2/.dylibs/libSDL2-2.0.0.dylib (0x168aa4a98). This may cause spurious casting failures and mysterious crashes. One of the duplicates must be removed or renamed.
objc[22239]: Class SDL_CocoaClosure is implemented in both /Users/linmuyi/miniconda3/envs/llm_gs/lib/python3.9/site-packages/pygame/.dylibs/libSDL2-2.0.0.dylib (0x1072fd520) and /Users/linmuyi/miniconda3/envs/llm_gs/lib/python3.9/site-packages/cv2/.dylibs/libSDL2-2.0.0.dylib (0x168aa4ae8). This may cause spurious casting failures and mysterious crashes. One of the duplicates must be removed or renamed.
objc[22239]: Class SDL_VideoData is implemented in both /Users/linmuyi/miniconda3/envs/llm_gs/lib/python3.9/site-packages/pygame/.dylibs/libSDL2-2.0.0.dylib (0x1072fd570) and /Users/linmuyi/miniconda3/envs/llm_gs/lib/python3.9/site-packages/cv2/.dylibs/libSDL2-2.0.0.dylib (0x168aa4b38). This may cause spurious casting failures and mysterious crashes. One of the duplicates must be removed or renamed.
objc[22239]: Class SDL_WindowData is implemented in both /Users/linmuyi/miniconda3/envs/llm_gs/lib/python3.9/site-packages/pygame/.dylibs/libSDL2-2.0.0.dylib (0x1072fd5c0) and /Users/linmuyi/miniconda3/envs/llm_gs/lib/python3.9/site-packages/cv2/.dylibs/libSDL2-2.0.0.dylib (0x168aa4b88). This may cause spurious casting failures and mysterious crashes. One of the duplicates must be removed or renamed.
objc[22239]: Class SDLWindow is implemented in both /Users/linmuyi/miniconda3/envs/llm_gs/lib/python3.9/site-packages/pygame/.dylibs/libSDL2-2.0.0.dylib (0x1072fd5e8) and /Users/linmuyi/miniconda3/envs/llm_gs/lib/python3.9/site-packages/cv2/.dylibs/libSDL2-2.0.0.dylib (0x168aa4bb0). This may cause spurious casting failures and mysterious crashes. One of the duplicates must be removed or renamed.
objc[22239]: Class Cocoa_WindowListener is implemented in both /Users/linmuyi/miniconda3/envs/llm_gs/lib/python3.9/site-packages/pygame/.dylibs/libSDL2-2.0.0.dylib (0x1072fd610) and /Users/linmuyi/miniconda3/envs/llm_gs/lib/python3.9/site-packages/cv2/.dylibs/libSDL2-2.0.0.dylib (0x168aa4bd8). This may cause spurious casting failures and mysterious crashes. One of the duplicates must be removed or renamed.
objc[22239]: Class SDLView is implemented in both /Users/linmuyi/miniconda3/envs/llm_gs/lib/python3.9/site-packages/pygame/.dylibs/libSDL2-2.0.0.dylib (0x1072fd688) and /Users/linmuyi/miniconda3/envs/llm_gs/lib/python3.9/site-packages/cv2/.dylibs/libSDL2-2.0.0.dylib (0x168aa4c50). This may cause spurious casting failures and mysterious crashes. One of the duplicates must be removed or renamed.
objc[22239]: Class METAL_RenderData is implemented in both /Users/linmuyi/miniconda3/envs/llm_gs/lib/python3.9/site-packages/pygame/.dylibs/libSDL2-2.0.0.dylib (0x1072fd700) and /Users/linmuyi/miniconda3/envs/llm_gs/lib/python3.9/site-packages/cv2/.dylibs/libSDL2-2.0.0.dylib (0x168aa4cc8). This may cause spurious casting failures and mysterious crashes. One of the duplicates must be removed or renamed.
objc[22239]: Class METAL_TextureData is implemented in both /Users/linmuyi/miniconda3/envs/llm_gs/lib/python3.9/site-packages/pygame/.dylibs/libSDL2-2.0.0.dylib (0x1072fd750) and /Users/linmuyi/miniconda3/envs/llm_gs/lib/python3.9/site-packages/cv2/.dylibs/libSDL2-2.0.0.dylib (0x168aa4d18). This may cause spurious casting failures and mysterious crashes. One of the duplicates must be removed or renamed.
objc[22239]: Class SDL_RumbleMotor is implemented in both /Users/linmuyi/miniconda3/envs/llm_gs/lib/python3.9/site-packages/pygame/.dylibs/libSDL2-2.0.0.dylib (0x1072fd778) and /Users/linmuyi/miniconda3/envs/llm_gs/lib/python3.9/site-packages/cv2/.dylibs/libSDL2-2.0.0.dylib (0x168aa4d40). This may cause spurious casting failures and mysterious crashes. One of the duplicates must be removed or renamed.
objc[22239]: Class SDL_RumbleContext is implemented in both /Users/linmuyi/miniconda3/envs/llm_gs/lib/python3.9/site-packages/pygame/.dylibs/libSDL2-2.0.0.dylib (0x1072fd7c8) and /Users/linmuyi/miniconda3/envs/llm_gs/lib/python3.9/site-packages/cv2/.dylibs/libSDL2-2.0.0.dylib (0x168aa4d90). This may cause spurious casting failures and mysterious crashes. One of the duplicates must be removed or renamed.
[grader] 1500000 steps, 30 checkpoints, curriculum

  steps=  50000  held=0.00  gate=0.03  bins=1/3  active= 30  (49s)
  steps= 100000  held=0.09  gate=0.17  bins=1/3  active= 30  (76s)
  steps= 150000  held=0.09  gate=0.22  bins=1/3  active= 30  (108s)
  steps= 200000  held=0.08  gate=0.11  bins=1/3  active= 30  (145s)
  steps= 250000  held=0.10  gate=0.33  bins=1/3  active= 30  (181s)
  steps= 300000  held=0.11  gate=0.28  bins=1/3  active= 30  (226s)
  steps= 350000  held=0.10  gate=0.26  bins=1/3  active= 30  (267s)
  steps= 400000  held=0.15  gate=0.32  bins=2/3  active= 60  [UNLOCK:deadline]  (314s)
  steps= 450000  held=0.00  gate=0.04  bins=2/3  active= 60  (378s)
  steps= 500000  held=0.01  gate=0.03  bins=2/3  active= 60  (439s)
  steps= 550000  held=0.00  gate=0.04  bins=2/3  active= 60  (503s)
  steps= 600000  held=0.01  gate=0.00  bins=2/3  active= 60  (561s)
  steps= 650000  held=0.03  gate=0.06  bins=2/3  active= 60  (616s)
  steps= 700000  held=0.01  gate=0.10  bins=2/3  active= 60  (668s)
  steps= 750000  held=0.02  gate=0.10  bins=2/3  active= 60  (713s)
  steps= 800000  held=0.03  gate=0.00  bins=3/3  active= 90  [UNLOCK:deadline]  (762s)
  steps= 850000  held=0.01  gate=0.01  bins=3/3  active= 90  (798s)
  steps= 900000  held=0.00  gate=0.00  bins=3/3  active= 90  (835s)
  steps= 950000  held=0.00  gate=0.00  bins=3/3  active= 90  (870s)
  steps=1000000  held=0.00  gate=0.00  bins=3/3  active= 90  (901s)
  steps=1050000  held=0.00  gate=0.00  bins=3/3  active= 90  (932s)
  steps=1100000  held=0.00  gate=0.00  bins=3/3  active= 90  (959s)
  steps=1150000  held=0.00  gate=0.00  bins=3/3  active= 90  (988s)
  steps=1200000  held=0.00  gate=0.00  bins=3/3  active= 90  (1023s)
  steps=1250000  held=0.00  gate=0.00  bins=3/3  active= 90  (1058s)
  steps=1300000  held=0.03  gate=0.03  bins=3/3  active= 90  (1095s)
  steps=1350000  held=0.03  gate=0.03  bins=3/3  active= 90  (1132s)
  steps=1400000  held=0.01  gate=0.01  bins=3/3  active= 90  (1171s)
  steps=1450000  held=0.06  gate=0.06  bins=3/3  active= 90  (1204s)
  steps=1500000  held=0.12  gate=0.12  bins=3/3  active= 90  (1237s)

[grader] DONE  final held=0.12  steps_to_0.3=NOT REACHED  wall=1237s  -> grader_seed33.json
[grader] per-cell held: s9N1=0.19  s9N2=0.00  s9N3=0.00  s13N1=0.00  s13N2=0.25  s13N3=0.00  s17N1=0.00  s17N2=0.44  s17N3=0.19
