[random_curriculum] train=90 layouts  held-out=36 layouts
objc[78865]: Class SDLApplication is implemented in both /Users/linmuyi/miniconda3/envs/llm_gs/lib/python3.9/site-packages/pygame/.dylibs/libSDL2-2.0.0.dylib (0x1113a12c8) and /Users/linmuyi/miniconda3/envs/llm_gs/lib/python3.9/site-packages/cv2/.dylibs/libSDL2-2.0.0.dylib (0x145f58890). This may cause spurious casting failures and mysterious crashes. One of the duplicates must be removed or renamed.
objc[78865]: Class SDLAppDelegate is implemented in both /Users/linmuyi/miniconda3/envs/llm_gs/lib/python3.9/site-packages/pygame/.dylibs/libSDL2-2.0.0.dylib (0x1113a1318) and /Users/linmuyi/miniconda3/envs/llm_gs/lib/python3.9/site-packages/cv2/.dylibs/libSDL2-2.0.0.dylib (0x145f588e0). This may cause spurious casting failures and mysterious crashes. One of the duplicates must be removed or renamed.
objc[78865]: Class SDLTranslatorResponder is implemented in both /Users/linmuyi/miniconda3/envs/llm_gs/lib/python3.9/site-packages/pygame/.dylibs/libSDL2-2.0.0.dylib (0x1113a1390) and /Users/linmuyi/miniconda3/envs/llm_gs/lib/python3.9/site-packages/cv2/.dylibs/libSDL2-2.0.0.dylib (0x145f58958). This may cause spurious casting failures and mysterious crashes. One of the duplicates must be removed or renamed.
objc[78865]: Class SDLMessageBoxPresenter is implemented in both /Users/linmuyi/miniconda3/envs/llm_gs/lib/python3.9/site-packages/pygame/.dylibs/libSDL2-2.0.0.dylib (0x1113a13b8) and /Users/linmuyi/miniconda3/envs/llm_gs/lib/python3.9/site-packages/cv2/.dylibs/libSDL2-2.0.0.dylib (0x145f58980). This may cause spurious casting failures and mysterious crashes. One of the duplicates must be removed or renamed.
objc[78865]: Class SDL_cocoametalview is implemented in both /Users/linmuyi/miniconda3/envs/llm_gs/lib/python3.9/site-packages/pygame/.dylibs/libSDL2-2.0.0.dylib (0x1113a1408) and /Users/linmuyi/miniconda3/envs/llm_gs/lib/python3.9/site-packages/cv2/.dylibs/libSDL2-2.0.0.dylib (0x145f589d0). This may cause spurious casting failures and mysterious crashes. One of the duplicates must be removed or renamed.
objc[78865]: Class SDLOpenGLContext is implemented in both /Users/linmuyi/miniconda3/envs/llm_gs/lib/python3.9/site-packages/pygame/.dylibs/libSDL2-2.0.0.dylib (0x1113a1458) and /Users/linmuyi/miniconda3/envs/llm_gs/lib/python3.9/site-packages/cv2/.dylibs/libSDL2-2.0.0.dylib (0x145f58a20). This may cause spurious casting failures and mysterious crashes. One of the duplicates must be removed or renamed.
objc[78865]: Class SDL_ShapeData is implemented in both /Users/linmuyi/miniconda3/envs/llm_gs/lib/python3.9/site-packages/pygame/.dylibs/libSDL2-2.0.0.dylib (0x1113a14d0) and /Users/linmuyi/miniconda3/envs/llm_gs/lib/python3.9/site-packages/cv2/.dylibs/libSDL2-2.0.0.dylib (0x145f58a98). This may cause spurious casting failures and mysterious crashes. One of the duplicates must be removed or renamed.
objc[78865]: Class SDL_CocoaClosure is implemented in both /Users/linmuyi/miniconda3/envs/llm_gs/lib/python3.9/site-packages/pygame/.dylibs/libSDL2-2.0.0.dylib (0x1113a1520) and /Users/linmuyi/miniconda3/envs/llm_gs/lib/python3.9/site-packages/cv2/.dylibs/libSDL2-2.0.0.dylib (0x145f58ae8). This may cause spurious casting failures and mysterious crashes. One of the duplicates must be removed or renamed.
objc[78865]: Class SDL_VideoData is implemented in both /Users/linmuyi/miniconda3/envs/llm_gs/lib/python3.9/site-packages/pygame/.dylibs/libSDL2-2.0.0.dylib (0x1113a1570) and /Users/linmuyi/miniconda3/envs/llm_gs/lib/python3.9/site-packages/cv2/.dylibs/libSDL2-2.0.0.dylib (0x145f58b38). This may cause spurious casting failures and mysterious crashes. One of the duplicates must be removed or renamed.
objc[78865]: Class SDL_WindowData is implemented in both /Users/linmuyi/miniconda3/envs/llm_gs/lib/python3.9/site-packages/pygame/.dylibs/libSDL2-2.0.0.dylib (0x1113a15c0) and /Users/linmuyi/miniconda3/envs/llm_gs/lib/python3.9/site-packages/cv2/.dylibs/libSDL2-2.0.0.dylib (0x145f58b88). This may cause spurious casting failures and mysterious crashes. One of the duplicates must be removed or renamed.
objc[78865]: Class SDLWindow is implemented in both /Users/linmuyi/miniconda3/envs/llm_gs/lib/python3.9/site-packages/pygame/.dylibs/libSDL2-2.0.0.dylib (0x1113a15e8) and /Users/linmuyi/miniconda3/envs/llm_gs/lib/python3.9/site-packages/cv2/.dylibs/libSDL2-2.0.0.dylib (0x145f58bb0). This may cause spurious casting failures and mysterious crashes. One of the duplicates must be removed or renamed.
objc[78865]: Class Cocoa_WindowListener is implemented in both /Users/linmuyi/miniconda3/envs/llm_gs/lib/python3.9/site-packages/pygame/.dylibs/libSDL2-2.0.0.dylib (0x1113a1610) and /Users/linmuyi/miniconda3/envs/llm_gs/lib/python3.9/site-packages/cv2/.dylibs/libSDL2-2.0.0.dylib (0x145f58bd8). This may cause spurious casting failures and mysterious crashes. One of the duplicates must be removed or renamed.
objc[78865]: Class SDLView is implemented in both /Users/linmuyi/miniconda3/envs/llm_gs/lib/python3.9/site-packages/pygame/.dylibs/libSDL2-2.0.0.dylib (0x1113a1688) and /Users/linmuyi/miniconda3/envs/llm_gs/lib/python3.9/site-packages/cv2/.dylibs/libSDL2-2.0.0.dylib (0x145f58c50). This may cause spurious casting failures and mysterious crashes. One of the duplicates must be removed or renamed.
objc[78865]: Class METAL_RenderData is implemented in both /Users/linmuyi/miniconda3/envs/llm_gs/lib/python3.9/site-packages/pygame/.dylibs/libSDL2-2.0.0.dylib (0x1113a1700) and /Users/linmuyi/miniconda3/envs/llm_gs/lib/python3.9/site-packages/cv2/.dylibs/libSDL2-2.0.0.dylib (0x145f58cc8). This may cause spurious casting failures and mysterious crashes. One of the duplicates must be removed or renamed.
objc[78865]: Class METAL_TextureData is implemented in both /Users/linmuyi/miniconda3/envs/llm_gs/lib/python3.9/site-packages/pygame/.dylibs/libSDL2-2.0.0.dylib (0x1113a1750) and /Users/linmuyi/miniconda3/envs/llm_gs/lib/python3.9/site-packages/cv2/.dylibs/libSDL2-2.0.0.dylib (0x145f58d18). This may cause spurious casting failures and mysterious crashes. One of the duplicates must be removed or renamed.
objc[78865]: Class SDL_RumbleMotor is implemented in both /Users/linmuyi/miniconda3/envs/llm_gs/lib/python3.9/site-packages/pygame/.dylibs/libSDL2-2.0.0.dylib (0x1113a1778) and /Users/linmuyi/miniconda3/envs/llm_gs/lib/python3.9/site-packages/cv2/.dylibs/libSDL2-2.0.0.dylib (0x145f58d40). This may cause spurious casting failures and mysterious crashes. One of the duplicates must be removed or renamed.
objc[78865]: Class SDL_RumbleContext is implemented in both /Users/linmuyi/miniconda3/envs/llm_gs/lib/python3.9/site-packages/pygame/.dylibs/libSDL2-2.0.0.dylib (0x1113a17c8) and /Users/linmuyi/miniconda3/envs/llm_gs/lib/python3.9/site-packages/cv2/.dylibs/libSDL2-2.0.0.dylib (0x145f58d90). This may cause spurious casting failures and mysterious crashes. One of the duplicates must be removed or renamed.
[random_curriculum] 1500000 steps, 30 checkpoints, curriculum

  steps=  50000  held=0.00  gate=0.00  bins=1/3  active= 30  (66s)
  steps= 100000  held=0.00  gate=0.00  bins=1/3  active= 30  (135s)
  steps= 150000  held=0.00  gate=0.01  bins=1/3  active= 30  (199s)
  steps= 200000  held=0.02  gate=0.00  bins=1/3  active= 30  (262s)
  steps= 250000  held=0.01  gate=0.01  bins=1/3  active= 30  (344s)
  steps= 300000  held=0.00  gate=0.00  bins=1/3  active= 30  (409s)
  steps= 350000  held=0.01  gate=0.00  bins=1/3  active= 30  (466s)
  steps= 400000  held=0.00  gate=0.08  bins=2/3  active= 60  [UNLOCK:deadline]  (536s)
  steps= 450000  held=0.00  gate=0.00  bins=2/3  active= 60  (645s)
  steps= 500000  held=0.00  gate=0.00  bins=2/3  active= 60  (758s)
  steps= 550000  held=0.00  gate=0.01  bins=2/3  active= 60  (838s)
  steps= 600000  held=0.00  gate=0.00  bins=2/3  active= 60  (932s)
  steps= 650000  held=0.01  gate=0.03  bins=2/3  active= 60  (1027s)
  steps= 700000  held=0.03  gate=0.22  bins=2/3  active= 60  (1090s)
  steps= 750000  held=0.05  gate=0.14  bins=2/3  active= 60  (1175s)
  steps= 800000  held=0.03  gate=0.10  bins=3/3  active= 90  [UNLOCK:deadline]  (1273s)
  steps= 850000  held=0.06  gate=0.06  bins=3/3  active= 90  (1344s)
  steps= 900000  held=0.13  gate=0.13  bins=3/3  active= 90  (1404s)
  steps= 950000  held=0.14  gate=0.14  bins=3/3  active= 90  (1464s)
  steps=1000000  held=0.14  gate=0.14  bins=3/3  active= 90  (1509s)
  steps=1050000  held=0.17  gate=0.17  bins=3/3  active= 90  (1560s)
  steps=1100000  held=0.17  gate=0.17  bins=3/3  active= 90  (1616s)
  steps=1150000  held=0.19  gate=0.19  bins=3/3  active= 90  (1678s)
  steps=1200000  held=0.02  gate=0.02  bins=3/3  active= 90  (1764s)
  steps=1250000  held=0.15  gate=0.15  bins=3/3  active= 90  (1815s)
  steps=1300000  held=0.23  gate=0.23  bins=3/3  active= 90  (1867s)
  steps=1350000  held=0.10  gate=0.10  bins=3/3  active= 90  (1937s)
  steps=1400000  held=0.18  gate=0.18  bins=3/3  active= 90  (1996s)
  steps=1450000  held=0.27  gate=0.27  bins=3/3  active= 90  (2060s)
  steps=1500000  held=0.20  gate=0.20  bins=3/3  active= 90  (2121s)

[random_curriculum] DONE  final held=0.20  steps_to_0.3=NOT REACHED  wall=2121s  -> random_curriculum_seed28.json
[random_curriculum] per-cell held: s9N1=0.25  s9N2=0.25  s9N3=0.00  s13N1=0.25  s13N2=0.25  s13N3=0.00  s17N1=0.25  s17N2=0.25  s17N3=0.31
