[size_order] train=90 layouts  held-out=36 layouts
objc[47670]: Class SDLApplication is implemented in both /Users/linmuyi/miniconda3/envs/llm_gs/lib/python3.9/site-packages/pygame/.dylibs/libSDL2-2.0.0.dylib (0x1085792c8) and /Users/linmuyi/miniconda3/envs/llm_gs/lib/python3.9/site-packages/cv2/.dylibs/libSDL2-2.0.0.dylib (0x308750890). This may cause spurious casting failures and mysterious crashes. One of the duplicates must be removed or renamed.
objc[47670]: Class SDLAppDelegate is implemented in both /Users/linmuyi/miniconda3/envs/llm_gs/lib/python3.9/site-packages/pygame/.dylibs/libSDL2-2.0.0.dylib (0x108579318) and /Users/linmuyi/miniconda3/envs/llm_gs/lib/python3.9/site-packages/cv2/.dylibs/libSDL2-2.0.0.dylib (0x3087508e0). This may cause spurious casting failures and mysterious crashes. One of the duplicates must be removed or renamed.
objc[47670]: Class SDLTranslatorResponder is implemented in both /Users/linmuyi/miniconda3/envs/llm_gs/lib/python3.9/site-packages/pygame/.dylibs/libSDL2-2.0.0.dylib (0x108579390) and /Users/linmuyi/miniconda3/envs/llm_gs/lib/python3.9/site-packages/cv2/.dylibs/libSDL2-2.0.0.dylib (0x308750958). This may cause spurious casting failures and mysterious crashes. One of the duplicates must be removed or renamed.
objc[47670]: Class SDLMessageBoxPresenter is implemented in both /Users/linmuyi/miniconda3/envs/llm_gs/lib/python3.9/site-packages/pygame/.dylibs/libSDL2-2.0.0.dylib (0x1085793b8) and /Users/linmuyi/miniconda3/envs/llm_gs/lib/python3.9/site-packages/cv2/.dylibs/libSDL2-2.0.0.dylib (0x308750980). This may cause spurious casting failures and mysterious crashes. One of the duplicates must be removed or renamed.
objc[47670]: Class SDL_cocoametalview is implemented in both /Users/linmuyi/miniconda3/envs/llm_gs/lib/python3.9/site-packages/pygame/.dylibs/libSDL2-2.0.0.dylib (0x108579408) and /Users/linmuyi/miniconda3/envs/llm_gs/lib/python3.9/site-packages/cv2/.dylibs/libSDL2-2.0.0.dylib (0x3087509d0). This may cause spurious casting failures and mysterious crashes. One of the duplicates must be removed or renamed.
objc[47670]: Class SDLOpenGLContext is implemented in both /Users/linmuyi/miniconda3/envs/llm_gs/lib/python3.9/site-packages/pygame/.dylibs/libSDL2-2.0.0.dylib (0x108579458) and /Users/linmuyi/miniconda3/envs/llm_gs/lib/python3.9/site-packages/cv2/.dylibs/libSDL2-2.0.0.dylib (0x308750a20). This may cause spurious casting failures and mysterious crashes. One of the duplicates must be removed or renamed.
objc[47670]: Class SDL_ShapeData is implemented in both /Users/linmuyi/miniconda3/envs/llm_gs/lib/python3.9/site-packages/pygame/.dylibs/libSDL2-2.0.0.dylib (0x1085794d0) and /Users/linmuyi/miniconda3/envs/llm_gs/lib/python3.9/site-packages/cv2/.dylibs/libSDL2-2.0.0.dylib (0x308750a98). This may cause spurious casting failures and mysterious crashes. One of the duplicates must be removed or renamed.
objc[47670]: Class SDL_CocoaClosure is implemented in both /Users/linmuyi/miniconda3/envs/llm_gs/lib/python3.9/site-packages/pygame/.dylibs/libSDL2-2.0.0.dylib (0x108579520) and /Users/linmuyi/miniconda3/envs/llm_gs/lib/python3.9/site-packages/cv2/.dylibs/libSDL2-2.0.0.dylib (0x308750ae8). This may cause spurious casting failures and mysterious crashes. One of the duplicates must be removed or renamed.
objc[47670]: Class SDL_VideoData is implemented in both /Users/linmuyi/miniconda3/envs/llm_gs/lib/python3.9/site-packages/pygame/.dylibs/libSDL2-2.0.0.dylib (0x108579570) and /Users/linmuyi/miniconda3/envs/llm_gs/lib/python3.9/site-packages/cv2/.dylibs/libSDL2-2.0.0.dylib (0x308750b38). This may cause spurious casting failures and mysterious crashes. One of the duplicates must be removed or renamed.
objc[47670]: Class SDL_WindowData is implemented in both /Users/linmuyi/miniconda3/envs/llm_gs/lib/python3.9/site-packages/pygame/.dylibs/libSDL2-2.0.0.dylib (0x1085795c0) and /Users/linmuyi/miniconda3/envs/llm_gs/lib/python3.9/site-packages/cv2/.dylibs/libSDL2-2.0.0.dylib (0x308750b88). This may cause spurious casting failures and mysterious crashes. One of the duplicates must be removed or renamed.
objc[47670]: Class SDLWindow is implemented in both /Users/linmuyi/miniconda3/envs/llm_gs/lib/python3.9/site-packages/pygame/.dylibs/libSDL2-2.0.0.dylib (0x1085795e8) and /Users/linmuyi/miniconda3/envs/llm_gs/lib/python3.9/site-packages/cv2/.dylibs/libSDL2-2.0.0.dylib (0x308750bb0). This may cause spurious casting failures and mysterious crashes. One of the duplicates must be removed or renamed.
objc[47670]: Class Cocoa_WindowListener is implemented in both /Users/linmuyi/miniconda3/envs/llm_gs/lib/python3.9/site-packages/pygame/.dylibs/libSDL2-2.0.0.dylib (0x108579610) and /Users/linmuyi/miniconda3/envs/llm_gs/lib/python3.9/site-packages/cv2/.dylibs/libSDL2-2.0.0.dylib (0x308750bd8). This may cause spurious casting failures and mysterious crashes. One of the duplicates must be removed or renamed.
objc[47670]: Class SDLView is implemented in both /Users/linmuyi/miniconda3/envs/llm_gs/lib/python3.9/site-packages/pygame/.dylibs/libSDL2-2.0.0.dylib (0x108579688) and /Users/linmuyi/miniconda3/envs/llm_gs/lib/python3.9/site-packages/cv2/.dylibs/libSDL2-2.0.0.dylib (0x308750c50). This may cause spurious casting failures and mysterious crashes. One of the duplicates must be removed or renamed.
objc[47670]: Class METAL_RenderData is implemented in both /Users/linmuyi/miniconda3/envs/llm_gs/lib/python3.9/site-packages/pygame/.dylibs/libSDL2-2.0.0.dylib (0x108579700) and /Users/linmuyi/miniconda3/envs/llm_gs/lib/python3.9/site-packages/cv2/.dylibs/libSDL2-2.0.0.dylib (0x308750cc8). This may cause spurious casting failures and mysterious crashes. One of the duplicates must be removed or renamed.
objc[47670]: Class METAL_TextureData is implemented in both /Users/linmuyi/miniconda3/envs/llm_gs/lib/python3.9/site-packages/pygame/.dylibs/libSDL2-2.0.0.dylib (0x108579750) and /Users/linmuyi/miniconda3/envs/llm_gs/lib/python3.9/site-packages/cv2/.dylibs/libSDL2-2.0.0.dylib (0x308750d18). This may cause spurious casting failures and mysterious crashes. One of the duplicates must be removed or renamed.
objc[47670]: Class SDL_RumbleMotor is implemented in both /Users/linmuyi/miniconda3/envs/llm_gs/lib/python3.9/site-packages/pygame/.dylibs/libSDL2-2.0.0.dylib (0x108579778) and /Users/linmuyi/miniconda3/envs/llm_gs/lib/python3.9/site-packages/cv2/.dylibs/libSDL2-2.0.0.dylib (0x308750d40). This may cause spurious casting failures and mysterious crashes. One of the duplicates must be removed or renamed.
objc[47670]: Class SDL_RumbleContext is implemented in both /Users/linmuyi/miniconda3/envs/llm_gs/lib/python3.9/site-packages/pygame/.dylibs/libSDL2-2.0.0.dylib (0x1085797c8) and /Users/linmuyi/miniconda3/envs/llm_gs/lib/python3.9/site-packages/cv2/.dylibs/libSDL2-2.0.0.dylib (0x308750d90). This may cause spurious casting failures and mysterious crashes. One of the duplicates must be removed or renamed.
[size_order] 1500000 steps, 30 checkpoints, curriculum

  steps=  50000  held=0.00  gate=0.01  bins=1/3  active= 30  (31s)
  steps= 100000  held=0.00  gate=0.00  bins=1/3  active= 30  (71s)
  steps= 150000  held=0.00  gate=0.00  bins=1/3  active= 30  (125s)
  steps= 200000  held=0.00  gate=0.00  bins=1/3  active= 30  (169s)
  steps= 250000  held=0.00  gate=0.00  bins=1/3  active= 30  (209s)
  steps= 300000  held=0.00  gate=0.00  bins=1/3  active= 30  (266s)
  steps= 350000  held=0.00  gate=0.00  bins=1/3  active= 30  (314s)
  steps= 400000  held=0.00  gate=0.00  bins=2/3  active= 60  [UNLOCK:deadline]  (351s)
  steps= 450000  held=0.00  gate=0.01  bins=2/3  active= 60  (383s)
  steps= 500000  held=0.01  gate=0.10  bins=2/3  active= 60  (419s)
  steps= 550000  held=0.03  gate=0.06  bins=2/3  active= 60  (446s)
  steps= 600000  held=0.03  gate=0.01  bins=2/3  active= 60  (479s)
  steps= 650000  held=0.03  gate=0.12  bins=2/3  active= 60  (511s)
  steps= 700000  held=0.07  gate=0.01  bins=2/3  active= 60  (564s)
  steps= 750000  held=0.00  gate=0.00  bins=2/3  active= 60  (625s)
  steps= 800000  held=0.00  gate=0.01  bins=3/3  active= 90  [UNLOCK:deadline]  (684s)
  steps= 850000  held=0.01  gate=0.01  bins=3/3  active= 90  (726s)
  steps= 900000  held=0.05  gate=0.05  bins=3/3  active= 90  (764s)
  steps= 950000  held=0.06  gate=0.06  bins=3/3  active= 90  (807s)
  steps=1000000  held=0.03  gate=0.03  bins=3/3  active= 90  (845s)
  steps=1050000  held=0.01  gate=0.01  bins=3/3  active= 90  (887s)
  steps=1100000  held=0.00  gate=0.00  bins=3/3  active= 90  (938s)
  steps=1150000  held=0.00  gate=0.00  bins=3/3  active= 90  (989s)
  steps=1200000  held=0.00  gate=0.00  bins=3/3  active= 90  (1035s)
  steps=1250000  held=0.00  gate=0.00  bins=3/3  active= 90  (1077s)
  steps=1300000  held=0.00  gate=0.00  bins=3/3  active= 90  (1128s)
  steps=1350000  held=0.06  gate=0.06  bins=3/3  active= 90  (1173s)
  steps=1400000  held=0.00  gate=0.00  bins=3/3  active= 90  (1223s)
  steps=1450000  held=0.00  gate=0.00  bins=3/3  active= 90  (1272s)
  steps=1500000  held=0.09  gate=0.09  bins=3/3  active= 90  (1315s)

[size_order] DONE  final held=0.09  steps_to_0.3=NOT REACHED  wall=1315s  -> size_order_seed39.json
[size_order] per-cell held: s9N1=0.00  s9N2=0.00  s9N3=0.00  s13N1=0.00  s13N2=0.06  s13N3=0.00  s17N1=0.00  s17N2=0.50  s17N3=0.25
