[size_order] train=90 layouts  held-out=36 layouts
objc[61852]: Class SDLApplication is implemented in both /Users/linmuyi/miniconda3/envs/llm_gs/lib/python3.9/site-packages/pygame/.dylibs/libSDL2-2.0.0.dylib (0x1074512c8) and /Users/linmuyi/miniconda3/envs/llm_gs/lib/python3.9/site-packages/cv2/.dylibs/libSDL2-2.0.0.dylib (0x136cb0890). This may cause spurious casting failures and mysterious crashes. One of the duplicates must be removed or renamed.
objc[61852]: Class SDLAppDelegate is implemented in both /Users/linmuyi/miniconda3/envs/llm_gs/lib/python3.9/site-packages/pygame/.dylibs/libSDL2-2.0.0.dylib (0x107451318) and /Users/linmuyi/miniconda3/envs/llm_gs/lib/python3.9/site-packages/cv2/.dylibs/libSDL2-2.0.0.dylib (0x136cb08e0). This may cause spurious casting failures and mysterious crashes. One of the duplicates must be removed or renamed.
objc[61852]: Class SDLTranslatorResponder is implemented in both /Users/linmuyi/miniconda3/envs/llm_gs/lib/python3.9/site-packages/pygame/.dylibs/libSDL2-2.0.0.dylib (0x107451390) and /Users/linmuyi/miniconda3/envs/llm_gs/lib/python3.9/site-packages/cv2/.dylibs/libSDL2-2.0.0.dylib (0x136cb0958). This may cause spurious casting failures and mysterious crashes. One of the duplicates must be removed or renamed.
objc[61852]: Class SDLMessageBoxPresenter is implemented in both /Users/linmuyi/miniconda3/envs/llm_gs/lib/python3.9/site-packages/pygame/.dylibs/libSDL2-2.0.0.dylib (0x1074513b8) and /Users/linmuyi/miniconda3/envs/llm_gs/lib/python3.9/site-packages/cv2/.dylibs/libSDL2-2.0.0.dylib (0x136cb0980). This may cause spurious casting failures and mysterious crashes. One of the duplicates must be removed or renamed.
objc[61852]: Class SDL_cocoametalview is implemented in both /Users/linmuyi/miniconda3/envs/llm_gs/lib/python3.9/site-packages/pygame/.dylibs/libSDL2-2.0.0.dylib (0x107451408) and /Users/linmuyi/miniconda3/envs/llm_gs/lib/python3.9/site-packages/cv2/.dylibs/libSDL2-2.0.0.dylib (0x136cb09d0). This may cause spurious casting failures and mysterious crashes. One of the duplicates must be removed or renamed.
objc[61852]: Class SDLOpenGLContext is implemented in both /Users/linmuyi/miniconda3/envs/llm_gs/lib/python3.9/site-packages/pygame/.dylibs/libSDL2-2.0.0.dylib (0x107451458) and /Users/linmuyi/miniconda3/envs/llm_gs/lib/python3.9/site-packages/cv2/.dylibs/libSDL2-2.0.0.dylib (0x136cb0a20). This may cause spurious casting failures and mysterious crashes. One of the duplicates must be removed or renamed.
objc[61852]: Class SDL_ShapeData is implemented in both /Users/linmuyi/miniconda3/envs/llm_gs/lib/python3.9/site-packages/pygame/.dylibs/libSDL2-2.0.0.dylib (0x1074514d0) and /Users/linmuyi/miniconda3/envs/llm_gs/lib/python3.9/site-packages/cv2/.dylibs/libSDL2-2.0.0.dylib (0x136cb0a98). This may cause spurious casting failures and mysterious crashes. One of the duplicates must be removed or renamed.
objc[61852]: Class SDL_CocoaClosure is implemented in both /Users/linmuyi/miniconda3/envs/llm_gs/lib/python3.9/site-packages/pygame/.dylibs/libSDL2-2.0.0.dylib (0x107451520) and /Users/linmuyi/miniconda3/envs/llm_gs/lib/python3.9/site-packages/cv2/.dylibs/libSDL2-2.0.0.dylib (0x136cb0ae8). This may cause spurious casting failures and mysterious crashes. One of the duplicates must be removed or renamed.
objc[61852]: Class SDL_VideoData is implemented in both /Users/linmuyi/miniconda3/envs/llm_gs/lib/python3.9/site-packages/pygame/.dylibs/libSDL2-2.0.0.dylib (0x107451570) and /Users/linmuyi/miniconda3/envs/llm_gs/lib/python3.9/site-packages/cv2/.dylibs/libSDL2-2.0.0.dylib (0x136cb0b38). This may cause spurious casting failures and mysterious crashes. One of the duplicates must be removed or renamed.
objc[61852]: Class SDL_WindowData is implemented in both /Users/linmuyi/miniconda3/envs/llm_gs/lib/python3.9/site-packages/pygame/.dylibs/libSDL2-2.0.0.dylib (0x1074515c0) and /Users/linmuyi/miniconda3/envs/llm_gs/lib/python3.9/site-packages/cv2/.dylibs/libSDL2-2.0.0.dylib (0x136cb0b88). This may cause spurious casting failures and mysterious crashes. One of the duplicates must be removed or renamed.
objc[61852]: Class SDLWindow is implemented in both /Users/linmuyi/miniconda3/envs/llm_gs/lib/python3.9/site-packages/pygame/.dylibs/libSDL2-2.0.0.dylib (0x1074515e8) and /Users/linmuyi/miniconda3/envs/llm_gs/lib/python3.9/site-packages/cv2/.dylibs/libSDL2-2.0.0.dylib (0x136cb0bb0). This may cause spurious casting failures and mysterious crashes. One of the duplicates must be removed or renamed.
objc[61852]: Class Cocoa_WindowListener is implemented in both /Users/linmuyi/miniconda3/envs/llm_gs/lib/python3.9/site-packages/pygame/.dylibs/libSDL2-2.0.0.dylib (0x107451610) and /Users/linmuyi/miniconda3/envs/llm_gs/lib/python3.9/site-packages/cv2/.dylibs/libSDL2-2.0.0.dylib (0x136cb0bd8). This may cause spurious casting failures and mysterious crashes. One of the duplicates must be removed or renamed.
objc[61852]: Class SDLView is implemented in both /Users/linmuyi/miniconda3/envs/llm_gs/lib/python3.9/site-packages/pygame/.dylibs/libSDL2-2.0.0.dylib (0x107451688) and /Users/linmuyi/miniconda3/envs/llm_gs/lib/python3.9/site-packages/cv2/.dylibs/libSDL2-2.0.0.dylib (0x136cb0c50). This may cause spurious casting failures and mysterious crashes. One of the duplicates must be removed or renamed.
objc[61852]: Class METAL_RenderData is implemented in both /Users/linmuyi/miniconda3/envs/llm_gs/lib/python3.9/site-packages/pygame/.dylibs/libSDL2-2.0.0.dylib (0x107451700) and /Users/linmuyi/miniconda3/envs/llm_gs/lib/python3.9/site-packages/cv2/.dylibs/libSDL2-2.0.0.dylib (0x136cb0cc8). This may cause spurious casting failures and mysterious crashes. One of the duplicates must be removed or renamed.
objc[61852]: Class METAL_TextureData is implemented in both /Users/linmuyi/miniconda3/envs/llm_gs/lib/python3.9/site-packages/pygame/.dylibs/libSDL2-2.0.0.dylib (0x107451750) and /Users/linmuyi/miniconda3/envs/llm_gs/lib/python3.9/site-packages/cv2/.dylibs/libSDL2-2.0.0.dylib (0x136cb0d18). This may cause spurious casting failures and mysterious crashes. One of the duplicates must be removed or renamed.
objc[61852]: Class SDL_RumbleMotor is implemented in both /Users/linmuyi/miniconda3/envs/llm_gs/lib/python3.9/site-packages/pygame/.dylibs/libSDL2-2.0.0.dylib (0x107451778) and /Users/linmuyi/miniconda3/envs/llm_gs/lib/python3.9/site-packages/cv2/.dylibs/libSDL2-2.0.0.dylib (0x136cb0d40). This may cause spurious casting failures and mysterious crashes. One of the duplicates must be removed or renamed.
objc[61852]: Class SDL_RumbleContext is implemented in both /Users/linmuyi/miniconda3/envs/llm_gs/lib/python3.9/site-packages/pygame/.dylibs/libSDL2-2.0.0.dylib (0x1074517c8) and /Users/linmuyi/miniconda3/envs/llm_gs/lib/python3.9/site-packages/cv2/.dylibs/libSDL2-2.0.0.dylib (0x136cb0d90). This may cause spurious casting failures and mysterious crashes. One of the duplicates must be removed or renamed.
[size_order] 1500000 steps, 30 checkpoints, curriculum

  steps=  50000  held=0.00  gate=0.00  bins=1/3  active= 30  (36s)
  steps= 100000  held=0.00  gate=0.00  bins=1/3  active= 30  (69s)
  steps= 150000  held=0.00  gate=0.03  bins=1/3  active= 30  (112s)
  steps= 200000  held=0.00  gate=0.00  bins=1/3  active= 30  (157s)
  steps= 250000  held=0.03  gate=0.12  bins=1/3  active= 30  (193s)
  steps= 300000  held=0.14  gate=0.11  bins=1/3  active= 30  (231s)
  steps= 350000  held=0.19  gate=0.39  bins=1/3  active= 30  (269s)
  steps= 400000  held=0.27  gate=0.31  bins=2/3  active= 60  [UNLOCK:deadline]  (312s)
  steps= 450000  held=0.28  gate=0.35  bins=2/3  active= 60  (360s)
  steps= 500000  held=0.53  gate=0.54  bins=2/3  active= 60  (398s)
  steps= 550000  held=0.65  gate=0.57  bins=3/3  active= 90  [UNLOCK:gate]  (436s)
  steps= 600000  held=0.55  gate=0.55  bins=3/3  active= 90  (473s)
  steps= 650000  held=0.53  gate=0.53  bins=3/3  active= 90  (508s)
  steps= 700000  held=0.49  gate=0.49  bins=3/3  active= 90  (546s)
  steps= 750000  held=0.55  gate=0.55  bins=3/3  active= 90  (580s)
  steps= 800000  held=0.62  gate=0.62  bins=3/3  active= 90  (613s)
  steps= 850000  held=0.52  gate=0.52  bins=3/3  active= 90  (651s)
  steps= 900000  held=0.71  gate=0.71  bins=3/3  active= 90  (686s)
  steps= 950000  held=0.46  gate=0.46  bins=3/3  active= 90  (730s)
  steps=1000000  held=0.54  gate=0.54  bins=3/3  active= 90  (772s)
  steps=1050000  held=0.63  gate=0.63  bins=3/3  active= 90  (813s)
  steps=1100000  held=0.73  gate=0.73  bins=3/3  active= 90  (850s)
  steps=1150000  held=0.51  gate=0.51  bins=3/3  active= 90  (893s)
  steps=1200000  held=0.69  gate=0.69  bins=3/3  active= 90  (925s)
  steps=1250000  held=0.83  gate=0.83  bins=3/3  active= 90  (959s)
  steps=1300000  held=0.56  gate=0.56  bins=3/3  active= 90  (999s)
  steps=1350000  held=0.71  gate=0.71  bins=3/3  active= 90  (1034s)
  steps=1400000  held=0.55  gate=0.55  bins=3/3  active= 90  (1073s)
  steps=1450000  held=0.72  gate=0.72  bins=3/3  active= 90  (1107s)
  steps=1500000  held=0.72  gate=0.72  bins=3/3  active= 90  (1143s)

[size_order] DONE  final held=0.72  steps_to_0.3=500,000  wall=1143s  -> size_order_seed26.json
[size_order] per-cell held: s9N1=1.00  s9N2=0.44  s9N3=0.19  s13N1=1.00  s13N2=1.00  s13N3=0.69  s17N1=0.81  s17N2=0.81  s17N3=0.56
