[flat] train=90 layouts  held-out=36 layouts
objc[13259]: Class SDLApplication is implemented in both /Users/linmuyi/miniconda3/envs/llm_gs/lib/python3.9/site-packages/pygame/.dylibs/libSDL2-2.0.0.dylib (0x11b14d2c8) and /Users/linmuyi/miniconda3/envs/llm_gs/lib/python3.9/site-packages/cv2/.dylibs/libSDL2-2.0.0.dylib (0x14ba9c890). This may cause spurious casting failures and mysterious crashes. One of the duplicates must be removed or renamed.
objc[13259]: Class SDLAppDelegate is implemented in both /Users/linmuyi/miniconda3/envs/llm_gs/lib/python3.9/site-packages/pygame/.dylibs/libSDL2-2.0.0.dylib (0x11b14d318) and /Users/linmuyi/miniconda3/envs/llm_gs/lib/python3.9/site-packages/cv2/.dylibs/libSDL2-2.0.0.dylib (0x14ba9c8e0). This may cause spurious casting failures and mysterious crashes. One of the duplicates must be removed or renamed.
objc[13259]: Class SDLTranslatorResponder is implemented in both /Users/linmuyi/miniconda3/envs/llm_gs/lib/python3.9/site-packages/pygame/.dylibs/libSDL2-2.0.0.dylib (0x11b14d390) and /Users/linmuyi/miniconda3/envs/llm_gs/lib/python3.9/site-packages/cv2/.dylibs/libSDL2-2.0.0.dylib (0x14ba9c958). This may cause spurious casting failures and mysterious crashes. One of the duplicates must be removed or renamed.
objc[13259]: Class SDLMessageBoxPresenter is implemented in both /Users/linmuyi/miniconda3/envs/llm_gs/lib/python3.9/site-packages/pygame/.dylibs/libSDL2-2.0.0.dylib (0x11b14d3b8) and /Users/linmuyi/miniconda3/envs/llm_gs/lib/python3.9/site-packages/cv2/.dylibs/libSDL2-2.0.0.dylib (0x14ba9c980). This may cause spurious casting failures and mysterious crashes. One of the duplicates must be removed or renamed.
objc[13259]: Class SDL_cocoametalview is implemented in both /Users/linmuyi/miniconda3/envs/llm_gs/lib/python3.9/site-packages/pygame/.dylibs/libSDL2-2.0.0.dylib (0x11b14d408) and /Users/linmuyi/miniconda3/envs/llm_gs/lib/python3.9/site-packages/cv2/.dylibs/libSDL2-2.0.0.dylib (0x14ba9c9d0). This may cause spurious casting failures and mysterious crashes. One of the duplicates must be removed or renamed.
objc[13259]: Class SDLOpenGLContext is implemented in both /Users/linmuyi/miniconda3/envs/llm_gs/lib/python3.9/site-packages/pygame/.dylibs/libSDL2-2.0.0.dylib (0x11b14d458) and /Users/linmuyi/miniconda3/envs/llm_gs/lib/python3.9/site-packages/cv2/.dylibs/libSDL2-2.0.0.dylib (0x14ba9ca20). This may cause spurious casting failures and mysterious crashes. One of the duplicates must be removed or renamed.
objc[13259]: Class SDL_ShapeData is implemented in both /Users/linmuyi/miniconda3/envs/llm_gs/lib/python3.9/site-packages/pygame/.dylibs/libSDL2-2.0.0.dylib (0x11b14d4d0) and /Users/linmuyi/miniconda3/envs/llm_gs/lib/python3.9/site-packages/cv2/.dylibs/libSDL2-2.0.0.dylib (0x14ba9ca98). This may cause spurious casting failures and mysterious crashes. One of the duplicates must be removed or renamed.
objc[13259]: Class SDL_CocoaClosure is implemented in both /Users/linmuyi/miniconda3/envs/llm_gs/lib/python3.9/site-packages/pygame/.dylibs/libSDL2-2.0.0.dylib (0x11b14d520) and /Users/linmuyi/miniconda3/envs/llm_gs/lib/python3.9/site-packages/cv2/.dylibs/libSDL2-2.0.0.dylib (0x14ba9cae8). This may cause spurious casting failures and mysterious crashes. One of the duplicates must be removed or renamed.
objc[13259]: Class SDL_VideoData is implemented in both /Users/linmuyi/miniconda3/envs/llm_gs/lib/python3.9/site-packages/pygame/.dylibs/libSDL2-2.0.0.dylib (0x11b14d570) and /Users/linmuyi/miniconda3/envs/llm_gs/lib/python3.9/site-packages/cv2/.dylibs/libSDL2-2.0.0.dylib (0x14ba9cb38). This may cause spurious casting failures and mysterious crashes. One of the duplicates must be removed or renamed.
objc[13259]: Class SDL_WindowData is implemented in both /Users/linmuyi/miniconda3/envs/llm_gs/lib/python3.9/site-packages/pygame/.dylibs/libSDL2-2.0.0.dylib (0x11b14d5c0) and /Users/linmuyi/miniconda3/envs/llm_gs/lib/python3.9/site-packages/cv2/.dylibs/libSDL2-2.0.0.dylib (0x14ba9cb88). This may cause spurious casting failures and mysterious crashes. One of the duplicates must be removed or renamed.
objc[13259]: Class SDLWindow is implemented in both /Users/linmuyi/miniconda3/envs/llm_gs/lib/python3.9/site-packages/pygame/.dylibs/libSDL2-2.0.0.dylib (0x11b14d5e8) and /Users/linmuyi/miniconda3/envs/llm_gs/lib/python3.9/site-packages/cv2/.dylibs/libSDL2-2.0.0.dylib (0x14ba9cbb0). This may cause spurious casting failures and mysterious crashes. One of the duplicates must be removed or renamed.
objc[13259]: Class Cocoa_WindowListener is implemented in both /Users/linmuyi/miniconda3/envs/llm_gs/lib/python3.9/site-packages/pygame/.dylibs/libSDL2-2.0.0.dylib (0x11b14d610) and /Users/linmuyi/miniconda3/envs/llm_gs/lib/python3.9/site-packages/cv2/.dylibs/libSDL2-2.0.0.dylib (0x14ba9cbd8). This may cause spurious casting failures and mysterious crashes. One of the duplicates must be removed or renamed.
objc[13259]: Class SDLView is implemented in both /Users/linmuyi/miniconda3/envs/llm_gs/lib/python3.9/site-packages/pygame/.dylibs/libSDL2-2.0.0.dylib (0x11b14d688) and /Users/linmuyi/miniconda3/envs/llm_gs/lib/python3.9/site-packages/cv2/.dylibs/libSDL2-2.0.0.dylib (0x14ba9cc50). This may cause spurious casting failures and mysterious crashes. One of the duplicates must be removed or renamed.
objc[13259]: Class METAL_RenderData is implemented in both /Users/linmuyi/miniconda3/envs/llm_gs/lib/python3.9/site-packages/pygame/.dylibs/libSDL2-2.0.0.dylib (0x11b14d700) and /Users/linmuyi/miniconda3/envs/llm_gs/lib/python3.9/site-packages/cv2/.dylibs/libSDL2-2.0.0.dylib (0x14ba9ccc8). This may cause spurious casting failures and mysterious crashes. One of the duplicates must be removed or renamed.
objc[13259]: Class METAL_TextureData is implemented in both /Users/linmuyi/miniconda3/envs/llm_gs/lib/python3.9/site-packages/pygame/.dylibs/libSDL2-2.0.0.dylib (0x11b14d750) and /Users/linmuyi/miniconda3/envs/llm_gs/lib/python3.9/site-packages/cv2/.dylibs/libSDL2-2.0.0.dylib (0x14ba9cd18). This may cause spurious casting failures and mysterious crashes. One of the duplicates must be removed or renamed.
objc[13259]: Class SDL_RumbleMotor is implemented in both /Users/linmuyi/miniconda3/envs/llm_gs/lib/python3.9/site-packages/pygame/.dylibs/libSDL2-2.0.0.dylib (0x11b14d778) and /Users/linmuyi/miniconda3/envs/llm_gs/lib/python3.9/site-packages/cv2/.dylibs/libSDL2-2.0.0.dylib (0x14ba9cd40). This may cause spurious casting failures and mysterious crashes. One of the duplicates must be removed or renamed.
objc[13259]: Class SDL_RumbleContext is implemented in both /Users/linmuyi/miniconda3/envs/llm_gs/lib/python3.9/site-packages/pygame/.dylibs/libSDL2-2.0.0.dylib (0x11b14d7c8) and /Users/linmuyi/miniconda3/envs/llm_gs/lib/python3.9/site-packages/cv2/.dylibs/libSDL2-2.0.0.dylib (0x14ba9cd90). This may cause spurious casting failures and mysterious crashes. One of the duplicates must be removed or renamed.
[flat] 1500000 steps, 30 checkpoints, flat (no curriculum)

  steps=  50000  held=0.02  gate=0.02  bins=3/3  active= 90  (30s)
  steps= 100000  held=0.00  gate=0.00  bins=3/3  active= 90  (66s)
  steps= 150000  held=0.00  gate=0.00  bins=3/3  active= 90  (110s)
  steps= 200000  held=0.00  gate=0.00  bins=3/3  active= 90  (149s)
  steps= 250000  held=0.00  gate=0.00  bins=3/3  active= 90  (184s)
  steps= 300000  held=0.01  gate=0.01  bins=3/3  active= 90  (216s)
  steps= 350000  held=0.00  gate=0.00  bins=3/3  active= 90  (245s)
  steps= 400000  held=0.00  gate=0.00  bins=3/3  active= 90  (277s)
  steps= 450000  held=0.00  gate=0.00  bins=3/3  active= 90  (316s)
  steps= 500000  held=0.01  gate=0.01  bins=3/3  active= 90  (349s)
  steps= 550000  held=0.01  gate=0.01  bins=3/3  active= 90  (382s)
  steps= 600000  held=0.00  gate=0.00  bins=3/3  active= 90  (425s)
  steps= 650000  held=0.00  gate=0.00  bins=3/3  active= 90  (462s)
  steps= 700000  held=0.00  gate=0.00  bins=3/3  active= 90  (500s)
  steps= 750000  held=0.00  gate=0.00  bins=3/3  active= 90  (540s)
  steps= 800000  held=0.00  gate=0.00  bins=3/3  active= 90  (575s)
  steps= 850000  held=0.01  gate=0.01  bins=3/3  active= 90  (605s)
  steps= 900000  held=0.00  gate=0.00  bins=3/3  active= 90  (636s)
  steps= 950000  held=0.00  gate=0.00  bins=3/3  active= 90  (665s)
  steps=1000000  held=0.01  gate=0.01  bins=3/3  active= 90  (706s)
  steps=1050000  held=0.00  gate=0.00  bins=3/3  active= 90  (747s)
  steps=1100000  held=0.03  gate=0.03  bins=3/3  active= 90  (788s)
  steps=1150000  held=0.03  gate=0.03  bins=3/3  active= 90  (826s)
  steps=1200000  held=0.00  gate=0.00  bins=3/3  active= 90  (881s)
  steps=1250000  held=0.00  gate=0.00  bins=3/3  active= 90  (935s)
  steps=1300000  held=0.00  gate=0.00  bins=3/3  active= 90  (986s)
  steps=1350000  held=0.01  gate=0.01  bins=3/3  active= 90  (1037s)
  steps=1400000  held=0.00  gate=0.00  bins=3/3  active= 90  (1073s)
  steps=1450000  held=0.00  gate=0.00  bins=3/3  active= 90  (1112s)
  steps=1500000  held=0.03  gate=0.03  bins=3/3  active= 90  (1156s)

[flat] DONE  final held=0.03  steps_to_0.3=NOT REACHED  wall=1156s  -> flat_seed15.json
[flat] per-cell held: s9N1=0.06  s9N2=0.00  s9N3=0.00  s13N1=0.00  s13N2=0.00  s13N3=0.00  s17N1=0.06  s17N2=0.19  s17N3=0.00
