[flat] train=90 layouts  held-out=36 layouts
objc[85834]: Class SDLApplication is implemented in both /Users/linmuyi/miniconda3/envs/llm_gs/lib/python3.9/site-packages/pygame/.dylibs/libSDL2-2.0.0.dylib (0x1048492c8) and /Users/linmuyi/miniconda3/envs/llm_gs/lib/python3.9/site-packages/cv2/.dylibs/libSDL2-2.0.0.dylib (0x1310fc890). This may cause spurious casting failures and mysterious crashes. One of the duplicates must be removed or renamed.
objc[85834]: Class SDLAppDelegate is implemented in both /Users/linmuyi/miniconda3/envs/llm_gs/lib/python3.9/site-packages/pygame/.dylibs/libSDL2-2.0.0.dylib (0x104849318) and /Users/linmuyi/miniconda3/envs/llm_gs/lib/python3.9/site-packages/cv2/.dylibs/libSDL2-2.0.0.dylib (0x1310fc8e0). This may cause spurious casting failures and mysterious crashes. One of the duplicates must be removed or renamed.
objc[85834]: Class SDLTranslatorResponder is implemented in both /Users/linmuyi/miniconda3/envs/llm_gs/lib/python3.9/site-packages/pygame/.dylibs/libSDL2-2.0.0.dylib (0x104849390) and /Users/linmuyi/miniconda3/envs/llm_gs/lib/python3.9/site-packages/cv2/.dylibs/libSDL2-2.0.0.dylib (0x1310fc958). This may cause spurious casting failures and mysterious crashes. One of the duplicates must be removed or renamed.
objc[85834]: Class SDLMessageBoxPresenter is implemented in both /Users/linmuyi/miniconda3/envs/llm_gs/lib/python3.9/site-packages/pygame/.dylibs/libSDL2-2.0.0.dylib (0x1048493b8) and /Users/linmuyi/miniconda3/envs/llm_gs/lib/python3.9/site-packages/cv2/.dylibs/libSDL2-2.0.0.dylib (0x1310fc980). This may cause spurious casting failures and mysterious crashes. One of the duplicates must be removed or renamed.
objc[85834]: Class SDL_cocoametalview is implemented in both /Users/linmuyi/miniconda3/envs/llm_gs/lib/python3.9/site-packages/pygame/.dylibs/libSDL2-2.0.0.dylib (0x104849408) and /Users/linmuyi/miniconda3/envs/llm_gs/lib/python3.9/site-packages/cv2/.dylibs/libSDL2-2.0.0.dylib (0x1310fc9d0). This may cause spurious casting failures and mysterious crashes. One of the duplicates must be removed or renamed.
objc[85834]: Class SDLOpenGLContext is implemented in both /Users/linmuyi/miniconda3/envs/llm_gs/lib/python3.9/site-packages/pygame/.dylibs/libSDL2-2.0.0.dylib (0x104849458) and /Users/linmuyi/miniconda3/envs/llm_gs/lib/python3.9/site-packages/cv2/.dylibs/libSDL2-2.0.0.dylib (0x1310fca20). This may cause spurious casting failures and mysterious crashes. One of the duplicates must be removed or renamed.
objc[85834]: Class SDL_ShapeData is implemented in both /Users/linmuyi/miniconda3/envs/llm_gs/lib/python3.9/site-packages/pygame/.dylibs/libSDL2-2.0.0.dylib (0x1048494d0) and /Users/linmuyi/miniconda3/envs/llm_gs/lib/python3.9/site-packages/cv2/.dylibs/libSDL2-2.0.0.dylib (0x1310fca98). This may cause spurious casting failures and mysterious crashes. One of the duplicates must be removed or renamed.
objc[85834]: Class SDL_CocoaClosure is implemented in both /Users/linmuyi/miniconda3/envs/llm_gs/lib/python3.9/site-packages/pygame/.dylibs/libSDL2-2.0.0.dylib (0x104849520) and /Users/linmuyi/miniconda3/envs/llm_gs/lib/python3.9/site-packages/cv2/.dylibs/libSDL2-2.0.0.dylib (0x1310fcae8). This may cause spurious casting failures and mysterious crashes. One of the duplicates must be removed or renamed.
objc[85834]: Class SDL_VideoData is implemented in both /Users/linmuyi/miniconda3/envs/llm_gs/lib/python3.9/site-packages/pygame/.dylibs/libSDL2-2.0.0.dylib (0x104849570) and /Users/linmuyi/miniconda3/envs/llm_gs/lib/python3.9/site-packages/cv2/.dylibs/libSDL2-2.0.0.dylib (0x1310fcb38). This may cause spurious casting failures and mysterious crashes. One of the duplicates must be removed or renamed.
objc[85834]: Class SDL_WindowData is implemented in both /Users/linmuyi/miniconda3/envs/llm_gs/lib/python3.9/site-packages/pygame/.dylibs/libSDL2-2.0.0.dylib (0x1048495c0) and /Users/linmuyi/miniconda3/envs/llm_gs/lib/python3.9/site-packages/cv2/.dylibs/libSDL2-2.0.0.dylib (0x1310fcb88). This may cause spurious casting failures and mysterious crashes. One of the duplicates must be removed or renamed.
objc[85834]: Class SDLWindow is implemented in both /Users/linmuyi/miniconda3/envs/llm_gs/lib/python3.9/site-packages/pygame/.dylibs/libSDL2-2.0.0.dylib (0x1048495e8) and /Users/linmuyi/miniconda3/envs/llm_gs/lib/python3.9/site-packages/cv2/.dylibs/libSDL2-2.0.0.dylib (0x1310fcbb0). This may cause spurious casting failures and mysterious crashes. One of the duplicates must be removed or renamed.
objc[85834]: Class Cocoa_WindowListener is implemented in both /Users/linmuyi/miniconda3/envs/llm_gs/lib/python3.9/site-packages/pygame/.dylibs/libSDL2-2.0.0.dylib (0x104849610) and /Users/linmuyi/miniconda3/envs/llm_gs/lib/python3.9/site-packages/cv2/.dylibs/libSDL2-2.0.0.dylib (0x1310fcbd8). This may cause spurious casting failures and mysterious crashes. One of the duplicates must be removed or renamed.
objc[85834]: Class SDLView is implemented in both /Users/linmuyi/miniconda3/envs/llm_gs/lib/python3.9/site-packages/pygame/.dylibs/libSDL2-2.0.0.dylib (0x104849688) and /Users/linmuyi/miniconda3/envs/llm_gs/lib/python3.9/site-packages/cv2/.dylibs/libSDL2-2.0.0.dylib (0x1310fcc50). This may cause spurious casting failures and mysterious crashes. One of the duplicates must be removed or renamed.
objc[85834]: Class METAL_RenderData is implemented in both /Users/linmuyi/miniconda3/envs/llm_gs/lib/python3.9/site-packages/pygame/.dylibs/libSDL2-2.0.0.dylib (0x104849700) and /Users/linmuyi/miniconda3/envs/llm_gs/lib/python3.9/site-packages/cv2/.dylibs/libSDL2-2.0.0.dylib (0x1310fccc8). This may cause spurious casting failures and mysterious crashes. One of the duplicates must be removed or renamed.
objc[85834]: Class METAL_TextureData is implemented in both /Users/linmuyi/miniconda3/envs/llm_gs/lib/python3.9/site-packages/pygame/.dylibs/libSDL2-2.0.0.dylib (0x104849750) and /Users/linmuyi/miniconda3/envs/llm_gs/lib/python3.9/site-packages/cv2/.dylibs/libSDL2-2.0.0.dylib (0x1310fcd18). This may cause spurious casting failures and mysterious crashes. One of the duplicates must be removed or renamed.
objc[85834]: Class SDL_RumbleMotor is implemented in both /Users/linmuyi/miniconda3/envs/llm_gs/lib/python3.9/site-packages/pygame/.dylibs/libSDL2-2.0.0.dylib (0x104849778) and /Users/linmuyi/miniconda3/envs/llm_gs/lib/python3.9/site-packages/cv2/.dylibs/libSDL2-2.0.0.dylib (0x1310fcd40). This may cause spurious casting failures and mysterious crashes. One of the duplicates must be removed or renamed.
objc[85834]: Class SDL_RumbleContext is implemented in both /Users/linmuyi/miniconda3/envs/llm_gs/lib/python3.9/site-packages/pygame/.dylibs/libSDL2-2.0.0.dylib (0x1048497c8) and /Users/linmuyi/miniconda3/envs/llm_gs/lib/python3.9/site-packages/cv2/.dylibs/libSDL2-2.0.0.dylib (0x1310fcd90). This may cause spurious casting failures and mysterious crashes. One of the duplicates must be removed or renamed.
[flat] 1500000 steps, 30 checkpoints, flat (no curriculum)

  steps=  50000  held=0.00  gate=0.00  bins=3/3  active= 90  (32s)
  steps= 100000  held=0.02  gate=0.02  bins=3/3  active= 90  (67s)
  steps= 150000  held=0.03  gate=0.03  bins=3/3  active= 90  (104s)
  steps= 200000  held=0.03  gate=0.03  bins=3/3  active= 90  (153s)
  steps= 250000  held=0.00  gate=0.00  bins=3/3  active= 90  (208s)
  steps= 300000  held=0.00  gate=0.00  bins=3/3  active= 90  (267s)
  steps= 350000  held=0.01  gate=0.01  bins=3/3  active= 90  (323s)
  steps= 400000  held=0.00  gate=0.00  bins=3/3  active= 90  (379s)
  steps= 450000  held=0.00  gate=0.00  bins=3/3  active= 90  (436s)
  steps= 500000  held=0.00  gate=0.00  bins=3/3  active= 90  (495s)
  steps= 550000  held=0.00  gate=0.00  bins=3/3  active= 90  (549s)
  steps= 600000  held=0.02  gate=0.02  bins=3/3  active= 90  (601s)
  steps= 650000  held=0.00  gate=0.00  bins=3/3  active= 90  (653s)
  steps= 700000  held=0.12  gate=0.12  bins=3/3  active= 90  (701s)
  steps= 750000  held=0.10  gate=0.10  bins=3/3  active= 90  (746s)
  steps= 800000  held=0.12  gate=0.12  bins=3/3  active= 90  (784s)
  steps= 850000  held=0.03  gate=0.03  bins=3/3  active= 90  (861s)
  steps= 900000  held=0.00  gate=0.00  bins=3/3  active= 90  (962s)
  steps= 950000  held=0.00  gate=0.00  bins=3/3  active= 90  (1026s)
  steps=1000000  held=0.02  gate=0.02  bins=3/3  active= 90  (1085s)
  steps=1050000  held=0.10  gate=0.10  bins=3/3  active= 90  (1134s)
  steps=1100000  held=0.12  gate=0.12  bins=3/3  active= 90  (1178s)
  steps=1150000  held=0.03  gate=0.03  bins=3/3  active= 90  (1236s)
  steps=1200000  held=0.02  gate=0.02  bins=3/3  active= 90  (1294s)
  steps=1250000  held=0.01  gate=0.01  bins=3/3  active= 90  (1352s)
  steps=1300000  held=0.06  gate=0.06  bins=3/3  active= 90  (1408s)
  steps=1350000  held=0.11  gate=0.11  bins=3/3  active= 90  (1455s)
  steps=1400000  held=0.00  gate=0.00  bins=3/3  active= 90  (1513s)
  steps=1450000  held=0.11  gate=0.11  bins=3/3  active= 90  (1544s)
  steps=1500000  held=0.05  gate=0.05  bins=3/3  active= 90  (1593s)

[flat] DONE  final held=0.05  steps_to_0.3=NOT REACHED  wall=1593s  -> flat_seed13.json
[flat] per-cell held: s9N1=0.00  s9N2=0.00  s9N3=0.00  s13N1=0.00  s13N2=0.06  s13N3=0.00  s17N1=0.06  s17N2=0.31  s17N3=0.00
