[flat] train=90 layouts  held-out=36 layouts
objc[23046]: Class SDLApplication is implemented in both /Users/linmuyi/miniconda3/envs/llm_gs/lib/python3.9/site-packages/pygame/.dylibs/libSDL2-2.0.0.dylib (0x114c6d2c8) and /Users/linmuyi/miniconda3/envs/llm_gs/lib/python3.9/site-packages/cv2/.dylibs/libSDL2-2.0.0.dylib (0x169a40890). This may cause spurious casting failures and mysterious crashes. One of the duplicates must be removed or renamed.
objc[23046]: Class SDLAppDelegate is implemented in both /Users/linmuyi/miniconda3/envs/llm_gs/lib/python3.9/site-packages/pygame/.dylibs/libSDL2-2.0.0.dylib (0x114c6d318) and /Users/linmuyi/miniconda3/envs/llm_gs/lib/python3.9/site-packages/cv2/.dylibs/libSDL2-2.0.0.dylib (0x169a408e0). This may cause spurious casting failures and mysterious crashes. One of the duplicates must be removed or renamed.
objc[23046]: Class SDLTranslatorResponder is implemented in both /Users/linmuyi/miniconda3/envs/llm_gs/lib/python3.9/site-packages/pygame/.dylibs/libSDL2-2.0.0.dylib (0x114c6d390) and /Users/linmuyi/miniconda3/envs/llm_gs/lib/python3.9/site-packages/cv2/.dylibs/libSDL2-2.0.0.dylib (0x169a40958). This may cause spurious casting failures and mysterious crashes. One of the duplicates must be removed or renamed.
objc[23046]: Class SDLMessageBoxPresenter is implemented in both /Users/linmuyi/miniconda3/envs/llm_gs/lib/python3.9/site-packages/pygame/.dylibs/libSDL2-2.0.0.dylib (0x114c6d3b8) and /Users/linmuyi/miniconda3/envs/llm_gs/lib/python3.9/site-packages/cv2/.dylibs/libSDL2-2.0.0.dylib (0x169a40980). This may cause spurious casting failures and mysterious crashes. One of the duplicates must be removed or renamed.
objc[23046]: Class SDL_cocoametalview is implemented in both /Users/linmuyi/miniconda3/envs/llm_gs/lib/python3.9/site-packages/pygame/.dylibs/libSDL2-2.0.0.dylib (0x114c6d408) and /Users/linmuyi/miniconda3/envs/llm_gs/lib/python3.9/site-packages/cv2/.dylibs/libSDL2-2.0.0.dylib (0x169a409d0). This may cause spurious casting failures and mysterious crashes. One of the duplicates must be removed or renamed.
objc[23046]: Class SDLOpenGLContext is implemented in both /Users/linmuyi/miniconda3/envs/llm_gs/lib/python3.9/site-packages/pygame/.dylibs/libSDL2-2.0.0.dylib (0x114c6d458) and /Users/linmuyi/miniconda3/envs/llm_gs/lib/python3.9/site-packages/cv2/.dylibs/libSDL2-2.0.0.dylib (0x169a40a20). This may cause spurious casting failures and mysterious crashes. One of the duplicates must be removed or renamed.
objc[23046]: Class SDL_ShapeData is implemented in both /Users/linmuyi/miniconda3/envs/llm_gs/lib/python3.9/site-packages/pygame/.dylibs/libSDL2-2.0.0.dylib (0x114c6d4d0) and /Users/linmuyi/miniconda3/envs/llm_gs/lib/python3.9/site-packages/cv2/.dylibs/libSDL2-2.0.0.dylib (0x169a40a98). This may cause spurious casting failures and mysterious crashes. One of the duplicates must be removed or renamed.
objc[23046]: Class SDL_CocoaClosure is implemented in both /Users/linmuyi/miniconda3/envs/llm_gs/lib/python3.9/site-packages/pygame/.dylibs/libSDL2-2.0.0.dylib (0x114c6d520) and /Users/linmuyi/miniconda3/envs/llm_gs/lib/python3.9/site-packages/cv2/.dylibs/libSDL2-2.0.0.dylib (0x169a40ae8). This may cause spurious casting failures and mysterious crashes. One of the duplicates must be removed or renamed.
objc[23046]: Class SDL_VideoData is implemented in both /Users/linmuyi/miniconda3/envs/llm_gs/lib/python3.9/site-packages/pygame/.dylibs/libSDL2-2.0.0.dylib (0x114c6d570) and /Users/linmuyi/miniconda3/envs/llm_gs/lib/python3.9/site-packages/cv2/.dylibs/libSDL2-2.0.0.dylib (0x169a40b38). This may cause spurious casting failures and mysterious crashes. One of the duplicates must be removed or renamed.
objc[23046]: Class SDL_WindowData is implemented in both /Users/linmuyi/miniconda3/envs/llm_gs/lib/python3.9/site-packages/pygame/.dylibs/libSDL2-2.0.0.dylib (0x114c6d5c0) and /Users/linmuyi/miniconda3/envs/llm_gs/lib/python3.9/site-packages/cv2/.dylibs/libSDL2-2.0.0.dylib (0x169a40b88). This may cause spurious casting failures and mysterious crashes. One of the duplicates must be removed or renamed.
objc[23046]: Class SDLWindow is implemented in both /Users/linmuyi/miniconda3/envs/llm_gs/lib/python3.9/site-packages/pygame/.dylibs/libSDL2-2.0.0.dylib (0x114c6d5e8) and /Users/linmuyi/miniconda3/envs/llm_gs/lib/python3.9/site-packages/cv2/.dylibs/libSDL2-2.0.0.dylib (0x169a40bb0). This may cause spurious casting failures and mysterious crashes. One of the duplicates must be removed or renamed.
objc[23046]: Class Cocoa_WindowListener is implemented in both /Users/linmuyi/miniconda3/envs/llm_gs/lib/python3.9/site-packages/pygame/.dylibs/libSDL2-2.0.0.dylib (0x114c6d610) and /Users/linmuyi/miniconda3/envs/llm_gs/lib/python3.9/site-packages/cv2/.dylibs/libSDL2-2.0.0.dylib (0x169a40bd8). This may cause spurious casting failures and mysterious crashes. One of the duplicates must be removed or renamed.
objc[23046]: Class SDLView is implemented in both /Users/linmuyi/miniconda3/envs/llm_gs/lib/python3.9/site-packages/pygame/.dylibs/libSDL2-2.0.0.dylib (0x114c6d688) and /Users/linmuyi/miniconda3/envs/llm_gs/lib/python3.9/site-packages/cv2/.dylibs/libSDL2-2.0.0.dylib (0x169a40c50). This may cause spurious casting failures and mysterious crashes. One of the duplicates must be removed or renamed.
objc[23046]: Class METAL_RenderData is implemented in both /Users/linmuyi/miniconda3/envs/llm_gs/lib/python3.9/site-packages/pygame/.dylibs/libSDL2-2.0.0.dylib (0x114c6d700) and /Users/linmuyi/miniconda3/envs/llm_gs/lib/python3.9/site-packages/cv2/.dylibs/libSDL2-2.0.0.dylib (0x169a40cc8). This may cause spurious casting failures and mysterious crashes. One of the duplicates must be removed or renamed.
objc[23046]: Class METAL_TextureData is implemented in both /Users/linmuyi/miniconda3/envs/llm_gs/lib/python3.9/site-packages/pygame/.dylibs/libSDL2-2.0.0.dylib (0x114c6d750) and /Users/linmuyi/miniconda3/envs/llm_gs/lib/python3.9/site-packages/cv2/.dylibs/libSDL2-2.0.0.dylib (0x169a40d18). This may cause spurious casting failures and mysterious crashes. One of the duplicates must be removed or renamed.
objc[23046]: Class SDL_RumbleMotor is implemented in both /Users/linmuyi/miniconda3/envs/llm_gs/lib/python3.9/site-packages/pygame/.dylibs/libSDL2-2.0.0.dylib (0x114c6d778) and /Users/linmuyi/miniconda3/envs/llm_gs/lib/python3.9/site-packages/cv2/.dylibs/libSDL2-2.0.0.dylib (0x169a40d40). This may cause spurious casting failures and mysterious crashes. One of the duplicates must be removed or renamed.
objc[23046]: Class SDL_RumbleContext is implemented in both /Users/linmuyi/miniconda3/envs/llm_gs/lib/python3.9/site-packages/pygame/.dylibs/libSDL2-2.0.0.dylib (0x114c6d7c8) and /Users/linmuyi/miniconda3/envs/llm_gs/lib/python3.9/site-packages/cv2/.dylibs/libSDL2-2.0.0.dylib (0x169a40d90). This may cause spurious casting failures and mysterious crashes. One of the duplicates must be removed or renamed.
[flat] 1500000 steps, 30 checkpoints, flat (no curriculum)

  steps=  50000  held=0.01  gate=0.01  bins=3/3  active= 90  (30s)
  steps= 100000  held=0.00  gate=0.00  bins=3/3  active= 90  (60s)
  steps= 150000  held=0.02  gate=0.02  bins=3/3  active= 90  (88s)
  steps= 200000  held=0.15  gate=0.15  bins=3/3  active= 90  (119s)
  steps= 250000  held=0.11  gate=0.11  bins=3/3  active= 90  (163s)
  steps= 300000  held=0.01  gate=0.01  bins=3/3  active= 90  (211s)
  steps= 350000  held=0.14  gate=0.14  bins=3/3  active= 90  (245s)
  steps= 400000  held=0.15  gate=0.15  bins=3/3  active= 90  (281s)
  steps= 450000  held=0.15  gate=0.15  bins=3/3  active= 90  (321s)
  steps= 500000  held=0.12  gate=0.12  bins=3/3  active= 90  (368s)
  steps= 550000  held=0.10  gate=0.10  bins=3/3  active= 90  (414s)
  steps= 600000  held=0.10  gate=0.10  bins=3/3  active= 90  (460s)
  steps= 650000  held=0.05  gate=0.05  bins=3/3  active= 90  (509s)
  steps= 700000  held=0.13  gate=0.13  bins=3/3  active= 90  (546s)
  steps= 750000  held=0.03  gate=0.03  bins=3/3  active= 90  (584s)
  steps= 800000  held=0.08  gate=0.08  bins=3/3  active= 90  (620s)
  steps= 850000  held=0.00  gate=0.00  bins=3/3  active= 90  (665s)
  steps= 900000  held=0.01  gate=0.01  bins=3/3  active= 90  (701s)
  steps= 950000  held=0.00  gate=0.00  bins=3/3  active= 90  (746s)
  steps=1000000  held=0.01  gate=0.01  bins=3/3  active= 90  (785s)
  steps=1050000  held=0.00  gate=0.00  bins=3/3  active= 90  (828s)
  steps=1100000  held=0.01  gate=0.01  bins=3/3  active= 90  (870s)
  steps=1150000  held=0.01  gate=0.01  bins=3/3  active= 90  (919s)
  steps=1200000  held=0.03  gate=0.03  bins=3/3  active= 90  (952s)
  steps=1250000  held=0.10  gate=0.10  bins=3/3  active= 90  (986s)
  steps=1300000  held=0.00  gate=0.00  bins=3/3  active= 90  (1040s)
  steps=1350000  held=0.01  gate=0.01  bins=3/3  active= 90  (1093s)
  steps=1400000  held=0.03  gate=0.03  bins=3/3  active= 90  (1129s)
  steps=1450000  held=0.02  gate=0.02  bins=3/3  active= 90  (1170s)
  steps=1500000  held=0.03  gate=0.03  bins=3/3  active= 90  (1218s)

[flat] DONE  final held=0.03  steps_to_0.3=NOT REACHED  wall=1218s  -> flat_seed2.json
[flat] per-cell held: s9N1=0.06  s9N2=0.00  s9N3=0.00  s13N1=0.12  s13N2=0.00  s13N3=0.00  s17N1=0.06  s17N2=0.00  s17N3=0.00
