[rivers_only] train=90 layouts  held-out=36 layouts
objc[77658]: Class SDLApplication is implemented in both /Users/linmuyi/miniconda3/envs/llm_gs/lib/python3.9/site-packages/pygame/.dylibs/libSDL2-2.0.0.dylib (0x1028992c8) and /Users/linmuyi/miniconda3/envs/llm_gs/lib/python3.9/site-packages/cv2/.dylibs/libSDL2-2.0.0.dylib (0x13fd4c890). This may cause spurious casting failures and mysterious crashes. One of the duplicates must be removed or renamed.
objc[77658]: Class SDLAppDelegate is implemented in both /Users/linmuyi/miniconda3/envs/llm_gs/lib/python3.9/site-packages/pygame/.dylibs/libSDL2-2.0.0.dylib (0x102899318) and /Users/linmuyi/miniconda3/envs/llm_gs/lib/python3.9/site-packages/cv2/.dylibs/libSDL2-2.0.0.dylib (0x13fd4c8e0). This may cause spurious casting failures and mysterious crashes. One of the duplicates must be removed or renamed.
objc[77658]: Class SDLTranslatorResponder is implemented in both /Users/linmuyi/miniconda3/envs/llm_gs/lib/python3.9/site-packages/pygame/.dylibs/libSDL2-2.0.0.dylib (0x102899390) and /Users/linmuyi/miniconda3/envs/llm_gs/lib/python3.9/site-packages/cv2/.dylibs/libSDL2-2.0.0.dylib (0x13fd4c958). This may cause spurious casting failures and mysterious crashes. One of the duplicates must be removed or renamed.
objc[77658]: Class SDLMessageBoxPresenter is implemented in both /Users/linmuyi/miniconda3/envs/llm_gs/lib/python3.9/site-packages/pygame/.dylibs/libSDL2-2.0.0.dylib (0x1028993b8) and /Users/linmuyi/miniconda3/envs/llm_gs/lib/python3.9/site-packages/cv2/.dylibs/libSDL2-2.0.0.dylib (0x13fd4c980). This may cause spurious casting failures and mysterious crashes. One of the duplicates must be removed or renamed.
objc[77658]: Class SDL_cocoametalview is implemented in both /Users/linmuyi/miniconda3/envs/llm_gs/lib/python3.9/site-packages/pygame/.dylibs/libSDL2-2.0.0.dylib (0x102899408) and /Users/linmuyi/miniconda3/envs/llm_gs/lib/python3.9/site-packages/cv2/.dylibs/libSDL2-2.0.0.dylib (0x13fd4c9d0). This may cause spurious casting failures and mysterious crashes. One of the duplicates must be removed or renamed.
objc[77658]: Class SDLOpenGLContext is implemented in both /Users/linmuyi/miniconda3/envs/llm_gs/lib/python3.9/site-packages/pygame/.dylibs/libSDL2-2.0.0.dylib (0x102899458) and /Users/linmuyi/miniconda3/envs/llm_gs/lib/python3.9/site-packages/cv2/.dylibs/libSDL2-2.0.0.dylib (0x13fd4ca20). This may cause spurious casting failures and mysterious crashes. One of the duplicates must be removed or renamed.
objc[77658]: Class SDL_ShapeData is implemented in both /Users/linmuyi/miniconda3/envs/llm_gs/lib/python3.9/site-packages/pygame/.dylibs/libSDL2-2.0.0.dylib (0x1028994d0) and /Users/linmuyi/miniconda3/envs/llm_gs/lib/python3.9/site-packages/cv2/.dylibs/libSDL2-2.0.0.dylib (0x13fd4ca98). This may cause spurious casting failures and mysterious crashes. One of the duplicates must be removed or renamed.
objc[77658]: Class SDL_CocoaClosure is implemented in both /Users/linmuyi/miniconda3/envs/llm_gs/lib/python3.9/site-packages/pygame/.dylibs/libSDL2-2.0.0.dylib (0x102899520) and /Users/linmuyi/miniconda3/envs/llm_gs/lib/python3.9/site-packages/cv2/.dylibs/libSDL2-2.0.0.dylib (0x13fd4cae8). This may cause spurious casting failures and mysterious crashes. One of the duplicates must be removed or renamed.
objc[77658]: Class SDL_VideoData is implemented in both /Users/linmuyi/miniconda3/envs/llm_gs/lib/python3.9/site-packages/pygame/.dylibs/libSDL2-2.0.0.dylib (0x102899570) and /Users/linmuyi/miniconda3/envs/llm_gs/lib/python3.9/site-packages/cv2/.dylibs/libSDL2-2.0.0.dylib (0x13fd4cb38). This may cause spurious casting failures and mysterious crashes. One of the duplicates must be removed or renamed.
objc[77658]: Class SDL_WindowData is implemented in both /Users/linmuyi/miniconda3/envs/llm_gs/lib/python3.9/site-packages/pygame/.dylibs/libSDL2-2.0.0.dylib (0x1028995c0) and /Users/linmuyi/miniconda3/envs/llm_gs/lib/python3.9/site-packages/cv2/.dylibs/libSDL2-2.0.0.dylib (0x13fd4cb88). This may cause spurious casting failures and mysterious crashes. One of the duplicates must be removed or renamed.
objc[77658]: Class SDLWindow is implemented in both /Users/linmuyi/miniconda3/envs/llm_gs/lib/python3.9/site-packages/pygame/.dylibs/libSDL2-2.0.0.dylib (0x1028995e8) and /Users/linmuyi/miniconda3/envs/llm_gs/lib/python3.9/site-packages/cv2/.dylibs/libSDL2-2.0.0.dylib (0x13fd4cbb0). This may cause spurious casting failures and mysterious crashes. One of the duplicates must be removed or renamed.
objc[77658]: Class Cocoa_WindowListener is implemented in both /Users/linmuyi/miniconda3/envs/llm_gs/lib/python3.9/site-packages/pygame/.dylibs/libSDL2-2.0.0.dylib (0x102899610) and /Users/linmuyi/miniconda3/envs/llm_gs/lib/python3.9/site-packages/cv2/.dylibs/libSDL2-2.0.0.dylib (0x13fd4cbd8). This may cause spurious casting failures and mysterious crashes. One of the duplicates must be removed or renamed.
objc[77658]: Class SDLView is implemented in both /Users/linmuyi/miniconda3/envs/llm_gs/lib/python3.9/site-packages/pygame/.dylibs/libSDL2-2.0.0.dylib (0x102899688) and /Users/linmuyi/miniconda3/envs/llm_gs/lib/python3.9/site-packages/cv2/.dylibs/libSDL2-2.0.0.dylib (0x13fd4cc50). This may cause spurious casting failures and mysterious crashes. One of the duplicates must be removed or renamed.
objc[77658]: Class METAL_RenderData is implemented in both /Users/linmuyi/miniconda3/envs/llm_gs/lib/python3.9/site-packages/pygame/.dylibs/libSDL2-2.0.0.dylib (0x102899700) and /Users/linmuyi/miniconda3/envs/llm_gs/lib/python3.9/site-packages/cv2/.dylibs/libSDL2-2.0.0.dylib (0x13fd4ccc8). This may cause spurious casting failures and mysterious crashes. One of the duplicates must be removed or renamed.
objc[77658]: Class METAL_TextureData is implemented in both /Users/linmuyi/miniconda3/envs/llm_gs/lib/python3.9/site-packages/pygame/.dylibs/libSDL2-2.0.0.dylib (0x102899750) and /Users/linmuyi/miniconda3/envs/llm_gs/lib/python3.9/site-packages/cv2/.dylibs/libSDL2-2.0.0.dylib (0x13fd4cd18). This may cause spurious casting failures and mysterious crashes. One of the duplicates must be removed or renamed.
objc[77658]: Class SDL_RumbleMotor is implemented in both /Users/linmuyi/miniconda3/envs/llm_gs/lib/python3.9/site-packages/pygame/.dylibs/libSDL2-2.0.0.dylib (0x102899778) and /Users/linmuyi/miniconda3/envs/llm_gs/lib/python3.9/site-packages/cv2/.dylibs/libSDL2-2.0.0.dylib (0x13fd4cd40). This may cause spurious casting failures and mysterious crashes. One of the duplicates must be removed or renamed.
objc[77658]: Class SDL_RumbleContext is implemented in both /Users/linmuyi/miniconda3/envs/llm_gs/lib/python3.9/site-packages/pygame/.dylibs/libSDL2-2.0.0.dylib (0x1028997c8) and /Users/linmuyi/miniconda3/envs/llm_gs/lib/python3.9/site-packages/cv2/.dylibs/libSDL2-2.0.0.dylib (0x13fd4cd90). This may cause spurious casting failures and mysterious crashes. One of the duplicates must be removed or renamed.
[rivers_only] 1500000 steps, 30 checkpoints, curriculum

  steps=  50000  held=0.00  gate=0.00  bins=1/3  active= 30  (35s)
  steps= 100000  held=0.01  gate=0.01  bins=1/3  active= 30  (70s)
  steps= 150000  held=0.00  gate=0.04  bins=1/3  active= 30  (104s)
  steps= 200000  held=0.00  gate=0.00  bins=1/3  active= 30  (140s)
  steps= 250000  held=0.00  gate=0.03  bins=1/3  active= 30  (188s)
  steps= 300000  held=0.02  gate=0.04  bins=1/3  active= 30  (236s)
  steps= 350000  held=0.02  gate=0.01  bins=1/3  active= 30  (294s)
  steps= 400000  held=0.13  gate=0.11  bins=2/3  active= 60  [UNLOCK:deadline]  (334s)
  steps= 450000  held=0.12  gate=0.08  bins=2/3  active= 60  (390s)
  steps= 500000  held=0.12  gate=0.07  bins=2/3  active= 60  (445s)
  steps= 550000  held=0.01  gate=0.04  bins=2/3  active= 60  (507s)
  steps= 600000  held=0.01  gate=0.06  bins=2/3  active= 60  (560s)
  steps= 650000  held=0.12  gate=0.01  bins=2/3  active= 60  (604s)
  steps= 700000  held=0.15  gate=0.12  bins=2/3  active= 60  (652s)
  steps= 750000  held=0.15  gate=0.17  bins=2/3  active= 60  (692s)
  steps= 800000  held=0.23  gate=0.18  bins=3/3  active= 90  [UNLOCK:deadline]  (736s)
  steps= 850000  held=0.10  gate=0.10  bins=3/3  active= 90  (786s)
  steps= 900000  held=0.17  gate=0.17  bins=3/3  active= 90  (832s)
  steps= 950000  held=0.05  gate=0.05  bins=3/3  active= 90  (886s)
  steps=1000000  held=0.10  gate=0.10  bins=3/3  active= 90  (932s)
  steps=1050000  held=0.18  gate=0.18  bins=3/3  active= 90  (981s)
  steps=1100000  held=0.40  gate=0.40  bins=3/3  active= 90  (1028s)
  steps=1150000  held=0.59  gate=0.59  bins=3/3  active= 90  (1066s)
  steps=1200000  held=0.61  gate=0.61  bins=3/3  active= 90  (1103s)
  steps=1250000  held=0.68  gate=0.68  bins=3/3  active= 90  (1138s)
  steps=1300000  held=0.67  gate=0.67  bins=3/3  active= 90  (1176s)
  steps=1350000  held=0.73  gate=0.73  bins=3/3  active= 90  (1214s)
  steps=1400000  held=0.58  gate=0.58  bins=3/3  active= 90  (1256s)
  steps=1450000  held=0.62  gate=0.62  bins=3/3  active= 90  (1294s)
  steps=1500000  held=0.68  gate=0.68  bins=3/3  active= 90  (1331s)

[rivers_only] DONE  final held=0.68  steps_to_0.3=1,100,000  wall=1331s  -> rivers_only_seed11.json
[rivers_only] per-cell held: s9N1=0.75  s9N2=0.50  s9N3=0.00  s13N1=0.94  s13N2=0.94  s13N3=0.25  s17N1=1.00  s17N2=1.00  s17N3=0.75
