[rivers_only] train=90 layouts  held-out=36 layouts
objc[48501]: Class SDLApplication is implemented in both /Users/linmuyi/miniconda3/envs/llm_gs/lib/python3.9/site-packages/pygame/.dylibs/libSDL2-2.0.0.dylib (0x106a852c8) and /Users/linmuyi/miniconda3/envs/llm_gs/lib/python3.9/site-packages/cv2/.dylibs/libSDL2-2.0.0.dylib (0x13c760890). This may cause spurious casting failures and mysterious crashes. One of the duplicates must be removed or renamed.
objc[48501]: Class SDLAppDelegate is implemented in both /Users/linmuyi/miniconda3/envs/llm_gs/lib/python3.9/site-packages/pygame/.dylibs/libSDL2-2.0.0.dylib (0x106a85318) and /Users/linmuyi/miniconda3/envs/llm_gs/lib/python3.9/site-packages/cv2/.dylibs/libSDL2-2.0.0.dylib (0x13c7608e0). This may cause spurious casting failures and mysterious crashes. One of the duplicates must be removed or renamed.
objc[48501]: Class SDLTranslatorResponder is implemented in both /Users/linmuyi/miniconda3/envs/llm_gs/lib/python3.9/site-packages/pygame/.dylibs/libSDL2-2.0.0.dylib (0x106a85390) and /Users/linmuyi/miniconda3/envs/llm_gs/lib/python3.9/site-packages/cv2/.dylibs/libSDL2-2.0.0.dylib (0x13c760958). This may cause spurious casting failures and mysterious crashes. One of the duplicates must be removed or renamed.
objc[48501]: Class SDLMessageBoxPresenter is implemented in both /Users/linmuyi/miniconda3/envs/llm_gs/lib/python3.9/site-packages/pygame/.dylibs/libSDL2-2.0.0.dylib (0x106a853b8) and /Users/linmuyi/miniconda3/envs/llm_gs/lib/python3.9/site-packages/cv2/.dylibs/libSDL2-2.0.0.dylib (0x13c760980). This may cause spurious casting failures and mysterious crashes. One of the duplicates must be removed or renamed.
objc[48501]: Class SDL_cocoametalview is implemented in both /Users/linmuyi/miniconda3/envs/llm_gs/lib/python3.9/site-packages/pygame/.dylibs/libSDL2-2.0.0.dylib (0x106a85408) and /Users/linmuyi/miniconda3/envs/llm_gs/lib/python3.9/site-packages/cv2/.dylibs/libSDL2-2.0.0.dylib (0x13c7609d0). This may cause spurious casting failures and mysterious crashes. One of the duplicates must be removed or renamed.
objc[48501]: Class SDLOpenGLContext is implemented in both /Users/linmuyi/miniconda3/envs/llm_gs/lib/python3.9/site-packages/pygame/.dylibs/libSDL2-2.0.0.dylib (0x106a85458) and /Users/linmuyi/miniconda3/envs/llm_gs/lib/python3.9/site-packages/cv2/.dylibs/libSDL2-2.0.0.dylib (0x13c760a20). This may cause spurious casting failures and mysterious crashes. One of the duplicates must be removed or renamed.
objc[48501]: Class SDL_ShapeData is implemented in both /Users/linmuyi/miniconda3/envs/llm_gs/lib/python3.9/site-packages/pygame/.dylibs/libSDL2-2.0.0.dylib (0x106a854d0) and /Users/linmuyi/miniconda3/envs/llm_gs/lib/python3.9/site-packages/cv2/.dylibs/libSDL2-2.0.0.dylib (0x13c760a98). This may cause spurious casting failures and mysterious crashes. One of the duplicates must be removed or renamed.
objc[48501]: Class SDL_CocoaClosure is implemented in both /Users/linmuyi/miniconda3/envs/llm_gs/lib/python3.9/site-packages/pygame/.dylibs/libSDL2-2.0.0.dylib (0x106a85520) and /Users/linmuyi/miniconda3/envs/llm_gs/lib/python3.9/site-packages/cv2/.dylibs/libSDL2-2.0.0.dylib (0x13c760ae8). This may cause spurious casting failures and mysterious crashes. One of the duplicates must be removed or renamed.
objc[48501]: Class SDL_VideoData is implemented in both /Users/linmuyi/miniconda3/envs/llm_gs/lib/python3.9/site-packages/pygame/.dylibs/libSDL2-2.0.0.dylib (0x106a85570) and /Users/linmuyi/miniconda3/envs/llm_gs/lib/python3.9/site-packages/cv2/.dylibs/libSDL2-2.0.0.dylib (0x13c760b38). This may cause spurious casting failures and mysterious crashes. One of the duplicates must be removed or renamed.
objc[48501]: Class SDL_WindowData is implemented in both /Users/linmuyi/miniconda3/envs/llm_gs/lib/python3.9/site-packages/pygame/.dylibs/libSDL2-2.0.0.dylib (0x106a855c0) and /Users/linmuyi/miniconda3/envs/llm_gs/lib/python3.9/site-packages/cv2/.dylibs/libSDL2-2.0.0.dylib (0x13c760b88). This may cause spurious casting failures and mysterious crashes. One of the duplicates must be removed or renamed.
objc[48501]: Class SDLWindow is implemented in both /Users/linmuyi/miniconda3/envs/llm_gs/lib/python3.9/site-packages/pygame/.dylibs/libSDL2-2.0.0.dylib (0x106a855e8) and /Users/linmuyi/miniconda3/envs/llm_gs/lib/python3.9/site-packages/cv2/.dylibs/libSDL2-2.0.0.dylib (0x13c760bb0). This may cause spurious casting failures and mysterious crashes. One of the duplicates must be removed or renamed.
objc[48501]: Class Cocoa_WindowListener is implemented in both /Users/linmuyi/miniconda3/envs/llm_gs/lib/python3.9/site-packages/pygame/.dylibs/libSDL2-2.0.0.dylib (0x106a85610) and /Users/linmuyi/miniconda3/envs/llm_gs/lib/python3.9/site-packages/cv2/.dylibs/libSDL2-2.0.0.dylib (0x13c760bd8). This may cause spurious casting failures and mysterious crashes. One of the duplicates must be removed or renamed.
objc[48501]: Class SDLView is implemented in both /Users/linmuyi/miniconda3/envs/llm_gs/lib/python3.9/site-packages/pygame/.dylibs/libSDL2-2.0.0.dylib (0x106a85688) and /Users/linmuyi/miniconda3/envs/llm_gs/lib/python3.9/site-packages/cv2/.dylibs/libSDL2-2.0.0.dylib (0x13c760c50). This may cause spurious casting failures and mysterious crashes. One of the duplicates must be removed or renamed.
objc[48501]: Class METAL_RenderData is implemented in both /Users/linmuyi/miniconda3/envs/llm_gs/lib/python3.9/site-packages/pygame/.dylibs/libSDL2-2.0.0.dylib (0x106a85700) and /Users/linmuyi/miniconda3/envs/llm_gs/lib/python3.9/site-packages/cv2/.dylibs/libSDL2-2.0.0.dylib (0x13c760cc8). This may cause spurious casting failures and mysterious crashes. One of the duplicates must be removed or renamed.
objc[48501]: Class METAL_TextureData is implemented in both /Users/linmuyi/miniconda3/envs/llm_gs/lib/python3.9/site-packages/pygame/.dylibs/libSDL2-2.0.0.dylib (0x106a85750) and /Users/linmuyi/miniconda3/envs/llm_gs/lib/python3.9/site-packages/cv2/.dylibs/libSDL2-2.0.0.dylib (0x13c760d18). This may cause spurious casting failures and mysterious crashes. One of the duplicates must be removed or renamed.
objc[48501]: Class SDL_RumbleMotor is implemented in both /Users/linmuyi/miniconda3/envs/llm_gs/lib/python3.9/site-packages/pygame/.dylibs/libSDL2-2.0.0.dylib (0x106a85778) and /Users/linmuyi/miniconda3/envs/llm_gs/lib/python3.9/site-packages/cv2/.dylibs/libSDL2-2.0.0.dylib (0x13c760d40). This may cause spurious casting failures and mysterious crashes. One of the duplicates must be removed or renamed.
objc[48501]: Class SDL_RumbleContext is implemented in both /Users/linmuyi/miniconda3/envs/llm_gs/lib/python3.9/site-packages/pygame/.dylibs/libSDL2-2.0.0.dylib (0x106a857c8) and /Users/linmuyi/miniconda3/envs/llm_gs/lib/python3.9/site-packages/cv2/.dylibs/libSDL2-2.0.0.dylib (0x13c760d90). This may cause spurious casting failures and mysterious crashes. One of the duplicates must be removed or renamed.
[rivers_only] 1500000 steps, 30 checkpoints, curriculum

  steps=  50000  held=0.00  gate=0.00  bins=1/3  active= 30  (34s)
  steps= 100000  held=0.00  gate=0.06  bins=1/3  active= 30  (62s)
  steps= 150000  held=0.02  gate=0.03  bins=1/3  active= 30  (87s)
  steps= 200000  held=0.03  gate=0.11  bins=1/3  active= 30  (113s)
  steps= 250000  held=0.03  gate=0.11  bins=1/3  active= 30  (139s)
  steps= 300000  held=0.02  gate=0.15  bins=1/3  active= 30  (170s)
  steps= 350000  held=0.03  gate=0.11  bins=1/3  active= 30  (214s)
  steps= 400000  held=0.04  gate=0.17  bins=2/3  active= 60  [UNLOCK:deadline]  (251s)
  steps= 450000  held=0.03  gate=0.07  bins=2/3  active= 60  (297s)
  steps= 500000  held=0.03  gate=0.15  bins=2/3  active= 60  (335s)
  steps= 550000  held=0.03  gate=0.17  bins=2/3  active= 60  (374s)
  steps= 600000  held=0.04  gate=0.14  bins=2/3  active= 60  (431s)
  steps= 650000  held=0.08  gate=0.17  bins=2/3  active= 60  (465s)
  steps= 700000  held=0.09  gate=0.18  bins=2/3  active= 60  (512s)
  steps= 750000  held=0.07  gate=0.17  bins=2/3  active= 60  (560s)
  steps= 800000  held=0.01  gate=0.19  bins=3/3  active= 90  [UNLOCK:deadline]  (616s)
  steps= 850000  held=0.13  gate=0.13  bins=3/3  active= 90  (659s)
  steps= 900000  held=0.09  gate=0.09  bins=3/3  active= 90  (701s)
  steps= 950000  held=0.06  gate=0.06  bins=3/3  active= 90  (747s)
  steps=1000000  held=0.15  gate=0.15  bins=3/3  active= 90  (781s)
  steps=1050000  held=0.09  gate=0.09  bins=3/3  active= 90  (824s)
  steps=1100000  held=0.10  gate=0.10  bins=3/3  active= 90  (860s)
  steps=1150000  held=0.26  gate=0.26  bins=3/3  active= 90  (901s)
  steps=1200000  held=0.21  gate=0.21  bins=3/3  active= 90  (947s)
  steps=1250000  held=0.28  gate=0.28  bins=3/3  active= 90  (991s)
  steps=1300000  held=0.07  gate=0.07  bins=3/3  active= 90  (1041s)
  steps=1350000  held=0.08  gate=0.08  bins=3/3  active= 90  (1084s)
  steps=1400000  held=0.12  gate=0.12  bins=3/3  active= 90  (1133s)
  steps=1450000  held=0.15  gate=0.15  bins=3/3  active= 90  (1175s)
  steps=1500000  held=0.24  gate=0.24  bins=3/3  active= 90  (1216s)

[rivers_only] DONE  final held=0.24  steps_to_0.3=NOT REACHED  wall=1216s  -> rivers_only_seed39.json
[rivers_only] per-cell held: s9N1=0.50  s9N2=0.19  s9N3=0.00  s13N1=0.44  s13N2=0.12  s13N3=0.12  s17N1=0.50  s17N2=0.25  s17N3=0.00
