[grader] train=90 layouts  held-out=36 layouts
objc[39940]: Class SDLApplication is implemented in both /Users/linmuyi/miniconda3/envs/llm_gs/lib/python3.9/site-packages/pygame/.dylibs/libSDL2-2.0.0.dylib (0x102a392c8) and /Users/linmuyi/miniconda3/envs/llm_gs/lib/python3.9/site-packages/cv2/.dylibs/libSDL2-2.0.0.dylib (0x169f30890). This may cause spurious casting failures and mysterious crashes. One of the duplicates must be removed or renamed.
objc[39940]: Class SDLAppDelegate is implemented in both /Users/linmuyi/miniconda3/envs/llm_gs/lib/python3.9/site-packages/pygame/.dylibs/libSDL2-2.0.0.dylib (0x102a39318) and /Users/linmuyi/miniconda3/envs/llm_gs/lib/python3.9/site-packages/cv2/.dylibs/libSDL2-2.0.0.dylib (0x169f308e0). This may cause spurious casting failures and mysterious crashes. One of the duplicates must be removed or renamed.
objc[39940]: Class SDLTranslatorResponder is implemented in both /Users/linmuyi/miniconda3/envs/llm_gs/lib/python3.9/site-packages/pygame/.dylibs/libSDL2-2.0.0.dylib (0x102a39390) and /Users/linmuyi/miniconda3/envs/llm_gs/lib/python3.9/site-packages/cv2/.dylibs/libSDL2-2.0.0.dylib (0x169f30958). This may cause spurious casting failures and mysterious crashes. One of the duplicates must be removed or renamed.
objc[39940]: Class SDLMessageBoxPresenter is implemented in both /Users/linmuyi/miniconda3/envs/llm_gs/lib/python3.9/site-packages/pygame/.dylibs/libSDL2-2.0.0.dylib (0x102a393b8) and /Users/linmuyi/miniconda3/envs/llm_gs/lib/python3.9/site-packages/cv2/.dylibs/libSDL2-2.0.0.dylib (0x169f30980). This may cause spurious casting failures and mysterious crashes. One of the duplicates must be removed or renamed.
objc[39940]: Class SDL_cocoametalview is implemented in both /Users/linmuyi/miniconda3/envs/llm_gs/lib/python3.9/site-packages/pygame/.dylibs/libSDL2-2.0.0.dylib (0x102a39408) and /Users/linmuyi/miniconda3/envs/llm_gs/lib/python3.9/site-packages/cv2/.dylibs/libSDL2-2.0.0.dylib (0x169f309d0). This may cause spurious casting failures and mysterious crashes. One of the duplicates must be removed or renamed.
objc[39940]: Class SDLOpenGLContext is implemented in both /Users/linmuyi/miniconda3/envs/llm_gs/lib/python3.9/site-packages/pygame/.dylibs/libSDL2-2.0.0.dylib (0x102a39458) and /Users/linmuyi/miniconda3/envs/llm_gs/lib/python3.9/site-packages/cv2/.dylibs/libSDL2-2.0.0.dylib (0x169f30a20). This may cause spurious casting failures and mysterious crashes. One of the duplicates must be removed or renamed.
objc[39940]: Class SDL_ShapeData is implemented in both /Users/linmuyi/miniconda3/envs/llm_gs/lib/python3.9/site-packages/pygame/.dylibs/libSDL2-2.0.0.dylib (0x102a394d0) and /Users/linmuyi/miniconda3/envs/llm_gs/lib/python3.9/site-packages/cv2/.dylibs/libSDL2-2.0.0.dylib (0x169f30a98). This may cause spurious casting failures and mysterious crashes. One of the duplicates must be removed or renamed.
objc[39940]: Class SDL_CocoaClosure is implemented in both /Users/linmuyi/miniconda3/envs/llm_gs/lib/python3.9/site-packages/pygame/.dylibs/libSDL2-2.0.0.dylib (0x102a39520) and /Users/linmuyi/miniconda3/envs/llm_gs/lib/python3.9/site-packages/cv2/.dylibs/libSDL2-2.0.0.dylib (0x169f30ae8). This may cause spurious casting failures and mysterious crashes. One of the duplicates must be removed or renamed.
objc[39940]: Class SDL_VideoData is implemented in both /Users/linmuyi/miniconda3/envs/llm_gs/lib/python3.9/site-packages/pygame/.dylibs/libSDL2-2.0.0.dylib (0x102a39570) and /Users/linmuyi/miniconda3/envs/llm_gs/lib/python3.9/site-packages/cv2/.dylibs/libSDL2-2.0.0.dylib (0x169f30b38). This may cause spurious casting failures and mysterious crashes. One of the duplicates must be removed or renamed.
objc[39940]: Class SDL_WindowData is implemented in both /Users/linmuyi/miniconda3/envs/llm_gs/lib/python3.9/site-packages/pygame/.dylibs/libSDL2-2.0.0.dylib (0x102a395c0) and /Users/linmuyi/miniconda3/envs/llm_gs/lib/python3.9/site-packages/cv2/.dylibs/libSDL2-2.0.0.dylib (0x169f30b88). This may cause spurious casting failures and mysterious crashes. One of the duplicates must be removed or renamed.
objc[39940]: Class SDLWindow is implemented in both /Users/linmuyi/miniconda3/envs/llm_gs/lib/python3.9/site-packages/pygame/.dylibs/libSDL2-2.0.0.dylib (0x102a395e8) and /Users/linmuyi/miniconda3/envs/llm_gs/lib/python3.9/site-packages/cv2/.dylibs/libSDL2-2.0.0.dylib (0x169f30bb0). This may cause spurious casting failures and mysterious crashes. One of the duplicates must be removed or renamed.
objc[39940]: Class Cocoa_WindowListener is implemented in both /Users/linmuyi/miniconda3/envs/llm_gs/lib/python3.9/site-packages/pygame/.dylibs/libSDL2-2.0.0.dylib (0x102a39610) and /Users/linmuyi/miniconda3/envs/llm_gs/lib/python3.9/site-packages/cv2/.dylibs/libSDL2-2.0.0.dylib (0x169f30bd8). This may cause spurious casting failures and mysterious crashes. One of the duplicates must be removed or renamed.
objc[39940]: Class SDLView is implemented in both /Users/linmuyi/miniconda3/envs/llm_gs/lib/python3.9/site-packages/pygame/.dylibs/libSDL2-2.0.0.dylib (0x102a39688) and /Users/linmuyi/miniconda3/envs/llm_gs/lib/python3.9/site-packages/cv2/.dylibs/libSDL2-2.0.0.dylib (0x169f30c50). This may cause spurious casting failures and mysterious crashes. One of the duplicates must be removed or renamed.
objc[39940]: Class METAL_RenderData is implemented in both /Users/linmuyi/miniconda3/envs/llm_gs/lib/python3.9/site-packages/pygame/.dylibs/libSDL2-2.0.0.dylib (0x102a39700) and /Users/linmuyi/miniconda3/envs/llm_gs/lib/python3.9/site-packages/cv2/.dylibs/libSDL2-2.0.0.dylib (0x169f30cc8). This may cause spurious casting failures and mysterious crashes. One of the duplicates must be removed or renamed.
objc[39940]: Class METAL_TextureData is implemented in both /Users/linmuyi/miniconda3/envs/llm_gs/lib/python3.9/site-packages/pygame/.dylibs/libSDL2-2.0.0.dylib (0x102a39750) and /Users/linmuyi/miniconda3/envs/llm_gs/lib/python3.9/site-packages/cv2/.dylibs/libSDL2-2.0.0.dylib (0x169f30d18). This may cause spurious casting failures and mysterious crashes. One of the duplicates must be removed or renamed.
objc[39940]: Class SDL_RumbleMotor is implemented in both /Users/linmuyi/miniconda3/envs/llm_gs/lib/python3.9/site-packages/pygame/.dylibs/libSDL2-2.0.0.dylib (0x102a39778) and /Users/linmuyi/miniconda3/envs/llm_gs/lib/python3.9/site-packages/cv2/.dylibs/libSDL2-2.0.0.dylib (0x169f30d40). This may cause spurious casting failures and mysterious crashes. One of the duplicates must be removed or renamed.
objc[39940]: Class SDL_RumbleContext is implemented in both /Users/linmuyi/miniconda3/envs/llm_gs/lib/python3.9/site-packages/pygame/.dylibs/libSDL2-2.0.0.dylib (0x102a397c8) and /Users/linmuyi/miniconda3/envs/llm_gs/lib/python3.9/site-packages/cv2/.dylibs/libSDL2-2.0.0.dylib (0x169f30d90). This may cause spurious casting failures and mysterious crashes. One of the duplicates must be removed or renamed.
[grader] 1500000 steps, 30 checkpoints, curriculum

  steps=  50000  held=0.00  gate=0.00  bins=1/3  active= 30  (54s)
  steps= 100000  held=0.03  gate=0.04  bins=1/3  active= 30  (85s)
  steps= 150000  held=0.16  gate=0.33  bins=1/3  active= 30  (133s)
  steps= 200000  held=0.15  gate=0.14  bins=1/3  active= 30  (173s)
  steps= 250000  held=0.06  gate=0.18  bins=1/3  active= 30  (225s)
  steps= 300000  held=0.01  gate=0.04  bins=1/3  active= 30  (287s)
  steps= 350000  held=0.03  gate=0.22  bins=1/3  active= 30  (338s)
  steps= 400000  held=0.06  gate=0.26  bins=2/3  active= 60  [UNLOCK:deadline]  (396s)
  steps= 450000  held=0.03  gate=0.08  bins=2/3  active= 60  (461s)
  steps= 500000  held=0.08  gate=0.06  bins=2/3  active= 60  (516s)
  steps= 550000  held=0.08  gate=0.12  bins=2/3  active= 60  (564s)
  steps= 600000  held=0.06  gate=0.19  bins=2/3  active= 60  (613s)
  steps= 650000  held=0.22  gate=0.25  bins=2/3  active= 60  (659s)
  steps= 700000  held=0.20  gate=0.38  bins=2/3  active= 60  (716s)
  steps= 750000  held=0.35  gate=0.39  bins=2/3  active= 60  (763s)
  steps= 800000  held=0.33  gate=0.58  bins=3/3  active= 90  [UNLOCK:gate]  (815s)
  steps= 850000  held=0.32  gate=0.32  bins=3/3  active= 90  (858s)
  steps= 900000  held=0.40  gate=0.40  bins=3/3  active= 90  (899s)
  steps= 950000  held=0.51  gate=0.51  bins=3/3  active= 90  (936s)
  steps=1000000  held=0.39  gate=0.39  bins=3/3  active= 90  (978s)
  steps=1050000  held=0.45  gate=0.45  bins=3/3  active= 90  (1020s)
  steps=1100000  held=0.51  gate=0.51  bins=3/3  active= 90  (1061s)
  steps=1150000  held=0.56  gate=0.56  bins=3/3  active= 90  (1100s)
  steps=1200000  held=0.63  gate=0.63  bins=3/3  active= 90  (1140s)
  steps=1250000  held=0.35  gate=0.35  bins=3/3  active= 90  (1188s)
  steps=1300000  held=0.24  gate=0.24  bins=3/3  active= 90  (1235s)
  steps=1350000  held=0.43  gate=0.43  bins=3/3  active= 90  (1278s)
  steps=1400000  held=0.51  gate=0.51  bins=3/3  active= 90  (1316s)
  steps=1450000  held=0.68  gate=0.68  bins=3/3  active= 90  (1353s)
  steps=1500000  held=0.55  gate=0.55  bins=3/3  active= 90  (1390s)

[grader] DONE  final held=0.55  steps_to_0.3=750,000  wall=1390s  -> grader_seed16.json
[grader] per-cell held: s9N1=0.56  s9N2=0.50  s9N3=0.25  s13N1=0.88  s13N2=0.50  s13N3=0.31  s17N1=0.69  s17N2=0.69  s17N3=0.56
