[rivers_only] train=90 layouts  held-out=36 layouts
objc[27063]: Class SDLApplication is implemented in both /Users/linmuyi/miniconda3/envs/llm_gs/lib/python3.9/site-packages/pygame/.dylibs/libSDL2-2.0.0.dylib (0x102e3d2c8) and /Users/linmuyi/miniconda3/envs/llm_gs/lib/python3.9/site-packages/cv2/.dylibs/libSDL2-2.0.0.dylib (0x16a75c890). This may cause spurious casting failures and mysterious crashes. One of the duplicates must be removed or renamed.
objc[27063]: Class SDLAppDelegate is implemented in both /Users/linmuyi/miniconda3/envs/llm_gs/lib/python3.9/site-packages/pygame/.dylibs/libSDL2-2.0.0.dylib (0x102e3d318) and /Users/linmuyi/miniconda3/envs/llm_gs/lib/python3.9/site-packages/cv2/.dylibs/libSDL2-2.0.0.dylib (0x16a75c8e0). This may cause spurious casting failures and mysterious crashes. One of the duplicates must be removed or renamed.
objc[27063]: Class SDLTranslatorResponder is implemented in both /Users/linmuyi/miniconda3/envs/llm_gs/lib/python3.9/site-packages/pygame/.dylibs/libSDL2-2.0.0.dylib (0x102e3d390) and /Users/linmuyi/miniconda3/envs/llm_gs/lib/python3.9/site-packages/cv2/.dylibs/libSDL2-2.0.0.dylib (0x16a75c958). This may cause spurious casting failures and mysterious crashes. One of the duplicates must be removed or renamed.
objc[27063]: Class SDLMessageBoxPresenter is implemented in both /Users/linmuyi/miniconda3/envs/llm_gs/lib/python3.9/site-packages/pygame/.dylibs/libSDL2-2.0.0.dylib (0x102e3d3b8) and /Users/linmuyi/miniconda3/envs/llm_gs/lib/python3.9/site-packages/cv2/.dylibs/libSDL2-2.0.0.dylib (0x16a75c980). This may cause spurious casting failures and mysterious crashes. One of the duplicates must be removed or renamed.
objc[27063]: Class SDL_cocoametalview is implemented in both /Users/linmuyi/miniconda3/envs/llm_gs/lib/python3.9/site-packages/pygame/.dylibs/libSDL2-2.0.0.dylib (0x102e3d408) and /Users/linmuyi/miniconda3/envs/llm_gs/lib/python3.9/site-packages/cv2/.dylibs/libSDL2-2.0.0.dylib (0x16a75c9d0). This may cause spurious casting failures and mysterious crashes. One of the duplicates must be removed or renamed.
objc[27063]: Class SDLOpenGLContext is implemented in both /Users/linmuyi/miniconda3/envs/llm_gs/lib/python3.9/site-packages/pygame/.dylibs/libSDL2-2.0.0.dylib (0x102e3d458) and /Users/linmuyi/miniconda3/envs/llm_gs/lib/python3.9/site-packages/cv2/.dylibs/libSDL2-2.0.0.dylib (0x16a75ca20). This may cause spurious casting failures and mysterious crashes. One of the duplicates must be removed or renamed.
objc[27063]: Class SDL_ShapeData is implemented in both /Users/linmuyi/miniconda3/envs/llm_gs/lib/python3.9/site-packages/pygame/.dylibs/libSDL2-2.0.0.dylib (0x102e3d4d0) and /Users/linmuyi/miniconda3/envs/llm_gs/lib/python3.9/site-packages/cv2/.dylibs/libSDL2-2.0.0.dylib (0x16a75ca98). This may cause spurious casting failures and mysterious crashes. One of the duplicates must be removed or renamed.
objc[27063]: Class SDL_CocoaClosure is implemented in both /Users/linmuyi/miniconda3/envs/llm_gs/lib/python3.9/site-packages/pygame/.dylibs/libSDL2-2.0.0.dylib (0x102e3d520) and /Users/linmuyi/miniconda3/envs/llm_gs/lib/python3.9/site-packages/cv2/.dylibs/libSDL2-2.0.0.dylib (0x16a75cae8). This may cause spurious casting failures and mysterious crashes. One of the duplicates must be removed or renamed.
objc[27063]: Class SDL_VideoData is implemented in both /Users/linmuyi/miniconda3/envs/llm_gs/lib/python3.9/site-packages/pygame/.dylibs/libSDL2-2.0.0.dylib (0x102e3d570) and /Users/linmuyi/miniconda3/envs/llm_gs/lib/python3.9/site-packages/cv2/.dylibs/libSDL2-2.0.0.dylib (0x16a75cb38). This may cause spurious casting failures and mysterious crashes. One of the duplicates must be removed or renamed.
objc[27063]: Class SDL_WindowData is implemented in both /Users/linmuyi/miniconda3/envs/llm_gs/lib/python3.9/site-packages/pygame/.dylibs/libSDL2-2.0.0.dylib (0x102e3d5c0) and /Users/linmuyi/miniconda3/envs/llm_gs/lib/python3.9/site-packages/cv2/.dylibs/libSDL2-2.0.0.dylib (0x16a75cb88). This may cause spurious casting failures and mysterious crashes. One of the duplicates must be removed or renamed.
objc[27063]: Class SDLWindow is implemented in both /Users/linmuyi/miniconda3/envs/llm_gs/lib/python3.9/site-packages/pygame/.dylibs/libSDL2-2.0.0.dylib (0x102e3d5e8) and /Users/linmuyi/miniconda3/envs/llm_gs/lib/python3.9/site-packages/cv2/.dylibs/libSDL2-2.0.0.dylib (0x16a75cbb0). This may cause spurious casting failures and mysterious crashes. One of the duplicates must be removed or renamed.
objc[27063]: Class Cocoa_WindowListener is implemented in both /Users/linmuyi/miniconda3/envs/llm_gs/lib/python3.9/site-packages/pygame/.dylibs/libSDL2-2.0.0.dylib (0x102e3d610) and /Users/linmuyi/miniconda3/envs/llm_gs/lib/python3.9/site-packages/cv2/.dylibs/libSDL2-2.0.0.dylib (0x16a75cbd8). This may cause spurious casting failures and mysterious crashes. One of the duplicates must be removed or renamed.
objc[27063]: Class SDLView is implemented in both /Users/linmuyi/miniconda3/envs/llm_gs/lib/python3.9/site-packages/pygame/.dylibs/libSDL2-2.0.0.dylib (0x102e3d688) and /Users/linmuyi/miniconda3/envs/llm_gs/lib/python3.9/site-packages/cv2/.dylibs/libSDL2-2.0.0.dylib (0x16a75cc50). This may cause spurious casting failures and mysterious crashes. One of the duplicates must be removed or renamed.
objc[27063]: Class METAL_RenderData is implemented in both /Users/linmuyi/miniconda3/envs/llm_gs/lib/python3.9/site-packages/pygame/.dylibs/libSDL2-2.0.0.dylib (0x102e3d700) and /Users/linmuyi/miniconda3/envs/llm_gs/lib/python3.9/site-packages/cv2/.dylibs/libSDL2-2.0.0.dylib (0x16a75ccc8). This may cause spurious casting failures and mysterious crashes. One of the duplicates must be removed or renamed.
objc[27063]: Class METAL_TextureData is implemented in both /Users/linmuyi/miniconda3/envs/llm_gs/lib/python3.9/site-packages/pygame/.dylibs/libSDL2-2.0.0.dylib (0x102e3d750) and /Users/linmuyi/miniconda3/envs/llm_gs/lib/python3.9/site-packages/cv2/.dylibs/libSDL2-2.0.0.dylib (0x16a75cd18). This may cause spurious casting failures and mysterious crashes. One of the duplicates must be removed or renamed.
objc[27063]: Class SDL_RumbleMotor is implemented in both /Users/linmuyi/miniconda3/envs/llm_gs/lib/python3.9/site-packages/pygame/.dylibs/libSDL2-2.0.0.dylib (0x102e3d778) and /Users/linmuyi/miniconda3/envs/llm_gs/lib/python3.9/site-packages/cv2/.dylibs/libSDL2-2.0.0.dylib (0x16a75cd40). This may cause spurious casting failures and mysterious crashes. One of the duplicates must be removed or renamed.
objc[27063]: Class SDL_RumbleContext is implemented in both /Users/linmuyi/miniconda3/envs/llm_gs/lib/python3.9/site-packages/pygame/.dylibs/libSDL2-2.0.0.dylib (0x102e3d7c8) and /Users/linmuyi/miniconda3/envs/llm_gs/lib/python3.9/site-packages/cv2/.dylibs/libSDL2-2.0.0.dylib (0x16a75cd90). This may cause spurious casting failures and mysterious crashes. One of the duplicates must be removed or renamed.
[rivers_only] 1500000 steps, 30 checkpoints, curriculum

  steps=  50000  held=0.00  gate=0.01  bins=1/3  active= 30  (41s)
  steps= 100000  held=0.00  gate=0.01  bins=1/3  active= 30  (88s)
  steps= 150000  held=0.00  gate=0.00  bins=1/3  active= 30  (129s)
  steps= 200000  held=0.00  gate=0.00  bins=1/3  active= 30  (172s)
  steps= 250000  held=0.00  gate=0.01  bins=1/3  active= 30  (214s)
  steps= 300000  held=0.00  gate=0.00  bins=1/3  active= 30  (262s)
  steps= 350000  held=0.00  gate=0.00  bins=1/3  active= 30  (322s)
  steps= 400000  held=0.00  gate=0.00  bins=2/3  active= 60  [UNLOCK:deadline]  (383s)
  steps= 450000  held=0.00  gate=0.00  bins=2/3  active= 60  (430s)
  steps= 500000  held=0.00  gate=0.00  bins=2/3  active= 60  (481s)
  steps= 550000  held=0.00  gate=0.03  bins=2/3  active= 60  (526s)
  steps= 600000  held=0.00  gate=0.00  bins=2/3  active= 60  (582s)
  steps= 650000  held=0.00  gate=0.00  bins=2/3  active= 60  (635s)
  steps= 700000  held=0.01  gate=0.00  bins=2/3  active= 60  (665s)
  steps= 750000  held=0.00  gate=0.01  bins=2/3  active= 60  (702s)
  steps= 800000  held=0.00  gate=0.00  bins=3/3  active= 90  [UNLOCK:deadline]  (756s)
  steps= 850000  held=0.00  gate=0.00  bins=3/3  active= 90  (795s)
  steps= 900000  held=0.00  gate=0.00  bins=3/3  active= 90  (839s)
  steps= 950000  held=0.00  gate=0.00  bins=3/3  active= 90  (880s)
  steps=1000000  held=0.00  gate=0.00  bins=3/3  active= 90  (917s)
  steps=1050000  held=0.00  gate=0.00  bins=3/3  active= 90  (954s)
  steps=1100000  held=0.00  gate=0.00  bins=3/3  active= 90  (990s)
  steps=1150000  held=0.00  gate=0.00  bins=3/3  active= 90  (1027s)
  steps=1200000  held=0.00  gate=0.00  bins=3/3  active= 90  (1072s)
  steps=1250000  held=0.01  gate=0.01  bins=3/3  active= 90  (1114s)
  steps=1300000  held=0.01  gate=0.01  bins=3/3  active= 90  (1154s)
  steps=1350000  held=0.01  gate=0.01  bins=3/3  active= 90  (1198s)
  steps=1400000  held=0.00  gate=0.00  bins=3/3  active= 90  (1247s)
  steps=1450000  held=0.01  gate=0.01  bins=3/3  active= 90  (1294s)
  steps=1500000  held=0.00  gate=0.00  bins=3/3  active= 90  (1343s)

[rivers_only] DONE  final held=0.00  steps_to_0.3=NOT REACHED  wall=1343s  -> rivers_only_seed34.json
[rivers_only] per-cell held: s9N1=0.00  s9N2=0.00  s9N3=0.00  s13N1=0.00  s13N2=0.00  s13N3=0.00  s17N1=0.00  s17N2=0.00  s17N3=0.00
