[grader] train=90 layouts  held-out=36 layouts
objc[50289]: Class SDLApplication is implemented in both /Users/linmuyi/miniconda3/envs/llm_gs/lib/python3.9/site-packages/pygame/.dylibs/libSDL2-2.0.0.dylib (0x10a5d12c8) and /Users/linmuyi/miniconda3/envs/llm_gs/lib/python3.9/site-packages/cv2/.dylibs/libSDL2-2.0.0.dylib (0x308ffc890). This may cause spurious casting failures and mysterious crashes. One of the duplicates must be removed or renamed.
objc[50289]: Class SDLAppDelegate is implemented in both /Users/linmuyi/miniconda3/envs/llm_gs/lib/python3.9/site-packages/pygame/.dylibs/libSDL2-2.0.0.dylib (0x10a5d1318) and /Users/linmuyi/miniconda3/envs/llm_gs/lib/python3.9/site-packages/cv2/.dylibs/libSDL2-2.0.0.dylib (0x308ffc8e0). This may cause spurious casting failures and mysterious crashes. One of the duplicates must be removed or renamed.
objc[50289]: Class SDLTranslatorResponder is implemented in both /Users/linmuyi/miniconda3/envs/llm_gs/lib/python3.9/site-packages/pygame/.dylibs/libSDL2-2.0.0.dylib (0x10a5d1390) and /Users/linmuyi/miniconda3/envs/llm_gs/lib/python3.9/site-packages/cv2/.dylibs/libSDL2-2.0.0.dylib (0x308ffc958). This may cause spurious casting failures and mysterious crashes. One of the duplicates must be removed or renamed.
objc[50289]: Class SDLMessageBoxPresenter is implemented in both /Users/linmuyi/miniconda3/envs/llm_gs/lib/python3.9/site-packages/pygame/.dylibs/libSDL2-2.0.0.dylib (0x10a5d13b8) and /Users/linmuyi/miniconda3/envs/llm_gs/lib/python3.9/site-packages/cv2/.dylibs/libSDL2-2.0.0.dylib (0x308ffc980). This may cause spurious casting failures and mysterious crashes. One of the duplicates must be removed or renamed.
objc[50289]: Class SDL_cocoametalview is implemented in both /Users/linmuyi/miniconda3/envs/llm_gs/lib/python3.9/site-packages/pygame/.dylibs/libSDL2-2.0.0.dylib (0x10a5d1408) and /Users/linmuyi/miniconda3/envs/llm_gs/lib/python3.9/site-packages/cv2/.dylibs/libSDL2-2.0.0.dylib (0x308ffc9d0). This may cause spurious casting failures and mysterious crashes. One of the duplicates must be removed or renamed.
objc[50289]: Class SDLOpenGLContext is implemented in both /Users/linmuyi/miniconda3/envs/llm_gs/lib/python3.9/site-packages/pygame/.dylibs/libSDL2-2.0.0.dylib (0x10a5d1458) and /Users/linmuyi/miniconda3/envs/llm_gs/lib/python3.9/site-packages/cv2/.dylibs/libSDL2-2.0.0.dylib (0x308ffca20). This may cause spurious casting failures and mysterious crashes. One of the duplicates must be removed or renamed.
objc[50289]: Class SDL_ShapeData is implemented in both /Users/linmuyi/miniconda3/envs/llm_gs/lib/python3.9/site-packages/pygame/.dylibs/libSDL2-2.0.0.dylib (0x10a5d14d0) and /Users/linmuyi/miniconda3/envs/llm_gs/lib/python3.9/site-packages/cv2/.dylibs/libSDL2-2.0.0.dylib (0x308ffca98). This may cause spurious casting failures and mysterious crashes. One of the duplicates must be removed or renamed.
objc[50289]: Class SDL_CocoaClosure is implemented in both /Users/linmuyi/miniconda3/envs/llm_gs/lib/python3.9/site-packages/pygame/.dylibs/libSDL2-2.0.0.dylib (0x10a5d1520) and /Users/linmuyi/miniconda3/envs/llm_gs/lib/python3.9/site-packages/cv2/.dylibs/libSDL2-2.0.0.dylib (0x308ffcae8). This may cause spurious casting failures and mysterious crashes. One of the duplicates must be removed or renamed.
objc[50289]: Class SDL_VideoData is implemented in both /Users/linmuyi/miniconda3/envs/llm_gs/lib/python3.9/site-packages/pygame/.dylibs/libSDL2-2.0.0.dylib (0x10a5d1570) and /Users/linmuyi/miniconda3/envs/llm_gs/lib/python3.9/site-packages/cv2/.dylibs/libSDL2-2.0.0.dylib (0x308ffcb38). This may cause spurious casting failures and mysterious crashes. One of the duplicates must be removed or renamed.
objc[50289]: Class SDL_WindowData is implemented in both /Users/linmuyi/miniconda3/envs/llm_gs/lib/python3.9/site-packages/pygame/.dylibs/libSDL2-2.0.0.dylib (0x10a5d15c0) and /Users/linmuyi/miniconda3/envs/llm_gs/lib/python3.9/site-packages/cv2/.dylibs/libSDL2-2.0.0.dylib (0x308ffcb88). This may cause spurious casting failures and mysterious crashes. One of the duplicates must be removed or renamed.
objc[50289]: Class SDLWindow is implemented in both /Users/linmuyi/miniconda3/envs/llm_gs/lib/python3.9/site-packages/pygame/.dylibs/libSDL2-2.0.0.dylib (0x10a5d15e8) and /Users/linmuyi/miniconda3/envs/llm_gs/lib/python3.9/site-packages/cv2/.dylibs/libSDL2-2.0.0.dylib (0x308ffcbb0). This may cause spurious casting failures and mysterious crashes. One of the duplicates must be removed or renamed.
objc[50289]: Class Cocoa_WindowListener is implemented in both /Users/linmuyi/miniconda3/envs/llm_gs/lib/python3.9/site-packages/pygame/.dylibs/libSDL2-2.0.0.dylib (0x10a5d1610) and /Users/linmuyi/miniconda3/envs/llm_gs/lib/python3.9/site-packages/cv2/.dylibs/libSDL2-2.0.0.dylib (0x308ffcbd8). This may cause spurious casting failures and mysterious crashes. One of the duplicates must be removed or renamed.
objc[50289]: Class SDLView is implemented in both /Users/linmuyi/miniconda3/envs/llm_gs/lib/python3.9/site-packages/pygame/.dylibs/libSDL2-2.0.0.dylib (0x10a5d1688) and /Users/linmuyi/miniconda3/envs/llm_gs/lib/python3.9/site-packages/cv2/.dylibs/libSDL2-2.0.0.dylib (0x308ffcc50). This may cause spurious casting failures and mysterious crashes. One of the duplicates must be removed or renamed.
objc[50289]: Class METAL_RenderData is implemented in both /Users/linmuyi/miniconda3/envs/llm_gs/lib/python3.9/site-packages/pygame/.dylibs/libSDL2-2.0.0.dylib (0x10a5d1700) and /Users/linmuyi/miniconda3/envs/llm_gs/lib/python3.9/site-packages/cv2/.dylibs/libSDL2-2.0.0.dylib (0x308ffccc8). This may cause spurious casting failures and mysterious crashes. One of the duplicates must be removed or renamed.
objc[50289]: Class METAL_TextureData is implemented in both /Users/linmuyi/miniconda3/envs/llm_gs/lib/python3.9/site-packages/pygame/.dylibs/libSDL2-2.0.0.dylib (0x10a5d1750) and /Users/linmuyi/miniconda3/envs/llm_gs/lib/python3.9/site-packages/cv2/.dylibs/libSDL2-2.0.0.dylib (0x308ffcd18). This may cause spurious casting failures and mysterious crashes. One of the duplicates must be removed or renamed.
objc[50289]: Class SDL_RumbleMotor is implemented in both /Users/linmuyi/miniconda3/envs/llm_gs/lib/python3.9/site-packages/pygame/.dylibs/libSDL2-2.0.0.dylib (0x10a5d1778) and /Users/linmuyi/miniconda3/envs/llm_gs/lib/python3.9/site-packages/cv2/.dylibs/libSDL2-2.0.0.dylib (0x308ffcd40). This may cause spurious casting failures and mysterious crashes. One of the duplicates must be removed or renamed.
objc[50289]: Class SDL_RumbleContext is implemented in both /Users/linmuyi/miniconda3/envs/llm_gs/lib/python3.9/site-packages/pygame/.dylibs/libSDL2-2.0.0.dylib (0x10a5d17c8) and /Users/linmuyi/miniconda3/envs/llm_gs/lib/python3.9/site-packages/cv2/.dylibs/libSDL2-2.0.0.dylib (0x308ffcd90). This may cause spurious casting failures and mysterious crashes. One of the duplicates must be removed or renamed.
[grader] 1500000 steps, 30 checkpoints, curriculum

  steps=  50000  held=0.02  gate=0.03  bins=1/3  active= 30  (32s)
  steps= 100000  held=0.03  gate=0.21  bins=1/3  active= 30  (58s)
  steps= 150000  held=0.03  gate=0.28  bins=1/3  active= 30  (83s)
  steps= 200000  held=0.10  gate=0.19  bins=1/3  active= 30  (126s)
  steps= 250000  held=0.16  gate=0.40  bins=1/3  active= 30  (171s)
  steps= 300000  held=0.24  gate=0.38  bins=1/3  active= 30  (214s)
  steps= 350000  held=0.15  gate=0.44  bins=1/3  active= 30  (255s)
  steps= 400000  held=0.31  gate=0.46  bins=2/3  active= 60  [UNLOCK:deadline]  (300s)
  steps= 450000  held=0.20  gate=0.26  bins=2/3  active= 60  (351s)
  steps= 500000  held=0.21  gate=0.47  bins=2/3  active= 60  (407s)
  steps= 550000  held=0.31  gate=0.44  bins=2/3  active= 60  (455s)
  steps= 600000  held=0.31  gate=0.50  bins=2/3  active= 60  (506s)
  steps= 650000  held=0.43  gate=0.44  bins=2/3  active= 60  (556s)
  steps= 700000  held=0.47  gate=0.60  bins=3/3  active= 90  [UNLOCK:gate]  (604s)
  steps= 750000  held=0.49  gate=0.49  bins=3/3  active= 90  (644s)
  steps= 800000  held=0.43  gate=0.43  bins=3/3  active= 90  (686s)
  steps= 850000  held=0.36  gate=0.36  bins=3/3  active= 90  (731s)
  steps= 900000  held=0.47  gate=0.47  bins=3/3  active= 90  (773s)
  steps= 950000  held=0.36  gate=0.36  bins=3/3  active= 90  (810s)
  steps=1000000  held=0.38  gate=0.38  bins=3/3  active= 90  (852s)
  steps=1050000  held=0.47  gate=0.47  bins=3/3  active= 90  (893s)
  steps=1100000  held=0.44  gate=0.44  bins=3/3  active= 90  (934s)
  steps=1150000  held=0.45  gate=0.45  bins=3/3  active= 90  (970s)
  steps=1200000  held=0.34  gate=0.34  bins=3/3  active= 90  (1010s)
  steps=1250000  held=0.55  gate=0.55  bins=3/3  active= 90  (1046s)
  steps=1300000  held=0.44  gate=0.44  bins=3/3  active= 90  (1082s)
  steps=1350000  held=0.62  gate=0.62  bins=3/3  active= 90  (1113s)
  steps=1400000  held=0.54  gate=0.54  bins=3/3  active= 90  (1145s)
  steps=1450000  held=0.60  gate=0.60  bins=3/3  active= 90  (1178s)
  steps=1500000  held=0.62  gate=0.62  bins=3/3  active= 90  (1207s)

[grader] DONE  final held=0.62  steps_to_0.3=400,000  wall=1207s  -> grader_seed39.json
[grader] per-cell held: s9N1=0.75  s9N2=0.38  s9N3=0.38  s13N1=0.94  s13N2=0.62  s13N3=0.31  s17N1=0.81  s17N2=0.88  s17N3=0.50
