[size_order] train=90 layouts  held-out=36 layouts
objc[52292]: Class SDLApplication is implemented in both /Users/linmuyi/miniconda3/envs/llm_gs/lib/python3.9/site-packages/pygame/.dylibs/libSDL2-2.0.0.dylib (0x102a3d2c8) and /Users/linmuyi/miniconda3/envs/llm_gs/lib/python3.9/site-packages/cv2/.dylibs/libSDL2-2.0.0.dylib (0x138760890). This may cause spurious casting failures and mysterious crashes. One of the duplicates must be removed or renamed.
objc[52292]: Class SDLAppDelegate is implemented in both /Users/linmuyi/miniconda3/envs/llm_gs/lib/python3.9/site-packages/pygame/.dylibs/libSDL2-2.0.0.dylib (0x102a3d318) and /Users/linmuyi/miniconda3/envs/llm_gs/lib/python3.9/site-packages/cv2/.dylibs/libSDL2-2.0.0.dylib (0x1387608e0). This may cause spurious casting failures and mysterious crashes. One of the duplicates must be removed or renamed.
objc[52292]: Class SDLTranslatorResponder is implemented in both /Users/linmuyi/miniconda3/envs/llm_gs/lib/python3.9/site-packages/pygame/.dylibs/libSDL2-2.0.0.dylib (0x102a3d390) and /Users/linmuyi/miniconda3/envs/llm_gs/lib/python3.9/site-packages/cv2/.dylibs/libSDL2-2.0.0.dylib (0x138760958). This may cause spurious casting failures and mysterious crashes. One of the duplicates must be removed or renamed.
objc[52292]: Class SDLMessageBoxPresenter is implemented in both /Users/linmuyi/miniconda3/envs/llm_gs/lib/python3.9/site-packages/pygame/.dylibs/libSDL2-2.0.0.dylib (0x102a3d3b8) and /Users/linmuyi/miniconda3/envs/llm_gs/lib/python3.9/site-packages/cv2/.dylibs/libSDL2-2.0.0.dylib (0x138760980). This may cause spurious casting failures and mysterious crashes. One of the duplicates must be removed or renamed.
objc[52292]: Class SDL_cocoametalview is implemented in both /Users/linmuyi/miniconda3/envs/llm_gs/lib/python3.9/site-packages/pygame/.dylibs/libSDL2-2.0.0.dylib (0x102a3d408) and /Users/linmuyi/miniconda3/envs/llm_gs/lib/python3.9/site-packages/cv2/.dylibs/libSDL2-2.0.0.dylib (0x1387609d0). This may cause spurious casting failures and mysterious crashes. One of the duplicates must be removed or renamed.
objc[52292]: Class SDLOpenGLContext is implemented in both /Users/linmuyi/miniconda3/envs/llm_gs/lib/python3.9/site-packages/pygame/.dylibs/libSDL2-2.0.0.dylib (0x102a3d458) and /Users/linmuyi/miniconda3/envs/llm_gs/lib/python3.9/site-packages/cv2/.dylibs/libSDL2-2.0.0.dylib (0x138760a20). This may cause spurious casting failures and mysterious crashes. One of the duplicates must be removed or renamed.
objc[52292]: Class SDL_ShapeData is implemented in both /Users/linmuyi/miniconda3/envs/llm_gs/lib/python3.9/site-packages/pygame/.dylibs/libSDL2-2.0.0.dylib (0x102a3d4d0) and /Users/linmuyi/miniconda3/envs/llm_gs/lib/python3.9/site-packages/cv2/.dylibs/libSDL2-2.0.0.dylib (0x138760a98). This may cause spurious casting failures and mysterious crashes. One of the duplicates must be removed or renamed.
objc[52292]: Class SDL_CocoaClosure is implemented in both /Users/linmuyi/miniconda3/envs/llm_gs/lib/python3.9/site-packages/pygame/.dylibs/libSDL2-2.0.0.dylib (0x102a3d520) and /Users/linmuyi/miniconda3/envs/llm_gs/lib/python3.9/site-packages/cv2/.dylibs/libSDL2-2.0.0.dylib (0x138760ae8). This may cause spurious casting failures and mysterious crashes. One of the duplicates must be removed or renamed.
objc[52292]: Class SDL_VideoData is implemented in both /Users/linmuyi/miniconda3/envs/llm_gs/lib/python3.9/site-packages/pygame/.dylibs/libSDL2-2.0.0.dylib (0x102a3d570) and /Users/linmuyi/miniconda3/envs/llm_gs/lib/python3.9/site-packages/cv2/.dylibs/libSDL2-2.0.0.dylib (0x138760b38). This may cause spurious casting failures and mysterious crashes. One of the duplicates must be removed or renamed.
objc[52292]: Class SDL_WindowData is implemented in both /Users/linmuyi/miniconda3/envs/llm_gs/lib/python3.9/site-packages/pygame/.dylibs/libSDL2-2.0.0.dylib (0x102a3d5c0) and /Users/linmuyi/miniconda3/envs/llm_gs/lib/python3.9/site-packages/cv2/.dylibs/libSDL2-2.0.0.dylib (0x138760b88). This may cause spurious casting failures and mysterious crashes. One of the duplicates must be removed or renamed.
objc[52292]: Class SDLWindow is implemented in both /Users/linmuyi/miniconda3/envs/llm_gs/lib/python3.9/site-packages/pygame/.dylibs/libSDL2-2.0.0.dylib (0x102a3d5e8) and /Users/linmuyi/miniconda3/envs/llm_gs/lib/python3.9/site-packages/cv2/.dylibs/libSDL2-2.0.0.dylib (0x138760bb0). This may cause spurious casting failures and mysterious crashes. One of the duplicates must be removed or renamed.
objc[52292]: Class Cocoa_WindowListener is implemented in both /Users/linmuyi/miniconda3/envs/llm_gs/lib/python3.9/site-packages/pygame/.dylibs/libSDL2-2.0.0.dylib (0x102a3d610) and /Users/linmuyi/miniconda3/envs/llm_gs/lib/python3.9/site-packages/cv2/.dylibs/libSDL2-2.0.0.dylib (0x138760bd8). This may cause spurious casting failures and mysterious crashes. One of the duplicates must be removed or renamed.
objc[52292]: Class SDLView is implemented in both /Users/linmuyi/miniconda3/envs/llm_gs/lib/python3.9/site-packages/pygame/.dylibs/libSDL2-2.0.0.dylib (0x102a3d688) and /Users/linmuyi/miniconda3/envs/llm_gs/lib/python3.9/site-packages/cv2/.dylibs/libSDL2-2.0.0.dylib (0x138760c50). This may cause spurious casting failures and mysterious crashes. One of the duplicates must be removed or renamed.
objc[52292]: Class METAL_RenderData is implemented in both /Users/linmuyi/miniconda3/envs/llm_gs/lib/python3.9/site-packages/pygame/.dylibs/libSDL2-2.0.0.dylib (0x102a3d700) and /Users/linmuyi/miniconda3/envs/llm_gs/lib/python3.9/site-packages/cv2/.dylibs/libSDL2-2.0.0.dylib (0x138760cc8). This may cause spurious casting failures and mysterious crashes. One of the duplicates must be removed or renamed.
objc[52292]: Class METAL_TextureData is implemented in both /Users/linmuyi/miniconda3/envs/llm_gs/lib/python3.9/site-packages/pygame/.dylibs/libSDL2-2.0.0.dylib (0x102a3d750) and /Users/linmuyi/miniconda3/envs/llm_gs/lib/python3.9/site-packages/cv2/.dylibs/libSDL2-2.0.0.dylib (0x138760d18). This may cause spurious casting failures and mysterious crashes. One of the duplicates must be removed or renamed.
objc[52292]: Class SDL_RumbleMotor is implemented in both /Users/linmuyi/miniconda3/envs/llm_gs/lib/python3.9/site-packages/pygame/.dylibs/libSDL2-2.0.0.dylib (0x102a3d778) and /Users/linmuyi/miniconda3/envs/llm_gs/lib/python3.9/site-packages/cv2/.dylibs/libSDL2-2.0.0.dylib (0x138760d40). This may cause spurious casting failures and mysterious crashes. One of the duplicates must be removed or renamed.
objc[52292]: Class SDL_RumbleContext is implemented in both /Users/linmuyi/miniconda3/envs/llm_gs/lib/python3.9/site-packages/pygame/.dylibs/libSDL2-2.0.0.dylib (0x102a3d7c8) and /Users/linmuyi/miniconda3/envs/llm_gs/lib/python3.9/site-packages/cv2/.dylibs/libSDL2-2.0.0.dylib (0x138760d90). This may cause spurious casting failures and mysterious crashes. One of the duplicates must be removed or renamed.
[size_order] 1500000 steps, 30 checkpoints, curriculum

  steps=  50000  held=0.00  gate=0.00  bins=1/3  active= 30  (34s)
  steps= 100000  held=0.03  gate=0.00  bins=1/3  active= 30  (65s)
  steps= 150000  held=0.13  gate=0.22  bins=1/3  active= 30  (99s)
  steps= 200000  held=0.14  gate=0.11  bins=1/3  active= 30  (145s)
  steps= 250000  held=0.14  gate=0.22  bins=1/3  active= 30  (192s)
  steps= 300000  held=0.30  gate=0.33  bins=1/3  active= 30  (234s)
  steps= 350000  held=0.35  gate=0.50  bins=1/3  active= 30  (274s)
  steps= 400000  held=0.35  gate=0.60  bins=2/3  active= 60  [UNLOCK:gate]  (319s)
  steps= 450000  held=0.72  gate=0.69  bins=3/3  active= 90  [UNLOCK:gate]  (359s)
  steps= 500000  held=0.72  gate=0.72  bins=3/3  active= 90  (393s)
  steps= 550000  held=0.73  gate=0.73  bins=3/3  active= 90  (427s)
  steps= 600000  held=0.72  gate=0.72  bins=3/3  active= 90  (461s)
  steps= 650000  held=0.65  gate=0.65  bins=3/3  active= 90  (501s)
  steps= 700000  held=0.69  gate=0.69  bins=3/3  active= 90  (537s)
  steps= 750000  held=0.62  gate=0.62  bins=3/3  active= 90  (575s)
  steps= 800000  held=0.54  gate=0.54  bins=3/3  active= 90  (614s)
  steps= 850000  held=0.73  gate=0.73  bins=3/3  active= 90  (648s)
  steps= 900000  held=0.56  gate=0.56  bins=3/3  active= 90  (683s)
  steps= 950000  held=0.57  gate=0.57  bins=3/3  active= 90  (722s)
  steps=1000000  held=0.59  gate=0.59  bins=3/3  active= 90  (760s)
  steps=1050000  held=0.59  gate=0.59  bins=3/3  active= 90  (798s)
  steps=1100000  held=0.60  gate=0.60  bins=3/3  active= 90  (834s)
  steps=1150000  held=0.69  gate=0.69  bins=3/3  active= 90  (871s)
  steps=1200000  held=0.67  gate=0.67  bins=3/3  active= 90  (907s)
  steps=1250000  held=0.62  gate=0.62  bins=3/3  active= 90  (946s)
  steps=1300000  held=0.67  gate=0.67  bins=3/3  active= 90  (983s)
  steps=1350000  held=0.64  gate=0.64  bins=3/3  active= 90  (1021s)
  steps=1400000  held=0.55  gate=0.55  bins=3/3  active= 90  (1060s)
  steps=1450000  held=0.59  gate=0.59  bins=3/3  active= 90  (1099s)
  steps=1500000  held=0.60  gate=0.60  bins=3/3  active= 90  (1138s)

[size_order] DONE  final held=0.60  steps_to_0.3=350,000  wall=1138s  -> size_order_seed7.json
[size_order] per-cell held: s9N1=0.75  s9N2=0.31  s9N3=0.00  s13N1=1.00  s13N2=0.50  s13N3=0.25  s17N1=0.69  s17N2=1.00  s17N3=0.88
