[flat] train=90 layouts  held-out=36 layouts
objc[75232]: Class SDLApplication is implemented in both /Users/linmuyi/miniconda3/envs/llm_gs/lib/python3.9/site-packages/pygame/.dylibs/libSDL2-2.0.0.dylib (0x1076c12c8) and /Users/linmuyi/miniconda3/envs/llm_gs/lib/python3.9/site-packages/cv2/.dylibs/libSDL2-2.0.0.dylib (0x17f798890). This may cause spurious casting failures and mysterious crashes. One of the duplicates must be removed or renamed.
objc[75232]: Class SDLAppDelegate is implemented in both /Users/linmuyi/miniconda3/envs/llm_gs/lib/python3.9/site-packages/pygame/.dylibs/libSDL2-2.0.0.dylib (0x1076c1318) and /Users/linmuyi/miniconda3/envs/llm_gs/lib/python3.9/site-packages/cv2/.dylibs/libSDL2-2.0.0.dylib (0x17f7988e0). This may cause spurious casting failures and mysterious crashes. One of the duplicates must be removed or renamed.
objc[75232]: Class SDLTranslatorResponder is implemented in both /Users/linmuyi/miniconda3/envs/llm_gs/lib/python3.9/site-packages/pygame/.dylibs/libSDL2-2.0.0.dylib (0x1076c1390) and /Users/linmuyi/miniconda3/envs/llm_gs/lib/python3.9/site-packages/cv2/.dylibs/libSDL2-2.0.0.dylib (0x17f798958). This may cause spurious casting failures and mysterious crashes. One of the duplicates must be removed or renamed.
objc[75232]: Class SDLMessageBoxPresenter is implemented in both /Users/linmuyi/miniconda3/envs/llm_gs/lib/python3.9/site-packages/pygame/.dylibs/libSDL2-2.0.0.dylib (0x1076c13b8) and /Users/linmuyi/miniconda3/envs/llm_gs/lib/python3.9/site-packages/cv2/.dylibs/libSDL2-2.0.0.dylib (0x17f798980). This may cause spurious casting failures and mysterious crashes. One of the duplicates must be removed or renamed.
objc[75232]: Class SDL_cocoametalview is implemented in both /Users/linmuyi/miniconda3/envs/llm_gs/lib/python3.9/site-packages/pygame/.dylibs/libSDL2-2.0.0.dylib (0x1076c1408) and /Users/linmuyi/miniconda3/envs/llm_gs/lib/python3.9/site-packages/cv2/.dylibs/libSDL2-2.0.0.dylib (0x17f7989d0). This may cause spurious casting failures and mysterious crashes. One of the duplicates must be removed or renamed.
objc[75232]: Class SDLOpenGLContext is implemented in both /Users/linmuyi/miniconda3/envs/llm_gs/lib/python3.9/site-packages/pygame/.dylibs/libSDL2-2.0.0.dylib (0x1076c1458) and /Users/linmuyi/miniconda3/envs/llm_gs/lib/python3.9/site-packages/cv2/.dylibs/libSDL2-2.0.0.dylib (0x17f798a20). This may cause spurious casting failures and mysterious crashes. One of the duplicates must be removed or renamed.
objc[75232]: Class SDL_ShapeData is implemented in both /Users/linmuyi/miniconda3/envs/llm_gs/lib/python3.9/site-packages/pygame/.dylibs/libSDL2-2.0.0.dylib (0x1076c14d0) and /Users/linmuyi/miniconda3/envs/llm_gs/lib/python3.9/site-packages/cv2/.dylibs/libSDL2-2.0.0.dylib (0x17f798a98). This may cause spurious casting failures and mysterious crashes. One of the duplicates must be removed or renamed.
objc[75232]: Class SDL_CocoaClosure is implemented in both /Users/linmuyi/miniconda3/envs/llm_gs/lib/python3.9/site-packages/pygame/.dylibs/libSDL2-2.0.0.dylib (0x1076c1520) and /Users/linmuyi/miniconda3/envs/llm_gs/lib/python3.9/site-packages/cv2/.dylibs/libSDL2-2.0.0.dylib (0x17f798ae8). This may cause spurious casting failures and mysterious crashes. One of the duplicates must be removed or renamed.
objc[75232]: Class SDL_VideoData is implemented in both /Users/linmuyi/miniconda3/envs/llm_gs/lib/python3.9/site-packages/pygame/.dylibs/libSDL2-2.0.0.dylib (0x1076c1570) and /Users/linmuyi/miniconda3/envs/llm_gs/lib/python3.9/site-packages/cv2/.dylibs/libSDL2-2.0.0.dylib (0x17f798b38). This may cause spurious casting failures and mysterious crashes. One of the duplicates must be removed or renamed.
objc[75232]: Class SDL_WindowData is implemented in both /Users/linmuyi/miniconda3/envs/llm_gs/lib/python3.9/site-packages/pygame/.dylibs/libSDL2-2.0.0.dylib (0x1076c15c0) and /Users/linmuyi/miniconda3/envs/llm_gs/lib/python3.9/site-packages/cv2/.dylibs/libSDL2-2.0.0.dylib (0x17f798b88). This may cause spurious casting failures and mysterious crashes. One of the duplicates must be removed or renamed.
objc[75232]: Class SDLWindow is implemented in both /Users/linmuyi/miniconda3/envs/llm_gs/lib/python3.9/site-packages/pygame/.dylibs/libSDL2-2.0.0.dylib (0x1076c15e8) and /Users/linmuyi/miniconda3/envs/llm_gs/lib/python3.9/site-packages/cv2/.dylibs/libSDL2-2.0.0.dylib (0x17f798bb0). This may cause spurious casting failures and mysterious crashes. One of the duplicates must be removed or renamed.
objc[75232]: Class Cocoa_WindowListener is implemented in both /Users/linmuyi/miniconda3/envs/llm_gs/lib/python3.9/site-packages/pygame/.dylibs/libSDL2-2.0.0.dylib (0x1076c1610) and /Users/linmuyi/miniconda3/envs/llm_gs/lib/python3.9/site-packages/cv2/.dylibs/libSDL2-2.0.0.dylib (0x17f798bd8). This may cause spurious casting failures and mysterious crashes. One of the duplicates must be removed or renamed.
objc[75232]: Class SDLView is implemented in both /Users/linmuyi/miniconda3/envs/llm_gs/lib/python3.9/site-packages/pygame/.dylibs/libSDL2-2.0.0.dylib (0x1076c1688) and /Users/linmuyi/miniconda3/envs/llm_gs/lib/python3.9/site-packages/cv2/.dylibs/libSDL2-2.0.0.dylib (0x17f798c50). This may cause spurious casting failures and mysterious crashes. One of the duplicates must be removed or renamed.
objc[75232]: Class METAL_RenderData is implemented in both /Users/linmuyi/miniconda3/envs/llm_gs/lib/python3.9/site-packages/pygame/.dylibs/libSDL2-2.0.0.dylib (0x1076c1700) and /Users/linmuyi/miniconda3/envs/llm_gs/lib/python3.9/site-packages/cv2/.dylibs/libSDL2-2.0.0.dylib (0x17f798cc8). This may cause spurious casting failures and mysterious crashes. One of the duplicates must be removed or renamed.
objc[75232]: Class METAL_TextureData is implemented in both /Users/linmuyi/miniconda3/envs/llm_gs/lib/python3.9/site-packages/pygame/.dylibs/libSDL2-2.0.0.dylib (0x1076c1750) and /Users/linmuyi/miniconda3/envs/llm_gs/lib/python3.9/site-packages/cv2/.dylibs/libSDL2-2.0.0.dylib (0x17f798d18). This may cause spurious casting failures and mysterious crashes. One of the duplicates must be removed or renamed.
objc[75232]: Class SDL_RumbleMotor is implemented in both /Users/linmuyi/miniconda3/envs/llm_gs/lib/python3.9/site-packages/pygame/.dylibs/libSDL2-2.0.0.dylib (0x1076c1778) and /Users/linmuyi/miniconda3/envs/llm_gs/lib/python3.9/site-packages/cv2/.dylibs/libSDL2-2.0.0.dylib (0x17f798d40). This may cause spurious casting failures and mysterious crashes. One of the duplicates must be removed or renamed.
objc[75232]: Class SDL_RumbleContext is implemented in both /Users/linmuyi/miniconda3/envs/llm_gs/lib/python3.9/site-packages/pygame/.dylibs/libSDL2-2.0.0.dylib (0x1076c17c8) and /Users/linmuyi/miniconda3/envs/llm_gs/lib/python3.9/site-packages/cv2/.dylibs/libSDL2-2.0.0.dylib (0x17f798d90). This may cause spurious casting failures and mysterious crashes. One of the duplicates must be removed or renamed.
[flat] 1500000 steps, 30 checkpoints, flat (no curriculum)

  steps=  50000  held=0.00  gate=0.00  bins=3/3  active= 90  (54s)
  steps= 100000  held=0.02  gate=0.02  bins=3/3  active= 90  (83s)
  steps= 150000  held=0.01  gate=0.01  bins=3/3  active= 90  (110s)
  steps= 200000  held=0.01  gate=0.01  bins=3/3  active= 90  (137s)
  steps= 250000  held=0.03  gate=0.03  bins=3/3  active= 90  (166s)
  steps= 300000  held=0.12  gate=0.12  bins=3/3  active= 90  (195s)
  steps= 350000  held=0.15  gate=0.15  bins=3/3  active= 90  (232s)
  steps= 400000  held=0.14  gate=0.14  bins=3/3  active= 90  (273s)
  steps= 450000  held=0.12  gate=0.12  bins=3/3  active= 90  (316s)
  steps= 500000  held=0.18  gate=0.18  bins=3/3  active= 90  (356s)
  steps= 550000  held=0.07  gate=0.07  bins=3/3  active= 90  (405s)
  steps= 600000  held=0.13  gate=0.13  bins=3/3  active= 90  (454s)
  steps= 650000  held=0.01  gate=0.01  bins=3/3  active= 90  (505s)
  steps= 700000  held=0.08  gate=0.08  bins=3/3  active= 90  (543s)
  steps= 750000  held=0.03  gate=0.03  bins=3/3  active= 90  (588s)
  steps= 800000  held=0.10  gate=0.10  bins=3/3  active= 90  (634s)
  steps= 850000  held=0.06  gate=0.06  bins=3/3  active= 90  (669s)
  steps= 900000  held=0.10  gate=0.10  bins=3/3  active= 90  (719s)
  steps= 950000  held=0.14  gate=0.14  bins=3/3  active= 90  (765s)
  steps=1000000  held=0.17  gate=0.17  bins=3/3  active= 90  (806s)
  steps=1050000  held=0.10  gate=0.10  bins=3/3  active= 90  (854s)
  steps=1100000  held=0.02  gate=0.02  bins=3/3  active= 90  (899s)
  steps=1150000  held=0.00  gate=0.00  bins=3/3  active= 90  (942s)
  steps=1200000  held=0.00  gate=0.00  bins=3/3  active= 90  (992s)
  steps=1250000  held=0.00  gate=0.00  bins=3/3  active= 90  (1047s)
  steps=1300000  held=0.00  gate=0.00  bins=3/3  active= 90  (1101s)
  steps=1350000  held=0.00  gate=0.00  bins=3/3  active= 90  (1132s)
  steps=1400000  held=0.10  gate=0.10  bins=3/3  active= 90  (1177s)
  steps=1450000  held=0.01  gate=0.01  bins=3/3  active= 90  (1228s)
  steps=1500000  held=0.03  gate=0.03  bins=3/3  active= 90  (1275s)

[flat] DONE  final held=0.03  steps_to_0.3=NOT REACHED  wall=1275s  -> flat_seed11.json
[flat] per-cell held: s9N1=0.00  s9N2=0.00  s9N3=0.00  s13N1=0.25  s13N2=0.00  s13N3=0.00  s17N1=0.00  s17N2=0.00  s17N3=0.00
