[grader] train=90 layouts  held-out=36 layouts
objc[32179]: Class SDLApplication is implemented in both /Users/linmuyi/miniconda3/envs/llm_gs/lib/python3.9/site-packages/pygame/.dylibs/libSDL2-2.0.0.dylib (0x10a3612c8) and /Users/linmuyi/miniconda3/envs/llm_gs/lib/python3.9/site-packages/cv2/.dylibs/libSDL2-2.0.0.dylib (0x16bbc4890). This may cause spurious casting failures and mysterious crashes. One of the duplicates must be removed or renamed.
objc[32179]: Class SDLAppDelegate is implemented in both /Users/linmuyi/miniconda3/envs/llm_gs/lib/python3.9/site-packages/pygame/.dylibs/libSDL2-2.0.0.dylib (0x10a361318) and /Users/linmuyi/miniconda3/envs/llm_gs/lib/python3.9/site-packages/cv2/.dylibs/libSDL2-2.0.0.dylib (0x16bbc48e0). This may cause spurious casting failures and mysterious crashes. One of the duplicates must be removed or renamed.
objc[32179]: Class SDLTranslatorResponder is implemented in both /Users/linmuyi/miniconda3/envs/llm_gs/lib/python3.9/site-packages/pygame/.dylibs/libSDL2-2.0.0.dylib (0x10a361390) and /Users/linmuyi/miniconda3/envs/llm_gs/lib/python3.9/site-packages/cv2/.dylibs/libSDL2-2.0.0.dylib (0x16bbc4958). This may cause spurious casting failures and mysterious crashes. One of the duplicates must be removed or renamed.
objc[32179]: Class SDLMessageBoxPresenter is implemented in both /Users/linmuyi/miniconda3/envs/llm_gs/lib/python3.9/site-packages/pygame/.dylibs/libSDL2-2.0.0.dylib (0x10a3613b8) and /Users/linmuyi/miniconda3/envs/llm_gs/lib/python3.9/site-packages/cv2/.dylibs/libSDL2-2.0.0.dylib (0x16bbc4980). This may cause spurious casting failures and mysterious crashes. One of the duplicates must be removed or renamed.
objc[32179]: Class SDL_cocoametalview is implemented in both /Users/linmuyi/miniconda3/envs/llm_gs/lib/python3.9/site-packages/pygame/.dylibs/libSDL2-2.0.0.dylib (0x10a361408) and /Users/linmuyi/miniconda3/envs/llm_gs/lib/python3.9/site-packages/cv2/.dylibs/libSDL2-2.0.0.dylib (0x16bbc49d0). This may cause spurious casting failures and mysterious crashes. One of the duplicates must be removed or renamed.
objc[32179]: Class SDLOpenGLContext is implemented in both /Users/linmuyi/miniconda3/envs/llm_gs/lib/python3.9/site-packages/pygame/.dylibs/libSDL2-2.0.0.dylib (0x10a361458) and /Users/linmuyi/miniconda3/envs/llm_gs/lib/python3.9/site-packages/cv2/.dylibs/libSDL2-2.0.0.dylib (0x16bbc4a20). This may cause spurious casting failures and mysterious crashes. One of the duplicates must be removed or renamed.
objc[32179]: Class SDL_ShapeData is implemented in both /Users/linmuyi/miniconda3/envs/llm_gs/lib/python3.9/site-packages/pygame/.dylibs/libSDL2-2.0.0.dylib (0x10a3614d0) and /Users/linmuyi/miniconda3/envs/llm_gs/lib/python3.9/site-packages/cv2/.dylibs/libSDL2-2.0.0.dylib (0x16bbc4a98). This may cause spurious casting failures and mysterious crashes. One of the duplicates must be removed or renamed.
objc[32179]: Class SDL_CocoaClosure is implemented in both /Users/linmuyi/miniconda3/envs/llm_gs/lib/python3.9/site-packages/pygame/.dylibs/libSDL2-2.0.0.dylib (0x10a361520) and /Users/linmuyi/miniconda3/envs/llm_gs/lib/python3.9/site-packages/cv2/.dylibs/libSDL2-2.0.0.dylib (0x16bbc4ae8). This may cause spurious casting failures and mysterious crashes. One of the duplicates must be removed or renamed.
objc[32179]: Class SDL_VideoData is implemented in both /Users/linmuyi/miniconda3/envs/llm_gs/lib/python3.9/site-packages/pygame/.dylibs/libSDL2-2.0.0.dylib (0x10a361570) and /Users/linmuyi/miniconda3/envs/llm_gs/lib/python3.9/site-packages/cv2/.dylibs/libSDL2-2.0.0.dylib (0x16bbc4b38). This may cause spurious casting failures and mysterious crashes. One of the duplicates must be removed or renamed.
objc[32179]: Class SDL_WindowData is implemented in both /Users/linmuyi/miniconda3/envs/llm_gs/lib/python3.9/site-packages/pygame/.dylibs/libSDL2-2.0.0.dylib (0x10a3615c0) and /Users/linmuyi/miniconda3/envs/llm_gs/lib/python3.9/site-packages/cv2/.dylibs/libSDL2-2.0.0.dylib (0x16bbc4b88). This may cause spurious casting failures and mysterious crashes. One of the duplicates must be removed or renamed.
objc[32179]: Class SDLWindow is implemented in both /Users/linmuyi/miniconda3/envs/llm_gs/lib/python3.9/site-packages/pygame/.dylibs/libSDL2-2.0.0.dylib (0x10a3615e8) and /Users/linmuyi/miniconda3/envs/llm_gs/lib/python3.9/site-packages/cv2/.dylibs/libSDL2-2.0.0.dylib (0x16bbc4bb0). This may cause spurious casting failures and mysterious crashes. One of the duplicates must be removed or renamed.
objc[32179]: Class Cocoa_WindowListener is implemented in both /Users/linmuyi/miniconda3/envs/llm_gs/lib/python3.9/site-packages/pygame/.dylibs/libSDL2-2.0.0.dylib (0x10a361610) and /Users/linmuyi/miniconda3/envs/llm_gs/lib/python3.9/site-packages/cv2/.dylibs/libSDL2-2.0.0.dylib (0x16bbc4bd8). This may cause spurious casting failures and mysterious crashes. One of the duplicates must be removed or renamed.
objc[32179]: Class SDLView is implemented in both /Users/linmuyi/miniconda3/envs/llm_gs/lib/python3.9/site-packages/pygame/.dylibs/libSDL2-2.0.0.dylib (0x10a361688) and /Users/linmuyi/miniconda3/envs/llm_gs/lib/python3.9/site-packages/cv2/.dylibs/libSDL2-2.0.0.dylib (0x16bbc4c50). This may cause spurious casting failures and mysterious crashes. One of the duplicates must be removed or renamed.
objc[32179]: Class METAL_RenderData is implemented in both /Users/linmuyi/miniconda3/envs/llm_gs/lib/python3.9/site-packages/pygame/.dylibs/libSDL2-2.0.0.dylib (0x10a361700) and /Users/linmuyi/miniconda3/envs/llm_gs/lib/python3.9/site-packages/cv2/.dylibs/libSDL2-2.0.0.dylib (0x16bbc4cc8). This may cause spurious casting failures and mysterious crashes. One of the duplicates must be removed or renamed.
objc[32179]: Class METAL_TextureData is implemented in both /Users/linmuyi/miniconda3/envs/llm_gs/lib/python3.9/site-packages/pygame/.dylibs/libSDL2-2.0.0.dylib (0x10a361750) and /Users/linmuyi/miniconda3/envs/llm_gs/lib/python3.9/site-packages/cv2/.dylibs/libSDL2-2.0.0.dylib (0x16bbc4d18). This may cause spurious casting failures and mysterious crashes. One of the duplicates must be removed or renamed.
objc[32179]: Class SDL_RumbleMotor is implemented in both /Users/linmuyi/miniconda3/envs/llm_gs/lib/python3.9/site-packages/pygame/.dylibs/libSDL2-2.0.0.dylib (0x10a361778) and /Users/linmuyi/miniconda3/envs/llm_gs/lib/python3.9/site-packages/cv2/.dylibs/libSDL2-2.0.0.dylib (0x16bbc4d40). This may cause spurious casting failures and mysterious crashes. One of the duplicates must be removed or renamed.
objc[32179]: Class SDL_RumbleContext is implemented in both /Users/linmuyi/miniconda3/envs/llm_gs/lib/python3.9/site-packages/pygame/.dylibs/libSDL2-2.0.0.dylib (0x10a3617c8) and /Users/linmuyi/miniconda3/envs/llm_gs/lib/python3.9/site-packages/cv2/.dylibs/libSDL2-2.0.0.dylib (0x16bbc4d90). This may cause spurious casting failures and mysterious crashes. One of the duplicates must be removed or renamed.
[grader] 1500000 steps, 30 checkpoints, curriculum

  steps=  50000  held=0.00  gate=0.00  bins=1/3  active= 30  (39s)
  steps= 100000  held=0.00  gate=0.00  bins=1/3  active= 30  (81s)
  steps= 150000  held=0.01  gate=0.01  bins=1/3  active= 30  (110s)
  steps= 200000  held=0.14  gate=0.06  bins=1/3  active= 30  (136s)
  steps= 250000  held=0.14  gate=0.28  bins=1/3  active= 30  (163s)
  steps= 300000  held=0.13  gate=0.22  bins=1/3  active= 30  (201s)
  steps= 350000  held=0.14  gate=0.18  bins=1/3  active= 30  (240s)
  steps= 400000  held=0.16  gate=0.33  bins=2/3  active= 60  [UNLOCK:deadline]  (289s)
  steps= 450000  held=0.10  gate=0.03  bins=2/3  active= 60  (340s)
  steps= 500000  held=0.17  gate=0.17  bins=2/3  active= 60  (395s)
  steps= 550000  held=0.10  gate=0.14  bins=2/3  active= 60  (450s)
  steps= 600000  held=0.17  gate=0.18  bins=2/3  active= 60  (501s)
  steps= 650000  held=0.14  gate=0.21  bins=2/3  active= 60  (546s)
  steps= 700000  held=0.15  gate=0.12  bins=2/3  active= 60  (605s)
  steps= 750000  held=0.15  gate=0.22  bins=2/3  active= 60  (658s)
  steps= 800000  held=0.16  gate=0.19  bins=3/3  active= 90  [UNLOCK:deadline]  (714s)
  steps= 850000  held=0.12  gate=0.12  bins=3/3  active= 90  (764s)
  steps= 900000  held=0.14  gate=0.14  bins=3/3  active= 90  (810s)
  steps= 950000  held=0.12  gate=0.12  bins=3/3  active= 90  (854s)
  steps=1000000  held=0.13  gate=0.13  bins=3/3  active= 90  (893s)
  steps=1050000  held=0.14  gate=0.14  bins=3/3  active= 90  (939s)
  steps=1100000  held=0.17  gate=0.17  bins=3/3  active= 90  (981s)
  steps=1150000  held=0.15  gate=0.15  bins=3/3  active= 90  (1010s)
  steps=1200000  held=0.13  gate=0.13  bins=3/3  active= 90  (1045s)
  steps=1250000  held=0.40  gate=0.40  bins=3/3  active= 90  (1087s)
  steps=1300000  held=0.43  gate=0.43  bins=3/3  active= 90  (1124s)
  steps=1350000  held=0.45  gate=0.45  bins=3/3  active= 90  (1163s)
  steps=1400000  held=0.55  gate=0.55  bins=3/3  active= 90  (1200s)
  steps=1450000  held=0.57  gate=0.57  bins=3/3  active= 90  (1238s)
  steps=1500000  held=0.67  gate=0.67  bins=3/3  active= 90  (1274s)

[grader] DONE  final held=0.67  steps_to_0.3=1,250,000  wall=1274s  -> grader_seed35.json
[grader] per-cell held: s9N1=0.75  s9N2=0.25  s9N3=0.12  s13N1=1.00  s13N2=0.81  s13N3=0.56  s17N1=0.94  s17N2=0.88  s17N3=0.75
