[grader] train=90 layouts  held-out=36 layouts
objc[92155]: Class SDLApplication is implemented in both /Users/linmuyi/miniconda3/envs/llm_gs/lib/python3.9/site-packages/pygame/.dylibs/libSDL2-2.0.0.dylib (0x10a5212c8) and /Users/linmuyi/miniconda3/envs/llm_gs/lib/python3.9/site-packages/cv2/.dylibs/libSDL2-2.0.0.dylib (0x14cf84890). This may cause spurious casting failures and mysterious crashes. One of the duplicates must be removed or renamed.
objc[92155]: Class SDLAppDelegate is implemented in both /Users/linmuyi/miniconda3/envs/llm_gs/lib/python3.9/site-packages/pygame/.dylibs/libSDL2-2.0.0.dylib (0x10a521318) and /Users/linmuyi/miniconda3/envs/llm_gs/lib/python3.9/site-packages/cv2/.dylibs/libSDL2-2.0.0.dylib (0x14cf848e0). This may cause spurious casting failures and mysterious crashes. One of the duplicates must be removed or renamed.
objc[92155]: Class SDLTranslatorResponder is implemented in both /Users/linmuyi/miniconda3/envs/llm_gs/lib/python3.9/site-packages/pygame/.dylibs/libSDL2-2.0.0.dylib (0x10a521390) and /Users/linmuyi/miniconda3/envs/llm_gs/lib/python3.9/site-packages/cv2/.dylibs/libSDL2-2.0.0.dylib (0x14cf84958). This may cause spurious casting failures and mysterious crashes. One of the duplicates must be removed or renamed.
objc[92155]: Class SDLMessageBoxPresenter is implemented in both /Users/linmuyi/miniconda3/envs/llm_gs/lib/python3.9/site-packages/pygame/.dylibs/libSDL2-2.0.0.dylib (0x10a5213b8) and /Users/linmuyi/miniconda3/envs/llm_gs/lib/python3.9/site-packages/cv2/.dylibs/libSDL2-2.0.0.dylib (0x14cf84980). This may cause spurious casting failures and mysterious crashes. One of the duplicates must be removed or renamed.
objc[92155]: Class SDL_cocoametalview is implemented in both /Users/linmuyi/miniconda3/envs/llm_gs/lib/python3.9/site-packages/pygame/.dylibs/libSDL2-2.0.0.dylib (0x10a521408) and /Users/linmuyi/miniconda3/envs/llm_gs/lib/python3.9/site-packages/cv2/.dylibs/libSDL2-2.0.0.dylib (0x14cf849d0). This may cause spurious casting failures and mysterious crashes. One of the duplicates must be removed or renamed.
objc[92155]: Class SDLOpenGLContext is implemented in both /Users/linmuyi/miniconda3/envs/llm_gs/lib/python3.9/site-packages/pygame/.dylibs/libSDL2-2.0.0.dylib (0x10a521458) and /Users/linmuyi/miniconda3/envs/llm_gs/lib/python3.9/site-packages/cv2/.dylibs/libSDL2-2.0.0.dylib (0x14cf84a20). This may cause spurious casting failures and mysterious crashes. One of the duplicates must be removed or renamed.
objc[92155]: Class SDL_ShapeData is implemented in both /Users/linmuyi/miniconda3/envs/llm_gs/lib/python3.9/site-packages/pygame/.dylibs/libSDL2-2.0.0.dylib (0x10a5214d0) and /Users/linmuyi/miniconda3/envs/llm_gs/lib/python3.9/site-packages/cv2/.dylibs/libSDL2-2.0.0.dylib (0x14cf84a98). This may cause spurious casting failures and mysterious crashes. One of the duplicates must be removed or renamed.
objc[92155]: Class SDL_CocoaClosure is implemented in both /Users/linmuyi/miniconda3/envs/llm_gs/lib/python3.9/site-packages/pygame/.dylibs/libSDL2-2.0.0.dylib (0x10a521520) and /Users/linmuyi/miniconda3/envs/llm_gs/lib/python3.9/site-packages/cv2/.dylibs/libSDL2-2.0.0.dylib (0x14cf84ae8). This may cause spurious casting failures and mysterious crashes. One of the duplicates must be removed or renamed.
objc[92155]: Class SDL_VideoData is implemented in both /Users/linmuyi/miniconda3/envs/llm_gs/lib/python3.9/site-packages/pygame/.dylibs/libSDL2-2.0.0.dylib (0x10a521570) and /Users/linmuyi/miniconda3/envs/llm_gs/lib/python3.9/site-packages/cv2/.dylibs/libSDL2-2.0.0.dylib (0x14cf84b38). This may cause spurious casting failures and mysterious crashes. One of the duplicates must be removed or renamed.
objc[92155]: Class SDL_WindowData is implemented in both /Users/linmuyi/miniconda3/envs/llm_gs/lib/python3.9/site-packages/pygame/.dylibs/libSDL2-2.0.0.dylib (0x10a5215c0) and /Users/linmuyi/miniconda3/envs/llm_gs/lib/python3.9/site-packages/cv2/.dylibs/libSDL2-2.0.0.dylib (0x14cf84b88). This may cause spurious casting failures and mysterious crashes. One of the duplicates must be removed or renamed.
objc[92155]: Class SDLWindow is implemented in both /Users/linmuyi/miniconda3/envs/llm_gs/lib/python3.9/site-packages/pygame/.dylibs/libSDL2-2.0.0.dylib (0x10a5215e8) and /Users/linmuyi/miniconda3/envs/llm_gs/lib/python3.9/site-packages/cv2/.dylibs/libSDL2-2.0.0.dylib (0x14cf84bb0). This may cause spurious casting failures and mysterious crashes. One of the duplicates must be removed or renamed.
objc[92155]: Class Cocoa_WindowListener is implemented in both /Users/linmuyi/miniconda3/envs/llm_gs/lib/python3.9/site-packages/pygame/.dylibs/libSDL2-2.0.0.dylib (0x10a521610) and /Users/linmuyi/miniconda3/envs/llm_gs/lib/python3.9/site-packages/cv2/.dylibs/libSDL2-2.0.0.dylib (0x14cf84bd8). This may cause spurious casting failures and mysterious crashes. One of the duplicates must be removed or renamed.
objc[92155]: Class SDLView is implemented in both /Users/linmuyi/miniconda3/envs/llm_gs/lib/python3.9/site-packages/pygame/.dylibs/libSDL2-2.0.0.dylib (0x10a521688) and /Users/linmuyi/miniconda3/envs/llm_gs/lib/python3.9/site-packages/cv2/.dylibs/libSDL2-2.0.0.dylib (0x14cf84c50). This may cause spurious casting failures and mysterious crashes. One of the duplicates must be removed or renamed.
objc[92155]: Class METAL_RenderData is implemented in both /Users/linmuyi/miniconda3/envs/llm_gs/lib/python3.9/site-packages/pygame/.dylibs/libSDL2-2.0.0.dylib (0x10a521700) and /Users/linmuyi/miniconda3/envs/llm_gs/lib/python3.9/site-packages/cv2/.dylibs/libSDL2-2.0.0.dylib (0x14cf84cc8). This may cause spurious casting failures and mysterious crashes. One of the duplicates must be removed or renamed.
objc[92155]: Class METAL_TextureData is implemented in both /Users/linmuyi/miniconda3/envs/llm_gs/lib/python3.9/site-packages/pygame/.dylibs/libSDL2-2.0.0.dylib (0x10a521750) and /Users/linmuyi/miniconda3/envs/llm_gs/lib/python3.9/site-packages/cv2/.dylibs/libSDL2-2.0.0.dylib (0x14cf84d18). This may cause spurious casting failures and mysterious crashes. One of the duplicates must be removed or renamed.
objc[92155]: Class SDL_RumbleMotor is implemented in both /Users/linmuyi/miniconda3/envs/llm_gs/lib/python3.9/site-packages/pygame/.dylibs/libSDL2-2.0.0.dylib (0x10a521778) and /Users/linmuyi/miniconda3/envs/llm_gs/lib/python3.9/site-packages/cv2/.dylibs/libSDL2-2.0.0.dylib (0x14cf84d40). This may cause spurious casting failures and mysterious crashes. One of the duplicates must be removed or renamed.
objc[92155]: Class SDL_RumbleContext is implemented in both /Users/linmuyi/miniconda3/envs/llm_gs/lib/python3.9/site-packages/pygame/.dylibs/libSDL2-2.0.0.dylib (0x10a5217c8) and /Users/linmuyi/miniconda3/envs/llm_gs/lib/python3.9/site-packages/cv2/.dylibs/libSDL2-2.0.0.dylib (0x14cf84d90). This may cause spurious casting failures and mysterious crashes. One of the duplicates must be removed or renamed.
[grader] 1500000 steps, 30 checkpoints, curriculum

  steps=  50000  held=0.00  gate=0.00  bins=1/3  active= 30  (72s)
  steps= 100000  held=0.00  gate=0.00  bins=1/3  active= 30  (180s)
  steps= 150000  held=0.00  gate=0.00  bins=1/3  active= 30  (256s)
  steps= 200000  held=0.00  gate=0.00  bins=1/3  active= 30  (322s)
  steps= 250000  held=0.00  gate=0.01  bins=1/3  active= 30  (380s)
  steps= 300000  held=0.00  gate=0.00  bins=1/3  active= 30  (432s)
  steps= 350000  held=0.02  gate=0.06  bins=1/3  active= 30  (484s)
  steps= 400000  held=0.00  gate=0.01  bins=2/3  active= 60  [UNLOCK:deadline]  (541s)
  steps= 450000  held=0.01  gate=0.00  bins=2/3  active= 60  (597s)
  steps= 500000  held=0.09  gate=0.04  bins=2/3  active= 60  (646s)
  steps= 550000  held=0.12  gate=0.12  bins=2/3  active= 60  (695s)
  steps= 600000  held=0.04  gate=0.00  bins=2/3  active= 60  (751s)
  steps= 650000  held=0.01  gate=0.14  bins=2/3  active= 60  (801s)
  steps= 700000  held=0.01  gate=0.07  bins=2/3  active= 60  (860s)
  steps= 750000  held=0.00  gate=0.00  bins=2/3  active= 60  (927s)
  steps= 800000  held=0.00  gate=0.00  bins=3/3  active= 90  [UNLOCK:deadline]  (999s)
  steps= 850000  held=0.00  gate=0.00  bins=3/3  active= 90  (1057s)
  steps= 900000  held=0.00  gate=0.00  bins=3/3  active= 90  (1113s)
  steps= 950000  held=0.00  gate=0.00  bins=3/3  active= 90  (1166s)
  steps=1000000  held=0.00  gate=0.00  bins=3/3  active= 90  (1219s)
  steps=1050000  held=0.00  gate=0.00  bins=3/3  active= 90  (1272s)
  steps=1100000  held=0.00  gate=0.00  bins=3/3  active= 90  (1325s)
  steps=1150000  held=0.00  gate=0.00  bins=3/3  active= 90  (1371s)
  steps=1200000  held=0.00  gate=0.00  bins=3/3  active= 90  (1422s)
  steps=1250000  held=0.00  gate=0.00  bins=3/3  active= 90  (1468s)
  steps=1300000  held=0.00  gate=0.00  bins=3/3  active= 90  (1512s)
  steps=1350000  held=0.00  gate=0.00  bins=3/3  active= 90  (1549s)
  steps=1400000  held=0.00  gate=0.00  bins=3/3  active= 90  (1587s)
  steps=1450000  held=0.00  gate=0.00  bins=3/3  active= 90  (1632s)
  steps=1500000  held=0.00  gate=0.00  bins=3/3  active= 90  (1674s)

[grader] DONE  final held=0.00  steps_to_0.3=NOT REACHED  wall=1674s  -> grader_seed13.json
[grader] per-cell held: s9N1=0.00  s9N2=0.00  s9N3=0.00  s13N1=0.00  s13N2=0.00  s13N3=0.00  s17N1=0.00  s17N2=0.00  s17N3=0.00
