[rivers_only] train=90 layouts  held-out=36 layouts
objc[26110]: Class SDLApplication is implemented in both /Users/linmuyi/miniconda3/envs/llm_gs/lib/python3.9/site-packages/pygame/.dylibs/libSDL2-2.0.0.dylib (0x11314d2c8) and /Users/linmuyi/miniconda3/envs/llm_gs/lib/python3.9/site-packages/cv2/.dylibs/libSDL2-2.0.0.dylib (0x16996c890). This may cause spurious casting failures and mysterious crashes. One of the duplicates must be removed or renamed.
objc[26110]: Class SDLAppDelegate is implemented in both /Users/linmuyi/miniconda3/envs/llm_gs/lib/python3.9/site-packages/pygame/.dylibs/libSDL2-2.0.0.dylib (0x11314d318) and /Users/linmuyi/miniconda3/envs/llm_gs/lib/python3.9/site-packages/cv2/.dylibs/libSDL2-2.0.0.dylib (0x16996c8e0). This may cause spurious casting failures and mysterious crashes. One of the duplicates must be removed or renamed.
objc[26110]: Class SDLTranslatorResponder is implemented in both /Users/linmuyi/miniconda3/envs/llm_gs/lib/python3.9/site-packages/pygame/.dylibs/libSDL2-2.0.0.dylib (0x11314d390) and /Users/linmuyi/miniconda3/envs/llm_gs/lib/python3.9/site-packages/cv2/.dylibs/libSDL2-2.0.0.dylib (0x16996c958). This may cause spurious casting failures and mysterious crashes. One of the duplicates must be removed or renamed.
objc[26110]: Class SDLMessageBoxPresenter is implemented in both /Users/linmuyi/miniconda3/envs/llm_gs/lib/python3.9/site-packages/pygame/.dylibs/libSDL2-2.0.0.dylib (0x11314d3b8) and /Users/linmuyi/miniconda3/envs/llm_gs/lib/python3.9/site-packages/cv2/.dylibs/libSDL2-2.0.0.dylib (0x16996c980). This may cause spurious casting failures and mysterious crashes. One of the duplicates must be removed or renamed.
objc[26110]: Class SDL_cocoametalview is implemented in both /Users/linmuyi/miniconda3/envs/llm_gs/lib/python3.9/site-packages/pygame/.dylibs/libSDL2-2.0.0.dylib (0x11314d408) and /Users/linmuyi/miniconda3/envs/llm_gs/lib/python3.9/site-packages/cv2/.dylibs/libSDL2-2.0.0.dylib (0x16996c9d0). This may cause spurious casting failures and mysterious crashes. One of the duplicates must be removed or renamed.
objc[26110]: Class SDLOpenGLContext is implemented in both /Users/linmuyi/miniconda3/envs/llm_gs/lib/python3.9/site-packages/pygame/.dylibs/libSDL2-2.0.0.dylib (0x11314d458) and /Users/linmuyi/miniconda3/envs/llm_gs/lib/python3.9/site-packages/cv2/.dylibs/libSDL2-2.0.0.dylib (0x16996ca20). This may cause spurious casting failures and mysterious crashes. One of the duplicates must be removed or renamed.
objc[26110]: Class SDL_ShapeData is implemented in both /Users/linmuyi/miniconda3/envs/llm_gs/lib/python3.9/site-packages/pygame/.dylibs/libSDL2-2.0.0.dylib (0x11314d4d0) and /Users/linmuyi/miniconda3/envs/llm_gs/lib/python3.9/site-packages/cv2/.dylibs/libSDL2-2.0.0.dylib (0x16996ca98). This may cause spurious casting failures and mysterious crashes. One of the duplicates must be removed or renamed.
objc[26110]: Class SDL_CocoaClosure is implemented in both /Users/linmuyi/miniconda3/envs/llm_gs/lib/python3.9/site-packages/pygame/.dylibs/libSDL2-2.0.0.dylib (0x11314d520) and /Users/linmuyi/miniconda3/envs/llm_gs/lib/python3.9/site-packages/cv2/.dylibs/libSDL2-2.0.0.dylib (0x16996cae8). This may cause spurious casting failures and mysterious crashes. One of the duplicates must be removed or renamed.
objc[26110]: Class SDL_VideoData is implemented in both /Users/linmuyi/miniconda3/envs/llm_gs/lib/python3.9/site-packages/pygame/.dylibs/libSDL2-2.0.0.dylib (0x11314d570) and /Users/linmuyi/miniconda3/envs/llm_gs/lib/python3.9/site-packages/cv2/.dylibs/libSDL2-2.0.0.dylib (0x16996cb38). This may cause spurious casting failures and mysterious crashes. One of the duplicates must be removed or renamed.
objc[26110]: Class SDL_WindowData is implemented in both /Users/linmuyi/miniconda3/envs/llm_gs/lib/python3.9/site-packages/pygame/.dylibs/libSDL2-2.0.0.dylib (0x11314d5c0) and /Users/linmuyi/miniconda3/envs/llm_gs/lib/python3.9/site-packages/cv2/.dylibs/libSDL2-2.0.0.dylib (0x16996cb88). This may cause spurious casting failures and mysterious crashes. One of the duplicates must be removed or renamed.
objc[26110]: Class SDLWindow is implemented in both /Users/linmuyi/miniconda3/envs/llm_gs/lib/python3.9/site-packages/pygame/.dylibs/libSDL2-2.0.0.dylib (0x11314d5e8) and /Users/linmuyi/miniconda3/envs/llm_gs/lib/python3.9/site-packages/cv2/.dylibs/libSDL2-2.0.0.dylib (0x16996cbb0). This may cause spurious casting failures and mysterious crashes. One of the duplicates must be removed or renamed.
objc[26110]: Class Cocoa_WindowListener is implemented in both /Users/linmuyi/miniconda3/envs/llm_gs/lib/python3.9/site-packages/pygame/.dylibs/libSDL2-2.0.0.dylib (0x11314d610) and /Users/linmuyi/miniconda3/envs/llm_gs/lib/python3.9/site-packages/cv2/.dylibs/libSDL2-2.0.0.dylib (0x16996cbd8). This may cause spurious casting failures and mysterious crashes. One of the duplicates must be removed or renamed.
objc[26110]: Class SDLView is implemented in both /Users/linmuyi/miniconda3/envs/llm_gs/lib/python3.9/site-packages/pygame/.dylibs/libSDL2-2.0.0.dylib (0x11314d688) and /Users/linmuyi/miniconda3/envs/llm_gs/lib/python3.9/site-packages/cv2/.dylibs/libSDL2-2.0.0.dylib (0x16996cc50). This may cause spurious casting failures and mysterious crashes. One of the duplicates must be removed or renamed.
objc[26110]: Class METAL_RenderData is implemented in both /Users/linmuyi/miniconda3/envs/llm_gs/lib/python3.9/site-packages/pygame/.dylibs/libSDL2-2.0.0.dylib (0x11314d700) and /Users/linmuyi/miniconda3/envs/llm_gs/lib/python3.9/site-packages/cv2/.dylibs/libSDL2-2.0.0.dylib (0x16996ccc8). This may cause spurious casting failures and mysterious crashes. One of the duplicates must be removed or renamed.
objc[26110]: Class METAL_TextureData is implemented in both /Users/linmuyi/miniconda3/envs/llm_gs/lib/python3.9/site-packages/pygame/.dylibs/libSDL2-2.0.0.dylib (0x11314d750) and /Users/linmuyi/miniconda3/envs/llm_gs/lib/python3.9/site-packages/cv2/.dylibs/libSDL2-2.0.0.dylib (0x16996cd18). This may cause spurious casting failures and mysterious crashes. One of the duplicates must be removed or renamed.
objc[26110]: Class SDL_RumbleMotor is implemented in both /Users/linmuyi/miniconda3/envs/llm_gs/lib/python3.9/site-packages/pygame/.dylibs/libSDL2-2.0.0.dylib (0x11314d778) and /Users/linmuyi/miniconda3/envs/llm_gs/lib/python3.9/site-packages/cv2/.dylibs/libSDL2-2.0.0.dylib (0x16996cd40). This may cause spurious casting failures and mysterious crashes. One of the duplicates must be removed or renamed.
objc[26110]: Class SDL_RumbleContext is implemented in both /Users/linmuyi/miniconda3/envs/llm_gs/lib/python3.9/site-packages/pygame/.dylibs/libSDL2-2.0.0.dylib (0x11314d7c8) and /Users/linmuyi/miniconda3/envs/llm_gs/lib/python3.9/site-packages/cv2/.dylibs/libSDL2-2.0.0.dylib (0x16996cd90). This may cause spurious casting failures and mysterious crashes. One of the duplicates must be removed or renamed.
[rivers_only] 1500000 steps, 30 checkpoints, curriculum

  steps=  50000  held=0.00  gate=0.00  bins=1/3  active= 30  (38s)
  steps= 100000  held=0.00  gate=0.00  bins=1/3  active= 30  (93s)
  steps= 150000  held=0.00  gate=0.00  bins=1/3  active= 30  (145s)
  steps= 200000  held=0.01  gate=0.01  bins=1/3  active= 30  (180s)
  steps= 250000  held=0.00  gate=0.03  bins=1/3  active= 30  (219s)
  steps= 300000  held=0.00  gate=0.00  bins=1/3  active= 30  (258s)
  steps= 350000  held=0.00  gate=0.00  bins=1/3  active= 30  (305s)
  steps= 400000  held=0.00  gate=0.01  bins=2/3  active= 60  [UNLOCK:deadline]  (335s)
  steps= 450000  held=0.00  gate=0.00  bins=2/3  active= 60  (365s)
  steps= 500000  held=0.00  gate=0.00  bins=2/3  active= 60  (413s)
  steps= 550000  held=0.00  gate=0.06  bins=2/3  active= 60  (445s)
  steps= 600000  held=0.02  gate=0.03  bins=2/3  active= 60  (494s)
  steps= 650000  held=0.00  gate=0.00  bins=2/3  active= 60  (550s)
  steps= 700000  held=0.00  gate=0.00  bins=2/3  active= 60  (601s)
  steps= 750000  held=0.00  gate=0.04  bins=2/3  active= 60  (651s)
  steps= 800000  held=0.01  gate=0.01  bins=3/3  active= 90  [UNLOCK:deadline]  (688s)
  steps= 850000  held=0.00  gate=0.00  bins=3/3  active= 90  (726s)
  steps= 900000  held=0.00  gate=0.00  bins=3/3  active= 90  (759s)
  steps= 950000  held=0.00  gate=0.00  bins=3/3  active= 90  (794s)
  steps=1000000  held=0.01  gate=0.01  bins=3/3  active= 90  (831s)
  steps=1050000  held=0.01  gate=0.01  bins=3/3  active= 90  (861s)
  steps=1100000  held=0.01  gate=0.01  bins=3/3  active= 90  (902s)
  steps=1150000  held=0.00  gate=0.00  bins=3/3  active= 90  (935s)
  steps=1200000  held=0.00  gate=0.00  bins=3/3  active= 90  (973s)
  steps=1250000  held=0.00  gate=0.00  bins=3/3  active= 90  (1021s)
  steps=1300000  held=0.00  gate=0.00  bins=3/3  active= 90  (1072s)
  steps=1350000  held=0.01  gate=0.01  bins=3/3  active= 90  (1120s)
  steps=1400000  held=0.01  gate=0.01  bins=3/3  active= 90  (1160s)
  steps=1450000  held=0.03  gate=0.03  bins=3/3  active= 90  (1209s)
  steps=1500000  held=0.00  gate=0.00  bins=3/3  active= 90  (1257s)

[rivers_only] DONE  final held=0.00  steps_to_0.3=NOT REACHED  wall=1257s  -> rivers_only_seed15.json
[rivers_only] per-cell held: s9N1=0.00  s9N2=0.00  s9N3=0.00  s13N1=0.00  s13N2=0.00  s13N3=0.00  s17N1=0.00  s17N2=0.00  s17N3=0.00
