[flat] train=90 layouts  held-out=36 layouts
objc[29406]: Class SDLApplication is implemented in both /Users/linmuyi/miniconda3/envs/llm_gs/lib/python3.9/site-packages/pygame/.dylibs/libSDL2-2.0.0.dylib (0x106cb52c8) and /Users/linmuyi/miniconda3/envs/llm_gs/lib/python3.9/site-packages/cv2/.dylibs/libSDL2-2.0.0.dylib (0x16f298890). This may cause spurious casting failures and mysterious crashes. One of the duplicates must be removed or renamed.
objc[29406]: Class SDLAppDelegate is implemented in both /Users/linmuyi/miniconda3/envs/llm_gs/lib/python3.9/site-packages/pygame/.dylibs/libSDL2-2.0.0.dylib (0x106cb5318) and /Users/linmuyi/miniconda3/envs/llm_gs/lib/python3.9/site-packages/cv2/.dylibs/libSDL2-2.0.0.dylib (0x16f2988e0). This may cause spurious casting failures and mysterious crashes. One of the duplicates must be removed or renamed.
objc[29406]: Class SDLTranslatorResponder is implemented in both /Users/linmuyi/miniconda3/envs/llm_gs/lib/python3.9/site-packages/pygame/.dylibs/libSDL2-2.0.0.dylib (0x106cb5390) and /Users/linmuyi/miniconda3/envs/llm_gs/lib/python3.9/site-packages/cv2/.dylibs/libSDL2-2.0.0.dylib (0x16f298958). This may cause spurious casting failures and mysterious crashes. One of the duplicates must be removed or renamed.
objc[29406]: Class SDLMessageBoxPresenter is implemented in both /Users/linmuyi/miniconda3/envs/llm_gs/lib/python3.9/site-packages/pygame/.dylibs/libSDL2-2.0.0.dylib (0x106cb53b8) and /Users/linmuyi/miniconda3/envs/llm_gs/lib/python3.9/site-packages/cv2/.dylibs/libSDL2-2.0.0.dylib (0x16f298980). This may cause spurious casting failures and mysterious crashes. One of the duplicates must be removed or renamed.
objc[29406]: Class SDL_cocoametalview is implemented in both /Users/linmuyi/miniconda3/envs/llm_gs/lib/python3.9/site-packages/pygame/.dylibs/libSDL2-2.0.0.dylib (0x106cb5408) and /Users/linmuyi/miniconda3/envs/llm_gs/lib/python3.9/site-packages/cv2/.dylibs/libSDL2-2.0.0.dylib (0x16f2989d0). This may cause spurious casting failures and mysterious crashes. One of the duplicates must be removed or renamed.
objc[29406]: Class SDLOpenGLContext is implemented in both /Users/linmuyi/miniconda3/envs/llm_gs/lib/python3.9/site-packages/pygame/.dylibs/libSDL2-2.0.0.dylib (0x106cb5458) and /Users/linmuyi/miniconda3/envs/llm_gs/lib/python3.9/site-packages/cv2/.dylibs/libSDL2-2.0.0.dylib (0x16f298a20). This may cause spurious casting failures and mysterious crashes. One of the duplicates must be removed or renamed.
objc[29406]: Class SDL_ShapeData is implemented in both /Users/linmuyi/miniconda3/envs/llm_gs/lib/python3.9/site-packages/pygame/.dylibs/libSDL2-2.0.0.dylib (0x106cb54d0) and /Users/linmuyi/miniconda3/envs/llm_gs/lib/python3.9/site-packages/cv2/.dylibs/libSDL2-2.0.0.dylib (0x16f298a98). This may cause spurious casting failures and mysterious crashes. One of the duplicates must be removed or renamed.
objc[29406]: Class SDL_CocoaClosure is implemented in both /Users/linmuyi/miniconda3/envs/llm_gs/lib/python3.9/site-packages/pygame/.dylibs/libSDL2-2.0.0.dylib (0x106cb5520) and /Users/linmuyi/miniconda3/envs/llm_gs/lib/python3.9/site-packages/cv2/.dylibs/libSDL2-2.0.0.dylib (0x16f298ae8). This may cause spurious casting failures and mysterious crashes. One of the duplicates must be removed or renamed.
objc[29406]: Class SDL_VideoData is implemented in both /Users/linmuyi/miniconda3/envs/llm_gs/lib/python3.9/site-packages/pygame/.dylibs/libSDL2-2.0.0.dylib (0x106cb5570) and /Users/linmuyi/miniconda3/envs/llm_gs/lib/python3.9/site-packages/cv2/.dylibs/libSDL2-2.0.0.dylib (0x16f298b38). This may cause spurious casting failures and mysterious crashes. One of the duplicates must be removed or renamed.
objc[29406]: Class SDL_WindowData is implemented in both /Users/linmuyi/miniconda3/envs/llm_gs/lib/python3.9/site-packages/pygame/.dylibs/libSDL2-2.0.0.dylib (0x106cb55c0) and /Users/linmuyi/miniconda3/envs/llm_gs/lib/python3.9/site-packages/cv2/.dylibs/libSDL2-2.0.0.dylib (0x16f298b88). This may cause spurious casting failures and mysterious crashes. One of the duplicates must be removed or renamed.
objc[29406]: Class SDLWindow is implemented in both /Users/linmuyi/miniconda3/envs/llm_gs/lib/python3.9/site-packages/pygame/.dylibs/libSDL2-2.0.0.dylib (0x106cb55e8) and /Users/linmuyi/miniconda3/envs/llm_gs/lib/python3.9/site-packages/cv2/.dylibs/libSDL2-2.0.0.dylib (0x16f298bb0). This may cause spurious casting failures and mysterious crashes. One of the duplicates must be removed or renamed.
objc[29406]: Class Cocoa_WindowListener is implemented in both /Users/linmuyi/miniconda3/envs/llm_gs/lib/python3.9/site-packages/pygame/.dylibs/libSDL2-2.0.0.dylib (0x106cb5610) and /Users/linmuyi/miniconda3/envs/llm_gs/lib/python3.9/site-packages/cv2/.dylibs/libSDL2-2.0.0.dylib (0x16f298bd8). This may cause spurious casting failures and mysterious crashes. One of the duplicates must be removed or renamed.
objc[29406]: Class SDLView is implemented in both /Users/linmuyi/miniconda3/envs/llm_gs/lib/python3.9/site-packages/pygame/.dylibs/libSDL2-2.0.0.dylib (0x106cb5688) and /Users/linmuyi/miniconda3/envs/llm_gs/lib/python3.9/site-packages/cv2/.dylibs/libSDL2-2.0.0.dylib (0x16f298c50). This may cause spurious casting failures and mysterious crashes. One of the duplicates must be removed or renamed.
objc[29406]: Class METAL_RenderData is implemented in both /Users/linmuyi/miniconda3/envs/llm_gs/lib/python3.9/site-packages/pygame/.dylibs/libSDL2-2.0.0.dylib (0x106cb5700) and /Users/linmuyi/miniconda3/envs/llm_gs/lib/python3.9/site-packages/cv2/.dylibs/libSDL2-2.0.0.dylib (0x16f298cc8). This may cause spurious casting failures and mysterious crashes. One of the duplicates must be removed or renamed.
objc[29406]: Class METAL_TextureData is implemented in both /Users/linmuyi/miniconda3/envs/llm_gs/lib/python3.9/site-packages/pygame/.dylibs/libSDL2-2.0.0.dylib (0x106cb5750) and /Users/linmuyi/miniconda3/envs/llm_gs/lib/python3.9/site-packages/cv2/.dylibs/libSDL2-2.0.0.dylib (0x16f298d18). This may cause spurious casting failures and mysterious crashes. One of the duplicates must be removed or renamed.
objc[29406]: Class SDL_RumbleMotor is implemented in both /Users/linmuyi/miniconda3/envs/llm_gs/lib/python3.9/site-packages/pygame/.dylibs/libSDL2-2.0.0.dylib (0x106cb5778) and /Users/linmuyi/miniconda3/envs/llm_gs/lib/python3.9/site-packages/cv2/.dylibs/libSDL2-2.0.0.dylib (0x16f298d40). This may cause spurious casting failures and mysterious crashes. One of the duplicates must be removed or renamed.
objc[29406]: Class SDL_RumbleContext is implemented in both /Users/linmuyi/miniconda3/envs/llm_gs/lib/python3.9/site-packages/pygame/.dylibs/libSDL2-2.0.0.dylib (0x106cb57c8) and /Users/linmuyi/miniconda3/envs/llm_gs/lib/python3.9/site-packages/cv2/.dylibs/libSDL2-2.0.0.dylib (0x16f298d90). This may cause spurious casting failures and mysterious crashes. One of the duplicates must be removed or renamed.
[flat] 1500000 steps, 30 checkpoints, flat (no curriculum)

  steps=  50000  held=0.00  gate=0.00  bins=3/3  active= 90  (32s)
  steps= 100000  held=0.00  gate=0.00  bins=3/3  active= 90  (60s)
  steps= 150000  held=0.01  gate=0.01  bins=3/3  active= 90  (89s)
  steps= 200000  held=0.03  gate=0.03  bins=3/3  active= 90  (120s)
  steps= 250000  held=0.08  gate=0.08  bins=3/3  active= 90  (157s)
  steps= 300000  held=0.03  gate=0.03  bins=3/3  active= 90  (199s)
  steps= 350000  held=0.00  gate=0.00  bins=3/3  active= 90  (234s)
  steps= 400000  held=0.01  gate=0.01  bins=3/3  active= 90  (271s)
  steps= 450000  held=0.00  gate=0.00  bins=3/3  active= 90  (310s)
  steps= 500000  held=0.00  gate=0.00  bins=3/3  active= 90  (351s)
  steps= 550000  held=0.00  gate=0.00  bins=3/3  active= 90  (391s)
  steps= 600000  held=0.00  gate=0.00  bins=3/3  active= 90  (439s)
  steps= 650000  held=0.00  gate=0.00  bins=3/3  active= 90  (488s)
  steps= 700000  held=0.00  gate=0.00  bins=3/3  active= 90  (533s)
  steps= 750000  held=0.01  gate=0.01  bins=3/3  active= 90  (561s)
  steps= 800000  held=0.01  gate=0.01  bins=3/3  active= 90  (588s)
  steps= 850000  held=0.07  gate=0.07  bins=3/3  active= 90  (627s)
  steps= 900000  held=0.06  gate=0.06  bins=3/3  active= 90  (670s)
  steps= 950000  held=0.14  gate=0.14  bins=3/3  active= 90  (712s)
  steps=1000000  held=0.09  gate=0.09  bins=3/3  active= 90  (762s)
  steps=1050000  held=0.03  gate=0.03  bins=3/3  active= 90  (807s)
  steps=1100000  held=0.09  gate=0.09  bins=3/3  active= 90  (854s)
  steps=1150000  held=0.03  gate=0.03  bins=3/3  active= 90  (904s)
  steps=1200000  held=0.03  gate=0.03  bins=3/3  active= 90  (952s)
  steps=1250000  held=0.07  gate=0.07  bins=3/3  active= 90  (1005s)
  steps=1300000  held=0.12  gate=0.12  bins=3/3  active= 90  (1055s)
  steps=1350000  held=0.12  gate=0.12  bins=3/3  active= 90  (1100s)
  steps=1400000  held=0.12  gate=0.12  bins=3/3  active= 90  (1148s)
  steps=1450000  held=0.11  gate=0.11  bins=3/3  active= 90  (1197s)
  steps=1500000  held=0.14  gate=0.14  bins=3/3  active= 90  (1241s)

[flat] DONE  final held=0.14  steps_to_0.3=NOT REACHED  wall=1241s  -> flat_seed3.json
[flat] per-cell held: s9N1=0.25  s9N2=0.00  s9N3=0.00  s13N1=0.00  s13N2=0.25  s13N3=0.00  s17N1=0.00  s17N2=0.50  s17N3=0.25
