[size_order] train=90 layouts  held-out=36 layouts
objc[29288]: Class SDLApplication is implemented in both /Users/linmuyi/miniconda3/envs/llm_gs/lib/python3.9/site-packages/pygame/.dylibs/libSDL2-2.0.0.dylib (0x102c252c8) and /Users/linmuyi/miniconda3/envs/llm_gs/lib/python3.9/site-packages/cv2/.dylibs/libSDL2-2.0.0.dylib (0x137fa0890). This may cause spurious casting failures and mysterious crashes. One of the duplicates must be removed or renamed.
objc[29288]: Class SDLAppDelegate is implemented in both /Users/linmuyi/miniconda3/envs/llm_gs/lib/python3.9/site-packages/pygame/.dylibs/libSDL2-2.0.0.dylib (0x102c25318) and /Users/linmuyi/miniconda3/envs/llm_gs/lib/python3.9/site-packages/cv2/.dylibs/libSDL2-2.0.0.dylib (0x137fa08e0). This may cause spurious casting failures and mysterious crashes. One of the duplicates must be removed or renamed.
objc[29288]: Class SDLTranslatorResponder is implemented in both /Users/linmuyi/miniconda3/envs/llm_gs/lib/python3.9/site-packages/pygame/.dylibs/libSDL2-2.0.0.dylib (0x102c25390) and /Users/linmuyi/miniconda3/envs/llm_gs/lib/python3.9/site-packages/cv2/.dylibs/libSDL2-2.0.0.dylib (0x137fa0958). This may cause spurious casting failures and mysterious crashes. One of the duplicates must be removed or renamed.
objc[29288]: Class SDLMessageBoxPresenter is implemented in both /Users/linmuyi/miniconda3/envs/llm_gs/lib/python3.9/site-packages/pygame/.dylibs/libSDL2-2.0.0.dylib (0x102c253b8) and /Users/linmuyi/miniconda3/envs/llm_gs/lib/python3.9/site-packages/cv2/.dylibs/libSDL2-2.0.0.dylib (0x137fa0980). This may cause spurious casting failures and mysterious crashes. One of the duplicates must be removed or renamed.
objc[29288]: Class SDL_cocoametalview is implemented in both /Users/linmuyi/miniconda3/envs/llm_gs/lib/python3.9/site-packages/pygame/.dylibs/libSDL2-2.0.0.dylib (0x102c25408) and /Users/linmuyi/miniconda3/envs/llm_gs/lib/python3.9/site-packages/cv2/.dylibs/libSDL2-2.0.0.dylib (0x137fa09d0). This may cause spurious casting failures and mysterious crashes. One of the duplicates must be removed or renamed.
objc[29288]: Class SDLOpenGLContext is implemented in both /Users/linmuyi/miniconda3/envs/llm_gs/lib/python3.9/site-packages/pygame/.dylibs/libSDL2-2.0.0.dylib (0x102c25458) and /Users/linmuyi/miniconda3/envs/llm_gs/lib/python3.9/site-packages/cv2/.dylibs/libSDL2-2.0.0.dylib (0x137fa0a20). This may cause spurious casting failures and mysterious crashes. One of the duplicates must be removed or renamed.
objc[29288]: Class SDL_ShapeData is implemented in both /Users/linmuyi/miniconda3/envs/llm_gs/lib/python3.9/site-packages/pygame/.dylibs/libSDL2-2.0.0.dylib (0x102c254d0) and /Users/linmuyi/miniconda3/envs/llm_gs/lib/python3.9/site-packages/cv2/.dylibs/libSDL2-2.0.0.dylib (0x137fa0a98). This may cause spurious casting failures and mysterious crashes. One of the duplicates must be removed or renamed.
objc[29288]: Class SDL_CocoaClosure is implemented in both /Users/linmuyi/miniconda3/envs/llm_gs/lib/python3.9/site-packages/pygame/.dylibs/libSDL2-2.0.0.dylib (0x102c25520) and /Users/linmuyi/miniconda3/envs/llm_gs/lib/python3.9/site-packages/cv2/.dylibs/libSDL2-2.0.0.dylib (0x137fa0ae8). This may cause spurious casting failures and mysterious crashes. One of the duplicates must be removed or renamed.
objc[29288]: Class SDL_VideoData is implemented in both /Users/linmuyi/miniconda3/envs/llm_gs/lib/python3.9/site-packages/pygame/.dylibs/libSDL2-2.0.0.dylib (0x102c25570) and /Users/linmuyi/miniconda3/envs/llm_gs/lib/python3.9/site-packages/cv2/.dylibs/libSDL2-2.0.0.dylib (0x137fa0b38). This may cause spurious casting failures and mysterious crashes. One of the duplicates must be removed or renamed.
objc[29288]: Class SDL_WindowData is implemented in both /Users/linmuyi/miniconda3/envs/llm_gs/lib/python3.9/site-packages/pygame/.dylibs/libSDL2-2.0.0.dylib (0x102c255c0) and /Users/linmuyi/miniconda3/envs/llm_gs/lib/python3.9/site-packages/cv2/.dylibs/libSDL2-2.0.0.dylib (0x137fa0b88). This may cause spurious casting failures and mysterious crashes. One of the duplicates must be removed or renamed.
objc[29288]: Class SDLWindow is implemented in both /Users/linmuyi/miniconda3/envs/llm_gs/lib/python3.9/site-packages/pygame/.dylibs/libSDL2-2.0.0.dylib (0x102c255e8) and /Users/linmuyi/miniconda3/envs/llm_gs/lib/python3.9/site-packages/cv2/.dylibs/libSDL2-2.0.0.dylib (0x137fa0bb0). This may cause spurious casting failures and mysterious crashes. One of the duplicates must be removed or renamed.
objc[29288]: Class Cocoa_WindowListener is implemented in both /Users/linmuyi/miniconda3/envs/llm_gs/lib/python3.9/site-packages/pygame/.dylibs/libSDL2-2.0.0.dylib (0x102c25610) and /Users/linmuyi/miniconda3/envs/llm_gs/lib/python3.9/site-packages/cv2/.dylibs/libSDL2-2.0.0.dylib (0x137fa0bd8). This may cause spurious casting failures and mysterious crashes. One of the duplicates must be removed or renamed.
objc[29288]: Class SDLView is implemented in both /Users/linmuyi/miniconda3/envs/llm_gs/lib/python3.9/site-packages/pygame/.dylibs/libSDL2-2.0.0.dylib (0x102c25688) and /Users/linmuyi/miniconda3/envs/llm_gs/lib/python3.9/site-packages/cv2/.dylibs/libSDL2-2.0.0.dylib (0x137fa0c50). This may cause spurious casting failures and mysterious crashes. One of the duplicates must be removed or renamed.
objc[29288]: Class METAL_RenderData is implemented in both /Users/linmuyi/miniconda3/envs/llm_gs/lib/python3.9/site-packages/pygame/.dylibs/libSDL2-2.0.0.dylib (0x102c25700) and /Users/linmuyi/miniconda3/envs/llm_gs/lib/python3.9/site-packages/cv2/.dylibs/libSDL2-2.0.0.dylib (0x137fa0cc8). This may cause spurious casting failures and mysterious crashes. One of the duplicates must be removed or renamed.
objc[29288]: Class METAL_TextureData is implemented in both /Users/linmuyi/miniconda3/envs/llm_gs/lib/python3.9/site-packages/pygame/.dylibs/libSDL2-2.0.0.dylib (0x102c25750) and /Users/linmuyi/miniconda3/envs/llm_gs/lib/python3.9/site-packages/cv2/.dylibs/libSDL2-2.0.0.dylib (0x137fa0d18). This may cause spurious casting failures and mysterious crashes. One of the duplicates must be removed or renamed.
objc[29288]: Class SDL_RumbleMotor is implemented in both /Users/linmuyi/miniconda3/envs/llm_gs/lib/python3.9/site-packages/pygame/.dylibs/libSDL2-2.0.0.dylib (0x102c25778) and /Users/linmuyi/miniconda3/envs/llm_gs/lib/python3.9/site-packages/cv2/.dylibs/libSDL2-2.0.0.dylib (0x137fa0d40). This may cause spurious casting failures and mysterious crashes. One of the duplicates must be removed or renamed.
objc[29288]: Class SDL_RumbleContext is implemented in both /Users/linmuyi/miniconda3/envs/llm_gs/lib/python3.9/site-packages/pygame/.dylibs/libSDL2-2.0.0.dylib (0x102c257c8) and /Users/linmuyi/miniconda3/envs/llm_gs/lib/python3.9/site-packages/cv2/.dylibs/libSDL2-2.0.0.dylib (0x137fa0d90). This may cause spurious casting failures and mysterious crashes. One of the duplicates must be removed or renamed.
[size_order] 1500000 steps, 30 checkpoints, curriculum

  steps=  50000  held=0.01  gate=0.04  bins=1/3  active= 30  (49s)
  steps= 100000  held=0.03  gate=0.07  bins=1/3  active= 30  (78s)
  steps= 150000  held=0.14  gate=0.22  bins=1/3  active= 30  (112s)
  steps= 200000  held=0.14  gate=0.22  bins=1/3  active= 30  (150s)
  steps= 250000  held=0.14  gate=0.21  bins=1/3  active= 30  (201s)
  steps= 300000  held=0.00  gate=0.03  bins=1/3  active= 30  (246s)
  steps= 350000  held=0.00  gate=0.06  bins=1/3  active= 30  (296s)
  steps= 400000  held=0.08  gate=0.12  bins=2/3  active= 60  [UNLOCK:deadline]  (333s)
  steps= 450000  held=0.01  gate=0.00  bins=2/3  active= 60  (386s)
  steps= 500000  held=0.00  gate=0.00  bins=2/3  active= 60  (440s)
  steps= 550000  held=0.00  gate=0.00  bins=2/3  active= 60  (497s)
  steps= 600000  held=0.00  gate=0.00  bins=2/3  active= 60  (553s)
  steps= 650000  held=0.00  gate=0.00  bins=2/3  active= 60  (612s)
  steps= 700000  held=0.00  gate=0.00  bins=2/3  active= 60  (670s)
  steps= 750000  held=0.00  gate=0.00  bins=2/3  active= 60  (719s)
  steps= 800000  held=0.00  gate=0.00  bins=3/3  active= 90  [UNLOCK:deadline]  (764s)
  steps= 850000  held=0.00  gate=0.00  bins=3/3  active= 90  (799s)
  steps= 900000  held=0.00  gate=0.00  bins=3/3  active= 90  (834s)
  steps= 950000  held=0.00  gate=0.00  bins=3/3  active= 90  (871s)
  steps=1000000  held=0.00  gate=0.00  bins=3/3  active= 90  (909s)
  steps=1050000  held=0.00  gate=0.00  bins=3/3  active= 90  (948s)
  steps=1100000  held=0.05  gate=0.05  bins=3/3  active= 90  (988s)
  steps=1150000  held=0.06  gate=0.06  bins=3/3  active= 90  (1035s)
  steps=1200000  held=0.01  gate=0.01  bins=3/3  active= 90  (1085s)
  steps=1250000  held=0.02  gate=0.02  bins=3/3  active= 90  (1135s)
  steps=1300000  held=0.00  gate=0.00  bins=3/3  active= 90  (1185s)
  steps=1350000  held=0.00  gate=0.00  bins=3/3  active= 90  (1236s)
  steps=1400000  held=0.00  gate=0.00  bins=3/3  active= 90  (1286s)
  steps=1450000  held=0.00  gate=0.00  bins=3/3  active= 90  (1338s)
  steps=1500000  held=0.01  gate=0.01  bins=3/3  active= 90  (1388s)

[size_order] DONE  final held=0.01  steps_to_0.3=NOT REACHED  wall=1388s  -> size_order_seed35.json
[size_order] per-cell held: s9N1=0.00  s9N2=0.00  s9N3=0.00  s13N1=0.00  s13N2=0.06  s13N3=0.00  s17N1=0.00  s17N2=0.00  s17N3=0.00
