[rivers_only] train=90 layouts  held-out=36 layouts
objc[90479]: Class SDLApplication is implemented in both /Users/linmuyi/miniconda3/envs/llm_gs/lib/python3.9/site-packages/pygame/.dylibs/libSDL2-2.0.0.dylib (0x112c612c8) and /Users/linmuyi/miniconda3/envs/llm_gs/lib/python3.9/site-packages/cv2/.dylibs/libSDL2-2.0.0.dylib (0x15c870890). This may cause spurious casting failures and mysterious crashes. One of the duplicates must be removed or renamed.
objc[90479]: Class SDLAppDelegate is implemented in both /Users/linmuyi/miniconda3/envs/llm_gs/lib/python3.9/site-packages/pygame/.dylibs/libSDL2-2.0.0.dylib (0x112c61318) and /Users/linmuyi/miniconda3/envs/llm_gs/lib/python3.9/site-packages/cv2/.dylibs/libSDL2-2.0.0.dylib (0x15c8708e0). This may cause spurious casting failures and mysterious crashes. One of the duplicates must be removed or renamed.
objc[90479]: Class SDLTranslatorResponder is implemented in both /Users/linmuyi/miniconda3/envs/llm_gs/lib/python3.9/site-packages/pygame/.dylibs/libSDL2-2.0.0.dylib (0x112c61390) and /Users/linmuyi/miniconda3/envs/llm_gs/lib/python3.9/site-packages/cv2/.dylibs/libSDL2-2.0.0.dylib (0x15c870958). This may cause spurious casting failures and mysterious crashes. One of the duplicates must be removed or renamed.
objc[90479]: Class SDLMessageBoxPresenter is implemented in both /Users/linmuyi/miniconda3/envs/llm_gs/lib/python3.9/site-packages/pygame/.dylibs/libSDL2-2.0.0.dylib (0x112c613b8) and /Users/linmuyi/miniconda3/envs/llm_gs/lib/python3.9/site-packages/cv2/.dylibs/libSDL2-2.0.0.dylib (0x15c870980). This may cause spurious casting failures and mysterious crashes. One of the duplicates must be removed or renamed.
objc[90479]: Class SDL_cocoametalview is implemented in both /Users/linmuyi/miniconda3/envs/llm_gs/lib/python3.9/site-packages/pygame/.dylibs/libSDL2-2.0.0.dylib (0x112c61408) and /Users/linmuyi/miniconda3/envs/llm_gs/lib/python3.9/site-packages/cv2/.dylibs/libSDL2-2.0.0.dylib (0x15c8709d0). This may cause spurious casting failures and mysterious crashes. One of the duplicates must be removed or renamed.
objc[90479]: Class SDLOpenGLContext is implemented in both /Users/linmuyi/miniconda3/envs/llm_gs/lib/python3.9/site-packages/pygame/.dylibs/libSDL2-2.0.0.dylib (0x112c61458) and /Users/linmuyi/miniconda3/envs/llm_gs/lib/python3.9/site-packages/cv2/.dylibs/libSDL2-2.0.0.dylib (0x15c870a20). This may cause spurious casting failures and mysterious crashes. One of the duplicates must be removed or renamed.
objc[90479]: Class SDL_ShapeData is implemented in both /Users/linmuyi/miniconda3/envs/llm_gs/lib/python3.9/site-packages/pygame/.dylibs/libSDL2-2.0.0.dylib (0x112c614d0) and /Users/linmuyi/miniconda3/envs/llm_gs/lib/python3.9/site-packages/cv2/.dylibs/libSDL2-2.0.0.dylib (0x15c870a98). This may cause spurious casting failures and mysterious crashes. One of the duplicates must be removed or renamed.
objc[90479]: Class SDL_CocoaClosure is implemented in both /Users/linmuyi/miniconda3/envs/llm_gs/lib/python3.9/site-packages/pygame/.dylibs/libSDL2-2.0.0.dylib (0x112c61520) and /Users/linmuyi/miniconda3/envs/llm_gs/lib/python3.9/site-packages/cv2/.dylibs/libSDL2-2.0.0.dylib (0x15c870ae8). This may cause spurious casting failures and mysterious crashes. One of the duplicates must be removed or renamed.
objc[90479]: Class SDL_VideoData is implemented in both /Users/linmuyi/miniconda3/envs/llm_gs/lib/python3.9/site-packages/pygame/.dylibs/libSDL2-2.0.0.dylib (0x112c61570) and /Users/linmuyi/miniconda3/envs/llm_gs/lib/python3.9/site-packages/cv2/.dylibs/libSDL2-2.0.0.dylib (0x15c870b38). This may cause spurious casting failures and mysterious crashes. One of the duplicates must be removed or renamed.
objc[90479]: Class SDL_WindowData is implemented in both /Users/linmuyi/miniconda3/envs/llm_gs/lib/python3.9/site-packages/pygame/.dylibs/libSDL2-2.0.0.dylib (0x112c615c0) and /Users/linmuyi/miniconda3/envs/llm_gs/lib/python3.9/site-packages/cv2/.dylibs/libSDL2-2.0.0.dylib (0x15c870b88). This may cause spurious casting failures and mysterious crashes. One of the duplicates must be removed or renamed.
objc[90479]: Class SDLWindow is implemented in both /Users/linmuyi/miniconda3/envs/llm_gs/lib/python3.9/site-packages/pygame/.dylibs/libSDL2-2.0.0.dylib (0x112c615e8) and /Users/linmuyi/miniconda3/envs/llm_gs/lib/python3.9/site-packages/cv2/.dylibs/libSDL2-2.0.0.dylib (0x15c870bb0). This may cause spurious casting failures and mysterious crashes. One of the duplicates must be removed or renamed.
objc[90479]: Class Cocoa_WindowListener is implemented in both /Users/linmuyi/miniconda3/envs/llm_gs/lib/python3.9/site-packages/pygame/.dylibs/libSDL2-2.0.0.dylib (0x112c61610) and /Users/linmuyi/miniconda3/envs/llm_gs/lib/python3.9/site-packages/cv2/.dylibs/libSDL2-2.0.0.dylib (0x15c870bd8). This may cause spurious casting failures and mysterious crashes. One of the duplicates must be removed or renamed.
objc[90479]: Class SDLView is implemented in both /Users/linmuyi/miniconda3/envs/llm_gs/lib/python3.9/site-packages/pygame/.dylibs/libSDL2-2.0.0.dylib (0x112c61688) and /Users/linmuyi/miniconda3/envs/llm_gs/lib/python3.9/site-packages/cv2/.dylibs/libSDL2-2.0.0.dylib (0x15c870c50). This may cause spurious casting failures and mysterious crashes. One of the duplicates must be removed or renamed.
objc[90479]: Class METAL_RenderData is implemented in both /Users/linmuyi/miniconda3/envs/llm_gs/lib/python3.9/site-packages/pygame/.dylibs/libSDL2-2.0.0.dylib (0x112c61700) and /Users/linmuyi/miniconda3/envs/llm_gs/lib/python3.9/site-packages/cv2/.dylibs/libSDL2-2.0.0.dylib (0x15c870cc8). This may cause spurious casting failures and mysterious crashes. One of the duplicates must be removed or renamed.
objc[90479]: Class METAL_TextureData is implemented in both /Users/linmuyi/miniconda3/envs/llm_gs/lib/python3.9/site-packages/pygame/.dylibs/libSDL2-2.0.0.dylib (0x112c61750) and /Users/linmuyi/miniconda3/envs/llm_gs/lib/python3.9/site-packages/cv2/.dylibs/libSDL2-2.0.0.dylib (0x15c870d18). This may cause spurious casting failures and mysterious crashes. One of the duplicates must be removed or renamed.
objc[90479]: Class SDL_RumbleMotor is implemented in both /Users/linmuyi/miniconda3/envs/llm_gs/lib/python3.9/site-packages/pygame/.dylibs/libSDL2-2.0.0.dylib (0x112c61778) and /Users/linmuyi/miniconda3/envs/llm_gs/lib/python3.9/site-packages/cv2/.dylibs/libSDL2-2.0.0.dylib (0x15c870d40). This may cause spurious casting failures and mysterious crashes. One of the duplicates must be removed or renamed.
objc[90479]: Class SDL_RumbleContext is implemented in both /Users/linmuyi/miniconda3/envs/llm_gs/lib/python3.9/site-packages/pygame/.dylibs/libSDL2-2.0.0.dylib (0x112c617c8) and /Users/linmuyi/miniconda3/envs/llm_gs/lib/python3.9/site-packages/cv2/.dylibs/libSDL2-2.0.0.dylib (0x15c870d90). This may cause spurious casting failures and mysterious crashes. One of the duplicates must be removed or renamed.
[rivers_only] 1500000 steps, 30 checkpoints, curriculum

  steps=  50000  held=0.01  gate=0.10  bins=1/3  active= 30  (43s)
  steps= 100000  held=0.01  gate=0.11  bins=1/3  active= 30  (84s)
  steps= 150000  held=0.02  gate=0.10  bins=1/3  active= 30  (124s)
  steps= 200000  held=0.03  gate=0.06  bins=1/3  active= 30  (163s)
  steps= 250000  held=0.02  gate=0.06  bins=1/3  active= 30  (203s)
  steps= 300000  held=0.03  gate=0.11  bins=1/3  active= 30  (242s)
  steps= 350000  held=0.03  gate=0.00  bins=1/3  active= 30  (282s)
  steps= 400000  held=0.03  gate=0.06  bins=2/3  active= 60  [UNLOCK:deadline]  (322s)
  steps= 450000  held=0.01  gate=0.00  bins=2/3  active= 60  (376s)
  steps= 500000  held=0.01  gate=0.01  bins=2/3  active= 60  (432s)
  steps= 550000  held=0.00  gate=0.10  bins=2/3  active= 60  (504s)
  steps= 600000  held=0.06  gate=0.01  bins=2/3  active= 60  (550s)
  steps= 650000  held=0.06  gate=0.04  bins=2/3  active= 60  (614s)
  steps= 700000  held=0.11  gate=0.26  bins=2/3  active= 60  (678s)
  steps= 750000  held=0.10  gate=0.17  bins=2/3  active= 60  (768s)
  steps= 800000  held=0.10  gate=0.18  bins=3/3  active= 90  [UNLOCK:deadline]  (852s)
  steps= 850000  held=0.17  gate=0.17  bins=3/3  active= 90  (910s)
  steps= 900000  held=0.20  gate=0.20  bins=3/3  active= 90  (984s)
  steps= 950000  held=0.15  gate=0.15  bins=3/3  active= 90  (1060s)
  steps=1000000  held=0.17  gate=0.17  bins=3/3  active= 90  (1134s)
  steps=1050000  held=0.09  gate=0.09  bins=3/3  active= 90  (1209s)
  steps=1100000  held=0.32  gate=0.32  bins=3/3  active= 90  (1277s)
  steps=1150000  held=0.33  gate=0.33  bins=3/3  active= 90  (1350s)
  steps=1200000  held=0.41  gate=0.41  bins=3/3  active= 90  (1419s)
  steps=1250000  held=0.56  gate=0.56  bins=3/3  active= 90  (1483s)
  steps=1300000  held=0.47  gate=0.47  bins=3/3  active= 90  (1545s)
  steps=1350000  held=0.45  gate=0.45  bins=3/3  active= 90  (1613s)
  steps=1400000  held=0.58  gate=0.58  bins=3/3  active= 90  (1675s)
  steps=1450000  held=0.59  gate=0.59  bins=3/3  active= 90  (1740s)
  steps=1500000  held=0.49  gate=0.49  bins=3/3  active= 90  (1802s)

[rivers_only] DONE  final held=0.49  steps_to_0.3=1,100,000  wall=1802s  -> rivers_only_seed29.json
[rivers_only] per-cell held: s9N1=0.50  s9N2=0.25  s9N3=0.06  s13N1=1.00  s13N2=0.38  s13N3=0.50  s17N1=1.00  s17N2=0.56  s17N3=0.12
