[random_curriculum] train=90 layouts  held-out=36 layouts
objc[30348]: Class SDLApplication is implemented in both /Users/linmuyi/miniconda3/envs/llm_gs/lib/python3.9/site-packages/pygame/.dylibs/libSDL2-2.0.0.dylib (0x10b3612c8) and /Users/linmuyi/miniconda3/envs/llm_gs/lib/python3.9/site-packages/cv2/.dylibs/libSDL2-2.0.0.dylib (0x16b6ac890). This may cause spurious casting failures and mysterious crashes. One of the duplicates must be removed or renamed.
objc[30348]: Class SDLAppDelegate is implemented in both /Users/linmuyi/miniconda3/envs/llm_gs/lib/python3.9/site-packages/pygame/.dylibs/libSDL2-2.0.0.dylib (0x10b361318) and /Users/linmuyi/miniconda3/envs/llm_gs/lib/python3.9/site-packages/cv2/.dylibs/libSDL2-2.0.0.dylib (0x16b6ac8e0). This may cause spurious casting failures and mysterious crashes. One of the duplicates must be removed or renamed.
objc[30348]: Class SDLTranslatorResponder is implemented in both /Users/linmuyi/miniconda3/envs/llm_gs/lib/python3.9/site-packages/pygame/.dylibs/libSDL2-2.0.0.dylib (0x10b361390) and /Users/linmuyi/miniconda3/envs/llm_gs/lib/python3.9/site-packages/cv2/.dylibs/libSDL2-2.0.0.dylib (0x16b6ac958). This may cause spurious casting failures and mysterious crashes. One of the duplicates must be removed or renamed.
objc[30348]: Class SDLMessageBoxPresenter is implemented in both /Users/linmuyi/miniconda3/envs/llm_gs/lib/python3.9/site-packages/pygame/.dylibs/libSDL2-2.0.0.dylib (0x10b3613b8) and /Users/linmuyi/miniconda3/envs/llm_gs/lib/python3.9/site-packages/cv2/.dylibs/libSDL2-2.0.0.dylib (0x16b6ac980). This may cause spurious casting failures and mysterious crashes. One of the duplicates must be removed or renamed.
objc[30348]: Class SDL_cocoametalview is implemented in both /Users/linmuyi/miniconda3/envs/llm_gs/lib/python3.9/site-packages/pygame/.dylibs/libSDL2-2.0.0.dylib (0x10b361408) and /Users/linmuyi/miniconda3/envs/llm_gs/lib/python3.9/site-packages/cv2/.dylibs/libSDL2-2.0.0.dylib (0x16b6ac9d0). This may cause spurious casting failures and mysterious crashes. One of the duplicates must be removed or renamed.
objc[30348]: Class SDLOpenGLContext is implemented in both /Users/linmuyi/miniconda3/envs/llm_gs/lib/python3.9/site-packages/pygame/.dylibs/libSDL2-2.0.0.dylib (0x10b361458) and /Users/linmuyi/miniconda3/envs/llm_gs/lib/python3.9/site-packages/cv2/.dylibs/libSDL2-2.0.0.dylib (0x16b6aca20). This may cause spurious casting failures and mysterious crashes. One of the duplicates must be removed or renamed.
objc[30348]: Class SDL_ShapeData is implemented in both /Users/linmuyi/miniconda3/envs/llm_gs/lib/python3.9/site-packages/pygame/.dylibs/libSDL2-2.0.0.dylib (0x10b3614d0) and /Users/linmuyi/miniconda3/envs/llm_gs/lib/python3.9/site-packages/cv2/.dylibs/libSDL2-2.0.0.dylib (0x16b6aca98). This may cause spurious casting failures and mysterious crashes. One of the duplicates must be removed or renamed.
objc[30348]: Class SDL_CocoaClosure is implemented in both /Users/linmuyi/miniconda3/envs/llm_gs/lib/python3.9/site-packages/pygame/.dylibs/libSDL2-2.0.0.dylib (0x10b361520) and /Users/linmuyi/miniconda3/envs/llm_gs/lib/python3.9/site-packages/cv2/.dylibs/libSDL2-2.0.0.dylib (0x16b6acae8). This may cause spurious casting failures and mysterious crashes. One of the duplicates must be removed or renamed.
objc[30348]: Class SDL_VideoData is implemented in both /Users/linmuyi/miniconda3/envs/llm_gs/lib/python3.9/site-packages/pygame/.dylibs/libSDL2-2.0.0.dylib (0x10b361570) and /Users/linmuyi/miniconda3/envs/llm_gs/lib/python3.9/site-packages/cv2/.dylibs/libSDL2-2.0.0.dylib (0x16b6acb38). This may cause spurious casting failures and mysterious crashes. One of the duplicates must be removed or renamed.
objc[30348]: Class SDL_WindowData is implemented in both /Users/linmuyi/miniconda3/envs/llm_gs/lib/python3.9/site-packages/pygame/.dylibs/libSDL2-2.0.0.dylib (0x10b3615c0) and /Users/linmuyi/miniconda3/envs/llm_gs/lib/python3.9/site-packages/cv2/.dylibs/libSDL2-2.0.0.dylib (0x16b6acb88). This may cause spurious casting failures and mysterious crashes. One of the duplicates must be removed or renamed.
objc[30348]: Class SDLWindow is implemented in both /Users/linmuyi/miniconda3/envs/llm_gs/lib/python3.9/site-packages/pygame/.dylibs/libSDL2-2.0.0.dylib (0x10b3615e8) and /Users/linmuyi/miniconda3/envs/llm_gs/lib/python3.9/site-packages/cv2/.dylibs/libSDL2-2.0.0.dylib (0x16b6acbb0). This may cause spurious casting failures and mysterious crashes. One of the duplicates must be removed or renamed.
objc[30348]: Class Cocoa_WindowListener is implemented in both /Users/linmuyi/miniconda3/envs/llm_gs/lib/python3.9/site-packages/pygame/.dylibs/libSDL2-2.0.0.dylib (0x10b361610) and /Users/linmuyi/miniconda3/envs/llm_gs/lib/python3.9/site-packages/cv2/.dylibs/libSDL2-2.0.0.dylib (0x16b6acbd8). This may cause spurious casting failures and mysterious crashes. One of the duplicates must be removed or renamed.
objc[30348]: Class SDLView is implemented in both /Users/linmuyi/miniconda3/envs/llm_gs/lib/python3.9/site-packages/pygame/.dylibs/libSDL2-2.0.0.dylib (0x10b361688) and /Users/linmuyi/miniconda3/envs/llm_gs/lib/python3.9/site-packages/cv2/.dylibs/libSDL2-2.0.0.dylib (0x16b6acc50). This may cause spurious casting failures and mysterious crashes. One of the duplicates must be removed or renamed.
objc[30348]: Class METAL_RenderData is implemented in both /Users/linmuyi/miniconda3/envs/llm_gs/lib/python3.9/site-packages/pygame/.dylibs/libSDL2-2.0.0.dylib (0x10b361700) and /Users/linmuyi/miniconda3/envs/llm_gs/lib/python3.9/site-packages/cv2/.dylibs/libSDL2-2.0.0.dylib (0x16b6accc8). This may cause spurious casting failures and mysterious crashes. One of the duplicates must be removed or renamed.
objc[30348]: Class METAL_TextureData is implemented in both /Users/linmuyi/miniconda3/envs/llm_gs/lib/python3.9/site-packages/pygame/.dylibs/libSDL2-2.0.0.dylib (0x10b361750) and /Users/linmuyi/miniconda3/envs/llm_gs/lib/python3.9/site-packages/cv2/.dylibs/libSDL2-2.0.0.dylib (0x16b6acd18). This may cause spurious casting failures and mysterious crashes. One of the duplicates must be removed or renamed.
objc[30348]: Class SDL_RumbleMotor is implemented in both /Users/linmuyi/miniconda3/envs/llm_gs/lib/python3.9/site-packages/pygame/.dylibs/libSDL2-2.0.0.dylib (0x10b361778) and /Users/linmuyi/miniconda3/envs/llm_gs/lib/python3.9/site-packages/cv2/.dylibs/libSDL2-2.0.0.dylib (0x16b6acd40). This may cause spurious casting failures and mysterious crashes. One of the duplicates must be removed or renamed.
objc[30348]: Class SDL_RumbleContext is implemented in both /Users/linmuyi/miniconda3/envs/llm_gs/lib/python3.9/site-packages/pygame/.dylibs/libSDL2-2.0.0.dylib (0x10b3617c8) and /Users/linmuyi/miniconda3/envs/llm_gs/lib/python3.9/site-packages/cv2/.dylibs/libSDL2-2.0.0.dylib (0x16b6acd90). This may cause spurious casting failures and mysterious crashes. One of the duplicates must be removed or renamed.
[random_curriculum] 1500000 steps, 30 checkpoints, curriculum

  steps=  50000  held=0.00  gate=0.00  bins=1/3  active= 30  (46s)
  steps= 100000  held=0.00  gate=0.00  bins=1/3  active= 30  (91s)
  steps= 150000  held=0.00  gate=0.00  bins=1/3  active= 30  (150s)
  steps= 200000  held=0.00  gate=0.00  bins=1/3  active= 30  (199s)
  steps= 250000  held=0.00  gate=0.01  bins=1/3  active= 30  (233s)
  steps= 300000  held=0.01  gate=0.00  bins=1/3  active= 30  (259s)
  steps= 350000  held=0.01  gate=0.00  bins=1/3  active= 30  (290s)
  steps= 400000  held=0.01  gate=0.03  bins=2/3  active= 60  [UNLOCK:deadline]  (322s)
  steps= 450000  held=0.01  gate=0.00  bins=2/3  active= 60  (356s)
  steps= 500000  held=0.01  gate=0.06  bins=2/3  active= 60  (406s)
  steps= 550000  held=0.00  gate=0.00  bins=2/3  active= 60  (455s)
  steps= 600000  held=0.03  gate=0.12  bins=2/3  active= 60  (493s)
  steps= 650000  held=0.03  gate=0.04  bins=2/3  active= 60  (548s)
  steps= 700000  held=0.03  gate=0.06  bins=2/3  active= 60  (610s)
  steps= 750000  held=0.02  gate=0.01  bins=2/3  active= 60  (667s)
  steps= 800000  held=0.03  gate=0.07  bins=3/3  active= 90  [UNLOCK:deadline]  (724s)
  steps= 850000  held=0.03  gate=0.03  bins=3/3  active= 90  (757s)
  steps= 900000  held=0.03  gate=0.03  bins=3/3  active= 90  (805s)
  steps= 950000  held=0.01  gate=0.01  bins=3/3  active= 90  (855s)
  steps=1000000  held=0.03  gate=0.03  bins=3/3  active= 90  (897s)
  steps=1050000  held=0.02  gate=0.02  bins=3/3  active= 90  (935s)
  steps=1100000  held=0.03  gate=0.03  bins=3/3  active= 90  (978s)
  steps=1150000  held=0.03  gate=0.03  bins=3/3  active= 90  (1023s)
  steps=1200000  held=0.03  gate=0.03  bins=3/3  active= 90  (1067s)
  steps=1250000  held=0.03  gate=0.03  bins=3/3  active= 90  (1112s)
  steps=1300000  held=0.05  gate=0.05  bins=3/3  active= 90  (1158s)
  steps=1350000  held=0.00  gate=0.00  bins=3/3  active= 90  (1208s)
  steps=1400000  held=0.03  gate=0.03  bins=3/3  active= 90  (1253s)
  steps=1450000  held=0.03  gate=0.03  bins=3/3  active= 90  (1302s)
  steps=1500000  held=0.10  gate=0.10  bins=3/3  active= 90  (1342s)

[random_curriculum] DONE  final held=0.10  steps_to_0.3=NOT REACHED  wall=1342s  -> random_curriculum_seed35.json
[random_curriculum] per-cell held: s9N1=0.06  s9N2=0.00  s9N3=0.00  s13N1=0.06  s13N2=0.06  s13N3=0.00  s17N1=0.00  s17N2=0.50  s17N3=0.25
