[flat] train=90 layouts  held-out=36 layouts
objc[60926]: Class SDLApplication is implemented in both /Users/linmuyi/miniconda3/envs/llm_gs/lib/python3.9/site-packages/pygame/.dylibs/libSDL2-2.0.0.dylib (0x102c292c8) and /Users/linmuyi/miniconda3/envs/llm_gs/lib/python3.9/site-packages/cv2/.dylibs/libSDL2-2.0.0.dylib (0x140950890). This may cause spurious casting failures and mysterious crashes. One of the duplicates must be removed or renamed.
objc[60926]: Class SDLAppDelegate is implemented in both /Users/linmuyi/miniconda3/envs/llm_gs/lib/python3.9/site-packages/pygame/.dylibs/libSDL2-2.0.0.dylib (0x102c29318) and /Users/linmuyi/miniconda3/envs/llm_gs/lib/python3.9/site-packages/cv2/.dylibs/libSDL2-2.0.0.dylib (0x1409508e0). This may cause spurious casting failures and mysterious crashes. One of the duplicates must be removed or renamed.
objc[60926]: Class SDLTranslatorResponder is implemented in both /Users/linmuyi/miniconda3/envs/llm_gs/lib/python3.9/site-packages/pygame/.dylibs/libSDL2-2.0.0.dylib (0x102c29390) and /Users/linmuyi/miniconda3/envs/llm_gs/lib/python3.9/site-packages/cv2/.dylibs/libSDL2-2.0.0.dylib (0x140950958). This may cause spurious casting failures and mysterious crashes. One of the duplicates must be removed or renamed.
objc[60926]: Class SDLMessageBoxPresenter is implemented in both /Users/linmuyi/miniconda3/envs/llm_gs/lib/python3.9/site-packages/pygame/.dylibs/libSDL2-2.0.0.dylib (0x102c293b8) and /Users/linmuyi/miniconda3/envs/llm_gs/lib/python3.9/site-packages/cv2/.dylibs/libSDL2-2.0.0.dylib (0x140950980). This may cause spurious casting failures and mysterious crashes. One of the duplicates must be removed or renamed.
objc[60926]: Class SDL_cocoametalview is implemented in both /Users/linmuyi/miniconda3/envs/llm_gs/lib/python3.9/site-packages/pygame/.dylibs/libSDL2-2.0.0.dylib (0x102c29408) and /Users/linmuyi/miniconda3/envs/llm_gs/lib/python3.9/site-packages/cv2/.dylibs/libSDL2-2.0.0.dylib (0x1409509d0). This may cause spurious casting failures and mysterious crashes. One of the duplicates must be removed or renamed.
objc[60926]: Class SDLOpenGLContext is implemented in both /Users/linmuyi/miniconda3/envs/llm_gs/lib/python3.9/site-packages/pygame/.dylibs/libSDL2-2.0.0.dylib (0x102c29458) and /Users/linmuyi/miniconda3/envs/llm_gs/lib/python3.9/site-packages/cv2/.dylibs/libSDL2-2.0.0.dylib (0x140950a20). This may cause spurious casting failures and mysterious crashes. One of the duplicates must be removed or renamed.
objc[60926]: Class SDL_ShapeData is implemented in both /Users/linmuyi/miniconda3/envs/llm_gs/lib/python3.9/site-packages/pygame/.dylibs/libSDL2-2.0.0.dylib (0x102c294d0) and /Users/linmuyi/miniconda3/envs/llm_gs/lib/python3.9/site-packages/cv2/.dylibs/libSDL2-2.0.0.dylib (0x140950a98). This may cause spurious casting failures and mysterious crashes. One of the duplicates must be removed or renamed.
objc[60926]: Class SDL_CocoaClosure is implemented in both /Users/linmuyi/miniconda3/envs/llm_gs/lib/python3.9/site-packages/pygame/.dylibs/libSDL2-2.0.0.dylib (0x102c29520) and /Users/linmuyi/miniconda3/envs/llm_gs/lib/python3.9/site-packages/cv2/.dylibs/libSDL2-2.0.0.dylib (0x140950ae8). This may cause spurious casting failures and mysterious crashes. One of the duplicates must be removed or renamed.
objc[60926]: Class SDL_VideoData is implemented in both /Users/linmuyi/miniconda3/envs/llm_gs/lib/python3.9/site-packages/pygame/.dylibs/libSDL2-2.0.0.dylib (0x102c29570) and /Users/linmuyi/miniconda3/envs/llm_gs/lib/python3.9/site-packages/cv2/.dylibs/libSDL2-2.0.0.dylib (0x140950b38). This may cause spurious casting failures and mysterious crashes. One of the duplicates must be removed or renamed.
objc[60926]: Class SDL_WindowData is implemented in both /Users/linmuyi/miniconda3/envs/llm_gs/lib/python3.9/site-packages/pygame/.dylibs/libSDL2-2.0.0.dylib (0x102c295c0) and /Users/linmuyi/miniconda3/envs/llm_gs/lib/python3.9/site-packages/cv2/.dylibs/libSDL2-2.0.0.dylib (0x140950b88). This may cause spurious casting failures and mysterious crashes. One of the duplicates must be removed or renamed.
objc[60926]: Class SDLWindow is implemented in both /Users/linmuyi/miniconda3/envs/llm_gs/lib/python3.9/site-packages/pygame/.dylibs/libSDL2-2.0.0.dylib (0x102c295e8) and /Users/linmuyi/miniconda3/envs/llm_gs/lib/python3.9/site-packages/cv2/.dylibs/libSDL2-2.0.0.dylib (0x140950bb0). This may cause spurious casting failures and mysterious crashes. One of the duplicates must be removed or renamed.
objc[60926]: Class Cocoa_WindowListener is implemented in both /Users/linmuyi/miniconda3/envs/llm_gs/lib/python3.9/site-packages/pygame/.dylibs/libSDL2-2.0.0.dylib (0x102c29610) and /Users/linmuyi/miniconda3/envs/llm_gs/lib/python3.9/site-packages/cv2/.dylibs/libSDL2-2.0.0.dylib (0x140950bd8). This may cause spurious casting failures and mysterious crashes. One of the duplicates must be removed or renamed.
objc[60926]: Class SDLView is implemented in both /Users/linmuyi/miniconda3/envs/llm_gs/lib/python3.9/site-packages/pygame/.dylibs/libSDL2-2.0.0.dylib (0x102c29688) and /Users/linmuyi/miniconda3/envs/llm_gs/lib/python3.9/site-packages/cv2/.dylibs/libSDL2-2.0.0.dylib (0x140950c50). This may cause spurious casting failures and mysterious crashes. One of the duplicates must be removed or renamed.
objc[60926]: Class METAL_RenderData is implemented in both /Users/linmuyi/miniconda3/envs/llm_gs/lib/python3.9/site-packages/pygame/.dylibs/libSDL2-2.0.0.dylib (0x102c29700) and /Users/linmuyi/miniconda3/envs/llm_gs/lib/python3.9/site-packages/cv2/.dylibs/libSDL2-2.0.0.dylib (0x140950cc8). This may cause spurious casting failures and mysterious crashes. One of the duplicates must be removed or renamed.
objc[60926]: Class METAL_TextureData is implemented in both /Users/linmuyi/miniconda3/envs/llm_gs/lib/python3.9/site-packages/pygame/.dylibs/libSDL2-2.0.0.dylib (0x102c29750) and /Users/linmuyi/miniconda3/envs/llm_gs/lib/python3.9/site-packages/cv2/.dylibs/libSDL2-2.0.0.dylib (0x140950d18). This may cause spurious casting failures and mysterious crashes. One of the duplicates must be removed or renamed.
objc[60926]: Class SDL_RumbleMotor is implemented in both /Users/linmuyi/miniconda3/envs/llm_gs/lib/python3.9/site-packages/pygame/.dylibs/libSDL2-2.0.0.dylib (0x102c29778) and /Users/linmuyi/miniconda3/envs/llm_gs/lib/python3.9/site-packages/cv2/.dylibs/libSDL2-2.0.0.dylib (0x140950d40). This may cause spurious casting failures and mysterious crashes. One of the duplicates must be removed or renamed.
objc[60926]: Class SDL_RumbleContext is implemented in both /Users/linmuyi/miniconda3/envs/llm_gs/lib/python3.9/site-packages/pygame/.dylibs/libSDL2-2.0.0.dylib (0x102c297c8) and /Users/linmuyi/miniconda3/envs/llm_gs/lib/python3.9/site-packages/cv2/.dylibs/libSDL2-2.0.0.dylib (0x140950d90). This may cause spurious casting failures and mysterious crashes. One of the duplicates must be removed or renamed.
[flat] 1500000 steps, 30 checkpoints, flat (no curriculum)

  steps=  50000  held=0.00  gate=0.00  bins=3/3  active= 90  (38s)
  steps= 100000  held=0.00  gate=0.00  bins=3/3  active= 90  (80s)
  steps= 150000  held=0.00  gate=0.00  bins=3/3  active= 90  (122s)
  steps= 200000  held=0.00  gate=0.00  bins=3/3  active= 90  (159s)
  steps= 250000  held=0.01  gate=0.01  bins=3/3  active= 90  (198s)
  steps= 300000  held=0.00  gate=0.00  bins=3/3  active= 90  (232s)
  steps= 350000  held=0.01  gate=0.01  bins=3/3  active= 90  (262s)
  steps= 400000  held=0.00  gate=0.00  bins=3/3  active= 90  (289s)
  steps= 450000  held=0.00  gate=0.00  bins=3/3  active= 90  (323s)
  steps= 500000  held=0.00  gate=0.00  bins=3/3  active= 90  (368s)
  steps= 550000  held=0.00  gate=0.00  bins=3/3  active= 90  (409s)
  steps= 600000  held=0.00  gate=0.00  bins=3/3  active= 90  (455s)
  steps= 650000  held=0.00  gate=0.00  bins=3/3  active= 90  (499s)
  steps= 700000  held=0.00  gate=0.00  bins=3/3  active= 90  (536s)
  steps= 750000  held=0.00  gate=0.00  bins=3/3  active= 90  (582s)
  steps= 800000  held=0.00  gate=0.00  bins=3/3  active= 90  (631s)
  steps= 850000  held=0.00  gate=0.00  bins=3/3  active= 90  (680s)
  steps= 900000  held=0.00  gate=0.00  bins=3/3  active= 90  (731s)
  steps= 950000  held=0.00  gate=0.00  bins=3/3  active= 90  (784s)
  steps=1000000  held=0.00  gate=0.00  bins=3/3  active= 90  (835s)
  steps=1050000  held=0.00  gate=0.00  bins=3/3  active= 90  (880s)
  steps=1100000  held=0.01  gate=0.01  bins=3/3  active= 90  (921s)
  steps=1150000  held=0.00  gate=0.00  bins=3/3  active= 90  (959s)
  steps=1200000  held=0.04  gate=0.04  bins=3/3  active= 90  (991s)
  steps=1250000  held=0.12  gate=0.12  bins=3/3  active= 90  (1023s)
  steps=1300000  held=0.03  gate=0.03  bins=3/3  active= 90  (1064s)
  steps=1350000  held=0.03  gate=0.03  bins=3/3  active= 90  (1108s)
  steps=1400000  held=0.13  gate=0.13  bins=3/3  active= 90  (1143s)
  steps=1450000  held=0.14  gate=0.14  bins=3/3  active= 90  (1179s)
  steps=1500000  held=0.03  gate=0.03  bins=3/3  active= 90  (1219s)

[flat] DONE  final held=0.03  steps_to_0.3=NOT REACHED  wall=1219s  -> flat_seed26.json
[flat] per-cell held: s9N1=0.00  s9N2=0.00  s9N3=0.00  s13N1=0.00  s13N2=0.06  s13N3=0.00  s17N1=0.00  s17N2=0.25  s17N3=0.00
