[size_order] train=90 layouts  held-out=36 layouts
objc[35270]: Class SDLApplication is implemented in both /Users/linmuyi/miniconda3/envs/llm_gs/lib/python3.9/site-packages/pygame/.dylibs/libSDL2-2.0.0.dylib (0x10594d2c8) and /Users/linmuyi/miniconda3/envs/llm_gs/lib/python3.9/site-packages/cv2/.dylibs/libSDL2-2.0.0.dylib (0x141530890). This may cause spurious casting failures and mysterious crashes. One of the duplicates must be removed or renamed.
objc[35270]: Class SDLAppDelegate is implemented in both /Users/linmuyi/miniconda3/envs/llm_gs/lib/python3.9/site-packages/pygame/.dylibs/libSDL2-2.0.0.dylib (0x10594d318) and /Users/linmuyi/miniconda3/envs/llm_gs/lib/python3.9/site-packages/cv2/.dylibs/libSDL2-2.0.0.dylib (0x1415308e0). This may cause spurious casting failures and mysterious crashes. One of the duplicates must be removed or renamed.
objc[35270]: Class SDLTranslatorResponder is implemented in both /Users/linmuyi/miniconda3/envs/llm_gs/lib/python3.9/site-packages/pygame/.dylibs/libSDL2-2.0.0.dylib (0x10594d390) and /Users/linmuyi/miniconda3/envs/llm_gs/lib/python3.9/site-packages/cv2/.dylibs/libSDL2-2.0.0.dylib (0x141530958). This may cause spurious casting failures and mysterious crashes. One of the duplicates must be removed or renamed.
objc[35270]: Class SDLMessageBoxPresenter is implemented in both /Users/linmuyi/miniconda3/envs/llm_gs/lib/python3.9/site-packages/pygame/.dylibs/libSDL2-2.0.0.dylib (0x10594d3b8) and /Users/linmuyi/miniconda3/envs/llm_gs/lib/python3.9/site-packages/cv2/.dylibs/libSDL2-2.0.0.dylib (0x141530980). This may cause spurious casting failures and mysterious crashes. One of the duplicates must be removed or renamed.
objc[35270]: Class SDL_cocoametalview is implemented in both /Users/linmuyi/miniconda3/envs/llm_gs/lib/python3.9/site-packages/pygame/.dylibs/libSDL2-2.0.0.dylib (0x10594d408) and /Users/linmuyi/miniconda3/envs/llm_gs/lib/python3.9/site-packages/cv2/.dylibs/libSDL2-2.0.0.dylib (0x1415309d0). This may cause spurious casting failures and mysterious crashes. One of the duplicates must be removed or renamed.
objc[35270]: Class SDLOpenGLContext is implemented in both /Users/linmuyi/miniconda3/envs/llm_gs/lib/python3.9/site-packages/pygame/.dylibs/libSDL2-2.0.0.dylib (0x10594d458) and /Users/linmuyi/miniconda3/envs/llm_gs/lib/python3.9/site-packages/cv2/.dylibs/libSDL2-2.0.0.dylib (0x141530a20). This may cause spurious casting failures and mysterious crashes. One of the duplicates must be removed or renamed.
objc[35270]: Class SDL_ShapeData is implemented in both /Users/linmuyi/miniconda3/envs/llm_gs/lib/python3.9/site-packages/pygame/.dylibs/libSDL2-2.0.0.dylib (0x10594d4d0) and /Users/linmuyi/miniconda3/envs/llm_gs/lib/python3.9/site-packages/cv2/.dylibs/libSDL2-2.0.0.dylib (0x141530a98). This may cause spurious casting failures and mysterious crashes. One of the duplicates must be removed or renamed.
objc[35270]: Class SDL_CocoaClosure is implemented in both /Users/linmuyi/miniconda3/envs/llm_gs/lib/python3.9/site-packages/pygame/.dylibs/libSDL2-2.0.0.dylib (0x10594d520) and /Users/linmuyi/miniconda3/envs/llm_gs/lib/python3.9/site-packages/cv2/.dylibs/libSDL2-2.0.0.dylib (0x141530ae8). This may cause spurious casting failures and mysterious crashes. One of the duplicates must be removed or renamed.
objc[35270]: Class SDL_VideoData is implemented in both /Users/linmuyi/miniconda3/envs/llm_gs/lib/python3.9/site-packages/pygame/.dylibs/libSDL2-2.0.0.dylib (0x10594d570) and /Users/linmuyi/miniconda3/envs/llm_gs/lib/python3.9/site-packages/cv2/.dylibs/libSDL2-2.0.0.dylib (0x141530b38). This may cause spurious casting failures and mysterious crashes. One of the duplicates must be removed or renamed.
objc[35270]: Class SDL_WindowData is implemented in both /Users/linmuyi/miniconda3/envs/llm_gs/lib/python3.9/site-packages/pygame/.dylibs/libSDL2-2.0.0.dylib (0x10594d5c0) and /Users/linmuyi/miniconda3/envs/llm_gs/lib/python3.9/site-packages/cv2/.dylibs/libSDL2-2.0.0.dylib (0x141530b88). This may cause spurious casting failures and mysterious crashes. One of the duplicates must be removed or renamed.
objc[35270]: Class SDLWindow is implemented in both /Users/linmuyi/miniconda3/envs/llm_gs/lib/python3.9/site-packages/pygame/.dylibs/libSDL2-2.0.0.dylib (0x10594d5e8) and /Users/linmuyi/miniconda3/envs/llm_gs/lib/python3.9/site-packages/cv2/.dylibs/libSDL2-2.0.0.dylib (0x141530bb0). This may cause spurious casting failures and mysterious crashes. One of the duplicates must be removed or renamed.
objc[35270]: Class Cocoa_WindowListener is implemented in both /Users/linmuyi/miniconda3/envs/llm_gs/lib/python3.9/site-packages/pygame/.dylibs/libSDL2-2.0.0.dylib (0x10594d610) and /Users/linmuyi/miniconda3/envs/llm_gs/lib/python3.9/site-packages/cv2/.dylibs/libSDL2-2.0.0.dylib (0x141530bd8). This may cause spurious casting failures and mysterious crashes. One of the duplicates must be removed or renamed.
objc[35270]: Class SDLView is implemented in both /Users/linmuyi/miniconda3/envs/llm_gs/lib/python3.9/site-packages/pygame/.dylibs/libSDL2-2.0.0.dylib (0x10594d688) and /Users/linmuyi/miniconda3/envs/llm_gs/lib/python3.9/site-packages/cv2/.dylibs/libSDL2-2.0.0.dylib (0x141530c50). This may cause spurious casting failures and mysterious crashes. One of the duplicates must be removed or renamed.
objc[35270]: Class METAL_RenderData is implemented in both /Users/linmuyi/miniconda3/envs/llm_gs/lib/python3.9/site-packages/pygame/.dylibs/libSDL2-2.0.0.dylib (0x10594d700) and /Users/linmuyi/miniconda3/envs/llm_gs/lib/python3.9/site-packages/cv2/.dylibs/libSDL2-2.0.0.dylib (0x141530cc8). This may cause spurious casting failures and mysterious crashes. One of the duplicates must be removed or renamed.
objc[35270]: Class METAL_TextureData is implemented in both /Users/linmuyi/miniconda3/envs/llm_gs/lib/python3.9/site-packages/pygame/.dylibs/libSDL2-2.0.0.dylib (0x10594d750) and /Users/linmuyi/miniconda3/envs/llm_gs/lib/python3.9/site-packages/cv2/.dylibs/libSDL2-2.0.0.dylib (0x141530d18). This may cause spurious casting failures and mysterious crashes. One of the duplicates must be removed or renamed.
objc[35270]: Class SDL_RumbleMotor is implemented in both /Users/linmuyi/miniconda3/envs/llm_gs/lib/python3.9/site-packages/pygame/.dylibs/libSDL2-2.0.0.dylib (0x10594d778) and /Users/linmuyi/miniconda3/envs/llm_gs/lib/python3.9/site-packages/cv2/.dylibs/libSDL2-2.0.0.dylib (0x141530d40). This may cause spurious casting failures and mysterious crashes. One of the duplicates must be removed or renamed.
objc[35270]: Class SDL_RumbleContext is implemented in both /Users/linmuyi/miniconda3/envs/llm_gs/lib/python3.9/site-packages/pygame/.dylibs/libSDL2-2.0.0.dylib (0x10594d7c8) and /Users/linmuyi/miniconda3/envs/llm_gs/lib/python3.9/site-packages/cv2/.dylibs/libSDL2-2.0.0.dylib (0x141530d90). This may cause spurious casting failures and mysterious crashes. One of the duplicates must be removed or renamed.
[size_order] 1500000 steps, 30 checkpoints, curriculum

  steps=  50000  held=0.00  gate=0.00  bins=1/3  active= 30  (43s)
  steps= 100000  held=0.04  gate=0.21  bins=1/3  active= 30  (73s)
  steps= 150000  held=0.11  gate=0.22  bins=1/3  active= 30  (116s)
  steps= 200000  held=0.13  gate=0.11  bins=1/3  active= 30  (159s)
  steps= 250000  held=0.14  gate=0.28  bins=1/3  active= 30  (197s)
  steps= 300000  held=0.13  gate=0.17  bins=1/3  active= 30  (247s)
  steps= 350000  held=0.06  gate=0.11  bins=1/3  active= 30  (291s)
  steps= 400000  held=0.14  gate=0.17  bins=2/3  active= 60  [UNLOCK:deadline]  (340s)
  steps= 450000  held=0.11  gate=0.00  bins=2/3  active= 60  (393s)
  steps= 500000  held=0.12  gate=0.15  bins=2/3  active= 60  (438s)
  steps= 550000  held=0.15  gate=0.11  bins=2/3  active= 60  (485s)
  steps= 600000  held=0.15  gate=0.33  bins=2/3  active= 60  (531s)
  steps= 650000  held=0.08  gate=0.18  bins=2/3  active= 60  (582s)
  steps= 700000  held=0.08  gate=0.17  bins=2/3  active= 60  (633s)
  steps= 750000  held=0.26  gate=0.47  bins=2/3  active= 60  (678s)
  steps= 800000  held=0.42  gate=0.49  bins=3/3  active= 90  [UNLOCK:deadline]  (722s)
  steps= 850000  held=0.51  gate=0.51  bins=3/3  active= 90  (764s)
  steps= 900000  held=0.56  gate=0.56  bins=3/3  active= 90  (804s)
  steps= 950000  held=0.36  gate=0.36  bins=3/3  active= 90  (850s)
  steps=1000000  held=0.52  gate=0.52  bins=3/3  active= 90  (890s)
  steps=1050000  held=0.47  gate=0.47  bins=3/3  active= 90  (933s)
  steps=1100000  held=0.42  gate=0.42  bins=3/3  active= 90  (976s)
  steps=1150000  held=0.38  gate=0.38  bins=3/3  active= 90  (1023s)
  steps=1200000  held=0.49  gate=0.49  bins=3/3  active= 90  (1069s)
  steps=1250000  held=0.18  gate=0.18  bins=3/3  active= 90  (1118s)
  steps=1300000  held=0.42  gate=0.42  bins=3/3  active= 90  (1156s)
  steps=1350000  held=0.49  gate=0.49  bins=3/3  active= 90  (1198s)
  steps=1400000  held=0.51  gate=0.51  bins=3/3  active= 90  (1237s)
  steps=1450000  held=0.52  gate=0.52  bins=3/3  active= 90  (1278s)
  steps=1500000  held=0.51  gate=0.51  bins=3/3  active= 90  (1319s)

[size_order] DONE  final held=0.51  steps_to_0.3=800,000  wall=1319s  -> size_order_seed16.json
[size_order] per-cell held: s9N1=0.69  s9N2=0.31  s9N3=0.06  s13N1=0.44  s13N2=0.75  s13N3=0.25  s17N1=0.69  s17N2=0.94  s17N3=0.50
