[size_order] train=90 layouts  held-out=36 layouts
objc[10520]: Class SDLApplication is implemented in both /Users/linmuyi/miniconda3/envs/llm_gs/lib/python3.9/site-packages/pygame/.dylibs/libSDL2-2.0.0.dylib (0x106be12c8) and /Users/linmuyi/miniconda3/envs/llm_gs/lib/python3.9/site-packages/cv2/.dylibs/libSDL2-2.0.0.dylib (0x14ada0890). This may cause spurious casting failures and mysterious crashes. One of the duplicates must be removed or renamed.
objc[10520]: Class SDLAppDelegate is implemented in both /Users/linmuyi/miniconda3/envs/llm_gs/lib/python3.9/site-packages/pygame/.dylibs/libSDL2-2.0.0.dylib (0x106be1318) and /Users/linmuyi/miniconda3/envs/llm_gs/lib/python3.9/site-packages/cv2/.dylibs/libSDL2-2.0.0.dylib (0x14ada08e0). This may cause spurious casting failures and mysterious crashes. One of the duplicates must be removed or renamed.
objc[10520]: Class SDLTranslatorResponder is implemented in both /Users/linmuyi/miniconda3/envs/llm_gs/lib/python3.9/site-packages/pygame/.dylibs/libSDL2-2.0.0.dylib (0x106be1390) and /Users/linmuyi/miniconda3/envs/llm_gs/lib/python3.9/site-packages/cv2/.dylibs/libSDL2-2.0.0.dylib (0x14ada0958). This may cause spurious casting failures and mysterious crashes. One of the duplicates must be removed or renamed.
objc[10520]: Class SDLMessageBoxPresenter is implemented in both /Users/linmuyi/miniconda3/envs/llm_gs/lib/python3.9/site-packages/pygame/.dylibs/libSDL2-2.0.0.dylib (0x106be13b8) and /Users/linmuyi/miniconda3/envs/llm_gs/lib/python3.9/site-packages/cv2/.dylibs/libSDL2-2.0.0.dylib (0x14ada0980). This may cause spurious casting failures and mysterious crashes. One of the duplicates must be removed or renamed.
objc[10520]: Class SDL_cocoametalview is implemented in both /Users/linmuyi/miniconda3/envs/llm_gs/lib/python3.9/site-packages/pygame/.dylibs/libSDL2-2.0.0.dylib (0x106be1408) and /Users/linmuyi/miniconda3/envs/llm_gs/lib/python3.9/site-packages/cv2/.dylibs/libSDL2-2.0.0.dylib (0x14ada09d0). This may cause spurious casting failures and mysterious crashes. One of the duplicates must be removed or renamed.
objc[10520]: Class SDLOpenGLContext is implemented in both /Users/linmuyi/miniconda3/envs/llm_gs/lib/python3.9/site-packages/pygame/.dylibs/libSDL2-2.0.0.dylib (0x106be1458) and /Users/linmuyi/miniconda3/envs/llm_gs/lib/python3.9/site-packages/cv2/.dylibs/libSDL2-2.0.0.dylib (0x14ada0a20). This may cause spurious casting failures and mysterious crashes. One of the duplicates must be removed or renamed.
objc[10520]: Class SDL_ShapeData is implemented in both /Users/linmuyi/miniconda3/envs/llm_gs/lib/python3.9/site-packages/pygame/.dylibs/libSDL2-2.0.0.dylib (0x106be14d0) and /Users/linmuyi/miniconda3/envs/llm_gs/lib/python3.9/site-packages/cv2/.dylibs/libSDL2-2.0.0.dylib (0x14ada0a98). This may cause spurious casting failures and mysterious crashes. One of the duplicates must be removed or renamed.
objc[10520]: Class SDL_CocoaClosure is implemented in both /Users/linmuyi/miniconda3/envs/llm_gs/lib/python3.9/site-packages/pygame/.dylibs/libSDL2-2.0.0.dylib (0x106be1520) and /Users/linmuyi/miniconda3/envs/llm_gs/lib/python3.9/site-packages/cv2/.dylibs/libSDL2-2.0.0.dylib (0x14ada0ae8). This may cause spurious casting failures and mysterious crashes. One of the duplicates must be removed or renamed.
objc[10520]: Class SDL_VideoData is implemented in both /Users/linmuyi/miniconda3/envs/llm_gs/lib/python3.9/site-packages/pygame/.dylibs/libSDL2-2.0.0.dylib (0x106be1570) and /Users/linmuyi/miniconda3/envs/llm_gs/lib/python3.9/site-packages/cv2/.dylibs/libSDL2-2.0.0.dylib (0x14ada0b38). This may cause spurious casting failures and mysterious crashes. One of the duplicates must be removed or renamed.
objc[10520]: Class SDL_WindowData is implemented in both /Users/linmuyi/miniconda3/envs/llm_gs/lib/python3.9/site-packages/pygame/.dylibs/libSDL2-2.0.0.dylib (0x106be15c0) and /Users/linmuyi/miniconda3/envs/llm_gs/lib/python3.9/site-packages/cv2/.dylibs/libSDL2-2.0.0.dylib (0x14ada0b88). This may cause spurious casting failures and mysterious crashes. One of the duplicates must be removed or renamed.
objc[10520]: Class SDLWindow is implemented in both /Users/linmuyi/miniconda3/envs/llm_gs/lib/python3.9/site-packages/pygame/.dylibs/libSDL2-2.0.0.dylib (0x106be15e8) and /Users/linmuyi/miniconda3/envs/llm_gs/lib/python3.9/site-packages/cv2/.dylibs/libSDL2-2.0.0.dylib (0x14ada0bb0). This may cause spurious casting failures and mysterious crashes. One of the duplicates must be removed or renamed.
objc[10520]: Class Cocoa_WindowListener is implemented in both /Users/linmuyi/miniconda3/envs/llm_gs/lib/python3.9/site-packages/pygame/.dylibs/libSDL2-2.0.0.dylib (0x106be1610) and /Users/linmuyi/miniconda3/envs/llm_gs/lib/python3.9/site-packages/cv2/.dylibs/libSDL2-2.0.0.dylib (0x14ada0bd8). This may cause spurious casting failures and mysterious crashes. One of the duplicates must be removed or renamed.
objc[10520]: Class SDLView is implemented in both /Users/linmuyi/miniconda3/envs/llm_gs/lib/python3.9/site-packages/pygame/.dylibs/libSDL2-2.0.0.dylib (0x106be1688) and /Users/linmuyi/miniconda3/envs/llm_gs/lib/python3.9/site-packages/cv2/.dylibs/libSDL2-2.0.0.dylib (0x14ada0c50). This may cause spurious casting failures and mysterious crashes. One of the duplicates must be removed or renamed.
objc[10520]: Class METAL_RenderData is implemented in both /Users/linmuyi/miniconda3/envs/llm_gs/lib/python3.9/site-packages/pygame/.dylibs/libSDL2-2.0.0.dylib (0x106be1700) and /Users/linmuyi/miniconda3/envs/llm_gs/lib/python3.9/site-packages/cv2/.dylibs/libSDL2-2.0.0.dylib (0x14ada0cc8). This may cause spurious casting failures and mysterious crashes. One of the duplicates must be removed or renamed.
objc[10520]: Class METAL_TextureData is implemented in both /Users/linmuyi/miniconda3/envs/llm_gs/lib/python3.9/site-packages/pygame/.dylibs/libSDL2-2.0.0.dylib (0x106be1750) and /Users/linmuyi/miniconda3/envs/llm_gs/lib/python3.9/site-packages/cv2/.dylibs/libSDL2-2.0.0.dylib (0x14ada0d18). This may cause spurious casting failures and mysterious crashes. One of the duplicates must be removed or renamed.
objc[10520]: Class SDL_RumbleMotor is implemented in both /Users/linmuyi/miniconda3/envs/llm_gs/lib/python3.9/site-packages/pygame/.dylibs/libSDL2-2.0.0.dylib (0x106be1778) and /Users/linmuyi/miniconda3/envs/llm_gs/lib/python3.9/site-packages/cv2/.dylibs/libSDL2-2.0.0.dylib (0x14ada0d40). This may cause spurious casting failures and mysterious crashes. One of the duplicates must be removed or renamed.
objc[10520]: Class SDL_RumbleContext is implemented in both /Users/linmuyi/miniconda3/envs/llm_gs/lib/python3.9/site-packages/pygame/.dylibs/libSDL2-2.0.0.dylib (0x106be17c8) and /Users/linmuyi/miniconda3/envs/llm_gs/lib/python3.9/site-packages/cv2/.dylibs/libSDL2-2.0.0.dylib (0x14ada0d90). This may cause spurious casting failures and mysterious crashes. One of the duplicates must be removed or renamed.
[size_order] 1500000 steps, 30 checkpoints, curriculum

  steps=  50000  held=0.01  gate=0.03  bins=1/3  active= 30  (443s)
  steps= 100000  held=0.00  gate=0.00  bins=1/3  active= 30  (546s)
  steps= 150000  held=0.00  gate=0.01  bins=1/3  active= 30  (604s)
  steps= 200000  held=0.14  gate=0.17  bins=1/3  active= 30  (711s)
  steps= 250000  held=0.14  gate=0.22  bins=1/3  active= 30  (830s)
  steps= 300000  held=0.14  gate=0.28  bins=1/3  active= 30  (899s)
  steps= 350000  held=0.14  gate=0.28  bins=1/3  active= 30  (981s)
  steps= 400000  held=0.14  gate=0.28  bins=2/3  active= 60  [UNLOCK:deadline]  (1069s)
  steps= 450000  held=0.09  gate=0.04  bins=2/3  active= 60  (1176s)
  steps= 500000  held=0.01  gate=0.00  bins=2/3  active= 60  (1263s)
  steps= 550000  held=0.07  gate=0.06  bins=2/3  active= 60  (1312s)
  steps= 600000  held=0.01  gate=0.00  bins=2/3  active= 60  (1373s)
  steps= 650000  held=0.06  gate=0.07  bins=2/3  active= 60  (1433s)
  steps= 700000  held=0.05  gate=0.08  bins=2/3  active= 60  (1492s)
  steps= 750000  held=0.10  gate=0.12  bins=2/3  active= 60  (1547s)
  steps= 800000  held=0.09  gate=0.06  bins=3/3  active= 90  [UNLOCK:deadline]  (1605s)
  steps= 850000  held=0.03  gate=0.03  bins=3/3  active= 90  (1639s)
  steps= 900000  held=0.17  gate=0.17  bins=3/3  active= 90  (1677s)
  steps= 950000  held=0.12  gate=0.12  bins=3/3  active= 90  (1724s)
  steps=1000000  held=0.20  gate=0.20  bins=3/3  active= 90  (1769s)
  steps=1050000  held=0.11  gate=0.11  bins=3/3  active= 90  (1821s)
  steps=1100000  held=0.03  gate=0.03  bins=3/3  active= 90  (1873s)
  steps=1150000  held=0.01  gate=0.01  bins=3/3  active= 90  (1928s)
  steps=1200000  held=0.09  gate=0.09  bins=3/3  active= 90  (1975s)
  steps=1250000  held=0.16  gate=0.16  bins=3/3  active= 90  (2022s)
  steps=1300000  held=0.04  gate=0.04  bins=3/3  active= 90  (2053s)
  steps=1350000  held=0.01  gate=0.01  bins=3/3  active= 90  (2108s)
  steps=1400000  held=0.28  gate=0.28  bins=3/3  active= 90  (2150s)
  steps=1450000  held=0.35  gate=0.35  bins=3/3  active= 90  (2193s)
  steps=1500000  held=0.34  gate=0.34  bins=3/3  active= 90  (2237s)

[size_order] DONE  final held=0.34  steps_to_0.3=1,450,000  wall=2236s  -> size_order_seed1.json
[size_order] per-cell held: s9N1=0.44  s9N2=0.00  s9N3=0.00  s13N1=0.50  s13N2=0.50  s13N3=0.00  s17N1=0.44  s17N2=0.69  s17N3=0.50
