[size_order] train=90 layouts  held-out=36 layouts
objc[46826]: Class SDLApplication is implemented in both /Users/linmuyi/miniconda3/envs/llm_gs/lib/python3.9/site-packages/pygame/.dylibs/libSDL2-2.0.0.dylib (0x1032612c8) and /Users/linmuyi/miniconda3/envs/llm_gs/lib/python3.9/site-packages/cv2/.dylibs/libSDL2-2.0.0.dylib (0x13a7fc890). This may cause spurious casting failures and mysterious crashes. One of the duplicates must be removed or renamed.
objc[46826]: Class SDLAppDelegate is implemented in both /Users/linmuyi/miniconda3/envs/llm_gs/lib/python3.9/site-packages/pygame/.dylibs/libSDL2-2.0.0.dylib (0x103261318) and /Users/linmuyi/miniconda3/envs/llm_gs/lib/python3.9/site-packages/cv2/.dylibs/libSDL2-2.0.0.dylib (0x13a7fc8e0). This may cause spurious casting failures and mysterious crashes. One of the duplicates must be removed or renamed.
objc[46826]: Class SDLTranslatorResponder is implemented in both /Users/linmuyi/miniconda3/envs/llm_gs/lib/python3.9/site-packages/pygame/.dylibs/libSDL2-2.0.0.dylib (0x103261390) and /Users/linmuyi/miniconda3/envs/llm_gs/lib/python3.9/site-packages/cv2/.dylibs/libSDL2-2.0.0.dylib (0x13a7fc958). This may cause spurious casting failures and mysterious crashes. One of the duplicates must be removed or renamed.
objc[46826]: Class SDLMessageBoxPresenter is implemented in both /Users/linmuyi/miniconda3/envs/llm_gs/lib/python3.9/site-packages/pygame/.dylibs/libSDL2-2.0.0.dylib (0x1032613b8) and /Users/linmuyi/miniconda3/envs/llm_gs/lib/python3.9/site-packages/cv2/.dylibs/libSDL2-2.0.0.dylib (0x13a7fc980). This may cause spurious casting failures and mysterious crashes. One of the duplicates must be removed or renamed.
objc[46826]: Class SDL_cocoametalview is implemented in both /Users/linmuyi/miniconda3/envs/llm_gs/lib/python3.9/site-packages/pygame/.dylibs/libSDL2-2.0.0.dylib (0x103261408) and /Users/linmuyi/miniconda3/envs/llm_gs/lib/python3.9/site-packages/cv2/.dylibs/libSDL2-2.0.0.dylib (0x13a7fc9d0). This may cause spurious casting failures and mysterious crashes. One of the duplicates must be removed or renamed.
objc[46826]: Class SDLOpenGLContext is implemented in both /Users/linmuyi/miniconda3/envs/llm_gs/lib/python3.9/site-packages/pygame/.dylibs/libSDL2-2.0.0.dylib (0x103261458) and /Users/linmuyi/miniconda3/envs/llm_gs/lib/python3.9/site-packages/cv2/.dylibs/libSDL2-2.0.0.dylib (0x13a7fca20). This may cause spurious casting failures and mysterious crashes. One of the duplicates must be removed or renamed.
objc[46826]: Class SDL_ShapeData is implemented in both /Users/linmuyi/miniconda3/envs/llm_gs/lib/python3.9/site-packages/pygame/.dylibs/libSDL2-2.0.0.dylib (0x1032614d0) and /Users/linmuyi/miniconda3/envs/llm_gs/lib/python3.9/site-packages/cv2/.dylibs/libSDL2-2.0.0.dylib (0x13a7fca98). This may cause spurious casting failures and mysterious crashes. One of the duplicates must be removed or renamed.
objc[46826]: Class SDL_CocoaClosure is implemented in both /Users/linmuyi/miniconda3/envs/llm_gs/lib/python3.9/site-packages/pygame/.dylibs/libSDL2-2.0.0.dylib (0x103261520) and /Users/linmuyi/miniconda3/envs/llm_gs/lib/python3.9/site-packages/cv2/.dylibs/libSDL2-2.0.0.dylib (0x13a7fcae8). This may cause spurious casting failures and mysterious crashes. One of the duplicates must be removed or renamed.
objc[46826]: Class SDL_VideoData is implemented in both /Users/linmuyi/miniconda3/envs/llm_gs/lib/python3.9/site-packages/pygame/.dylibs/libSDL2-2.0.0.dylib (0x103261570) and /Users/linmuyi/miniconda3/envs/llm_gs/lib/python3.9/site-packages/cv2/.dylibs/libSDL2-2.0.0.dylib (0x13a7fcb38). This may cause spurious casting failures and mysterious crashes. One of the duplicates must be removed or renamed.
objc[46826]: Class SDL_WindowData is implemented in both /Users/linmuyi/miniconda3/envs/llm_gs/lib/python3.9/site-packages/pygame/.dylibs/libSDL2-2.0.0.dylib (0x1032615c0) and /Users/linmuyi/miniconda3/envs/llm_gs/lib/python3.9/site-packages/cv2/.dylibs/libSDL2-2.0.0.dylib (0x13a7fcb88). This may cause spurious casting failures and mysterious crashes. One of the duplicates must be removed or renamed.
objc[46826]: Class SDLWindow is implemented in both /Users/linmuyi/miniconda3/envs/llm_gs/lib/python3.9/site-packages/pygame/.dylibs/libSDL2-2.0.0.dylib (0x1032615e8) and /Users/linmuyi/miniconda3/envs/llm_gs/lib/python3.9/site-packages/cv2/.dylibs/libSDL2-2.0.0.dylib (0x13a7fcbb0). This may cause spurious casting failures and mysterious crashes. One of the duplicates must be removed or renamed.
objc[46826]: Class Cocoa_WindowListener is implemented in both /Users/linmuyi/miniconda3/envs/llm_gs/lib/python3.9/site-packages/pygame/.dylibs/libSDL2-2.0.0.dylib (0x103261610) and /Users/linmuyi/miniconda3/envs/llm_gs/lib/python3.9/site-packages/cv2/.dylibs/libSDL2-2.0.0.dylib (0x13a7fcbd8). This may cause spurious casting failures and mysterious crashes. One of the duplicates must be removed or renamed.
objc[46826]: Class SDLView is implemented in both /Users/linmuyi/miniconda3/envs/llm_gs/lib/python3.9/site-packages/pygame/.dylibs/libSDL2-2.0.0.dylib (0x103261688) and /Users/linmuyi/miniconda3/envs/llm_gs/lib/python3.9/site-packages/cv2/.dylibs/libSDL2-2.0.0.dylib (0x13a7fcc50). This may cause spurious casting failures and mysterious crashes. One of the duplicates must be removed or renamed.
objc[46826]: Class METAL_RenderData is implemented in both /Users/linmuyi/miniconda3/envs/llm_gs/lib/python3.9/site-packages/pygame/.dylibs/libSDL2-2.0.0.dylib (0x103261700) and /Users/linmuyi/miniconda3/envs/llm_gs/lib/python3.9/site-packages/cv2/.dylibs/libSDL2-2.0.0.dylib (0x13a7fccc8). This may cause spurious casting failures and mysterious crashes. One of the duplicates must be removed or renamed.
objc[46826]: Class METAL_TextureData is implemented in both /Users/linmuyi/miniconda3/envs/llm_gs/lib/python3.9/site-packages/pygame/.dylibs/libSDL2-2.0.0.dylib (0x103261750) and /Users/linmuyi/miniconda3/envs/llm_gs/lib/python3.9/site-packages/cv2/.dylibs/libSDL2-2.0.0.dylib (0x13a7fcd18). This may cause spurious casting failures and mysterious crashes. One of the duplicates must be removed or renamed.
objc[46826]: Class SDL_RumbleMotor is implemented in both /Users/linmuyi/miniconda3/envs/llm_gs/lib/python3.9/site-packages/pygame/.dylibs/libSDL2-2.0.0.dylib (0x103261778) and /Users/linmuyi/miniconda3/envs/llm_gs/lib/python3.9/site-packages/cv2/.dylibs/libSDL2-2.0.0.dylib (0x13a7fcd40). This may cause spurious casting failures and mysterious crashes. One of the duplicates must be removed or renamed.
objc[46826]: Class SDL_RumbleContext is implemented in both /Users/linmuyi/miniconda3/envs/llm_gs/lib/python3.9/site-packages/pygame/.dylibs/libSDL2-2.0.0.dylib (0x1032617c8) and /Users/linmuyi/miniconda3/envs/llm_gs/lib/python3.9/site-packages/cv2/.dylibs/libSDL2-2.0.0.dylib (0x13a7fcd90). This may cause spurious casting failures and mysterious crashes. One of the duplicates must be removed or renamed.
[size_order] 1500000 steps, 30 checkpoints, curriculum

  steps=  50000  held=0.00  gate=0.01  bins=1/3  active= 30  (37s)
  steps= 100000  held=0.00  gate=0.00  bins=1/3  active= 30  (88s)
  steps= 150000  held=0.00  gate=0.01  bins=1/3  active= 30  (125s)
  steps= 200000  held=0.01  gate=0.00  bins=1/3  active= 30  (159s)
  steps= 250000  held=0.01  gate=0.04  bins=1/3  active= 30  (202s)
  steps= 300000  held=0.04  gate=0.06  bins=1/3  active= 30  (255s)
  steps= 350000  held=0.06  gate=0.10  bins=1/3  active= 30  (286s)
  steps= 400000  held=0.14  gate=0.28  bins=2/3  active= 60  [UNLOCK:deadline]  (324s)
  steps= 450000  held=0.14  gate=0.06  bins=2/3  active= 60  (356s)
  steps= 500000  held=0.14  gate=0.06  bins=2/3  active= 60  (400s)
  steps= 550000  held=0.14  gate=0.22  bins=2/3  active= 60  (444s)
  steps= 600000  held=0.14  gate=0.00  bins=2/3  active= 60  (491s)
  steps= 650000  held=0.03  gate=0.01  bins=2/3  active= 60  (552s)
  steps= 700000  held=0.00  gate=0.00  bins=2/3  active= 60  (609s)
  steps= 750000  held=0.04  gate=0.03  bins=2/3  active= 60  (658s)
  steps= 800000  held=0.08  gate=0.07  bins=3/3  active= 90  [UNLOCK:deadline]  (696s)
  steps= 850000  held=0.16  gate=0.16  bins=3/3  active= 90  (735s)
  steps= 900000  held=0.07  gate=0.07  bins=3/3  active= 90  (788s)
  steps= 950000  held=0.07  gate=0.07  bins=3/3  active= 90  (834s)
  steps=1000000  held=0.09  gate=0.09  bins=3/3  active= 90  (870s)
  steps=1050000  held=0.12  gate=0.12  bins=3/3  active= 90  (912s)
  steps=1100000  held=0.11  gate=0.11  bins=3/3  active= 90  (953s)
  steps=1150000  held=0.12  gate=0.12  bins=3/3  active= 90  (1001s)
  steps=1200000  held=0.20  gate=0.20  bins=3/3  active= 90  (1048s)
  steps=1250000  held=0.33  gate=0.33  bins=3/3  active= 90  (1088s)
  steps=1300000  held=0.49  gate=0.49  bins=3/3  active= 90  (1130s)
  steps=1350000  held=0.44  gate=0.44  bins=3/3  active= 90  (1170s)
  steps=1400000  held=0.26  gate=0.26  bins=3/3  active= 90  (1198s)
  steps=1450000  held=0.53  gate=0.53  bins=3/3  active= 90  (1239s)
  steps=1500000  held=0.28  gate=0.28  bins=3/3  active= 90  (1281s)

[size_order] DONE  final held=0.28  steps_to_0.3=1,250,000  wall=1281s  -> size_order_seed6.json
[size_order] per-cell held: s9N1=0.56  s9N2=0.38  s9N3=0.00  s13N1=0.00  s13N2=0.75  s13N3=0.12  s17N1=0.00  s17N2=0.25  s17N3=0.50
