[flat] train=90 layouts  held-out=36 layouts
objc[10458]: Class SDLApplication is implemented in both /Users/linmuyi/miniconda3/envs/llm_gs/lib/python3.9/site-packages/pygame/.dylibs/libSDL2-2.0.0.dylib (0x10b5192c8) and /Users/linmuyi/miniconda3/envs/llm_gs/lib/python3.9/site-packages/cv2/.dylibs/libSDL2-2.0.0.dylib (0x13d990890). This may cause spurious casting failures and mysterious crashes. One of the duplicates must be removed or renamed.
objc[10458]: Class SDLAppDelegate is implemented in both /Users/linmuyi/miniconda3/envs/llm_gs/lib/python3.9/site-packages/pygame/.dylibs/libSDL2-2.0.0.dylib (0x10b519318) and /Users/linmuyi/miniconda3/envs/llm_gs/lib/python3.9/site-packages/cv2/.dylibs/libSDL2-2.0.0.dylib (0x13d9908e0). This may cause spurious casting failures and mysterious crashes. One of the duplicates must be removed or renamed.
objc[10458]: Class SDLTranslatorResponder is implemented in both /Users/linmuyi/miniconda3/envs/llm_gs/lib/python3.9/site-packages/pygame/.dylibs/libSDL2-2.0.0.dylib (0x10b519390) and /Users/linmuyi/miniconda3/envs/llm_gs/lib/python3.9/site-packages/cv2/.dylibs/libSDL2-2.0.0.dylib (0x13d990958). This may cause spurious casting failures and mysterious crashes. One of the duplicates must be removed or renamed.
objc[10458]: Class SDLMessageBoxPresenter is implemented in both /Users/linmuyi/miniconda3/envs/llm_gs/lib/python3.9/site-packages/pygame/.dylibs/libSDL2-2.0.0.dylib (0x10b5193b8) and /Users/linmuyi/miniconda3/envs/llm_gs/lib/python3.9/site-packages/cv2/.dylibs/libSDL2-2.0.0.dylib (0x13d990980). This may cause spurious casting failures and mysterious crashes. One of the duplicates must be removed or renamed.
objc[10458]: Class SDL_cocoametalview is implemented in both /Users/linmuyi/miniconda3/envs/llm_gs/lib/python3.9/site-packages/pygame/.dylibs/libSDL2-2.0.0.dylib (0x10b519408) and /Users/linmuyi/miniconda3/envs/llm_gs/lib/python3.9/site-packages/cv2/.dylibs/libSDL2-2.0.0.dylib (0x13d9909d0). This may cause spurious casting failures and mysterious crashes. One of the duplicates must be removed or renamed.
objc[10458]: Class SDLOpenGLContext is implemented in both /Users/linmuyi/miniconda3/envs/llm_gs/lib/python3.9/site-packages/pygame/.dylibs/libSDL2-2.0.0.dylib (0x10b519458) and /Users/linmuyi/miniconda3/envs/llm_gs/lib/python3.9/site-packages/cv2/.dylibs/libSDL2-2.0.0.dylib (0x13d990a20). This may cause spurious casting failures and mysterious crashes. One of the duplicates must be removed or renamed.
objc[10458]: Class SDL_ShapeData is implemented in both /Users/linmuyi/miniconda3/envs/llm_gs/lib/python3.9/site-packages/pygame/.dylibs/libSDL2-2.0.0.dylib (0x10b5194d0) and /Users/linmuyi/miniconda3/envs/llm_gs/lib/python3.9/site-packages/cv2/.dylibs/libSDL2-2.0.0.dylib (0x13d990a98). This may cause spurious casting failures and mysterious crashes. One of the duplicates must be removed or renamed.
objc[10458]: Class SDL_CocoaClosure is implemented in both /Users/linmuyi/miniconda3/envs/llm_gs/lib/python3.9/site-packages/pygame/.dylibs/libSDL2-2.0.0.dylib (0x10b519520) and /Users/linmuyi/miniconda3/envs/llm_gs/lib/python3.9/site-packages/cv2/.dylibs/libSDL2-2.0.0.dylib (0x13d990ae8). This may cause spurious casting failures and mysterious crashes. One of the duplicates must be removed or renamed.
objc[10458]: Class SDL_VideoData is implemented in both /Users/linmuyi/miniconda3/envs/llm_gs/lib/python3.9/site-packages/pygame/.dylibs/libSDL2-2.0.0.dylib (0x10b519570) and /Users/linmuyi/miniconda3/envs/llm_gs/lib/python3.9/site-packages/cv2/.dylibs/libSDL2-2.0.0.dylib (0x13d990b38). This may cause spurious casting failures and mysterious crashes. One of the duplicates must be removed or renamed.
objc[10458]: Class SDL_WindowData is implemented in both /Users/linmuyi/miniconda3/envs/llm_gs/lib/python3.9/site-packages/pygame/.dylibs/libSDL2-2.0.0.dylib (0x10b5195c0) and /Users/linmuyi/miniconda3/envs/llm_gs/lib/python3.9/site-packages/cv2/.dylibs/libSDL2-2.0.0.dylib (0x13d990b88). This may cause spurious casting failures and mysterious crashes. One of the duplicates must be removed or renamed.
objc[10458]: Class SDLWindow is implemented in both /Users/linmuyi/miniconda3/envs/llm_gs/lib/python3.9/site-packages/pygame/.dylibs/libSDL2-2.0.0.dylib (0x10b5195e8) and /Users/linmuyi/miniconda3/envs/llm_gs/lib/python3.9/site-packages/cv2/.dylibs/libSDL2-2.0.0.dylib (0x13d990bb0). This may cause spurious casting failures and mysterious crashes. One of the duplicates must be removed or renamed.
objc[10458]: Class Cocoa_WindowListener is implemented in both /Users/linmuyi/miniconda3/envs/llm_gs/lib/python3.9/site-packages/pygame/.dylibs/libSDL2-2.0.0.dylib (0x10b519610) and /Users/linmuyi/miniconda3/envs/llm_gs/lib/python3.9/site-packages/cv2/.dylibs/libSDL2-2.0.0.dylib (0x13d990bd8). This may cause spurious casting failures and mysterious crashes. One of the duplicates must be removed or renamed.
objc[10458]: Class SDLView is implemented in both /Users/linmuyi/miniconda3/envs/llm_gs/lib/python3.9/site-packages/pygame/.dylibs/libSDL2-2.0.0.dylib (0x10b519688) and /Users/linmuyi/miniconda3/envs/llm_gs/lib/python3.9/site-packages/cv2/.dylibs/libSDL2-2.0.0.dylib (0x13d990c50). This may cause spurious casting failures and mysterious crashes. One of the duplicates must be removed or renamed.
objc[10458]: Class METAL_RenderData is implemented in both /Users/linmuyi/miniconda3/envs/llm_gs/lib/python3.9/site-packages/pygame/.dylibs/libSDL2-2.0.0.dylib (0x10b519700) and /Users/linmuyi/miniconda3/envs/llm_gs/lib/python3.9/site-packages/cv2/.dylibs/libSDL2-2.0.0.dylib (0x13d990cc8). This may cause spurious casting failures and mysterious crashes. One of the duplicates must be removed or renamed.
objc[10458]: Class METAL_TextureData is implemented in both /Users/linmuyi/miniconda3/envs/llm_gs/lib/python3.9/site-packages/pygame/.dylibs/libSDL2-2.0.0.dylib (0x10b519750) and /Users/linmuyi/miniconda3/envs/llm_gs/lib/python3.9/site-packages/cv2/.dylibs/libSDL2-2.0.0.dylib (0x13d990d18). This may cause spurious casting failures and mysterious crashes. One of the duplicates must be removed or renamed.
objc[10458]: Class SDL_RumbleMotor is implemented in both /Users/linmuyi/miniconda3/envs/llm_gs/lib/python3.9/site-packages/pygame/.dylibs/libSDL2-2.0.0.dylib (0x10b519778) and /Users/linmuyi/miniconda3/envs/llm_gs/lib/python3.9/site-packages/cv2/.dylibs/libSDL2-2.0.0.dylib (0x13d990d40). This may cause spurious casting failures and mysterious crashes. One of the duplicates must be removed or renamed.
objc[10458]: Class SDL_RumbleContext is implemented in both /Users/linmuyi/miniconda3/envs/llm_gs/lib/python3.9/site-packages/pygame/.dylibs/libSDL2-2.0.0.dylib (0x10b5197c8) and /Users/linmuyi/miniconda3/envs/llm_gs/lib/python3.9/site-packages/cv2/.dylibs/libSDL2-2.0.0.dylib (0x13d990d90). This may cause spurious casting failures and mysterious crashes. One of the duplicates must be removed or renamed.
[flat] 1500000 steps, 30 checkpoints, flat (no curriculum)

  steps=  50000  held=0.00  gate=0.00  bins=3/3  active= 90  (327s)
  steps= 100000  held=0.02  gate=0.02  bins=3/3  active= 90  (528s)
  steps= 150000  held=0.00  gate=0.00  bins=3/3  active= 90  (579s)
  steps= 200000  held=0.03  gate=0.03  bins=3/3  active= 90  (665s)
  steps= 250000  held=0.00  gate=0.00  bins=3/3  active= 90  (794s)
  steps= 300000  held=0.03  gate=0.03  bins=3/3  active= 90  (891s)
  steps= 350000  held=0.04  gate=0.04  bins=3/3  active= 90  (988s)
  steps= 400000  held=0.06  gate=0.06  bins=3/3  active= 90  (1071s)
  steps= 450000  held=0.03  gate=0.03  bins=3/3  active= 90  (1172s)
  steps= 500000  held=0.03  gate=0.03  bins=3/3  active= 90  (1258s)
  steps= 550000  held=0.14  gate=0.14  bins=3/3  active= 90  (1304s)
  steps= 600000  held=0.00  gate=0.00  bins=3/3  active= 90  (1359s)
  steps= 650000  held=0.00  gate=0.00  bins=3/3  active= 90  (1415s)
  steps= 700000  held=0.00  gate=0.00  bins=3/3  active= 90  (1473s)
  steps= 750000  held=0.03  gate=0.03  bins=3/3  active= 90  (1511s)
  steps= 800000  held=0.01  gate=0.01  bins=3/3  active= 90  (1563s)
  steps= 850000  held=0.00  gate=0.00  bins=3/3  active= 90  (1615s)
  steps= 900000  held=0.03  gate=0.03  bins=3/3  active= 90  (1667s)
  steps= 950000  held=0.03  gate=0.03  bins=3/3  active= 90  (1719s)
  steps=1000000  held=0.07  gate=0.07  bins=3/3  active= 90  (1767s)
  steps=1050000  held=0.03  gate=0.03  bins=3/3  active= 90  (1818s)
  steps=1100000  held=0.03  gate=0.03  bins=3/3  active= 90  (1869s)
  steps=1150000  held=0.01  gate=0.01  bins=3/3  active= 90  (1906s)
  steps=1200000  held=0.01  gate=0.01  bins=3/3  active= 90  (1955s)
  steps=1250000  held=0.06  gate=0.06  bins=3/3  active= 90  (2004s)
  steps=1300000  held=0.01  gate=0.01  bins=3/3  active= 90  (2058s)
  steps=1350000  held=0.02  gate=0.02  bins=3/3  active= 90  (2108s)
  steps=1400000  held=0.06  gate=0.06  bins=3/3  active= 90  (2152s)
  steps=1450000  held=0.07  gate=0.07  bins=3/3  active= 90  (2189s)
  steps=1500000  held=0.06  gate=0.06  bins=3/3  active= 90  (2239s)

[flat] DONE  final held=0.06  steps_to_0.3=NOT REACHED  wall=2240s  -> flat_seed0.json
[flat] per-cell held: s9N1=0.00  s9N2=0.00  s9N3=0.00  s13N1=0.25  s13N2=0.25  s13N3=0.00  s17N1=0.00  s17N2=0.00  s17N3=0.00
