[random_curriculum] train=90 layouts  held-out=36 layouts
objc[38955]: Class SDLApplication is implemented in both /Users/linmuyi/miniconda3/envs/llm_gs/lib/python3.9/site-packages/pygame/.dylibs/libSDL2-2.0.0.dylib (0x1053bd2c8) and /Users/linmuyi/miniconda3/envs/llm_gs/lib/python3.9/site-packages/cv2/.dylibs/libSDL2-2.0.0.dylib (0x13b150890). This may cause spurious casting failures and mysterious crashes. One of the duplicates must be removed or renamed.
objc[38955]: Class SDLAppDelegate is implemented in both /Users/linmuyi/miniconda3/envs/llm_gs/lib/python3.9/site-packages/pygame/.dylibs/libSDL2-2.0.0.dylib (0x1053bd318) and /Users/linmuyi/miniconda3/envs/llm_gs/lib/python3.9/site-packages/cv2/.dylibs/libSDL2-2.0.0.dylib (0x13b1508e0). This may cause spurious casting failures and mysterious crashes. One of the duplicates must be removed or renamed.
objc[38955]: Class SDLTranslatorResponder is implemented in both /Users/linmuyi/miniconda3/envs/llm_gs/lib/python3.9/site-packages/pygame/.dylibs/libSDL2-2.0.0.dylib (0x1053bd390) and /Users/linmuyi/miniconda3/envs/llm_gs/lib/python3.9/site-packages/cv2/.dylibs/libSDL2-2.0.0.dylib (0x13b150958). This may cause spurious casting failures and mysterious crashes. One of the duplicates must be removed or renamed.
objc[38955]: Class SDLMessageBoxPresenter is implemented in both /Users/linmuyi/miniconda3/envs/llm_gs/lib/python3.9/site-packages/pygame/.dylibs/libSDL2-2.0.0.dylib (0x1053bd3b8) and /Users/linmuyi/miniconda3/envs/llm_gs/lib/python3.9/site-packages/cv2/.dylibs/libSDL2-2.0.0.dylib (0x13b150980). This may cause spurious casting failures and mysterious crashes. One of the duplicates must be removed or renamed.
objc[38955]: Class SDL_cocoametalview is implemented in both /Users/linmuyi/miniconda3/envs/llm_gs/lib/python3.9/site-packages/pygame/.dylibs/libSDL2-2.0.0.dylib (0x1053bd408) and /Users/linmuyi/miniconda3/envs/llm_gs/lib/python3.9/site-packages/cv2/.dylibs/libSDL2-2.0.0.dylib (0x13b1509d0). This may cause spurious casting failures and mysterious crashes. One of the duplicates must be removed or renamed.
objc[38955]: Class SDLOpenGLContext is implemented in both /Users/linmuyi/miniconda3/envs/llm_gs/lib/python3.9/site-packages/pygame/.dylibs/libSDL2-2.0.0.dylib (0x1053bd458) and /Users/linmuyi/miniconda3/envs/llm_gs/lib/python3.9/site-packages/cv2/.dylibs/libSDL2-2.0.0.dylib (0x13b150a20). This may cause spurious casting failures and mysterious crashes. One of the duplicates must be removed or renamed.
objc[38955]: Class SDL_ShapeData is implemented in both /Users/linmuyi/miniconda3/envs/llm_gs/lib/python3.9/site-packages/pygame/.dylibs/libSDL2-2.0.0.dylib (0x1053bd4d0) and /Users/linmuyi/miniconda3/envs/llm_gs/lib/python3.9/site-packages/cv2/.dylibs/libSDL2-2.0.0.dylib (0x13b150a98). This may cause spurious casting failures and mysterious crashes. One of the duplicates must be removed or renamed.
objc[38955]: Class SDL_CocoaClosure is implemented in both /Users/linmuyi/miniconda3/envs/llm_gs/lib/python3.9/site-packages/pygame/.dylibs/libSDL2-2.0.0.dylib (0x1053bd520) and /Users/linmuyi/miniconda3/envs/llm_gs/lib/python3.9/site-packages/cv2/.dylibs/libSDL2-2.0.0.dylib (0x13b150ae8). This may cause spurious casting failures and mysterious crashes. One of the duplicates must be removed or renamed.
objc[38955]: Class SDL_VideoData is implemented in both /Users/linmuyi/miniconda3/envs/llm_gs/lib/python3.9/site-packages/pygame/.dylibs/libSDL2-2.0.0.dylib (0x1053bd570) and /Users/linmuyi/miniconda3/envs/llm_gs/lib/python3.9/site-packages/cv2/.dylibs/libSDL2-2.0.0.dylib (0x13b150b38). This may cause spurious casting failures and mysterious crashes. One of the duplicates must be removed or renamed.
objc[38955]: Class SDL_WindowData is implemented in both /Users/linmuyi/miniconda3/envs/llm_gs/lib/python3.9/site-packages/pygame/.dylibs/libSDL2-2.0.0.dylib (0x1053bd5c0) and /Users/linmuyi/miniconda3/envs/llm_gs/lib/python3.9/site-packages/cv2/.dylibs/libSDL2-2.0.0.dylib (0x13b150b88). This may cause spurious casting failures and mysterious crashes. One of the duplicates must be removed or renamed.
objc[38955]: Class SDLWindow is implemented in both /Users/linmuyi/miniconda3/envs/llm_gs/lib/python3.9/site-packages/pygame/.dylibs/libSDL2-2.0.0.dylib (0x1053bd5e8) and /Users/linmuyi/miniconda3/envs/llm_gs/lib/python3.9/site-packages/cv2/.dylibs/libSDL2-2.0.0.dylib (0x13b150bb0). This may cause spurious casting failures and mysterious crashes. One of the duplicates must be removed or renamed.
objc[38955]: Class Cocoa_WindowListener is implemented in both /Users/linmuyi/miniconda3/envs/llm_gs/lib/python3.9/site-packages/pygame/.dylibs/libSDL2-2.0.0.dylib (0x1053bd610) and /Users/linmuyi/miniconda3/envs/llm_gs/lib/python3.9/site-packages/cv2/.dylibs/libSDL2-2.0.0.dylib (0x13b150bd8). This may cause spurious casting failures and mysterious crashes. One of the duplicates must be removed or renamed.
objc[38955]: Class SDLView is implemented in both /Users/linmuyi/miniconda3/envs/llm_gs/lib/python3.9/site-packages/pygame/.dylibs/libSDL2-2.0.0.dylib (0x1053bd688) and /Users/linmuyi/miniconda3/envs/llm_gs/lib/python3.9/site-packages/cv2/.dylibs/libSDL2-2.0.0.dylib (0x13b150c50). This may cause spurious casting failures and mysterious crashes. One of the duplicates must be removed or renamed.
objc[38955]: Class METAL_RenderData is implemented in both /Users/linmuyi/miniconda3/envs/llm_gs/lib/python3.9/site-packages/pygame/.dylibs/libSDL2-2.0.0.dylib (0x1053bd700) and /Users/linmuyi/miniconda3/envs/llm_gs/lib/python3.9/site-packages/cv2/.dylibs/libSDL2-2.0.0.dylib (0x13b150cc8). This may cause spurious casting failures and mysterious crashes. One of the duplicates must be removed or renamed.
objc[38955]: Class METAL_TextureData is implemented in both /Users/linmuyi/miniconda3/envs/llm_gs/lib/python3.9/site-packages/pygame/.dylibs/libSDL2-2.0.0.dylib (0x1053bd750) and /Users/linmuyi/miniconda3/envs/llm_gs/lib/python3.9/site-packages/cv2/.dylibs/libSDL2-2.0.0.dylib (0x13b150d18). This may cause spurious casting failures and mysterious crashes. One of the duplicates must be removed or renamed.
objc[38955]: Class SDL_RumbleMotor is implemented in both /Users/linmuyi/miniconda3/envs/llm_gs/lib/python3.9/site-packages/pygame/.dylibs/libSDL2-2.0.0.dylib (0x1053bd778) and /Users/linmuyi/miniconda3/envs/llm_gs/lib/python3.9/site-packages/cv2/.dylibs/libSDL2-2.0.0.dylib (0x13b150d40). This may cause spurious casting failures and mysterious crashes. One of the duplicates must be removed or renamed.
objc[38955]: Class SDL_RumbleContext is implemented in both /Users/linmuyi/miniconda3/envs/llm_gs/lib/python3.9/site-packages/pygame/.dylibs/libSDL2-2.0.0.dylib (0x1053bd7c8) and /Users/linmuyi/miniconda3/envs/llm_gs/lib/python3.9/site-packages/cv2/.dylibs/libSDL2-2.0.0.dylib (0x13b150d90). This may cause spurious casting failures and mysterious crashes. One of the duplicates must be removed or renamed.
[random_curriculum] 1500000 steps, 30 checkpoints, curriculum

  steps=  50000  held=0.01  gate=0.00  bins=1/3  active= 30  (47s)
  steps= 100000  held=0.00  gate=0.00  bins=1/3  active= 30  (99s)
  steps= 150000  held=0.00  gate=0.00  bins=1/3  active= 30  (146s)
  steps= 200000  held=0.00  gate=0.00  bins=1/3  active= 30  (193s)
  steps= 250000  held=0.00  gate=0.00  bins=1/3  active= 30  (231s)
  steps= 300000  held=0.00  gate=0.00  bins=1/3  active= 30  (288s)
  steps= 350000  held=0.00  gate=0.00  bins=1/3  active= 30  (339s)
  steps= 400000  held=0.01  gate=0.00  bins=2/3  active= 60  [UNLOCK:deadline]  (377s)
  steps= 450000  held=0.00  gate=0.00  bins=2/3  active= 60  (422s)
  steps= 500000  held=0.00  gate=0.00  bins=2/3  active= 60  (463s)
  steps= 550000  held=0.00  gate=0.00  bins=2/3  active= 60  (506s)
  steps= 600000  held=0.00  gate=0.00  bins=2/3  active= 60  (554s)
  steps= 650000  held=0.00  gate=0.00  bins=2/3  active= 60  (603s)
  steps= 700000  held=0.00  gate=0.00  bins=2/3  active= 60  (647s)
  steps= 750000  held=0.00  gate=0.00  bins=2/3  active= 60  (687s)
  steps= 800000  held=0.00  gate=0.00  bins=3/3  active= 90  [UNLOCK:deadline]  (736s)
  steps= 850000  held=0.03  gate=0.03  bins=3/3  active= 90  (771s)
  steps= 900000  held=0.01  gate=0.01  bins=3/3  active= 90  (820s)
  steps= 950000  held=0.00  gate=0.00  bins=3/3  active= 90  (865s)
  steps=1000000  held=0.04  gate=0.04  bins=3/3  active= 90  (900s)
  steps=1050000  held=0.05  gate=0.05  bins=3/3  active= 90  (941s)
  steps=1100000  held=0.02  gate=0.02  bins=3/3  active= 90  (968s)
  steps=1150000  held=0.14  gate=0.14  bins=3/3  active= 90  (1008s)
  steps=1200000  held=0.03  gate=0.03  bins=3/3  active= 90  (1059s)
  steps=1250000  held=0.11  gate=0.11  bins=3/3  active= 90  (1085s)
  steps=1300000  held=0.12  gate=0.12  bins=3/3  active= 90  (1129s)
  steps=1350000  held=0.08  gate=0.08  bins=3/3  active= 90  (1177s)
  steps=1400000  held=0.14  gate=0.14  bins=3/3  active= 90  (1219s)
  steps=1450000  held=0.11  gate=0.11  bins=3/3  active= 90  (1258s)
  steps=1500000  held=0.03  gate=0.03  bins=3/3  active= 90  (1307s)

[random_curriculum] DONE  final held=0.03  steps_to_0.3=NOT REACHED  wall=1307s  -> random_curriculum_seed22.json
[random_curriculum] per-cell held: s9N1=0.00  s9N2=0.00  s9N3=0.00  s13N1=0.00  s13N2=0.00  s13N3=0.00  s17N1=0.00  s17N2=0.25  s17N3=0.00
