[grader] train=90 layouts  held-out=36 layouts
objc[40605]: Class SDLApplication is implemented in both /Users/linmuyi/miniconda3/envs/llm_gs/lib/python3.9/site-packages/pygame/.dylibs/libSDL2-2.0.0.dylib (0x102b3d2c8) and /Users/linmuyi/miniconda3/envs/llm_gs/lib/python3.9/site-packages/cv2/.dylibs/libSDL2-2.0.0.dylib (0x1530e4890). This may cause spurious casting failures and mysterious crashes. One of the duplicates must be removed or renamed.
objc[40605]: Class SDLAppDelegate is implemented in both /Users/linmuyi/miniconda3/envs/llm_gs/lib/python3.9/site-packages/pygame/.dylibs/libSDL2-2.0.0.dylib (0x102b3d318) and /Users/linmuyi/miniconda3/envs/llm_gs/lib/python3.9/site-packages/cv2/.dylibs/libSDL2-2.0.0.dylib (0x1530e48e0). This may cause spurious casting failures and mysterious crashes. One of the duplicates must be removed or renamed.
objc[40605]: Class SDLTranslatorResponder is implemented in both /Users/linmuyi/miniconda3/envs/llm_gs/lib/python3.9/site-packages/pygame/.dylibs/libSDL2-2.0.0.dylib (0x102b3d390) and /Users/linmuyi/miniconda3/envs/llm_gs/lib/python3.9/site-packages/cv2/.dylibs/libSDL2-2.0.0.dylib (0x1530e4958). This may cause spurious casting failures and mysterious crashes. One of the duplicates must be removed or renamed.
objc[40605]: Class SDLMessageBoxPresenter is implemented in both /Users/linmuyi/miniconda3/envs/llm_gs/lib/python3.9/site-packages/pygame/.dylibs/libSDL2-2.0.0.dylib (0x102b3d3b8) and /Users/linmuyi/miniconda3/envs/llm_gs/lib/python3.9/site-packages/cv2/.dylibs/libSDL2-2.0.0.dylib (0x1530e4980). This may cause spurious casting failures and mysterious crashes. One of the duplicates must be removed or renamed.
objc[40605]: Class SDL_cocoametalview is implemented in both /Users/linmuyi/miniconda3/envs/llm_gs/lib/python3.9/site-packages/pygame/.dylibs/libSDL2-2.0.0.dylib (0x102b3d408) and /Users/linmuyi/miniconda3/envs/llm_gs/lib/python3.9/site-packages/cv2/.dylibs/libSDL2-2.0.0.dylib (0x1530e49d0). This may cause spurious casting failures and mysterious crashes. One of the duplicates must be removed or renamed.
objc[40605]: Class SDLOpenGLContext is implemented in both /Users/linmuyi/miniconda3/envs/llm_gs/lib/python3.9/site-packages/pygame/.dylibs/libSDL2-2.0.0.dylib (0x102b3d458) and /Users/linmuyi/miniconda3/envs/llm_gs/lib/python3.9/site-packages/cv2/.dylibs/libSDL2-2.0.0.dylib (0x1530e4a20). This may cause spurious casting failures and mysterious crashes. One of the duplicates must be removed or renamed.
objc[40605]: Class SDL_ShapeData is implemented in both /Users/linmuyi/miniconda3/envs/llm_gs/lib/python3.9/site-packages/pygame/.dylibs/libSDL2-2.0.0.dylib (0x102b3d4d0) and /Users/linmuyi/miniconda3/envs/llm_gs/lib/python3.9/site-packages/cv2/.dylibs/libSDL2-2.0.0.dylib (0x1530e4a98). This may cause spurious casting failures and mysterious crashes. One of the duplicates must be removed or renamed.
objc[40605]: Class SDL_CocoaClosure is implemented in both /Users/linmuyi/miniconda3/envs/llm_gs/lib/python3.9/site-packages/pygame/.dylibs/libSDL2-2.0.0.dylib (0x102b3d520) and /Users/linmuyi/miniconda3/envs/llm_gs/lib/python3.9/site-packages/cv2/.dylibs/libSDL2-2.0.0.dylib (0x1530e4ae8). This may cause spurious casting failures and mysterious crashes. One of the duplicates must be removed or renamed.
objc[40605]: Class SDL_VideoData is implemented in both /Users/linmuyi/miniconda3/envs/llm_gs/lib/python3.9/site-packages/pygame/.dylibs/libSDL2-2.0.0.dylib (0x102b3d570) and /Users/linmuyi/miniconda3/envs/llm_gs/lib/python3.9/site-packages/cv2/.dylibs/libSDL2-2.0.0.dylib (0x1530e4b38). This may cause spurious casting failures and mysterious crashes. One of the duplicates must be removed or renamed.
objc[40605]: Class SDL_WindowData is implemented in both /Users/linmuyi/miniconda3/envs/llm_gs/lib/python3.9/site-packages/pygame/.dylibs/libSDL2-2.0.0.dylib (0x102b3d5c0) and /Users/linmuyi/miniconda3/envs/llm_gs/lib/python3.9/site-packages/cv2/.dylibs/libSDL2-2.0.0.dylib (0x1530e4b88). This may cause spurious casting failures and mysterious crashes. One of the duplicates must be removed or renamed.
objc[40605]: Class SDLWindow is implemented in both /Users/linmuyi/miniconda3/envs/llm_gs/lib/python3.9/site-packages/pygame/.dylibs/libSDL2-2.0.0.dylib (0x102b3d5e8) and /Users/linmuyi/miniconda3/envs/llm_gs/lib/python3.9/site-packages/cv2/.dylibs/libSDL2-2.0.0.dylib (0x1530e4bb0). This may cause spurious casting failures and mysterious crashes. One of the duplicates must be removed or renamed.
objc[40605]: Class Cocoa_WindowListener is implemented in both /Users/linmuyi/miniconda3/envs/llm_gs/lib/python3.9/site-packages/pygame/.dylibs/libSDL2-2.0.0.dylib (0x102b3d610) and /Users/linmuyi/miniconda3/envs/llm_gs/lib/python3.9/site-packages/cv2/.dylibs/libSDL2-2.0.0.dylib (0x1530e4bd8). This may cause spurious casting failures and mysterious crashes. One of the duplicates must be removed or renamed.
objc[40605]: Class SDLView is implemented in both /Users/linmuyi/miniconda3/envs/llm_gs/lib/python3.9/site-packages/pygame/.dylibs/libSDL2-2.0.0.dylib (0x102b3d688) and /Users/linmuyi/miniconda3/envs/llm_gs/lib/python3.9/site-packages/cv2/.dylibs/libSDL2-2.0.0.dylib (0x1530e4c50). This may cause spurious casting failures and mysterious crashes. One of the duplicates must be removed or renamed.
objc[40605]: Class METAL_RenderData is implemented in both /Users/linmuyi/miniconda3/envs/llm_gs/lib/python3.9/site-packages/pygame/.dylibs/libSDL2-2.0.0.dylib (0x102b3d700) and /Users/linmuyi/miniconda3/envs/llm_gs/lib/python3.9/site-packages/cv2/.dylibs/libSDL2-2.0.0.dylib (0x1530e4cc8). This may cause spurious casting failures and mysterious crashes. One of the duplicates must be removed or renamed.
objc[40605]: Class METAL_TextureData is implemented in both /Users/linmuyi/miniconda3/envs/llm_gs/lib/python3.9/site-packages/pygame/.dylibs/libSDL2-2.0.0.dylib (0x102b3d750) and /Users/linmuyi/miniconda3/envs/llm_gs/lib/python3.9/site-packages/cv2/.dylibs/libSDL2-2.0.0.dylib (0x1530e4d18). This may cause spurious casting failures and mysterious crashes. One of the duplicates must be removed or renamed.
objc[40605]: Class SDL_RumbleMotor is implemented in both /Users/linmuyi/miniconda3/envs/llm_gs/lib/python3.9/site-packages/pygame/.dylibs/libSDL2-2.0.0.dylib (0x102b3d778) and /Users/linmuyi/miniconda3/envs/llm_gs/lib/python3.9/site-packages/cv2/.dylibs/libSDL2-2.0.0.dylib (0x1530e4d40). This may cause spurious casting failures and mysterious crashes. One of the duplicates must be removed or renamed.
objc[40605]: Class SDL_RumbleContext is implemented in both /Users/linmuyi/miniconda3/envs/llm_gs/lib/python3.9/site-packages/pygame/.dylibs/libSDL2-2.0.0.dylib (0x102b3d7c8) and /Users/linmuyi/miniconda3/envs/llm_gs/lib/python3.9/site-packages/cv2/.dylibs/libSDL2-2.0.0.dylib (0x1530e4d90). This may cause spurious casting failures and mysterious crashes. One of the duplicates must be removed or renamed.
[grader] 1500000 steps, 30 checkpoints, curriculum

  steps=  50000  held=0.00  gate=0.00  bins=1/3  active= 30  (48s)
  steps= 100000  held=0.12  gate=0.17  bins=1/3  active= 30  (93s)
  steps= 150000  held=0.12  gate=0.22  bins=1/3  active= 30  (136s)
  steps= 200000  held=0.10  gate=0.10  bins=1/3  active= 30  (183s)
  steps= 250000  held=0.09  gate=0.22  bins=1/3  active= 30  (234s)
  steps= 300000  held=0.03  gate=0.11  bins=1/3  active= 30  (278s)
  steps= 350000  held=0.15  gate=0.42  bins=1/3  active= 30  (321s)
  steps= 400000  held=0.30  gate=0.57  bins=2/3  active= 60  [UNLOCK:gate]  (370s)
  steps= 450000  held=0.11  gate=0.10  bins=2/3  active= 60  (431s)
  steps= 500000  held=0.09  gate=0.31  bins=2/3  active= 60  (488s)
  steps= 550000  held=0.17  gate=0.38  bins=2/3  active= 60  (543s)
  steps= 600000  held=0.21  gate=0.38  bins=2/3  active= 60  (598s)
  steps= 650000  held=0.29  gate=0.36  bins=2/3  active= 60  (652s)
  steps= 700000  held=0.32  gate=0.53  bins=2/3  active= 60  (706s)
  steps= 750000  held=0.35  gate=0.56  bins=3/3  active= 90  [UNLOCK:gate]  (757s)
  steps= 800000  held=0.22  gate=0.22  bins=3/3  active= 90  (806s)
  steps= 850000  held=0.40  gate=0.40  bins=3/3  active= 90  (847s)
  steps= 900000  held=0.22  gate=0.22  bins=3/3  active= 90  (891s)
  steps= 950000  held=0.58  gate=0.58  bins=3/3  active= 90  (930s)
  steps=1000000  held=0.53  gate=0.53  bins=3/3  active= 90  (969s)
  steps=1050000  held=0.31  gate=0.31  bins=3/3  active= 90  (1018s)
  steps=1100000  held=0.43  gate=0.43  bins=3/3  active= 90  (1061s)
  steps=1150000  held=0.52  gate=0.52  bins=3/3  active= 90  (1100s)
  steps=1200000  held=0.66  gate=0.66  bins=3/3  active= 90  (1138s)
  steps=1250000  held=0.36  gate=0.36  bins=3/3  active= 90  (1186s)
  steps=1300000  held=0.59  gate=0.59  bins=3/3  active= 90  (1224s)
  steps=1350000  held=0.58  gate=0.58  bins=3/3  active= 90  (1263s)
  steps=1400000  held=0.60  gate=0.60  bins=3/3  active= 90  (1303s)
  steps=1450000  held=0.56  gate=0.56  bins=3/3  active= 90  (1342s)
  steps=1500000  held=0.65  gate=0.65  bins=3/3  active= 90  (1379s)

[grader] DONE  final held=0.65  steps_to_0.3=700,000  wall=1379s  -> grader_seed37.json
[grader] per-cell held: s9N1=0.75  s9N2=0.25  s9N3=0.25  s13N1=0.88  s13N2=0.88  s13N3=0.75  s17N1=0.69  s17N2=0.94  s17N3=0.50
