[random_curriculum] train=90 layouts  held-out=36 layouts
objc[89755]: Class SDLApplication is implemented in both /Users/linmuyi/miniconda3/envs/llm_gs/lib/python3.9/site-packages/pygame/.dylibs/libSDL2-2.0.0.dylib (0x106d612c8) and /Users/linmuyi/miniconda3/envs/llm_gs/lib/python3.9/site-packages/cv2/.dylibs/libSDL2-2.0.0.dylib (0x17c29c890). This may cause spurious casting failures and mysterious crashes. One of the duplicates must be removed or renamed.
objc[89755]: Class SDLAppDelegate is implemented in both /Users/linmuyi/miniconda3/envs/llm_gs/lib/python3.9/site-packages/pygame/.dylibs/libSDL2-2.0.0.dylib (0x106d61318) and /Users/linmuyi/miniconda3/envs/llm_gs/lib/python3.9/site-packages/cv2/.dylibs/libSDL2-2.0.0.dylib (0x17c29c8e0). This may cause spurious casting failures and mysterious crashes. One of the duplicates must be removed or renamed.
objc[89755]: Class SDLTranslatorResponder is implemented in both /Users/linmuyi/miniconda3/envs/llm_gs/lib/python3.9/site-packages/pygame/.dylibs/libSDL2-2.0.0.dylib (0x106d61390) and /Users/linmuyi/miniconda3/envs/llm_gs/lib/python3.9/site-packages/cv2/.dylibs/libSDL2-2.0.0.dylib (0x17c29c958). This may cause spurious casting failures and mysterious crashes. One of the duplicates must be removed or renamed.
objc[89755]: Class SDLMessageBoxPresenter is implemented in both /Users/linmuyi/miniconda3/envs/llm_gs/lib/python3.9/site-packages/pygame/.dylibs/libSDL2-2.0.0.dylib (0x106d613b8) and /Users/linmuyi/miniconda3/envs/llm_gs/lib/python3.9/site-packages/cv2/.dylibs/libSDL2-2.0.0.dylib (0x17c29c980). This may cause spurious casting failures and mysterious crashes. One of the duplicates must be removed or renamed.
objc[89755]: Class SDL_cocoametalview is implemented in both /Users/linmuyi/miniconda3/envs/llm_gs/lib/python3.9/site-packages/pygame/.dylibs/libSDL2-2.0.0.dylib (0x106d61408) and /Users/linmuyi/miniconda3/envs/llm_gs/lib/python3.9/site-packages/cv2/.dylibs/libSDL2-2.0.0.dylib (0x17c29c9d0). This may cause spurious casting failures and mysterious crashes. One of the duplicates must be removed or renamed.
objc[89755]: Class SDLOpenGLContext is implemented in both /Users/linmuyi/miniconda3/envs/llm_gs/lib/python3.9/site-packages/pygame/.dylibs/libSDL2-2.0.0.dylib (0x106d61458) and /Users/linmuyi/miniconda3/envs/llm_gs/lib/python3.9/site-packages/cv2/.dylibs/libSDL2-2.0.0.dylib (0x17c29ca20). This may cause spurious casting failures and mysterious crashes. One of the duplicates must be removed or renamed.
objc[89755]: Class SDL_ShapeData is implemented in both /Users/linmuyi/miniconda3/envs/llm_gs/lib/python3.9/site-packages/pygame/.dylibs/libSDL2-2.0.0.dylib (0x106d614d0) and /Users/linmuyi/miniconda3/envs/llm_gs/lib/python3.9/site-packages/cv2/.dylibs/libSDL2-2.0.0.dylib (0x17c29ca98). This may cause spurious casting failures and mysterious crashes. One of the duplicates must be removed or renamed.
objc[89755]: Class SDL_CocoaClosure is implemented in both /Users/linmuyi/miniconda3/envs/llm_gs/lib/python3.9/site-packages/pygame/.dylibs/libSDL2-2.0.0.dylib (0x106d61520) and /Users/linmuyi/miniconda3/envs/llm_gs/lib/python3.9/site-packages/cv2/.dylibs/libSDL2-2.0.0.dylib (0x17c29cae8). This may cause spurious casting failures and mysterious crashes. One of the duplicates must be removed or renamed.
objc[89755]: Class SDL_VideoData is implemented in both /Users/linmuyi/miniconda3/envs/llm_gs/lib/python3.9/site-packages/pygame/.dylibs/libSDL2-2.0.0.dylib (0x106d61570) and /Users/linmuyi/miniconda3/envs/llm_gs/lib/python3.9/site-packages/cv2/.dylibs/libSDL2-2.0.0.dylib (0x17c29cb38). This may cause spurious casting failures and mysterious crashes. One of the duplicates must be removed or renamed.
objc[89755]: Class SDL_WindowData is implemented in both /Users/linmuyi/miniconda3/envs/llm_gs/lib/python3.9/site-packages/pygame/.dylibs/libSDL2-2.0.0.dylib (0x106d615c0) and /Users/linmuyi/miniconda3/envs/llm_gs/lib/python3.9/site-packages/cv2/.dylibs/libSDL2-2.0.0.dylib (0x17c29cb88). This may cause spurious casting failures and mysterious crashes. One of the duplicates must be removed or renamed.
objc[89755]: Class SDLWindow is implemented in both /Users/linmuyi/miniconda3/envs/llm_gs/lib/python3.9/site-packages/pygame/.dylibs/libSDL2-2.0.0.dylib (0x106d615e8) and /Users/linmuyi/miniconda3/envs/llm_gs/lib/python3.9/site-packages/cv2/.dylibs/libSDL2-2.0.0.dylib (0x17c29cbb0). This may cause spurious casting failures and mysterious crashes. One of the duplicates must be removed or renamed.
objc[89755]: Class Cocoa_WindowListener is implemented in both /Users/linmuyi/miniconda3/envs/llm_gs/lib/python3.9/site-packages/pygame/.dylibs/libSDL2-2.0.0.dylib (0x106d61610) and /Users/linmuyi/miniconda3/envs/llm_gs/lib/python3.9/site-packages/cv2/.dylibs/libSDL2-2.0.0.dylib (0x17c29cbd8). This may cause spurious casting failures and mysterious crashes. One of the duplicates must be removed or renamed.
objc[89755]: Class SDLView is implemented in both /Users/linmuyi/miniconda3/envs/llm_gs/lib/python3.9/site-packages/pygame/.dylibs/libSDL2-2.0.0.dylib (0x106d61688) and /Users/linmuyi/miniconda3/envs/llm_gs/lib/python3.9/site-packages/cv2/.dylibs/libSDL2-2.0.0.dylib (0x17c29cc50). This may cause spurious casting failures and mysterious crashes. One of the duplicates must be removed or renamed.
objc[89755]: Class METAL_RenderData is implemented in both /Users/linmuyi/miniconda3/envs/llm_gs/lib/python3.9/site-packages/pygame/.dylibs/libSDL2-2.0.0.dylib (0x106d61700) and /Users/linmuyi/miniconda3/envs/llm_gs/lib/python3.9/site-packages/cv2/.dylibs/libSDL2-2.0.0.dylib (0x17c29ccc8). This may cause spurious casting failures and mysterious crashes. One of the duplicates must be removed or renamed.
objc[89755]: Class METAL_TextureData is implemented in both /Users/linmuyi/miniconda3/envs/llm_gs/lib/python3.9/site-packages/pygame/.dylibs/libSDL2-2.0.0.dylib (0x106d61750) and /Users/linmuyi/miniconda3/envs/llm_gs/lib/python3.9/site-packages/cv2/.dylibs/libSDL2-2.0.0.dylib (0x17c29cd18). This may cause spurious casting failures and mysterious crashes. One of the duplicates must be removed or renamed.
objc[89755]: Class SDL_RumbleMotor is implemented in both /Users/linmuyi/miniconda3/envs/llm_gs/lib/python3.9/site-packages/pygame/.dylibs/libSDL2-2.0.0.dylib (0x106d61778) and /Users/linmuyi/miniconda3/envs/llm_gs/lib/python3.9/site-packages/cv2/.dylibs/libSDL2-2.0.0.dylib (0x17c29cd40). This may cause spurious casting failures and mysterious crashes. One of the duplicates must be removed or renamed.
objc[89755]: Class SDL_RumbleContext is implemented in both /Users/linmuyi/miniconda3/envs/llm_gs/lib/python3.9/site-packages/pygame/.dylibs/libSDL2-2.0.0.dylib (0x106d617c8) and /Users/linmuyi/miniconda3/envs/llm_gs/lib/python3.9/site-packages/cv2/.dylibs/libSDL2-2.0.0.dylib (0x17c29cd90). This may cause spurious casting failures and mysterious crashes. One of the duplicates must be removed or renamed.
[random_curriculum] 1500000 steps, 30 checkpoints, curriculum

  steps=  50000  held=0.01  gate=0.04  bins=1/3  active= 30  (45s)
  steps= 100000  held=0.02  gate=0.01  bins=1/3  active= 30  (87s)
  steps= 150000  held=0.01  gate=0.03  bins=1/3  active= 30  (130s)
  steps= 200000  held=0.00  gate=0.00  bins=1/3  active= 30  (172s)
  steps= 250000  held=0.10  gate=0.17  bins=1/3  active= 30  (223s)
  steps= 300000  held=0.02  gate=0.10  bins=1/3  active= 30  (301s)
  steps= 350000  held=0.00  gate=0.06  bins=1/3  active= 30  (402s)
  steps= 400000  held=0.00  gate=0.00  bins=2/3  active= 60  [UNLOCK:deadline]  (488s)
  steps= 450000  held=0.03  gate=0.06  bins=2/3  active= 60  (570s)
  steps= 500000  held=0.02  gate=0.11  bins=2/3  active= 60  (635s)
  steps= 550000  held=0.06  gate=0.06  bins=2/3  active= 60  (693s)
  steps= 600000  held=0.06  gate=0.17  bins=2/3  active= 60  (765s)
  steps= 650000  held=0.17  gate=0.07  bins=2/3  active= 60  (850s)
  steps= 700000  held=0.03  gate=0.11  bins=2/3  active= 60  (949s)
  steps= 750000  held=0.11  gate=0.06  bins=2/3  active= 60  (1043s)
  steps= 800000  held=0.11  gate=0.11  bins=3/3  active= 90  [UNLOCK:deadline]  (1135s)
  steps= 850000  held=0.03  gate=0.03  bins=3/3  active= 90  (1217s)
  steps= 900000  held=0.04  gate=0.04  bins=3/3  active= 90  (1280s)
  steps= 950000  held=0.07  gate=0.07  bins=3/3  active= 90  (1358s)
  steps=1000000  held=0.12  gate=0.12  bins=3/3  active= 90  (1436s)
  steps=1050000  held=0.10  gate=0.10  bins=3/3  active= 90  (1511s)
  steps=1100000  held=0.15  gate=0.15  bins=3/3  active= 90  (1578s)
  steps=1150000  held=0.17  gate=0.17  bins=3/3  active= 90  (1650s)
  steps=1200000  held=0.14  gate=0.14  bins=3/3  active= 90  (1726s)
  steps=1250000  held=0.22  gate=0.22  bins=3/3  active= 90  (1784s)
  steps=1300000  held=0.22  gate=0.22  bins=3/3  active= 90  (1860s)
  steps=1350000  held=0.30  gate=0.30  bins=3/3  active= 90  (1930s)
  steps=1400000  held=0.24  gate=0.24  bins=3/3  active= 90  (2006s)
  steps=1450000  held=0.15  gate=0.15  bins=3/3  active= 90  (2086s)
  steps=1500000  held=0.36  gate=0.36  bins=3/3  active= 90  (2149s)

[random_curriculum] DONE  final held=0.36  steps_to_0.3=1,500,000  wall=2149s  -> random_curriculum_seed29.json
[random_curriculum] per-cell held: s9N1=0.31  s9N2=0.00  s9N3=0.00  s13N1=0.75  s13N2=0.62  s13N3=0.06  s17N1=0.38  s17N2=0.69  s17N3=0.44
