[rivers_only] train=90 layouts  held-out=36 layouts
objc[58693]: Class SDLApplication is implemented in both /Users/linmuyi/miniconda3/envs/llm_gs/lib/python3.9/site-packages/pygame/.dylibs/libSDL2-2.0.0.dylib (0x10c3e12c8) and /Users/linmuyi/miniconda3/envs/llm_gs/lib/python3.9/site-packages/cv2/.dylibs/libSDL2-2.0.0.dylib (0x13e140890). This may cause spurious casting failures and mysterious crashes. One of the duplicates must be removed or renamed.
objc[58693]: Class SDLAppDelegate is implemented in both /Users/linmuyi/miniconda3/envs/llm_gs/lib/python3.9/site-packages/pygame/.dylibs/libSDL2-2.0.0.dylib (0x10c3e1318) and /Users/linmuyi/miniconda3/envs/llm_gs/lib/python3.9/site-packages/cv2/.dylibs/libSDL2-2.0.0.dylib (0x13e1408e0). This may cause spurious casting failures and mysterious crashes. One of the duplicates must be removed or renamed.
objc[58693]: Class SDLTranslatorResponder is implemented in both /Users/linmuyi/miniconda3/envs/llm_gs/lib/python3.9/site-packages/pygame/.dylibs/libSDL2-2.0.0.dylib (0x10c3e1390) and /Users/linmuyi/miniconda3/envs/llm_gs/lib/python3.9/site-packages/cv2/.dylibs/libSDL2-2.0.0.dylib (0x13e140958). This may cause spurious casting failures and mysterious crashes. One of the duplicates must be removed or renamed.
objc[58693]: Class SDLMessageBoxPresenter is implemented in both /Users/linmuyi/miniconda3/envs/llm_gs/lib/python3.9/site-packages/pygame/.dylibs/libSDL2-2.0.0.dylib (0x10c3e13b8) and /Users/linmuyi/miniconda3/envs/llm_gs/lib/python3.9/site-packages/cv2/.dylibs/libSDL2-2.0.0.dylib (0x13e140980). This may cause spurious casting failures and mysterious crashes. One of the duplicates must be removed or renamed.
objc[58693]: Class SDL_cocoametalview is implemented in both /Users/linmuyi/miniconda3/envs/llm_gs/lib/python3.9/site-packages/pygame/.dylibs/libSDL2-2.0.0.dylib (0x10c3e1408) and /Users/linmuyi/miniconda3/envs/llm_gs/lib/python3.9/site-packages/cv2/.dylibs/libSDL2-2.0.0.dylib (0x13e1409d0). This may cause spurious casting failures and mysterious crashes. One of the duplicates must be removed or renamed.
objc[58693]: Class SDLOpenGLContext is implemented in both /Users/linmuyi/miniconda3/envs/llm_gs/lib/python3.9/site-packages/pygame/.dylibs/libSDL2-2.0.0.dylib (0x10c3e1458) and /Users/linmuyi/miniconda3/envs/llm_gs/lib/python3.9/site-packages/cv2/.dylibs/libSDL2-2.0.0.dylib (0x13e140a20). This may cause spurious casting failures and mysterious crashes. One of the duplicates must be removed or renamed.
objc[58693]: Class SDL_ShapeData is implemented in both /Users/linmuyi/miniconda3/envs/llm_gs/lib/python3.9/site-packages/pygame/.dylibs/libSDL2-2.0.0.dylib (0x10c3e14d0) and /Users/linmuyi/miniconda3/envs/llm_gs/lib/python3.9/site-packages/cv2/.dylibs/libSDL2-2.0.0.dylib (0x13e140a98). This may cause spurious casting failures and mysterious crashes. One of the duplicates must be removed or renamed.
objc[58693]: Class SDL_CocoaClosure is implemented in both /Users/linmuyi/miniconda3/envs/llm_gs/lib/python3.9/site-packages/pygame/.dylibs/libSDL2-2.0.0.dylib (0x10c3e1520) and /Users/linmuyi/miniconda3/envs/llm_gs/lib/python3.9/site-packages/cv2/.dylibs/libSDL2-2.0.0.dylib (0x13e140ae8). This may cause spurious casting failures and mysterious crashes. One of the duplicates must be removed or renamed.
objc[58693]: Class SDL_VideoData is implemented in both /Users/linmuyi/miniconda3/envs/llm_gs/lib/python3.9/site-packages/pygame/.dylibs/libSDL2-2.0.0.dylib (0x10c3e1570) and /Users/linmuyi/miniconda3/envs/llm_gs/lib/python3.9/site-packages/cv2/.dylibs/libSDL2-2.0.0.dylib (0x13e140b38). This may cause spurious casting failures and mysterious crashes. One of the duplicates must be removed or renamed.
objc[58693]: Class SDL_WindowData is implemented in both /Users/linmuyi/miniconda3/envs/llm_gs/lib/python3.9/site-packages/pygame/.dylibs/libSDL2-2.0.0.dylib (0x10c3e15c0) and /Users/linmuyi/miniconda3/envs/llm_gs/lib/python3.9/site-packages/cv2/.dylibs/libSDL2-2.0.0.dylib (0x13e140b88). This may cause spurious casting failures and mysterious crashes. One of the duplicates must be removed or renamed.
objc[58693]: Class SDLWindow is implemented in both /Users/linmuyi/miniconda3/envs/llm_gs/lib/python3.9/site-packages/pygame/.dylibs/libSDL2-2.0.0.dylib (0x10c3e15e8) and /Users/linmuyi/miniconda3/envs/llm_gs/lib/python3.9/site-packages/cv2/.dylibs/libSDL2-2.0.0.dylib (0x13e140bb0). This may cause spurious casting failures and mysterious crashes. One of the duplicates must be removed or renamed.
objc[58693]: Class Cocoa_WindowListener is implemented in both /Users/linmuyi/miniconda3/envs/llm_gs/lib/python3.9/site-packages/pygame/.dylibs/libSDL2-2.0.0.dylib (0x10c3e1610) and /Users/linmuyi/miniconda3/envs/llm_gs/lib/python3.9/site-packages/cv2/.dylibs/libSDL2-2.0.0.dylib (0x13e140bd8). This may cause spurious casting failures and mysterious crashes. One of the duplicates must be removed or renamed.
objc[58693]: Class SDLView is implemented in both /Users/linmuyi/miniconda3/envs/llm_gs/lib/python3.9/site-packages/pygame/.dylibs/libSDL2-2.0.0.dylib (0x10c3e1688) and /Users/linmuyi/miniconda3/envs/llm_gs/lib/python3.9/site-packages/cv2/.dylibs/libSDL2-2.0.0.dylib (0x13e140c50). This may cause spurious casting failures and mysterious crashes. One of the duplicates must be removed or renamed.
objc[58693]: Class METAL_RenderData is implemented in both /Users/linmuyi/miniconda3/envs/llm_gs/lib/python3.9/site-packages/pygame/.dylibs/libSDL2-2.0.0.dylib (0x10c3e1700) and /Users/linmuyi/miniconda3/envs/llm_gs/lib/python3.9/site-packages/cv2/.dylibs/libSDL2-2.0.0.dylib (0x13e140cc8). This may cause spurious casting failures and mysterious crashes. One of the duplicates must be removed or renamed.
objc[58693]: Class METAL_TextureData is implemented in both /Users/linmuyi/miniconda3/envs/llm_gs/lib/python3.9/site-packages/pygame/.dylibs/libSDL2-2.0.0.dylib (0x10c3e1750) and /Users/linmuyi/miniconda3/envs/llm_gs/lib/python3.9/site-packages/cv2/.dylibs/libSDL2-2.0.0.dylib (0x13e140d18). This may cause spurious casting failures and mysterious crashes. One of the duplicates must be removed or renamed.
objc[58693]: Class SDL_RumbleMotor is implemented in both /Users/linmuyi/miniconda3/envs/llm_gs/lib/python3.9/site-packages/pygame/.dylibs/libSDL2-2.0.0.dylib (0x10c3e1778) and /Users/linmuyi/miniconda3/envs/llm_gs/lib/python3.9/site-packages/cv2/.dylibs/libSDL2-2.0.0.dylib (0x13e140d40). This may cause spurious casting failures and mysterious crashes. One of the duplicates must be removed or renamed.
objc[58693]: Class SDL_RumbleContext is implemented in both /Users/linmuyi/miniconda3/envs/llm_gs/lib/python3.9/site-packages/pygame/.dylibs/libSDL2-2.0.0.dylib (0x10c3e17c8) and /Users/linmuyi/miniconda3/envs/llm_gs/lib/python3.9/site-packages/cv2/.dylibs/libSDL2-2.0.0.dylib (0x13e140d90). This may cause spurious casting failures and mysterious crashes. One of the duplicates must be removed or renamed.
[rivers_only] 1500000 steps, 30 checkpoints, curriculum

  steps=  50000  held=0.00  gate=0.00  bins=1/3  active= 30  (65s)
  steps= 100000  held=0.00  gate=0.01  bins=1/3  active= 30  (125s)
  steps= 150000  held=0.00  gate=0.00  bins=1/3  active= 30  (198s)
  steps= 200000  held=0.00  gate=0.04  bins=1/3  active= 30  (273s)
  steps= 250000  held=0.01  gate=0.00  bins=1/3  active= 30  (345s)
  steps= 300000  held=0.02  gate=0.00  bins=1/3  active= 30  (408s)
  steps= 350000  held=0.13  gate=0.11  bins=1/3  active= 30  (452s)
  steps= 400000  held=0.12  gate=0.06  bins=2/3  active= 60  [UNLOCK:deadline]  (498s)
  steps= 450000  held=0.14  gate=0.06  bins=2/3  active= 60  (543s)
  steps= 500000  held=0.14  gate=0.22  bins=2/3  active= 60  (599s)
  steps= 550000  held=0.13  gate=0.06  bins=2/3  active= 60  (647s)
  steps= 600000  held=0.11  gate=0.10  bins=2/3  active= 60  (727s)
  steps= 650000  held=0.03  gate=0.04  bins=2/3  active= 60  (795s)
  steps= 700000  held=0.01  gate=0.03  bins=2/3  active= 60  (858s)
  steps= 750000  held=0.03  gate=0.06  bins=2/3  active= 60  (904s)
  steps= 800000  held=0.00  gate=0.00  bins=3/3  active= 90  [UNLOCK:deadline]  (1007s)
  steps= 850000  held=0.00  gate=0.00  bins=3/3  active= 90  (1082s)
  steps= 900000  held=0.01  gate=0.01  bins=3/3  active= 90  (1149s)
  steps= 950000  held=0.00  gate=0.00  bins=3/3  active= 90  (1219s)
  steps=1000000  held=0.00  gate=0.00  bins=3/3  active= 90  (1283s)
  steps=1050000  held=0.00  gate=0.00  bins=3/3  active= 90  (1345s)
  steps=1100000  held=0.00  gate=0.00  bins=3/3  active= 90  (1402s)
  steps=1150000  held=0.00  gate=0.00  bins=3/3  active= 90  (1454s)
  steps=1200000  held=0.00  gate=0.00  bins=3/3  active= 90  (1514s)
  steps=1250000  held=0.00  gate=0.00  bins=3/3  active= 90  (1589s)
  steps=1300000  held=0.00  gate=0.00  bins=3/3  active= 90  (1666s)
  steps=1350000  held=0.00  gate=0.00  bins=3/3  active= 90  (1723s)
  steps=1400000  held=0.00  gate=0.00  bins=3/3  active= 90  (1780s)
  steps=1450000  held=0.00  gate=0.00  bins=3/3  active= 90  (1826s)
  steps=1500000  held=0.03  gate=0.03  bins=3/3  active= 90  (1885s)

[rivers_only] DONE  final held=0.03  steps_to_0.3=NOT REACHED  wall=1885s  -> rivers_only_seed19.json
[rivers_only] per-cell held: s9N1=0.00  s9N2=0.00  s9N3=0.00  s13N1=0.25  s13N2=0.00  s13N3=0.00  s17N1=0.00  s17N2=0.00  s17N3=0.00
