[grader] train=90 layouts  held-out=36 layouts
objc[53836]: Class SDLApplication is implemented in both /Users/linmuyi/miniconda3/envs/llm_gs/lib/python3.9/site-packages/pygame/.dylibs/libSDL2-2.0.0.dylib (0x10a3612c8) and /Users/linmuyi/miniconda3/envs/llm_gs/lib/python3.9/site-packages/cv2/.dylibs/libSDL2-2.0.0.dylib (0x30a314890). This may cause spurious casting failures and mysterious crashes. One of the duplicates must be removed or renamed.
objc[53836]: Class SDLAppDelegate is implemented in both /Users/linmuyi/miniconda3/envs/llm_gs/lib/python3.9/site-packages/pygame/.dylibs/libSDL2-2.0.0.dylib (0x10a361318) and /Users/linmuyi/miniconda3/envs/llm_gs/lib/python3.9/site-packages/cv2/.dylibs/libSDL2-2.0.0.dylib (0x30a3148e0). This may cause spurious casting failures and mysterious crashes. One of the duplicates must be removed or renamed.
objc[53836]: Class SDLTranslatorResponder is implemented in both /Users/linmuyi/miniconda3/envs/llm_gs/lib/python3.9/site-packages/pygame/.dylibs/libSDL2-2.0.0.dylib (0x10a361390) and /Users/linmuyi/miniconda3/envs/llm_gs/lib/python3.9/site-packages/cv2/.dylibs/libSDL2-2.0.0.dylib (0x30a314958). This may cause spurious casting failures and mysterious crashes. One of the duplicates must be removed or renamed.
objc[53836]: Class SDLMessageBoxPresenter is implemented in both /Users/linmuyi/miniconda3/envs/llm_gs/lib/python3.9/site-packages/pygame/.dylibs/libSDL2-2.0.0.dylib (0x10a3613b8) and /Users/linmuyi/miniconda3/envs/llm_gs/lib/python3.9/site-packages/cv2/.dylibs/libSDL2-2.0.0.dylib (0x30a314980). This may cause spurious casting failures and mysterious crashes. One of the duplicates must be removed or renamed.
objc[53836]: Class SDL_cocoametalview is implemented in both /Users/linmuyi/miniconda3/envs/llm_gs/lib/python3.9/site-packages/pygame/.dylibs/libSDL2-2.0.0.dylib (0x10a361408) and /Users/linmuyi/miniconda3/envs/llm_gs/lib/python3.9/site-packages/cv2/.dylibs/libSDL2-2.0.0.dylib (0x30a3149d0). This may cause spurious casting failures and mysterious crashes. One of the duplicates must be removed or renamed.
objc[53836]: Class SDLOpenGLContext is implemented in both /Users/linmuyi/miniconda3/envs/llm_gs/lib/python3.9/site-packages/pygame/.dylibs/libSDL2-2.0.0.dylib (0x10a361458) and /Users/linmuyi/miniconda3/envs/llm_gs/lib/python3.9/site-packages/cv2/.dylibs/libSDL2-2.0.0.dylib (0x30a314a20). This may cause spurious casting failures and mysterious crashes. One of the duplicates must be removed or renamed.
objc[53836]: Class SDL_ShapeData is implemented in both /Users/linmuyi/miniconda3/envs/llm_gs/lib/python3.9/site-packages/pygame/.dylibs/libSDL2-2.0.0.dylib (0x10a3614d0) and /Users/linmuyi/miniconda3/envs/llm_gs/lib/python3.9/site-packages/cv2/.dylibs/libSDL2-2.0.0.dylib (0x30a314a98). This may cause spurious casting failures and mysterious crashes. One of the duplicates must be removed or renamed.
objc[53836]: Class SDL_CocoaClosure is implemented in both /Users/linmuyi/miniconda3/envs/llm_gs/lib/python3.9/site-packages/pygame/.dylibs/libSDL2-2.0.0.dylib (0x10a361520) and /Users/linmuyi/miniconda3/envs/llm_gs/lib/python3.9/site-packages/cv2/.dylibs/libSDL2-2.0.0.dylib (0x30a314ae8). This may cause spurious casting failures and mysterious crashes. One of the duplicates must be removed or renamed.
objc[53836]: Class SDL_VideoData is implemented in both /Users/linmuyi/miniconda3/envs/llm_gs/lib/python3.9/site-packages/pygame/.dylibs/libSDL2-2.0.0.dylib (0x10a361570) and /Users/linmuyi/miniconda3/envs/llm_gs/lib/python3.9/site-packages/cv2/.dylibs/libSDL2-2.0.0.dylib (0x30a314b38). This may cause spurious casting failures and mysterious crashes. One of the duplicates must be removed or renamed.
objc[53836]: Class SDL_WindowData is implemented in both /Users/linmuyi/miniconda3/envs/llm_gs/lib/python3.9/site-packages/pygame/.dylibs/libSDL2-2.0.0.dylib (0x10a3615c0) and /Users/linmuyi/miniconda3/envs/llm_gs/lib/python3.9/site-packages/cv2/.dylibs/libSDL2-2.0.0.dylib (0x30a314b88). This may cause spurious casting failures and mysterious crashes. One of the duplicates must be removed or renamed.
objc[53836]: Class SDLWindow is implemented in both /Users/linmuyi/miniconda3/envs/llm_gs/lib/python3.9/site-packages/pygame/.dylibs/libSDL2-2.0.0.dylib (0x10a3615e8) and /Users/linmuyi/miniconda3/envs/llm_gs/lib/python3.9/site-packages/cv2/.dylibs/libSDL2-2.0.0.dylib (0x30a314bb0). This may cause spurious casting failures and mysterious crashes. One of the duplicates must be removed or renamed.
objc[53836]: Class Cocoa_WindowListener is implemented in both /Users/linmuyi/miniconda3/envs/llm_gs/lib/python3.9/site-packages/pygame/.dylibs/libSDL2-2.0.0.dylib (0x10a361610) and /Users/linmuyi/miniconda3/envs/llm_gs/lib/python3.9/site-packages/cv2/.dylibs/libSDL2-2.0.0.dylib (0x30a314bd8). This may cause spurious casting failures and mysterious crashes. One of the duplicates must be removed or renamed.
objc[53836]: Class SDLView is implemented in both /Users/linmuyi/miniconda3/envs/llm_gs/lib/python3.9/site-packages/pygame/.dylibs/libSDL2-2.0.0.dylib (0x10a361688) and /Users/linmuyi/miniconda3/envs/llm_gs/lib/python3.9/site-packages/cv2/.dylibs/libSDL2-2.0.0.dylib (0x30a314c50). This may cause spurious casting failures and mysterious crashes. One of the duplicates must be removed or renamed.
objc[53836]: Class METAL_RenderData is implemented in both /Users/linmuyi/miniconda3/envs/llm_gs/lib/python3.9/site-packages/pygame/.dylibs/libSDL2-2.0.0.dylib (0x10a361700) and /Users/linmuyi/miniconda3/envs/llm_gs/lib/python3.9/site-packages/cv2/.dylibs/libSDL2-2.0.0.dylib (0x30a314cc8). This may cause spurious casting failures and mysterious crashes. One of the duplicates must be removed or renamed.
objc[53836]: Class METAL_TextureData is implemented in both /Users/linmuyi/miniconda3/envs/llm_gs/lib/python3.9/site-packages/pygame/.dylibs/libSDL2-2.0.0.dylib (0x10a361750) and /Users/linmuyi/miniconda3/envs/llm_gs/lib/python3.9/site-packages/cv2/.dylibs/libSDL2-2.0.0.dylib (0x30a314d18). This may cause spurious casting failures and mysterious crashes. One of the duplicates must be removed or renamed.
objc[53836]: Class SDL_RumbleMotor is implemented in both /Users/linmuyi/miniconda3/envs/llm_gs/lib/python3.9/site-packages/pygame/.dylibs/libSDL2-2.0.0.dylib (0x10a361778) and /Users/linmuyi/miniconda3/envs/llm_gs/lib/python3.9/site-packages/cv2/.dylibs/libSDL2-2.0.0.dylib (0x30a314d40). This may cause spurious casting failures and mysterious crashes. One of the duplicates must be removed or renamed.
objc[53836]: Class SDL_RumbleContext is implemented in both /Users/linmuyi/miniconda3/envs/llm_gs/lib/python3.9/site-packages/pygame/.dylibs/libSDL2-2.0.0.dylib (0x10a3617c8) and /Users/linmuyi/miniconda3/envs/llm_gs/lib/python3.9/site-packages/cv2/.dylibs/libSDL2-2.0.0.dylib (0x30a314d90). This may cause spurious casting failures and mysterious crashes. One of the duplicates must be removed or renamed.
[grader] 1500000 steps, 30 checkpoints, curriculum

  steps=  50000  held=0.01  gate=0.00  bins=1/3  active= 30  (36s)
  steps= 100000  held=0.00  gate=0.00  bins=1/3  active= 30  (78s)
  steps= 150000  held=0.00  gate=0.00  bins=1/3  active= 30  (128s)
  steps= 200000  held=0.00  gate=0.00  bins=1/3  active= 30  (179s)
  steps= 250000  held=0.00  gate=0.00  bins=1/3  active= 30  (221s)
  steps= 300000  held=0.00  gate=0.00  bins=1/3  active= 30  (268s)
  steps= 350000  held=0.00  gate=0.00  bins=1/3  active= 30  (324s)
  steps= 400000  held=0.00  gate=0.00  bins=2/3  active= 60  [UNLOCK:deadline]  (375s)
  steps= 450000  held=0.00  gate=0.03  bins=2/3  active= 60  (437s)
  steps= 500000  held=0.00  gate=0.01  bins=2/3  active= 60  (491s)
  steps= 550000  held=0.01  gate=0.01  bins=2/3  active= 60  (533s)
  steps= 600000  held=0.00  gate=0.00  bins=2/3  active= 60  (573s)
  steps= 650000  held=0.00  gate=0.00  bins=2/3  active= 60  (628s)
  steps= 700000  held=0.00  gate=0.00  bins=2/3  active= 60  (674s)
  steps= 750000  held=0.01  gate=0.00  bins=2/3  active= 60  (716s)
  steps= 800000  held=0.00  gate=0.00  bins=3/3  active= 90  [UNLOCK:deadline]  (768s)
  steps= 850000  held=0.01  gate=0.01  bins=3/3  active= 90  (807s)
  steps= 900000  held=0.00  gate=0.00  bins=3/3  active= 90  (838s)
  steps= 950000  held=0.00  gate=0.00  bins=3/3  active= 90  (864s)
  steps=1000000  held=0.00  gate=0.00  bins=3/3  active= 90  (899s)
  steps=1050000  held=0.01  gate=0.01  bins=3/3  active= 90  (935s)
  steps=1100000  held=0.00  gate=0.00  bins=3/3  active= 90  (982s)
  steps=1150000  held=0.00  gate=0.00  bins=3/3  active= 90  (1030s)
  steps=1200000  held=0.00  gate=0.00  bins=3/3  active= 90  (1070s)
  steps=1250000  held=0.00  gate=0.00  bins=3/3  active= 90  (1107s)
  steps=1300000  held=0.00  gate=0.00  bins=3/3  active= 90  (1142s)
  steps=1350000  held=0.00  gate=0.00  bins=3/3  active= 90  (1180s)
  steps=1400000  held=0.00  gate=0.00  bins=3/3  active= 90  (1219s)
  steps=1450000  held=0.00  gate=0.00  bins=3/3  active= 90  (1262s)
  steps=1500000  held=0.00  gate=0.00  bins=3/3  active= 90  (1288s)

[grader] DONE  final held=0.00  steps_to_0.3=NOT REACHED  wall=1288s  -> grader_seed24.json
[grader] per-cell held: s9N1=0.00  s9N2=0.00  s9N3=0.00  s13N1=0.00  s13N2=0.00  s13N3=0.00  s17N1=0.00  s17N2=0.00  s17N3=0.00
