[flat] train=90 layouts  held-out=36 layouts
objc[51093]: Class SDLApplication is implemented in both /Users/linmuyi/miniconda3/envs/llm_gs/lib/python3.9/site-packages/pygame/.dylibs/libSDL2-2.0.0.dylib (0x107ea12c8) and /Users/linmuyi/miniconda3/envs/llm_gs/lib/python3.9/site-packages/cv2/.dylibs/libSDL2-2.0.0.dylib (0x16aa8c890). This may cause spurious casting failures and mysterious crashes. One of the duplicates must be removed or renamed.
objc[51093]: Class SDLAppDelegate is implemented in both /Users/linmuyi/miniconda3/envs/llm_gs/lib/python3.9/site-packages/pygame/.dylibs/libSDL2-2.0.0.dylib (0x107ea1318) and /Users/linmuyi/miniconda3/envs/llm_gs/lib/python3.9/site-packages/cv2/.dylibs/libSDL2-2.0.0.dylib (0x16aa8c8e0). This may cause spurious casting failures and mysterious crashes. One of the duplicates must be removed or renamed.
objc[51093]: Class SDLTranslatorResponder is implemented in both /Users/linmuyi/miniconda3/envs/llm_gs/lib/python3.9/site-packages/pygame/.dylibs/libSDL2-2.0.0.dylib (0x107ea1390) and /Users/linmuyi/miniconda3/envs/llm_gs/lib/python3.9/site-packages/cv2/.dylibs/libSDL2-2.0.0.dylib (0x16aa8c958). This may cause spurious casting failures and mysterious crashes. One of the duplicates must be removed or renamed.
objc[51093]: Class SDLMessageBoxPresenter is implemented in both /Users/linmuyi/miniconda3/envs/llm_gs/lib/python3.9/site-packages/pygame/.dylibs/libSDL2-2.0.0.dylib (0x107ea13b8) and /Users/linmuyi/miniconda3/envs/llm_gs/lib/python3.9/site-packages/cv2/.dylibs/libSDL2-2.0.0.dylib (0x16aa8c980). This may cause spurious casting failures and mysterious crashes. One of the duplicates must be removed or renamed.
objc[51093]: Class SDL_cocoametalview is implemented in both /Users/linmuyi/miniconda3/envs/llm_gs/lib/python3.9/site-packages/pygame/.dylibs/libSDL2-2.0.0.dylib (0x107ea1408) and /Users/linmuyi/miniconda3/envs/llm_gs/lib/python3.9/site-packages/cv2/.dylibs/libSDL2-2.0.0.dylib (0x16aa8c9d0). This may cause spurious casting failures and mysterious crashes. One of the duplicates must be removed or renamed.
objc[51093]: Class SDLOpenGLContext is implemented in both /Users/linmuyi/miniconda3/envs/llm_gs/lib/python3.9/site-packages/pygame/.dylibs/libSDL2-2.0.0.dylib (0x107ea1458) and /Users/linmuyi/miniconda3/envs/llm_gs/lib/python3.9/site-packages/cv2/.dylibs/libSDL2-2.0.0.dylib (0x16aa8ca20). This may cause spurious casting failures and mysterious crashes. One of the duplicates must be removed or renamed.
objc[51093]: Class SDL_ShapeData is implemented in both /Users/linmuyi/miniconda3/envs/llm_gs/lib/python3.9/site-packages/pygame/.dylibs/libSDL2-2.0.0.dylib (0x107ea14d0) and /Users/linmuyi/miniconda3/envs/llm_gs/lib/python3.9/site-packages/cv2/.dylibs/libSDL2-2.0.0.dylib (0x16aa8ca98). This may cause spurious casting failures and mysterious crashes. One of the duplicates must be removed or renamed.
objc[51093]: Class SDL_CocoaClosure is implemented in both /Users/linmuyi/miniconda3/envs/llm_gs/lib/python3.9/site-packages/pygame/.dylibs/libSDL2-2.0.0.dylib (0x107ea1520) and /Users/linmuyi/miniconda3/envs/llm_gs/lib/python3.9/site-packages/cv2/.dylibs/libSDL2-2.0.0.dylib (0x16aa8cae8). This may cause spurious casting failures and mysterious crashes. One of the duplicates must be removed or renamed.
objc[51093]: Class SDL_VideoData is implemented in both /Users/linmuyi/miniconda3/envs/llm_gs/lib/python3.9/site-packages/pygame/.dylibs/libSDL2-2.0.0.dylib (0x107ea1570) and /Users/linmuyi/miniconda3/envs/llm_gs/lib/python3.9/site-packages/cv2/.dylibs/libSDL2-2.0.0.dylib (0x16aa8cb38). This may cause spurious casting failures and mysterious crashes. One of the duplicates must be removed or renamed.
objc[51093]: Class SDL_WindowData is implemented in both /Users/linmuyi/miniconda3/envs/llm_gs/lib/python3.9/site-packages/pygame/.dylibs/libSDL2-2.0.0.dylib (0x107ea15c0) and /Users/linmuyi/miniconda3/envs/llm_gs/lib/python3.9/site-packages/cv2/.dylibs/libSDL2-2.0.0.dylib (0x16aa8cb88). This may cause spurious casting failures and mysterious crashes. One of the duplicates must be removed or renamed.
objc[51093]: Class SDLWindow is implemented in both /Users/linmuyi/miniconda3/envs/llm_gs/lib/python3.9/site-packages/pygame/.dylibs/libSDL2-2.0.0.dylib (0x107ea15e8) and /Users/linmuyi/miniconda3/envs/llm_gs/lib/python3.9/site-packages/cv2/.dylibs/libSDL2-2.0.0.dylib (0x16aa8cbb0). This may cause spurious casting failures and mysterious crashes. One of the duplicates must be removed or renamed.
objc[51093]: Class Cocoa_WindowListener is implemented in both /Users/linmuyi/miniconda3/envs/llm_gs/lib/python3.9/site-packages/pygame/.dylibs/libSDL2-2.0.0.dylib (0x107ea1610) and /Users/linmuyi/miniconda3/envs/llm_gs/lib/python3.9/site-packages/cv2/.dylibs/libSDL2-2.0.0.dylib (0x16aa8cbd8). This may cause spurious casting failures and mysterious crashes. One of the duplicates must be removed or renamed.
objc[51093]: Class SDLView is implemented in both /Users/linmuyi/miniconda3/envs/llm_gs/lib/python3.9/site-packages/pygame/.dylibs/libSDL2-2.0.0.dylib (0x107ea1688) and /Users/linmuyi/miniconda3/envs/llm_gs/lib/python3.9/site-packages/cv2/.dylibs/libSDL2-2.0.0.dylib (0x16aa8cc50). This may cause spurious casting failures and mysterious crashes. One of the duplicates must be removed or renamed.
objc[51093]: Class METAL_RenderData is implemented in both /Users/linmuyi/miniconda3/envs/llm_gs/lib/python3.9/site-packages/pygame/.dylibs/libSDL2-2.0.0.dylib (0x107ea1700) and /Users/linmuyi/miniconda3/envs/llm_gs/lib/python3.9/site-packages/cv2/.dylibs/libSDL2-2.0.0.dylib (0x16aa8ccc8). This may cause spurious casting failures and mysterious crashes. One of the duplicates must be removed or renamed.
objc[51093]: Class METAL_TextureData is implemented in both /Users/linmuyi/miniconda3/envs/llm_gs/lib/python3.9/site-packages/pygame/.dylibs/libSDL2-2.0.0.dylib (0x107ea1750) and /Users/linmuyi/miniconda3/envs/llm_gs/lib/python3.9/site-packages/cv2/.dylibs/libSDL2-2.0.0.dylib (0x16aa8cd18). This may cause spurious casting failures and mysterious crashes. One of the duplicates must be removed or renamed.
objc[51093]: Class SDL_RumbleMotor is implemented in both /Users/linmuyi/miniconda3/envs/llm_gs/lib/python3.9/site-packages/pygame/.dylibs/libSDL2-2.0.0.dylib (0x107ea1778) and /Users/linmuyi/miniconda3/envs/llm_gs/lib/python3.9/site-packages/cv2/.dylibs/libSDL2-2.0.0.dylib (0x16aa8cd40). This may cause spurious casting failures and mysterious crashes. One of the duplicates must be removed or renamed.
objc[51093]: Class SDL_RumbleContext is implemented in both /Users/linmuyi/miniconda3/envs/llm_gs/lib/python3.9/site-packages/pygame/.dylibs/libSDL2-2.0.0.dylib (0x107ea17c8) and /Users/linmuyi/miniconda3/envs/llm_gs/lib/python3.9/site-packages/cv2/.dylibs/libSDL2-2.0.0.dylib (0x16aa8cd90). This may cause spurious casting failures and mysterious crashes. One of the duplicates must be removed or renamed.
[flat] 1500000 steps, 30 checkpoints, flat (no curriculum)

  steps=  50000  held=0.01  gate=0.01  bins=3/3  active= 90  (32s)
  steps= 100000  held=0.00  gate=0.00  bins=3/3  active= 90  (62s)
  steps= 150000  held=0.00  gate=0.00  bins=3/3  active= 90  (96s)
  steps= 200000  held=0.00  gate=0.00  bins=3/3  active= 90  (131s)
  steps= 250000  held=0.00  gate=0.00  bins=3/3  active= 90  (167s)
  steps= 300000  held=0.00  gate=0.00  bins=3/3  active= 90  (197s)
  steps= 350000  held=0.00  gate=0.00  bins=3/3  active= 90  (234s)
  steps= 400000  held=0.00  gate=0.00  bins=3/3  active= 90  (281s)
  steps= 450000  held=0.00  gate=0.00  bins=3/3  active= 90  (330s)
  steps= 500000  held=0.00  gate=0.00  bins=3/3  active= 90  (368s)
  steps= 550000  held=0.00  gate=0.00  bins=3/3  active= 90  (403s)
  steps= 600000  held=0.00  gate=0.00  bins=3/3  active= 90  (439s)
  steps= 650000  held=0.00  gate=0.00  bins=3/3  active= 90  (482s)
  steps= 700000  held=0.00  gate=0.00  bins=3/3  active= 90  (518s)
  steps= 750000  held=0.00  gate=0.00  bins=3/3  active= 90  (549s)
  steps= 800000  held=0.00  gate=0.00  bins=3/3  active= 90  (581s)
  steps= 850000  held=0.00  gate=0.00  bins=3/3  active= 90  (616s)
  steps= 900000  held=0.00  gate=0.00  bins=3/3  active= 90  (654s)
  steps= 950000  held=0.00  gate=0.00  bins=3/3  active= 90  (697s)
  steps=1000000  held=0.00  gate=0.00  bins=3/3  active= 90  (727s)
  steps=1050000  held=0.00  gate=0.00  bins=3/3  active= 90  (762s)
  steps=1100000  held=0.00  gate=0.00  bins=3/3  active= 90  (792s)
  steps=1150000  held=0.01  gate=0.01  bins=3/3  active= 90  (821s)
  steps=1200000  held=0.00  gate=0.00  bins=3/3  active= 90  (853s)
  steps=1250000  held=0.01  gate=0.01  bins=3/3  active= 90  (890s)
  steps=1300000  held=0.00  gate=0.00  bins=3/3  active= 90  (932s)
  steps=1350000  held=0.01  gate=0.01  bins=3/3  active= 90  (970s)
  steps=1400000  held=0.03  gate=0.03  bins=3/3  active= 90  (1016s)
  steps=1450000  held=0.03  gate=0.03  bins=3/3  active= 90  (1053s)
  steps=1500000  held=0.03  gate=0.03  bins=3/3  active= 90  (1085s)

[flat] DONE  final held=0.03  steps_to_0.3=NOT REACHED  wall=1085s  -> flat_seed7.json
[flat] per-cell held: s9N1=0.00  s9N2=0.00  s9N3=0.00  s13N1=0.25  s13N2=0.00  s13N3=0.00  s17N1=0.00  s17N2=0.00  s17N3=0.00
