[size_order] train=90 layouts  held-out=36 layouts
objc[18324]: Class SDLApplication is implemented in both /Users/linmuyi/miniconda3/envs/llm_gs/lib/python3.9/site-packages/pygame/.dylibs/libSDL2-2.0.0.dylib (0x10914d2c8) and /Users/linmuyi/miniconda3/envs/llm_gs/lib/python3.9/site-packages/cv2/.dylibs/libSDL2-2.0.0.dylib (0x13906c890). This may cause spurious casting failures and mysterious crashes. One of the duplicates must be removed or renamed.
objc[18324]: Class SDLAppDelegate is implemented in both /Users/linmuyi/miniconda3/envs/llm_gs/lib/python3.9/site-packages/pygame/.dylibs/libSDL2-2.0.0.dylib (0x10914d318) and /Users/linmuyi/miniconda3/envs/llm_gs/lib/python3.9/site-packages/cv2/.dylibs/libSDL2-2.0.0.dylib (0x13906c8e0). This may cause spurious casting failures and mysterious crashes. One of the duplicates must be removed or renamed.
objc[18324]: Class SDLTranslatorResponder is implemented in both /Users/linmuyi/miniconda3/envs/llm_gs/lib/python3.9/site-packages/pygame/.dylibs/libSDL2-2.0.0.dylib (0x10914d390) and /Users/linmuyi/miniconda3/envs/llm_gs/lib/python3.9/site-packages/cv2/.dylibs/libSDL2-2.0.0.dylib (0x13906c958). This may cause spurious casting failures and mysterious crashes. One of the duplicates must be removed or renamed.
objc[18324]: Class SDLMessageBoxPresenter is implemented in both /Users/linmuyi/miniconda3/envs/llm_gs/lib/python3.9/site-packages/pygame/.dylibs/libSDL2-2.0.0.dylib (0x10914d3b8) and /Users/linmuyi/miniconda3/envs/llm_gs/lib/python3.9/site-packages/cv2/.dylibs/libSDL2-2.0.0.dylib (0x13906c980). This may cause spurious casting failures and mysterious crashes. One of the duplicates must be removed or renamed.
objc[18324]: Class SDL_cocoametalview is implemented in both /Users/linmuyi/miniconda3/envs/llm_gs/lib/python3.9/site-packages/pygame/.dylibs/libSDL2-2.0.0.dylib (0x10914d408) and /Users/linmuyi/miniconda3/envs/llm_gs/lib/python3.9/site-packages/cv2/.dylibs/libSDL2-2.0.0.dylib (0x13906c9d0). This may cause spurious casting failures and mysterious crashes. One of the duplicates must be removed or renamed.
objc[18324]: Class SDLOpenGLContext is implemented in both /Users/linmuyi/miniconda3/envs/llm_gs/lib/python3.9/site-packages/pygame/.dylibs/libSDL2-2.0.0.dylib (0x10914d458) and /Users/linmuyi/miniconda3/envs/llm_gs/lib/python3.9/site-packages/cv2/.dylibs/libSDL2-2.0.0.dylib (0x13906ca20). This may cause spurious casting failures and mysterious crashes. One of the duplicates must be removed or renamed.
objc[18324]: Class SDL_ShapeData is implemented in both /Users/linmuyi/miniconda3/envs/llm_gs/lib/python3.9/site-packages/pygame/.dylibs/libSDL2-2.0.0.dylib (0x10914d4d0) and /Users/linmuyi/miniconda3/envs/llm_gs/lib/python3.9/site-packages/cv2/.dylibs/libSDL2-2.0.0.dylib (0x13906ca98). This may cause spurious casting failures and mysterious crashes. One of the duplicates must be removed or renamed.
objc[18324]: Class SDL_CocoaClosure is implemented in both /Users/linmuyi/miniconda3/envs/llm_gs/lib/python3.9/site-packages/pygame/.dylibs/libSDL2-2.0.0.dylib (0x10914d520) and /Users/linmuyi/miniconda3/envs/llm_gs/lib/python3.9/site-packages/cv2/.dylibs/libSDL2-2.0.0.dylib (0x13906cae8). This may cause spurious casting failures and mysterious crashes. One of the duplicates must be removed or renamed.
objc[18324]: Class SDL_VideoData is implemented in both /Users/linmuyi/miniconda3/envs/llm_gs/lib/python3.9/site-packages/pygame/.dylibs/libSDL2-2.0.0.dylib (0x10914d570) and /Users/linmuyi/miniconda3/envs/llm_gs/lib/python3.9/site-packages/cv2/.dylibs/libSDL2-2.0.0.dylib (0x13906cb38). This may cause spurious casting failures and mysterious crashes. One of the duplicates must be removed or renamed.
objc[18324]: Class SDL_WindowData is implemented in both /Users/linmuyi/miniconda3/envs/llm_gs/lib/python3.9/site-packages/pygame/.dylibs/libSDL2-2.0.0.dylib (0x10914d5c0) and /Users/linmuyi/miniconda3/envs/llm_gs/lib/python3.9/site-packages/cv2/.dylibs/libSDL2-2.0.0.dylib (0x13906cb88). This may cause spurious casting failures and mysterious crashes. One of the duplicates must be removed or renamed.
objc[18324]: Class SDLWindow is implemented in both /Users/linmuyi/miniconda3/envs/llm_gs/lib/python3.9/site-packages/pygame/.dylibs/libSDL2-2.0.0.dylib (0x10914d5e8) and /Users/linmuyi/miniconda3/envs/llm_gs/lib/python3.9/site-packages/cv2/.dylibs/libSDL2-2.0.0.dylib (0x13906cbb0). This may cause spurious casting failures and mysterious crashes. One of the duplicates must be removed or renamed.
objc[18324]: Class Cocoa_WindowListener is implemented in both /Users/linmuyi/miniconda3/envs/llm_gs/lib/python3.9/site-packages/pygame/.dylibs/libSDL2-2.0.0.dylib (0x10914d610) and /Users/linmuyi/miniconda3/envs/llm_gs/lib/python3.9/site-packages/cv2/.dylibs/libSDL2-2.0.0.dylib (0x13906cbd8). This may cause spurious casting failures and mysterious crashes. One of the duplicates must be removed or renamed.
objc[18324]: Class SDLView is implemented in both /Users/linmuyi/miniconda3/envs/llm_gs/lib/python3.9/site-packages/pygame/.dylibs/libSDL2-2.0.0.dylib (0x10914d688) and /Users/linmuyi/miniconda3/envs/llm_gs/lib/python3.9/site-packages/cv2/.dylibs/libSDL2-2.0.0.dylib (0x13906cc50). This may cause spurious casting failures and mysterious crashes. One of the duplicates must be removed or renamed.
objc[18324]: Class METAL_RenderData is implemented in both /Users/linmuyi/miniconda3/envs/llm_gs/lib/python3.9/site-packages/pygame/.dylibs/libSDL2-2.0.0.dylib (0x10914d700) and /Users/linmuyi/miniconda3/envs/llm_gs/lib/python3.9/site-packages/cv2/.dylibs/libSDL2-2.0.0.dylib (0x13906ccc8). This may cause spurious casting failures and mysterious crashes. One of the duplicates must be removed or renamed.
objc[18324]: Class METAL_TextureData is implemented in both /Users/linmuyi/miniconda3/envs/llm_gs/lib/python3.9/site-packages/pygame/.dylibs/libSDL2-2.0.0.dylib (0x10914d750) and /Users/linmuyi/miniconda3/envs/llm_gs/lib/python3.9/site-packages/cv2/.dylibs/libSDL2-2.0.0.dylib (0x13906cd18). This may cause spurious casting failures and mysterious crashes. One of the duplicates must be removed or renamed.
objc[18324]: Class SDL_RumbleMotor is implemented in both /Users/linmuyi/miniconda3/envs/llm_gs/lib/python3.9/site-packages/pygame/.dylibs/libSDL2-2.0.0.dylib (0x10914d778) and /Users/linmuyi/miniconda3/envs/llm_gs/lib/python3.9/site-packages/cv2/.dylibs/libSDL2-2.0.0.dylib (0x13906cd40). This may cause spurious casting failures and mysterious crashes. One of the duplicates must be removed or renamed.
objc[18324]: Class SDL_RumbleContext is implemented in both /Users/linmuyi/miniconda3/envs/llm_gs/lib/python3.9/site-packages/pygame/.dylibs/libSDL2-2.0.0.dylib (0x10914d7c8) and /Users/linmuyi/miniconda3/envs/llm_gs/lib/python3.9/site-packages/cv2/.dylibs/libSDL2-2.0.0.dylib (0x13906cd90). This may cause spurious casting failures and mysterious crashes. One of the duplicates must be removed or renamed.
[size_order] 1500000 steps, 30 checkpoints, curriculum

  steps=  50000  held=0.01  gate=0.00  bins=1/3  active= 30  (34s)
  steps= 100000  held=0.00  gate=0.01  bins=1/3  active= 30  (77s)
  steps= 150000  held=0.02  gate=0.06  bins=1/3  active= 30  (118s)
  steps= 200000  held=0.14  gate=0.22  bins=1/3  active= 30  (151s)
  steps= 250000  held=0.14  gate=0.11  bins=1/3  active= 30  (199s)
  steps= 300000  held=0.14  gate=0.24  bins=1/3  active= 30  (249s)
  steps= 350000  held=0.15  gate=0.25  bins=1/3  active= 30  (301s)
  steps= 400000  held=0.17  gate=0.18  bins=2/3  active= 60  [UNLOCK:deadline]  (353s)
  steps= 450000  held=0.28  gate=0.19  bins=2/3  active= 60  (405s)
  steps= 500000  held=0.36  gate=0.42  bins=2/3  active= 60  (455s)
  steps= 550000  held=0.42  gate=0.57  bins=3/3  active= 90  [UNLOCK:gate]  (504s)
  steps= 600000  held=0.10  gate=0.10  bins=3/3  active= 90  (558s)
  steps= 650000  held=0.44  gate=0.44  bins=3/3  active= 90  (601s)
  steps= 700000  held=0.40  gate=0.40  bins=3/3  active= 90  (647s)
  steps= 750000  held=0.27  gate=0.27  bins=3/3  active= 90  (695s)
  steps= 800000  held=0.46  gate=0.46  bins=3/3  active= 90  (740s)
  steps= 850000  held=0.41  gate=0.41  bins=3/3  active= 90  (785s)
  steps= 900000  held=0.38  gate=0.38  bins=3/3  active= 90  (830s)
  steps= 950000  held=0.40  gate=0.40  bins=3/3  active= 90  (876s)
  steps=1000000  held=0.33  gate=0.33  bins=3/3  active= 90  (924s)
  steps=1050000  held=0.35  gate=0.35  bins=3/3  active= 90  (970s)
  steps=1100000  held=0.24  gate=0.24  bins=3/3  active= 90  (1019s)
  steps=1150000  held=0.26  gate=0.26  bins=3/3  active= 90  (1068s)
  steps=1200000  held=0.40  gate=0.40  bins=3/3  active= 90  (1114s)
  steps=1250000  held=0.23  gate=0.23  bins=3/3  active= 90  (1164s)
  steps=1300000  held=0.34  gate=0.34  bins=3/3  active= 90  (1210s)
  steps=1350000  held=0.33  gate=0.33  bins=3/3  active= 90  (1257s)
  steps=1400000  held=0.37  gate=0.37  bins=3/3  active= 90  (1303s)
  steps=1450000  held=0.40  gate=0.40  bins=3/3  active= 90  (1348s)
  steps=1500000  held=0.32  gate=0.32  bins=3/3  active= 90  (1395s)

[size_order] DONE  final held=0.32  steps_to_0.3=500,000  wall=1395s  -> size_order_seed33.json
[size_order] per-cell held: s9N1=0.50  s9N2=0.38  s9N3=0.00  s13N1=0.50  s13N2=0.25  s13N3=0.25  s17N1=0.44  s17N2=0.50  s17N3=0.06
