[rivers_only] train=90 layouts  held-out=36 layouts
objc[47463]: Class SDLApplication is implemented in both /Users/linmuyi/miniconda3/envs/llm_gs/lib/python3.9/site-packages/pygame/.dylibs/libSDL2-2.0.0.dylib (0x106b892c8) and /Users/linmuyi/miniconda3/envs/llm_gs/lib/python3.9/site-packages/cv2/.dylibs/libSDL2-2.0.0.dylib (0x139b0c890). This may cause spurious casting failures and mysterious crashes. One of the duplicates must be removed or renamed.
objc[47463]: Class SDLAppDelegate is implemented in both /Users/linmuyi/miniconda3/envs/llm_gs/lib/python3.9/site-packages/pygame/.dylibs/libSDL2-2.0.0.dylib (0x106b89318) and /Users/linmuyi/miniconda3/envs/llm_gs/lib/python3.9/site-packages/cv2/.dylibs/libSDL2-2.0.0.dylib (0x139b0c8e0). This may cause spurious casting failures and mysterious crashes. One of the duplicates must be removed or renamed.
objc[47463]: Class SDLTranslatorResponder is implemented in both /Users/linmuyi/miniconda3/envs/llm_gs/lib/python3.9/site-packages/pygame/.dylibs/libSDL2-2.0.0.dylib (0x106b89390) and /Users/linmuyi/miniconda3/envs/llm_gs/lib/python3.9/site-packages/cv2/.dylibs/libSDL2-2.0.0.dylib (0x139b0c958). This may cause spurious casting failures and mysterious crashes. One of the duplicates must be removed or renamed.
objc[47463]: Class SDLMessageBoxPresenter is implemented in both /Users/linmuyi/miniconda3/envs/llm_gs/lib/python3.9/site-packages/pygame/.dylibs/libSDL2-2.0.0.dylib (0x106b893b8) and /Users/linmuyi/miniconda3/envs/llm_gs/lib/python3.9/site-packages/cv2/.dylibs/libSDL2-2.0.0.dylib (0x139b0c980). This may cause spurious casting failures and mysterious crashes. One of the duplicates must be removed or renamed.
objc[47463]: Class SDL_cocoametalview is implemented in both /Users/linmuyi/miniconda3/envs/llm_gs/lib/python3.9/site-packages/pygame/.dylibs/libSDL2-2.0.0.dylib (0x106b89408) and /Users/linmuyi/miniconda3/envs/llm_gs/lib/python3.9/site-packages/cv2/.dylibs/libSDL2-2.0.0.dylib (0x139b0c9d0). This may cause spurious casting failures and mysterious crashes. One of the duplicates must be removed or renamed.
objc[47463]: Class SDLOpenGLContext is implemented in both /Users/linmuyi/miniconda3/envs/llm_gs/lib/python3.9/site-packages/pygame/.dylibs/libSDL2-2.0.0.dylib (0x106b89458) and /Users/linmuyi/miniconda3/envs/llm_gs/lib/python3.9/site-packages/cv2/.dylibs/libSDL2-2.0.0.dylib (0x139b0ca20). This may cause spurious casting failures and mysterious crashes. One of the duplicates must be removed or renamed.
objc[47463]: Class SDL_ShapeData is implemented in both /Users/linmuyi/miniconda3/envs/llm_gs/lib/python3.9/site-packages/pygame/.dylibs/libSDL2-2.0.0.dylib (0x106b894d0) and /Users/linmuyi/miniconda3/envs/llm_gs/lib/python3.9/site-packages/cv2/.dylibs/libSDL2-2.0.0.dylib (0x139b0ca98). This may cause spurious casting failures and mysterious crashes. One of the duplicates must be removed or renamed.
objc[47463]: Class SDL_CocoaClosure is implemented in both /Users/linmuyi/miniconda3/envs/llm_gs/lib/python3.9/site-packages/pygame/.dylibs/libSDL2-2.0.0.dylib (0x106b89520) and /Users/linmuyi/miniconda3/envs/llm_gs/lib/python3.9/site-packages/cv2/.dylibs/libSDL2-2.0.0.dylib (0x139b0cae8). This may cause spurious casting failures and mysterious crashes. One of the duplicates must be removed or renamed.
objc[47463]: Class SDL_VideoData is implemented in both /Users/linmuyi/miniconda3/envs/llm_gs/lib/python3.9/site-packages/pygame/.dylibs/libSDL2-2.0.0.dylib (0x106b89570) and /Users/linmuyi/miniconda3/envs/llm_gs/lib/python3.9/site-packages/cv2/.dylibs/libSDL2-2.0.0.dylib (0x139b0cb38). This may cause spurious casting failures and mysterious crashes. One of the duplicates must be removed or renamed.
objc[47463]: Class SDL_WindowData is implemented in both /Users/linmuyi/miniconda3/envs/llm_gs/lib/python3.9/site-packages/pygame/.dylibs/libSDL2-2.0.0.dylib (0x106b895c0) and /Users/linmuyi/miniconda3/envs/llm_gs/lib/python3.9/site-packages/cv2/.dylibs/libSDL2-2.0.0.dylib (0x139b0cb88). This may cause spurious casting failures and mysterious crashes. One of the duplicates must be removed or renamed.
objc[47463]: Class SDLWindow is implemented in both /Users/linmuyi/miniconda3/envs/llm_gs/lib/python3.9/site-packages/pygame/.dylibs/libSDL2-2.0.0.dylib (0x106b895e8) and /Users/linmuyi/miniconda3/envs/llm_gs/lib/python3.9/site-packages/cv2/.dylibs/libSDL2-2.0.0.dylib (0x139b0cbb0). This may cause spurious casting failures and mysterious crashes. One of the duplicates must be removed or renamed.
objc[47463]: Class Cocoa_WindowListener is implemented in both /Users/linmuyi/miniconda3/envs/llm_gs/lib/python3.9/site-packages/pygame/.dylibs/libSDL2-2.0.0.dylib (0x106b89610) and /Users/linmuyi/miniconda3/envs/llm_gs/lib/python3.9/site-packages/cv2/.dylibs/libSDL2-2.0.0.dylib (0x139b0cbd8). This may cause spurious casting failures and mysterious crashes. One of the duplicates must be removed or renamed.
objc[47463]: Class SDLView is implemented in both /Users/linmuyi/miniconda3/envs/llm_gs/lib/python3.9/site-packages/pygame/.dylibs/libSDL2-2.0.0.dylib (0x106b89688) and /Users/linmuyi/miniconda3/envs/llm_gs/lib/python3.9/site-packages/cv2/.dylibs/libSDL2-2.0.0.dylib (0x139b0cc50). This may cause spurious casting failures and mysterious crashes. One of the duplicates must be removed or renamed.
objc[47463]: Class METAL_RenderData is implemented in both /Users/linmuyi/miniconda3/envs/llm_gs/lib/python3.9/site-packages/pygame/.dylibs/libSDL2-2.0.0.dylib (0x106b89700) and /Users/linmuyi/miniconda3/envs/llm_gs/lib/python3.9/site-packages/cv2/.dylibs/libSDL2-2.0.0.dylib (0x139b0ccc8). This may cause spurious casting failures and mysterious crashes. One of the duplicates must be removed or renamed.
objc[47463]: Class METAL_TextureData is implemented in both /Users/linmuyi/miniconda3/envs/llm_gs/lib/python3.9/site-packages/pygame/.dylibs/libSDL2-2.0.0.dylib (0x106b89750) and /Users/linmuyi/miniconda3/envs/llm_gs/lib/python3.9/site-packages/cv2/.dylibs/libSDL2-2.0.0.dylib (0x139b0cd18). This may cause spurious casting failures and mysterious crashes. One of the duplicates must be removed or renamed.
objc[47463]: Class SDL_RumbleMotor is implemented in both /Users/linmuyi/miniconda3/envs/llm_gs/lib/python3.9/site-packages/pygame/.dylibs/libSDL2-2.0.0.dylib (0x106b89778) and /Users/linmuyi/miniconda3/envs/llm_gs/lib/python3.9/site-packages/cv2/.dylibs/libSDL2-2.0.0.dylib (0x139b0cd40). This may cause spurious casting failures and mysterious crashes. One of the duplicates must be removed or renamed.
objc[47463]: Class SDL_RumbleContext is implemented in both /Users/linmuyi/miniconda3/envs/llm_gs/lib/python3.9/site-packages/pygame/.dylibs/libSDL2-2.0.0.dylib (0x106b897c8) and /Users/linmuyi/miniconda3/envs/llm_gs/lib/python3.9/site-packages/cv2/.dylibs/libSDL2-2.0.0.dylib (0x139b0cd90). This may cause spurious casting failures and mysterious crashes. One of the duplicates must be removed or renamed.
[rivers_only] 1500000 steps, 30 checkpoints, curriculum

  steps=  50000  held=0.00  gate=0.00  bins=1/3  active= 30  (40s)
  steps= 100000  held=0.00  gate=0.00  bins=1/3  active= 30  (74s)
  steps= 150000  held=0.00  gate=0.00  bins=1/3  active= 30  (111s)
  steps= 200000  held=0.01  gate=0.00  bins=1/3  active= 30  (151s)
  steps= 250000  held=0.00  gate=0.00  bins=1/3  active= 30  (194s)
  steps= 300000  held=0.00  gate=0.00  bins=1/3  active= 30  (226s)
  steps= 350000  held=0.00  gate=0.00  bins=1/3  active= 30  (270s)
  steps= 400000  held=0.03  gate=0.10  bins=2/3  active= 60  [UNLOCK:deadline]  (322s)
  steps= 450000  held=0.01  gate=0.03  bins=2/3  active= 60  (374s)
  steps= 500000  held=0.01  gate=0.01  bins=2/3  active= 60  (426s)
  steps= 550000  held=0.01  gate=0.00  bins=2/3  active= 60  (481s)
  steps= 600000  held=0.00  gate=0.00  bins=2/3  active= 60  (519s)
  steps= 650000  held=0.00  gate=0.01  bins=2/3  active= 60  (563s)
  steps= 700000  held=0.00  gate=0.00  bins=2/3  active= 60  (620s)
  steps= 750000  held=0.00  gate=0.00  bins=2/3  active= 60  (677s)
  steps= 800000  held=0.00  gate=0.03  bins=3/3  active= 90  [UNLOCK:deadline]  (728s)
  steps= 850000  held=0.01  gate=0.01  bins=3/3  active= 90  (767s)
  steps= 900000  held=0.00  gate=0.00  bins=3/3  active= 90  (808s)
  steps= 950000  held=0.00  gate=0.00  bins=3/3  active= 90  (850s)
  steps=1000000  held=0.01  gate=0.01  bins=3/3  active= 90  (880s)
  steps=1050000  held=0.00  gate=0.00  bins=3/3  active= 90  (910s)
  steps=1100000  held=0.00  gate=0.00  bins=3/3  active= 90  (955s)
  steps=1150000  held=0.00  gate=0.00  bins=3/3  active= 90  (1002s)
  steps=1200000  held=0.00  gate=0.00  bins=3/3  active= 90  (1044s)
  steps=1250000  held=0.00  gate=0.00  bins=3/3  active= 90  (1084s)
  steps=1300000  held=0.01  gate=0.01  bins=3/3  active= 90  (1132s)
  steps=1350000  held=0.01  gate=0.01  bins=3/3  active= 90  (1178s)
  steps=1400000  held=0.00  gate=0.00  bins=3/3  active= 90  (1231s)
  steps=1450000  held=0.01  gate=0.01  bins=3/3  active= 90  (1285s)
  steps=1500000  held=0.03  gate=0.03  bins=3/3  active= 90  (1321s)

[rivers_only] DONE  final held=0.03  steps_to_0.3=NOT REACHED  wall=1320s  -> rivers_only_seed6.json
[rivers_only] per-cell held: s9N1=0.06  s9N2=0.00  s9N3=0.00  s13N1=0.12  s13N2=0.00  s13N3=0.00  s17N1=0.06  s17N2=0.00  s17N3=0.00
