[size_order] train=90 layouts  held-out=36 layouts
objc[66331]: Class SDLApplication is implemented in both /Users/linmuyi/miniconda3/envs/llm_gs/lib/python3.9/site-packages/pygame/.dylibs/libSDL2-2.0.0.dylib (0x1060852c8) and /Users/linmuyi/miniconda3/envs/llm_gs/lib/python3.9/site-packages/cv2/.dylibs/libSDL2-2.0.0.dylib (0x301340890). This may cause spurious casting failures and mysterious crashes. One of the duplicates must be removed or renamed.
objc[66331]: Class SDLAppDelegate is implemented in both /Users/linmuyi/miniconda3/envs/llm_gs/lib/python3.9/site-packages/pygame/.dylibs/libSDL2-2.0.0.dylib (0x106085318) and /Users/linmuyi/miniconda3/envs/llm_gs/lib/python3.9/site-packages/cv2/.dylibs/libSDL2-2.0.0.dylib (0x3013408e0). This may cause spurious casting failures and mysterious crashes. One of the duplicates must be removed or renamed.
objc[66331]: Class SDLTranslatorResponder is implemented in both /Users/linmuyi/miniconda3/envs/llm_gs/lib/python3.9/site-packages/pygame/.dylibs/libSDL2-2.0.0.dylib (0x106085390) and /Users/linmuyi/miniconda3/envs/llm_gs/lib/python3.9/site-packages/cv2/.dylibs/libSDL2-2.0.0.dylib (0x301340958). This may cause spurious casting failures and mysterious crashes. One of the duplicates must be removed or renamed.
objc[66331]: Class SDLMessageBoxPresenter is implemented in both /Users/linmuyi/miniconda3/envs/llm_gs/lib/python3.9/site-packages/pygame/.dylibs/libSDL2-2.0.0.dylib (0x1060853b8) and /Users/linmuyi/miniconda3/envs/llm_gs/lib/python3.9/site-packages/cv2/.dylibs/libSDL2-2.0.0.dylib (0x301340980). This may cause spurious casting failures and mysterious crashes. One of the duplicates must be removed or renamed.
objc[66331]: Class SDL_cocoametalview is implemented in both /Users/linmuyi/miniconda3/envs/llm_gs/lib/python3.9/site-packages/pygame/.dylibs/libSDL2-2.0.0.dylib (0x106085408) and /Users/linmuyi/miniconda3/envs/llm_gs/lib/python3.9/site-packages/cv2/.dylibs/libSDL2-2.0.0.dylib (0x3013409d0). This may cause spurious casting failures and mysterious crashes. One of the duplicates must be removed or renamed.
objc[66331]: Class SDLOpenGLContext is implemented in both /Users/linmuyi/miniconda3/envs/llm_gs/lib/python3.9/site-packages/pygame/.dylibs/libSDL2-2.0.0.dylib (0x106085458) and /Users/linmuyi/miniconda3/envs/llm_gs/lib/python3.9/site-packages/cv2/.dylibs/libSDL2-2.0.0.dylib (0x301340a20). This may cause spurious casting failures and mysterious crashes. One of the duplicates must be removed or renamed.
objc[66331]: Class SDL_ShapeData is implemented in both /Users/linmuyi/miniconda3/envs/llm_gs/lib/python3.9/site-packages/pygame/.dylibs/libSDL2-2.0.0.dylib (0x1060854d0) and /Users/linmuyi/miniconda3/envs/llm_gs/lib/python3.9/site-packages/cv2/.dylibs/libSDL2-2.0.0.dylib (0x301340a98). This may cause spurious casting failures and mysterious crashes. One of the duplicates must be removed or renamed.
objc[66331]: Class SDL_CocoaClosure is implemented in both /Users/linmuyi/miniconda3/envs/llm_gs/lib/python3.9/site-packages/pygame/.dylibs/libSDL2-2.0.0.dylib (0x106085520) and /Users/linmuyi/miniconda3/envs/llm_gs/lib/python3.9/site-packages/cv2/.dylibs/libSDL2-2.0.0.dylib (0x301340ae8). This may cause spurious casting failures and mysterious crashes. One of the duplicates must be removed or renamed.
objc[66331]: Class SDL_VideoData is implemented in both /Users/linmuyi/miniconda3/envs/llm_gs/lib/python3.9/site-packages/pygame/.dylibs/libSDL2-2.0.0.dylib (0x106085570) and /Users/linmuyi/miniconda3/envs/llm_gs/lib/python3.9/site-packages/cv2/.dylibs/libSDL2-2.0.0.dylib (0x301340b38). This may cause spurious casting failures and mysterious crashes. One of the duplicates must be removed or renamed.
objc[66331]: Class SDL_WindowData is implemented in both /Users/linmuyi/miniconda3/envs/llm_gs/lib/python3.9/site-packages/pygame/.dylibs/libSDL2-2.0.0.dylib (0x1060855c0) and /Users/linmuyi/miniconda3/envs/llm_gs/lib/python3.9/site-packages/cv2/.dylibs/libSDL2-2.0.0.dylib (0x301340b88). This may cause spurious casting failures and mysterious crashes. One of the duplicates must be removed or renamed.
objc[66331]: Class SDLWindow is implemented in both /Users/linmuyi/miniconda3/envs/llm_gs/lib/python3.9/site-packages/pygame/.dylibs/libSDL2-2.0.0.dylib (0x1060855e8) and /Users/linmuyi/miniconda3/envs/llm_gs/lib/python3.9/site-packages/cv2/.dylibs/libSDL2-2.0.0.dylib (0x301340bb0). This may cause spurious casting failures and mysterious crashes. One of the duplicates must be removed or renamed.
objc[66331]: Class Cocoa_WindowListener is implemented in both /Users/linmuyi/miniconda3/envs/llm_gs/lib/python3.9/site-packages/pygame/.dylibs/libSDL2-2.0.0.dylib (0x106085610) and /Users/linmuyi/miniconda3/envs/llm_gs/lib/python3.9/site-packages/cv2/.dylibs/libSDL2-2.0.0.dylib (0x301340bd8). This may cause spurious casting failures and mysterious crashes. One of the duplicates must be removed or renamed.
objc[66331]: Class SDLView is implemented in both /Users/linmuyi/miniconda3/envs/llm_gs/lib/python3.9/site-packages/pygame/.dylibs/libSDL2-2.0.0.dylib (0x106085688) and /Users/linmuyi/miniconda3/envs/llm_gs/lib/python3.9/site-packages/cv2/.dylibs/libSDL2-2.0.0.dylib (0x301340c50). This may cause spurious casting failures and mysterious crashes. One of the duplicates must be removed or renamed.
objc[66331]: Class METAL_RenderData is implemented in both /Users/linmuyi/miniconda3/envs/llm_gs/lib/python3.9/site-packages/pygame/.dylibs/libSDL2-2.0.0.dylib (0x106085700) and /Users/linmuyi/miniconda3/envs/llm_gs/lib/python3.9/site-packages/cv2/.dylibs/libSDL2-2.0.0.dylib (0x301340cc8). This may cause spurious casting failures and mysterious crashes. One of the duplicates must be removed or renamed.
objc[66331]: Class METAL_TextureData is implemented in both /Users/linmuyi/miniconda3/envs/llm_gs/lib/python3.9/site-packages/pygame/.dylibs/libSDL2-2.0.0.dylib (0x106085750) and /Users/linmuyi/miniconda3/envs/llm_gs/lib/python3.9/site-packages/cv2/.dylibs/libSDL2-2.0.0.dylib (0x301340d18). This may cause spurious casting failures and mysterious crashes. One of the duplicates must be removed or renamed.
objc[66331]: Class SDL_RumbleMotor is implemented in both /Users/linmuyi/miniconda3/envs/llm_gs/lib/python3.9/site-packages/pygame/.dylibs/libSDL2-2.0.0.dylib (0x106085778) and /Users/linmuyi/miniconda3/envs/llm_gs/lib/python3.9/site-packages/cv2/.dylibs/libSDL2-2.0.0.dylib (0x301340d40). This may cause spurious casting failures and mysterious crashes. One of the duplicates must be removed or renamed.
objc[66331]: Class SDL_RumbleContext is implemented in both /Users/linmuyi/miniconda3/envs/llm_gs/lib/python3.9/site-packages/pygame/.dylibs/libSDL2-2.0.0.dylib (0x1060857c8) and /Users/linmuyi/miniconda3/envs/llm_gs/lib/python3.9/site-packages/cv2/.dylibs/libSDL2-2.0.0.dylib (0x301340d90). This may cause spurious casting failures and mysterious crashes. One of the duplicates must be removed or renamed.
[size_order] 1500000 steps, 30 checkpoints, curriculum

  steps=  50000  held=0.01  gate=0.11  bins=1/3  active= 30  (27s)
  steps= 100000  held=0.16  gate=0.29  bins=1/3  active= 30  (79s)
  steps= 150000  held=0.22  gate=0.46  bins=1/3  active= 30  (112s)
  steps= 200000  held=0.47  gate=0.39  bins=1/3  active= 30  (158s)
  steps= 250000  held=0.40  gate=0.49  bins=1/3  active= 30  (205s)
  steps= 300000  held=0.43  gate=0.44  bins=1/3  active= 30  (250s)
  steps= 350000  held=0.48  gate=0.53  bins=1/3  active= 30  (293s)
  steps= 400000  held=0.44  gate=0.54  bins=2/3  active= 60  [UNLOCK:deadline]  (337s)
  steps= 450000  held=0.45  gate=0.36  bins=2/3  active= 60  (384s)
  steps= 500000  held=0.49  gate=0.53  bins=2/3  active= 60  (429s)
  steps= 550000  held=0.53  gate=0.49  bins=2/3  active= 60  (474s)
  steps= 600000  held=0.47  gate=0.57  bins=3/3  active= 90  [UNLOCK:gate]  (519s)
  steps= 650000  held=0.48  gate=0.48  bins=3/3  active= 90  (556s)
  steps= 700000  held=0.58  gate=0.58  bins=3/3  active= 90  (594s)
  steps= 750000  held=0.58  gate=0.58  bins=3/3  active= 90  (628s)
  steps= 800000  held=0.69  gate=0.69  bins=3/3  active= 90  (662s)
  steps= 850000  held=0.62  gate=0.62  bins=3/3  active= 90  (698s)
  steps= 900000  held=0.66  gate=0.66  bins=3/3  active= 90  (733s)
  steps= 950000  held=0.72  gate=0.72  bins=3/3  active= 90  (787s)
  steps=1000000  held=0.72  gate=0.72  bins=3/3  active= 90  (848s)
  steps=1050000  held=0.70  gate=0.70  bins=3/3  active= 90  (916s)
  steps=1100000  held=0.73  gate=0.73  bins=3/3  active= 90  (984s)
  steps=1150000  held=0.81  gate=0.81  bins=3/3  active= 90  (1049s)
  steps=1200000  held=0.72  gate=0.72  bins=3/3  active= 90  (1111s)
  steps=1250000  held=0.79  gate=0.79  bins=3/3  active= 90  (1165s)
  steps=1300000  held=0.71  gate=0.71  bins=3/3  active= 90  (1221s)
  steps=1350000  held=0.76  gate=0.76  bins=3/3  active= 90  (1279s)
  steps=1400000  held=0.80  gate=0.80  bins=3/3  active= 90  (1335s)
  steps=1450000  held=0.77  gate=0.77  bins=3/3  active= 90  (1400s)
  steps=1500000  held=0.74  gate=0.74  bins=3/3  active= 90  (1462s)

[size_order] DONE  final held=0.74  steps_to_0.3=200,000  wall=1462s  -> size_order_seed27.json
[size_order] per-cell held: s9N1=1.00  s9N2=0.50  s9N3=0.00  s13N1=1.00  s13N2=1.00  s13N3=0.62  s17N1=1.00  s17N2=1.00  s17N3=0.50
