[grader] train=90 layouts  held-out=36 layouts
objc[23388]: Class SDLApplication is implemented in both /Users/linmuyi/miniconda3/envs/llm_gs/lib/python3.9/site-packages/pygame/.dylibs/libSDL2-2.0.0.dylib (0x1069612c8) and /Users/linmuyi/miniconda3/envs/llm_gs/lib/python3.9/site-packages/cv2/.dylibs/libSDL2-2.0.0.dylib (0x31f410890). This may cause spurious casting failures and mysterious crashes. One of the duplicates must be removed or renamed.
objc[23388]: Class SDLAppDelegate is implemented in both /Users/linmuyi/miniconda3/envs/llm_gs/lib/python3.9/site-packages/pygame/.dylibs/libSDL2-2.0.0.dylib (0x106961318) and /Users/linmuyi/miniconda3/envs/llm_gs/lib/python3.9/site-packages/cv2/.dylibs/libSDL2-2.0.0.dylib (0x31f4108e0). This may cause spurious casting failures and mysterious crashes. One of the duplicates must be removed or renamed.
objc[23388]: Class SDLTranslatorResponder is implemented in both /Users/linmuyi/miniconda3/envs/llm_gs/lib/python3.9/site-packages/pygame/.dylibs/libSDL2-2.0.0.dylib (0x106961390) and /Users/linmuyi/miniconda3/envs/llm_gs/lib/python3.9/site-packages/cv2/.dylibs/libSDL2-2.0.0.dylib (0x31f410958). This may cause spurious casting failures and mysterious crashes. One of the duplicates must be removed or renamed.
objc[23388]: Class SDLMessageBoxPresenter is implemented in both /Users/linmuyi/miniconda3/envs/llm_gs/lib/python3.9/site-packages/pygame/.dylibs/libSDL2-2.0.0.dylib (0x1069613b8) and /Users/linmuyi/miniconda3/envs/llm_gs/lib/python3.9/site-packages/cv2/.dylibs/libSDL2-2.0.0.dylib (0x31f410980). This may cause spurious casting failures and mysterious crashes. One of the duplicates must be removed or renamed.
objc[23388]: Class SDL_cocoametalview is implemented in both /Users/linmuyi/miniconda3/envs/llm_gs/lib/python3.9/site-packages/pygame/.dylibs/libSDL2-2.0.0.dylib (0x106961408) and /Users/linmuyi/miniconda3/envs/llm_gs/lib/python3.9/site-packages/cv2/.dylibs/libSDL2-2.0.0.dylib (0x31f4109d0). This may cause spurious casting failures and mysterious crashes. One of the duplicates must be removed or renamed.
objc[23388]: Class SDLOpenGLContext is implemented in both /Users/linmuyi/miniconda3/envs/llm_gs/lib/python3.9/site-packages/pygame/.dylibs/libSDL2-2.0.0.dylib (0x106961458) and /Users/linmuyi/miniconda3/envs/llm_gs/lib/python3.9/site-packages/cv2/.dylibs/libSDL2-2.0.0.dylib (0x31f410a20). This may cause spurious casting failures and mysterious crashes. One of the duplicates must be removed or renamed.
objc[23388]: Class SDL_ShapeData is implemented in both /Users/linmuyi/miniconda3/envs/llm_gs/lib/python3.9/site-packages/pygame/.dylibs/libSDL2-2.0.0.dylib (0x1069614d0) and /Users/linmuyi/miniconda3/envs/llm_gs/lib/python3.9/site-packages/cv2/.dylibs/libSDL2-2.0.0.dylib (0x31f410a98). This may cause spurious casting failures and mysterious crashes. One of the duplicates must be removed or renamed.
objc[23388]: Class SDL_CocoaClosure is implemented in both /Users/linmuyi/miniconda3/envs/llm_gs/lib/python3.9/site-packages/pygame/.dylibs/libSDL2-2.0.0.dylib (0x106961520) and /Users/linmuyi/miniconda3/envs/llm_gs/lib/python3.9/site-packages/cv2/.dylibs/libSDL2-2.0.0.dylib (0x31f410ae8). This may cause spurious casting failures and mysterious crashes. One of the duplicates must be removed or renamed.
objc[23388]: Class SDL_VideoData is implemented in both /Users/linmuyi/miniconda3/envs/llm_gs/lib/python3.9/site-packages/pygame/.dylibs/libSDL2-2.0.0.dylib (0x106961570) and /Users/linmuyi/miniconda3/envs/llm_gs/lib/python3.9/site-packages/cv2/.dylibs/libSDL2-2.0.0.dylib (0x31f410b38). This may cause spurious casting failures and mysterious crashes. One of the duplicates must be removed or renamed.
objc[23388]: Class SDL_WindowData is implemented in both /Users/linmuyi/miniconda3/envs/llm_gs/lib/python3.9/site-packages/pygame/.dylibs/libSDL2-2.0.0.dylib (0x1069615c0) and /Users/linmuyi/miniconda3/envs/llm_gs/lib/python3.9/site-packages/cv2/.dylibs/libSDL2-2.0.0.dylib (0x31f410b88). This may cause spurious casting failures and mysterious crashes. One of the duplicates must be removed or renamed.
objc[23388]: Class SDLWindow is implemented in both /Users/linmuyi/miniconda3/envs/llm_gs/lib/python3.9/site-packages/pygame/.dylibs/libSDL2-2.0.0.dylib (0x1069615e8) and /Users/linmuyi/miniconda3/envs/llm_gs/lib/python3.9/site-packages/cv2/.dylibs/libSDL2-2.0.0.dylib (0x31f410bb0). This may cause spurious casting failures and mysterious crashes. One of the duplicates must be removed or renamed.
objc[23388]: Class Cocoa_WindowListener is implemented in both /Users/linmuyi/miniconda3/envs/llm_gs/lib/python3.9/site-packages/pygame/.dylibs/libSDL2-2.0.0.dylib (0x106961610) and /Users/linmuyi/miniconda3/envs/llm_gs/lib/python3.9/site-packages/cv2/.dylibs/libSDL2-2.0.0.dylib (0x31f410bd8). This may cause spurious casting failures and mysterious crashes. One of the duplicates must be removed or renamed.
objc[23388]: Class SDLView is implemented in both /Users/linmuyi/miniconda3/envs/llm_gs/lib/python3.9/site-packages/pygame/.dylibs/libSDL2-2.0.0.dylib (0x106961688) and /Users/linmuyi/miniconda3/envs/llm_gs/lib/python3.9/site-packages/cv2/.dylibs/libSDL2-2.0.0.dylib (0x31f410c50). This may cause spurious casting failures and mysterious crashes. One of the duplicates must be removed or renamed.
objc[23388]: Class METAL_RenderData is implemented in both /Users/linmuyi/miniconda3/envs/llm_gs/lib/python3.9/site-packages/pygame/.dylibs/libSDL2-2.0.0.dylib (0x106961700) and /Users/linmuyi/miniconda3/envs/llm_gs/lib/python3.9/site-packages/cv2/.dylibs/libSDL2-2.0.0.dylib (0x31f410cc8). This may cause spurious casting failures and mysterious crashes. One of the duplicates must be removed or renamed.
objc[23388]: Class METAL_TextureData is implemented in both /Users/linmuyi/miniconda3/envs/llm_gs/lib/python3.9/site-packages/pygame/.dylibs/libSDL2-2.0.0.dylib (0x106961750) and /Users/linmuyi/miniconda3/envs/llm_gs/lib/python3.9/site-packages/cv2/.dylibs/libSDL2-2.0.0.dylib (0x31f410d18). This may cause spurious casting failures and mysterious crashes. One of the duplicates must be removed or renamed.
objc[23388]: Class SDL_RumbleMotor is implemented in both /Users/linmuyi/miniconda3/envs/llm_gs/lib/python3.9/site-packages/pygame/.dylibs/libSDL2-2.0.0.dylib (0x106961778) and /Users/linmuyi/miniconda3/envs/llm_gs/lib/python3.9/site-packages/cv2/.dylibs/libSDL2-2.0.0.dylib (0x31f410d40). This may cause spurious casting failures and mysterious crashes. One of the duplicates must be removed or renamed.
objc[23388]: Class SDL_RumbleContext is implemented in both /Users/linmuyi/miniconda3/envs/llm_gs/lib/python3.9/site-packages/pygame/.dylibs/libSDL2-2.0.0.dylib (0x1069617c8) and /Users/linmuyi/miniconda3/envs/llm_gs/lib/python3.9/site-packages/cv2/.dylibs/libSDL2-2.0.0.dylib (0x31f410d90). This may cause spurious casting failures and mysterious crashes. One of the duplicates must be removed or renamed.
[grader] 1500000 steps, 30 checkpoints, curriculum

  steps=  50000  held=0.00  gate=0.00  bins=1/3  active= 30  (39s)
  steps= 100000  held=0.00  gate=0.00  bins=1/3  active= 30  (82s)
  steps= 150000  held=0.00  gate=0.00  bins=1/3  active= 30  (132s)
  steps= 200000  held=0.00  gate=0.00  bins=1/3  active= 30  (179s)
  steps= 250000  held=0.00  gate=0.00  bins=1/3  active= 30  (226s)
  steps= 300000  held=0.00  gate=0.01  bins=1/3  active= 30  (281s)
  steps= 350000  held=0.00  gate=0.00  bins=1/3  active= 30  (343s)
  steps= 400000  held=0.00  gate=0.00  bins=2/3  active= 60  [UNLOCK:deadline]  (401s)
  steps= 450000  held=0.00  gate=0.00  bins=2/3  active= 60  (449s)
  steps= 500000  held=0.00  gate=0.00  bins=2/3  active= 60  (508s)
  steps= 550000  held=0.00  gate=0.00  bins=2/3  active= 60  (567s)
  steps= 600000  held=0.00  gate=0.00  bins=2/3  active= 60  (632s)
  steps= 650000  held=0.00  gate=0.00  bins=2/3  active= 60  (693s)
  steps= 700000  held=0.00  gate=0.00  bins=2/3  active= 60  (725s)
  steps= 750000  held=0.12  gate=0.10  bins=2/3  active= 60  (761s)
  steps= 800000  held=0.06  gate=0.04  bins=3/3  active= 90  [UNLOCK:deadline]  (817s)
  steps= 850000  held=0.00  gate=0.00  bins=3/3  active= 90  (869s)
  steps= 900000  held=0.00  gate=0.00  bins=3/3  active= 90  (916s)
  steps= 950000  held=0.10  gate=0.10  bins=3/3  active= 90  (946s)
  steps=1000000  held=0.01  gate=0.01  bins=3/3  active= 90  (992s)
  steps=1050000  held=0.04  gate=0.04  bins=3/3  active= 90  (1040s)
  steps=1100000  held=0.00  gate=0.00  bins=3/3  active= 90  (1076s)
  steps=1150000  held=0.00  gate=0.00  bins=3/3  active= 90  (1110s)
  steps=1200000  held=0.00  gate=0.00  bins=3/3  active= 90  (1147s)
  steps=1250000  held=0.00  gate=0.00  bins=3/3  active= 90  (1185s)
  steps=1300000  held=0.01  gate=0.01  bins=3/3  active= 90  (1224s)
  steps=1350000  held=0.00  gate=0.00  bins=3/3  active= 90  (1273s)
  steps=1400000  held=0.00  gate=0.00  bins=3/3  active= 90  (1324s)
  steps=1450000  held=0.00  gate=0.00  bins=3/3  active= 90  (1368s)
  steps=1500000  held=0.00  gate=0.00  bins=3/3  active= 90  (1419s)

[grader] DONE  final held=0.00  steps_to_0.3=NOT REACHED  wall=1419s  -> grader_seed2.json
[grader] per-cell held: s9N1=0.00  s9N2=0.00  s9N3=0.00  s13N1=0.00  s13N2=0.00  s13N3=0.00  s17N1=0.00  s17N2=0.00  s17N3=0.00
