[size_order] train=90 layouts  held-out=36 layouts
objc[56599]: Class SDLApplication is implemented in both /Users/linmuyi/miniconda3/envs/llm_gs/lib/python3.9/site-packages/pygame/.dylibs/libSDL2-2.0.0.dylib (0x1074252c8) and /Users/linmuyi/miniconda3/envs/llm_gs/lib/python3.9/site-packages/cv2/.dylibs/libSDL2-2.0.0.dylib (0x13256c890). This may cause spurious casting failures and mysterious crashes. One of the duplicates must be removed or renamed.
objc[56599]: Class SDLAppDelegate is implemented in both /Users/linmuyi/miniconda3/envs/llm_gs/lib/python3.9/site-packages/pygame/.dylibs/libSDL2-2.0.0.dylib (0x107425318) and /Users/linmuyi/miniconda3/envs/llm_gs/lib/python3.9/site-packages/cv2/.dylibs/libSDL2-2.0.0.dylib (0x13256c8e0). This may cause spurious casting failures and mysterious crashes. One of the duplicates must be removed or renamed.
objc[56599]: Class SDLTranslatorResponder is implemented in both /Users/linmuyi/miniconda3/envs/llm_gs/lib/python3.9/site-packages/pygame/.dylibs/libSDL2-2.0.0.dylib (0x107425390) and /Users/linmuyi/miniconda3/envs/llm_gs/lib/python3.9/site-packages/cv2/.dylibs/libSDL2-2.0.0.dylib (0x13256c958). This may cause spurious casting failures and mysterious crashes. One of the duplicates must be removed or renamed.
objc[56599]: Class SDLMessageBoxPresenter is implemented in both /Users/linmuyi/miniconda3/envs/llm_gs/lib/python3.9/site-packages/pygame/.dylibs/libSDL2-2.0.0.dylib (0x1074253b8) and /Users/linmuyi/miniconda3/envs/llm_gs/lib/python3.9/site-packages/cv2/.dylibs/libSDL2-2.0.0.dylib (0x13256c980). This may cause spurious casting failures and mysterious crashes. One of the duplicates must be removed or renamed.
objc[56599]: Class SDL_cocoametalview is implemented in both /Users/linmuyi/miniconda3/envs/llm_gs/lib/python3.9/site-packages/pygame/.dylibs/libSDL2-2.0.0.dylib (0x107425408) and /Users/linmuyi/miniconda3/envs/llm_gs/lib/python3.9/site-packages/cv2/.dylibs/libSDL2-2.0.0.dylib (0x13256c9d0). This may cause spurious casting failures and mysterious crashes. One of the duplicates must be removed or renamed.
objc[56599]: Class SDLOpenGLContext is implemented in both /Users/linmuyi/miniconda3/envs/llm_gs/lib/python3.9/site-packages/pygame/.dylibs/libSDL2-2.0.0.dylib (0x107425458) and /Users/linmuyi/miniconda3/envs/llm_gs/lib/python3.9/site-packages/cv2/.dylibs/libSDL2-2.0.0.dylib (0x13256ca20). This may cause spurious casting failures and mysterious crashes. One of the duplicates must be removed or renamed.
objc[56599]: Class SDL_ShapeData is implemented in both /Users/linmuyi/miniconda3/envs/llm_gs/lib/python3.9/site-packages/pygame/.dylibs/libSDL2-2.0.0.dylib (0x1074254d0) and /Users/linmuyi/miniconda3/envs/llm_gs/lib/python3.9/site-packages/cv2/.dylibs/libSDL2-2.0.0.dylib (0x13256ca98). This may cause spurious casting failures and mysterious crashes. One of the duplicates must be removed or renamed.
objc[56599]: Class SDL_CocoaClosure is implemented in both /Users/linmuyi/miniconda3/envs/llm_gs/lib/python3.9/site-packages/pygame/.dylibs/libSDL2-2.0.0.dylib (0x107425520) and /Users/linmuyi/miniconda3/envs/llm_gs/lib/python3.9/site-packages/cv2/.dylibs/libSDL2-2.0.0.dylib (0x13256cae8). This may cause spurious casting failures and mysterious crashes. One of the duplicates must be removed or renamed.
objc[56599]: Class SDL_VideoData is implemented in both /Users/linmuyi/miniconda3/envs/llm_gs/lib/python3.9/site-packages/pygame/.dylibs/libSDL2-2.0.0.dylib (0x107425570) and /Users/linmuyi/miniconda3/envs/llm_gs/lib/python3.9/site-packages/cv2/.dylibs/libSDL2-2.0.0.dylib (0x13256cb38). This may cause spurious casting failures and mysterious crashes. One of the duplicates must be removed or renamed.
objc[56599]: Class SDL_WindowData is implemented in both /Users/linmuyi/miniconda3/envs/llm_gs/lib/python3.9/site-packages/pygame/.dylibs/libSDL2-2.0.0.dylib (0x1074255c0) and /Users/linmuyi/miniconda3/envs/llm_gs/lib/python3.9/site-packages/cv2/.dylibs/libSDL2-2.0.0.dylib (0x13256cb88). This may cause spurious casting failures and mysterious crashes. One of the duplicates must be removed or renamed.
objc[56599]: Class SDLWindow is implemented in both /Users/linmuyi/miniconda3/envs/llm_gs/lib/python3.9/site-packages/pygame/.dylibs/libSDL2-2.0.0.dylib (0x1074255e8) and /Users/linmuyi/miniconda3/envs/llm_gs/lib/python3.9/site-packages/cv2/.dylibs/libSDL2-2.0.0.dylib (0x13256cbb0). This may cause spurious casting failures and mysterious crashes. One of the duplicates must be removed or renamed.
objc[56599]: Class Cocoa_WindowListener is implemented in both /Users/linmuyi/miniconda3/envs/llm_gs/lib/python3.9/site-packages/pygame/.dylibs/libSDL2-2.0.0.dylib (0x107425610) and /Users/linmuyi/miniconda3/envs/llm_gs/lib/python3.9/site-packages/cv2/.dylibs/libSDL2-2.0.0.dylib (0x13256cbd8). This may cause spurious casting failures and mysterious crashes. One of the duplicates must be removed or renamed.
objc[56599]: Class SDLView is implemented in both /Users/linmuyi/miniconda3/envs/llm_gs/lib/python3.9/site-packages/pygame/.dylibs/libSDL2-2.0.0.dylib (0x107425688) and /Users/linmuyi/miniconda3/envs/llm_gs/lib/python3.9/site-packages/cv2/.dylibs/libSDL2-2.0.0.dylib (0x13256cc50). This may cause spurious casting failures and mysterious crashes. One of the duplicates must be removed or renamed.
objc[56599]: Class METAL_RenderData is implemented in both /Users/linmuyi/miniconda3/envs/llm_gs/lib/python3.9/site-packages/pygame/.dylibs/libSDL2-2.0.0.dylib (0x107425700) and /Users/linmuyi/miniconda3/envs/llm_gs/lib/python3.9/site-packages/cv2/.dylibs/libSDL2-2.0.0.dylib (0x13256ccc8). This may cause spurious casting failures and mysterious crashes. One of the duplicates must be removed or renamed.
objc[56599]: Class METAL_TextureData is implemented in both /Users/linmuyi/miniconda3/envs/llm_gs/lib/python3.9/site-packages/pygame/.dylibs/libSDL2-2.0.0.dylib (0x107425750) and /Users/linmuyi/miniconda3/envs/llm_gs/lib/python3.9/site-packages/cv2/.dylibs/libSDL2-2.0.0.dylib (0x13256cd18). This may cause spurious casting failures and mysterious crashes. One of the duplicates must be removed or renamed.
objc[56599]: Class SDL_RumbleMotor is implemented in both /Users/linmuyi/miniconda3/envs/llm_gs/lib/python3.9/site-packages/pygame/.dylibs/libSDL2-2.0.0.dylib (0x107425778) and /Users/linmuyi/miniconda3/envs/llm_gs/lib/python3.9/site-packages/cv2/.dylibs/libSDL2-2.0.0.dylib (0x13256cd40). This may cause spurious casting failures and mysterious crashes. One of the duplicates must be removed or renamed.
objc[56599]: Class SDL_RumbleContext is implemented in both /Users/linmuyi/miniconda3/envs/llm_gs/lib/python3.9/site-packages/pygame/.dylibs/libSDL2-2.0.0.dylib (0x1074257c8) and /Users/linmuyi/miniconda3/envs/llm_gs/lib/python3.9/site-packages/cv2/.dylibs/libSDL2-2.0.0.dylib (0x13256cd90). This may cause spurious casting failures and mysterious crashes. One of the duplicates must be removed or renamed.
[size_order] 1500000 steps, 30 checkpoints, curriculum

  steps=  50000  held=0.01  gate=0.03  bins=1/3  active= 30  (32s)
  steps= 100000  held=0.00  gate=0.01  bins=1/3  active= 30  (65s)
  steps= 150000  held=0.00  gate=0.01  bins=1/3  active= 30  (97s)
  steps= 200000  held=0.03  gate=0.06  bins=1/3  active= 30  (123s)
  steps= 250000  held=0.02  gate=0.15  bins=1/3  active= 30  (149s)
  steps= 300000  held=0.01  gate=0.15  bins=1/3  active= 30  (181s)
  steps= 350000  held=0.07  gate=0.29  bins=1/3  active= 30  (220s)
  steps= 400000  held=0.08  gate=0.17  bins=2/3  active= 60  [UNLOCK:deadline]  (261s)
  steps= 450000  held=0.04  gate=0.12  bins=2/3  active= 60  (295s)
  steps= 500000  held=0.00  gate=0.00  bins=2/3  active= 60  (344s)
  steps= 550000  held=0.10  gate=0.25  bins=2/3  active= 60  (383s)
  steps= 600000  held=0.05  gate=0.10  bins=2/3  active= 60  (421s)
  steps= 650000  held=0.08  gate=0.07  bins=2/3  active= 60  (468s)
  steps= 700000  held=0.06  gate=0.06  bins=2/3  active= 60  (507s)
  steps= 750000  held=0.11  gate=0.19  bins=2/3  active= 60  (547s)
  steps= 800000  held=0.12  gate=0.18  bins=3/3  active= 90  [UNLOCK:deadline]  (588s)
  steps= 850000  held=0.01  gate=0.01  bins=3/3  active= 90  (638s)
  steps= 900000  held=0.03  gate=0.03  bins=3/3  active= 90  (687s)
  steps= 950000  held=0.03  gate=0.03  bins=3/3  active= 90  (723s)
  steps=1000000  held=0.15  gate=0.15  bins=3/3  active= 90  (757s)
  steps=1050000  held=0.08  gate=0.08  bins=3/3  active= 90  (806s)
  steps=1100000  held=0.14  gate=0.14  bins=3/3  active= 90  (849s)
  steps=1150000  held=0.09  gate=0.09  bins=3/3  active= 90  (896s)
  steps=1200000  held=0.13  gate=0.13  bins=3/3  active= 90  (943s)
  steps=1250000  held=0.19  gate=0.19  bins=3/3  active= 90  (990s)
  steps=1300000  held=0.13  gate=0.13  bins=3/3  active= 90  (1040s)
  steps=1350000  held=0.28  gate=0.28  bins=3/3  active= 90  (1088s)
  steps=1400000  held=0.28  gate=0.28  bins=3/3  active= 90  (1134s)
  steps=1450000  held=0.31  gate=0.31  bins=3/3  active= 90  (1179s)
  steps=1500000  held=0.31  gate=0.31  bins=3/3  active= 90  (1222s)

[size_order] DONE  final held=0.31  steps_to_0.3=1,450,000  wall=1222s  -> size_order_seed25.json
[size_order] per-cell held: s9N1=0.31  s9N2=0.50  s9N3=0.00  s13N1=0.62  s13N2=0.12  s13N3=0.25  s17N1=0.25  s17N2=0.25  s17N3=0.44
