[size_order] train=90 layouts  held-out=36 layouts
objc[49234]: Class SDLApplication is implemented in both /Users/linmuyi/miniconda3/envs/llm_gs/lib/python3.9/site-packages/pygame/.dylibs/libSDL2-2.0.0.dylib (0x10914d2c8) and /Users/linmuyi/miniconda3/envs/llm_gs/lib/python3.9/site-packages/cv2/.dylibs/libSDL2-2.0.0.dylib (0x13b860890). This may cause spurious casting failures and mysterious crashes. One of the duplicates must be removed or renamed.
objc[49234]: Class SDLAppDelegate is implemented in both /Users/linmuyi/miniconda3/envs/llm_gs/lib/python3.9/site-packages/pygame/.dylibs/libSDL2-2.0.0.dylib (0x10914d318) and /Users/linmuyi/miniconda3/envs/llm_gs/lib/python3.9/site-packages/cv2/.dylibs/libSDL2-2.0.0.dylib (0x13b8608e0). This may cause spurious casting failures and mysterious crashes. One of the duplicates must be removed or renamed.
objc[49234]: Class SDLTranslatorResponder is implemented in both /Users/linmuyi/miniconda3/envs/llm_gs/lib/python3.9/site-packages/pygame/.dylibs/libSDL2-2.0.0.dylib (0x10914d390) and /Users/linmuyi/miniconda3/envs/llm_gs/lib/python3.9/site-packages/cv2/.dylibs/libSDL2-2.0.0.dylib (0x13b860958). This may cause spurious casting failures and mysterious crashes. One of the duplicates must be removed or renamed.
objc[49234]: Class SDLMessageBoxPresenter is implemented in both /Users/linmuyi/miniconda3/envs/llm_gs/lib/python3.9/site-packages/pygame/.dylibs/libSDL2-2.0.0.dylib (0x10914d3b8) and /Users/linmuyi/miniconda3/envs/llm_gs/lib/python3.9/site-packages/cv2/.dylibs/libSDL2-2.0.0.dylib (0x13b860980). This may cause spurious casting failures and mysterious crashes. One of the duplicates must be removed or renamed.
objc[49234]: Class SDL_cocoametalview is implemented in both /Users/linmuyi/miniconda3/envs/llm_gs/lib/python3.9/site-packages/pygame/.dylibs/libSDL2-2.0.0.dylib (0x10914d408) and /Users/linmuyi/miniconda3/envs/llm_gs/lib/python3.9/site-packages/cv2/.dylibs/libSDL2-2.0.0.dylib (0x13b8609d0). This may cause spurious casting failures and mysterious crashes. One of the duplicates must be removed or renamed.
objc[49234]: Class SDLOpenGLContext is implemented in both /Users/linmuyi/miniconda3/envs/llm_gs/lib/python3.9/site-packages/pygame/.dylibs/libSDL2-2.0.0.dylib (0x10914d458) and /Users/linmuyi/miniconda3/envs/llm_gs/lib/python3.9/site-packages/cv2/.dylibs/libSDL2-2.0.0.dylib (0x13b860a20). This may cause spurious casting failures and mysterious crashes. One of the duplicates must be removed or renamed.
objc[49234]: Class SDL_ShapeData is implemented in both /Users/linmuyi/miniconda3/envs/llm_gs/lib/python3.9/site-packages/pygame/.dylibs/libSDL2-2.0.0.dylib (0x10914d4d0) and /Users/linmuyi/miniconda3/envs/llm_gs/lib/python3.9/site-packages/cv2/.dylibs/libSDL2-2.0.0.dylib (0x13b860a98). This may cause spurious casting failures and mysterious crashes. One of the duplicates must be removed or renamed.
objc[49234]: Class SDL_CocoaClosure is implemented in both /Users/linmuyi/miniconda3/envs/llm_gs/lib/python3.9/site-packages/pygame/.dylibs/libSDL2-2.0.0.dylib (0x10914d520) and /Users/linmuyi/miniconda3/envs/llm_gs/lib/python3.9/site-packages/cv2/.dylibs/libSDL2-2.0.0.dylib (0x13b860ae8). This may cause spurious casting failures and mysterious crashes. One of the duplicates must be removed or renamed.
objc[49234]: Class SDL_VideoData is implemented in both /Users/linmuyi/miniconda3/envs/llm_gs/lib/python3.9/site-packages/pygame/.dylibs/libSDL2-2.0.0.dylib (0x10914d570) and /Users/linmuyi/miniconda3/envs/llm_gs/lib/python3.9/site-packages/cv2/.dylibs/libSDL2-2.0.0.dylib (0x13b860b38). This may cause spurious casting failures and mysterious crashes. One of the duplicates must be removed or renamed.
objc[49234]: Class SDL_WindowData is implemented in both /Users/linmuyi/miniconda3/envs/llm_gs/lib/python3.9/site-packages/pygame/.dylibs/libSDL2-2.0.0.dylib (0x10914d5c0) and /Users/linmuyi/miniconda3/envs/llm_gs/lib/python3.9/site-packages/cv2/.dylibs/libSDL2-2.0.0.dylib (0x13b860b88). This may cause spurious casting failures and mysterious crashes. One of the duplicates must be removed or renamed.
objc[49234]: Class SDLWindow is implemented in both /Users/linmuyi/miniconda3/envs/llm_gs/lib/python3.9/site-packages/pygame/.dylibs/libSDL2-2.0.0.dylib (0x10914d5e8) and /Users/linmuyi/miniconda3/envs/llm_gs/lib/python3.9/site-packages/cv2/.dylibs/libSDL2-2.0.0.dylib (0x13b860bb0). This may cause spurious casting failures and mysterious crashes. One of the duplicates must be removed or renamed.
objc[49234]: Class Cocoa_WindowListener is implemented in both /Users/linmuyi/miniconda3/envs/llm_gs/lib/python3.9/site-packages/pygame/.dylibs/libSDL2-2.0.0.dylib (0x10914d610) and /Users/linmuyi/miniconda3/envs/llm_gs/lib/python3.9/site-packages/cv2/.dylibs/libSDL2-2.0.0.dylib (0x13b860bd8). This may cause spurious casting failures and mysterious crashes. One of the duplicates must be removed or renamed.
objc[49234]: Class SDLView is implemented in both /Users/linmuyi/miniconda3/envs/llm_gs/lib/python3.9/site-packages/pygame/.dylibs/libSDL2-2.0.0.dylib (0x10914d688) and /Users/linmuyi/miniconda3/envs/llm_gs/lib/python3.9/site-packages/cv2/.dylibs/libSDL2-2.0.0.dylib (0x13b860c50). This may cause spurious casting failures and mysterious crashes. One of the duplicates must be removed or renamed.
objc[49234]: Class METAL_RenderData is implemented in both /Users/linmuyi/miniconda3/envs/llm_gs/lib/python3.9/site-packages/pygame/.dylibs/libSDL2-2.0.0.dylib (0x10914d700) and /Users/linmuyi/miniconda3/envs/llm_gs/lib/python3.9/site-packages/cv2/.dylibs/libSDL2-2.0.0.dylib (0x13b860cc8). This may cause spurious casting failures and mysterious crashes. One of the duplicates must be removed or renamed.
objc[49234]: Class METAL_TextureData is implemented in both /Users/linmuyi/miniconda3/envs/llm_gs/lib/python3.9/site-packages/pygame/.dylibs/libSDL2-2.0.0.dylib (0x10914d750) and /Users/linmuyi/miniconda3/envs/llm_gs/lib/python3.9/site-packages/cv2/.dylibs/libSDL2-2.0.0.dylib (0x13b860d18). This may cause spurious casting failures and mysterious crashes. One of the duplicates must be removed or renamed.
objc[49234]: Class SDL_RumbleMotor is implemented in both /Users/linmuyi/miniconda3/envs/llm_gs/lib/python3.9/site-packages/pygame/.dylibs/libSDL2-2.0.0.dylib (0x10914d778) and /Users/linmuyi/miniconda3/envs/llm_gs/lib/python3.9/site-packages/cv2/.dylibs/libSDL2-2.0.0.dylib (0x13b860d40). This may cause spurious casting failures and mysterious crashes. One of the duplicates must be removed or renamed.
objc[49234]: Class SDL_RumbleContext is implemented in both /Users/linmuyi/miniconda3/envs/llm_gs/lib/python3.9/site-packages/pygame/.dylibs/libSDL2-2.0.0.dylib (0x10914d7c8) and /Users/linmuyi/miniconda3/envs/llm_gs/lib/python3.9/site-packages/cv2/.dylibs/libSDL2-2.0.0.dylib (0x13b860d90). This may cause spurious casting failures and mysterious crashes. One of the duplicates must be removed or renamed.
[size_order] 1500000 steps, 30 checkpoints, curriculum

  steps=  50000  held=0.12  gate=0.32  bins=1/3  active= 30  (28s)
  steps= 100000  held=0.05  gate=0.06  bins=1/3  active= 30  (78s)
  steps= 150000  held=0.14  gate=0.28  bins=1/3  active= 30  (123s)
  steps= 200000  held=0.14  gate=0.22  bins=1/3  active= 30  (172s)
  steps= 250000  held=0.03  gate=0.18  bins=1/3  active= 30  (221s)
  steps= 300000  held=0.12  gate=0.32  bins=1/3  active= 30  (266s)
  steps= 350000  held=0.10  gate=0.36  bins=1/3  active= 30  (322s)
  steps= 400000  held=0.24  gate=0.33  bins=2/3  active= 60  [UNLOCK:deadline]  (374s)
  steps= 450000  held=0.17  gate=0.10  bins=2/3  active= 60  (432s)
  steps= 500000  held=0.29  gate=0.47  bins=2/3  active= 60  (481s)
  steps= 550000  held=0.47  gate=0.42  bins=2/3  active= 60  (529s)
  steps= 600000  held=0.22  gate=0.28  bins=2/3  active= 60  (583s)
  steps= 650000  held=0.20  gate=0.28  bins=2/3  active= 60  (639s)
  steps= 700000  held=0.35  gate=0.36  bins=2/3  active= 60  (678s)
  steps= 750000  held=0.51  gate=0.57  bins=3/3  active= 90  [UNLOCK:gate]  (721s)
  steps= 800000  held=0.35  gate=0.35  bins=3/3  active= 90  (752s)
  steps= 850000  held=0.12  gate=0.12  bins=3/3  active= 90  (804s)
  steps= 900000  held=0.15  gate=0.15  bins=3/3  active= 90  (837s)
  steps= 950000  held=0.42  gate=0.42  bins=3/3  active= 90  (878s)
  steps=1000000  held=0.17  gate=0.17  bins=3/3  active= 90  (926s)
  steps=1050000  held=0.36  gate=0.36  bins=3/3  active= 90  (968s)
  steps=1100000  held=0.49  gate=0.49  bins=3/3  active= 90  (1007s)
  steps=1150000  held=0.46  gate=0.46  bins=3/3  active= 90  (1050s)
  steps=1200000  held=0.29  gate=0.29  bins=3/3  active= 90  (1091s)
  steps=1250000  held=0.36  gate=0.36  bins=3/3  active= 90  (1135s)
  steps=1300000  held=0.21  gate=0.21  bins=3/3  active= 90  (1187s)
  steps=1350000  held=0.58  gate=0.58  bins=3/3  active= 90  (1259s)
  steps=1400000  held=0.53  gate=0.53  bins=3/3  active= 90  (1334s)
  steps=1450000  held=0.54  gate=0.54  bins=3/3  active= 90  (1406s)
  steps=1500000  held=0.39  gate=0.39  bins=3/3  active= 90  (1484s)

[size_order] DONE  final held=0.39  steps_to_0.3=550,000  wall=1484s  -> size_order_seed18.json
[size_order] per-cell held: s9N1=0.69  s9N2=0.25  s9N3=0.00  s13N1=0.81  s13N2=0.50  s13N3=0.25  s17N1=0.44  s17N2=0.25  s17N3=0.31
