[grader] train=90 layouts  held-out=36 layouts
objc[27926]: Class SDLApplication is implemented in both /Users/linmuyi/miniconda3/envs/llm_gs/lib/python3.9/site-packages/pygame/.dylibs/libSDL2-2.0.0.dylib (0x1028312c8) and /Users/linmuyi/miniconda3/envs/llm_gs/lib/python3.9/site-packages/cv2/.dylibs/libSDL2-2.0.0.dylib (0x14ada0890). This may cause spurious casting failures and mysterious crashes. One of the duplicates must be removed or renamed.
objc[27926]: Class SDLAppDelegate is implemented in both /Users/linmuyi/miniconda3/envs/llm_gs/lib/python3.9/site-packages/pygame/.dylibs/libSDL2-2.0.0.dylib (0x102831318) and /Users/linmuyi/miniconda3/envs/llm_gs/lib/python3.9/site-packages/cv2/.dylibs/libSDL2-2.0.0.dylib (0x14ada08e0). This may cause spurious casting failures and mysterious crashes. One of the duplicates must be removed or renamed.
objc[27926]: Class SDLTranslatorResponder is implemented in both /Users/linmuyi/miniconda3/envs/llm_gs/lib/python3.9/site-packages/pygame/.dylibs/libSDL2-2.0.0.dylib (0x102831390) and /Users/linmuyi/miniconda3/envs/llm_gs/lib/python3.9/site-packages/cv2/.dylibs/libSDL2-2.0.0.dylib (0x14ada0958). This may cause spurious casting failures and mysterious crashes. One of the duplicates must be removed or renamed.
objc[27926]: Class SDLMessageBoxPresenter is implemented in both /Users/linmuyi/miniconda3/envs/llm_gs/lib/python3.9/site-packages/pygame/.dylibs/libSDL2-2.0.0.dylib (0x1028313b8) and /Users/linmuyi/miniconda3/envs/llm_gs/lib/python3.9/site-packages/cv2/.dylibs/libSDL2-2.0.0.dylib (0x14ada0980). This may cause spurious casting failures and mysterious crashes. One of the duplicates must be removed or renamed.
objc[27926]: Class SDL_cocoametalview is implemented in both /Users/linmuyi/miniconda3/envs/llm_gs/lib/python3.9/site-packages/pygame/.dylibs/libSDL2-2.0.0.dylib (0x102831408) and /Users/linmuyi/miniconda3/envs/llm_gs/lib/python3.9/site-packages/cv2/.dylibs/libSDL2-2.0.0.dylib (0x14ada09d0). This may cause spurious casting failures and mysterious crashes. One of the duplicates must be removed or renamed.
objc[27926]: Class SDLOpenGLContext is implemented in both /Users/linmuyi/miniconda3/envs/llm_gs/lib/python3.9/site-packages/pygame/.dylibs/libSDL2-2.0.0.dylib (0x102831458) and /Users/linmuyi/miniconda3/envs/llm_gs/lib/python3.9/site-packages/cv2/.dylibs/libSDL2-2.0.0.dylib (0x14ada0a20). This may cause spurious casting failures and mysterious crashes. One of the duplicates must be removed or renamed.
objc[27926]: Class SDL_ShapeData is implemented in both /Users/linmuyi/miniconda3/envs/llm_gs/lib/python3.9/site-packages/pygame/.dylibs/libSDL2-2.0.0.dylib (0x1028314d0) and /Users/linmuyi/miniconda3/envs/llm_gs/lib/python3.9/site-packages/cv2/.dylibs/libSDL2-2.0.0.dylib (0x14ada0a98). This may cause spurious casting failures and mysterious crashes. One of the duplicates must be removed or renamed.
objc[27926]: Class SDL_CocoaClosure is implemented in both /Users/linmuyi/miniconda3/envs/llm_gs/lib/python3.9/site-packages/pygame/.dylibs/libSDL2-2.0.0.dylib (0x102831520) and /Users/linmuyi/miniconda3/envs/llm_gs/lib/python3.9/site-packages/cv2/.dylibs/libSDL2-2.0.0.dylib (0x14ada0ae8). This may cause spurious casting failures and mysterious crashes. One of the duplicates must be removed or renamed.
objc[27926]: Class SDL_VideoData is implemented in both /Users/linmuyi/miniconda3/envs/llm_gs/lib/python3.9/site-packages/pygame/.dylibs/libSDL2-2.0.0.dylib (0x102831570) and /Users/linmuyi/miniconda3/envs/llm_gs/lib/python3.9/site-packages/cv2/.dylibs/libSDL2-2.0.0.dylib (0x14ada0b38). This may cause spurious casting failures and mysterious crashes. One of the duplicates must be removed or renamed.
objc[27926]: Class SDL_WindowData is implemented in both /Users/linmuyi/miniconda3/envs/llm_gs/lib/python3.9/site-packages/pygame/.dylibs/libSDL2-2.0.0.dylib (0x1028315c0) and /Users/linmuyi/miniconda3/envs/llm_gs/lib/python3.9/site-packages/cv2/.dylibs/libSDL2-2.0.0.dylib (0x14ada0b88). This may cause spurious casting failures and mysterious crashes. One of the duplicates must be removed or renamed.
objc[27926]: Class SDLWindow is implemented in both /Users/linmuyi/miniconda3/envs/llm_gs/lib/python3.9/site-packages/pygame/.dylibs/libSDL2-2.0.0.dylib (0x1028315e8) and /Users/linmuyi/miniconda3/envs/llm_gs/lib/python3.9/site-packages/cv2/.dylibs/libSDL2-2.0.0.dylib (0x14ada0bb0). This may cause spurious casting failures and mysterious crashes. One of the duplicates must be removed or renamed.
objc[27926]: Class Cocoa_WindowListener is implemented in both /Users/linmuyi/miniconda3/envs/llm_gs/lib/python3.9/site-packages/pygame/.dylibs/libSDL2-2.0.0.dylib (0x102831610) and /Users/linmuyi/miniconda3/envs/llm_gs/lib/python3.9/site-packages/cv2/.dylibs/libSDL2-2.0.0.dylib (0x14ada0bd8). This may cause spurious casting failures and mysterious crashes. One of the duplicates must be removed or renamed.
objc[27926]: Class SDLView is implemented in both /Users/linmuyi/miniconda3/envs/llm_gs/lib/python3.9/site-packages/pygame/.dylibs/libSDL2-2.0.0.dylib (0x102831688) and /Users/linmuyi/miniconda3/envs/llm_gs/lib/python3.9/site-packages/cv2/.dylibs/libSDL2-2.0.0.dylib (0x14ada0c50). This may cause spurious casting failures and mysterious crashes. One of the duplicates must be removed or renamed.
objc[27926]: Class METAL_RenderData is implemented in both /Users/linmuyi/miniconda3/envs/llm_gs/lib/python3.9/site-packages/pygame/.dylibs/libSDL2-2.0.0.dylib (0x102831700) and /Users/linmuyi/miniconda3/envs/llm_gs/lib/python3.9/site-packages/cv2/.dylibs/libSDL2-2.0.0.dylib (0x14ada0cc8). This may cause spurious casting failures and mysterious crashes. One of the duplicates must be removed or renamed.
objc[27926]: Class METAL_TextureData is implemented in both /Users/linmuyi/miniconda3/envs/llm_gs/lib/python3.9/site-packages/pygame/.dylibs/libSDL2-2.0.0.dylib (0x102831750) and /Users/linmuyi/miniconda3/envs/llm_gs/lib/python3.9/site-packages/cv2/.dylibs/libSDL2-2.0.0.dylib (0x14ada0d18). This may cause spurious casting failures and mysterious crashes. One of the duplicates must be removed or renamed.
objc[27926]: Class SDL_RumbleMotor is implemented in both /Users/linmuyi/miniconda3/envs/llm_gs/lib/python3.9/site-packages/pygame/.dylibs/libSDL2-2.0.0.dylib (0x102831778) and /Users/linmuyi/miniconda3/envs/llm_gs/lib/python3.9/site-packages/cv2/.dylibs/libSDL2-2.0.0.dylib (0x14ada0d40). This may cause spurious casting failures and mysterious crashes. One of the duplicates must be removed or renamed.
objc[27926]: Class SDL_RumbleContext is implemented in both /Users/linmuyi/miniconda3/envs/llm_gs/lib/python3.9/site-packages/pygame/.dylibs/libSDL2-2.0.0.dylib (0x1028317c8) and /Users/linmuyi/miniconda3/envs/llm_gs/lib/python3.9/site-packages/cv2/.dylibs/libSDL2-2.0.0.dylib (0x14ada0d90). This may cause spurious casting failures and mysterious crashes. One of the duplicates must be removed or renamed.
[grader] 1500000 steps, 30 checkpoints, curriculum

  steps=  50000  held=0.00  gate=0.00  bins=1/3  active= 30  (45s)
  steps= 100000  held=0.00  gate=0.00  bins=1/3  active= 30  (79s)
  steps= 150000  held=0.03  gate=0.08  bins=1/3  active= 30  (111s)
  steps= 200000  held=0.14  gate=0.10  bins=1/3  active= 30  (158s)
  steps= 250000  held=0.08  gate=0.24  bins=1/3  active= 30  (213s)
  steps= 300000  held=0.17  gate=0.33  bins=1/3  active= 30  (256s)
  steps= 350000  held=0.18  gate=0.46  bins=1/3  active= 30  (294s)
  steps= 400000  held=0.21  gate=0.57  bins=2/3  active= 60  [UNLOCK:gate]  (334s)
  steps= 450000  held=0.21  gate=0.25  bins=2/3  active= 60  (385s)
  steps= 500000  held=0.47  gate=0.51  bins=2/3  active= 60  (432s)
  steps= 550000  held=0.66  gate=0.72  bins=3/3  active= 90  [UNLOCK:gate]  (474s)
  steps= 600000  held=0.57  gate=0.57  bins=3/3  active= 90  (508s)
  steps= 650000  held=0.72  gate=0.72  bins=3/3  active= 90  (541s)
  steps= 700000  held=0.69  gate=0.69  bins=3/3  active= 90  (576s)
  steps= 750000  held=0.68  gate=0.68  bins=3/3  active= 90  (611s)
  steps= 800000  held=0.75  gate=0.75  bins=3/3  active= 90  (645s)
  steps= 850000  held=0.62  gate=0.62  bins=3/3  active= 90  (682s)
  steps= 900000  held=0.61  gate=0.61  bins=3/3  active= 90  (716s)
  steps= 950000  held=0.53  gate=0.53  bins=3/3  active= 90  (755s)
  steps=1000000  held=0.80  gate=0.80  bins=3/3  active= 90  (789s)
  steps=1050000  held=0.67  gate=0.67  bins=3/3  active= 90  (825s)
  steps=1100000  held=0.83  gate=0.83  bins=3/3  active= 90  (858s)
  steps=1150000  held=0.72  gate=0.72  bins=3/3  active= 90  (893s)
  steps=1200000  held=0.80  gate=0.80  bins=3/3  active= 90  (926s)
  steps=1250000  held=0.81  gate=0.81  bins=3/3  active= 90  (958s)
  steps=1300000  held=0.78  gate=0.78  bins=3/3  active= 90  (992s)
  steps=1350000  held=0.83  gate=0.83  bins=3/3  active= 90  (1025s)
  steps=1400000  held=0.76  gate=0.76  bins=3/3  active= 90  (1058s)
  steps=1450000  held=0.76  gate=0.76  bins=3/3  active= 90  (1090s)
  steps=1500000  held=0.81  gate=0.81  bins=3/3  active= 90  (1122s)

[grader] DONE  final held=0.81  steps_to_0.3=500,000  wall=1122s  -> grader_seed34.json
[grader] per-cell held: s9N1=0.81  s9N2=0.75  s9N3=0.12  s13N1=1.00  s13N2=1.00  s13N3=0.62  s17N1=1.00  s17N2=1.00  s17N3=1.00
