[grader] train=90 layouts  held-out=36 layouts
objc[10544]: Class SDLApplication is implemented in both /Users/linmuyi/miniconda3/envs/llm_gs/lib/python3.9/site-packages/pygame/.dylibs/libSDL2-2.0.0.dylib (0x104dd12c8) and /Users/linmuyi/miniconda3/envs/llm_gs/lib/python3.9/site-packages/cv2/.dylibs/libSDL2-2.0.0.dylib (0x16f688890). This may cause spurious casting failures and mysterious crashes. One of the duplicates must be removed or renamed.
objc[10544]: Class SDLAppDelegate is implemented in both /Users/linmuyi/miniconda3/envs/llm_gs/lib/python3.9/site-packages/pygame/.dylibs/libSDL2-2.0.0.dylib (0x104dd1318) and /Users/linmuyi/miniconda3/envs/llm_gs/lib/python3.9/site-packages/cv2/.dylibs/libSDL2-2.0.0.dylib (0x16f6888e0). This may cause spurious casting failures and mysterious crashes. One of the duplicates must be removed or renamed.
objc[10544]: Class SDLTranslatorResponder is implemented in both /Users/linmuyi/miniconda3/envs/llm_gs/lib/python3.9/site-packages/pygame/.dylibs/libSDL2-2.0.0.dylib (0x104dd1390) and /Users/linmuyi/miniconda3/envs/llm_gs/lib/python3.9/site-packages/cv2/.dylibs/libSDL2-2.0.0.dylib (0x16f688958). This may cause spurious casting failures and mysterious crashes. One of the duplicates must be removed or renamed.
objc[10544]: Class SDLMessageBoxPresenter is implemented in both /Users/linmuyi/miniconda3/envs/llm_gs/lib/python3.9/site-packages/pygame/.dylibs/libSDL2-2.0.0.dylib (0x104dd13b8) and /Users/linmuyi/miniconda3/envs/llm_gs/lib/python3.9/site-packages/cv2/.dylibs/libSDL2-2.0.0.dylib (0x16f688980). This may cause spurious casting failures and mysterious crashes. One of the duplicates must be removed or renamed.
objc[10544]: Class SDL_cocoametalview is implemented in both /Users/linmuyi/miniconda3/envs/llm_gs/lib/python3.9/site-packages/pygame/.dylibs/libSDL2-2.0.0.dylib (0x104dd1408) and /Users/linmuyi/miniconda3/envs/llm_gs/lib/python3.9/site-packages/cv2/.dylibs/libSDL2-2.0.0.dylib (0x16f6889d0). This may cause spurious casting failures and mysterious crashes. One of the duplicates must be removed or renamed.
objc[10544]: Class SDLOpenGLContext is implemented in both /Users/linmuyi/miniconda3/envs/llm_gs/lib/python3.9/site-packages/pygame/.dylibs/libSDL2-2.0.0.dylib (0x104dd1458) and /Users/linmuyi/miniconda3/envs/llm_gs/lib/python3.9/site-packages/cv2/.dylibs/libSDL2-2.0.0.dylib (0x16f688a20). This may cause spurious casting failures and mysterious crashes. One of the duplicates must be removed or renamed.
objc[10544]: Class SDL_ShapeData is implemented in both /Users/linmuyi/miniconda3/envs/llm_gs/lib/python3.9/site-packages/pygame/.dylibs/libSDL2-2.0.0.dylib (0x104dd14d0) and /Users/linmuyi/miniconda3/envs/llm_gs/lib/python3.9/site-packages/cv2/.dylibs/libSDL2-2.0.0.dylib (0x16f688a98). This may cause spurious casting failures and mysterious crashes. One of the duplicates must be removed or renamed.
objc[10544]: Class SDL_CocoaClosure is implemented in both /Users/linmuyi/miniconda3/envs/llm_gs/lib/python3.9/site-packages/pygame/.dylibs/libSDL2-2.0.0.dylib (0x104dd1520) and /Users/linmuyi/miniconda3/envs/llm_gs/lib/python3.9/site-packages/cv2/.dylibs/libSDL2-2.0.0.dylib (0x16f688ae8). This may cause spurious casting failures and mysterious crashes. One of the duplicates must be removed or renamed.
objc[10544]: Class SDL_VideoData is implemented in both /Users/linmuyi/miniconda3/envs/llm_gs/lib/python3.9/site-packages/pygame/.dylibs/libSDL2-2.0.0.dylib (0x104dd1570) and /Users/linmuyi/miniconda3/envs/llm_gs/lib/python3.9/site-packages/cv2/.dylibs/libSDL2-2.0.0.dylib (0x16f688b38). This may cause spurious casting failures and mysterious crashes. One of the duplicates must be removed or renamed.
objc[10544]: Class SDL_WindowData is implemented in both /Users/linmuyi/miniconda3/envs/llm_gs/lib/python3.9/site-packages/pygame/.dylibs/libSDL2-2.0.0.dylib (0x104dd15c0) and /Users/linmuyi/miniconda3/envs/llm_gs/lib/python3.9/site-packages/cv2/.dylibs/libSDL2-2.0.0.dylib (0x16f688b88). This may cause spurious casting failures and mysterious crashes. One of the duplicates must be removed or renamed.
objc[10544]: Class SDLWindow is implemented in both /Users/linmuyi/miniconda3/envs/llm_gs/lib/python3.9/site-packages/pygame/.dylibs/libSDL2-2.0.0.dylib (0x104dd15e8) and /Users/linmuyi/miniconda3/envs/llm_gs/lib/python3.9/site-packages/cv2/.dylibs/libSDL2-2.0.0.dylib (0x16f688bb0). This may cause spurious casting failures and mysterious crashes. One of the duplicates must be removed or renamed.
objc[10544]: Class Cocoa_WindowListener is implemented in both /Users/linmuyi/miniconda3/envs/llm_gs/lib/python3.9/site-packages/pygame/.dylibs/libSDL2-2.0.0.dylib (0x104dd1610) and /Users/linmuyi/miniconda3/envs/llm_gs/lib/python3.9/site-packages/cv2/.dylibs/libSDL2-2.0.0.dylib (0x16f688bd8). This may cause spurious casting failures and mysterious crashes. One of the duplicates must be removed or renamed.
objc[10544]: Class SDLView is implemented in both /Users/linmuyi/miniconda3/envs/llm_gs/lib/python3.9/site-packages/pygame/.dylibs/libSDL2-2.0.0.dylib (0x104dd1688) and /Users/linmuyi/miniconda3/envs/llm_gs/lib/python3.9/site-packages/cv2/.dylibs/libSDL2-2.0.0.dylib (0x16f688c50). This may cause spurious casting failures and mysterious crashes. One of the duplicates must be removed or renamed.
objc[10544]: Class METAL_RenderData is implemented in both /Users/linmuyi/miniconda3/envs/llm_gs/lib/python3.9/site-packages/pygame/.dylibs/libSDL2-2.0.0.dylib (0x104dd1700) and /Users/linmuyi/miniconda3/envs/llm_gs/lib/python3.9/site-packages/cv2/.dylibs/libSDL2-2.0.0.dylib (0x16f688cc8). This may cause spurious casting failures and mysterious crashes. One of the duplicates must be removed or renamed.
objc[10544]: Class METAL_TextureData is implemented in both /Users/linmuyi/miniconda3/envs/llm_gs/lib/python3.9/site-packages/pygame/.dylibs/libSDL2-2.0.0.dylib (0x104dd1750) and /Users/linmuyi/miniconda3/envs/llm_gs/lib/python3.9/site-packages/cv2/.dylibs/libSDL2-2.0.0.dylib (0x16f688d18). This may cause spurious casting failures and mysterious crashes. One of the duplicates must be removed or renamed.
objc[10544]: Class SDL_RumbleMotor is implemented in both /Users/linmuyi/miniconda3/envs/llm_gs/lib/python3.9/site-packages/pygame/.dylibs/libSDL2-2.0.0.dylib (0x104dd1778) and /Users/linmuyi/miniconda3/envs/llm_gs/lib/python3.9/site-packages/cv2/.dylibs/libSDL2-2.0.0.dylib (0x16f688d40). This may cause spurious casting failures and mysterious crashes. One of the duplicates must be removed or renamed.
objc[10544]: Class SDL_RumbleContext is implemented in both /Users/linmuyi/miniconda3/envs/llm_gs/lib/python3.9/site-packages/pygame/.dylibs/libSDL2-2.0.0.dylib (0x104dd17c8) and /Users/linmuyi/miniconda3/envs/llm_gs/lib/python3.9/site-packages/cv2/.dylibs/libSDL2-2.0.0.dylib (0x16f688d90). This may cause spurious casting failures and mysterious crashes. One of the duplicates must be removed or renamed.
[grader] 1500000 steps, 30 checkpoints, curriculum

  steps=  50000  held=0.00  gate=0.03  bins=1/3  active= 30  (35s)
  steps= 100000  held=0.12  gate=0.11  bins=1/3  active= 30  (74s)
  steps= 150000  held=0.14  gate=0.22  bins=1/3  active= 30  (113s)
  steps= 200000  held=0.13  gate=0.07  bins=1/3  active= 30  (162s)
  steps= 250000  held=0.18  gate=0.42  bins=1/3  active= 30  (199s)
  steps= 300000  held=0.16  gate=0.35  bins=1/3  active= 30  (250s)
  steps= 350000  held=0.17  gate=0.40  bins=1/3  active= 30  (283s)
  steps= 400000  held=0.38  gate=0.56  bins=2/3  active= 60  [UNLOCK:gate]  (327s)
  steps= 450000  held=0.67  gate=0.67  bins=3/3  active= 90  [UNLOCK:gate]  (370s)
  steps= 500000  held=0.51  gate=0.51  bins=3/3  active= 90  (410s)
  steps= 550000  held=0.58  gate=0.58  bins=3/3  active= 90  (446s)
  steps= 600000  held=0.47  gate=0.47  bins=3/3  active= 90  (484s)
  steps= 650000  held=0.58  gate=0.58  bins=3/3  active= 90  (525s)
  steps= 700000  held=0.56  gate=0.56  bins=3/3  active= 90  (567s)
  steps= 750000  held=0.55  gate=0.55  bins=3/3  active= 90  (607s)
  steps= 800000  held=0.60  gate=0.60  bins=3/3  active= 90  (648s)
  steps= 850000  held=0.74  gate=0.74  bins=3/3  active= 90  (683s)
  steps= 900000  held=0.72  gate=0.72  bins=3/3  active= 90  (719s)
  steps= 950000  held=0.73  gate=0.73  bins=3/3  active= 90  (756s)
  steps=1000000  held=0.87  gate=0.87  bins=3/3  active= 90  (787s)
  steps=1050000  held=0.60  gate=0.60  bins=3/3  active= 90  (825s)
  steps=1100000  held=0.69  gate=0.69  bins=3/3  active= 90  (861s)
  steps=1150000  held=0.75  gate=0.75  bins=3/3  active= 90  (896s)
  steps=1200000  held=0.83  gate=0.83  bins=3/3  active= 90  (929s)
  steps=1250000  held=0.88  gate=0.88  bins=3/3  active= 90  (959s)
  steps=1300000  held=0.85  gate=0.85  bins=3/3  active= 90  (992s)
  steps=1350000  held=0.65  gate=0.65  bins=3/3  active= 90  (1029s)
  steps=1400000  held=0.86  gate=0.86  bins=3/3  active= 90  (1059s)
  steps=1450000  held=0.84  gate=0.84  bins=3/3  active= 90  (1091s)
  steps=1500000  held=0.87  gate=0.87  bins=3/3  active= 90  (1122s)

[grader] DONE  final held=0.87  steps_to_0.3=400,000  wall=1122s  -> grader_seed31.json
[grader] per-cell held: s9N1=0.94  s9N2=0.88  s9N3=0.75  s13N1=1.00  s13N2=1.00  s13N3=0.50  s17N1=0.81  s17N2=1.00  s17N3=0.94
