[rivers_only] train=90 layouts  held-out=36 layouts
objc[9874]: Class SDLApplication is implemented in both /Users/linmuyi/miniconda3/envs/llm_gs/lib/python3.9/site-packages/pygame/.dylibs/libSDL2-2.0.0.dylib (0x104ac52c8) and /Users/linmuyi/miniconda3/envs/llm_gs/lib/python3.9/site-packages/cv2/.dylibs/libSDL2-2.0.0.dylib (0x1669cc890). This may cause spurious casting failures and mysterious crashes. One of the duplicates must be removed or renamed.
objc[9874]: Class SDLAppDelegate is implemented in both /Users/linmuyi/miniconda3/envs/llm_gs/lib/python3.9/site-packages/pygame/.dylibs/libSDL2-2.0.0.dylib (0x104ac5318) and /Users/linmuyi/miniconda3/envs/llm_gs/lib/python3.9/site-packages/cv2/.dylibs/libSDL2-2.0.0.dylib (0x1669cc8e0). This may cause spurious casting failures and mysterious crashes. One of the duplicates must be removed or renamed.
objc[9874]: Class SDLTranslatorResponder is implemented in both /Users/linmuyi/miniconda3/envs/llm_gs/lib/python3.9/site-packages/pygame/.dylibs/libSDL2-2.0.0.dylib (0x104ac5390) and /Users/linmuyi/miniconda3/envs/llm_gs/lib/python3.9/site-packages/cv2/.dylibs/libSDL2-2.0.0.dylib (0x1669cc958). This may cause spurious casting failures and mysterious crashes. One of the duplicates must be removed or renamed.
objc[9874]: Class SDLMessageBoxPresenter is implemented in both /Users/linmuyi/miniconda3/envs/llm_gs/lib/python3.9/site-packages/pygame/.dylibs/libSDL2-2.0.0.dylib (0x104ac53b8) and /Users/linmuyi/miniconda3/envs/llm_gs/lib/python3.9/site-packages/cv2/.dylibs/libSDL2-2.0.0.dylib (0x1669cc980). This may cause spurious casting failures and mysterious crashes. One of the duplicates must be removed or renamed.
objc[9874]: Class SDL_cocoametalview is implemented in both /Users/linmuyi/miniconda3/envs/llm_gs/lib/python3.9/site-packages/pygame/.dylibs/libSDL2-2.0.0.dylib (0x104ac5408) and /Users/linmuyi/miniconda3/envs/llm_gs/lib/python3.9/site-packages/cv2/.dylibs/libSDL2-2.0.0.dylib (0x1669cc9d0). This may cause spurious casting failures and mysterious crashes. One of the duplicates must be removed or renamed.
objc[9874]: Class SDLOpenGLContext is implemented in both /Users/linmuyi/miniconda3/envs/llm_gs/lib/python3.9/site-packages/pygame/.dylibs/libSDL2-2.0.0.dylib (0x104ac5458) and /Users/linmuyi/miniconda3/envs/llm_gs/lib/python3.9/site-packages/cv2/.dylibs/libSDL2-2.0.0.dylib (0x1669cca20). This may cause spurious casting failures and mysterious crashes. One of the duplicates must be removed or renamed.
objc[9874]: Class SDL_ShapeData is implemented in both /Users/linmuyi/miniconda3/envs/llm_gs/lib/python3.9/site-packages/pygame/.dylibs/libSDL2-2.0.0.dylib (0x104ac54d0) and /Users/linmuyi/miniconda3/envs/llm_gs/lib/python3.9/site-packages/cv2/.dylibs/libSDL2-2.0.0.dylib (0x1669cca98). This may cause spurious casting failures and mysterious crashes. One of the duplicates must be removed or renamed.
objc[9874]: Class SDL_CocoaClosure is implemented in both /Users/linmuyi/miniconda3/envs/llm_gs/lib/python3.9/site-packages/pygame/.dylibs/libSDL2-2.0.0.dylib (0x104ac5520) and /Users/linmuyi/miniconda3/envs/llm_gs/lib/python3.9/site-packages/cv2/.dylibs/libSDL2-2.0.0.dylib (0x1669ccae8). This may cause spurious casting failures and mysterious crashes. One of the duplicates must be removed or renamed.
objc[9874]: Class SDL_VideoData is implemented in both /Users/linmuyi/miniconda3/envs/llm_gs/lib/python3.9/site-packages/pygame/.dylibs/libSDL2-2.0.0.dylib (0x104ac5570) and /Users/linmuyi/miniconda3/envs/llm_gs/lib/python3.9/site-packages/cv2/.dylibs/libSDL2-2.0.0.dylib (0x1669ccb38). This may cause spurious casting failures and mysterious crashes. One of the duplicates must be removed or renamed.
objc[9874]: Class SDL_WindowData is implemented in both /Users/linmuyi/miniconda3/envs/llm_gs/lib/python3.9/site-packages/pygame/.dylibs/libSDL2-2.0.0.dylib (0x104ac55c0) and /Users/linmuyi/miniconda3/envs/llm_gs/lib/python3.9/site-packages/cv2/.dylibs/libSDL2-2.0.0.dylib (0x1669ccb88). This may cause spurious casting failures and mysterious crashes. One of the duplicates must be removed or renamed.
objc[9874]: Class SDLWindow is implemented in both /Users/linmuyi/miniconda3/envs/llm_gs/lib/python3.9/site-packages/pygame/.dylibs/libSDL2-2.0.0.dylib (0x104ac55e8) and /Users/linmuyi/miniconda3/envs/llm_gs/lib/python3.9/site-packages/cv2/.dylibs/libSDL2-2.0.0.dylib (0x1669ccbb0). This may cause spurious casting failures and mysterious crashes. One of the duplicates must be removed or renamed.
objc[9874]: Class Cocoa_WindowListener is implemented in both /Users/linmuyi/miniconda3/envs/llm_gs/lib/python3.9/site-packages/pygame/.dylibs/libSDL2-2.0.0.dylib (0x104ac5610) and /Users/linmuyi/miniconda3/envs/llm_gs/lib/python3.9/site-packages/cv2/.dylibs/libSDL2-2.0.0.dylib (0x1669ccbd8). This may cause spurious casting failures and mysterious crashes. One of the duplicates must be removed or renamed.
objc[9874]: Class SDLView is implemented in both /Users/linmuyi/miniconda3/envs/llm_gs/lib/python3.9/site-packages/pygame/.dylibs/libSDL2-2.0.0.dylib (0x104ac5688) and /Users/linmuyi/miniconda3/envs/llm_gs/lib/python3.9/site-packages/cv2/.dylibs/libSDL2-2.0.0.dylib (0x1669ccc50). This may cause spurious casting failures and mysterious crashes. One of the duplicates must be removed or renamed.
objc[9874]: Class METAL_RenderData is implemented in both /Users/linmuyi/miniconda3/envs/llm_gs/lib/python3.9/site-packages/pygame/.dylibs/libSDL2-2.0.0.dylib (0x104ac5700) and /Users/linmuyi/miniconda3/envs/llm_gs/lib/python3.9/site-packages/cv2/.dylibs/libSDL2-2.0.0.dylib (0x1669cccc8). This may cause spurious casting failures and mysterious crashes. One of the duplicates must be removed or renamed.
objc[9874]: Class METAL_TextureData is implemented in both /Users/linmuyi/miniconda3/envs/llm_gs/lib/python3.9/site-packages/pygame/.dylibs/libSDL2-2.0.0.dylib (0x104ac5750) and /Users/linmuyi/miniconda3/envs/llm_gs/lib/python3.9/site-packages/cv2/.dylibs/libSDL2-2.0.0.dylib (0x1669ccd18). This may cause spurious casting failures and mysterious crashes. One of the duplicates must be removed or renamed.
objc[9874]: Class SDL_RumbleMotor is implemented in both /Users/linmuyi/miniconda3/envs/llm_gs/lib/python3.9/site-packages/pygame/.dylibs/libSDL2-2.0.0.dylib (0x104ac5778) and /Users/linmuyi/miniconda3/envs/llm_gs/lib/python3.9/site-packages/cv2/.dylibs/libSDL2-2.0.0.dylib (0x1669ccd40). This may cause spurious casting failures and mysterious crashes. One of the duplicates must be removed or renamed.
objc[9874]: Class SDL_RumbleContext is implemented in both /Users/linmuyi/miniconda3/envs/llm_gs/lib/python3.9/site-packages/pygame/.dylibs/libSDL2-2.0.0.dylib (0x104ac57c8) and /Users/linmuyi/miniconda3/envs/llm_gs/lib/python3.9/site-packages/cv2/.dylibs/libSDL2-2.0.0.dylib (0x1669ccd90). This may cause spurious casting failures and mysterious crashes. One of the duplicates must be removed or renamed.
[rivers_only] 1500000 steps, 30 checkpoints, curriculum

  steps=  50000  held=0.00  gate=0.07  bins=1/3  active= 30  (28s)
  steps= 100000  held=0.00  gate=0.06  bins=1/3  active= 30  (81s)
  steps= 150000  held=0.02  gate=0.01  bins=1/3  active= 30  (134s)
  steps= 200000  held=0.03  gate=0.12  bins=1/3  active= 30  (180s)
  steps= 250000  held=0.15  gate=0.12  bins=1/3  active= 30  (224s)
  steps= 300000  held=0.14  gate=0.06  bins=1/3  active= 30  (258s)
  steps= 350000  held=0.06  gate=0.14  bins=1/3  active= 30  (307s)
  steps= 400000  held=0.08  gate=0.28  bins=2/3  active= 60  [UNLOCK:deadline]  (359s)
  steps= 450000  held=0.13  gate=0.07  bins=2/3  active= 60  (415s)
  steps= 500000  held=0.07  gate=0.08  bins=2/3  active= 60  (475s)
  steps= 550000  held=0.06  gate=0.17  bins=2/3  active= 60  (516s)
  steps= 600000  held=0.03  gate=0.06  bins=2/3  active= 60  (547s)
  steps= 650000  held=0.01  gate=0.00  bins=2/3  active= 60  (607s)
  steps= 700000  held=0.02  gate=0.06  bins=2/3  active= 60  (657s)
  steps= 750000  held=0.04  gate=0.00  bins=2/3  active= 60  (720s)
  steps= 800000  held=0.04  gate=0.07  bins=3/3  active= 90  [UNLOCK:deadline]  (775s)
  steps= 850000  held=0.03  gate=0.03  bins=3/3  active= 90  (818s)
  steps= 900000  held=0.03  gate=0.03  bins=3/3  active= 90  (858s)
  steps= 950000  held=0.08  gate=0.08  bins=3/3  active= 90  (900s)
  steps=1000000  held=0.02  gate=0.02  bins=3/3  active= 90  (946s)
  steps=1050000  held=0.04  gate=0.04  bins=3/3  active= 90  (989s)
  steps=1100000  held=0.06  gate=0.06  bins=3/3  active= 90  (1033s)
  steps=1150000  held=0.03  gate=0.03  bins=3/3  active= 90  (1079s)
  steps=1200000  held=0.00  gate=0.00  bins=3/3  active= 90  (1120s)
  steps=1250000  held=0.00  gate=0.00  bins=3/3  active= 90  (1171s)
  steps=1300000  held=0.00  gate=0.00  bins=3/3  active= 90  (1203s)
  steps=1350000  held=0.04  gate=0.04  bins=3/3  active= 90  (1232s)
  steps=1400000  held=0.01  gate=0.01  bins=3/3  active= 90  (1281s)
  steps=1450000  held=0.00  gate=0.00  bins=3/3  active= 90  (1330s)
  steps=1500000  held=0.01  gate=0.01  bins=3/3  active= 90  (1381s)

[rivers_only] DONE  final held=0.01  steps_to_0.3=NOT REACHED  wall=1381s  -> rivers_only_seed31.json
[rivers_only] per-cell held: s9N1=0.00  s9N2=0.00  s9N3=0.00  s13N1=0.00  s13N2=0.00  s13N3=0.00  s17N1=0.00  s17N2=0.00  s17N3=0.06
