[rivers_only] train=90 layouts  held-out=36 layouts
objc[88775]: Class SDLApplication is implemented in both /Users/linmuyi/miniconda3/envs/llm_gs/lib/python3.9/site-packages/pygame/.dylibs/libSDL2-2.0.0.dylib (0x1051ad2c8) and /Users/linmuyi/miniconda3/envs/llm_gs/lib/python3.9/site-packages/cv2/.dylibs/libSDL2-2.0.0.dylib (0x13c860890). This may cause spurious casting failures and mysterious crashes. One of the duplicates must be removed or renamed.
objc[88775]: Class SDLAppDelegate is implemented in both /Users/linmuyi/miniconda3/envs/llm_gs/lib/python3.9/site-packages/pygame/.dylibs/libSDL2-2.0.0.dylib (0x1051ad318) and /Users/linmuyi/miniconda3/envs/llm_gs/lib/python3.9/site-packages/cv2/.dylibs/libSDL2-2.0.0.dylib (0x13c8608e0). This may cause spurious casting failures and mysterious crashes. One of the duplicates must be removed or renamed.
objc[88775]: Class SDLTranslatorResponder is implemented in both /Users/linmuyi/miniconda3/envs/llm_gs/lib/python3.9/site-packages/pygame/.dylibs/libSDL2-2.0.0.dylib (0x1051ad390) and /Users/linmuyi/miniconda3/envs/llm_gs/lib/python3.9/site-packages/cv2/.dylibs/libSDL2-2.0.0.dylib (0x13c860958). This may cause spurious casting failures and mysterious crashes. One of the duplicates must be removed or renamed.
objc[88775]: Class SDLMessageBoxPresenter is implemented in both /Users/linmuyi/miniconda3/envs/llm_gs/lib/python3.9/site-packages/pygame/.dylibs/libSDL2-2.0.0.dylib (0x1051ad3b8) and /Users/linmuyi/miniconda3/envs/llm_gs/lib/python3.9/site-packages/cv2/.dylibs/libSDL2-2.0.0.dylib (0x13c860980). This may cause spurious casting failures and mysterious crashes. One of the duplicates must be removed or renamed.
objc[88775]: Class SDL_cocoametalview is implemented in both /Users/linmuyi/miniconda3/envs/llm_gs/lib/python3.9/site-packages/pygame/.dylibs/libSDL2-2.0.0.dylib (0x1051ad408) and /Users/linmuyi/miniconda3/envs/llm_gs/lib/python3.9/site-packages/cv2/.dylibs/libSDL2-2.0.0.dylib (0x13c8609d0). This may cause spurious casting failures and mysterious crashes. One of the duplicates must be removed or renamed.
objc[88775]: Class SDLOpenGLContext is implemented in both /Users/linmuyi/miniconda3/envs/llm_gs/lib/python3.9/site-packages/pygame/.dylibs/libSDL2-2.0.0.dylib (0x1051ad458) and /Users/linmuyi/miniconda3/envs/llm_gs/lib/python3.9/site-packages/cv2/.dylibs/libSDL2-2.0.0.dylib (0x13c860a20). This may cause spurious casting failures and mysterious crashes. One of the duplicates must be removed or renamed.
objc[88775]: Class SDL_ShapeData is implemented in both /Users/linmuyi/miniconda3/envs/llm_gs/lib/python3.9/site-packages/pygame/.dylibs/libSDL2-2.0.0.dylib (0x1051ad4d0) and /Users/linmuyi/miniconda3/envs/llm_gs/lib/python3.9/site-packages/cv2/.dylibs/libSDL2-2.0.0.dylib (0x13c860a98). This may cause spurious casting failures and mysterious crashes. One of the duplicates must be removed or renamed.
objc[88775]: Class SDL_CocoaClosure is implemented in both /Users/linmuyi/miniconda3/envs/llm_gs/lib/python3.9/site-packages/pygame/.dylibs/libSDL2-2.0.0.dylib (0x1051ad520) and /Users/linmuyi/miniconda3/envs/llm_gs/lib/python3.9/site-packages/cv2/.dylibs/libSDL2-2.0.0.dylib (0x13c860ae8). This may cause spurious casting failures and mysterious crashes. One of the duplicates must be removed or renamed.
objc[88775]: Class SDL_VideoData is implemented in both /Users/linmuyi/miniconda3/envs/llm_gs/lib/python3.9/site-packages/pygame/.dylibs/libSDL2-2.0.0.dylib (0x1051ad570) and /Users/linmuyi/miniconda3/envs/llm_gs/lib/python3.9/site-packages/cv2/.dylibs/libSDL2-2.0.0.dylib (0x13c860b38). This may cause spurious casting failures and mysterious crashes. One of the duplicates must be removed or renamed.
objc[88775]: Class SDL_WindowData is implemented in both /Users/linmuyi/miniconda3/envs/llm_gs/lib/python3.9/site-packages/pygame/.dylibs/libSDL2-2.0.0.dylib (0x1051ad5c0) and /Users/linmuyi/miniconda3/envs/llm_gs/lib/python3.9/site-packages/cv2/.dylibs/libSDL2-2.0.0.dylib (0x13c860b88). This may cause spurious casting failures and mysterious crashes. One of the duplicates must be removed or renamed.
objc[88775]: Class SDLWindow is implemented in both /Users/linmuyi/miniconda3/envs/llm_gs/lib/python3.9/site-packages/pygame/.dylibs/libSDL2-2.0.0.dylib (0x1051ad5e8) and /Users/linmuyi/miniconda3/envs/llm_gs/lib/python3.9/site-packages/cv2/.dylibs/libSDL2-2.0.0.dylib (0x13c860bb0). This may cause spurious casting failures and mysterious crashes. One of the duplicates must be removed or renamed.
objc[88775]: Class Cocoa_WindowListener is implemented in both /Users/linmuyi/miniconda3/envs/llm_gs/lib/python3.9/site-packages/pygame/.dylibs/libSDL2-2.0.0.dylib (0x1051ad610) and /Users/linmuyi/miniconda3/envs/llm_gs/lib/python3.9/site-packages/cv2/.dylibs/libSDL2-2.0.0.dylib (0x13c860bd8). This may cause spurious casting failures and mysterious crashes. One of the duplicates must be removed or renamed.
objc[88775]: Class SDLView is implemented in both /Users/linmuyi/miniconda3/envs/llm_gs/lib/python3.9/site-packages/pygame/.dylibs/libSDL2-2.0.0.dylib (0x1051ad688) and /Users/linmuyi/miniconda3/envs/llm_gs/lib/python3.9/site-packages/cv2/.dylibs/libSDL2-2.0.0.dylib (0x13c860c50). This may cause spurious casting failures and mysterious crashes. One of the duplicates must be removed or renamed.
objc[88775]: Class METAL_RenderData is implemented in both /Users/linmuyi/miniconda3/envs/llm_gs/lib/python3.9/site-packages/pygame/.dylibs/libSDL2-2.0.0.dylib (0x1051ad700) and /Users/linmuyi/miniconda3/envs/llm_gs/lib/python3.9/site-packages/cv2/.dylibs/libSDL2-2.0.0.dylib (0x13c860cc8). This may cause spurious casting failures and mysterious crashes. One of the duplicates must be removed or renamed.
objc[88775]: Class METAL_TextureData is implemented in both /Users/linmuyi/miniconda3/envs/llm_gs/lib/python3.9/site-packages/pygame/.dylibs/libSDL2-2.0.0.dylib (0x1051ad750) and /Users/linmuyi/miniconda3/envs/llm_gs/lib/python3.9/site-packages/cv2/.dylibs/libSDL2-2.0.0.dylib (0x13c860d18). This may cause spurious casting failures and mysterious crashes. One of the duplicates must be removed or renamed.
objc[88775]: Class SDL_RumbleMotor is implemented in both /Users/linmuyi/miniconda3/envs/llm_gs/lib/python3.9/site-packages/pygame/.dylibs/libSDL2-2.0.0.dylib (0x1051ad778) and /Users/linmuyi/miniconda3/envs/llm_gs/lib/python3.9/site-packages/cv2/.dylibs/libSDL2-2.0.0.dylib (0x13c860d40). This may cause spurious casting failures and mysterious crashes. One of the duplicates must be removed or renamed.
objc[88775]: Class SDL_RumbleContext is implemented in both /Users/linmuyi/miniconda3/envs/llm_gs/lib/python3.9/site-packages/pygame/.dylibs/libSDL2-2.0.0.dylib (0x1051ad7c8) and /Users/linmuyi/miniconda3/envs/llm_gs/lib/python3.9/site-packages/cv2/.dylibs/libSDL2-2.0.0.dylib (0x13c860d90). This may cause spurious casting failures and mysterious crashes. One of the duplicates must be removed or renamed.
[rivers_only] 1500000 steps, 30 checkpoints, curriculum

  steps=  50000  held=0.01  gate=0.01  bins=1/3  active= 30  (32s)
  steps= 100000  held=0.01  gate=0.06  bins=1/3  active= 30  (61s)
  steps= 150000  held=0.01  gate=0.11  bins=1/3  active= 30  (93s)
  steps= 200000  held=0.01  gate=0.07  bins=1/3  active= 30  (121s)
  steps= 250000  held=0.09  gate=0.14  bins=1/3  active= 30  (154s)
  steps= 300000  held=0.14  gate=0.17  bins=1/3  active= 30  (207s)
  steps= 350000  held=0.15  gate=0.11  bins=1/3  active= 30  (247s)
  steps= 400000  held=0.16  gate=0.24  bins=2/3  active= 60  [UNLOCK:deadline]  (302s)
  steps= 450000  held=0.17  gate=0.22  bins=2/3  active= 60  (352s)
  steps= 500000  held=0.24  gate=0.31  bins=2/3  active= 60  (445s)
  steps= 550000  held=0.24  gate=0.26  bins=2/3  active= 60  (533s)
  steps= 600000  held=0.35  gate=0.36  bins=2/3  active= 60  (590s)
  steps= 650000  held=0.20  gate=0.11  bins=2/3  active= 60  (646s)
  steps= 700000  held=0.07  gate=0.12  bins=2/3  active= 60  (706s)
  steps= 750000  held=0.23  gate=0.40  bins=2/3  active= 60  (759s)
  steps= 800000  held=0.52  gate=0.43  bins=3/3  active= 90  [UNLOCK:deadline]  (808s)
  steps= 850000  held=0.51  gate=0.51  bins=3/3  active= 90  (850s)
  steps= 900000  held=0.62  gate=0.62  bins=3/3  active= 90  (891s)
  steps= 950000  held=0.54  gate=0.54  bins=3/3  active= 90  (933s)
  steps=1000000  held=0.65  gate=0.65  bins=3/3  active= 90  (973s)
  steps=1050000  held=0.63  gate=0.63  bins=3/3  active= 90  (1013s)
  steps=1100000  held=0.51  gate=0.51  bins=3/3  active= 90  (1056s)
  steps=1150000  held=0.39  gate=0.39  bins=3/3  active= 90  (1098s)
  steps=1200000  held=0.53  gate=0.53  bins=3/3  active= 90  (1136s)
  steps=1250000  held=0.56  gate=0.56  bins=3/3  active= 90  (1177s)
  steps=1300000  held=0.53  gate=0.53  bins=3/3  active= 90  (1217s)
  steps=1350000  held=0.58  gate=0.58  bins=3/3  active= 90  (1259s)
  steps=1400000  held=0.51  gate=0.51  bins=3/3  active= 90  (1302s)
  steps=1450000  held=0.65  gate=0.65  bins=3/3  active= 90  (1337s)
  steps=1500000  held=0.73  gate=0.73  bins=3/3  active= 90  (1373s)

[rivers_only] DONE  final held=0.73  steps_to_0.3=600,000  wall=1373s  -> rivers_only_seed13.json
[rivers_only] per-cell held: s9N1=0.81  s9N2=0.31  s9N3=0.44  s13N1=0.69  s13N2=1.00  s13N3=0.81  s17N1=0.75  s17N2=1.00  s17N3=0.75
