[size_order] train=90 layouts  held-out=36 layouts
objc[95007]: Class SDLApplication is implemented in both /Users/linmuyi/miniconda3/envs/llm_gs/lib/python3.9/site-packages/pygame/.dylibs/libSDL2-2.0.0.dylib (0x118fe92c8) and /Users/linmuyi/miniconda3/envs/llm_gs/lib/python3.9/site-packages/cv2/.dylibs/libSDL2-2.0.0.dylib (0x14d988890). This may cause spurious casting failures and mysterious crashes. One of the duplicates must be removed or renamed.
objc[95007]: Class SDLAppDelegate is implemented in both /Users/linmuyi/miniconda3/envs/llm_gs/lib/python3.9/site-packages/pygame/.dylibs/libSDL2-2.0.0.dylib (0x118fe9318) and /Users/linmuyi/miniconda3/envs/llm_gs/lib/python3.9/site-packages/cv2/.dylibs/libSDL2-2.0.0.dylib (0x14d9888e0). This may cause spurious casting failures and mysterious crashes. One of the duplicates must be removed or renamed.
objc[95007]: Class SDLTranslatorResponder is implemented in both /Users/linmuyi/miniconda3/envs/llm_gs/lib/python3.9/site-packages/pygame/.dylibs/libSDL2-2.0.0.dylib (0x118fe9390) and /Users/linmuyi/miniconda3/envs/llm_gs/lib/python3.9/site-packages/cv2/.dylibs/libSDL2-2.0.0.dylib (0x14d988958). This may cause spurious casting failures and mysterious crashes. One of the duplicates must be removed or renamed.
objc[95007]: Class SDLMessageBoxPresenter is implemented in both /Users/linmuyi/miniconda3/envs/llm_gs/lib/python3.9/site-packages/pygame/.dylibs/libSDL2-2.0.0.dylib (0x118fe93b8) and /Users/linmuyi/miniconda3/envs/llm_gs/lib/python3.9/site-packages/cv2/.dylibs/libSDL2-2.0.0.dylib (0x14d988980). This may cause spurious casting failures and mysterious crashes. One of the duplicates must be removed or renamed.
objc[95007]: Class SDL_cocoametalview is implemented in both /Users/linmuyi/miniconda3/envs/llm_gs/lib/python3.9/site-packages/pygame/.dylibs/libSDL2-2.0.0.dylib (0x118fe9408) and /Users/linmuyi/miniconda3/envs/llm_gs/lib/python3.9/site-packages/cv2/.dylibs/libSDL2-2.0.0.dylib (0x14d9889d0). This may cause spurious casting failures and mysterious crashes. One of the duplicates must be removed or renamed.
objc[95007]: Class SDLOpenGLContext is implemented in both /Users/linmuyi/miniconda3/envs/llm_gs/lib/python3.9/site-packages/pygame/.dylibs/libSDL2-2.0.0.dylib (0x118fe9458) and /Users/linmuyi/miniconda3/envs/llm_gs/lib/python3.9/site-packages/cv2/.dylibs/libSDL2-2.0.0.dylib (0x14d988a20). This may cause spurious casting failures and mysterious crashes. One of the duplicates must be removed or renamed.
objc[95007]: Class SDL_ShapeData is implemented in both /Users/linmuyi/miniconda3/envs/llm_gs/lib/python3.9/site-packages/pygame/.dylibs/libSDL2-2.0.0.dylib (0x118fe94d0) and /Users/linmuyi/miniconda3/envs/llm_gs/lib/python3.9/site-packages/cv2/.dylibs/libSDL2-2.0.0.dylib (0x14d988a98). This may cause spurious casting failures and mysterious crashes. One of the duplicates must be removed or renamed.
objc[95007]: Class SDL_CocoaClosure is implemented in both /Users/linmuyi/miniconda3/envs/llm_gs/lib/python3.9/site-packages/pygame/.dylibs/libSDL2-2.0.0.dylib (0x118fe9520) and /Users/linmuyi/miniconda3/envs/llm_gs/lib/python3.9/site-packages/cv2/.dylibs/libSDL2-2.0.0.dylib (0x14d988ae8). This may cause spurious casting failures and mysterious crashes. One of the duplicates must be removed or renamed.
objc[95007]: Class SDL_VideoData is implemented in both /Users/linmuyi/miniconda3/envs/llm_gs/lib/python3.9/site-packages/pygame/.dylibs/libSDL2-2.0.0.dylib (0x118fe9570) and /Users/linmuyi/miniconda3/envs/llm_gs/lib/python3.9/site-packages/cv2/.dylibs/libSDL2-2.0.0.dylib (0x14d988b38). This may cause spurious casting failures and mysterious crashes. One of the duplicates must be removed or renamed.
objc[95007]: Class SDL_WindowData is implemented in both /Users/linmuyi/miniconda3/envs/llm_gs/lib/python3.9/site-packages/pygame/.dylibs/libSDL2-2.0.0.dylib (0x118fe95c0) and /Users/linmuyi/miniconda3/envs/llm_gs/lib/python3.9/site-packages/cv2/.dylibs/libSDL2-2.0.0.dylib (0x14d988b88). This may cause spurious casting failures and mysterious crashes. One of the duplicates must be removed or renamed.
objc[95007]: Class SDLWindow is implemented in both /Users/linmuyi/miniconda3/envs/llm_gs/lib/python3.9/site-packages/pygame/.dylibs/libSDL2-2.0.0.dylib (0x118fe95e8) and /Users/linmuyi/miniconda3/envs/llm_gs/lib/python3.9/site-packages/cv2/.dylibs/libSDL2-2.0.0.dylib (0x14d988bb0). This may cause spurious casting failures and mysterious crashes. One of the duplicates must be removed or renamed.
objc[95007]: Class Cocoa_WindowListener is implemented in both /Users/linmuyi/miniconda3/envs/llm_gs/lib/python3.9/site-packages/pygame/.dylibs/libSDL2-2.0.0.dylib (0x118fe9610) and /Users/linmuyi/miniconda3/envs/llm_gs/lib/python3.9/site-packages/cv2/.dylibs/libSDL2-2.0.0.dylib (0x14d988bd8). This may cause spurious casting failures and mysterious crashes. One of the duplicates must be removed or renamed.
objc[95007]: Class SDLView is implemented in both /Users/linmuyi/miniconda3/envs/llm_gs/lib/python3.9/site-packages/pygame/.dylibs/libSDL2-2.0.0.dylib (0x118fe9688) and /Users/linmuyi/miniconda3/envs/llm_gs/lib/python3.9/site-packages/cv2/.dylibs/libSDL2-2.0.0.dylib (0x14d988c50). This may cause spurious casting failures and mysterious crashes. One of the duplicates must be removed or renamed.
objc[95007]: Class METAL_RenderData is implemented in both /Users/linmuyi/miniconda3/envs/llm_gs/lib/python3.9/site-packages/pygame/.dylibs/libSDL2-2.0.0.dylib (0x118fe9700) and /Users/linmuyi/miniconda3/envs/llm_gs/lib/python3.9/site-packages/cv2/.dylibs/libSDL2-2.0.0.dylib (0x14d988cc8). This may cause spurious casting failures and mysterious crashes. One of the duplicates must be removed or renamed.
objc[95007]: Class METAL_TextureData is implemented in both /Users/linmuyi/miniconda3/envs/llm_gs/lib/python3.9/site-packages/pygame/.dylibs/libSDL2-2.0.0.dylib (0x118fe9750) and /Users/linmuyi/miniconda3/envs/llm_gs/lib/python3.9/site-packages/cv2/.dylibs/libSDL2-2.0.0.dylib (0x14d988d18). This may cause spurious casting failures and mysterious crashes. One of the duplicates must be removed or renamed.
objc[95007]: Class SDL_RumbleMotor is implemented in both /Users/linmuyi/miniconda3/envs/llm_gs/lib/python3.9/site-packages/pygame/.dylibs/libSDL2-2.0.0.dylib (0x118fe9778) and /Users/linmuyi/miniconda3/envs/llm_gs/lib/python3.9/site-packages/cv2/.dylibs/libSDL2-2.0.0.dylib (0x14d988d40). This may cause spurious casting failures and mysterious crashes. One of the duplicates must be removed or renamed.
objc[95007]: Class SDL_RumbleContext is implemented in both /Users/linmuyi/miniconda3/envs/llm_gs/lib/python3.9/site-packages/pygame/.dylibs/libSDL2-2.0.0.dylib (0x118fe97c8) and /Users/linmuyi/miniconda3/envs/llm_gs/lib/python3.9/site-packages/cv2/.dylibs/libSDL2-2.0.0.dylib (0x14d988d90). This may cause spurious casting failures and mysterious crashes. One of the duplicates must be removed or renamed.
[size_order] 1500000 steps, 30 checkpoints, curriculum

  steps=  50000  held=0.01  gate=0.00  bins=1/3  active= 30  (50s)
  steps= 100000  held=0.00  gate=0.04  bins=1/3  active= 30  (109s)
  steps= 150000  held=0.00  gate=0.08  bins=1/3  active= 30  (159s)
  steps= 200000  held=0.03  gate=0.11  bins=1/3  active= 30  (209s)
  steps= 250000  held=0.03  gate=0.21  bins=1/3  active= 30  (264s)
  steps= 300000  held=0.03  gate=0.08  bins=1/3  active= 30  (309s)
  steps= 350000  held=0.14  gate=0.21  bins=1/3  active= 30  (346s)
  steps= 400000  held=0.22  gate=0.19  bins=2/3  active= 60  [UNLOCK:deadline]  (395s)
  steps= 450000  held=0.24  gate=0.42  bins=2/3  active= 60  (438s)
  steps= 500000  held=0.41  gate=0.32  bins=2/3  active= 60  (489s)
  steps= 550000  held=0.32  gate=0.36  bins=2/3  active= 60  (549s)
  steps= 600000  held=0.54  gate=0.54  bins=2/3  active= 60  (594s)
  steps= 650000  held=0.39  gate=0.50  bins=2/3  active= 60  (651s)
  steps= 700000  held=0.38  gate=0.33  bins=2/3  active= 60  (711s)
  steps= 750000  held=0.51  gate=0.57  bins=3/3  active= 90  [UNLOCK:gate]  (762s)
  steps= 800000  held=0.72  gate=0.72  bins=3/3  active= 90  (800s)
  steps= 850000  held=0.31  gate=0.31  bins=3/3  active= 90  (850s)
  steps= 900000  held=0.35  gate=0.35  bins=3/3  active= 90  (900s)
  steps= 950000  held=0.63  gate=0.63  bins=3/3  active= 90  (941s)
  steps=1000000  held=0.31  gate=0.31  bins=3/3  active= 90  (992s)
  steps=1050000  held=0.68  gate=0.68  bins=3/3  active= 90  (1030s)
  steps=1100000  held=0.67  gate=0.67  bins=3/3  active= 90  (1067s)
  steps=1150000  held=0.45  gate=0.45  bins=3/3  active= 90  (1114s)
  steps=1200000  held=0.06  gate=0.06  bins=3/3  active= 90  (1169s)
  steps=1250000  held=0.49  gate=0.49  bins=3/3  active= 90  (1216s)
  steps=1300000  held=0.54  gate=0.54  bins=3/3  active= 90  (1262s)
  steps=1350000  held=0.60  gate=0.60  bins=3/3  active= 90  (1303s)
  steps=1400000  held=0.63  gate=0.63  bins=3/3  active= 90  (1342s)
  steps=1450000  held=0.68  gate=0.68  bins=3/3  active= 90  (1379s)
  steps=1500000  held=0.74  gate=0.74  bins=3/3  active= 90  (1413s)

[size_order] DONE  final held=0.74  steps_to_0.3=500,000  wall=1413s  -> size_order_seed14.json
[size_order] per-cell held: s9N1=0.88  s9N2=0.69  s9N3=0.12  s13N1=1.00  s13N2=0.94  s13N3=0.50  s17N1=0.75  s17N2=1.00  s17N3=0.75
