[rivers_only] train=90 layouts  held-out=36 layouts
objc[45155]: Class SDLApplication is implemented in both /Users/linmuyi/miniconda3/envs/llm_gs/lib/python3.9/site-packages/pygame/.dylibs/libSDL2-2.0.0.dylib (0x1066d92c8) and /Users/linmuyi/miniconda3/envs/llm_gs/lib/python3.9/site-packages/cv2/.dylibs/libSDL2-2.0.0.dylib (0x13dea0890). This may cause spurious casting failures and mysterious crashes. One of the duplicates must be removed or renamed.
objc[45155]: Class SDLAppDelegate is implemented in both /Users/linmuyi/miniconda3/envs/llm_gs/lib/python3.9/site-packages/pygame/.dylibs/libSDL2-2.0.0.dylib (0x1066d9318) and /Users/linmuyi/miniconda3/envs/llm_gs/lib/python3.9/site-packages/cv2/.dylibs/libSDL2-2.0.0.dylib (0x13dea08e0). This may cause spurious casting failures and mysterious crashes. One of the duplicates must be removed or renamed.
objc[45155]: Class SDLTranslatorResponder is implemented in both /Users/linmuyi/miniconda3/envs/llm_gs/lib/python3.9/site-packages/pygame/.dylibs/libSDL2-2.0.0.dylib (0x1066d9390) and /Users/linmuyi/miniconda3/envs/llm_gs/lib/python3.9/site-packages/cv2/.dylibs/libSDL2-2.0.0.dylib (0x13dea0958). This may cause spurious casting failures and mysterious crashes. One of the duplicates must be removed or renamed.
objc[45155]: Class SDLMessageBoxPresenter is implemented in both /Users/linmuyi/miniconda3/envs/llm_gs/lib/python3.9/site-packages/pygame/.dylibs/libSDL2-2.0.0.dylib (0x1066d93b8) and /Users/linmuyi/miniconda3/envs/llm_gs/lib/python3.9/site-packages/cv2/.dylibs/libSDL2-2.0.0.dylib (0x13dea0980). This may cause spurious casting failures and mysterious crashes. One of the duplicates must be removed or renamed.
objc[45155]: Class SDL_cocoametalview is implemented in both /Users/linmuyi/miniconda3/envs/llm_gs/lib/python3.9/site-packages/pygame/.dylibs/libSDL2-2.0.0.dylib (0x1066d9408) and /Users/linmuyi/miniconda3/envs/llm_gs/lib/python3.9/site-packages/cv2/.dylibs/libSDL2-2.0.0.dylib (0x13dea09d0). This may cause spurious casting failures and mysterious crashes. One of the duplicates must be removed or renamed.
objc[45155]: Class SDLOpenGLContext is implemented in both /Users/linmuyi/miniconda3/envs/llm_gs/lib/python3.9/site-packages/pygame/.dylibs/libSDL2-2.0.0.dylib (0x1066d9458) and /Users/linmuyi/miniconda3/envs/llm_gs/lib/python3.9/site-packages/cv2/.dylibs/libSDL2-2.0.0.dylib (0x13dea0a20). This may cause spurious casting failures and mysterious crashes. One of the duplicates must be removed or renamed.
objc[45155]: Class SDL_ShapeData is implemented in both /Users/linmuyi/miniconda3/envs/llm_gs/lib/python3.9/site-packages/pygame/.dylibs/libSDL2-2.0.0.dylib (0x1066d94d0) and /Users/linmuyi/miniconda3/envs/llm_gs/lib/python3.9/site-packages/cv2/.dylibs/libSDL2-2.0.0.dylib (0x13dea0a98). This may cause spurious casting failures and mysterious crashes. One of the duplicates must be removed or renamed.
objc[45155]: Class SDL_CocoaClosure is implemented in both /Users/linmuyi/miniconda3/envs/llm_gs/lib/python3.9/site-packages/pygame/.dylibs/libSDL2-2.0.0.dylib (0x1066d9520) and /Users/linmuyi/miniconda3/envs/llm_gs/lib/python3.9/site-packages/cv2/.dylibs/libSDL2-2.0.0.dylib (0x13dea0ae8). This may cause spurious casting failures and mysterious crashes. One of the duplicates must be removed or renamed.
objc[45155]: Class SDL_VideoData is implemented in both /Users/linmuyi/miniconda3/envs/llm_gs/lib/python3.9/site-packages/pygame/.dylibs/libSDL2-2.0.0.dylib (0x1066d9570) and /Users/linmuyi/miniconda3/envs/llm_gs/lib/python3.9/site-packages/cv2/.dylibs/libSDL2-2.0.0.dylib (0x13dea0b38). This may cause spurious casting failures and mysterious crashes. One of the duplicates must be removed or renamed.
objc[45155]: Class SDL_WindowData is implemented in both /Users/linmuyi/miniconda3/envs/llm_gs/lib/python3.9/site-packages/pygame/.dylibs/libSDL2-2.0.0.dylib (0x1066d95c0) and /Users/linmuyi/miniconda3/envs/llm_gs/lib/python3.9/site-packages/cv2/.dylibs/libSDL2-2.0.0.dylib (0x13dea0b88). This may cause spurious casting failures and mysterious crashes. One of the duplicates must be removed or renamed.
objc[45155]: Class SDLWindow is implemented in both /Users/linmuyi/miniconda3/envs/llm_gs/lib/python3.9/site-packages/pygame/.dylibs/libSDL2-2.0.0.dylib (0x1066d95e8) and /Users/linmuyi/miniconda3/envs/llm_gs/lib/python3.9/site-packages/cv2/.dylibs/libSDL2-2.0.0.dylib (0x13dea0bb0). This may cause spurious casting failures and mysterious crashes. One of the duplicates must be removed or renamed.
objc[45155]: Class Cocoa_WindowListener is implemented in both /Users/linmuyi/miniconda3/envs/llm_gs/lib/python3.9/site-packages/pygame/.dylibs/libSDL2-2.0.0.dylib (0x1066d9610) and /Users/linmuyi/miniconda3/envs/llm_gs/lib/python3.9/site-packages/cv2/.dylibs/libSDL2-2.0.0.dylib (0x13dea0bd8). This may cause spurious casting failures and mysterious crashes. One of the duplicates must be removed or renamed.
objc[45155]: Class SDLView is implemented in both /Users/linmuyi/miniconda3/envs/llm_gs/lib/python3.9/site-packages/pygame/.dylibs/libSDL2-2.0.0.dylib (0x1066d9688) and /Users/linmuyi/miniconda3/envs/llm_gs/lib/python3.9/site-packages/cv2/.dylibs/libSDL2-2.0.0.dylib (0x13dea0c50). This may cause spurious casting failures and mysterious crashes. One of the duplicates must be removed or renamed.
objc[45155]: Class METAL_RenderData is implemented in both /Users/linmuyi/miniconda3/envs/llm_gs/lib/python3.9/site-packages/pygame/.dylibs/libSDL2-2.0.0.dylib (0x1066d9700) and /Users/linmuyi/miniconda3/envs/llm_gs/lib/python3.9/site-packages/cv2/.dylibs/libSDL2-2.0.0.dylib (0x13dea0cc8). This may cause spurious casting failures and mysterious crashes. One of the duplicates must be removed or renamed.
objc[45155]: Class METAL_TextureData is implemented in both /Users/linmuyi/miniconda3/envs/llm_gs/lib/python3.9/site-packages/pygame/.dylibs/libSDL2-2.0.0.dylib (0x1066d9750) and /Users/linmuyi/miniconda3/envs/llm_gs/lib/python3.9/site-packages/cv2/.dylibs/libSDL2-2.0.0.dylib (0x13dea0d18). This may cause spurious casting failures and mysterious crashes. One of the duplicates must be removed or renamed.
objc[45155]: Class SDL_RumbleMotor is implemented in both /Users/linmuyi/miniconda3/envs/llm_gs/lib/python3.9/site-packages/pygame/.dylibs/libSDL2-2.0.0.dylib (0x1066d9778) and /Users/linmuyi/miniconda3/envs/llm_gs/lib/python3.9/site-packages/cv2/.dylibs/libSDL2-2.0.0.dylib (0x13dea0d40). This may cause spurious casting failures and mysterious crashes. One of the duplicates must be removed or renamed.
objc[45155]: Class SDL_RumbleContext is implemented in both /Users/linmuyi/miniconda3/envs/llm_gs/lib/python3.9/site-packages/pygame/.dylibs/libSDL2-2.0.0.dylib (0x1066d97c8) and /Users/linmuyi/miniconda3/envs/llm_gs/lib/python3.9/site-packages/cv2/.dylibs/libSDL2-2.0.0.dylib (0x13dea0d90). This may cause spurious casting failures and mysterious crashes. One of the duplicates must be removed or renamed.
[rivers_only] 1500000 steps, 30 checkpoints, curriculum

  steps=  50000  held=0.00  gate=0.03  bins=1/3  active= 30  (33s)
  steps= 100000  held=0.00  gate=0.03  bins=1/3  active= 30  (65s)
  steps= 150000  held=0.11  gate=0.17  bins=1/3  active= 30  (93s)
  steps= 200000  held=0.02  gate=0.00  bins=1/3  active= 30  (148s)
  steps= 250000  held=0.03  gate=0.21  bins=1/3  active= 30  (199s)
  steps= 300000  held=0.03  gate=0.07  bins=1/3  active= 30  (256s)
  steps= 350000  held=0.12  gate=0.11  bins=1/3  active= 30  (309s)
  steps= 400000  held=0.01  gate=0.03  bins=2/3  active= 60  [UNLOCK:deadline]  (368s)
  steps= 450000  held=0.01  gate=0.00  bins=2/3  active= 60  (408s)
  steps= 500000  held=0.00  gate=0.00  bins=2/3  active= 60  (468s)
  steps= 550000  held=0.00  gate=0.00  bins=2/3  active= 60  (525s)
  steps= 600000  held=0.00  gate=0.00  bins=2/3  active= 60  (589s)
  steps= 650000  held=0.00  gate=0.00  bins=2/3  active= 60  (652s)
  steps= 700000  held=0.12  gate=0.06  bins=2/3  active= 60  (700s)
  steps= 750000  held=0.10  gate=0.00  bins=2/3  active= 60  (751s)
  steps= 800000  held=0.13  gate=0.06  bins=3/3  active= 90  [UNLOCK:deadline]  (799s)
  steps= 850000  held=0.01  gate=0.01  bins=3/3  active= 90  (848s)
  steps= 900000  held=0.00  gate=0.00  bins=3/3  active= 90  (889s)
  steps= 950000  held=0.00  gate=0.00  bins=3/3  active= 90  (935s)
  steps=1000000  held=0.00  gate=0.00  bins=3/3  active= 90  (984s)
  steps=1050000  held=0.00  gate=0.00  bins=3/3  active= 90  (1031s)
  steps=1100000  held=0.00  gate=0.00  bins=3/3  active= 90  (1075s)
  steps=1150000  held=0.01  gate=0.01  bins=3/3  active= 90  (1117s)
  steps=1200000  held=0.04  gate=0.04  bins=3/3  active= 90  (1152s)
  steps=1250000  held=0.01  gate=0.01  bins=3/3  active= 90  (1194s)
  steps=1300000  held=0.12  gate=0.12  bins=3/3  active= 90  (1231s)
  steps=1350000  held=0.03  gate=0.03  bins=3/3  active= 90  (1259s)
  steps=1400000  held=0.00  gate=0.00  bins=3/3  active= 90  (1312s)
  steps=1450000  held=0.02  gate=0.02  bins=3/3  active= 90  (1357s)
  steps=1500000  held=0.03  gate=0.03  bins=3/3  active= 90  (1395s)

[rivers_only] DONE  final held=0.03  steps_to_0.3=NOT REACHED  wall=1395s  -> rivers_only_seed17.json
[rivers_only] per-cell held: s9N1=0.00  s9N2=0.00  s9N3=0.00  s13N1=0.25  s13N2=0.00  s13N3=0.00  s17N1=0.00  s17N2=0.00  s17N3=0.00
