[size_order] train=90 layouts  held-out=36 layouts
objc[26872]: Class SDLApplication is implemented in both /Users/linmuyi/miniconda3/envs/llm_gs/lib/python3.9/site-packages/pygame/.dylibs/libSDL2-2.0.0.dylib (0x102a812c8) and /Users/linmuyi/miniconda3/envs/llm_gs/lib/python3.9/site-packages/cv2/.dylibs/libSDL2-2.0.0.dylib (0x14083c890). This may cause spurious casting failures and mysterious crashes. One of the duplicates must be removed or renamed.
objc[26872]: Class SDLAppDelegate is implemented in both /Users/linmuyi/miniconda3/envs/llm_gs/lib/python3.9/site-packages/pygame/.dylibs/libSDL2-2.0.0.dylib (0x102a81318) and /Users/linmuyi/miniconda3/envs/llm_gs/lib/python3.9/site-packages/cv2/.dylibs/libSDL2-2.0.0.dylib (0x14083c8e0). This may cause spurious casting failures and mysterious crashes. One of the duplicates must be removed or renamed.
objc[26872]: Class SDLTranslatorResponder is implemented in both /Users/linmuyi/miniconda3/envs/llm_gs/lib/python3.9/site-packages/pygame/.dylibs/libSDL2-2.0.0.dylib (0x102a81390) and /Users/linmuyi/miniconda3/envs/llm_gs/lib/python3.9/site-packages/cv2/.dylibs/libSDL2-2.0.0.dylib (0x14083c958). This may cause spurious casting failures and mysterious crashes. One of the duplicates must be removed or renamed.
objc[26872]: Class SDLMessageBoxPresenter is implemented in both /Users/linmuyi/miniconda3/envs/llm_gs/lib/python3.9/site-packages/pygame/.dylibs/libSDL2-2.0.0.dylib (0x102a813b8) and /Users/linmuyi/miniconda3/envs/llm_gs/lib/python3.9/site-packages/cv2/.dylibs/libSDL2-2.0.0.dylib (0x14083c980). This may cause spurious casting failures and mysterious crashes. One of the duplicates must be removed or renamed.
objc[26872]: Class SDL_cocoametalview is implemented in both /Users/linmuyi/miniconda3/envs/llm_gs/lib/python3.9/site-packages/pygame/.dylibs/libSDL2-2.0.0.dylib (0x102a81408) and /Users/linmuyi/miniconda3/envs/llm_gs/lib/python3.9/site-packages/cv2/.dylibs/libSDL2-2.0.0.dylib (0x14083c9d0). This may cause spurious casting failures and mysterious crashes. One of the duplicates must be removed or renamed.
objc[26872]: Class SDLOpenGLContext is implemented in both /Users/linmuyi/miniconda3/envs/llm_gs/lib/python3.9/site-packages/pygame/.dylibs/libSDL2-2.0.0.dylib (0x102a81458) and /Users/linmuyi/miniconda3/envs/llm_gs/lib/python3.9/site-packages/cv2/.dylibs/libSDL2-2.0.0.dylib (0x14083ca20). This may cause spurious casting failures and mysterious crashes. One of the duplicates must be removed or renamed.
objc[26872]: Class SDL_ShapeData is implemented in both /Users/linmuyi/miniconda3/envs/llm_gs/lib/python3.9/site-packages/pygame/.dylibs/libSDL2-2.0.0.dylib (0x102a814d0) and /Users/linmuyi/miniconda3/envs/llm_gs/lib/python3.9/site-packages/cv2/.dylibs/libSDL2-2.0.0.dylib (0x14083ca98). This may cause spurious casting failures and mysterious crashes. One of the duplicates must be removed or renamed.
objc[26872]: Class SDL_CocoaClosure is implemented in both /Users/linmuyi/miniconda3/envs/llm_gs/lib/python3.9/site-packages/pygame/.dylibs/libSDL2-2.0.0.dylib (0x102a81520) and /Users/linmuyi/miniconda3/envs/llm_gs/lib/python3.9/site-packages/cv2/.dylibs/libSDL2-2.0.0.dylib (0x14083cae8). This may cause spurious casting failures and mysterious crashes. One of the duplicates must be removed or renamed.
objc[26872]: Class SDL_VideoData is implemented in both /Users/linmuyi/miniconda3/envs/llm_gs/lib/python3.9/site-packages/pygame/.dylibs/libSDL2-2.0.0.dylib (0x102a81570) and /Users/linmuyi/miniconda3/envs/llm_gs/lib/python3.9/site-packages/cv2/.dylibs/libSDL2-2.0.0.dylib (0x14083cb38). This may cause spurious casting failures and mysterious crashes. One of the duplicates must be removed or renamed.
objc[26872]: Class SDL_WindowData is implemented in both /Users/linmuyi/miniconda3/envs/llm_gs/lib/python3.9/site-packages/pygame/.dylibs/libSDL2-2.0.0.dylib (0x102a815c0) and /Users/linmuyi/miniconda3/envs/llm_gs/lib/python3.9/site-packages/cv2/.dylibs/libSDL2-2.0.0.dylib (0x14083cb88). This may cause spurious casting failures and mysterious crashes. One of the duplicates must be removed or renamed.
objc[26872]: Class SDLWindow is implemented in both /Users/linmuyi/miniconda3/envs/llm_gs/lib/python3.9/site-packages/pygame/.dylibs/libSDL2-2.0.0.dylib (0x102a815e8) and /Users/linmuyi/miniconda3/envs/llm_gs/lib/python3.9/site-packages/cv2/.dylibs/libSDL2-2.0.0.dylib (0x14083cbb0). This may cause spurious casting failures and mysterious crashes. One of the duplicates must be removed or renamed.
objc[26872]: Class Cocoa_WindowListener is implemented in both /Users/linmuyi/miniconda3/envs/llm_gs/lib/python3.9/site-packages/pygame/.dylibs/libSDL2-2.0.0.dylib (0x102a81610) and /Users/linmuyi/miniconda3/envs/llm_gs/lib/python3.9/site-packages/cv2/.dylibs/libSDL2-2.0.0.dylib (0x14083cbd8). This may cause spurious casting failures and mysterious crashes. One of the duplicates must be removed or renamed.
objc[26872]: Class SDLView is implemented in both /Users/linmuyi/miniconda3/envs/llm_gs/lib/python3.9/site-packages/pygame/.dylibs/libSDL2-2.0.0.dylib (0x102a81688) and /Users/linmuyi/miniconda3/envs/llm_gs/lib/python3.9/site-packages/cv2/.dylibs/libSDL2-2.0.0.dylib (0x14083cc50). This may cause spurious casting failures and mysterious crashes. One of the duplicates must be removed or renamed.
objc[26872]: Class METAL_RenderData is implemented in both /Users/linmuyi/miniconda3/envs/llm_gs/lib/python3.9/site-packages/pygame/.dylibs/libSDL2-2.0.0.dylib (0x102a81700) and /Users/linmuyi/miniconda3/envs/llm_gs/lib/python3.9/site-packages/cv2/.dylibs/libSDL2-2.0.0.dylib (0x14083ccc8). This may cause spurious casting failures and mysterious crashes. One of the duplicates must be removed or renamed.
objc[26872]: Class METAL_TextureData is implemented in both /Users/linmuyi/miniconda3/envs/llm_gs/lib/python3.9/site-packages/pygame/.dylibs/libSDL2-2.0.0.dylib (0x102a81750) and /Users/linmuyi/miniconda3/envs/llm_gs/lib/python3.9/site-packages/cv2/.dylibs/libSDL2-2.0.0.dylib (0x14083cd18). This may cause spurious casting failures and mysterious crashes. One of the duplicates must be removed or renamed.
objc[26872]: Class SDL_RumbleMotor is implemented in both /Users/linmuyi/miniconda3/envs/llm_gs/lib/python3.9/site-packages/pygame/.dylibs/libSDL2-2.0.0.dylib (0x102a81778) and /Users/linmuyi/miniconda3/envs/llm_gs/lib/python3.9/site-packages/cv2/.dylibs/libSDL2-2.0.0.dylib (0x14083cd40). This may cause spurious casting failures and mysterious crashes. One of the duplicates must be removed or renamed.
objc[26872]: Class SDL_RumbleContext is implemented in both /Users/linmuyi/miniconda3/envs/llm_gs/lib/python3.9/site-packages/pygame/.dylibs/libSDL2-2.0.0.dylib (0x102a817c8) and /Users/linmuyi/miniconda3/envs/llm_gs/lib/python3.9/site-packages/cv2/.dylibs/libSDL2-2.0.0.dylib (0x14083cd90). This may cause spurious casting failures and mysterious crashes. One of the duplicates must be removed or renamed.
[size_order] 1500000 steps, 30 checkpoints, curriculum

  steps=  50000  held=0.00  gate=0.00  bins=1/3  active= 30  (37s)
  steps= 100000  held=0.00  gate=0.00  bins=1/3  active= 30  (71s)
  steps= 150000  held=0.00  gate=0.01  bins=1/3  active= 30  (109s)
  steps= 200000  held=0.05  gate=0.18  bins=1/3  active= 30  (139s)
  steps= 250000  held=0.17  gate=0.31  bins=1/3  active= 30  (175s)
  steps= 300000  held=0.23  gate=0.39  bins=1/3  active= 30  (218s)
  steps= 350000  held=0.17  gate=0.32  bins=1/3  active= 30  (258s)
  steps= 400000  held=0.15  gate=0.29  bins=2/3  active= 60  [UNLOCK:deadline]  (301s)
  steps= 450000  held=0.19  gate=0.21  bins=2/3  active= 60  (354s)
  steps= 500000  held=0.10  gate=0.10  bins=2/3  active= 60  (413s)
  steps= 550000  held=0.18  gate=0.21  bins=2/3  active= 60  (468s)
  steps= 600000  held=0.27  gate=0.29  bins=2/3  active= 60  (504s)
  steps= 650000  held=0.30  gate=0.32  bins=2/3  active= 60  (560s)
  steps= 700000  held=0.22  gate=0.35  bins=2/3  active= 60  (615s)
  steps= 750000  held=0.34  gate=0.42  bins=2/3  active= 60  (667s)
  steps= 800000  held=0.42  gate=0.50  bins=3/3  active= 90  [UNLOCK:deadline]  (717s)
  steps= 850000  held=0.36  gate=0.36  bins=3/3  active= 90  (761s)
  steps= 900000  held=0.58  gate=0.58  bins=3/3  active= 90  (803s)
  steps= 950000  held=0.41  gate=0.41  bins=3/3  active= 90  (850s)
  steps=1000000  held=0.29  gate=0.29  bins=3/3  active= 90  (897s)
  steps=1050000  held=0.38  gate=0.38  bins=3/3  active= 90  (941s)
  steps=1100000  held=0.46  gate=0.46  bins=3/3  active= 90  (983s)
  steps=1150000  held=0.51  gate=0.51  bins=3/3  active= 90  (1024s)
  steps=1200000  held=0.38  gate=0.38  bins=3/3  active= 90  (1069s)
  steps=1250000  held=0.41  gate=0.41  bins=3/3  active= 90  (1111s)
  steps=1300000  held=0.56  gate=0.56  bins=3/3  active= 90  (1150s)
  steps=1350000  held=0.49  gate=0.49  bins=3/3  active= 90  (1193s)
  steps=1400000  held=0.49  gate=0.49  bins=3/3  active= 90  (1237s)
  steps=1450000  held=0.54  gate=0.54  bins=3/3  active= 90  (1280s)
  steps=1500000  held=0.64  gate=0.64  bins=3/3  active= 90  (1319s)

[size_order] DONE  final held=0.64  steps_to_0.3=750,000  wall=1320s  -> size_order_seed20.json
[size_order] per-cell held: s9N1=0.62  s9N2=0.62  s9N3=0.25  s13N1=1.00  s13N2=0.62  s13N3=0.62  s17N1=0.56  s17N2=0.62  s17N3=0.81
