[random_curriculum] train=90 layouts  held-out=36 layouts
objc[82375]: Class SDLApplication is implemented in both /Users/linmuyi/miniconda3/envs/llm_gs/lib/python3.9/site-packages/pygame/.dylibs/libSDL2-2.0.0.dylib (0x1124212c8) and /Users/linmuyi/miniconda3/envs/llm_gs/lib/python3.9/site-packages/cv2/.dylibs/libSDL2-2.0.0.dylib (0x137c20890). This may cause spurious casting failures and mysterious crashes. One of the duplicates must be removed or renamed.
objc[82375]: Class SDLAppDelegate is implemented in both /Users/linmuyi/miniconda3/envs/llm_gs/lib/python3.9/site-packages/pygame/.dylibs/libSDL2-2.0.0.dylib (0x112421318) and /Users/linmuyi/miniconda3/envs/llm_gs/lib/python3.9/site-packages/cv2/.dylibs/libSDL2-2.0.0.dylib (0x137c208e0). This may cause spurious casting failures and mysterious crashes. One of the duplicates must be removed or renamed.
objc[82375]: Class SDLTranslatorResponder is implemented in both /Users/linmuyi/miniconda3/envs/llm_gs/lib/python3.9/site-packages/pygame/.dylibs/libSDL2-2.0.0.dylib (0x112421390) and /Users/linmuyi/miniconda3/envs/llm_gs/lib/python3.9/site-packages/cv2/.dylibs/libSDL2-2.0.0.dylib (0x137c20958). This may cause spurious casting failures and mysterious crashes. One of the duplicates must be removed or renamed.
objc[82375]: Class SDLMessageBoxPresenter is implemented in both /Users/linmuyi/miniconda3/envs/llm_gs/lib/python3.9/site-packages/pygame/.dylibs/libSDL2-2.0.0.dylib (0x1124213b8) and /Users/linmuyi/miniconda3/envs/llm_gs/lib/python3.9/site-packages/cv2/.dylibs/libSDL2-2.0.0.dylib (0x137c20980). This may cause spurious casting failures and mysterious crashes. One of the duplicates must be removed or renamed.
objc[82375]: Class SDL_cocoametalview is implemented in both /Users/linmuyi/miniconda3/envs/llm_gs/lib/python3.9/site-packages/pygame/.dylibs/libSDL2-2.0.0.dylib (0x112421408) and /Users/linmuyi/miniconda3/envs/llm_gs/lib/python3.9/site-packages/cv2/.dylibs/libSDL2-2.0.0.dylib (0x137c209d0). This may cause spurious casting failures and mysterious crashes. One of the duplicates must be removed or renamed.
objc[82375]: Class SDLOpenGLContext is implemented in both /Users/linmuyi/miniconda3/envs/llm_gs/lib/python3.9/site-packages/pygame/.dylibs/libSDL2-2.0.0.dylib (0x112421458) and /Users/linmuyi/miniconda3/envs/llm_gs/lib/python3.9/site-packages/cv2/.dylibs/libSDL2-2.0.0.dylib (0x137c20a20). This may cause spurious casting failures and mysterious crashes. One of the duplicates must be removed or renamed.
objc[82375]: Class SDL_ShapeData is implemented in both /Users/linmuyi/miniconda3/envs/llm_gs/lib/python3.9/site-packages/pygame/.dylibs/libSDL2-2.0.0.dylib (0x1124214d0) and /Users/linmuyi/miniconda3/envs/llm_gs/lib/python3.9/site-packages/cv2/.dylibs/libSDL2-2.0.0.dylib (0x137c20a98). This may cause spurious casting failures and mysterious crashes. One of the duplicates must be removed or renamed.
objc[82375]: Class SDL_CocoaClosure is implemented in both /Users/linmuyi/miniconda3/envs/llm_gs/lib/python3.9/site-packages/pygame/.dylibs/libSDL2-2.0.0.dylib (0x112421520) and /Users/linmuyi/miniconda3/envs/llm_gs/lib/python3.9/site-packages/cv2/.dylibs/libSDL2-2.0.0.dylib (0x137c20ae8). This may cause spurious casting failures and mysterious crashes. One of the duplicates must be removed or renamed.
objc[82375]: Class SDL_VideoData is implemented in both /Users/linmuyi/miniconda3/envs/llm_gs/lib/python3.9/site-packages/pygame/.dylibs/libSDL2-2.0.0.dylib (0x112421570) and /Users/linmuyi/miniconda3/envs/llm_gs/lib/python3.9/site-packages/cv2/.dylibs/libSDL2-2.0.0.dylib (0x137c20b38). This may cause spurious casting failures and mysterious crashes. One of the duplicates must be removed or renamed.
objc[82375]: Class SDL_WindowData is implemented in both /Users/linmuyi/miniconda3/envs/llm_gs/lib/python3.9/site-packages/pygame/.dylibs/libSDL2-2.0.0.dylib (0x1124215c0) and /Users/linmuyi/miniconda3/envs/llm_gs/lib/python3.9/site-packages/cv2/.dylibs/libSDL2-2.0.0.dylib (0x137c20b88). This may cause spurious casting failures and mysterious crashes. One of the duplicates must be removed or renamed.
objc[82375]: Class SDLWindow is implemented in both /Users/linmuyi/miniconda3/envs/llm_gs/lib/python3.9/site-packages/pygame/.dylibs/libSDL2-2.0.0.dylib (0x1124215e8) and /Users/linmuyi/miniconda3/envs/llm_gs/lib/python3.9/site-packages/cv2/.dylibs/libSDL2-2.0.0.dylib (0x137c20bb0). This may cause spurious casting failures and mysterious crashes. One of the duplicates must be removed or renamed.
objc[82375]: Class Cocoa_WindowListener is implemented in both /Users/linmuyi/miniconda3/envs/llm_gs/lib/python3.9/site-packages/pygame/.dylibs/libSDL2-2.0.0.dylib (0x112421610) and /Users/linmuyi/miniconda3/envs/llm_gs/lib/python3.9/site-packages/cv2/.dylibs/libSDL2-2.0.0.dylib (0x137c20bd8). This may cause spurious casting failures and mysterious crashes. One of the duplicates must be removed or renamed.
objc[82375]: Class SDLView is implemented in both /Users/linmuyi/miniconda3/envs/llm_gs/lib/python3.9/site-packages/pygame/.dylibs/libSDL2-2.0.0.dylib (0x112421688) and /Users/linmuyi/miniconda3/envs/llm_gs/lib/python3.9/site-packages/cv2/.dylibs/libSDL2-2.0.0.dylib (0x137c20c50). This may cause spurious casting failures and mysterious crashes. One of the duplicates must be removed or renamed.
objc[82375]: Class METAL_RenderData is implemented in both /Users/linmuyi/miniconda3/envs/llm_gs/lib/python3.9/site-packages/pygame/.dylibs/libSDL2-2.0.0.dylib (0x112421700) and /Users/linmuyi/miniconda3/envs/llm_gs/lib/python3.9/site-packages/cv2/.dylibs/libSDL2-2.0.0.dylib (0x137c20cc8). This may cause spurious casting failures and mysterious crashes. One of the duplicates must be removed or renamed.
objc[82375]: Class METAL_TextureData is implemented in both /Users/linmuyi/miniconda3/envs/llm_gs/lib/python3.9/site-packages/pygame/.dylibs/libSDL2-2.0.0.dylib (0x112421750) and /Users/linmuyi/miniconda3/envs/llm_gs/lib/python3.9/site-packages/cv2/.dylibs/libSDL2-2.0.0.dylib (0x137c20d18). This may cause spurious casting failures and mysterious crashes. One of the duplicates must be removed or renamed.
objc[82375]: Class SDL_RumbleMotor is implemented in both /Users/linmuyi/miniconda3/envs/llm_gs/lib/python3.9/site-packages/pygame/.dylibs/libSDL2-2.0.0.dylib (0x112421778) and /Users/linmuyi/miniconda3/envs/llm_gs/lib/python3.9/site-packages/cv2/.dylibs/libSDL2-2.0.0.dylib (0x137c20d40). This may cause spurious casting failures and mysterious crashes. One of the duplicates must be removed or renamed.
objc[82375]: Class SDL_RumbleContext is implemented in both /Users/linmuyi/miniconda3/envs/llm_gs/lib/python3.9/site-packages/pygame/.dylibs/libSDL2-2.0.0.dylib (0x1124217c8) and /Users/linmuyi/miniconda3/envs/llm_gs/lib/python3.9/site-packages/cv2/.dylibs/libSDL2-2.0.0.dylib (0x137c20d90). This may cause spurious casting failures and mysterious crashes. One of the duplicates must be removed or renamed.
[random_curriculum] 1500000 steps, 30 checkpoints, curriculum

  steps=  50000  held=0.00  gate=0.00  bins=1/3  active= 30  (51s)
  steps= 100000  held=0.00  gate=0.00  bins=1/3  active= 30  (98s)
  steps= 150000  held=0.00  gate=0.00  bins=1/3  active= 30  (142s)
  steps= 200000  held=0.00  gate=0.00  bins=1/3  active= 30  (192s)
  steps= 250000  held=0.00  gate=0.00  bins=1/3  active= 30  (254s)
  steps= 300000  held=0.00  gate=0.00  bins=1/3  active= 30  (310s)
  steps= 350000  held=0.01  gate=0.00  bins=1/3  active= 30  (355s)
  steps= 400000  held=0.00  gate=0.00  bins=2/3  active= 60  [UNLOCK:deadline]  (399s)
  steps= 450000  held=0.00  gate=0.00  bins=2/3  active= 60  (456s)
  steps= 500000  held=0.07  gate=0.07  bins=2/3  active= 60  (498s)
  steps= 550000  held=0.13  gate=0.06  bins=2/3  active= 60  (533s)
  steps= 600000  held=0.02  gate=0.00  bins=2/3  active= 60  (595s)
  steps= 650000  held=0.00  gate=0.00  bins=2/3  active= 60  (665s)
  steps= 700000  held=0.00  gate=0.00  bins=2/3  active= 60  (737s)
  steps= 750000  held=0.01  gate=0.01  bins=2/3  active= 60  (805s)
  steps= 800000  held=0.01  gate=0.04  bins=3/3  active= 90  [UNLOCK:deadline]  (855s)
  steps= 850000  held=0.01  gate=0.01  bins=3/3  active= 90  (902s)
  steps= 900000  held=0.00  gate=0.00  bins=3/3  active= 90  (943s)
  steps= 950000  held=0.01  gate=0.01  bins=3/3  active= 90  (993s)
  steps=1000000  held=0.03  gate=0.03  bins=3/3  active= 90  (1038s)
  steps=1050000  held=0.01  gate=0.01  bins=3/3  active= 90  (1073s)
  steps=1100000  held=0.04  gate=0.04  bins=3/3  active= 90  (1120s)
  steps=1150000  held=0.03  gate=0.03  bins=3/3  active= 90  (1153s)
  steps=1200000  held=0.05  gate=0.05  bins=3/3  active= 90  (1197s)
  steps=1250000  held=0.02  gate=0.02  bins=3/3  active= 90  (1248s)
  steps=1300000  held=0.08  gate=0.08  bins=3/3  active= 90  (1298s)
  steps=1350000  held=0.04  gate=0.04  bins=3/3  active= 90  (1351s)
  steps=1400000  held=0.16  gate=0.16  bins=3/3  active= 90  (1403s)
  steps=1450000  held=0.11  gate=0.11  bins=3/3  active= 90  (1497s)
  steps=1500000  held=0.10  gate=0.10  bins=3/3  active= 90  (1570s)

[random_curriculum] DONE  final held=0.10  steps_to_0.3=NOT REACHED  wall=1570s  -> random_curriculum_seed12.json
[random_curriculum] per-cell held: s9N1=0.25  s9N2=0.06  s9N3=0.00  s13N1=0.25  s13N2=0.25  s13N3=0.00  s17N1=0.00  s17N2=0.12  s17N3=0.00
