[flat] train=90 layouts  held-out=36 layouts
objc[24638]: Class SDLApplication is implemented in both /Users/linmuyi/miniconda3/envs/llm_gs/lib/python3.9/site-packages/pygame/.dylibs/libSDL2-2.0.0.dylib (0x10355d2c8) and /Users/linmuyi/miniconda3/envs/llm_gs/lib/python3.9/site-packages/cv2/.dylibs/libSDL2-2.0.0.dylib (0x140950890). This may cause spurious casting failures and mysterious crashes. One of the duplicates must be removed or renamed.
objc[24638]: Class SDLAppDelegate is implemented in both /Users/linmuyi/miniconda3/envs/llm_gs/lib/python3.9/site-packages/pygame/.dylibs/libSDL2-2.0.0.dylib (0x10355d318) and /Users/linmuyi/miniconda3/envs/llm_gs/lib/python3.9/site-packages/cv2/.dylibs/libSDL2-2.0.0.dylib (0x1409508e0). This may cause spurious casting failures and mysterious crashes. One of the duplicates must be removed or renamed.
objc[24638]: Class SDLTranslatorResponder is implemented in both /Users/linmuyi/miniconda3/envs/llm_gs/lib/python3.9/site-packages/pygame/.dylibs/libSDL2-2.0.0.dylib (0x10355d390) and /Users/linmuyi/miniconda3/envs/llm_gs/lib/python3.9/site-packages/cv2/.dylibs/libSDL2-2.0.0.dylib (0x140950958). This may cause spurious casting failures and mysterious crashes. One of the duplicates must be removed or renamed.
objc[24638]: Class SDLMessageBoxPresenter is implemented in both /Users/linmuyi/miniconda3/envs/llm_gs/lib/python3.9/site-packages/pygame/.dylibs/libSDL2-2.0.0.dylib (0x10355d3b8) and /Users/linmuyi/miniconda3/envs/llm_gs/lib/python3.9/site-packages/cv2/.dylibs/libSDL2-2.0.0.dylib (0x140950980). This may cause spurious casting failures and mysterious crashes. One of the duplicates must be removed or renamed.
objc[24638]: Class SDL_cocoametalview is implemented in both /Users/linmuyi/miniconda3/envs/llm_gs/lib/python3.9/site-packages/pygame/.dylibs/libSDL2-2.0.0.dylib (0x10355d408) and /Users/linmuyi/miniconda3/envs/llm_gs/lib/python3.9/site-packages/cv2/.dylibs/libSDL2-2.0.0.dylib (0x1409509d0). This may cause spurious casting failures and mysterious crashes. One of the duplicates must be removed or renamed.
objc[24638]: Class SDLOpenGLContext is implemented in both /Users/linmuyi/miniconda3/envs/llm_gs/lib/python3.9/site-packages/pygame/.dylibs/libSDL2-2.0.0.dylib (0x10355d458) and /Users/linmuyi/miniconda3/envs/llm_gs/lib/python3.9/site-packages/cv2/.dylibs/libSDL2-2.0.0.dylib (0x140950a20). This may cause spurious casting failures and mysterious crashes. One of the duplicates must be removed or renamed.
objc[24638]: Class SDL_ShapeData is implemented in both /Users/linmuyi/miniconda3/envs/llm_gs/lib/python3.9/site-packages/pygame/.dylibs/libSDL2-2.0.0.dylib (0x10355d4d0) and /Users/linmuyi/miniconda3/envs/llm_gs/lib/python3.9/site-packages/cv2/.dylibs/libSDL2-2.0.0.dylib (0x140950a98). This may cause spurious casting failures and mysterious crashes. One of the duplicates must be removed or renamed.
objc[24638]: Class SDL_CocoaClosure is implemented in both /Users/linmuyi/miniconda3/envs/llm_gs/lib/python3.9/site-packages/pygame/.dylibs/libSDL2-2.0.0.dylib (0x10355d520) and /Users/linmuyi/miniconda3/envs/llm_gs/lib/python3.9/site-packages/cv2/.dylibs/libSDL2-2.0.0.dylib (0x140950ae8). This may cause spurious casting failures and mysterious crashes. One of the duplicates must be removed or renamed.
objc[24638]: Class SDL_VideoData is implemented in both /Users/linmuyi/miniconda3/envs/llm_gs/lib/python3.9/site-packages/pygame/.dylibs/libSDL2-2.0.0.dylib (0x10355d570) and /Users/linmuyi/miniconda3/envs/llm_gs/lib/python3.9/site-packages/cv2/.dylibs/libSDL2-2.0.0.dylib (0x140950b38). This may cause spurious casting failures and mysterious crashes. One of the duplicates must be removed or renamed.
objc[24638]: Class SDL_WindowData is implemented in both /Users/linmuyi/miniconda3/envs/llm_gs/lib/python3.9/site-packages/pygame/.dylibs/libSDL2-2.0.0.dylib (0x10355d5c0) and /Users/linmuyi/miniconda3/envs/llm_gs/lib/python3.9/site-packages/cv2/.dylibs/libSDL2-2.0.0.dylib (0x140950b88). This may cause spurious casting failures and mysterious crashes. One of the duplicates must be removed or renamed.
objc[24638]: Class SDLWindow is implemented in both /Users/linmuyi/miniconda3/envs/llm_gs/lib/python3.9/site-packages/pygame/.dylibs/libSDL2-2.0.0.dylib (0x10355d5e8) and /Users/linmuyi/miniconda3/envs/llm_gs/lib/python3.9/site-packages/cv2/.dylibs/libSDL2-2.0.0.dylib (0x140950bb0). This may cause spurious casting failures and mysterious crashes. One of the duplicates must be removed or renamed.
objc[24638]: Class Cocoa_WindowListener is implemented in both /Users/linmuyi/miniconda3/envs/llm_gs/lib/python3.9/site-packages/pygame/.dylibs/libSDL2-2.0.0.dylib (0x10355d610) and /Users/linmuyi/miniconda3/envs/llm_gs/lib/python3.9/site-packages/cv2/.dylibs/libSDL2-2.0.0.dylib (0x140950bd8). This may cause spurious casting failures and mysterious crashes. One of the duplicates must be removed or renamed.
objc[24638]: Class SDLView is implemented in both /Users/linmuyi/miniconda3/envs/llm_gs/lib/python3.9/site-packages/pygame/.dylibs/libSDL2-2.0.0.dylib (0x10355d688) and /Users/linmuyi/miniconda3/envs/llm_gs/lib/python3.9/site-packages/cv2/.dylibs/libSDL2-2.0.0.dylib (0x140950c50). This may cause spurious casting failures and mysterious crashes. One of the duplicates must be removed or renamed.
objc[24638]: Class METAL_RenderData is implemented in both /Users/linmuyi/miniconda3/envs/llm_gs/lib/python3.9/site-packages/pygame/.dylibs/libSDL2-2.0.0.dylib (0x10355d700) and /Users/linmuyi/miniconda3/envs/llm_gs/lib/python3.9/site-packages/cv2/.dylibs/libSDL2-2.0.0.dylib (0x140950cc8). This may cause spurious casting failures and mysterious crashes. One of the duplicates must be removed or renamed.
objc[24638]: Class METAL_TextureData is implemented in both /Users/linmuyi/miniconda3/envs/llm_gs/lib/python3.9/site-packages/pygame/.dylibs/libSDL2-2.0.0.dylib (0x10355d750) and /Users/linmuyi/miniconda3/envs/llm_gs/lib/python3.9/site-packages/cv2/.dylibs/libSDL2-2.0.0.dylib (0x140950d18). This may cause spurious casting failures and mysterious crashes. One of the duplicates must be removed or renamed.
objc[24638]: Class SDL_RumbleMotor is implemented in both /Users/linmuyi/miniconda3/envs/llm_gs/lib/python3.9/site-packages/pygame/.dylibs/libSDL2-2.0.0.dylib (0x10355d778) and /Users/linmuyi/miniconda3/envs/llm_gs/lib/python3.9/site-packages/cv2/.dylibs/libSDL2-2.0.0.dylib (0x140950d40). This may cause spurious casting failures and mysterious crashes. One of the duplicates must be removed or renamed.
objc[24638]: Class SDL_RumbleContext is implemented in both /Users/linmuyi/miniconda3/envs/llm_gs/lib/python3.9/site-packages/pygame/.dylibs/libSDL2-2.0.0.dylib (0x10355d7c8) and /Users/linmuyi/miniconda3/envs/llm_gs/lib/python3.9/site-packages/cv2/.dylibs/libSDL2-2.0.0.dylib (0x140950d90). This may cause spurious casting failures and mysterious crashes. One of the duplicates must be removed or renamed.
[flat] 1500000 steps, 30 checkpoints, flat (no curriculum)

  steps=  50000  held=0.00  gate=0.00  bins=3/3  active= 90  (33s)
  steps= 100000  held=0.01  gate=0.01  bins=3/3  active= 90  (62s)
  steps= 150000  held=0.01  gate=0.01  bins=3/3  active= 90  (94s)
  steps= 200000  held=0.03  gate=0.03  bins=3/3  active= 90  (127s)
  steps= 250000  held=0.12  gate=0.12  bins=3/3  active= 90  (161s)
  steps= 300000  held=0.03  gate=0.03  bins=3/3  active= 90  (201s)
  steps= 350000  held=0.02  gate=0.02  bins=3/3  active= 90  (241s)
  steps= 400000  held=0.03  gate=0.03  bins=3/3  active= 90  (279s)
  steps= 450000  held=0.03  gate=0.03  bins=3/3  active= 90  (330s)
  steps= 500000  held=0.09  gate=0.09  bins=3/3  active= 90  (376s)
  steps= 550000  held=0.03  gate=0.03  bins=3/3  active= 90  (414s)
  steps= 600000  held=0.08  gate=0.08  bins=3/3  active= 90  (464s)
  steps= 650000  held=0.03  gate=0.03  bins=3/3  active= 90  (492s)
  steps= 700000  held=0.02  gate=0.02  bins=3/3  active= 90  (539s)
  steps= 750000  held=0.13  gate=0.13  bins=3/3  active= 90  (577s)
  steps= 800000  held=0.10  gate=0.10  bins=3/3  active= 90  (625s)
  steps= 850000  held=0.12  gate=0.12  bins=3/3  active= 90  (671s)
  steps= 900000  held=0.13  gate=0.13  bins=3/3  active= 90  (714s)
  steps= 950000  held=0.12  gate=0.12  bins=3/3  active= 90  (746s)
  steps=1000000  held=0.13  gate=0.13  bins=3/3  active= 90  (779s)
  steps=1050000  held=0.08  gate=0.08  bins=3/3  active= 90  (819s)
  steps=1100000  held=0.00  gate=0.00  bins=3/3  active= 90  (870s)
  steps=1150000  held=0.08  gate=0.08  bins=3/3  active= 90  (915s)
  steps=1200000  held=0.04  gate=0.04  bins=3/3  active= 90  (963s)
  steps=1250000  held=0.00  gate=0.00  bins=3/3  active= 90  (1008s)
  steps=1300000  held=0.03  gate=0.03  bins=3/3  active= 90  (1050s)
  steps=1350000  held=0.15  gate=0.15  bins=3/3  active= 90  (1080s)
  steps=1400000  held=0.15  gate=0.15  bins=3/3  active= 90  (1124s)
  steps=1450000  held=0.05  gate=0.05  bins=3/3  active= 90  (1175s)
  steps=1500000  held=0.03  gate=0.03  bins=3/3  active= 90  (1227s)

[flat] DONE  final held=0.03  steps_to_0.3=NOT REACHED  wall=1227s  -> flat_seed20.json
[flat] per-cell held: s9N1=0.19  s9N2=0.00  s9N3=0.00  s13N1=0.00  s13N2=0.00  s13N3=0.00  s17N1=0.00  s17N2=0.12  s17N3=0.00
