[grader] train=90 layouts  held-out=36 layouts
objc[7702]: Class SDLApplication is implemented in both /Users/linmuyi/miniconda3/envs/llm_gs/lib/python3.9/site-packages/pygame/.dylibs/libSDL2-2.0.0.dylib (0x1095092c8) and /Users/linmuyi/miniconda3/envs/llm_gs/lib/python3.9/site-packages/cv2/.dylibs/libSDL2-2.0.0.dylib (0x14ac8c890). This may cause spurious casting failures and mysterious crashes. One of the duplicates must be removed or renamed.
objc[7702]: Class SDLAppDelegate is implemented in both /Users/linmuyi/miniconda3/envs/llm_gs/lib/python3.9/site-packages/pygame/.dylibs/libSDL2-2.0.0.dylib (0x109509318) and /Users/linmuyi/miniconda3/envs/llm_gs/lib/python3.9/site-packages/cv2/.dylibs/libSDL2-2.0.0.dylib (0x14ac8c8e0). This may cause spurious casting failures and mysterious crashes. One of the duplicates must be removed or renamed.
objc[7702]: Class SDLTranslatorResponder is implemented in both /Users/linmuyi/miniconda3/envs/llm_gs/lib/python3.9/site-packages/pygame/.dylibs/libSDL2-2.0.0.dylib (0x109509390) and /Users/linmuyi/miniconda3/envs/llm_gs/lib/python3.9/site-packages/cv2/.dylibs/libSDL2-2.0.0.dylib (0x14ac8c958). This may cause spurious casting failures and mysterious crashes. One of the duplicates must be removed or renamed.
objc[7702]: Class SDLMessageBoxPresenter is implemented in both /Users/linmuyi/miniconda3/envs/llm_gs/lib/python3.9/site-packages/pygame/.dylibs/libSDL2-2.0.0.dylib (0x1095093b8) and /Users/linmuyi/miniconda3/envs/llm_gs/lib/python3.9/site-packages/cv2/.dylibs/libSDL2-2.0.0.dylib (0x14ac8c980). This may cause spurious casting failures and mysterious crashes. One of the duplicates must be removed or renamed.
objc[7702]: Class SDL_cocoametalview is implemented in both /Users/linmuyi/miniconda3/envs/llm_gs/lib/python3.9/site-packages/pygame/.dylibs/libSDL2-2.0.0.dylib (0x109509408) and /Users/linmuyi/miniconda3/envs/llm_gs/lib/python3.9/site-packages/cv2/.dylibs/libSDL2-2.0.0.dylib (0x14ac8c9d0). This may cause spurious casting failures and mysterious crashes. One of the duplicates must be removed or renamed.
objc[7702]: Class SDLOpenGLContext is implemented in both /Users/linmuyi/miniconda3/envs/llm_gs/lib/python3.9/site-packages/pygame/.dylibs/libSDL2-2.0.0.dylib (0x109509458) and /Users/linmuyi/miniconda3/envs/llm_gs/lib/python3.9/site-packages/cv2/.dylibs/libSDL2-2.0.0.dylib (0x14ac8ca20). This may cause spurious casting failures and mysterious crashes. One of the duplicates must be removed or renamed.
objc[7702]: Class SDL_ShapeData is implemented in both /Users/linmuyi/miniconda3/envs/llm_gs/lib/python3.9/site-packages/pygame/.dylibs/libSDL2-2.0.0.dylib (0x1095094d0) and /Users/linmuyi/miniconda3/envs/llm_gs/lib/python3.9/site-packages/cv2/.dylibs/libSDL2-2.0.0.dylib (0x14ac8ca98). This may cause spurious casting failures and mysterious crashes. One of the duplicates must be removed or renamed.
objc[7702]: Class SDL_CocoaClosure is implemented in both /Users/linmuyi/miniconda3/envs/llm_gs/lib/python3.9/site-packages/pygame/.dylibs/libSDL2-2.0.0.dylib (0x109509520) and /Users/linmuyi/miniconda3/envs/llm_gs/lib/python3.9/site-packages/cv2/.dylibs/libSDL2-2.0.0.dylib (0x14ac8cae8). This may cause spurious casting failures and mysterious crashes. One of the duplicates must be removed or renamed.
objc[7702]: Class SDL_VideoData is implemented in both /Users/linmuyi/miniconda3/envs/llm_gs/lib/python3.9/site-packages/pygame/.dylibs/libSDL2-2.0.0.dylib (0x109509570) and /Users/linmuyi/miniconda3/envs/llm_gs/lib/python3.9/site-packages/cv2/.dylibs/libSDL2-2.0.0.dylib (0x14ac8cb38). This may cause spurious casting failures and mysterious crashes. One of the duplicates must be removed or renamed.
objc[7702]: Class SDL_WindowData is implemented in both /Users/linmuyi/miniconda3/envs/llm_gs/lib/python3.9/site-packages/pygame/.dylibs/libSDL2-2.0.0.dylib (0x1095095c0) and /Users/linmuyi/miniconda3/envs/llm_gs/lib/python3.9/site-packages/cv2/.dylibs/libSDL2-2.0.0.dylib (0x14ac8cb88). This may cause spurious casting failures and mysterious crashes. One of the duplicates must be removed or renamed.
objc[7702]: Class SDLWindow is implemented in both /Users/linmuyi/miniconda3/envs/llm_gs/lib/python3.9/site-packages/pygame/.dylibs/libSDL2-2.0.0.dylib (0x1095095e8) and /Users/linmuyi/miniconda3/envs/llm_gs/lib/python3.9/site-packages/cv2/.dylibs/libSDL2-2.0.0.dylib (0x14ac8cbb0). This may cause spurious casting failures and mysterious crashes. One of the duplicates must be removed or renamed.
objc[7702]: Class Cocoa_WindowListener is implemented in both /Users/linmuyi/miniconda3/envs/llm_gs/lib/python3.9/site-packages/pygame/.dylibs/libSDL2-2.0.0.dylib (0x109509610) and /Users/linmuyi/miniconda3/envs/llm_gs/lib/python3.9/site-packages/cv2/.dylibs/libSDL2-2.0.0.dylib (0x14ac8cbd8). This may cause spurious casting failures and mysterious crashes. One of the duplicates must be removed or renamed.
objc[7702]: Class SDLView is implemented in both /Users/linmuyi/miniconda3/envs/llm_gs/lib/python3.9/site-packages/pygame/.dylibs/libSDL2-2.0.0.dylib (0x109509688) and /Users/linmuyi/miniconda3/envs/llm_gs/lib/python3.9/site-packages/cv2/.dylibs/libSDL2-2.0.0.dylib (0x14ac8cc50). This may cause spurious casting failures and mysterious crashes. One of the duplicates must be removed or renamed.
objc[7702]: Class METAL_RenderData is implemented in both /Users/linmuyi/miniconda3/envs/llm_gs/lib/python3.9/site-packages/pygame/.dylibs/libSDL2-2.0.0.dylib (0x109509700) and /Users/linmuyi/miniconda3/envs/llm_gs/lib/python3.9/site-packages/cv2/.dylibs/libSDL2-2.0.0.dylib (0x14ac8ccc8). This may cause spurious casting failures and mysterious crashes. One of the duplicates must be removed or renamed.
objc[7702]: Class METAL_TextureData is implemented in both /Users/linmuyi/miniconda3/envs/llm_gs/lib/python3.9/site-packages/pygame/.dylibs/libSDL2-2.0.0.dylib (0x109509750) and /Users/linmuyi/miniconda3/envs/llm_gs/lib/python3.9/site-packages/cv2/.dylibs/libSDL2-2.0.0.dylib (0x14ac8cd18). This may cause spurious casting failures and mysterious crashes. One of the duplicates must be removed or renamed.
objc[7702]: Class SDL_RumbleMotor is implemented in both /Users/linmuyi/miniconda3/envs/llm_gs/lib/python3.9/site-packages/pygame/.dylibs/libSDL2-2.0.0.dylib (0x109509778) and /Users/linmuyi/miniconda3/envs/llm_gs/lib/python3.9/site-packages/cv2/.dylibs/libSDL2-2.0.0.dylib (0x14ac8cd40). This may cause spurious casting failures and mysterious crashes. One of the duplicates must be removed or renamed.
objc[7702]: Class SDL_RumbleContext is implemented in both /Users/linmuyi/miniconda3/envs/llm_gs/lib/python3.9/site-packages/pygame/.dylibs/libSDL2-2.0.0.dylib (0x1095097c8) and /Users/linmuyi/miniconda3/envs/llm_gs/lib/python3.9/site-packages/cv2/.dylibs/libSDL2-2.0.0.dylib (0x14ac8cd90). This may cause spurious casting failures and mysterious crashes. One of the duplicates must be removed or renamed.
[grader] 1500000 steps, 30 checkpoints, curriculum

  steps=  50000  held=0.01  gate=0.00  bins=1/3  active= 30  (39s)
  steps= 100000  held=0.00  gate=0.00  bins=1/3  active= 30  (82s)
  steps= 150000  held=0.00  gate=0.00  bins=1/3  active= 30  (131s)
  steps= 200000  held=0.00  gate=0.01  bins=1/3  active= 30  (162s)
  steps= 250000  held=0.02  gate=0.10  bins=1/3  active= 30  (190s)
  steps= 300000  held=0.03  gate=0.11  bins=1/3  active= 30  (218s)
  steps= 350000  held=0.03  gate=0.22  bins=1/3  active= 30  (245s)
  steps= 400000  held=0.03  gate=0.15  bins=2/3  active= 60  [UNLOCK:deadline]  (285s)
  steps= 450000  held=0.03  gate=0.10  bins=2/3  active= 60  (316s)
  steps= 500000  held=0.06  gate=0.06  bins=2/3  active= 60  (347s)
  steps= 550000  held=0.03  gate=0.11  bins=2/3  active= 60  (384s)
  steps= 600000  held=0.06  gate=0.07  bins=2/3  active= 60  (424s)
  steps= 650000  held=0.02  gate=0.11  bins=2/3  active= 60  (473s)
  steps= 700000  held=0.03  gate=0.11  bins=2/3  active= 60  (511s)
  steps= 750000  held=0.03  gate=0.06  bins=2/3  active= 60  (559s)
  steps= 800000  held=0.04  gate=0.17  bins=3/3  active= 90  [UNLOCK:deadline]  (601s)
  steps= 850000  held=0.03  gate=0.03  bins=3/3  active= 90  (635s)
  steps= 900000  held=0.04  gate=0.04  bins=3/3  active= 90  (670s)
  steps= 950000  held=0.03  gate=0.03  bins=3/3  active= 90  (711s)
  steps=1000000  held=0.03  gate=0.03  bins=3/3  active= 90  (754s)
  steps=1050000  held=0.00  gate=0.00  bins=3/3  active= 90  (803s)
  steps=1100000  held=0.00  gate=0.00  bins=3/3  active= 90  (844s)
  steps=1150000  held=0.08  gate=0.08  bins=3/3  active= 90  (887s)
  steps=1200000  held=0.11  gate=0.11  bins=3/3  active= 90  (928s)
  steps=1250000  held=0.28  gate=0.28  bins=3/3  active= 90  (978s)
  steps=1300000  held=0.29  gate=0.29  bins=3/3  active= 90  (1024s)
  steps=1350000  held=0.42  gate=0.42  bins=3/3  active= 90  (1069s)
  steps=1400000  held=0.28  gate=0.28  bins=3/3  active= 90  (1122s)
  steps=1450000  held=0.46  gate=0.46  bins=3/3  active= 90  (1167s)
  steps=1500000  held=0.33  gate=0.33  bins=3/3  active= 90  (1214s)

[grader] DONE  final held=0.33  steps_to_0.3=1,350,000  wall=1214s  -> grader_seed14.json
[grader] per-cell held: s9N1=0.50  s9N2=0.25  s9N3=0.00  s13N1=0.88  s13N2=0.12  s13N3=0.06  s17N1=0.56  s17N2=0.31  s17N3=0.25
