[flat] train=90 layouts  held-out=36 layouts
objc[34656]: Class SDLApplication is implemented in both /Users/linmuyi/miniconda3/envs/llm_gs/lib/python3.9/site-packages/pygame/.dylibs/libSDL2-2.0.0.dylib (0x106fbd2c8) and /Users/linmuyi/miniconda3/envs/llm_gs/lib/python3.9/site-packages/cv2/.dylibs/libSDL2-2.0.0.dylib (0x3136ac890). This may cause spurious casting failures and mysterious crashes. One of the duplicates must be removed or renamed.
objc[34656]: Class SDLAppDelegate is implemented in both /Users/linmuyi/miniconda3/envs/llm_gs/lib/python3.9/site-packages/pygame/.dylibs/libSDL2-2.0.0.dylib (0x106fbd318) and /Users/linmuyi/miniconda3/envs/llm_gs/lib/python3.9/site-packages/cv2/.dylibs/libSDL2-2.0.0.dylib (0x3136ac8e0). This may cause spurious casting failures and mysterious crashes. One of the duplicates must be removed or renamed.
objc[34656]: Class SDLTranslatorResponder is implemented in both /Users/linmuyi/miniconda3/envs/llm_gs/lib/python3.9/site-packages/pygame/.dylibs/libSDL2-2.0.0.dylib (0x106fbd390) and /Users/linmuyi/miniconda3/envs/llm_gs/lib/python3.9/site-packages/cv2/.dylibs/libSDL2-2.0.0.dylib (0x3136ac958). This may cause spurious casting failures and mysterious crashes. One of the duplicates must be removed or renamed.
objc[34656]: Class SDLMessageBoxPresenter is implemented in both /Users/linmuyi/miniconda3/envs/llm_gs/lib/python3.9/site-packages/pygame/.dylibs/libSDL2-2.0.0.dylib (0x106fbd3b8) and /Users/linmuyi/miniconda3/envs/llm_gs/lib/python3.9/site-packages/cv2/.dylibs/libSDL2-2.0.0.dylib (0x3136ac980). This may cause spurious casting failures and mysterious crashes. One of the duplicates must be removed or renamed.
objc[34656]: Class SDL_cocoametalview is implemented in both /Users/linmuyi/miniconda3/envs/llm_gs/lib/python3.9/site-packages/pygame/.dylibs/libSDL2-2.0.0.dylib (0x106fbd408) and /Users/linmuyi/miniconda3/envs/llm_gs/lib/python3.9/site-packages/cv2/.dylibs/libSDL2-2.0.0.dylib (0x3136ac9d0). This may cause spurious casting failures and mysterious crashes. One of the duplicates must be removed or renamed.
objc[34656]: Class SDLOpenGLContext is implemented in both /Users/linmuyi/miniconda3/envs/llm_gs/lib/python3.9/site-packages/pygame/.dylibs/libSDL2-2.0.0.dylib (0x106fbd458) and /Users/linmuyi/miniconda3/envs/llm_gs/lib/python3.9/site-packages/cv2/.dylibs/libSDL2-2.0.0.dylib (0x3136aca20). This may cause spurious casting failures and mysterious crashes. One of the duplicates must be removed or renamed.
objc[34656]: Class SDL_ShapeData is implemented in both /Users/linmuyi/miniconda3/envs/llm_gs/lib/python3.9/site-packages/pygame/.dylibs/libSDL2-2.0.0.dylib (0x106fbd4d0) and /Users/linmuyi/miniconda3/envs/llm_gs/lib/python3.9/site-packages/cv2/.dylibs/libSDL2-2.0.0.dylib (0x3136aca98). This may cause spurious casting failures and mysterious crashes. One of the duplicates must be removed or renamed.
objc[34656]: Class SDL_CocoaClosure is implemented in both /Users/linmuyi/miniconda3/envs/llm_gs/lib/python3.9/site-packages/pygame/.dylibs/libSDL2-2.0.0.dylib (0x106fbd520) and /Users/linmuyi/miniconda3/envs/llm_gs/lib/python3.9/site-packages/cv2/.dylibs/libSDL2-2.0.0.dylib (0x3136acae8). This may cause spurious casting failures and mysterious crashes. One of the duplicates must be removed or renamed.
objc[34656]: Class SDL_VideoData is implemented in both /Users/linmuyi/miniconda3/envs/llm_gs/lib/python3.9/site-packages/pygame/.dylibs/libSDL2-2.0.0.dylib (0x106fbd570) and /Users/linmuyi/miniconda3/envs/llm_gs/lib/python3.9/site-packages/cv2/.dylibs/libSDL2-2.0.0.dylib (0x3136acb38). This may cause spurious casting failures and mysterious crashes. One of the duplicates must be removed or renamed.
objc[34656]: Class SDL_WindowData is implemented in both /Users/linmuyi/miniconda3/envs/llm_gs/lib/python3.9/site-packages/pygame/.dylibs/libSDL2-2.0.0.dylib (0x106fbd5c0) and /Users/linmuyi/miniconda3/envs/llm_gs/lib/python3.9/site-packages/cv2/.dylibs/libSDL2-2.0.0.dylib (0x3136acb88). This may cause spurious casting failures and mysterious crashes. One of the duplicates must be removed or renamed.
objc[34656]: Class SDLWindow is implemented in both /Users/linmuyi/miniconda3/envs/llm_gs/lib/python3.9/site-packages/pygame/.dylibs/libSDL2-2.0.0.dylib (0x106fbd5e8) and /Users/linmuyi/miniconda3/envs/llm_gs/lib/python3.9/site-packages/cv2/.dylibs/libSDL2-2.0.0.dylib (0x3136acbb0). This may cause spurious casting failures and mysterious crashes. One of the duplicates must be removed or renamed.
objc[34656]: Class Cocoa_WindowListener is implemented in both /Users/linmuyi/miniconda3/envs/llm_gs/lib/python3.9/site-packages/pygame/.dylibs/libSDL2-2.0.0.dylib (0x106fbd610) and /Users/linmuyi/miniconda3/envs/llm_gs/lib/python3.9/site-packages/cv2/.dylibs/libSDL2-2.0.0.dylib (0x3136acbd8). This may cause spurious casting failures and mysterious crashes. One of the duplicates must be removed or renamed.
objc[34656]: Class SDLView is implemented in both /Users/linmuyi/miniconda3/envs/llm_gs/lib/python3.9/site-packages/pygame/.dylibs/libSDL2-2.0.0.dylib (0x106fbd688) and /Users/linmuyi/miniconda3/envs/llm_gs/lib/python3.9/site-packages/cv2/.dylibs/libSDL2-2.0.0.dylib (0x3136acc50). This may cause spurious casting failures and mysterious crashes. One of the duplicates must be removed or renamed.
objc[34656]: Class METAL_RenderData is implemented in both /Users/linmuyi/miniconda3/envs/llm_gs/lib/python3.9/site-packages/pygame/.dylibs/libSDL2-2.0.0.dylib (0x106fbd700) and /Users/linmuyi/miniconda3/envs/llm_gs/lib/python3.9/site-packages/cv2/.dylibs/libSDL2-2.0.0.dylib (0x3136accc8). This may cause spurious casting failures and mysterious crashes. One of the duplicates must be removed or renamed.
objc[34656]: Class METAL_TextureData is implemented in both /Users/linmuyi/miniconda3/envs/llm_gs/lib/python3.9/site-packages/pygame/.dylibs/libSDL2-2.0.0.dylib (0x106fbd750) and /Users/linmuyi/miniconda3/envs/llm_gs/lib/python3.9/site-packages/cv2/.dylibs/libSDL2-2.0.0.dylib (0x3136acd18). This may cause spurious casting failures and mysterious crashes. One of the duplicates must be removed or renamed.
objc[34656]: Class SDL_RumbleMotor is implemented in both /Users/linmuyi/miniconda3/envs/llm_gs/lib/python3.9/site-packages/pygame/.dylibs/libSDL2-2.0.0.dylib (0x106fbd778) and /Users/linmuyi/miniconda3/envs/llm_gs/lib/python3.9/site-packages/cv2/.dylibs/libSDL2-2.0.0.dylib (0x3136acd40). This may cause spurious casting failures and mysterious crashes. One of the duplicates must be removed or renamed.
objc[34656]: Class SDL_RumbleContext is implemented in both /Users/linmuyi/miniconda3/envs/llm_gs/lib/python3.9/site-packages/pygame/.dylibs/libSDL2-2.0.0.dylib (0x106fbd7c8) and /Users/linmuyi/miniconda3/envs/llm_gs/lib/python3.9/site-packages/cv2/.dylibs/libSDL2-2.0.0.dylib (0x3136acd90). This may cause spurious casting failures and mysterious crashes. One of the duplicates must be removed or renamed.
[flat] 1500000 steps, 30 checkpoints, flat (no curriculum)

  steps=  50000  held=0.00  gate=0.00  bins=3/3  active= 90  (39s)
  steps= 100000  held=0.00  gate=0.00  bins=3/3  active= 90  (77s)
  steps= 150000  held=0.01  gate=0.01  bins=3/3  active= 90  (112s)
  steps= 200000  held=0.01  gate=0.01  bins=3/3  active= 90  (140s)
  steps= 250000  held=0.00  gate=0.00  bins=3/3  active= 90  (169s)
  steps= 300000  held=0.03  gate=0.03  bins=3/3  active= 90  (196s)
  steps= 350000  held=0.00  gate=0.00  bins=3/3  active= 90  (236s)
  steps= 400000  held=0.03  gate=0.03  bins=3/3  active= 90  (267s)
  steps= 450000  held=0.02  gate=0.02  bins=3/3  active= 90  (305s)
  steps= 500000  held=0.00  gate=0.00  bins=3/3  active= 90  (349s)
  steps= 550000  held=0.00  gate=0.00  bins=3/3  active= 90  (390s)
  steps= 600000  held=0.00  gate=0.00  bins=3/3  active= 90  (432s)
  steps= 650000  held=0.00  gate=0.00  bins=3/3  active= 90  (470s)
  steps= 700000  held=0.00  gate=0.00  bins=3/3  active= 90  (508s)
  steps= 750000  held=0.00  gate=0.00  bins=3/3  active= 90  (543s)
  steps= 800000  held=0.01  gate=0.01  bins=3/3  active= 90  (574s)
  steps= 850000  held=0.08  gate=0.08  bins=3/3  active= 90  (607s)
  steps= 900000  held=0.00  gate=0.00  bins=3/3  active= 90  (653s)
  steps= 950000  held=0.00  gate=0.00  bins=3/3  active= 90  (696s)
  steps=1000000  held=0.00  gate=0.00  bins=3/3  active= 90  (737s)
  steps=1050000  held=0.02  gate=0.02  bins=3/3  active= 90  (773s)
  steps=1100000  held=0.08  gate=0.08  bins=3/3  active= 90  (814s)
  steps=1150000  held=0.12  gate=0.12  bins=3/3  active= 90  (856s)
  steps=1200000  held=0.03  gate=0.03  bins=3/3  active= 90  (902s)
  steps=1250000  held=0.08  gate=0.08  bins=3/3  active= 90  (932s)
  steps=1300000  held=0.06  gate=0.06  bins=3/3  active= 90  (966s)
  steps=1350000  held=0.13  gate=0.13  bins=3/3  active= 90  (1013s)
  steps=1400000  held=0.06  gate=0.06  bins=3/3  active= 90  (1065s)
  steps=1450000  held=0.14  gate=0.14  bins=3/3  active= 90  (1100s)
  steps=1500000  held=0.15  gate=0.15  bins=3/3  active= 90  (1142s)

[flat] DONE  final held=0.15  steps_to_0.3=NOT REACHED  wall=1142s  -> flat_seed16.json
[flat] per-cell held: s9N1=0.25  s9N2=0.12  s9N3=0.00  s13N1=0.19  s13N2=0.19  s13N3=0.00  s17N1=0.00  s17N2=0.38  s17N3=0.19
