[size_order] train=90 layouts  held-out=36 layouts
objc[78273]: Class SDLApplication is implemented in both /Users/linmuyi/miniconda3/envs/llm_gs/lib/python3.9/site-packages/pygame/.dylibs/libSDL2-2.0.0.dylib (0x1049912c8) and /Users/linmuyi/miniconda3/envs/llm_gs/lib/python3.9/site-packages/cv2/.dylibs/libSDL2-2.0.0.dylib (0x137f38890). This may cause spurious casting failures and mysterious crashes. One of the duplicates must be removed or renamed.
objc[78273]: Class SDLAppDelegate is implemented in both /Users/linmuyi/miniconda3/envs/llm_gs/lib/python3.9/site-packages/pygame/.dylibs/libSDL2-2.0.0.dylib (0x104991318) and /Users/linmuyi/miniconda3/envs/llm_gs/lib/python3.9/site-packages/cv2/.dylibs/libSDL2-2.0.0.dylib (0x137f388e0). This may cause spurious casting failures and mysterious crashes. One of the duplicates must be removed or renamed.
objc[78273]: Class SDLTranslatorResponder is implemented in both /Users/linmuyi/miniconda3/envs/llm_gs/lib/python3.9/site-packages/pygame/.dylibs/libSDL2-2.0.0.dylib (0x104991390) and /Users/linmuyi/miniconda3/envs/llm_gs/lib/python3.9/site-packages/cv2/.dylibs/libSDL2-2.0.0.dylib (0x137f38958). This may cause spurious casting failures and mysterious crashes. One of the duplicates must be removed or renamed.
objc[78273]: Class SDLMessageBoxPresenter is implemented in both /Users/linmuyi/miniconda3/envs/llm_gs/lib/python3.9/site-packages/pygame/.dylibs/libSDL2-2.0.0.dylib (0x1049913b8) and /Users/linmuyi/miniconda3/envs/llm_gs/lib/python3.9/site-packages/cv2/.dylibs/libSDL2-2.0.0.dylib (0x137f38980). This may cause spurious casting failures and mysterious crashes. One of the duplicates must be removed or renamed.
objc[78273]: Class SDL_cocoametalview is implemented in both /Users/linmuyi/miniconda3/envs/llm_gs/lib/python3.9/site-packages/pygame/.dylibs/libSDL2-2.0.0.dylib (0x104991408) and /Users/linmuyi/miniconda3/envs/llm_gs/lib/python3.9/site-packages/cv2/.dylibs/libSDL2-2.0.0.dylib (0x137f389d0). This may cause spurious casting failures and mysterious crashes. One of the duplicates must be removed or renamed.
objc[78273]: Class SDLOpenGLContext is implemented in both /Users/linmuyi/miniconda3/envs/llm_gs/lib/python3.9/site-packages/pygame/.dylibs/libSDL2-2.0.0.dylib (0x104991458) and /Users/linmuyi/miniconda3/envs/llm_gs/lib/python3.9/site-packages/cv2/.dylibs/libSDL2-2.0.0.dylib (0x137f38a20). This may cause spurious casting failures and mysterious crashes. One of the duplicates must be removed or renamed.
objc[78273]: Class SDL_ShapeData is implemented in both /Users/linmuyi/miniconda3/envs/llm_gs/lib/python3.9/site-packages/pygame/.dylibs/libSDL2-2.0.0.dylib (0x1049914d0) and /Users/linmuyi/miniconda3/envs/llm_gs/lib/python3.9/site-packages/cv2/.dylibs/libSDL2-2.0.0.dylib (0x137f38a98). This may cause spurious casting failures and mysterious crashes. One of the duplicates must be removed or renamed.
objc[78273]: Class SDL_CocoaClosure is implemented in both /Users/linmuyi/miniconda3/envs/llm_gs/lib/python3.9/site-packages/pygame/.dylibs/libSDL2-2.0.0.dylib (0x104991520) and /Users/linmuyi/miniconda3/envs/llm_gs/lib/python3.9/site-packages/cv2/.dylibs/libSDL2-2.0.0.dylib (0x137f38ae8). This may cause spurious casting failures and mysterious crashes. One of the duplicates must be removed or renamed.
objc[78273]: Class SDL_VideoData is implemented in both /Users/linmuyi/miniconda3/envs/llm_gs/lib/python3.9/site-packages/pygame/.dylibs/libSDL2-2.0.0.dylib (0x104991570) and /Users/linmuyi/miniconda3/envs/llm_gs/lib/python3.9/site-packages/cv2/.dylibs/libSDL2-2.0.0.dylib (0x137f38b38). This may cause spurious casting failures and mysterious crashes. One of the duplicates must be removed or renamed.
objc[78273]: Class SDL_WindowData is implemented in both /Users/linmuyi/miniconda3/envs/llm_gs/lib/python3.9/site-packages/pygame/.dylibs/libSDL2-2.0.0.dylib (0x1049915c0) and /Users/linmuyi/miniconda3/envs/llm_gs/lib/python3.9/site-packages/cv2/.dylibs/libSDL2-2.0.0.dylib (0x137f38b88). This may cause spurious casting failures and mysterious crashes. One of the duplicates must be removed or renamed.
objc[78273]: Class SDLWindow is implemented in both /Users/linmuyi/miniconda3/envs/llm_gs/lib/python3.9/site-packages/pygame/.dylibs/libSDL2-2.0.0.dylib (0x1049915e8) and /Users/linmuyi/miniconda3/envs/llm_gs/lib/python3.9/site-packages/cv2/.dylibs/libSDL2-2.0.0.dylib (0x137f38bb0). This may cause spurious casting failures and mysterious crashes. One of the duplicates must be removed or renamed.
objc[78273]: Class Cocoa_WindowListener is implemented in both /Users/linmuyi/miniconda3/envs/llm_gs/lib/python3.9/site-packages/pygame/.dylibs/libSDL2-2.0.0.dylib (0x104991610) and /Users/linmuyi/miniconda3/envs/llm_gs/lib/python3.9/site-packages/cv2/.dylibs/libSDL2-2.0.0.dylib (0x137f38bd8). This may cause spurious casting failures and mysterious crashes. One of the duplicates must be removed or renamed.
objc[78273]: Class SDLView is implemented in both /Users/linmuyi/miniconda3/envs/llm_gs/lib/python3.9/site-packages/pygame/.dylibs/libSDL2-2.0.0.dylib (0x104991688) and /Users/linmuyi/miniconda3/envs/llm_gs/lib/python3.9/site-packages/cv2/.dylibs/libSDL2-2.0.0.dylib (0x137f38c50). This may cause spurious casting failures and mysterious crashes. One of the duplicates must be removed or renamed.
objc[78273]: Class METAL_RenderData is implemented in both /Users/linmuyi/miniconda3/envs/llm_gs/lib/python3.9/site-packages/pygame/.dylibs/libSDL2-2.0.0.dylib (0x104991700) and /Users/linmuyi/miniconda3/envs/llm_gs/lib/python3.9/site-packages/cv2/.dylibs/libSDL2-2.0.0.dylib (0x137f38cc8). This may cause spurious casting failures and mysterious crashes. One of the duplicates must be removed or renamed.
objc[78273]: Class METAL_TextureData is implemented in both /Users/linmuyi/miniconda3/envs/llm_gs/lib/python3.9/site-packages/pygame/.dylibs/libSDL2-2.0.0.dylib (0x104991750) and /Users/linmuyi/miniconda3/envs/llm_gs/lib/python3.9/site-packages/cv2/.dylibs/libSDL2-2.0.0.dylib (0x137f38d18). This may cause spurious casting failures and mysterious crashes. One of the duplicates must be removed or renamed.
objc[78273]: Class SDL_RumbleMotor is implemented in both /Users/linmuyi/miniconda3/envs/llm_gs/lib/python3.9/site-packages/pygame/.dylibs/libSDL2-2.0.0.dylib (0x104991778) and /Users/linmuyi/miniconda3/envs/llm_gs/lib/python3.9/site-packages/cv2/.dylibs/libSDL2-2.0.0.dylib (0x137f38d40). This may cause spurious casting failures and mysterious crashes. One of the duplicates must be removed or renamed.
objc[78273]: Class SDL_RumbleContext is implemented in both /Users/linmuyi/miniconda3/envs/llm_gs/lib/python3.9/site-packages/pygame/.dylibs/libSDL2-2.0.0.dylib (0x1049917c8) and /Users/linmuyi/miniconda3/envs/llm_gs/lib/python3.9/site-packages/cv2/.dylibs/libSDL2-2.0.0.dylib (0x137f38d90). This may cause spurious casting failures and mysterious crashes. One of the duplicates must be removed or renamed.
[size_order] 1500000 steps, 30 checkpoints, curriculum

  steps=  50000  held=0.00  gate=0.01  bins=1/3  active= 30  (55s)
  steps= 100000  held=0.00  gate=0.00  bins=1/3  active= 30  (114s)
  steps= 150000  held=0.01  gate=0.07  bins=1/3  active= 30  (172s)
  steps= 200000  held=0.14  gate=0.17  bins=1/3  active= 30  (224s)
  steps= 250000  held=0.15  gate=0.36  bins=1/3  active= 30  (304s)
  steps= 300000  held=0.14  gate=0.32  bins=1/3  active= 30  (387s)
  steps= 350000  held=0.17  gate=0.28  bins=1/3  active= 30  (464s)
  steps= 400000  held=0.27  gate=0.42  bins=2/3  active= 60  [UNLOCK:deadline]  (543s)
  steps= 450000  held=0.21  gate=0.21  bins=2/3  active= 60  (634s)
  steps= 500000  held=0.62  gate=0.74  bins=3/3  active= 90  [UNLOCK:gate]  (699s)
  steps= 550000  held=0.71  gate=0.71  bins=3/3  active= 90  (759s)
  steps= 600000  held=0.67  gate=0.67  bins=3/3  active= 90  (817s)
  steps= 650000  held=0.47  gate=0.47  bins=3/3  active= 90  (884s)
  steps= 700000  held=0.69  gate=0.69  bins=3/3  active= 90  (941s)
  steps= 750000  held=0.68  gate=0.68  bins=3/3  active= 90  (995s)
  steps= 800000  held=0.60  gate=0.60  bins=3/3  active= 90  (1054s)
  steps= 850000  held=0.65  gate=0.65  bins=3/3  active= 90  (1112s)
  steps= 900000  held=0.62  gate=0.62  bins=3/3  active= 90  (1168s)
  steps= 950000  held=0.60  gate=0.60  bins=3/3  active= 90  (1229s)
  steps=1000000  held=0.62  gate=0.62  bins=3/3  active= 90  (1287s)
  steps=1050000  held=0.58  gate=0.58  bins=3/3  active= 90  (1347s)
  steps=1100000  held=0.61  gate=0.61  bins=3/3  active= 90  (1405s)
  steps=1150000  held=0.67  gate=0.67  bins=3/3  active= 90  (1463s)
  steps=1200000  held=0.73  gate=0.73  bins=3/3  active= 90  (1516s)
  steps=1250000  held=0.62  gate=0.62  bins=3/3  active= 90  (1573s)
  steps=1300000  held=0.75  gate=0.75  bins=3/3  active= 90  (1626s)
  steps=1350000  held=0.66  gate=0.66  bins=3/3  active= 90  (1680s)
  steps=1400000  held=0.67  gate=0.67  bins=3/3  active= 90  (1735s)
  steps=1450000  held=0.60  gate=0.60  bins=3/3  active= 90  (1794s)
  steps=1500000  held=0.58  gate=0.58  bins=3/3  active= 90  (1846s)

[size_order] DONE  final held=0.58  steps_to_0.3=500,000  wall=1846s  -> size_order_seed28.json
[size_order] per-cell held: s9N1=0.44  s9N2=0.06  s9N3=0.12  s13N1=0.88  s13N2=0.88  s13N3=0.38  s17N1=0.94  s17N2=0.81  s17N3=0.69
