[size_order] train=90 layouts  held-out=36 layouts
objc[30758]: Class SDLApplication is implemented in both /Users/linmuyi/miniconda3/envs/llm_gs/lib/python3.9/site-packages/pygame/.dylibs/libSDL2-2.0.0.dylib (0x10aaa52c8) and /Users/linmuyi/miniconda3/envs/llm_gs/lib/python3.9/site-packages/cv2/.dylibs/libSDL2-2.0.0.dylib (0x14144c890). This may cause spurious casting failures and mysterious crashes. One of the duplicates must be removed or renamed.
objc[30758]: Class SDLAppDelegate is implemented in both /Users/linmuyi/miniconda3/envs/llm_gs/lib/python3.9/site-packages/pygame/.dylibs/libSDL2-2.0.0.dylib (0x10aaa5318) and /Users/linmuyi/miniconda3/envs/llm_gs/lib/python3.9/site-packages/cv2/.dylibs/libSDL2-2.0.0.dylib (0x14144c8e0). This may cause spurious casting failures and mysterious crashes. One of the duplicates must be removed or renamed.
objc[30758]: Class SDLTranslatorResponder is implemented in both /Users/linmuyi/miniconda3/envs/llm_gs/lib/python3.9/site-packages/pygame/.dylibs/libSDL2-2.0.0.dylib (0x10aaa5390) and /Users/linmuyi/miniconda3/envs/llm_gs/lib/python3.9/site-packages/cv2/.dylibs/libSDL2-2.0.0.dylib (0x14144c958). This may cause spurious casting failures and mysterious crashes. One of the duplicates must be removed or renamed.
objc[30758]: Class SDLMessageBoxPresenter is implemented in both /Users/linmuyi/miniconda3/envs/llm_gs/lib/python3.9/site-packages/pygame/.dylibs/libSDL2-2.0.0.dylib (0x10aaa53b8) and /Users/linmuyi/miniconda3/envs/llm_gs/lib/python3.9/site-packages/cv2/.dylibs/libSDL2-2.0.0.dylib (0x14144c980). This may cause spurious casting failures and mysterious crashes. One of the duplicates must be removed or renamed.
objc[30758]: Class SDL_cocoametalview is implemented in both /Users/linmuyi/miniconda3/envs/llm_gs/lib/python3.9/site-packages/pygame/.dylibs/libSDL2-2.0.0.dylib (0x10aaa5408) and /Users/linmuyi/miniconda3/envs/llm_gs/lib/python3.9/site-packages/cv2/.dylibs/libSDL2-2.0.0.dylib (0x14144c9d0). This may cause spurious casting failures and mysterious crashes. One of the duplicates must be removed or renamed.
objc[30758]: Class SDLOpenGLContext is implemented in both /Users/linmuyi/miniconda3/envs/llm_gs/lib/python3.9/site-packages/pygame/.dylibs/libSDL2-2.0.0.dylib (0x10aaa5458) and /Users/linmuyi/miniconda3/envs/llm_gs/lib/python3.9/site-packages/cv2/.dylibs/libSDL2-2.0.0.dylib (0x14144ca20). This may cause spurious casting failures and mysterious crashes. One of the duplicates must be removed or renamed.
objc[30758]: Class SDL_ShapeData is implemented in both /Users/linmuyi/miniconda3/envs/llm_gs/lib/python3.9/site-packages/pygame/.dylibs/libSDL2-2.0.0.dylib (0x10aaa54d0) and /Users/linmuyi/miniconda3/envs/llm_gs/lib/python3.9/site-packages/cv2/.dylibs/libSDL2-2.0.0.dylib (0x14144ca98). This may cause spurious casting failures and mysterious crashes. One of the duplicates must be removed or renamed.
objc[30758]: Class SDL_CocoaClosure is implemented in both /Users/linmuyi/miniconda3/envs/llm_gs/lib/python3.9/site-packages/pygame/.dylibs/libSDL2-2.0.0.dylib (0x10aaa5520) and /Users/linmuyi/miniconda3/envs/llm_gs/lib/python3.9/site-packages/cv2/.dylibs/libSDL2-2.0.0.dylib (0x14144cae8). This may cause spurious casting failures and mysterious crashes. One of the duplicates must be removed or renamed.
objc[30758]: Class SDL_VideoData is implemented in both /Users/linmuyi/miniconda3/envs/llm_gs/lib/python3.9/site-packages/pygame/.dylibs/libSDL2-2.0.0.dylib (0x10aaa5570) and /Users/linmuyi/miniconda3/envs/llm_gs/lib/python3.9/site-packages/cv2/.dylibs/libSDL2-2.0.0.dylib (0x14144cb38). This may cause spurious casting failures and mysterious crashes. One of the duplicates must be removed or renamed.
objc[30758]: Class SDL_WindowData is implemented in both /Users/linmuyi/miniconda3/envs/llm_gs/lib/python3.9/site-packages/pygame/.dylibs/libSDL2-2.0.0.dylib (0x10aaa55c0) and /Users/linmuyi/miniconda3/envs/llm_gs/lib/python3.9/site-packages/cv2/.dylibs/libSDL2-2.0.0.dylib (0x14144cb88). This may cause spurious casting failures and mysterious crashes. One of the duplicates must be removed or renamed.
objc[30758]: Class SDLWindow is implemented in both /Users/linmuyi/miniconda3/envs/llm_gs/lib/python3.9/site-packages/pygame/.dylibs/libSDL2-2.0.0.dylib (0x10aaa55e8) and /Users/linmuyi/miniconda3/envs/llm_gs/lib/python3.9/site-packages/cv2/.dylibs/libSDL2-2.0.0.dylib (0x14144cbb0). This may cause spurious casting failures and mysterious crashes. One of the duplicates must be removed or renamed.
objc[30758]: Class Cocoa_WindowListener is implemented in both /Users/linmuyi/miniconda3/envs/llm_gs/lib/python3.9/site-packages/pygame/.dylibs/libSDL2-2.0.0.dylib (0x10aaa5610) and /Users/linmuyi/miniconda3/envs/llm_gs/lib/python3.9/site-packages/cv2/.dylibs/libSDL2-2.0.0.dylib (0x14144cbd8). This may cause spurious casting failures and mysterious crashes. One of the duplicates must be removed or renamed.
objc[30758]: Class SDLView is implemented in both /Users/linmuyi/miniconda3/envs/llm_gs/lib/python3.9/site-packages/pygame/.dylibs/libSDL2-2.0.0.dylib (0x10aaa5688) and /Users/linmuyi/miniconda3/envs/llm_gs/lib/python3.9/site-packages/cv2/.dylibs/libSDL2-2.0.0.dylib (0x14144cc50). This may cause spurious casting failures and mysterious crashes. One of the duplicates must be removed or renamed.
objc[30758]: Class METAL_RenderData is implemented in both /Users/linmuyi/miniconda3/envs/llm_gs/lib/python3.9/site-packages/pygame/.dylibs/libSDL2-2.0.0.dylib (0x10aaa5700) and /Users/linmuyi/miniconda3/envs/llm_gs/lib/python3.9/site-packages/cv2/.dylibs/libSDL2-2.0.0.dylib (0x14144ccc8). This may cause spurious casting failures and mysterious crashes. One of the duplicates must be removed or renamed.
objc[30758]: Class METAL_TextureData is implemented in both /Users/linmuyi/miniconda3/envs/llm_gs/lib/python3.9/site-packages/pygame/.dylibs/libSDL2-2.0.0.dylib (0x10aaa5750) and /Users/linmuyi/miniconda3/envs/llm_gs/lib/python3.9/site-packages/cv2/.dylibs/libSDL2-2.0.0.dylib (0x14144cd18). This may cause spurious casting failures and mysterious crashes. One of the duplicates must be removed or renamed.
objc[30758]: Class SDL_RumbleMotor is implemented in both /Users/linmuyi/miniconda3/envs/llm_gs/lib/python3.9/site-packages/pygame/.dylibs/libSDL2-2.0.0.dylib (0x10aaa5778) and /Users/linmuyi/miniconda3/envs/llm_gs/lib/python3.9/site-packages/cv2/.dylibs/libSDL2-2.0.0.dylib (0x14144cd40). This may cause spurious casting failures and mysterious crashes. One of the duplicates must be removed or renamed.
objc[30758]: Class SDL_RumbleContext is implemented in both /Users/linmuyi/miniconda3/envs/llm_gs/lib/python3.9/site-packages/pygame/.dylibs/libSDL2-2.0.0.dylib (0x10aaa57c8) and /Users/linmuyi/miniconda3/envs/llm_gs/lib/python3.9/site-packages/cv2/.dylibs/libSDL2-2.0.0.dylib (0x14144cd90). This may cause spurious casting failures and mysterious crashes. One of the duplicates must be removed or renamed.
[size_order] 1500000 steps, 30 checkpoints, curriculum

  steps=  50000  held=0.00  gate=0.00  bins=1/3  active= 30  (48s)
  steps= 100000  held=0.01  gate=0.03  bins=1/3  active= 30  (92s)
  steps= 150000  held=0.06  gate=0.14  bins=1/3  active= 30  (125s)
  steps= 200000  held=0.13  gate=0.17  bins=1/3  active= 30  (164s)
  steps= 250000  held=0.14  gate=0.17  bins=1/3  active= 30  (211s)
  steps= 300000  held=0.14  gate=0.28  bins=1/3  active= 30  (243s)
  steps= 350000  held=0.14  gate=0.22  bins=1/3  active= 30  (288s)
  steps= 400000  held=0.14  gate=0.17  bins=2/3  active= 60  [UNLOCK:deadline]  (334s)
  steps= 450000  held=0.12  gate=0.00  bins=2/3  active= 60  (382s)
  steps= 500000  held=0.08  gate=0.00  bins=2/3  active= 60  (449s)
  steps= 550000  held=0.01  gate=0.00  bins=2/3  active= 60  (516s)
  steps= 600000  held=0.14  gate=0.06  bins=2/3  active= 60  (566s)
  steps= 650000  held=0.14  gate=0.06  bins=2/3  active= 60  (624s)
  steps= 700000  held=0.11  gate=0.12  bins=2/3  active= 60  (677s)
  steps= 750000  held=0.08  gate=0.21  bins=2/3  active= 60  (739s)
  steps= 800000  held=0.13  gate=0.17  bins=3/3  active= 90  [UNLOCK:deadline]  (795s)
  steps= 850000  held=0.14  gate=0.14  bins=3/3  active= 90  (845s)
  steps= 900000  held=0.01  gate=0.01  bins=3/3  active= 90  (898s)
  steps= 950000  held=0.10  gate=0.10  bins=3/3  active= 90  (951s)
  steps=1000000  held=0.01  gate=0.01  bins=3/3  active= 90  (998s)
  steps=1050000  held=0.10  gate=0.10  bins=3/3  active= 90  (1044s)
  steps=1100000  held=0.03  gate=0.03  bins=3/3  active= 90  (1086s)
  steps=1150000  held=0.08  gate=0.08  bins=3/3  active= 90  (1140s)
  steps=1200000  held=0.12  gate=0.12  bins=3/3  active= 90  (1183s)
  steps=1250000  held=0.14  gate=0.14  bins=3/3  active= 90  (1227s)
  steps=1300000  held=0.12  gate=0.12  bins=3/3  active= 90  (1274s)
  steps=1350000  held=0.17  gate=0.17  bins=3/3  active= 90  (1317s)
  steps=1400000  held=0.06  gate=0.06  bins=3/3  active= 90  (1369s)
  steps=1450000  held=0.03  gate=0.03  bins=3/3  active= 90  (1416s)
  steps=1500000  held=0.14  gate=0.14  bins=3/3  active= 90  (1460s)

[size_order] DONE  final held=0.14  steps_to_0.3=NOT REACHED  wall=1460s  -> size_order_seed3.json
[size_order] per-cell held: s9N1=0.12  s9N2=0.00  s9N3=0.00  s13N1=0.25  s13N2=0.25  s13N3=0.00  s17N1=0.00  s17N2=0.38  s17N3=0.25
