[random_curriculum] train=90 layouts  held-out=36 layouts
objc[87987]: Class SDLApplication is implemented in both /Users/linmuyi/miniconda3/envs/llm_gs/lib/python3.9/site-packages/pygame/.dylibs/libSDL2-2.0.0.dylib (0x10fb612c8) and /Users/linmuyi/miniconda3/envs/llm_gs/lib/python3.9/site-packages/cv2/.dylibs/libSDL2-2.0.0.dylib (0x17830c890). This may cause spurious casting failures and mysterious crashes. One of the duplicates must be removed or renamed.
objc[87987]: Class SDLAppDelegate is implemented in both /Users/linmuyi/miniconda3/envs/llm_gs/lib/python3.9/site-packages/pygame/.dylibs/libSDL2-2.0.0.dylib (0x10fb61318) and /Users/linmuyi/miniconda3/envs/llm_gs/lib/python3.9/site-packages/cv2/.dylibs/libSDL2-2.0.0.dylib (0x17830c8e0). This may cause spurious casting failures and mysterious crashes. One of the duplicates must be removed or renamed.
objc[87987]: Class SDLTranslatorResponder is implemented in both /Users/linmuyi/miniconda3/envs/llm_gs/lib/python3.9/site-packages/pygame/.dylibs/libSDL2-2.0.0.dylib (0x10fb61390) and /Users/linmuyi/miniconda3/envs/llm_gs/lib/python3.9/site-packages/cv2/.dylibs/libSDL2-2.0.0.dylib (0x17830c958). This may cause spurious casting failures and mysterious crashes. One of the duplicates must be removed or renamed.
objc[87987]: Class SDLMessageBoxPresenter is implemented in both /Users/linmuyi/miniconda3/envs/llm_gs/lib/python3.9/site-packages/pygame/.dylibs/libSDL2-2.0.0.dylib (0x10fb613b8) and /Users/linmuyi/miniconda3/envs/llm_gs/lib/python3.9/site-packages/cv2/.dylibs/libSDL2-2.0.0.dylib (0x17830c980). This may cause spurious casting failures and mysterious crashes. One of the duplicates must be removed or renamed.
objc[87987]: Class SDL_cocoametalview is implemented in both /Users/linmuyi/miniconda3/envs/llm_gs/lib/python3.9/site-packages/pygame/.dylibs/libSDL2-2.0.0.dylib (0x10fb61408) and /Users/linmuyi/miniconda3/envs/llm_gs/lib/python3.9/site-packages/cv2/.dylibs/libSDL2-2.0.0.dylib (0x17830c9d0). This may cause spurious casting failures and mysterious crashes. One of the duplicates must be removed or renamed.
objc[87987]: Class SDLOpenGLContext is implemented in both /Users/linmuyi/miniconda3/envs/llm_gs/lib/python3.9/site-packages/pygame/.dylibs/libSDL2-2.0.0.dylib (0x10fb61458) and /Users/linmuyi/miniconda3/envs/llm_gs/lib/python3.9/site-packages/cv2/.dylibs/libSDL2-2.0.0.dylib (0x17830ca20). This may cause spurious casting failures and mysterious crashes. One of the duplicates must be removed or renamed.
objc[87987]: Class SDL_ShapeData is implemented in both /Users/linmuyi/miniconda3/envs/llm_gs/lib/python3.9/site-packages/pygame/.dylibs/libSDL2-2.0.0.dylib (0x10fb614d0) and /Users/linmuyi/miniconda3/envs/llm_gs/lib/python3.9/site-packages/cv2/.dylibs/libSDL2-2.0.0.dylib (0x17830ca98). This may cause spurious casting failures and mysterious crashes. One of the duplicates must be removed or renamed.
objc[87987]: Class SDL_CocoaClosure is implemented in both /Users/linmuyi/miniconda3/envs/llm_gs/lib/python3.9/site-packages/pygame/.dylibs/libSDL2-2.0.0.dylib (0x10fb61520) and /Users/linmuyi/miniconda3/envs/llm_gs/lib/python3.9/site-packages/cv2/.dylibs/libSDL2-2.0.0.dylib (0x17830cae8). This may cause spurious casting failures and mysterious crashes. One of the duplicates must be removed or renamed.
objc[87987]: Class SDL_VideoData is implemented in both /Users/linmuyi/miniconda3/envs/llm_gs/lib/python3.9/site-packages/pygame/.dylibs/libSDL2-2.0.0.dylib (0x10fb61570) and /Users/linmuyi/miniconda3/envs/llm_gs/lib/python3.9/site-packages/cv2/.dylibs/libSDL2-2.0.0.dylib (0x17830cb38). This may cause spurious casting failures and mysterious crashes. One of the duplicates must be removed or renamed.
objc[87987]: Class SDL_WindowData is implemented in both /Users/linmuyi/miniconda3/envs/llm_gs/lib/python3.9/site-packages/pygame/.dylibs/libSDL2-2.0.0.dylib (0x10fb615c0) and /Users/linmuyi/miniconda3/envs/llm_gs/lib/python3.9/site-packages/cv2/.dylibs/libSDL2-2.0.0.dylib (0x17830cb88). This may cause spurious casting failures and mysterious crashes. One of the duplicates must be removed or renamed.
objc[87987]: Class SDLWindow is implemented in both /Users/linmuyi/miniconda3/envs/llm_gs/lib/python3.9/site-packages/pygame/.dylibs/libSDL2-2.0.0.dylib (0x10fb615e8) and /Users/linmuyi/miniconda3/envs/llm_gs/lib/python3.9/site-packages/cv2/.dylibs/libSDL2-2.0.0.dylib (0x17830cbb0). This may cause spurious casting failures and mysterious crashes. One of the duplicates must be removed or renamed.
objc[87987]: Class Cocoa_WindowListener is implemented in both /Users/linmuyi/miniconda3/envs/llm_gs/lib/python3.9/site-packages/pygame/.dylibs/libSDL2-2.0.0.dylib (0x10fb61610) and /Users/linmuyi/miniconda3/envs/llm_gs/lib/python3.9/site-packages/cv2/.dylibs/libSDL2-2.0.0.dylib (0x17830cbd8). This may cause spurious casting failures and mysterious crashes. One of the duplicates must be removed or renamed.
objc[87987]: Class SDLView is implemented in both /Users/linmuyi/miniconda3/envs/llm_gs/lib/python3.9/site-packages/pygame/.dylibs/libSDL2-2.0.0.dylib (0x10fb61688) and /Users/linmuyi/miniconda3/envs/llm_gs/lib/python3.9/site-packages/cv2/.dylibs/libSDL2-2.0.0.dylib (0x17830cc50). This may cause spurious casting failures and mysterious crashes. One of the duplicates must be removed or renamed.
objc[87987]: Class METAL_RenderData is implemented in both /Users/linmuyi/miniconda3/envs/llm_gs/lib/python3.9/site-packages/pygame/.dylibs/libSDL2-2.0.0.dylib (0x10fb61700) and /Users/linmuyi/miniconda3/envs/llm_gs/lib/python3.9/site-packages/cv2/.dylibs/libSDL2-2.0.0.dylib (0x17830ccc8). This may cause spurious casting failures and mysterious crashes. One of the duplicates must be removed or renamed.
objc[87987]: Class METAL_TextureData is implemented in both /Users/linmuyi/miniconda3/envs/llm_gs/lib/python3.9/site-packages/pygame/.dylibs/libSDL2-2.0.0.dylib (0x10fb61750) and /Users/linmuyi/miniconda3/envs/llm_gs/lib/python3.9/site-packages/cv2/.dylibs/libSDL2-2.0.0.dylib (0x17830cd18). This may cause spurious casting failures and mysterious crashes. One of the duplicates must be removed or renamed.
objc[87987]: Class SDL_RumbleMotor is implemented in both /Users/linmuyi/miniconda3/envs/llm_gs/lib/python3.9/site-packages/pygame/.dylibs/libSDL2-2.0.0.dylib (0x10fb61778) and /Users/linmuyi/miniconda3/envs/llm_gs/lib/python3.9/site-packages/cv2/.dylibs/libSDL2-2.0.0.dylib (0x17830cd40). This may cause spurious casting failures and mysterious crashes. One of the duplicates must be removed or renamed.
objc[87987]: Class SDL_RumbleContext is implemented in both /Users/linmuyi/miniconda3/envs/llm_gs/lib/python3.9/site-packages/pygame/.dylibs/libSDL2-2.0.0.dylib (0x10fb617c8) and /Users/linmuyi/miniconda3/envs/llm_gs/lib/python3.9/site-packages/cv2/.dylibs/libSDL2-2.0.0.dylib (0x17830cd90). This may cause spurious casting failures and mysterious crashes. One of the duplicates must be removed or renamed.
[random_curriculum] 1500000 steps, 30 checkpoints, curriculum

  steps=  50000  held=0.00  gate=0.01  bins=1/3  active= 30  (35s)
  steps= 100000  held=0.00  gate=0.00  bins=1/3  active= 30  (66s)
  steps= 150000  held=0.00  gate=0.00  bins=1/3  active= 30  (113s)
  steps= 200000  held=0.00  gate=0.00  bins=1/3  active= 30  (158s)
  steps= 250000  held=0.00  gate=0.00  bins=1/3  active= 30  (212s)
  steps= 300000  held=0.00  gate=0.00  bins=1/3  active= 30  (270s)
  steps= 350000  held=0.00  gate=0.00  bins=1/3  active= 30  (331s)
  steps= 400000  held=0.00  gate=0.00  bins=2/3  active= 60  [UNLOCK:deadline]  (393s)
  steps= 450000  held=0.01  gate=0.01  bins=2/3  active= 60  (442s)
  steps= 500000  held=0.01  gate=0.00  bins=2/3  active= 60  (518s)
  steps= 550000  held=0.00  gate=0.00  bins=2/3  active= 60  (632s)
  steps= 600000  held=0.00  gate=0.00  bins=2/3  active= 60  (703s)
  steps= 650000  held=0.00  gate=0.00  bins=2/3  active= 60  (759s)
  steps= 700000  held=0.00  gate=0.00  bins=2/3  active= 60  (822s)
  steps= 750000  held=0.01  gate=0.00  bins=2/3  active= 60  (884s)
  steps= 800000  held=0.00  gate=0.00  bins=3/3  active= 90  [UNLOCK:deadline]  (938s)
  steps= 850000  held=0.00  gate=0.00  bins=3/3  active= 90  (989s)
  steps= 900000  held=0.00  gate=0.00  bins=3/3  active= 90  (1031s)
  steps= 950000  held=0.00  gate=0.00  bins=3/3  active= 90  (1075s)
  steps=1000000  held=0.00  gate=0.00  bins=3/3  active= 90  (1124s)
  steps=1050000  held=0.00  gate=0.00  bins=3/3  active= 90  (1172s)
  steps=1100000  held=0.01  gate=0.01  bins=3/3  active= 90  (1218s)
  steps=1150000  held=0.01  gate=0.01  bins=3/3  active= 90  (1264s)
  steps=1200000  held=0.01  gate=0.01  bins=3/3  active= 90  (1314s)
  steps=1250000  held=0.01  gate=0.01  bins=3/3  active= 90  (1359s)
  steps=1300000  held=0.00  gate=0.00  bins=3/3  active= 90  (1409s)
  steps=1350000  held=0.00  gate=0.00  bins=3/3  active= 90  (1466s)
  steps=1400000  held=0.00  gate=0.00  bins=3/3  active= 90  (1520s)
  steps=1450000  held=0.06  gate=0.06  bins=3/3  active= 90  (1571s)
  steps=1500000  held=0.00  gate=0.00  bins=3/3  active= 90  (1623s)

[random_curriculum] DONE  final held=0.00  steps_to_0.3=NOT REACHED  wall=1622s  -> random_curriculum_seed13.json
[random_curriculum] per-cell held: s9N1=0.00  s9N2=0.00  s9N3=0.00  s13N1=0.00  s13N2=0.00  s13N3=0.00  s17N1=0.00  s17N2=0.00  s17N3=0.00
