[size_order] train=90 layouts  held-out=36 layouts
objc[37927]: Class SDLApplication is implemented in both /Users/linmuyi/miniconda3/envs/llm_gs/lib/python3.9/site-packages/pygame/.dylibs/libSDL2-2.0.0.dylib (0x10354d2c8) and /Users/linmuyi/miniconda3/envs/llm_gs/lib/python3.9/site-packages/cv2/.dylibs/libSDL2-2.0.0.dylib (0x169960890). This may cause spurious casting failures and mysterious crashes. One of the duplicates must be removed or renamed.
objc[37927]: Class SDLAppDelegate is implemented in both /Users/linmuyi/miniconda3/envs/llm_gs/lib/python3.9/site-packages/pygame/.dylibs/libSDL2-2.0.0.dylib (0x10354d318) and /Users/linmuyi/miniconda3/envs/llm_gs/lib/python3.9/site-packages/cv2/.dylibs/libSDL2-2.0.0.dylib (0x1699608e0). This may cause spurious casting failures and mysterious crashes. One of the duplicates must be removed or renamed.
objc[37927]: Class SDLTranslatorResponder is implemented in both /Users/linmuyi/miniconda3/envs/llm_gs/lib/python3.9/site-packages/pygame/.dylibs/libSDL2-2.0.0.dylib (0x10354d390) and /Users/linmuyi/miniconda3/envs/llm_gs/lib/python3.9/site-packages/cv2/.dylibs/libSDL2-2.0.0.dylib (0x169960958). This may cause spurious casting failures and mysterious crashes. One of the duplicates must be removed or renamed.
objc[37927]: Class SDLMessageBoxPresenter is implemented in both /Users/linmuyi/miniconda3/envs/llm_gs/lib/python3.9/site-packages/pygame/.dylibs/libSDL2-2.0.0.dylib (0x10354d3b8) and /Users/linmuyi/miniconda3/envs/llm_gs/lib/python3.9/site-packages/cv2/.dylibs/libSDL2-2.0.0.dylib (0x169960980). This may cause spurious casting failures and mysterious crashes. One of the duplicates must be removed or renamed.
objc[37927]: Class SDL_cocoametalview is implemented in both /Users/linmuyi/miniconda3/envs/llm_gs/lib/python3.9/site-packages/pygame/.dylibs/libSDL2-2.0.0.dylib (0x10354d408) and /Users/linmuyi/miniconda3/envs/llm_gs/lib/python3.9/site-packages/cv2/.dylibs/libSDL2-2.0.0.dylib (0x1699609d0). This may cause spurious casting failures and mysterious crashes. One of the duplicates must be removed or renamed.
objc[37927]: Class SDLOpenGLContext is implemented in both /Users/linmuyi/miniconda3/envs/llm_gs/lib/python3.9/site-packages/pygame/.dylibs/libSDL2-2.0.0.dylib (0x10354d458) and /Users/linmuyi/miniconda3/envs/llm_gs/lib/python3.9/site-packages/cv2/.dylibs/libSDL2-2.0.0.dylib (0x169960a20). This may cause spurious casting failures and mysterious crashes. One of the duplicates must be removed or renamed.
objc[37927]: Class SDL_ShapeData is implemented in both /Users/linmuyi/miniconda3/envs/llm_gs/lib/python3.9/site-packages/pygame/.dylibs/libSDL2-2.0.0.dylib (0x10354d4d0) and /Users/linmuyi/miniconda3/envs/llm_gs/lib/python3.9/site-packages/cv2/.dylibs/libSDL2-2.0.0.dylib (0x169960a98). This may cause spurious casting failures and mysterious crashes. One of the duplicates must be removed or renamed.
objc[37927]: Class SDL_CocoaClosure is implemented in both /Users/linmuyi/miniconda3/envs/llm_gs/lib/python3.9/site-packages/pygame/.dylibs/libSDL2-2.0.0.dylib (0x10354d520) and /Users/linmuyi/miniconda3/envs/llm_gs/lib/python3.9/site-packages/cv2/.dylibs/libSDL2-2.0.0.dylib (0x169960ae8). This may cause spurious casting failures and mysterious crashes. One of the duplicates must be removed or renamed.
objc[37927]: Class SDL_VideoData is implemented in both /Users/linmuyi/miniconda3/envs/llm_gs/lib/python3.9/site-packages/pygame/.dylibs/libSDL2-2.0.0.dylib (0x10354d570) and /Users/linmuyi/miniconda3/envs/llm_gs/lib/python3.9/site-packages/cv2/.dylibs/libSDL2-2.0.0.dylib (0x169960b38). This may cause spurious casting failures and mysterious crashes. One of the duplicates must be removed or renamed.
objc[37927]: Class SDL_WindowData is implemented in both /Users/linmuyi/miniconda3/envs/llm_gs/lib/python3.9/site-packages/pygame/.dylibs/libSDL2-2.0.0.dylib (0x10354d5c0) and /Users/linmuyi/miniconda3/envs/llm_gs/lib/python3.9/site-packages/cv2/.dylibs/libSDL2-2.0.0.dylib (0x169960b88). This may cause spurious casting failures and mysterious crashes. One of the duplicates must be removed or renamed.
objc[37927]: Class SDLWindow is implemented in both /Users/linmuyi/miniconda3/envs/llm_gs/lib/python3.9/site-packages/pygame/.dylibs/libSDL2-2.0.0.dylib (0x10354d5e8) and /Users/linmuyi/miniconda3/envs/llm_gs/lib/python3.9/site-packages/cv2/.dylibs/libSDL2-2.0.0.dylib (0x169960bb0). This may cause spurious casting failures and mysterious crashes. One of the duplicates must be removed or renamed.
objc[37927]: Class Cocoa_WindowListener is implemented in both /Users/linmuyi/miniconda3/envs/llm_gs/lib/python3.9/site-packages/pygame/.dylibs/libSDL2-2.0.0.dylib (0x10354d610) and /Users/linmuyi/miniconda3/envs/llm_gs/lib/python3.9/site-packages/cv2/.dylibs/libSDL2-2.0.0.dylib (0x169960bd8). This may cause spurious casting failures and mysterious crashes. One of the duplicates must be removed or renamed.
objc[37927]: Class SDLView is implemented in both /Users/linmuyi/miniconda3/envs/llm_gs/lib/python3.9/site-packages/pygame/.dylibs/libSDL2-2.0.0.dylib (0x10354d688) and /Users/linmuyi/miniconda3/envs/llm_gs/lib/python3.9/site-packages/cv2/.dylibs/libSDL2-2.0.0.dylib (0x169960c50). This may cause spurious casting failures and mysterious crashes. One of the duplicates must be removed or renamed.
objc[37927]: Class METAL_RenderData is implemented in both /Users/linmuyi/miniconda3/envs/llm_gs/lib/python3.9/site-packages/pygame/.dylibs/libSDL2-2.0.0.dylib (0x10354d700) and /Users/linmuyi/miniconda3/envs/llm_gs/lib/python3.9/site-packages/cv2/.dylibs/libSDL2-2.0.0.dylib (0x169960cc8). This may cause spurious casting failures and mysterious crashes. One of the duplicates must be removed or renamed.
objc[37927]: Class METAL_TextureData is implemented in both /Users/linmuyi/miniconda3/envs/llm_gs/lib/python3.9/site-packages/pygame/.dylibs/libSDL2-2.0.0.dylib (0x10354d750) and /Users/linmuyi/miniconda3/envs/llm_gs/lib/python3.9/site-packages/cv2/.dylibs/libSDL2-2.0.0.dylib (0x169960d18). This may cause spurious casting failures and mysterious crashes. One of the duplicates must be removed or renamed.
objc[37927]: Class SDL_RumbleMotor is implemented in both /Users/linmuyi/miniconda3/envs/llm_gs/lib/python3.9/site-packages/pygame/.dylibs/libSDL2-2.0.0.dylib (0x10354d778) and /Users/linmuyi/miniconda3/envs/llm_gs/lib/python3.9/site-packages/cv2/.dylibs/libSDL2-2.0.0.dylib (0x169960d40). This may cause spurious casting failures and mysterious crashes. One of the duplicates must be removed or renamed.
objc[37927]: Class SDL_RumbleContext is implemented in both /Users/linmuyi/miniconda3/envs/llm_gs/lib/python3.9/site-packages/pygame/.dylibs/libSDL2-2.0.0.dylib (0x10354d7c8) and /Users/linmuyi/miniconda3/envs/llm_gs/lib/python3.9/site-packages/cv2/.dylibs/libSDL2-2.0.0.dylib (0x169960d90). This may cause spurious casting failures and mysterious crashes. One of the duplicates must be removed or renamed.
[size_order] 1500000 steps, 30 checkpoints, curriculum

  steps=  50000  held=0.00  gate=0.01  bins=1/3  active= 30  (38s)
  steps= 100000  held=0.00  gate=0.00  bins=1/3  active= 30  (85s)
  steps= 150000  held=0.00  gate=0.00  bins=1/3  active= 30  (124s)
  steps= 200000  held=0.00  gate=0.00  bins=1/3  active= 30  (170s)
  steps= 250000  held=0.00  gate=0.00  bins=1/3  active= 30  (214s)
  steps= 300000  held=0.04  gate=0.03  bins=1/3  active= 30  (248s)
  steps= 350000  held=0.14  gate=0.22  bins=1/3  active= 30  (281s)
  steps= 400000  held=0.14  gate=0.17  bins=2/3  active= 60  [UNLOCK:deadline]  (311s)
  steps= 450000  held=0.12  gate=0.11  bins=2/3  active= 60  (346s)
  steps= 500000  held=0.14  gate=0.11  bins=2/3  active= 60  (382s)
  steps= 550000  held=0.15  gate=0.19  bins=2/3  active= 60  (414s)
  steps= 600000  held=0.24  gate=0.19  bins=2/3  active= 60  (448s)
  steps= 650000  held=0.22  gate=0.19  bins=2/3  active= 60  (490s)
  steps= 700000  held=0.29  gate=0.31  bins=2/3  active= 60  (537s)
  steps= 750000  held=0.45  gate=0.40  bins=2/3  active= 60  (583s)
  steps= 800000  held=0.40  gate=0.46  bins=3/3  active= 90  [UNLOCK:deadline]  (619s)
  steps= 850000  held=0.49  gate=0.49  bins=3/3  active= 90  (654s)
  steps= 900000  held=0.58  gate=0.58  bins=3/3  active= 90  (689s)
  steps= 950000  held=0.65  gate=0.65  bins=3/3  active= 90  (726s)
  steps=1000000  held=0.60  gate=0.60  bins=3/3  active= 90  (766s)
  steps=1050000  held=0.52  gate=0.52  bins=3/3  active= 90  (804s)
  steps=1100000  held=0.60  gate=0.60  bins=3/3  active= 90  (847s)
  steps=1150000  held=0.67  gate=0.67  bins=3/3  active= 90  (887s)
  steps=1200000  held=0.48  gate=0.48  bins=3/3  active= 90  (931s)
  steps=1250000  held=0.35  gate=0.35  bins=3/3  active= 90  (981s)
  steps=1300000  held=0.42  gate=0.42  bins=3/3  active= 90  (1025s)
  steps=1350000  held=0.60  gate=0.60  bins=3/3  active= 90  (1064s)
  steps=1400000  held=0.56  gate=0.56  bins=3/3  active= 90  (1105s)
  steps=1450000  held=0.56  gate=0.56  bins=3/3  active= 90  (1144s)
  steps=1500000  held=0.55  gate=0.55  bins=3/3  active= 90  (1185s)

[size_order] DONE  final held=0.55  steps_to_0.3=750,000  wall=1185s  -> size_order_seed22.json
[size_order] per-cell held: s9N1=0.81  s9N2=0.44  s9N3=0.19  s13N1=0.88  s13N2=0.50  s13N3=0.31  s17N1=0.56  s17N2=0.75  s17N3=0.50
