[grader] train=90 layouts  held-out=36 layouts
objc[65309]: Class SDLApplication is implemented in both /Users/linmuyi/miniconda3/envs/llm_gs/lib/python3.9/site-packages/pygame/.dylibs/libSDL2-2.0.0.dylib (0x108fd92c8) and /Users/linmuyi/miniconda3/envs/llm_gs/lib/python3.9/site-packages/cv2/.dylibs/libSDL2-2.0.0.dylib (0x14e748890). This may cause spurious casting failures and mysterious crashes. One of the duplicates must be removed or renamed.
objc[65309]: Class SDLAppDelegate is implemented in both /Users/linmuyi/miniconda3/envs/llm_gs/lib/python3.9/site-packages/pygame/.dylibs/libSDL2-2.0.0.dylib (0x108fd9318) and /Users/linmuyi/miniconda3/envs/llm_gs/lib/python3.9/site-packages/cv2/.dylibs/libSDL2-2.0.0.dylib (0x14e7488e0). This may cause spurious casting failures and mysterious crashes. One of the duplicates must be removed or renamed.
objc[65309]: Class SDLTranslatorResponder is implemented in both /Users/linmuyi/miniconda3/envs/llm_gs/lib/python3.9/site-packages/pygame/.dylibs/libSDL2-2.0.0.dylib (0x108fd9390) and /Users/linmuyi/miniconda3/envs/llm_gs/lib/python3.9/site-packages/cv2/.dylibs/libSDL2-2.0.0.dylib (0x14e748958). This may cause spurious casting failures and mysterious crashes. One of the duplicates must be removed or renamed.
objc[65309]: Class SDLMessageBoxPresenter is implemented in both /Users/linmuyi/miniconda3/envs/llm_gs/lib/python3.9/site-packages/pygame/.dylibs/libSDL2-2.0.0.dylib (0x108fd93b8) and /Users/linmuyi/miniconda3/envs/llm_gs/lib/python3.9/site-packages/cv2/.dylibs/libSDL2-2.0.0.dylib (0x14e748980). This may cause spurious casting failures and mysterious crashes. One of the duplicates must be removed or renamed.
objc[65309]: Class SDL_cocoametalview is implemented in both /Users/linmuyi/miniconda3/envs/llm_gs/lib/python3.9/site-packages/pygame/.dylibs/libSDL2-2.0.0.dylib (0x108fd9408) and /Users/linmuyi/miniconda3/envs/llm_gs/lib/python3.9/site-packages/cv2/.dylibs/libSDL2-2.0.0.dylib (0x14e7489d0). This may cause spurious casting failures and mysterious crashes. One of the duplicates must be removed or renamed.
objc[65309]: Class SDLOpenGLContext is implemented in both /Users/linmuyi/miniconda3/envs/llm_gs/lib/python3.9/site-packages/pygame/.dylibs/libSDL2-2.0.0.dylib (0x108fd9458) and /Users/linmuyi/miniconda3/envs/llm_gs/lib/python3.9/site-packages/cv2/.dylibs/libSDL2-2.0.0.dylib (0x14e748a20). This may cause spurious casting failures and mysterious crashes. One of the duplicates must be removed or renamed.
objc[65309]: Class SDL_ShapeData is implemented in both /Users/linmuyi/miniconda3/envs/llm_gs/lib/python3.9/site-packages/pygame/.dylibs/libSDL2-2.0.0.dylib (0x108fd94d0) and /Users/linmuyi/miniconda3/envs/llm_gs/lib/python3.9/site-packages/cv2/.dylibs/libSDL2-2.0.0.dylib (0x14e748a98). This may cause spurious casting failures and mysterious crashes. One of the duplicates must be removed or renamed.
objc[65309]: Class SDL_CocoaClosure is implemented in both /Users/linmuyi/miniconda3/envs/llm_gs/lib/python3.9/site-packages/pygame/.dylibs/libSDL2-2.0.0.dylib (0x108fd9520) and /Users/linmuyi/miniconda3/envs/llm_gs/lib/python3.9/site-packages/cv2/.dylibs/libSDL2-2.0.0.dylib (0x14e748ae8). This may cause spurious casting failures and mysterious crashes. One of the duplicates must be removed or renamed.
objc[65309]: Class SDL_VideoData is implemented in both /Users/linmuyi/miniconda3/envs/llm_gs/lib/python3.9/site-packages/pygame/.dylibs/libSDL2-2.0.0.dylib (0x108fd9570) and /Users/linmuyi/miniconda3/envs/llm_gs/lib/python3.9/site-packages/cv2/.dylibs/libSDL2-2.0.0.dylib (0x14e748b38). This may cause spurious casting failures and mysterious crashes. One of the duplicates must be removed or renamed.
objc[65309]: Class SDL_WindowData is implemented in both /Users/linmuyi/miniconda3/envs/llm_gs/lib/python3.9/site-packages/pygame/.dylibs/libSDL2-2.0.0.dylib (0x108fd95c0) and /Users/linmuyi/miniconda3/envs/llm_gs/lib/python3.9/site-packages/cv2/.dylibs/libSDL2-2.0.0.dylib (0x14e748b88). This may cause spurious casting failures and mysterious crashes. One of the duplicates must be removed or renamed.
objc[65309]: Class SDLWindow is implemented in both /Users/linmuyi/miniconda3/envs/llm_gs/lib/python3.9/site-packages/pygame/.dylibs/libSDL2-2.0.0.dylib (0x108fd95e8) and /Users/linmuyi/miniconda3/envs/llm_gs/lib/python3.9/site-packages/cv2/.dylibs/libSDL2-2.0.0.dylib (0x14e748bb0). This may cause spurious casting failures and mysterious crashes. One of the duplicates must be removed or renamed.
objc[65309]: Class Cocoa_WindowListener is implemented in both /Users/linmuyi/miniconda3/envs/llm_gs/lib/python3.9/site-packages/pygame/.dylibs/libSDL2-2.0.0.dylib (0x108fd9610) and /Users/linmuyi/miniconda3/envs/llm_gs/lib/python3.9/site-packages/cv2/.dylibs/libSDL2-2.0.0.dylib (0x14e748bd8). This may cause spurious casting failures and mysterious crashes. One of the duplicates must be removed or renamed.
objc[65309]: Class SDLView is implemented in both /Users/linmuyi/miniconda3/envs/llm_gs/lib/python3.9/site-packages/pygame/.dylibs/libSDL2-2.0.0.dylib (0x108fd9688) and /Users/linmuyi/miniconda3/envs/llm_gs/lib/python3.9/site-packages/cv2/.dylibs/libSDL2-2.0.0.dylib (0x14e748c50). This may cause spurious casting failures and mysterious crashes. One of the duplicates must be removed or renamed.
objc[65309]: Class METAL_RenderData is implemented in both /Users/linmuyi/miniconda3/envs/llm_gs/lib/python3.9/site-packages/pygame/.dylibs/libSDL2-2.0.0.dylib (0x108fd9700) and /Users/linmuyi/miniconda3/envs/llm_gs/lib/python3.9/site-packages/cv2/.dylibs/libSDL2-2.0.0.dylib (0x14e748cc8). This may cause spurious casting failures and mysterious crashes. One of the duplicates must be removed or renamed.
objc[65309]: Class METAL_TextureData is implemented in both /Users/linmuyi/miniconda3/envs/llm_gs/lib/python3.9/site-packages/pygame/.dylibs/libSDL2-2.0.0.dylib (0x108fd9750) and /Users/linmuyi/miniconda3/envs/llm_gs/lib/python3.9/site-packages/cv2/.dylibs/libSDL2-2.0.0.dylib (0x14e748d18). This may cause spurious casting failures and mysterious crashes. One of the duplicates must be removed or renamed.
objc[65309]: Class SDL_RumbleMotor is implemented in both /Users/linmuyi/miniconda3/envs/llm_gs/lib/python3.9/site-packages/pygame/.dylibs/libSDL2-2.0.0.dylib (0x108fd9778) and /Users/linmuyi/miniconda3/envs/llm_gs/lib/python3.9/site-packages/cv2/.dylibs/libSDL2-2.0.0.dylib (0x14e748d40). This may cause spurious casting failures and mysterious crashes. One of the duplicates must be removed or renamed.
objc[65309]: Class SDL_RumbleContext is implemented in both /Users/linmuyi/miniconda3/envs/llm_gs/lib/python3.9/site-packages/pygame/.dylibs/libSDL2-2.0.0.dylib (0x108fd97c8) and /Users/linmuyi/miniconda3/envs/llm_gs/lib/python3.9/site-packages/cv2/.dylibs/libSDL2-2.0.0.dylib (0x14e748d90). This may cause spurious casting failures and mysterious crashes. One of the duplicates must be removed or renamed.
[grader] 1500000 steps, 30 checkpoints, curriculum

  steps=  50000  held=0.00  gate=0.00  bins=1/3  active= 30  (49s)
  steps= 100000  held=0.00  gate=0.00  bins=1/3  active= 30  (99s)
  steps= 150000  held=0.00  gate=0.04  bins=1/3  active= 30  (145s)
  steps= 200000  held=0.00  gate=0.00  bins=1/3  active= 30  (195s)
  steps= 250000  held=0.00  gate=0.03  bins=1/3  active= 30  (248s)
  steps= 300000  held=0.00  gate=0.00  bins=1/3  active= 30  (304s)
  steps= 350000  held=0.05  gate=0.11  bins=1/3  active= 30  (354s)
  steps= 400000  held=0.01  gate=0.04  bins=2/3  active= 60  [UNLOCK:deadline]  (410s)
  steps= 450000  held=0.00  gate=0.00  bins=2/3  active= 60  (458s)
  steps= 500000  held=0.07  gate=0.06  bins=2/3  active= 60  (503s)
  steps= 550000  held=0.10  gate=0.15  bins=2/3  active= 60  (557s)
  steps= 600000  held=0.02  gate=0.03  bins=2/3  active= 60  (613s)
  steps= 650000  held=0.06  gate=0.18  bins=2/3  active= 60  (667s)
  steps= 700000  held=0.02  gate=0.06  bins=2/3  active= 60  (728s)
  steps= 750000  held=0.02  gate=0.06  bins=2/3  active= 60  (786s)
  steps= 800000  held=0.01  gate=0.01  bins=3/3  active= 90  [UNLOCK:deadline]  (850s)
  steps= 850000  held=0.01  gate=0.01  bins=3/3  active= 90  (905s)
  steps= 900000  held=0.00  gate=0.00  bins=3/3  active= 90  (983s)
  steps= 950000  held=0.03  gate=0.03  bins=3/3  active= 90  (1050s)
  steps=1000000  held=0.06  gate=0.06  bins=3/3  active= 90  (1139s)
  steps=1050000  held=0.01  gate=0.01  bins=3/3  active= 90  (1239s)
  steps=1100000  held=0.07  gate=0.07  bins=3/3  active= 90  (1316s)
  steps=1150000  held=0.08  gate=0.08  bins=3/3  active= 90  (1370s)
  steps=1200000  held=0.16  gate=0.16  bins=3/3  active= 90  (1441s)
  steps=1250000  held=0.15  gate=0.15  bins=3/3  active= 90  (1500s)
  steps=1300000  held=0.11  gate=0.11  bins=3/3  active= 90  (1586s)
  steps=1350000  held=0.26  gate=0.26  bins=3/3  active= 90  (1652s)
  steps=1400000  held=0.24  gate=0.24  bins=3/3  active= 90  (1714s)
  steps=1450000  held=0.13  gate=0.13  bins=3/3  active= 90  (1791s)
  steps=1500000  held=0.13  gate=0.13  bins=3/3  active= 90  (1870s)

[grader] DONE  final held=0.13  steps_to_0.3=NOT REACHED  wall=1870s  -> grader_seed26.json
[grader] per-cell held: s9N1=0.06  s9N2=0.25  s9N3=0.00  s13N1=0.31  s13N2=0.00  s13N3=0.00  s17N1=0.38  s17N2=0.06  s17N3=0.12
