[random_curriculum] train=90 layouts  held-out=36 layouts
objc[10490]: Class SDLApplication is implemented in both /Users/linmuyi/miniconda3/envs/llm_gs/lib/python3.9/site-packages/pygame/.dylibs/libSDL2-2.0.0.dylib (0x12234d2c8) and /Users/linmuyi/miniconda3/envs/llm_gs/lib/python3.9/site-packages/cv2/.dylibs/libSDL2-2.0.0.dylib (0x321fc8890). This may cause spurious casting failures and mysterious crashes. One of the duplicates must be removed or renamed.
objc[10490]: Class SDLAppDelegate is implemented in both /Users/linmuyi/miniconda3/envs/llm_gs/lib/python3.9/site-packages/pygame/.dylibs/libSDL2-2.0.0.dylib (0x12234d318) and /Users/linmuyi/miniconda3/envs/llm_gs/lib/python3.9/site-packages/cv2/.dylibs/libSDL2-2.0.0.dylib (0x321fc88e0). This may cause spurious casting failures and mysterious crashes. One of the duplicates must be removed or renamed.
objc[10490]: Class SDLTranslatorResponder is implemented in both /Users/linmuyi/miniconda3/envs/llm_gs/lib/python3.9/site-packages/pygame/.dylibs/libSDL2-2.0.0.dylib (0x12234d390) and /Users/linmuyi/miniconda3/envs/llm_gs/lib/python3.9/site-packages/cv2/.dylibs/libSDL2-2.0.0.dylib (0x321fc8958). This may cause spurious casting failures and mysterious crashes. One of the duplicates must be removed or renamed.
objc[10490]: Class SDLMessageBoxPresenter is implemented in both /Users/linmuyi/miniconda3/envs/llm_gs/lib/python3.9/site-packages/pygame/.dylibs/libSDL2-2.0.0.dylib (0x12234d3b8) and /Users/linmuyi/miniconda3/envs/llm_gs/lib/python3.9/site-packages/cv2/.dylibs/libSDL2-2.0.0.dylib (0x321fc8980). This may cause spurious casting failures and mysterious crashes. One of the duplicates must be removed or renamed.
objc[10490]: Class SDL_cocoametalview is implemented in both /Users/linmuyi/miniconda3/envs/llm_gs/lib/python3.9/site-packages/pygame/.dylibs/libSDL2-2.0.0.dylib (0x12234d408) and /Users/linmuyi/miniconda3/envs/llm_gs/lib/python3.9/site-packages/cv2/.dylibs/libSDL2-2.0.0.dylib (0x321fc89d0). This may cause spurious casting failures and mysterious crashes. One of the duplicates must be removed or renamed.
objc[10490]: Class SDLOpenGLContext is implemented in both /Users/linmuyi/miniconda3/envs/llm_gs/lib/python3.9/site-packages/pygame/.dylibs/libSDL2-2.0.0.dylib (0x12234d458) and /Users/linmuyi/miniconda3/envs/llm_gs/lib/python3.9/site-packages/cv2/.dylibs/libSDL2-2.0.0.dylib (0x321fc8a20). This may cause spurious casting failures and mysterious crashes. One of the duplicates must be removed or renamed.
objc[10490]: Class SDL_ShapeData is implemented in both /Users/linmuyi/miniconda3/envs/llm_gs/lib/python3.9/site-packages/pygame/.dylibs/libSDL2-2.0.0.dylib (0x12234d4d0) and /Users/linmuyi/miniconda3/envs/llm_gs/lib/python3.9/site-packages/cv2/.dylibs/libSDL2-2.0.0.dylib (0x321fc8a98). This may cause spurious casting failures and mysterious crashes. One of the duplicates must be removed or renamed.
objc[10490]: Class SDL_CocoaClosure is implemented in both /Users/linmuyi/miniconda3/envs/llm_gs/lib/python3.9/site-packages/pygame/.dylibs/libSDL2-2.0.0.dylib (0x12234d520) and /Users/linmuyi/miniconda3/envs/llm_gs/lib/python3.9/site-packages/cv2/.dylibs/libSDL2-2.0.0.dylib (0x321fc8ae8). This may cause spurious casting failures and mysterious crashes. One of the duplicates must be removed or renamed.
objc[10490]: Class SDL_VideoData is implemented in both /Users/linmuyi/miniconda3/envs/llm_gs/lib/python3.9/site-packages/pygame/.dylibs/libSDL2-2.0.0.dylib (0x12234d570) and /Users/linmuyi/miniconda3/envs/llm_gs/lib/python3.9/site-packages/cv2/.dylibs/libSDL2-2.0.0.dylib (0x321fc8b38). This may cause spurious casting failures and mysterious crashes. One of the duplicates must be removed or renamed.
objc[10490]: Class SDL_WindowData is implemented in both /Users/linmuyi/miniconda3/envs/llm_gs/lib/python3.9/site-packages/pygame/.dylibs/libSDL2-2.0.0.dylib (0x12234d5c0) and /Users/linmuyi/miniconda3/envs/llm_gs/lib/python3.9/site-packages/cv2/.dylibs/libSDL2-2.0.0.dylib (0x321fc8b88). This may cause spurious casting failures and mysterious crashes. One of the duplicates must be removed or renamed.
objc[10490]: Class SDLWindow is implemented in both /Users/linmuyi/miniconda3/envs/llm_gs/lib/python3.9/site-packages/pygame/.dylibs/libSDL2-2.0.0.dylib (0x12234d5e8) and /Users/linmuyi/miniconda3/envs/llm_gs/lib/python3.9/site-packages/cv2/.dylibs/libSDL2-2.0.0.dylib (0x321fc8bb0). This may cause spurious casting failures and mysterious crashes. One of the duplicates must be removed or renamed.
objc[10490]: Class Cocoa_WindowListener is implemented in both /Users/linmuyi/miniconda3/envs/llm_gs/lib/python3.9/site-packages/pygame/.dylibs/libSDL2-2.0.0.dylib (0x12234d610) and /Users/linmuyi/miniconda3/envs/llm_gs/lib/python3.9/site-packages/cv2/.dylibs/libSDL2-2.0.0.dylib (0x321fc8bd8). This may cause spurious casting failures and mysterious crashes. One of the duplicates must be removed or renamed.
objc[10490]: Class SDLView is implemented in both /Users/linmuyi/miniconda3/envs/llm_gs/lib/python3.9/site-packages/pygame/.dylibs/libSDL2-2.0.0.dylib (0x12234d688) and /Users/linmuyi/miniconda3/envs/llm_gs/lib/python3.9/site-packages/cv2/.dylibs/libSDL2-2.0.0.dylib (0x321fc8c50). This may cause spurious casting failures and mysterious crashes. One of the duplicates must be removed or renamed.
objc[10490]: Class METAL_RenderData is implemented in both /Users/linmuyi/miniconda3/envs/llm_gs/lib/python3.9/site-packages/pygame/.dylibs/libSDL2-2.0.0.dylib (0x12234d700) and /Users/linmuyi/miniconda3/envs/llm_gs/lib/python3.9/site-packages/cv2/.dylibs/libSDL2-2.0.0.dylib (0x321fc8cc8). This may cause spurious casting failures and mysterious crashes. One of the duplicates must be removed or renamed.
objc[10490]: Class METAL_TextureData is implemented in both /Users/linmuyi/miniconda3/envs/llm_gs/lib/python3.9/site-packages/pygame/.dylibs/libSDL2-2.0.0.dylib (0x12234d750) and /Users/linmuyi/miniconda3/envs/llm_gs/lib/python3.9/site-packages/cv2/.dylibs/libSDL2-2.0.0.dylib (0x321fc8d18). This may cause spurious casting failures and mysterious crashes. One of the duplicates must be removed or renamed.
objc[10490]: Class SDL_RumbleMotor is implemented in both /Users/linmuyi/miniconda3/envs/llm_gs/lib/python3.9/site-packages/pygame/.dylibs/libSDL2-2.0.0.dylib (0x12234d778) and /Users/linmuyi/miniconda3/envs/llm_gs/lib/python3.9/site-packages/cv2/.dylibs/libSDL2-2.0.0.dylib (0x321fc8d40). This may cause spurious casting failures and mysterious crashes. One of the duplicates must be removed or renamed.
objc[10490]: Class SDL_RumbleContext is implemented in both /Users/linmuyi/miniconda3/envs/llm_gs/lib/python3.9/site-packages/pygame/.dylibs/libSDL2-2.0.0.dylib (0x12234d7c8) and /Users/linmuyi/miniconda3/envs/llm_gs/lib/python3.9/site-packages/cv2/.dylibs/libSDL2-2.0.0.dylib (0x321fc8d90). This may cause spurious casting failures and mysterious crashes. One of the duplicates must be removed or renamed.
[random_curriculum] 1500000 steps, 30 checkpoints, curriculum

  steps=  50000  held=0.00  gate=0.00  bins=1/3  active= 30  (297s)
  steps= 100000  held=0.01  gate=0.01  bins=1/3  active= 30  (520s)
  steps= 150000  held=0.03  gate=0.10  bins=1/3  active= 30  (559s)
  steps= 200000  held=0.03  gate=0.06  bins=1/3  active= 30  (595s)
  steps= 250000  held=0.03  gate=0.11  bins=1/3  active= 30  (678s)
  steps= 300000  held=0.03  gate=0.11  bins=1/3  active= 30  (748s)
  steps= 350000  held=0.03  gate=0.11  bins=1/3  active= 30  (814s)
  steps= 400000  held=0.18  gate=0.25  bins=2/3  active= 60  [UNLOCK:deadline]  (912s)
  steps= 450000  held=0.11  gate=0.19  bins=2/3  active= 60  (1007s)
  steps= 500000  held=0.23  gate=0.33  bins=2/3  active= 60  (1093s)
  steps= 550000  held=0.38  gate=0.60  bins=3/3  active= 90  [UNLOCK:gate]  (1192s)
  steps= 600000  held=0.28  gate=0.28  bins=3/3  active= 90  (1255s)
  steps= 650000  held=0.33  gate=0.33  bins=3/3  active= 90  (1299s)
  steps= 700000  held=0.42  gate=0.42  bins=3/3  active= 90  (1344s)
  steps= 750000  held=0.57  gate=0.57  bins=3/3  active= 90  (1388s)
  steps= 800000  held=0.65  gate=0.65  bins=3/3  active= 90  (1429s)
  steps= 850000  held=0.25  gate=0.25  bins=3/3  active= 90  (1481s)
  steps= 900000  held=0.47  gate=0.47  bins=3/3  active= 90  (1524s)
  steps= 950000  held=0.42  gate=0.42  bins=3/3  active= 90  (1569s)
  steps=1000000  held=0.59  gate=0.59  bins=3/3  active= 90  (1609s)
  steps=1050000  held=0.58  gate=0.58  bins=3/3  active= 90  (1648s)
  steps=1100000  held=0.62  gate=0.62  bins=3/3  active= 90  (1688s)
  steps=1150000  held=0.60  gate=0.60  bins=3/3  active= 90  (1730s)
  steps=1200000  held=0.58  gate=0.58  bins=3/3  active= 90  (1771s)
  steps=1250000  held=0.28  gate=0.28  bins=3/3  active= 90  (1820s)
  steps=1300000  held=0.54  gate=0.54  bins=3/3  active= 90  (1857s)
  steps=1350000  held=0.65  gate=0.65  bins=3/3  active= 90  (1895s)
  steps=1400000  held=0.59  gate=0.59  bins=3/3  active= 90  (1935s)
  steps=1450000  held=0.58  gate=0.58  bins=3/3  active= 90  (1975s)
  steps=1500000  held=0.65  gate=0.65  bins=3/3  active= 90  (2012s)

[random_curriculum] DONE  final held=0.65  steps_to_0.3=550,000  wall=2012s  -> random_curriculum_seed0.json
[random_curriculum] per-cell held: s9N1=0.69  s9N2=0.56  s9N3=0.31  s13N1=0.81  s13N2=0.75  s13N3=0.25  s17N1=1.00  s17N2=1.00  s17N3=0.50
