[grader] train=90 layouts  held-out=36 layouts
objc[31753]: Class SDLApplication is implemented in both /Users/linmuyi/miniconda3/envs/llm_gs/lib/python3.9/site-packages/pygame/.dylibs/libSDL2-2.0.0.dylib (0x105ee92c8) and /Users/linmuyi/miniconda3/envs/llm_gs/lib/python3.9/site-packages/cv2/.dylibs/libSDL2-2.0.0.dylib (0x153534890). This may cause spurious casting failures and mysterious crashes. One of the duplicates must be removed or renamed.
objc[31753]: Class SDLAppDelegate is implemented in both /Users/linmuyi/miniconda3/envs/llm_gs/lib/python3.9/site-packages/pygame/.dylibs/libSDL2-2.0.0.dylib (0x105ee9318) and /Users/linmuyi/miniconda3/envs/llm_gs/lib/python3.9/site-packages/cv2/.dylibs/libSDL2-2.0.0.dylib (0x1535348e0). This may cause spurious casting failures and mysterious crashes. One of the duplicates must be removed or renamed.
objc[31753]: Class SDLTranslatorResponder is implemented in both /Users/linmuyi/miniconda3/envs/llm_gs/lib/python3.9/site-packages/pygame/.dylibs/libSDL2-2.0.0.dylib (0x105ee9390) and /Users/linmuyi/miniconda3/envs/llm_gs/lib/python3.9/site-packages/cv2/.dylibs/libSDL2-2.0.0.dylib (0x153534958). This may cause spurious casting failures and mysterious crashes. One of the duplicates must be removed or renamed.
objc[31753]: Class SDLMessageBoxPresenter is implemented in both /Users/linmuyi/miniconda3/envs/llm_gs/lib/python3.9/site-packages/pygame/.dylibs/libSDL2-2.0.0.dylib (0x105ee93b8) and /Users/linmuyi/miniconda3/envs/llm_gs/lib/python3.9/site-packages/cv2/.dylibs/libSDL2-2.0.0.dylib (0x153534980). This may cause spurious casting failures and mysterious crashes. One of the duplicates must be removed or renamed.
objc[31753]: Class SDL_cocoametalview is implemented in both /Users/linmuyi/miniconda3/envs/llm_gs/lib/python3.9/site-packages/pygame/.dylibs/libSDL2-2.0.0.dylib (0x105ee9408) and /Users/linmuyi/miniconda3/envs/llm_gs/lib/python3.9/site-packages/cv2/.dylibs/libSDL2-2.0.0.dylib (0x1535349d0). This may cause spurious casting failures and mysterious crashes. One of the duplicates must be removed or renamed.
objc[31753]: Class SDLOpenGLContext is implemented in both /Users/linmuyi/miniconda3/envs/llm_gs/lib/python3.9/site-packages/pygame/.dylibs/libSDL2-2.0.0.dylib (0x105ee9458) and /Users/linmuyi/miniconda3/envs/llm_gs/lib/python3.9/site-packages/cv2/.dylibs/libSDL2-2.0.0.dylib (0x153534a20). This may cause spurious casting failures and mysterious crashes. One of the duplicates must be removed or renamed.
objc[31753]: Class SDL_ShapeData is implemented in both /Users/linmuyi/miniconda3/envs/llm_gs/lib/python3.9/site-packages/pygame/.dylibs/libSDL2-2.0.0.dylib (0x105ee94d0) and /Users/linmuyi/miniconda3/envs/llm_gs/lib/python3.9/site-packages/cv2/.dylibs/libSDL2-2.0.0.dylib (0x153534a98). This may cause spurious casting failures and mysterious crashes. One of the duplicates must be removed or renamed.
objc[31753]: Class SDL_CocoaClosure is implemented in both /Users/linmuyi/miniconda3/envs/llm_gs/lib/python3.9/site-packages/pygame/.dylibs/libSDL2-2.0.0.dylib (0x105ee9520) and /Users/linmuyi/miniconda3/envs/llm_gs/lib/python3.9/site-packages/cv2/.dylibs/libSDL2-2.0.0.dylib (0x153534ae8). This may cause spurious casting failures and mysterious crashes. One of the duplicates must be removed or renamed.
objc[31753]: Class SDL_VideoData is implemented in both /Users/linmuyi/miniconda3/envs/llm_gs/lib/python3.9/site-packages/pygame/.dylibs/libSDL2-2.0.0.dylib (0x105ee9570) and /Users/linmuyi/miniconda3/envs/llm_gs/lib/python3.9/site-packages/cv2/.dylibs/libSDL2-2.0.0.dylib (0x153534b38). This may cause spurious casting failures and mysterious crashes. One of the duplicates must be removed or renamed.
objc[31753]: Class SDL_WindowData is implemented in both /Users/linmuyi/miniconda3/envs/llm_gs/lib/python3.9/site-packages/pygame/.dylibs/libSDL2-2.0.0.dylib (0x105ee95c0) and /Users/linmuyi/miniconda3/envs/llm_gs/lib/python3.9/site-packages/cv2/.dylibs/libSDL2-2.0.0.dylib (0x153534b88). This may cause spurious casting failures and mysterious crashes. One of the duplicates must be removed or renamed.
objc[31753]: Class SDLWindow is implemented in both /Users/linmuyi/miniconda3/envs/llm_gs/lib/python3.9/site-packages/pygame/.dylibs/libSDL2-2.0.0.dylib (0x105ee95e8) and /Users/linmuyi/miniconda3/envs/llm_gs/lib/python3.9/site-packages/cv2/.dylibs/libSDL2-2.0.0.dylib (0x153534bb0). This may cause spurious casting failures and mysterious crashes. One of the duplicates must be removed or renamed.
objc[31753]: Class Cocoa_WindowListener is implemented in both /Users/linmuyi/miniconda3/envs/llm_gs/lib/python3.9/site-packages/pygame/.dylibs/libSDL2-2.0.0.dylib (0x105ee9610) and /Users/linmuyi/miniconda3/envs/llm_gs/lib/python3.9/site-packages/cv2/.dylibs/libSDL2-2.0.0.dylib (0x153534bd8). This may cause spurious casting failures and mysterious crashes. One of the duplicates must be removed or renamed.
objc[31753]: Class SDLView is implemented in both /Users/linmuyi/miniconda3/envs/llm_gs/lib/python3.9/site-packages/pygame/.dylibs/libSDL2-2.0.0.dylib (0x105ee9688) and /Users/linmuyi/miniconda3/envs/llm_gs/lib/python3.9/site-packages/cv2/.dylibs/libSDL2-2.0.0.dylib (0x153534c50). This may cause spurious casting failures and mysterious crashes. One of the duplicates must be removed or renamed.
objc[31753]: Class METAL_RenderData is implemented in both /Users/linmuyi/miniconda3/envs/llm_gs/lib/python3.9/site-packages/pygame/.dylibs/libSDL2-2.0.0.dylib (0x105ee9700) and /Users/linmuyi/miniconda3/envs/llm_gs/lib/python3.9/site-packages/cv2/.dylibs/libSDL2-2.0.0.dylib (0x153534cc8). This may cause spurious casting failures and mysterious crashes. One of the duplicates must be removed or renamed.
objc[31753]: Class METAL_TextureData is implemented in both /Users/linmuyi/miniconda3/envs/llm_gs/lib/python3.9/site-packages/pygame/.dylibs/libSDL2-2.0.0.dylib (0x105ee9750) and /Users/linmuyi/miniconda3/envs/llm_gs/lib/python3.9/site-packages/cv2/.dylibs/libSDL2-2.0.0.dylib (0x153534d18). This may cause spurious casting failures and mysterious crashes. One of the duplicates must be removed or renamed.
objc[31753]: Class SDL_RumbleMotor is implemented in both /Users/linmuyi/miniconda3/envs/llm_gs/lib/python3.9/site-packages/pygame/.dylibs/libSDL2-2.0.0.dylib (0x105ee9778) and /Users/linmuyi/miniconda3/envs/llm_gs/lib/python3.9/site-packages/cv2/.dylibs/libSDL2-2.0.0.dylib (0x153534d40). This may cause spurious casting failures and mysterious crashes. One of the duplicates must be removed or renamed.
objc[31753]: Class SDL_RumbleContext is implemented in both /Users/linmuyi/miniconda3/envs/llm_gs/lib/python3.9/site-packages/pygame/.dylibs/libSDL2-2.0.0.dylib (0x105ee97c8) and /Users/linmuyi/miniconda3/envs/llm_gs/lib/python3.9/site-packages/cv2/.dylibs/libSDL2-2.0.0.dylib (0x153534d90). This may cause spurious casting failures and mysterious crashes. One of the duplicates must be removed or renamed.
[grader] 1500000 steps, 30 checkpoints, curriculum

  steps=  50000  held=0.00  gate=0.01  bins=1/3  active= 30  (43s)
  steps= 100000  held=0.00  gate=0.00  bins=1/3  active= 30  (88s)
  steps= 150000  held=0.00  gate=0.00  bins=1/3  active= 30  (129s)
  steps= 200000  held=0.00  gate=0.00  bins=1/3  active= 30  (169s)
  steps= 250000  held=0.00  gate=0.00  bins=1/3  active= 30  (227s)
  steps= 300000  held=0.00  gate=0.00  bins=1/3  active= 30  (284s)
  steps= 350000  held=0.04  gate=0.06  bins=1/3  active= 30  (320s)
  steps= 400000  held=0.10  gate=0.21  bins=2/3  active= 60  [UNLOCK:deadline]  (349s)
  steps= 450000  held=0.14  gate=0.04  bins=2/3  active= 60  (389s)
  steps= 500000  held=0.12  gate=0.07  bins=2/3  active= 60  (446s)
  steps= 550000  held=0.13  gate=0.11  bins=2/3  active= 60  (489s)
  steps= 600000  held=0.12  gate=0.08  bins=2/3  active= 60  (536s)
  steps= 650000  held=0.05  gate=0.06  bins=2/3  active= 60  (576s)
  steps= 700000  held=0.17  gate=0.15  bins=2/3  active= 60  (623s)
  steps= 750000  held=0.13  gate=0.17  bins=2/3  active= 60  (654s)
  steps= 800000  held=0.16  gate=0.12  bins=3/3  active= 90  [UNLOCK:deadline]  (708s)
  steps= 850000  held=0.10  gate=0.10  bins=3/3  active= 90  (752s)
  steps= 900000  held=0.12  gate=0.12  bins=3/3  active= 90  (783s)
  steps= 950000  held=0.08  gate=0.08  bins=3/3  active= 90  (830s)
  steps=1000000  held=0.10  gate=0.10  bins=3/3  active= 90  (866s)
  steps=1050000  held=0.12  gate=0.12  bins=3/3  active= 90  (911s)
  steps=1100000  held=0.14  gate=0.14  bins=3/3  active= 90  (955s)
  steps=1150000  held=0.11  gate=0.11  bins=3/3  active= 90  (1005s)
  steps=1200000  held=0.10  gate=0.10  bins=3/3  active= 90  (1052s)
  steps=1250000  held=0.05  gate=0.05  bins=3/3  active= 90  (1099s)
  steps=1300000  held=0.12  gate=0.12  bins=3/3  active= 90  (1136s)
  steps=1350000  held=0.10  gate=0.10  bins=3/3  active= 90  (1178s)
  steps=1400000  held=0.15  gate=0.15  bins=3/3  active= 90  (1213s)
  steps=1450000  held=0.29  gate=0.29  bins=3/3  active= 90  (1252s)
  steps=1500000  held=0.19  gate=0.19  bins=3/3  active= 90  (1296s)

[grader] DONE  final held=0.19  steps_to_0.3=NOT REACHED  wall=1296s  -> grader_seed3.json
[grader] per-cell held: s9N1=0.38  s9N2=0.12  s9N3=0.00  s13N1=0.12  s13N2=0.38  s13N3=0.00  s17N1=0.12  s17N2=0.38  s17N3=0.25
