[rivers_only] train=90 layouts  held-out=36 layouts
objc[47538]: Class SDLApplication is implemented in both /Users/linmuyi/miniconda3/envs/llm_gs/lib/python3.9/site-packages/pygame/.dylibs/libSDL2-2.0.0.dylib (0x1123612c8) and /Users/linmuyi/miniconda3/envs/llm_gs/lib/python3.9/site-packages/cv2/.dylibs/libSDL2-2.0.0.dylib (0x15c758890). This may cause spurious casting failures and mysterious crashes. One of the duplicates must be removed or renamed.
objc[47538]: Class SDLAppDelegate is implemented in both /Users/linmuyi/miniconda3/envs/llm_gs/lib/python3.9/site-packages/pygame/.dylibs/libSDL2-2.0.0.dylib (0x112361318) and /Users/linmuyi/miniconda3/envs/llm_gs/lib/python3.9/site-packages/cv2/.dylibs/libSDL2-2.0.0.dylib (0x15c7588e0). This may cause spurious casting failures and mysterious crashes. One of the duplicates must be removed or renamed.
objc[47538]: Class SDLTranslatorResponder is implemented in both /Users/linmuyi/miniconda3/envs/llm_gs/lib/python3.9/site-packages/pygame/.dylibs/libSDL2-2.0.0.dylib (0x112361390) and /Users/linmuyi/miniconda3/envs/llm_gs/lib/python3.9/site-packages/cv2/.dylibs/libSDL2-2.0.0.dylib (0x15c758958). This may cause spurious casting failures and mysterious crashes. One of the duplicates must be removed or renamed.
objc[47538]: Class SDLMessageBoxPresenter is implemented in both /Users/linmuyi/miniconda3/envs/llm_gs/lib/python3.9/site-packages/pygame/.dylibs/libSDL2-2.0.0.dylib (0x1123613b8) and /Users/linmuyi/miniconda3/envs/llm_gs/lib/python3.9/site-packages/cv2/.dylibs/libSDL2-2.0.0.dylib (0x15c758980). This may cause spurious casting failures and mysterious crashes. One of the duplicates must be removed or renamed.
objc[47538]: Class SDL_cocoametalview is implemented in both /Users/linmuyi/miniconda3/envs/llm_gs/lib/python3.9/site-packages/pygame/.dylibs/libSDL2-2.0.0.dylib (0x112361408) and /Users/linmuyi/miniconda3/envs/llm_gs/lib/python3.9/site-packages/cv2/.dylibs/libSDL2-2.0.0.dylib (0x15c7589d0). This may cause spurious casting failures and mysterious crashes. One of the duplicates must be removed or renamed.
objc[47538]: Class SDLOpenGLContext is implemented in both /Users/linmuyi/miniconda3/envs/llm_gs/lib/python3.9/site-packages/pygame/.dylibs/libSDL2-2.0.0.dylib (0x112361458) and /Users/linmuyi/miniconda3/envs/llm_gs/lib/python3.9/site-packages/cv2/.dylibs/libSDL2-2.0.0.dylib (0x15c758a20). This may cause spurious casting failures and mysterious crashes. One of the duplicates must be removed or renamed.
objc[47538]: Class SDL_ShapeData is implemented in both /Users/linmuyi/miniconda3/envs/llm_gs/lib/python3.9/site-packages/pygame/.dylibs/libSDL2-2.0.0.dylib (0x1123614d0) and /Users/linmuyi/miniconda3/envs/llm_gs/lib/python3.9/site-packages/cv2/.dylibs/libSDL2-2.0.0.dylib (0x15c758a98). This may cause spurious casting failures and mysterious crashes. One of the duplicates must be removed or renamed.
objc[47538]: Class SDL_CocoaClosure is implemented in both /Users/linmuyi/miniconda3/envs/llm_gs/lib/python3.9/site-packages/pygame/.dylibs/libSDL2-2.0.0.dylib (0x112361520) and /Users/linmuyi/miniconda3/envs/llm_gs/lib/python3.9/site-packages/cv2/.dylibs/libSDL2-2.0.0.dylib (0x15c758ae8). This may cause spurious casting failures and mysterious crashes. One of the duplicates must be removed or renamed.
objc[47538]: Class SDL_VideoData is implemented in both /Users/linmuyi/miniconda3/envs/llm_gs/lib/python3.9/site-packages/pygame/.dylibs/libSDL2-2.0.0.dylib (0x112361570) and /Users/linmuyi/miniconda3/envs/llm_gs/lib/python3.9/site-packages/cv2/.dylibs/libSDL2-2.0.0.dylib (0x15c758b38). This may cause spurious casting failures and mysterious crashes. One of the duplicates must be removed or renamed.
objc[47538]: Class SDL_WindowData is implemented in both /Users/linmuyi/miniconda3/envs/llm_gs/lib/python3.9/site-packages/pygame/.dylibs/libSDL2-2.0.0.dylib (0x1123615c0) and /Users/linmuyi/miniconda3/envs/llm_gs/lib/python3.9/site-packages/cv2/.dylibs/libSDL2-2.0.0.dylib (0x15c758b88). This may cause spurious casting failures and mysterious crashes. One of the duplicates must be removed or renamed.
objc[47538]: Class SDLWindow is implemented in both /Users/linmuyi/miniconda3/envs/llm_gs/lib/python3.9/site-packages/pygame/.dylibs/libSDL2-2.0.0.dylib (0x1123615e8) and /Users/linmuyi/miniconda3/envs/llm_gs/lib/python3.9/site-packages/cv2/.dylibs/libSDL2-2.0.0.dylib (0x15c758bb0). This may cause spurious casting failures and mysterious crashes. One of the duplicates must be removed or renamed.
objc[47538]: Class Cocoa_WindowListener is implemented in both /Users/linmuyi/miniconda3/envs/llm_gs/lib/python3.9/site-packages/pygame/.dylibs/libSDL2-2.0.0.dylib (0x112361610) and /Users/linmuyi/miniconda3/envs/llm_gs/lib/python3.9/site-packages/cv2/.dylibs/libSDL2-2.0.0.dylib (0x15c758bd8). This may cause spurious casting failures and mysterious crashes. One of the duplicates must be removed or renamed.
objc[47538]: Class SDLView is implemented in both /Users/linmuyi/miniconda3/envs/llm_gs/lib/python3.9/site-packages/pygame/.dylibs/libSDL2-2.0.0.dylib (0x112361688) and /Users/linmuyi/miniconda3/envs/llm_gs/lib/python3.9/site-packages/cv2/.dylibs/libSDL2-2.0.0.dylib (0x15c758c50). This may cause spurious casting failures and mysterious crashes. One of the duplicates must be removed or renamed.
objc[47538]: Class METAL_RenderData is implemented in both /Users/linmuyi/miniconda3/envs/llm_gs/lib/python3.9/site-packages/pygame/.dylibs/libSDL2-2.0.0.dylib (0x112361700) and /Users/linmuyi/miniconda3/envs/llm_gs/lib/python3.9/site-packages/cv2/.dylibs/libSDL2-2.0.0.dylib (0x15c758cc8). This may cause spurious casting failures and mysterious crashes. One of the duplicates must be removed or renamed.
objc[47538]: Class METAL_TextureData is implemented in both /Users/linmuyi/miniconda3/envs/llm_gs/lib/python3.9/site-packages/pygame/.dylibs/libSDL2-2.0.0.dylib (0x112361750) and /Users/linmuyi/miniconda3/envs/llm_gs/lib/python3.9/site-packages/cv2/.dylibs/libSDL2-2.0.0.dylib (0x15c758d18). This may cause spurious casting failures and mysterious crashes. One of the duplicates must be removed or renamed.
objc[47538]: Class SDL_RumbleMotor is implemented in both /Users/linmuyi/miniconda3/envs/llm_gs/lib/python3.9/site-packages/pygame/.dylibs/libSDL2-2.0.0.dylib (0x112361778) and /Users/linmuyi/miniconda3/envs/llm_gs/lib/python3.9/site-packages/cv2/.dylibs/libSDL2-2.0.0.dylib (0x15c758d40). This may cause spurious casting failures and mysterious crashes. One of the duplicates must be removed or renamed.
objc[47538]: Class SDL_RumbleContext is implemented in both /Users/linmuyi/miniconda3/envs/llm_gs/lib/python3.9/site-packages/pygame/.dylibs/libSDL2-2.0.0.dylib (0x1123617c8) and /Users/linmuyi/miniconda3/envs/llm_gs/lib/python3.9/site-packages/cv2/.dylibs/libSDL2-2.0.0.dylib (0x15c758d90). This may cause spurious casting failures and mysterious crashes. One of the duplicates must be removed or renamed.
[rivers_only] 1500000 steps, 30 checkpoints, curriculum

  steps=  50000  held=0.00  gate=0.00  bins=1/3  active= 30  (39s)
  steps= 100000  held=0.01  gate=0.00  bins=1/3  active= 30  (73s)
  steps= 150000  held=0.00  gate=0.01  bins=1/3  active= 30  (102s)
  steps= 200000  held=0.00  gate=0.01  bins=1/3  active= 30  (135s)
  steps= 250000  held=0.05  gate=0.14  bins=1/3  active= 30  (178s)
  steps= 300000  held=0.04  gate=0.18  bins=1/3  active= 30  (223s)
  steps= 350000  held=0.11  gate=0.17  bins=1/3  active= 30  (257s)
  steps= 400000  held=0.13  gate=0.17  bins=2/3  active= 60  [UNLOCK:deadline]  (300s)
  steps= 450000  held=0.01  gate=0.01  bins=2/3  active= 60  (357s)
  steps= 500000  held=0.00  gate=0.00  bins=2/3  active= 60  (420s)
  steps= 550000  held=0.00  gate=0.00  bins=2/3  active= 60  (482s)
  steps= 600000  held=0.00  gate=0.00  bins=2/3  active= 60  (537s)
  steps= 650000  held=0.00  gate=0.01  bins=2/3  active= 60  (578s)
  steps= 700000  held=0.01  gate=0.07  bins=2/3  active= 60  (614s)
  steps= 750000  held=0.00  gate=0.00  bins=2/3  active= 60  (671s)
  steps= 800000  held=0.00  gate=0.00  bins=3/3  active= 90  [UNLOCK:deadline]  (735s)
  steps= 850000  held=0.01  gate=0.01  bins=3/3  active= 90  (763s)
  steps= 900000  held=0.00  gate=0.00  bins=3/3  active= 90  (789s)
  steps= 950000  held=0.01  gate=0.01  bins=3/3  active= 90  (816s)
  steps=1000000  held=0.12  gate=0.12  bins=3/3  active= 90  (855s)
  steps=1050000  held=0.12  gate=0.12  bins=3/3  active= 90  (893s)
  steps=1100000  held=0.15  gate=0.15  bins=3/3  active= 90  (935s)
  steps=1150000  held=0.08  gate=0.08  bins=3/3  active= 90  (977s)
  steps=1200000  held=0.10  gate=0.10  bins=3/3  active= 90  (1023s)
  steps=1250000  held=0.10  gate=0.10  bins=3/3  active= 90  (1067s)
  steps=1300000  held=0.01  gate=0.01  bins=3/3  active= 90  (1119s)
  steps=1350000  held=0.12  gate=0.12  bins=3/3  active= 90  (1158s)
  steps=1400000  held=0.07  gate=0.07  bins=3/3  active= 90  (1193s)
  steps=1450000  held=0.10  gate=0.10  bins=3/3  active= 90  (1221s)
  steps=1500000  held=0.03  gate=0.03  bins=3/3  active= 90  (1269s)

[rivers_only] DONE  final held=0.03  steps_to_0.3=NOT REACHED  wall=1269s  -> rivers_only_seed23.json
[rivers_only] per-cell held: s9N1=0.00  s9N2=0.00  s9N3=0.00  s13N1=0.25  s13N2=0.00  s13N3=0.00  s17N1=0.00  s17N2=0.00  s17N3=0.00
