[size_order] train=90 layouts  held-out=36 layouts
objc[34419]: Class SDLApplication is implemented in both /Users/linmuyi/miniconda3/envs/llm_gs/lib/python3.9/site-packages/pygame/.dylibs/libSDL2-2.0.0.dylib (0x1068452c8) and /Users/linmuyi/miniconda3/envs/llm_gs/lib/python3.9/site-packages/cv2/.dylibs/libSDL2-2.0.0.dylib (0x127314890). This may cause spurious casting failures and mysterious crashes. One of the duplicates must be removed or renamed.
objc[34419]: Class SDLAppDelegate is implemented in both /Users/linmuyi/miniconda3/envs/llm_gs/lib/python3.9/site-packages/pygame/.dylibs/libSDL2-2.0.0.dylib (0x106845318) and /Users/linmuyi/miniconda3/envs/llm_gs/lib/python3.9/site-packages/cv2/.dylibs/libSDL2-2.0.0.dylib (0x1273148e0). This may cause spurious casting failures and mysterious crashes. One of the duplicates must be removed or renamed.
objc[34419]: Class SDLTranslatorResponder is implemented in both /Users/linmuyi/miniconda3/envs/llm_gs/lib/python3.9/site-packages/pygame/.dylibs/libSDL2-2.0.0.dylib (0x106845390) and /Users/linmuyi/miniconda3/envs/llm_gs/lib/python3.9/site-packages/cv2/.dylibs/libSDL2-2.0.0.dylib (0x127314958). This may cause spurious casting failures and mysterious crashes. One of the duplicates must be removed or renamed.
objc[34419]: Class SDLMessageBoxPresenter is implemented in both /Users/linmuyi/miniconda3/envs/llm_gs/lib/python3.9/site-packages/pygame/.dylibs/libSDL2-2.0.0.dylib (0x1068453b8) and /Users/linmuyi/miniconda3/envs/llm_gs/lib/python3.9/site-packages/cv2/.dylibs/libSDL2-2.0.0.dylib (0x127314980). This may cause spurious casting failures and mysterious crashes. One of the duplicates must be removed or renamed.
objc[34419]: Class SDL_cocoametalview is implemented in both /Users/linmuyi/miniconda3/envs/llm_gs/lib/python3.9/site-packages/pygame/.dylibs/libSDL2-2.0.0.dylib (0x106845408) and /Users/linmuyi/miniconda3/envs/llm_gs/lib/python3.9/site-packages/cv2/.dylibs/libSDL2-2.0.0.dylib (0x1273149d0). This may cause spurious casting failures and mysterious crashes. One of the duplicates must be removed or renamed.
objc[34419]: Class SDLOpenGLContext is implemented in both /Users/linmuyi/miniconda3/envs/llm_gs/lib/python3.9/site-packages/pygame/.dylibs/libSDL2-2.0.0.dylib (0x106845458) and /Users/linmuyi/miniconda3/envs/llm_gs/lib/python3.9/site-packages/cv2/.dylibs/libSDL2-2.0.0.dylib (0x127314a20). This may cause spurious casting failures and mysterious crashes. One of the duplicates must be removed or renamed.
objc[34419]: Class SDL_ShapeData is implemented in both /Users/linmuyi/miniconda3/envs/llm_gs/lib/python3.9/site-packages/pygame/.dylibs/libSDL2-2.0.0.dylib (0x1068454d0) and /Users/linmuyi/miniconda3/envs/llm_gs/lib/python3.9/site-packages/cv2/.dylibs/libSDL2-2.0.0.dylib (0x127314a98). This may cause spurious casting failures and mysterious crashes. One of the duplicates must be removed or renamed.
objc[34419]: Class SDL_CocoaClosure is implemented in both /Users/linmuyi/miniconda3/envs/llm_gs/lib/python3.9/site-packages/pygame/.dylibs/libSDL2-2.0.0.dylib (0x106845520) and /Users/linmuyi/miniconda3/envs/llm_gs/lib/python3.9/site-packages/cv2/.dylibs/libSDL2-2.0.0.dylib (0x127314ae8). This may cause spurious casting failures and mysterious crashes. One of the duplicates must be removed or renamed.
objc[34419]: Class SDL_VideoData is implemented in both /Users/linmuyi/miniconda3/envs/llm_gs/lib/python3.9/site-packages/pygame/.dylibs/libSDL2-2.0.0.dylib (0x106845570) and /Users/linmuyi/miniconda3/envs/llm_gs/lib/python3.9/site-packages/cv2/.dylibs/libSDL2-2.0.0.dylib (0x127314b38). This may cause spurious casting failures and mysterious crashes. One of the duplicates must be removed or renamed.
objc[34419]: Class SDL_WindowData is implemented in both /Users/linmuyi/miniconda3/envs/llm_gs/lib/python3.9/site-packages/pygame/.dylibs/libSDL2-2.0.0.dylib (0x1068455c0) and /Users/linmuyi/miniconda3/envs/llm_gs/lib/python3.9/site-packages/cv2/.dylibs/libSDL2-2.0.0.dylib (0x127314b88). This may cause spurious casting failures and mysterious crashes. One of the duplicates must be removed or renamed.
objc[34419]: Class SDLWindow is implemented in both /Users/linmuyi/miniconda3/envs/llm_gs/lib/python3.9/site-packages/pygame/.dylibs/libSDL2-2.0.0.dylib (0x1068455e8) and /Users/linmuyi/miniconda3/envs/llm_gs/lib/python3.9/site-packages/cv2/.dylibs/libSDL2-2.0.0.dylib (0x127314bb0). This may cause spurious casting failures and mysterious crashes. One of the duplicates must be removed or renamed.
objc[34419]: Class Cocoa_WindowListener is implemented in both /Users/linmuyi/miniconda3/envs/llm_gs/lib/python3.9/site-packages/pygame/.dylibs/libSDL2-2.0.0.dylib (0x106845610) and /Users/linmuyi/miniconda3/envs/llm_gs/lib/python3.9/site-packages/cv2/.dylibs/libSDL2-2.0.0.dylib (0x127314bd8). This may cause spurious casting failures and mysterious crashes. One of the duplicates must be removed or renamed.
objc[34419]: Class SDLView is implemented in both /Users/linmuyi/miniconda3/envs/llm_gs/lib/python3.9/site-packages/pygame/.dylibs/libSDL2-2.0.0.dylib (0x106845688) and /Users/linmuyi/miniconda3/envs/llm_gs/lib/python3.9/site-packages/cv2/.dylibs/libSDL2-2.0.0.dylib (0x127314c50). This may cause spurious casting failures and mysterious crashes. One of the duplicates must be removed or renamed.
objc[34419]: Class METAL_RenderData is implemented in both /Users/linmuyi/miniconda3/envs/llm_gs/lib/python3.9/site-packages/pygame/.dylibs/libSDL2-2.0.0.dylib (0x106845700) and /Users/linmuyi/miniconda3/envs/llm_gs/lib/python3.9/site-packages/cv2/.dylibs/libSDL2-2.0.0.dylib (0x127314cc8). This may cause spurious casting failures and mysterious crashes. One of the duplicates must be removed or renamed.
objc[34419]: Class METAL_TextureData is implemented in both /Users/linmuyi/miniconda3/envs/llm_gs/lib/python3.9/site-packages/pygame/.dylibs/libSDL2-2.0.0.dylib (0x106845750) and /Users/linmuyi/miniconda3/envs/llm_gs/lib/python3.9/site-packages/cv2/.dylibs/libSDL2-2.0.0.dylib (0x127314d18). This may cause spurious casting failures and mysterious crashes. One of the duplicates must be removed or renamed.
objc[34419]: Class SDL_RumbleMotor is implemented in both /Users/linmuyi/miniconda3/envs/llm_gs/lib/python3.9/site-packages/pygame/.dylibs/libSDL2-2.0.0.dylib (0x106845778) and /Users/linmuyi/miniconda3/envs/llm_gs/lib/python3.9/site-packages/cv2/.dylibs/libSDL2-2.0.0.dylib (0x127314d40). This may cause spurious casting failures and mysterious crashes. One of the duplicates must be removed or renamed.
objc[34419]: Class SDL_RumbleContext is implemented in both /Users/linmuyi/miniconda3/envs/llm_gs/lib/python3.9/site-packages/pygame/.dylibs/libSDL2-2.0.0.dylib (0x1068457c8) and /Users/linmuyi/miniconda3/envs/llm_gs/lib/python3.9/site-packages/cv2/.dylibs/libSDL2-2.0.0.dylib (0x127314d90). This may cause spurious casting failures and mysterious crashes. One of the duplicates must be removed or renamed.
[size_order] 1500000 steps, 30 checkpoints, curriculum

  steps=  50000  held=0.01  gate=0.04  bins=1/3  active= 30  (28s)
  steps= 100000  held=0.06  gate=0.06  bins=1/3  active= 30  (54s)
  steps= 150000  held=0.15  gate=0.40  bins=1/3  active= 30  (94s)
  steps= 200000  held=0.17  gate=0.32  bins=1/3  active= 30  (143s)
  steps= 250000  held=0.33  gate=0.57  bins=2/3  active= 60  [UNLOCK:gate]  (190s)
  steps= 300000  held=0.42  gate=0.31  bins=2/3  active= 60  (236s)
  steps= 350000  held=0.44  gate=0.56  bins=3/3  active= 90  [UNLOCK:gate]  (282s)
  steps= 400000  held=0.44  gate=0.44  bins=3/3  active= 90  (325s)
  steps= 450000  held=0.53  gate=0.53  bins=3/3  active= 90  (364s)
  steps= 500000  held=0.54  gate=0.54  bins=3/3  active= 90  (405s)
  steps= 550000  held=0.60  gate=0.60  bins=3/3  active= 90  (443s)
  steps= 600000  held=0.44  gate=0.44  bins=3/3  active= 90  (485s)
  steps= 650000  held=0.29  gate=0.29  bins=3/3  active= 90  (532s)
  steps= 700000  held=0.22  gate=0.22  bins=3/3  active= 90  (581s)
  steps= 750000  held=0.43  gate=0.43  bins=3/3  active= 90  (623s)
  steps= 800000  held=0.49  gate=0.49  bins=3/3  active= 90  (662s)
  steps= 850000  held=0.65  gate=0.65  bins=3/3  active= 90  (700s)
  steps= 900000  held=0.56  gate=0.56  bins=3/3  active= 90  (737s)
  steps= 950000  held=0.67  gate=0.67  bins=3/3  active= 90  (771s)
  steps=1000000  held=0.66  gate=0.66  bins=3/3  active= 90  (806s)
  steps=1050000  held=0.60  gate=0.60  bins=3/3  active= 90  (843s)
  steps=1100000  held=0.63  gate=0.63  bins=3/3  active= 90  (878s)
  steps=1150000  held=0.61  gate=0.61  bins=3/3  active= 90  (913s)
  steps=1200000  held=0.64  gate=0.64  bins=3/3  active= 90  (949s)
  steps=1250000  held=0.64  gate=0.64  bins=3/3  active= 90  (986s)
  steps=1300000  held=0.64  gate=0.64  bins=3/3  active= 90  (1023s)
  steps=1350000  held=0.68  gate=0.68  bins=3/3  active= 90  (1057s)
  steps=1400000  held=0.63  gate=0.63  bins=3/3  active= 90  (1091s)
  steps=1450000  held=0.69  gate=0.69  bins=3/3  active= 90  (1126s)
  steps=1500000  held=0.67  gate=0.67  bins=3/3  active= 90  (1161s)

[size_order] DONE  final held=0.67  steps_to_0.3=250,000  wall=1161s  -> size_order_seed36.json
[size_order] per-cell held: s9N1=0.81  s9N2=0.44  s9N3=0.06  s13N1=1.00  s13N2=0.94  s13N3=0.50  s17N1=0.56  s17N2=1.00  s17N3=0.75
