[size_order] train=90 layouts  held-out=36 layouts
objc[39584]: Class SDLApplication is implemented in both /Users/linmuyi/miniconda3/envs/llm_gs/lib/python3.9/site-packages/pygame/.dylibs/libSDL2-2.0.0.dylib (0x1068612c8) and /Users/linmuyi/miniconda3/envs/llm_gs/lib/python3.9/site-packages/cv2/.dylibs/libSDL2-2.0.0.dylib (0x13a068890). This may cause spurious casting failures and mysterious crashes. One of the duplicates must be removed or renamed.
objc[39584]: Class SDLAppDelegate is implemented in both /Users/linmuyi/miniconda3/envs/llm_gs/lib/python3.9/site-packages/pygame/.dylibs/libSDL2-2.0.0.dylib (0x106861318) and /Users/linmuyi/miniconda3/envs/llm_gs/lib/python3.9/site-packages/cv2/.dylibs/libSDL2-2.0.0.dylib (0x13a0688e0). This may cause spurious casting failures and mysterious crashes. One of the duplicates must be removed or renamed.
objc[39584]: Class SDLTranslatorResponder is implemented in both /Users/linmuyi/miniconda3/envs/llm_gs/lib/python3.9/site-packages/pygame/.dylibs/libSDL2-2.0.0.dylib (0x106861390) and /Users/linmuyi/miniconda3/envs/llm_gs/lib/python3.9/site-packages/cv2/.dylibs/libSDL2-2.0.0.dylib (0x13a068958). This may cause spurious casting failures and mysterious crashes. One of the duplicates must be removed or renamed.
objc[39584]: Class SDLMessageBoxPresenter is implemented in both /Users/linmuyi/miniconda3/envs/llm_gs/lib/python3.9/site-packages/pygame/.dylibs/libSDL2-2.0.0.dylib (0x1068613b8) and /Users/linmuyi/miniconda3/envs/llm_gs/lib/python3.9/site-packages/cv2/.dylibs/libSDL2-2.0.0.dylib (0x13a068980). This may cause spurious casting failures and mysterious crashes. One of the duplicates must be removed or renamed.
objc[39584]: Class SDL_cocoametalview is implemented in both /Users/linmuyi/miniconda3/envs/llm_gs/lib/python3.9/site-packages/pygame/.dylibs/libSDL2-2.0.0.dylib (0x106861408) and /Users/linmuyi/miniconda3/envs/llm_gs/lib/python3.9/site-packages/cv2/.dylibs/libSDL2-2.0.0.dylib (0x13a0689d0). This may cause spurious casting failures and mysterious crashes. One of the duplicates must be removed or renamed.
objc[39584]: Class SDLOpenGLContext is implemented in both /Users/linmuyi/miniconda3/envs/llm_gs/lib/python3.9/site-packages/pygame/.dylibs/libSDL2-2.0.0.dylib (0x106861458) and /Users/linmuyi/miniconda3/envs/llm_gs/lib/python3.9/site-packages/cv2/.dylibs/libSDL2-2.0.0.dylib (0x13a068a20). This may cause spurious casting failures and mysterious crashes. One of the duplicates must be removed or renamed.
objc[39584]: Class SDL_ShapeData is implemented in both /Users/linmuyi/miniconda3/envs/llm_gs/lib/python3.9/site-packages/pygame/.dylibs/libSDL2-2.0.0.dylib (0x1068614d0) and /Users/linmuyi/miniconda3/envs/llm_gs/lib/python3.9/site-packages/cv2/.dylibs/libSDL2-2.0.0.dylib (0x13a068a98). This may cause spurious casting failures and mysterious crashes. One of the duplicates must be removed or renamed.
objc[39584]: Class SDL_CocoaClosure is implemented in both /Users/linmuyi/miniconda3/envs/llm_gs/lib/python3.9/site-packages/pygame/.dylibs/libSDL2-2.0.0.dylib (0x106861520) and /Users/linmuyi/miniconda3/envs/llm_gs/lib/python3.9/site-packages/cv2/.dylibs/libSDL2-2.0.0.dylib (0x13a068ae8). This may cause spurious casting failures and mysterious crashes. One of the duplicates must be removed or renamed.
objc[39584]: Class SDL_VideoData is implemented in both /Users/linmuyi/miniconda3/envs/llm_gs/lib/python3.9/site-packages/pygame/.dylibs/libSDL2-2.0.0.dylib (0x106861570) and /Users/linmuyi/miniconda3/envs/llm_gs/lib/python3.9/site-packages/cv2/.dylibs/libSDL2-2.0.0.dylib (0x13a068b38). This may cause spurious casting failures and mysterious crashes. One of the duplicates must be removed or renamed.
objc[39584]: Class SDL_WindowData is implemented in both /Users/linmuyi/miniconda3/envs/llm_gs/lib/python3.9/site-packages/pygame/.dylibs/libSDL2-2.0.0.dylib (0x1068615c0) and /Users/linmuyi/miniconda3/envs/llm_gs/lib/python3.9/site-packages/cv2/.dylibs/libSDL2-2.0.0.dylib (0x13a068b88). This may cause spurious casting failures and mysterious crashes. One of the duplicates must be removed or renamed.
objc[39584]: Class SDLWindow is implemented in both /Users/linmuyi/miniconda3/envs/llm_gs/lib/python3.9/site-packages/pygame/.dylibs/libSDL2-2.0.0.dylib (0x1068615e8) and /Users/linmuyi/miniconda3/envs/llm_gs/lib/python3.9/site-packages/cv2/.dylibs/libSDL2-2.0.0.dylib (0x13a068bb0). This may cause spurious casting failures and mysterious crashes. One of the duplicates must be removed or renamed.
objc[39584]: Class Cocoa_WindowListener is implemented in both /Users/linmuyi/miniconda3/envs/llm_gs/lib/python3.9/site-packages/pygame/.dylibs/libSDL2-2.0.0.dylib (0x106861610) and /Users/linmuyi/miniconda3/envs/llm_gs/lib/python3.9/site-packages/cv2/.dylibs/libSDL2-2.0.0.dylib (0x13a068bd8). This may cause spurious casting failures and mysterious crashes. One of the duplicates must be removed or renamed.
objc[39584]: Class SDLView is implemented in both /Users/linmuyi/miniconda3/envs/llm_gs/lib/python3.9/site-packages/pygame/.dylibs/libSDL2-2.0.0.dylib (0x106861688) and /Users/linmuyi/miniconda3/envs/llm_gs/lib/python3.9/site-packages/cv2/.dylibs/libSDL2-2.0.0.dylib (0x13a068c50). This may cause spurious casting failures and mysterious crashes. One of the duplicates must be removed or renamed.
objc[39584]: Class METAL_RenderData is implemented in both /Users/linmuyi/miniconda3/envs/llm_gs/lib/python3.9/site-packages/pygame/.dylibs/libSDL2-2.0.0.dylib (0x106861700) and /Users/linmuyi/miniconda3/envs/llm_gs/lib/python3.9/site-packages/cv2/.dylibs/libSDL2-2.0.0.dylib (0x13a068cc8). This may cause spurious casting failures and mysterious crashes. One of the duplicates must be removed or renamed.
objc[39584]: Class METAL_TextureData is implemented in both /Users/linmuyi/miniconda3/envs/llm_gs/lib/python3.9/site-packages/pygame/.dylibs/libSDL2-2.0.0.dylib (0x106861750) and /Users/linmuyi/miniconda3/envs/llm_gs/lib/python3.9/site-packages/cv2/.dylibs/libSDL2-2.0.0.dylib (0x13a068d18). This may cause spurious casting failures and mysterious crashes. One of the duplicates must be removed or renamed.
objc[39584]: Class SDL_RumbleMotor is implemented in both /Users/linmuyi/miniconda3/envs/llm_gs/lib/python3.9/site-packages/pygame/.dylibs/libSDL2-2.0.0.dylib (0x106861778) and /Users/linmuyi/miniconda3/envs/llm_gs/lib/python3.9/site-packages/cv2/.dylibs/libSDL2-2.0.0.dylib (0x13a068d40). This may cause spurious casting failures and mysterious crashes. One of the duplicates must be removed or renamed.
objc[39584]: Class SDL_RumbleContext is implemented in both /Users/linmuyi/miniconda3/envs/llm_gs/lib/python3.9/site-packages/pygame/.dylibs/libSDL2-2.0.0.dylib (0x1068617c8) and /Users/linmuyi/miniconda3/envs/llm_gs/lib/python3.9/site-packages/cv2/.dylibs/libSDL2-2.0.0.dylib (0x13a068d90). This may cause spurious casting failures and mysterious crashes. One of the duplicates must be removed or renamed.
[size_order] 1500000 steps, 30 checkpoints, curriculum

  steps=  50000  held=0.00  gate=0.01  bins=1/3  active= 30  (42s)
  steps= 100000  held=0.00  gate=0.01  bins=1/3  active= 30  (71s)
  steps= 150000  held=0.12  gate=0.22  bins=1/3  active= 30  (97s)
  steps= 200000  held=0.14  gate=0.22  bins=1/3  active= 30  (127s)
  steps= 250000  held=0.14  gate=0.17  bins=1/3  active= 30  (154s)
  steps= 300000  held=0.14  gate=0.28  bins=1/3  active= 30  (190s)
  steps= 350000  held=0.13  gate=0.28  bins=1/3  active= 30  (237s)
  steps= 400000  held=0.14  gate=0.22  bins=2/3  active= 60  [UNLOCK:deadline]  (285s)
  steps= 450000  held=0.27  gate=0.33  bins=2/3  active= 60  (331s)
  steps= 500000  held=0.40  gate=0.36  bins=2/3  active= 60  (377s)
  steps= 550000  held=0.50  gate=0.38  bins=2/3  active= 60  (424s)
  steps= 600000  held=0.64  gate=0.69  bins=3/3  active= 90  [UNLOCK:gate]  (463s)
  steps= 650000  held=0.65  gate=0.65  bins=3/3  active= 90  (501s)
  steps= 700000  held=0.62  gate=0.62  bins=3/3  active= 90  (539s)
  steps= 750000  held=0.57  gate=0.57  bins=3/3  active= 90  (578s)
  steps= 800000  held=0.46  gate=0.46  bins=3/3  active= 90  (618s)
  steps= 850000  held=0.58  gate=0.58  bins=3/3  active= 90  (657s)
  steps= 900000  held=0.58  gate=0.58  bins=3/3  active= 90  (696s)
  steps= 950000  held=0.58  gate=0.58  bins=3/3  active= 90  (735s)
  steps=1000000  held=0.62  gate=0.62  bins=3/3  active= 90  (773s)
  steps=1050000  held=0.48  gate=0.48  bins=3/3  active= 90  (813s)
  steps=1100000  held=0.59  gate=0.59  bins=3/3  active= 90  (851s)
  steps=1150000  held=0.31  gate=0.31  bins=3/3  active= 90  (898s)
  steps=1200000  held=0.48  gate=0.48  bins=3/3  active= 90  (941s)
  steps=1250000  held=0.58  gate=0.58  bins=3/3  active= 90  (979s)
  steps=1300000  held=0.58  gate=0.58  bins=3/3  active= 90  (1016s)
  steps=1350000  held=0.58  gate=0.58  bins=3/3  active= 90  (1054s)
  steps=1400000  held=0.44  gate=0.44  bins=3/3  active= 90  (1097s)
  steps=1450000  held=0.62  gate=0.62  bins=3/3  active= 90  (1135s)
  steps=1500000  held=0.56  gate=0.56  bins=3/3  active= 90  (1174s)

[size_order] DONE  final held=0.56  steps_to_0.3=500,000  wall=1174s  -> size_order_seed37.json
[size_order] per-cell held: s9N1=0.75  s9N2=0.31  s9N3=0.00  s13N1=0.62  s13N2=0.88  s13N3=0.25  s17N1=0.69  s17N2=1.00  s17N3=0.50
