[size_order] train=90 layouts  held-out=36 layouts
objc[43492]: Class SDLApplication is implemented in both /Users/linmuyi/miniconda3/envs/llm_gs/lib/python3.9/site-packages/pygame/.dylibs/libSDL2-2.0.0.dylib (0x104db92c8) and /Users/linmuyi/miniconda3/envs/llm_gs/lib/python3.9/site-packages/cv2/.dylibs/libSDL2-2.0.0.dylib (0x311a58890). This may cause spurious casting failures and mysterious crashes. One of the duplicates must be removed or renamed.
objc[43492]: Class SDLAppDelegate is implemented in both /Users/linmuyi/miniconda3/envs/llm_gs/lib/python3.9/site-packages/pygame/.dylibs/libSDL2-2.0.0.dylib (0x104db9318) and /Users/linmuyi/miniconda3/envs/llm_gs/lib/python3.9/site-packages/cv2/.dylibs/libSDL2-2.0.0.dylib (0x311a588e0). This may cause spurious casting failures and mysterious crashes. One of the duplicates must be removed or renamed.
objc[43492]: Class SDLTranslatorResponder is implemented in both /Users/linmuyi/miniconda3/envs/llm_gs/lib/python3.9/site-packages/pygame/.dylibs/libSDL2-2.0.0.dylib (0x104db9390) and /Users/linmuyi/miniconda3/envs/llm_gs/lib/python3.9/site-packages/cv2/.dylibs/libSDL2-2.0.0.dylib (0x311a58958). This may cause spurious casting failures and mysterious crashes. One of the duplicates must be removed or renamed.
objc[43492]: Class SDLMessageBoxPresenter is implemented in both /Users/linmuyi/miniconda3/envs/llm_gs/lib/python3.9/site-packages/pygame/.dylibs/libSDL2-2.0.0.dylib (0x104db93b8) and /Users/linmuyi/miniconda3/envs/llm_gs/lib/python3.9/site-packages/cv2/.dylibs/libSDL2-2.0.0.dylib (0x311a58980). This may cause spurious casting failures and mysterious crashes. One of the duplicates must be removed or renamed.
objc[43492]: Class SDL_cocoametalview is implemented in both /Users/linmuyi/miniconda3/envs/llm_gs/lib/python3.9/site-packages/pygame/.dylibs/libSDL2-2.0.0.dylib (0x104db9408) and /Users/linmuyi/miniconda3/envs/llm_gs/lib/python3.9/site-packages/cv2/.dylibs/libSDL2-2.0.0.dylib (0x311a589d0). This may cause spurious casting failures and mysterious crashes. One of the duplicates must be removed or renamed.
objc[43492]: Class SDLOpenGLContext is implemented in both /Users/linmuyi/miniconda3/envs/llm_gs/lib/python3.9/site-packages/pygame/.dylibs/libSDL2-2.0.0.dylib (0x104db9458) and /Users/linmuyi/miniconda3/envs/llm_gs/lib/python3.9/site-packages/cv2/.dylibs/libSDL2-2.0.0.dylib (0x311a58a20). This may cause spurious casting failures and mysterious crashes. One of the duplicates must be removed or renamed.
objc[43492]: Class SDL_ShapeData is implemented in both /Users/linmuyi/miniconda3/envs/llm_gs/lib/python3.9/site-packages/pygame/.dylibs/libSDL2-2.0.0.dylib (0x104db94d0) and /Users/linmuyi/miniconda3/envs/llm_gs/lib/python3.9/site-packages/cv2/.dylibs/libSDL2-2.0.0.dylib (0x311a58a98). This may cause spurious casting failures and mysterious crashes. One of the duplicates must be removed or renamed.
objc[43492]: Class SDL_CocoaClosure is implemented in both /Users/linmuyi/miniconda3/envs/llm_gs/lib/python3.9/site-packages/pygame/.dylibs/libSDL2-2.0.0.dylib (0x104db9520) and /Users/linmuyi/miniconda3/envs/llm_gs/lib/python3.9/site-packages/cv2/.dylibs/libSDL2-2.0.0.dylib (0x311a58ae8). This may cause spurious casting failures and mysterious crashes. One of the duplicates must be removed or renamed.
objc[43492]: Class SDL_VideoData is implemented in both /Users/linmuyi/miniconda3/envs/llm_gs/lib/python3.9/site-packages/pygame/.dylibs/libSDL2-2.0.0.dylib (0x104db9570) and /Users/linmuyi/miniconda3/envs/llm_gs/lib/python3.9/site-packages/cv2/.dylibs/libSDL2-2.0.0.dylib (0x311a58b38). This may cause spurious casting failures and mysterious crashes. One of the duplicates must be removed or renamed.
objc[43492]: Class SDL_WindowData is implemented in both /Users/linmuyi/miniconda3/envs/llm_gs/lib/python3.9/site-packages/pygame/.dylibs/libSDL2-2.0.0.dylib (0x104db95c0) and /Users/linmuyi/miniconda3/envs/llm_gs/lib/python3.9/site-packages/cv2/.dylibs/libSDL2-2.0.0.dylib (0x311a58b88). This may cause spurious casting failures and mysterious crashes. One of the duplicates must be removed or renamed.
objc[43492]: Class SDLWindow is implemented in both /Users/linmuyi/miniconda3/envs/llm_gs/lib/python3.9/site-packages/pygame/.dylibs/libSDL2-2.0.0.dylib (0x104db95e8) and /Users/linmuyi/miniconda3/envs/llm_gs/lib/python3.9/site-packages/cv2/.dylibs/libSDL2-2.0.0.dylib (0x311a58bb0). This may cause spurious casting failures and mysterious crashes. One of the duplicates must be removed or renamed.
objc[43492]: Class Cocoa_WindowListener is implemented in both /Users/linmuyi/miniconda3/envs/llm_gs/lib/python3.9/site-packages/pygame/.dylibs/libSDL2-2.0.0.dylib (0x104db9610) and /Users/linmuyi/miniconda3/envs/llm_gs/lib/python3.9/site-packages/cv2/.dylibs/libSDL2-2.0.0.dylib (0x311a58bd8). This may cause spurious casting failures and mysterious crashes. One of the duplicates must be removed or renamed.
objc[43492]: Class SDLView is implemented in both /Users/linmuyi/miniconda3/envs/llm_gs/lib/python3.9/site-packages/pygame/.dylibs/libSDL2-2.0.0.dylib (0x104db9688) and /Users/linmuyi/miniconda3/envs/llm_gs/lib/python3.9/site-packages/cv2/.dylibs/libSDL2-2.0.0.dylib (0x311a58c50). This may cause spurious casting failures and mysterious crashes. One of the duplicates must be removed or renamed.
objc[43492]: Class METAL_RenderData is implemented in both /Users/linmuyi/miniconda3/envs/llm_gs/lib/python3.9/site-packages/pygame/.dylibs/libSDL2-2.0.0.dylib (0x104db9700) and /Users/linmuyi/miniconda3/envs/llm_gs/lib/python3.9/site-packages/cv2/.dylibs/libSDL2-2.0.0.dylib (0x311a58cc8). This may cause spurious casting failures and mysterious crashes. One of the duplicates must be removed or renamed.
objc[43492]: Class METAL_TextureData is implemented in both /Users/linmuyi/miniconda3/envs/llm_gs/lib/python3.9/site-packages/pygame/.dylibs/libSDL2-2.0.0.dylib (0x104db9750) and /Users/linmuyi/miniconda3/envs/llm_gs/lib/python3.9/site-packages/cv2/.dylibs/libSDL2-2.0.0.dylib (0x311a58d18). This may cause spurious casting failures and mysterious crashes. One of the duplicates must be removed or renamed.
objc[43492]: Class SDL_RumbleMotor is implemented in both /Users/linmuyi/miniconda3/envs/llm_gs/lib/python3.9/site-packages/pygame/.dylibs/libSDL2-2.0.0.dylib (0x104db9778) and /Users/linmuyi/miniconda3/envs/llm_gs/lib/python3.9/site-packages/cv2/.dylibs/libSDL2-2.0.0.dylib (0x311a58d40). This may cause spurious casting failures and mysterious crashes. One of the duplicates must be removed or renamed.
objc[43492]: Class SDL_RumbleContext is implemented in both /Users/linmuyi/miniconda3/envs/llm_gs/lib/python3.9/site-packages/pygame/.dylibs/libSDL2-2.0.0.dylib (0x104db97c8) and /Users/linmuyi/miniconda3/envs/llm_gs/lib/python3.9/site-packages/cv2/.dylibs/libSDL2-2.0.0.dylib (0x311a58d90). This may cause spurious casting failures and mysterious crashes. One of the duplicates must be removed or renamed.
[size_order] 1500000 steps, 30 checkpoints, curriculum

  steps=  50000  held=0.00  gate=0.00  bins=1/3  active= 30  (35s)
  steps= 100000  held=0.00  gate=0.00  bins=1/3  active= 30  (75s)
  steps= 150000  held=0.00  gate=0.00  bins=1/3  active= 30  (111s)
  steps= 200000  held=0.00  gate=0.00  bins=1/3  active= 30  (150s)
  steps= 250000  held=0.00  gate=0.00  bins=1/3  active= 30  (180s)
  steps= 300000  held=0.00  gate=0.03  bins=1/3  active= 30  (229s)
  steps= 350000  held=0.01  gate=0.01  bins=1/3  active= 30  (260s)
  steps= 400000  held=0.14  gate=0.19  bins=2/3  active= 60  [UNLOCK:deadline]  (311s)
  steps= 450000  held=0.07  gate=0.04  bins=2/3  active= 60  (368s)
  steps= 500000  held=0.01  gate=0.03  bins=2/3  active= 60  (430s)
  steps= 550000  held=0.01  gate=0.03  bins=2/3  active= 60  (482s)
  steps= 600000  held=0.01  gate=0.01  bins=2/3  active= 60  (531s)
  steps= 650000  held=0.01  gate=0.00  bins=2/3  active= 60  (573s)
  steps= 700000  held=0.00  gate=0.00  bins=2/3  active= 60  (625s)
  steps= 750000  held=0.00  gate=0.00  bins=2/3  active= 60  (675s)
  steps= 800000  held=0.00  gate=0.03  bins=3/3  active= 90  [UNLOCK:deadline]  (725s)
  steps= 850000  held=0.03  gate=0.03  bins=3/3  active= 90  (754s)
  steps= 900000  held=0.03  gate=0.03  bins=3/3  active= 90  (793s)
  steps= 950000  held=0.00  gate=0.00  bins=3/3  active= 90  (834s)
  steps=1000000  held=0.01  gate=0.01  bins=3/3  active= 90  (872s)
  steps=1050000  held=0.02  gate=0.02  bins=3/3  active= 90  (914s)
  steps=1100000  held=0.08  gate=0.08  bins=3/3  active= 90  (950s)
  steps=1150000  held=0.13  gate=0.13  bins=3/3  active= 90  (994s)
  steps=1200000  held=0.14  gate=0.14  bins=3/3  active= 90  (1038s)
  steps=1250000  held=0.00  gate=0.00  bins=3/3  active= 90  (1090s)
  steps=1300000  held=0.00  gate=0.00  bins=3/3  active= 90  (1141s)
  steps=1350000  held=0.01  gate=0.01  bins=3/3  active= 90  (1190s)
  steps=1400000  held=0.01  gate=0.01  bins=3/3  active= 90  (1222s)
  steps=1450000  held=0.00  gate=0.00  bins=3/3  active= 90  (1267s)
  steps=1500000  held=0.01  gate=0.01  bins=3/3  active= 90  (1311s)

[size_order] DONE  final held=0.01  steps_to_0.3=NOT REACHED  wall=1311s  -> size_order_seed17.json
[size_order] per-cell held: s9N1=0.00  s9N2=0.00  s9N3=0.00  s13N1=0.00  s13N2=0.00  s13N3=0.00  s17N1=0.06  s17N2=0.00  s17N3=0.00
