[flat] train=90 layouts  held-out=36 layouts
objc[43019]: Class SDLApplication is implemented in both /Users/linmuyi/miniconda3/envs/llm_gs/lib/python3.9/site-packages/pygame/.dylibs/libSDL2-2.0.0.dylib (0x104e012c8) and /Users/linmuyi/miniconda3/envs/llm_gs/lib/python3.9/site-packages/cv2/.dylibs/libSDL2-2.0.0.dylib (0x169ecc890). This may cause spurious casting failures and mysterious crashes. One of the duplicates must be removed or renamed.
objc[43019]: Class SDLAppDelegate is implemented in both /Users/linmuyi/miniconda3/envs/llm_gs/lib/python3.9/site-packages/pygame/.dylibs/libSDL2-2.0.0.dylib (0x104e01318) and /Users/linmuyi/miniconda3/envs/llm_gs/lib/python3.9/site-packages/cv2/.dylibs/libSDL2-2.0.0.dylib (0x169ecc8e0). This may cause spurious casting failures and mysterious crashes. One of the duplicates must be removed or renamed.
objc[43019]: Class SDLTranslatorResponder is implemented in both /Users/linmuyi/miniconda3/envs/llm_gs/lib/python3.9/site-packages/pygame/.dylibs/libSDL2-2.0.0.dylib (0x104e01390) and /Users/linmuyi/miniconda3/envs/llm_gs/lib/python3.9/site-packages/cv2/.dylibs/libSDL2-2.0.0.dylib (0x169ecc958). This may cause spurious casting failures and mysterious crashes. One of the duplicates must be removed or renamed.
objc[43019]: Class SDLMessageBoxPresenter is implemented in both /Users/linmuyi/miniconda3/envs/llm_gs/lib/python3.9/site-packages/pygame/.dylibs/libSDL2-2.0.0.dylib (0x104e013b8) and /Users/linmuyi/miniconda3/envs/llm_gs/lib/python3.9/site-packages/cv2/.dylibs/libSDL2-2.0.0.dylib (0x169ecc980). This may cause spurious casting failures and mysterious crashes. One of the duplicates must be removed or renamed.
objc[43019]: Class SDL_cocoametalview is implemented in both /Users/linmuyi/miniconda3/envs/llm_gs/lib/python3.9/site-packages/pygame/.dylibs/libSDL2-2.0.0.dylib (0x104e01408) and /Users/linmuyi/miniconda3/envs/llm_gs/lib/python3.9/site-packages/cv2/.dylibs/libSDL2-2.0.0.dylib (0x169ecc9d0). This may cause spurious casting failures and mysterious crashes. One of the duplicates must be removed or renamed.
objc[43019]: Class SDLOpenGLContext is implemented in both /Users/linmuyi/miniconda3/envs/llm_gs/lib/python3.9/site-packages/pygame/.dylibs/libSDL2-2.0.0.dylib (0x104e01458) and /Users/linmuyi/miniconda3/envs/llm_gs/lib/python3.9/site-packages/cv2/.dylibs/libSDL2-2.0.0.dylib (0x169ecca20). This may cause spurious casting failures and mysterious crashes. One of the duplicates must be removed or renamed.
objc[43019]: Class SDL_ShapeData is implemented in both /Users/linmuyi/miniconda3/envs/llm_gs/lib/python3.9/site-packages/pygame/.dylibs/libSDL2-2.0.0.dylib (0x104e014d0) and /Users/linmuyi/miniconda3/envs/llm_gs/lib/python3.9/site-packages/cv2/.dylibs/libSDL2-2.0.0.dylib (0x169ecca98). This may cause spurious casting failures and mysterious crashes. One of the duplicates must be removed or renamed.
objc[43019]: Class SDL_CocoaClosure is implemented in both /Users/linmuyi/miniconda3/envs/llm_gs/lib/python3.9/site-packages/pygame/.dylibs/libSDL2-2.0.0.dylib (0x104e01520) and /Users/linmuyi/miniconda3/envs/llm_gs/lib/python3.9/site-packages/cv2/.dylibs/libSDL2-2.0.0.dylib (0x169eccae8). This may cause spurious casting failures and mysterious crashes. One of the duplicates must be removed or renamed.
objc[43019]: Class SDL_VideoData is implemented in both /Users/linmuyi/miniconda3/envs/llm_gs/lib/python3.9/site-packages/pygame/.dylibs/libSDL2-2.0.0.dylib (0x104e01570) and /Users/linmuyi/miniconda3/envs/llm_gs/lib/python3.9/site-packages/cv2/.dylibs/libSDL2-2.0.0.dylib (0x169eccb38). This may cause spurious casting failures and mysterious crashes. One of the duplicates must be removed or renamed.
objc[43019]: Class SDL_WindowData is implemented in both /Users/linmuyi/miniconda3/envs/llm_gs/lib/python3.9/site-packages/pygame/.dylibs/libSDL2-2.0.0.dylib (0x104e015c0) and /Users/linmuyi/miniconda3/envs/llm_gs/lib/python3.9/site-packages/cv2/.dylibs/libSDL2-2.0.0.dylib (0x169eccb88). This may cause spurious casting failures and mysterious crashes. One of the duplicates must be removed or renamed.
objc[43019]: Class SDLWindow is implemented in both /Users/linmuyi/miniconda3/envs/llm_gs/lib/python3.9/site-packages/pygame/.dylibs/libSDL2-2.0.0.dylib (0x104e015e8) and /Users/linmuyi/miniconda3/envs/llm_gs/lib/python3.9/site-packages/cv2/.dylibs/libSDL2-2.0.0.dylib (0x169eccbb0). This may cause spurious casting failures and mysterious crashes. One of the duplicates must be removed or renamed.
objc[43019]: Class Cocoa_WindowListener is implemented in both /Users/linmuyi/miniconda3/envs/llm_gs/lib/python3.9/site-packages/pygame/.dylibs/libSDL2-2.0.0.dylib (0x104e01610) and /Users/linmuyi/miniconda3/envs/llm_gs/lib/python3.9/site-packages/cv2/.dylibs/libSDL2-2.0.0.dylib (0x169eccbd8). This may cause spurious casting failures and mysterious crashes. One of the duplicates must be removed or renamed.
objc[43019]: Class SDLView is implemented in both /Users/linmuyi/miniconda3/envs/llm_gs/lib/python3.9/site-packages/pygame/.dylibs/libSDL2-2.0.0.dylib (0x104e01688) and /Users/linmuyi/miniconda3/envs/llm_gs/lib/python3.9/site-packages/cv2/.dylibs/libSDL2-2.0.0.dylib (0x169eccc50). This may cause spurious casting failures and mysterious crashes. One of the duplicates must be removed or renamed.
objc[43019]: Class METAL_RenderData is implemented in both /Users/linmuyi/miniconda3/envs/llm_gs/lib/python3.9/site-packages/pygame/.dylibs/libSDL2-2.0.0.dylib (0x104e01700) and /Users/linmuyi/miniconda3/envs/llm_gs/lib/python3.9/site-packages/cv2/.dylibs/libSDL2-2.0.0.dylib (0x169ecccc8). This may cause spurious casting failures and mysterious crashes. One of the duplicates must be removed or renamed.
objc[43019]: Class METAL_TextureData is implemented in both /Users/linmuyi/miniconda3/envs/llm_gs/lib/python3.9/site-packages/pygame/.dylibs/libSDL2-2.0.0.dylib (0x104e01750) and /Users/linmuyi/miniconda3/envs/llm_gs/lib/python3.9/site-packages/cv2/.dylibs/libSDL2-2.0.0.dylib (0x169eccd18). This may cause spurious casting failures and mysterious crashes. One of the duplicates must be removed or renamed.
objc[43019]: Class SDL_RumbleMotor is implemented in both /Users/linmuyi/miniconda3/envs/llm_gs/lib/python3.9/site-packages/pygame/.dylibs/libSDL2-2.0.0.dylib (0x104e01778) and /Users/linmuyi/miniconda3/envs/llm_gs/lib/python3.9/site-packages/cv2/.dylibs/libSDL2-2.0.0.dylib (0x169eccd40). This may cause spurious casting failures and mysterious crashes. One of the duplicates must be removed or renamed.
objc[43019]: Class SDL_RumbleContext is implemented in both /Users/linmuyi/miniconda3/envs/llm_gs/lib/python3.9/site-packages/pygame/.dylibs/libSDL2-2.0.0.dylib (0x104e017c8) and /Users/linmuyi/miniconda3/envs/llm_gs/lib/python3.9/site-packages/cv2/.dylibs/libSDL2-2.0.0.dylib (0x169eccd90). This may cause spurious casting failures and mysterious crashes. One of the duplicates must be removed or renamed.
[flat] 1500000 steps, 30 checkpoints, flat (no curriculum)

  steps=  50000  held=0.00  gate=0.00  bins=3/3  active= 90  (34s)
  steps= 100000  held=0.00  gate=0.00  bins=3/3  active= 90  (72s)
  steps= 150000  held=0.00  gate=0.00  bins=3/3  active= 90  (109s)
  steps= 200000  held=0.00  gate=0.00  bins=3/3  active= 90  (147s)
  steps= 250000  held=0.00  gate=0.00  bins=3/3  active= 90  (179s)
  steps= 300000  held=0.00  gate=0.00  bins=3/3  active= 90  (219s)
  steps= 350000  held=0.00  gate=0.00  bins=3/3  active= 90  (248s)
  steps= 400000  held=0.00  gate=0.00  bins=3/3  active= 90  (275s)
  steps= 450000  held=0.01  gate=0.01  bins=3/3  active= 90  (306s)
  steps= 500000  held=0.01  gate=0.01  bins=3/3  active= 90  (352s)
  steps= 550000  held=0.00  gate=0.00  bins=3/3  active= 90  (400s)
  steps= 600000  held=0.01  gate=0.01  bins=3/3  active= 90  (447s)
  steps= 650000  held=0.01  gate=0.01  bins=3/3  active= 90  (486s)
  steps= 700000  held=0.01  gate=0.01  bins=3/3  active= 90  (522s)
  steps= 750000  held=0.01  gate=0.01  bins=3/3  active= 90  (569s)
  steps= 800000  held=0.00  gate=0.00  bins=3/3  active= 90  (621s)
  steps= 850000  held=0.00  gate=0.00  bins=3/3  active= 90  (675s)
  steps= 900000  held=0.00  gate=0.00  bins=3/3  active= 90  (728s)
  steps= 950000  held=0.00  gate=0.00  bins=3/3  active= 90  (774s)
  steps=1000000  held=0.01  gate=0.01  bins=3/3  active= 90  (810s)
  steps=1050000  held=0.01  gate=0.01  bins=3/3  active= 90  (849s)
  steps=1100000  held=0.06  gate=0.06  bins=3/3  active= 90  (883s)
  steps=1150000  held=0.06  gate=0.06  bins=3/3  active= 90  (917s)
  steps=1200000  held=0.06  gate=0.06  bins=3/3  active= 90  (952s)
  steps=1250000  held=0.05  gate=0.05  bins=3/3  active= 90  (997s)
  steps=1300000  held=0.09  gate=0.09  bins=3/3  active= 90  (1042s)
  steps=1350000  held=0.08  gate=0.08  bins=3/3  active= 90  (1088s)
  steps=1400000  held=0.08  gate=0.08  bins=3/3  active= 90  (1127s)
  steps=1450000  held=0.14  gate=0.14  bins=3/3  active= 90  (1162s)
  steps=1500000  held=0.12  gate=0.12  bins=3/3  active= 90  (1190s)

[flat] DONE  final held=0.12  steps_to_0.3=NOT REACHED  wall=1190s  -> flat_seed17.json
[flat] per-cell held: s9N1=0.19  s9N2=0.00  s9N3=0.00  s13N1=0.25  s13N2=0.06  s13N3=0.00  s17N1=0.00  s17N2=0.31  s17N3=0.25
