[random_curriculum] train=90 layouts  held-out=36 layouts
objc[62978]: Class SDLApplication is implemented in both /Users/linmuyi/miniconda3/envs/llm_gs/lib/python3.9/site-packages/pygame/.dylibs/libSDL2-2.0.0.dylib (0x1143612c8) and /Users/linmuyi/miniconda3/envs/llm_gs/lib/python3.9/site-packages/cv2/.dylibs/libSDL2-2.0.0.dylib (0x174cb0890). This may cause spurious casting failures and mysterious crashes. One of the duplicates must be removed or renamed.
objc[62978]: Class SDLAppDelegate is implemented in both /Users/linmuyi/miniconda3/envs/llm_gs/lib/python3.9/site-packages/pygame/.dylibs/libSDL2-2.0.0.dylib (0x114361318) and /Users/linmuyi/miniconda3/envs/llm_gs/lib/python3.9/site-packages/cv2/.dylibs/libSDL2-2.0.0.dylib (0x174cb08e0). This may cause spurious casting failures and mysterious crashes. One of the duplicates must be removed or renamed.
objc[62978]: Class SDLTranslatorResponder is implemented in both /Users/linmuyi/miniconda3/envs/llm_gs/lib/python3.9/site-packages/pygame/.dylibs/libSDL2-2.0.0.dylib (0x114361390) and /Users/linmuyi/miniconda3/envs/llm_gs/lib/python3.9/site-packages/cv2/.dylibs/libSDL2-2.0.0.dylib (0x174cb0958). This may cause spurious casting failures and mysterious crashes. One of the duplicates must be removed or renamed.
objc[62978]: Class SDLMessageBoxPresenter is implemented in both /Users/linmuyi/miniconda3/envs/llm_gs/lib/python3.9/site-packages/pygame/.dylibs/libSDL2-2.0.0.dylib (0x1143613b8) and /Users/linmuyi/miniconda3/envs/llm_gs/lib/python3.9/site-packages/cv2/.dylibs/libSDL2-2.0.0.dylib (0x174cb0980). This may cause spurious casting failures and mysterious crashes. One of the duplicates must be removed or renamed.
objc[62978]: Class SDL_cocoametalview is implemented in both /Users/linmuyi/miniconda3/envs/llm_gs/lib/python3.9/site-packages/pygame/.dylibs/libSDL2-2.0.0.dylib (0x114361408) and /Users/linmuyi/miniconda3/envs/llm_gs/lib/python3.9/site-packages/cv2/.dylibs/libSDL2-2.0.0.dylib (0x174cb09d0). This may cause spurious casting failures and mysterious crashes. One of the duplicates must be removed or renamed.
objc[62978]: Class SDLOpenGLContext is implemented in both /Users/linmuyi/miniconda3/envs/llm_gs/lib/python3.9/site-packages/pygame/.dylibs/libSDL2-2.0.0.dylib (0x114361458) and /Users/linmuyi/miniconda3/envs/llm_gs/lib/python3.9/site-packages/cv2/.dylibs/libSDL2-2.0.0.dylib (0x174cb0a20). This may cause spurious casting failures and mysterious crashes. One of the duplicates must be removed or renamed.
objc[62978]: Class SDL_ShapeData is implemented in both /Users/linmuyi/miniconda3/envs/llm_gs/lib/python3.9/site-packages/pygame/.dylibs/libSDL2-2.0.0.dylib (0x1143614d0) and /Users/linmuyi/miniconda3/envs/llm_gs/lib/python3.9/site-packages/cv2/.dylibs/libSDL2-2.0.0.dylib (0x174cb0a98). This may cause spurious casting failures and mysterious crashes. One of the duplicates must be removed or renamed.
objc[62978]: Class SDL_CocoaClosure is implemented in both /Users/linmuyi/miniconda3/envs/llm_gs/lib/python3.9/site-packages/pygame/.dylibs/libSDL2-2.0.0.dylib (0x114361520) and /Users/linmuyi/miniconda3/envs/llm_gs/lib/python3.9/site-packages/cv2/.dylibs/libSDL2-2.0.0.dylib (0x174cb0ae8). This may cause spurious casting failures and mysterious crashes. One of the duplicates must be removed or renamed.
objc[62978]: Class SDL_VideoData is implemented in both /Users/linmuyi/miniconda3/envs/llm_gs/lib/python3.9/site-packages/pygame/.dylibs/libSDL2-2.0.0.dylib (0x114361570) and /Users/linmuyi/miniconda3/envs/llm_gs/lib/python3.9/site-packages/cv2/.dylibs/libSDL2-2.0.0.dylib (0x174cb0b38). This may cause spurious casting failures and mysterious crashes. One of the duplicates must be removed or renamed.
objc[62978]: Class SDL_WindowData is implemented in both /Users/linmuyi/miniconda3/envs/llm_gs/lib/python3.9/site-packages/pygame/.dylibs/libSDL2-2.0.0.dylib (0x1143615c0) and /Users/linmuyi/miniconda3/envs/llm_gs/lib/python3.9/site-packages/cv2/.dylibs/libSDL2-2.0.0.dylib (0x174cb0b88). This may cause spurious casting failures and mysterious crashes. One of the duplicates must be removed or renamed.
objc[62978]: Class SDLWindow is implemented in both /Users/linmuyi/miniconda3/envs/llm_gs/lib/python3.9/site-packages/pygame/.dylibs/libSDL2-2.0.0.dylib (0x1143615e8) and /Users/linmuyi/miniconda3/envs/llm_gs/lib/python3.9/site-packages/cv2/.dylibs/libSDL2-2.0.0.dylib (0x174cb0bb0). This may cause spurious casting failures and mysterious crashes. One of the duplicates must be removed or renamed.
objc[62978]: Class Cocoa_WindowListener is implemented in both /Users/linmuyi/miniconda3/envs/llm_gs/lib/python3.9/site-packages/pygame/.dylibs/libSDL2-2.0.0.dylib (0x114361610) and /Users/linmuyi/miniconda3/envs/llm_gs/lib/python3.9/site-packages/cv2/.dylibs/libSDL2-2.0.0.dylib (0x174cb0bd8). This may cause spurious casting failures and mysterious crashes. One of the duplicates must be removed or renamed.
objc[62978]: Class SDLView is implemented in both /Users/linmuyi/miniconda3/envs/llm_gs/lib/python3.9/site-packages/pygame/.dylibs/libSDL2-2.0.0.dylib (0x114361688) and /Users/linmuyi/miniconda3/envs/llm_gs/lib/python3.9/site-packages/cv2/.dylibs/libSDL2-2.0.0.dylib (0x174cb0c50). This may cause spurious casting failures and mysterious crashes. One of the duplicates must be removed or renamed.
objc[62978]: Class METAL_RenderData is implemented in both /Users/linmuyi/miniconda3/envs/llm_gs/lib/python3.9/site-packages/pygame/.dylibs/libSDL2-2.0.0.dylib (0x114361700) and /Users/linmuyi/miniconda3/envs/llm_gs/lib/python3.9/site-packages/cv2/.dylibs/libSDL2-2.0.0.dylib (0x174cb0cc8). This may cause spurious casting failures and mysterious crashes. One of the duplicates must be removed or renamed.
objc[62978]: Class METAL_TextureData is implemented in both /Users/linmuyi/miniconda3/envs/llm_gs/lib/python3.9/site-packages/pygame/.dylibs/libSDL2-2.0.0.dylib (0x114361750) and /Users/linmuyi/miniconda3/envs/llm_gs/lib/python3.9/site-packages/cv2/.dylibs/libSDL2-2.0.0.dylib (0x174cb0d18). This may cause spurious casting failures and mysterious crashes. One of the duplicates must be removed or renamed.
objc[62978]: Class SDL_RumbleMotor is implemented in both /Users/linmuyi/miniconda3/envs/llm_gs/lib/python3.9/site-packages/pygame/.dylibs/libSDL2-2.0.0.dylib (0x114361778) and /Users/linmuyi/miniconda3/envs/llm_gs/lib/python3.9/site-packages/cv2/.dylibs/libSDL2-2.0.0.dylib (0x174cb0d40). This may cause spurious casting failures and mysterious crashes. One of the duplicates must be removed or renamed.
objc[62978]: Class SDL_RumbleContext is implemented in both /Users/linmuyi/miniconda3/envs/llm_gs/lib/python3.9/site-packages/pygame/.dylibs/libSDL2-2.0.0.dylib (0x1143617c8) and /Users/linmuyi/miniconda3/envs/llm_gs/lib/python3.9/site-packages/cv2/.dylibs/libSDL2-2.0.0.dylib (0x174cb0d90). This may cause spurious casting failures and mysterious crashes. One of the duplicates must be removed or renamed.
[random_curriculum] 1500000 steps, 30 checkpoints, curriculum

  steps=  50000  held=0.00  gate=0.00  bins=1/3  active= 30  (41s)
  steps= 100000  held=0.00  gate=0.01  bins=1/3  active= 30  (72s)
  steps= 150000  held=0.00  gate=0.00  bins=1/3  active= 30  (118s)
  steps= 200000  held=0.01  gate=0.01  bins=1/3  active= 30  (148s)
  steps= 250000  held=0.03  gate=0.00  bins=1/3  active= 30  (185s)
  steps= 300000  held=0.02  gate=0.00  bins=1/3  active= 30  (214s)
  steps= 350000  held=0.10  gate=0.06  bins=1/3  active= 30  (249s)
  steps= 400000  held=0.03  gate=0.00  bins=2/3  active= 60  [UNLOCK:deadline]  (309s)
  steps= 450000  held=0.06  gate=0.15  bins=2/3  active= 60  (362s)
  steps= 500000  held=0.10  gate=0.00  bins=2/3  active= 60  (418s)
  steps= 550000  held=0.10  gate=0.06  bins=2/3  active= 60  (454s)
  steps= 600000  held=0.05  gate=0.03  bins=2/3  active= 60  (512s)
  steps= 650000  held=0.08  gate=0.06  bins=2/3  active= 60  (560s)
  steps= 700000  held=0.02  gate=0.03  bins=2/3  active= 60  (598s)
  steps= 750000  held=0.01  gate=0.03  bins=2/3  active= 60  (645s)
  steps= 800000  held=0.00  gate=0.00  bins=3/3  active= 90  [UNLOCK:deadline]  (711s)
  steps= 850000  held=0.08  gate=0.08  bins=3/3  active= 90  (750s)
  steps= 900000  held=0.05  gate=0.05  bins=3/3  active= 90  (784s)
  steps= 950000  held=0.03  gate=0.03  bins=3/3  active= 90  (823s)
  steps=1000000  held=0.02  gate=0.02  bins=3/3  active= 90  (862s)
  steps=1050000  held=0.01  gate=0.01  bins=3/3  active= 90  (907s)
  steps=1100000  held=0.02  gate=0.02  bins=3/3  active= 90  (940s)
  steps=1150000  held=0.04  gate=0.04  bins=3/3  active= 90  (975s)
  steps=1200000  held=0.08  gate=0.08  bins=3/3  active= 90  (1003s)
  steps=1250000  held=0.08  gate=0.08  bins=3/3  active= 90  (1037s)
  steps=1300000  held=0.05  gate=0.05  bins=3/3  active= 90  (1074s)
  steps=1350000  held=0.05  gate=0.05  bins=3/3  active= 90  (1120s)
  steps=1400000  held=0.03  gate=0.03  bins=3/3  active= 90  (1163s)
  steps=1450000  held=0.03  gate=0.03  bins=3/3  active= 90  (1203s)
  steps=1500000  held=0.06  gate=0.06  bins=3/3  active= 90  (1271s)

[random_curriculum] DONE  final held=0.06  steps_to_0.3=NOT REACHED  wall=1271s  -> random_curriculum_seed26.json
[random_curriculum] per-cell held: s9N1=0.00  s9N2=0.00  s9N3=0.00  s13N1=0.06  s13N2=0.06  s13N3=0.00  s17N1=0.00  s17N2=0.38  s17N3=0.06
