[grader] train=90 layouts  held-out=36 layouts
objc[72677]: Class SDLApplication is implemented in both /Users/linmuyi/miniconda3/envs/llm_gs/lib/python3.9/site-packages/pygame/.dylibs/libSDL2-2.0.0.dylib (0x1030612c8) and /Users/linmuyi/miniconda3/envs/llm_gs/lib/python3.9/site-packages/cv2/.dylibs/libSDL2-2.0.0.dylib (0x169e78890). This may cause spurious casting failures and mysterious crashes. One of the duplicates must be removed or renamed.
objc[72677]: Class SDLAppDelegate is implemented in both /Users/linmuyi/miniconda3/envs/llm_gs/lib/python3.9/site-packages/pygame/.dylibs/libSDL2-2.0.0.dylib (0x103061318) and /Users/linmuyi/miniconda3/envs/llm_gs/lib/python3.9/site-packages/cv2/.dylibs/libSDL2-2.0.0.dylib (0x169e788e0). This may cause spurious casting failures and mysterious crashes. One of the duplicates must be removed or renamed.
objc[72677]: Class SDLTranslatorResponder is implemented in both /Users/linmuyi/miniconda3/envs/llm_gs/lib/python3.9/site-packages/pygame/.dylibs/libSDL2-2.0.0.dylib (0x103061390) and /Users/linmuyi/miniconda3/envs/llm_gs/lib/python3.9/site-packages/cv2/.dylibs/libSDL2-2.0.0.dylib (0x169e78958). This may cause spurious casting failures and mysterious crashes. One of the duplicates must be removed or renamed.
objc[72677]: Class SDLMessageBoxPresenter is implemented in both /Users/linmuyi/miniconda3/envs/llm_gs/lib/python3.9/site-packages/pygame/.dylibs/libSDL2-2.0.0.dylib (0x1030613b8) and /Users/linmuyi/miniconda3/envs/llm_gs/lib/python3.9/site-packages/cv2/.dylibs/libSDL2-2.0.0.dylib (0x169e78980). This may cause spurious casting failures and mysterious crashes. One of the duplicates must be removed or renamed.
objc[72677]: Class SDL_cocoametalview is implemented in both /Users/linmuyi/miniconda3/envs/llm_gs/lib/python3.9/site-packages/pygame/.dylibs/libSDL2-2.0.0.dylib (0x103061408) and /Users/linmuyi/miniconda3/envs/llm_gs/lib/python3.9/site-packages/cv2/.dylibs/libSDL2-2.0.0.dylib (0x169e789d0). This may cause spurious casting failures and mysterious crashes. One of the duplicates must be removed or renamed.
objc[72677]: Class SDLOpenGLContext is implemented in both /Users/linmuyi/miniconda3/envs/llm_gs/lib/python3.9/site-packages/pygame/.dylibs/libSDL2-2.0.0.dylib (0x103061458) and /Users/linmuyi/miniconda3/envs/llm_gs/lib/python3.9/site-packages/cv2/.dylibs/libSDL2-2.0.0.dylib (0x169e78a20). This may cause spurious casting failures and mysterious crashes. One of the duplicates must be removed or renamed.
objc[72677]: Class SDL_ShapeData is implemented in both /Users/linmuyi/miniconda3/envs/llm_gs/lib/python3.9/site-packages/pygame/.dylibs/libSDL2-2.0.0.dylib (0x1030614d0) and /Users/linmuyi/miniconda3/envs/llm_gs/lib/python3.9/site-packages/cv2/.dylibs/libSDL2-2.0.0.dylib (0x169e78a98). This may cause spurious casting failures and mysterious crashes. One of the duplicates must be removed or renamed.
objc[72677]: Class SDL_CocoaClosure is implemented in both /Users/linmuyi/miniconda3/envs/llm_gs/lib/python3.9/site-packages/pygame/.dylibs/libSDL2-2.0.0.dylib (0x103061520) and /Users/linmuyi/miniconda3/envs/llm_gs/lib/python3.9/site-packages/cv2/.dylibs/libSDL2-2.0.0.dylib (0x169e78ae8). This may cause spurious casting failures and mysterious crashes. One of the duplicates must be removed or renamed.
objc[72677]: Class SDL_VideoData is implemented in both /Users/linmuyi/miniconda3/envs/llm_gs/lib/python3.9/site-packages/pygame/.dylibs/libSDL2-2.0.0.dylib (0x103061570) and /Users/linmuyi/miniconda3/envs/llm_gs/lib/python3.9/site-packages/cv2/.dylibs/libSDL2-2.0.0.dylib (0x169e78b38). This may cause spurious casting failures and mysterious crashes. One of the duplicates must be removed or renamed.
objc[72677]: Class SDL_WindowData is implemented in both /Users/linmuyi/miniconda3/envs/llm_gs/lib/python3.9/site-packages/pygame/.dylibs/libSDL2-2.0.0.dylib (0x1030615c0) and /Users/linmuyi/miniconda3/envs/llm_gs/lib/python3.9/site-packages/cv2/.dylibs/libSDL2-2.0.0.dylib (0x169e78b88). This may cause spurious casting failures and mysterious crashes. One of the duplicates must be removed or renamed.
objc[72677]: Class SDLWindow is implemented in both /Users/linmuyi/miniconda3/envs/llm_gs/lib/python3.9/site-packages/pygame/.dylibs/libSDL2-2.0.0.dylib (0x1030615e8) and /Users/linmuyi/miniconda3/envs/llm_gs/lib/python3.9/site-packages/cv2/.dylibs/libSDL2-2.0.0.dylib (0x169e78bb0). This may cause spurious casting failures and mysterious crashes. One of the duplicates must be removed or renamed.
objc[72677]: Class Cocoa_WindowListener is implemented in both /Users/linmuyi/miniconda3/envs/llm_gs/lib/python3.9/site-packages/pygame/.dylibs/libSDL2-2.0.0.dylib (0x103061610) and /Users/linmuyi/miniconda3/envs/llm_gs/lib/python3.9/site-packages/cv2/.dylibs/libSDL2-2.0.0.dylib (0x169e78bd8). This may cause spurious casting failures and mysterious crashes. One of the duplicates must be removed or renamed.
objc[72677]: Class SDLView is implemented in both /Users/linmuyi/miniconda3/envs/llm_gs/lib/python3.9/site-packages/pygame/.dylibs/libSDL2-2.0.0.dylib (0x103061688) and /Users/linmuyi/miniconda3/envs/llm_gs/lib/python3.9/site-packages/cv2/.dylibs/libSDL2-2.0.0.dylib (0x169e78c50). This may cause spurious casting failures and mysterious crashes. One of the duplicates must be removed or renamed.
objc[72677]: Class METAL_RenderData is implemented in both /Users/linmuyi/miniconda3/envs/llm_gs/lib/python3.9/site-packages/pygame/.dylibs/libSDL2-2.0.0.dylib (0x103061700) and /Users/linmuyi/miniconda3/envs/llm_gs/lib/python3.9/site-packages/cv2/.dylibs/libSDL2-2.0.0.dylib (0x169e78cc8). This may cause spurious casting failures and mysterious crashes. One of the duplicates must be removed or renamed.
objc[72677]: Class METAL_TextureData is implemented in both /Users/linmuyi/miniconda3/envs/llm_gs/lib/python3.9/site-packages/pygame/.dylibs/libSDL2-2.0.0.dylib (0x103061750) and /Users/linmuyi/miniconda3/envs/llm_gs/lib/python3.9/site-packages/cv2/.dylibs/libSDL2-2.0.0.dylib (0x169e78d18). This may cause spurious casting failures and mysterious crashes. One of the duplicates must be removed or renamed.
objc[72677]: Class SDL_RumbleMotor is implemented in both /Users/linmuyi/miniconda3/envs/llm_gs/lib/python3.9/site-packages/pygame/.dylibs/libSDL2-2.0.0.dylib (0x103061778) and /Users/linmuyi/miniconda3/envs/llm_gs/lib/python3.9/site-packages/cv2/.dylibs/libSDL2-2.0.0.dylib (0x169e78d40). This may cause spurious casting failures and mysterious crashes. One of the duplicates must be removed or renamed.
objc[72677]: Class SDL_RumbleContext is implemented in both /Users/linmuyi/miniconda3/envs/llm_gs/lib/python3.9/site-packages/pygame/.dylibs/libSDL2-2.0.0.dylib (0x1030617c8) and /Users/linmuyi/miniconda3/envs/llm_gs/lib/python3.9/site-packages/cv2/.dylibs/libSDL2-2.0.0.dylib (0x169e78d90). This may cause spurious casting failures and mysterious crashes. One of the duplicates must be removed or renamed.
[grader] 1500000 steps, 30 checkpoints, curriculum

  steps=  50000  held=0.00  gate=0.00  bins=1/3  active= 30  (45s)
  steps= 100000  held=0.00  gate=0.00  bins=1/3  active= 30  (84s)
  steps= 150000  held=0.00  gate=0.00  bins=1/3  active= 30  (133s)
  steps= 200000  held=0.00  gate=0.00  bins=1/3  active= 30  (189s)
  steps= 250000  held=0.00  gate=0.00  bins=1/3  active= 30  (259s)
  steps= 300000  held=0.00  gate=0.00  bins=1/3  active= 30  (319s)
  steps= 350000  held=0.01  gate=0.07  bins=1/3  active= 30  (368s)
  steps= 400000  held=0.01  gate=0.12  bins=2/3  active= 60  [UNLOCK:deadline]  (403s)
  steps= 450000  held=0.03  gate=0.11  bins=2/3  active= 60  (431s)
  steps= 500000  held=0.03  gate=0.06  bins=2/3  active= 60  (458s)
  steps= 550000  held=0.03  gate=0.11  bins=2/3  active= 60  (486s)
  steps= 600000  held=0.05  gate=0.07  bins=2/3  active= 60  (519s)
  steps= 650000  held=0.05  gate=0.21  bins=2/3  active= 60  (557s)
  steps= 700000  held=0.01  gate=0.06  bins=2/3  active= 60  (602s)
  steps= 750000  held=0.17  gate=0.35  bins=2/3  active= 60  (652s)
  steps= 800000  held=0.34  gate=0.44  bins=3/3  active= 90  [UNLOCK:deadline]  (695s)
  steps= 850000  held=0.56  gate=0.56  bins=3/3  active= 90  (732s)
  steps= 900000  held=0.33  gate=0.33  bins=3/3  active= 90  (777s)
  steps= 950000  held=0.55  gate=0.55  bins=3/3  active= 90  (815s)
  steps=1000000  held=0.67  gate=0.67  bins=3/3  active= 90  (854s)
  steps=1050000  held=0.67  gate=0.67  bins=3/3  active= 90  (892s)
  steps=1100000  held=0.66  gate=0.66  bins=3/3  active= 90  (930s)
  steps=1150000  held=0.58  gate=0.58  bins=3/3  active= 90  (970s)
  steps=1200000  held=0.58  gate=0.58  bins=3/3  active= 90  (1007s)
  steps=1250000  held=0.53  gate=0.53  bins=3/3  active= 90  (1047s)
  steps=1300000  held=0.56  gate=0.56  bins=3/3  active= 90  (1087s)
  steps=1350000  held=0.38  gate=0.38  bins=3/3  active= 90  (1131s)
  steps=1400000  held=0.62  gate=0.62  bins=3/3  active= 90  (1169s)
  steps=1450000  held=0.58  gate=0.58  bins=3/3  active= 90  (1210s)
  steps=1500000  held=0.62  gate=0.62  bins=3/3  active= 90  (1251s)

[grader] DONE  final held=0.62  steps_to_0.3=800,000  wall=1251s  -> grader_seed10.json
[grader] per-cell held: s9N1=0.62  s9N2=0.56  s9N3=0.12  s13N1=1.00  s13N2=0.88  s13N3=0.25  s17N1=0.75  s17N2=0.81  s17N3=0.56
