[random_curriculum] train=90 layouts  held-out=36 layouts
objc[52770]: Class SDLApplication is implemented in both /Users/linmuyi/miniconda3/envs/llm_gs/lib/python3.9/site-packages/pygame/.dylibs/libSDL2-2.0.0.dylib (0x107d692c8) and /Users/linmuyi/miniconda3/envs/llm_gs/lib/python3.9/site-packages/cv2/.dylibs/libSDL2-2.0.0.dylib (0x300e84890). This may cause spurious casting failures and mysterious crashes. One of the duplicates must be removed or renamed.
objc[52770]: Class SDLAppDelegate is implemented in both /Users/linmuyi/miniconda3/envs/llm_gs/lib/python3.9/site-packages/pygame/.dylibs/libSDL2-2.0.0.dylib (0x107d69318) and /Users/linmuyi/miniconda3/envs/llm_gs/lib/python3.9/site-packages/cv2/.dylibs/libSDL2-2.0.0.dylib (0x300e848e0). This may cause spurious casting failures and mysterious crashes. One of the duplicates must be removed or renamed.
objc[52770]: Class SDLTranslatorResponder is implemented in both /Users/linmuyi/miniconda3/envs/llm_gs/lib/python3.9/site-packages/pygame/.dylibs/libSDL2-2.0.0.dylib (0x107d69390) and /Users/linmuyi/miniconda3/envs/llm_gs/lib/python3.9/site-packages/cv2/.dylibs/libSDL2-2.0.0.dylib (0x300e84958). This may cause spurious casting failures and mysterious crashes. One of the duplicates must be removed or renamed.
objc[52770]: Class SDLMessageBoxPresenter is implemented in both /Users/linmuyi/miniconda3/envs/llm_gs/lib/python3.9/site-packages/pygame/.dylibs/libSDL2-2.0.0.dylib (0x107d693b8) and /Users/linmuyi/miniconda3/envs/llm_gs/lib/python3.9/site-packages/cv2/.dylibs/libSDL2-2.0.0.dylib (0x300e84980). This may cause spurious casting failures and mysterious crashes. One of the duplicates must be removed or renamed.
objc[52770]: Class SDL_cocoametalview is implemented in both /Users/linmuyi/miniconda3/envs/llm_gs/lib/python3.9/site-packages/pygame/.dylibs/libSDL2-2.0.0.dylib (0x107d69408) and /Users/linmuyi/miniconda3/envs/llm_gs/lib/python3.9/site-packages/cv2/.dylibs/libSDL2-2.0.0.dylib (0x300e849d0). This may cause spurious casting failures and mysterious crashes. One of the duplicates must be removed or renamed.
objc[52770]: Class SDLOpenGLContext is implemented in both /Users/linmuyi/miniconda3/envs/llm_gs/lib/python3.9/site-packages/pygame/.dylibs/libSDL2-2.0.0.dylib (0x107d69458) and /Users/linmuyi/miniconda3/envs/llm_gs/lib/python3.9/site-packages/cv2/.dylibs/libSDL2-2.0.0.dylib (0x300e84a20). This may cause spurious casting failures and mysterious crashes. One of the duplicates must be removed or renamed.
objc[52770]: Class SDL_ShapeData is implemented in both /Users/linmuyi/miniconda3/envs/llm_gs/lib/python3.9/site-packages/pygame/.dylibs/libSDL2-2.0.0.dylib (0x107d694d0) and /Users/linmuyi/miniconda3/envs/llm_gs/lib/python3.9/site-packages/cv2/.dylibs/libSDL2-2.0.0.dylib (0x300e84a98). This may cause spurious casting failures and mysterious crashes. One of the duplicates must be removed or renamed.
objc[52770]: Class SDL_CocoaClosure is implemented in both /Users/linmuyi/miniconda3/envs/llm_gs/lib/python3.9/site-packages/pygame/.dylibs/libSDL2-2.0.0.dylib (0x107d69520) and /Users/linmuyi/miniconda3/envs/llm_gs/lib/python3.9/site-packages/cv2/.dylibs/libSDL2-2.0.0.dylib (0x300e84ae8). This may cause spurious casting failures and mysterious crashes. One of the duplicates must be removed or renamed.
objc[52770]: Class SDL_VideoData is implemented in both /Users/linmuyi/miniconda3/envs/llm_gs/lib/python3.9/site-packages/pygame/.dylibs/libSDL2-2.0.0.dylib (0x107d69570) and /Users/linmuyi/miniconda3/envs/llm_gs/lib/python3.9/site-packages/cv2/.dylibs/libSDL2-2.0.0.dylib (0x300e84b38). This may cause spurious casting failures and mysterious crashes. One of the duplicates must be removed or renamed.
objc[52770]: Class SDL_WindowData is implemented in both /Users/linmuyi/miniconda3/envs/llm_gs/lib/python3.9/site-packages/pygame/.dylibs/libSDL2-2.0.0.dylib (0x107d695c0) and /Users/linmuyi/miniconda3/envs/llm_gs/lib/python3.9/site-packages/cv2/.dylibs/libSDL2-2.0.0.dylib (0x300e84b88). This may cause spurious casting failures and mysterious crashes. One of the duplicates must be removed or renamed.
objc[52770]: Class SDLWindow is implemented in both /Users/linmuyi/miniconda3/envs/llm_gs/lib/python3.9/site-packages/pygame/.dylibs/libSDL2-2.0.0.dylib (0x107d695e8) and /Users/linmuyi/miniconda3/envs/llm_gs/lib/python3.9/site-packages/cv2/.dylibs/libSDL2-2.0.0.dylib (0x300e84bb0). This may cause spurious casting failures and mysterious crashes. One of the duplicates must be removed or renamed.
objc[52770]: Class Cocoa_WindowListener is implemented in both /Users/linmuyi/miniconda3/envs/llm_gs/lib/python3.9/site-packages/pygame/.dylibs/libSDL2-2.0.0.dylib (0x107d69610) and /Users/linmuyi/miniconda3/envs/llm_gs/lib/python3.9/site-packages/cv2/.dylibs/libSDL2-2.0.0.dylib (0x300e84bd8). This may cause spurious casting failures and mysterious crashes. One of the duplicates must be removed or renamed.
objc[52770]: Class SDLView is implemented in both /Users/linmuyi/miniconda3/envs/llm_gs/lib/python3.9/site-packages/pygame/.dylibs/libSDL2-2.0.0.dylib (0x107d69688) and /Users/linmuyi/miniconda3/envs/llm_gs/lib/python3.9/site-packages/cv2/.dylibs/libSDL2-2.0.0.dylib (0x300e84c50). This may cause spurious casting failures and mysterious crashes. One of the duplicates must be removed or renamed.
objc[52770]: Class METAL_RenderData is implemented in both /Users/linmuyi/miniconda3/envs/llm_gs/lib/python3.9/site-packages/pygame/.dylibs/libSDL2-2.0.0.dylib (0x107d69700) and /Users/linmuyi/miniconda3/envs/llm_gs/lib/python3.9/site-packages/cv2/.dylibs/libSDL2-2.0.0.dylib (0x300e84cc8). This may cause spurious casting failures and mysterious crashes. One of the duplicates must be removed or renamed.
objc[52770]: Class METAL_TextureData is implemented in both /Users/linmuyi/miniconda3/envs/llm_gs/lib/python3.9/site-packages/pygame/.dylibs/libSDL2-2.0.0.dylib (0x107d69750) and /Users/linmuyi/miniconda3/envs/llm_gs/lib/python3.9/site-packages/cv2/.dylibs/libSDL2-2.0.0.dylib (0x300e84d18). This may cause spurious casting failures and mysterious crashes. One of the duplicates must be removed or renamed.
objc[52770]: Class SDL_RumbleMotor is implemented in both /Users/linmuyi/miniconda3/envs/llm_gs/lib/python3.9/site-packages/pygame/.dylibs/libSDL2-2.0.0.dylib (0x107d69778) and /Users/linmuyi/miniconda3/envs/llm_gs/lib/python3.9/site-packages/cv2/.dylibs/libSDL2-2.0.0.dylib (0x300e84d40). This may cause spurious casting failures and mysterious crashes. One of the duplicates must be removed or renamed.
objc[52770]: Class SDL_RumbleContext is implemented in both /Users/linmuyi/miniconda3/envs/llm_gs/lib/python3.9/site-packages/pygame/.dylibs/libSDL2-2.0.0.dylib (0x107d697c8) and /Users/linmuyi/miniconda3/envs/llm_gs/lib/python3.9/site-packages/cv2/.dylibs/libSDL2-2.0.0.dylib (0x300e84d90). This may cause spurious casting failures and mysterious crashes. One of the duplicates must be removed or renamed.
[random_curriculum] 1500000 steps, 30 checkpoints, curriculum

  steps=  50000  held=0.01  gate=0.00  bins=1/3  active= 30  (34s)
  steps= 100000  held=0.01  gate=0.03  bins=1/3  active= 30  (65s)
  steps= 150000  held=0.00  gate=0.00  bins=1/3  active= 30  (104s)
  steps= 200000  held=0.00  gate=0.00  bins=1/3  active= 30  (145s)
  steps= 250000  held=0.00  gate=0.00  bins=1/3  active= 30  (194s)
  steps= 300000  held=0.01  gate=0.00  bins=1/3  active= 30  (242s)
  steps= 350000  held=0.00  gate=0.00  bins=1/3  active= 30  (293s)
  steps= 400000  held=0.00  gate=0.00  bins=2/3  active= 60  [UNLOCK:deadline]  (343s)
  steps= 450000  held=0.00  gate=0.00  bins=2/3  active= 60  (392s)
  steps= 500000  held=0.01  gate=0.00  bins=2/3  active= 60  (446s)
  steps= 550000  held=0.00  gate=0.00  bins=2/3  active= 60  (485s)
  steps= 600000  held=0.00  gate=0.00  bins=2/3  active= 60  (520s)
  steps= 650000  held=0.00  gate=0.00  bins=2/3  active= 60  (562s)
  steps= 700000  held=0.00  gate=0.00  bins=2/3  active= 60  (609s)
  steps= 750000  held=0.00  gate=0.03  bins=2/3  active= 60  (650s)
  steps= 800000  held=0.03  gate=0.04  bins=3/3  active= 90  [UNLOCK:deadline]  (700s)
  steps= 850000  held=0.01  gate=0.01  bins=3/3  active= 90  (738s)
  steps= 900000  held=0.03  gate=0.03  bins=3/3  active= 90  (788s)
  steps= 950000  held=0.01  gate=0.01  bins=3/3  active= 90  (841s)
  steps=1000000  held=0.01  gate=0.01  bins=3/3  active= 90  (890s)
  steps=1050000  held=0.01  gate=0.01  bins=3/3  active= 90  (939s)
  steps=1100000  held=0.00  gate=0.00  bins=3/3  active= 90  (990s)
  steps=1150000  held=0.03  gate=0.03  bins=3/3  active= 90  (1036s)
  steps=1200000  held=0.00  gate=0.00  bins=3/3  active= 90  (1087s)
  steps=1250000  held=0.03  gate=0.03  bins=3/3  active= 90  (1138s)
  steps=1300000  held=0.08  gate=0.08  bins=3/3  active= 90  (1180s)
  steps=1350000  held=0.01  gate=0.01  bins=3/3  active= 90  (1231s)
  steps=1400000  held=0.02  gate=0.02  bins=3/3  active= 90  (1278s)
  steps=1450000  held=0.03  gate=0.03  bins=3/3  active= 90  (1312s)
  steps=1500000  held=0.01  gate=0.01  bins=3/3  active= 90  (1360s)

[random_curriculum] DONE  final held=0.01  steps_to_0.3=NOT REACHED  wall=1360s  -> random_curriculum_seed7.json
[random_curriculum] per-cell held: s9N1=0.00  s9N2=0.00  s9N3=0.06  s13N1=0.00  s13N2=0.00  s13N3=0.00  s17N1=0.00  s17N2=0.00  s17N3=0.00
