[rivers_only] train=90 layouts  held-out=36 layouts
objc[99643]: Class SDLApplication is implemented in both /Users/linmuyi/miniconda3/envs/llm_gs/lib/python3.9/site-packages/pygame/.dylibs/libSDL2-2.0.0.dylib (0x1084e92c8) and /Users/linmuyi/miniconda3/envs/llm_gs/lib/python3.9/site-packages/cv2/.dylibs/libSDL2-2.0.0.dylib (0x13a218890). This may cause spurious casting failures and mysterious crashes. One of the duplicates must be removed or renamed.
objc[99643]: Class SDLAppDelegate is implemented in both /Users/linmuyi/miniconda3/envs/llm_gs/lib/python3.9/site-packages/pygame/.dylibs/libSDL2-2.0.0.dylib (0x1084e9318) and /Users/linmuyi/miniconda3/envs/llm_gs/lib/python3.9/site-packages/cv2/.dylibs/libSDL2-2.0.0.dylib (0x13a2188e0). This may cause spurious casting failures and mysterious crashes. One of the duplicates must be removed or renamed.
objc[99643]: Class SDLTranslatorResponder is implemented in both /Users/linmuyi/miniconda3/envs/llm_gs/lib/python3.9/site-packages/pygame/.dylibs/libSDL2-2.0.0.dylib (0x1084e9390) and /Users/linmuyi/miniconda3/envs/llm_gs/lib/python3.9/site-packages/cv2/.dylibs/libSDL2-2.0.0.dylib (0x13a218958). This may cause spurious casting failures and mysterious crashes. One of the duplicates must be removed or renamed.
objc[99643]: Class SDLMessageBoxPresenter is implemented in both /Users/linmuyi/miniconda3/envs/llm_gs/lib/python3.9/site-packages/pygame/.dylibs/libSDL2-2.0.0.dylib (0x1084e93b8) and /Users/linmuyi/miniconda3/envs/llm_gs/lib/python3.9/site-packages/cv2/.dylibs/libSDL2-2.0.0.dylib (0x13a218980). This may cause spurious casting failures and mysterious crashes. One of the duplicates must be removed or renamed.
objc[99643]: Class SDL_cocoametalview is implemented in both /Users/linmuyi/miniconda3/envs/llm_gs/lib/python3.9/site-packages/pygame/.dylibs/libSDL2-2.0.0.dylib (0x1084e9408) and /Users/linmuyi/miniconda3/envs/llm_gs/lib/python3.9/site-packages/cv2/.dylibs/libSDL2-2.0.0.dylib (0x13a2189d0). This may cause spurious casting failures and mysterious crashes. One of the duplicates must be removed or renamed.
objc[99643]: Class SDLOpenGLContext is implemented in both /Users/linmuyi/miniconda3/envs/llm_gs/lib/python3.9/site-packages/pygame/.dylibs/libSDL2-2.0.0.dylib (0x1084e9458) and /Users/linmuyi/miniconda3/envs/llm_gs/lib/python3.9/site-packages/cv2/.dylibs/libSDL2-2.0.0.dylib (0x13a218a20). This may cause spurious casting failures and mysterious crashes. One of the duplicates must be removed or renamed.
objc[99643]: Class SDL_ShapeData is implemented in both /Users/linmuyi/miniconda3/envs/llm_gs/lib/python3.9/site-packages/pygame/.dylibs/libSDL2-2.0.0.dylib (0x1084e94d0) and /Users/linmuyi/miniconda3/envs/llm_gs/lib/python3.9/site-packages/cv2/.dylibs/libSDL2-2.0.0.dylib (0x13a218a98). This may cause spurious casting failures and mysterious crashes. One of the duplicates must be removed or renamed.
objc[99643]: Class SDL_CocoaClosure is implemented in both /Users/linmuyi/miniconda3/envs/llm_gs/lib/python3.9/site-packages/pygame/.dylibs/libSDL2-2.0.0.dylib (0x1084e9520) and /Users/linmuyi/miniconda3/envs/llm_gs/lib/python3.9/site-packages/cv2/.dylibs/libSDL2-2.0.0.dylib (0x13a218ae8). This may cause spurious casting failures and mysterious crashes. One of the duplicates must be removed or renamed.
objc[99643]: Class SDL_VideoData is implemented in both /Users/linmuyi/miniconda3/envs/llm_gs/lib/python3.9/site-packages/pygame/.dylibs/libSDL2-2.0.0.dylib (0x1084e9570) and /Users/linmuyi/miniconda3/envs/llm_gs/lib/python3.9/site-packages/cv2/.dylibs/libSDL2-2.0.0.dylib (0x13a218b38). This may cause spurious casting failures and mysterious crashes. One of the duplicates must be removed or renamed.
objc[99643]: Class SDL_WindowData is implemented in both /Users/linmuyi/miniconda3/envs/llm_gs/lib/python3.9/site-packages/pygame/.dylibs/libSDL2-2.0.0.dylib (0x1084e95c0) and /Users/linmuyi/miniconda3/envs/llm_gs/lib/python3.9/site-packages/cv2/.dylibs/libSDL2-2.0.0.dylib (0x13a218b88). This may cause spurious casting failures and mysterious crashes. One of the duplicates must be removed or renamed.
objc[99643]: Class SDLWindow is implemented in both /Users/linmuyi/miniconda3/envs/llm_gs/lib/python3.9/site-packages/pygame/.dylibs/libSDL2-2.0.0.dylib (0x1084e95e8) and /Users/linmuyi/miniconda3/envs/llm_gs/lib/python3.9/site-packages/cv2/.dylibs/libSDL2-2.0.0.dylib (0x13a218bb0). This may cause spurious casting failures and mysterious crashes. One of the duplicates must be removed or renamed.
objc[99643]: Class Cocoa_WindowListener is implemented in both /Users/linmuyi/miniconda3/envs/llm_gs/lib/python3.9/site-packages/pygame/.dylibs/libSDL2-2.0.0.dylib (0x1084e9610) and /Users/linmuyi/miniconda3/envs/llm_gs/lib/python3.9/site-packages/cv2/.dylibs/libSDL2-2.0.0.dylib (0x13a218bd8). This may cause spurious casting failures and mysterious crashes. One of the duplicates must be removed or renamed.
objc[99643]: Class SDLView is implemented in both /Users/linmuyi/miniconda3/envs/llm_gs/lib/python3.9/site-packages/pygame/.dylibs/libSDL2-2.0.0.dylib (0x1084e9688) and /Users/linmuyi/miniconda3/envs/llm_gs/lib/python3.9/site-packages/cv2/.dylibs/libSDL2-2.0.0.dylib (0x13a218c50). This may cause spurious casting failures and mysterious crashes. One of the duplicates must be removed or renamed.
objc[99643]: Class METAL_RenderData is implemented in both /Users/linmuyi/miniconda3/envs/llm_gs/lib/python3.9/site-packages/pygame/.dylibs/libSDL2-2.0.0.dylib (0x1084e9700) and /Users/linmuyi/miniconda3/envs/llm_gs/lib/python3.9/site-packages/cv2/.dylibs/libSDL2-2.0.0.dylib (0x13a218cc8). This may cause spurious casting failures and mysterious crashes. One of the duplicates must be removed or renamed.
objc[99643]: Class METAL_TextureData is implemented in both /Users/linmuyi/miniconda3/envs/llm_gs/lib/python3.9/site-packages/pygame/.dylibs/libSDL2-2.0.0.dylib (0x1084e9750) and /Users/linmuyi/miniconda3/envs/llm_gs/lib/python3.9/site-packages/cv2/.dylibs/libSDL2-2.0.0.dylib (0x13a218d18). This may cause spurious casting failures and mysterious crashes. One of the duplicates must be removed or renamed.
objc[99643]: Class SDL_RumbleMotor is implemented in both /Users/linmuyi/miniconda3/envs/llm_gs/lib/python3.9/site-packages/pygame/.dylibs/libSDL2-2.0.0.dylib (0x1084e9778) and /Users/linmuyi/miniconda3/envs/llm_gs/lib/python3.9/site-packages/cv2/.dylibs/libSDL2-2.0.0.dylib (0x13a218d40). This may cause spurious casting failures and mysterious crashes. One of the duplicates must be removed or renamed.
objc[99643]: Class SDL_RumbleContext is implemented in both /Users/linmuyi/miniconda3/envs/llm_gs/lib/python3.9/site-packages/pygame/.dylibs/libSDL2-2.0.0.dylib (0x1084e97c8) and /Users/linmuyi/miniconda3/envs/llm_gs/lib/python3.9/site-packages/cv2/.dylibs/libSDL2-2.0.0.dylib (0x13a218d90). This may cause spurious casting failures and mysterious crashes. One of the duplicates must be removed or renamed.
[rivers_only] 1500000 steps, 30 checkpoints, curriculum

  steps=  50000  held=0.01  gate=0.00  bins=1/3  active= 30  (52s)
  steps= 100000  held=0.01  gate=0.00  bins=1/3  active= 30  (129s)
  steps= 150000  held=0.02  gate=0.06  bins=1/3  active= 30  (207s)
  steps= 200000  held=0.00  gate=0.00  bins=1/3  active= 30  (275s)
  steps= 250000  held=0.01  gate=0.00  bins=1/3  active= 30  (329s)
  steps= 300000  held=0.01  gate=0.03  bins=1/3  active= 30  (391s)
  steps= 350000  held=0.03  gate=0.08  bins=1/3  active= 30  (455s)
  steps= 400000  held=0.12  gate=0.17  bins=2/3  active= 60  [UNLOCK:deadline]  (517s)
  steps= 450000  held=0.04  gate=0.06  bins=2/3  active= 60  (607s)
  steps= 500000  held=0.11  gate=0.12  bins=2/3  active= 60  (679s)
  steps= 550000  held=0.03  gate=0.10  bins=2/3  active= 60  (722s)
  steps= 600000  held=0.03  gate=0.10  bins=2/3  active= 60  (792s)
  steps= 650000  held=0.03  gate=0.10  bins=2/3  active= 60  (853s)
  steps= 700000  held=0.03  gate=0.06  bins=2/3  active= 60  (933s)
  steps= 750000  held=0.03  gate=0.03  bins=2/3  active= 60  (1028s)
  steps= 800000  held=0.03  gate=0.06  bins=3/3  active= 90  [UNLOCK:deadline]  (1114s)
  steps= 850000  held=0.03  gate=0.03  bins=3/3  active= 90  (1189s)
  steps= 900000  held=0.04  gate=0.04  bins=3/3  active= 90  (1256s)
  steps= 950000  held=0.06  gate=0.06  bins=3/3  active= 90  (1306s)
  steps=1000000  held=0.03  gate=0.03  bins=3/3  active= 90  (1352s)
  steps=1050000  held=0.03  gate=0.03  bins=3/3  active= 90  (1401s)
  steps=1100000  held=0.06  gate=0.06  bins=3/3  active= 90  (1448s)
  steps=1150000  held=0.09  gate=0.09  bins=3/3  active= 90  (1491s)
  steps=1200000  held=0.12  gate=0.12  bins=3/3  active= 90  (1538s)
  steps=1250000  held=0.26  gate=0.26  bins=3/3  active= 90  (1583s)
  steps=1300000  held=0.33  gate=0.33  bins=3/3  active= 90  (1625s)
  steps=1350000  held=0.33  gate=0.33  bins=3/3  active= 90  (1670s)
  steps=1400000  held=0.33  gate=0.33  bins=3/3  active= 90  (1707s)
  steps=1450000  held=0.41  gate=0.41  bins=3/3  active= 90  (1750s)
  steps=1500000  held=0.30  gate=0.30  bins=3/3  active= 90  (1799s)

[rivers_only] DONE  final held=0.30  steps_to_0.3=1,300,000  wall=1799s  -> rivers_only_seed30.json
[rivers_only] per-cell held: s9N1=0.31  s9N2=0.25  s9N3=0.25  s13N1=0.50  s13N2=0.31  s13N3=0.25  s17N1=0.25  s17N2=0.44  s17N3=0.12
