[random_curriculum] train=90 layouts  held-out=36 layouts
objc[47853]: Class SDLApplication is implemented in both /Users/linmuyi/miniconda3/envs/llm_gs/lib/python3.9/site-packages/pygame/.dylibs/libSDL2-2.0.0.dylib (0x10e3612c8) and /Users/linmuyi/miniconda3/envs/llm_gs/lib/python3.9/site-packages/cv2/.dylibs/libSDL2-2.0.0.dylib (0x16fdac890). This may cause spurious casting failures and mysterious crashes. One of the duplicates must be removed or renamed.
objc[47853]: Class SDLAppDelegate is implemented in both /Users/linmuyi/miniconda3/envs/llm_gs/lib/python3.9/site-packages/pygame/.dylibs/libSDL2-2.0.0.dylib (0x10e361318) and /Users/linmuyi/miniconda3/envs/llm_gs/lib/python3.9/site-packages/cv2/.dylibs/libSDL2-2.0.0.dylib (0x16fdac8e0). This may cause spurious casting failures and mysterious crashes. One of the duplicates must be removed or renamed.
objc[47853]: Class SDLTranslatorResponder is implemented in both /Users/linmuyi/miniconda3/envs/llm_gs/lib/python3.9/site-packages/pygame/.dylibs/libSDL2-2.0.0.dylib (0x10e361390) and /Users/linmuyi/miniconda3/envs/llm_gs/lib/python3.9/site-packages/cv2/.dylibs/libSDL2-2.0.0.dylib (0x16fdac958). This may cause spurious casting failures and mysterious crashes. One of the duplicates must be removed or renamed.
objc[47853]: Class SDLMessageBoxPresenter is implemented in both /Users/linmuyi/miniconda3/envs/llm_gs/lib/python3.9/site-packages/pygame/.dylibs/libSDL2-2.0.0.dylib (0x10e3613b8) and /Users/linmuyi/miniconda3/envs/llm_gs/lib/python3.9/site-packages/cv2/.dylibs/libSDL2-2.0.0.dylib (0x16fdac980). This may cause spurious casting failures and mysterious crashes. One of the duplicates must be removed or renamed.
objc[47853]: Class SDL_cocoametalview is implemented in both /Users/linmuyi/miniconda3/envs/llm_gs/lib/python3.9/site-packages/pygame/.dylibs/libSDL2-2.0.0.dylib (0x10e361408) and /Users/linmuyi/miniconda3/envs/llm_gs/lib/python3.9/site-packages/cv2/.dylibs/libSDL2-2.0.0.dylib (0x16fdac9d0). This may cause spurious casting failures and mysterious crashes. One of the duplicates must be removed or renamed.
objc[47853]: Class SDLOpenGLContext is implemented in both /Users/linmuyi/miniconda3/envs/llm_gs/lib/python3.9/site-packages/pygame/.dylibs/libSDL2-2.0.0.dylib (0x10e361458) and /Users/linmuyi/miniconda3/envs/llm_gs/lib/python3.9/site-packages/cv2/.dylibs/libSDL2-2.0.0.dylib (0x16fdaca20). This may cause spurious casting failures and mysterious crashes. One of the duplicates must be removed or renamed.
objc[47853]: Class SDL_ShapeData is implemented in both /Users/linmuyi/miniconda3/envs/llm_gs/lib/python3.9/site-packages/pygame/.dylibs/libSDL2-2.0.0.dylib (0x10e3614d0) and /Users/linmuyi/miniconda3/envs/llm_gs/lib/python3.9/site-packages/cv2/.dylibs/libSDL2-2.0.0.dylib (0x16fdaca98). This may cause spurious casting failures and mysterious crashes. One of the duplicates must be removed or renamed.
objc[47853]: Class SDL_CocoaClosure is implemented in both /Users/linmuyi/miniconda3/envs/llm_gs/lib/python3.9/site-packages/pygame/.dylibs/libSDL2-2.0.0.dylib (0x10e361520) and /Users/linmuyi/miniconda3/envs/llm_gs/lib/python3.9/site-packages/cv2/.dylibs/libSDL2-2.0.0.dylib (0x16fdacae8). This may cause spurious casting failures and mysterious crashes. One of the duplicates must be removed or renamed.
objc[47853]: Class SDL_VideoData is implemented in both /Users/linmuyi/miniconda3/envs/llm_gs/lib/python3.9/site-packages/pygame/.dylibs/libSDL2-2.0.0.dylib (0x10e361570) and /Users/linmuyi/miniconda3/envs/llm_gs/lib/python3.9/site-packages/cv2/.dylibs/libSDL2-2.0.0.dylib (0x16fdacb38). This may cause spurious casting failures and mysterious crashes. One of the duplicates must be removed or renamed.
objc[47853]: Class SDL_WindowData is implemented in both /Users/linmuyi/miniconda3/envs/llm_gs/lib/python3.9/site-packages/pygame/.dylibs/libSDL2-2.0.0.dylib (0x10e3615c0) and /Users/linmuyi/miniconda3/envs/llm_gs/lib/python3.9/site-packages/cv2/.dylibs/libSDL2-2.0.0.dylib (0x16fdacb88). This may cause spurious casting failures and mysterious crashes. One of the duplicates must be removed or renamed.
objc[47853]: Class SDLWindow is implemented in both /Users/linmuyi/miniconda3/envs/llm_gs/lib/python3.9/site-packages/pygame/.dylibs/libSDL2-2.0.0.dylib (0x10e3615e8) and /Users/linmuyi/miniconda3/envs/llm_gs/lib/python3.9/site-packages/cv2/.dylibs/libSDL2-2.0.0.dylib (0x16fdacbb0). This may cause spurious casting failures and mysterious crashes. One of the duplicates must be removed or renamed.
objc[47853]: Class Cocoa_WindowListener is implemented in both /Users/linmuyi/miniconda3/envs/llm_gs/lib/python3.9/site-packages/pygame/.dylibs/libSDL2-2.0.0.dylib (0x10e361610) and /Users/linmuyi/miniconda3/envs/llm_gs/lib/python3.9/site-packages/cv2/.dylibs/libSDL2-2.0.0.dylib (0x16fdacbd8). This may cause spurious casting failures and mysterious crashes. One of the duplicates must be removed or renamed.
objc[47853]: Class SDLView is implemented in both /Users/linmuyi/miniconda3/envs/llm_gs/lib/python3.9/site-packages/pygame/.dylibs/libSDL2-2.0.0.dylib (0x10e361688) and /Users/linmuyi/miniconda3/envs/llm_gs/lib/python3.9/site-packages/cv2/.dylibs/libSDL2-2.0.0.dylib (0x16fdacc50). This may cause spurious casting failures and mysterious crashes. One of the duplicates must be removed or renamed.
objc[47853]: Class METAL_RenderData is implemented in both /Users/linmuyi/miniconda3/envs/llm_gs/lib/python3.9/site-packages/pygame/.dylibs/libSDL2-2.0.0.dylib (0x10e361700) and /Users/linmuyi/miniconda3/envs/llm_gs/lib/python3.9/site-packages/cv2/.dylibs/libSDL2-2.0.0.dylib (0x16fdaccc8). This may cause spurious casting failures and mysterious crashes. One of the duplicates must be removed or renamed.
objc[47853]: Class METAL_TextureData is implemented in both /Users/linmuyi/miniconda3/envs/llm_gs/lib/python3.9/site-packages/pygame/.dylibs/libSDL2-2.0.0.dylib (0x10e361750) and /Users/linmuyi/miniconda3/envs/llm_gs/lib/python3.9/site-packages/cv2/.dylibs/libSDL2-2.0.0.dylib (0x16fdacd18). This may cause spurious casting failures and mysterious crashes. One of the duplicates must be removed or renamed.
objc[47853]: Class SDL_RumbleMotor is implemented in both /Users/linmuyi/miniconda3/envs/llm_gs/lib/python3.9/site-packages/pygame/.dylibs/libSDL2-2.0.0.dylib (0x10e361778) and /Users/linmuyi/miniconda3/envs/llm_gs/lib/python3.9/site-packages/cv2/.dylibs/libSDL2-2.0.0.dylib (0x16fdacd40). This may cause spurious casting failures and mysterious crashes. One of the duplicates must be removed or renamed.
objc[47853]: Class SDL_RumbleContext is implemented in both /Users/linmuyi/miniconda3/envs/llm_gs/lib/python3.9/site-packages/pygame/.dylibs/libSDL2-2.0.0.dylib (0x10e3617c8) and /Users/linmuyi/miniconda3/envs/llm_gs/lib/python3.9/site-packages/cv2/.dylibs/libSDL2-2.0.0.dylib (0x16fdacd90). This may cause spurious casting failures and mysterious crashes. One of the duplicates must be removed or renamed.
[random_curriculum] 1500000 steps, 30 checkpoints, curriculum

  steps=  50000  held=0.00  gate=0.00  bins=1/3  active= 30  (31s)
  steps= 100000  held=0.00  gate=0.00  bins=1/3  active= 30  (74s)
  steps= 150000  held=0.03  gate=0.01  bins=1/3  active= 30  (113s)
  steps= 200000  held=0.00  gate=0.01  bins=1/3  active= 30  (160s)
  steps= 250000  held=0.00  gate=0.00  bins=1/3  active= 30  (215s)
  steps= 300000  held=0.00  gate=0.00  bins=1/3  active= 30  (268s)
  steps= 350000  held=0.03  gate=0.03  bins=1/3  active= 30  (304s)
  steps= 400000  held=0.07  gate=0.11  bins=2/3  active= 60  [UNLOCK:deadline]  (331s)
  steps= 450000  held=0.10  gate=0.08  bins=2/3  active= 60  (360s)
  steps= 500000  held=0.14  gate=0.06  bins=2/3  active= 60  (408s)
  steps= 550000  held=0.10  gate=0.08  bins=2/3  active= 60  (466s)
  steps= 600000  held=0.12  gate=0.04  bins=2/3  active= 60  (520s)
  steps= 650000  held=0.02  gate=0.08  bins=2/3  active= 60  (578s)
  steps= 700000  held=0.00  gate=0.00  bins=2/3  active= 60  (630s)
  steps= 750000  held=0.08  gate=0.00  bins=2/3  active= 60  (688s)
  steps= 800000  held=0.00  gate=0.00  bins=3/3  active= 90  [UNLOCK:deadline]  (726s)
  steps= 850000  held=0.01  gate=0.01  bins=3/3  active= 90  (756s)
  steps= 900000  held=0.00  gate=0.00  bins=3/3  active= 90  (801s)
  steps= 950000  held=0.00  gate=0.00  bins=3/3  active= 90  (837s)
  steps=1000000  held=0.00  gate=0.00  bins=3/3  active= 90  (879s)
  steps=1050000  held=0.01  gate=0.01  bins=3/3  active= 90  (923s)
  steps=1100000  held=0.01  gate=0.01  bins=3/3  active= 90  (963s)
  steps=1150000  held=0.00  gate=0.00  bins=3/3  active= 90  (1013s)
  steps=1200000  held=0.00  gate=0.00  bins=3/3  active= 90  (1064s)
  steps=1250000  held=0.00  gate=0.00  bins=3/3  active= 90  (1114s)
  steps=1300000  held=0.00  gate=0.00  bins=3/3  active= 90  (1154s)
  steps=1350000  held=0.00  gate=0.00  bins=3/3  active= 90  (1200s)
  steps=1400000  held=0.01  gate=0.01  bins=3/3  active= 90  (1245s)
  steps=1450000  held=0.00  gate=0.00  bins=3/3  active= 90  (1279s)
  steps=1500000  held=0.00  gate=0.00  bins=3/3  active= 90  (1318s)

[random_curriculum] DONE  final held=0.00  steps_to_0.3=NOT REACHED  wall=1318s  -> random_curriculum_seed39.json
[random_curriculum] per-cell held: s9N1=0.00  s9N2=0.00  s9N3=0.00  s13N1=0.00  s13N2=0.00  s13N3=0.00  s17N1=0.00  s17N2=0.00  s17N3=0.00
