[grader] train=90 layouts  held-out=36 layouts
objc[39554]: Class SDLApplication is implemented in both /Users/linmuyi/miniconda3/envs/llm_gs/lib/python3.9/site-packages/pygame/.dylibs/libSDL2-2.0.0.dylib (0x10b3e12c8) and /Users/linmuyi/miniconda3/envs/llm_gs/lib/python3.9/site-packages/cv2/.dylibs/libSDL2-2.0.0.dylib (0x15b2b8890). This may cause spurious casting failures and mysterious crashes. One of the duplicates must be removed or renamed.
objc[39554]: Class SDLAppDelegate is implemented in both /Users/linmuyi/miniconda3/envs/llm_gs/lib/python3.9/site-packages/pygame/.dylibs/libSDL2-2.0.0.dylib (0x10b3e1318) and /Users/linmuyi/miniconda3/envs/llm_gs/lib/python3.9/site-packages/cv2/.dylibs/libSDL2-2.0.0.dylib (0x15b2b88e0). This may cause spurious casting failures and mysterious crashes. One of the duplicates must be removed or renamed.
objc[39554]: Class SDLTranslatorResponder is implemented in both /Users/linmuyi/miniconda3/envs/llm_gs/lib/python3.9/site-packages/pygame/.dylibs/libSDL2-2.0.0.dylib (0x10b3e1390) and /Users/linmuyi/miniconda3/envs/llm_gs/lib/python3.9/site-packages/cv2/.dylibs/libSDL2-2.0.0.dylib (0x15b2b8958). This may cause spurious casting failures and mysterious crashes. One of the duplicates must be removed or renamed.
objc[39554]: Class SDLMessageBoxPresenter is implemented in both /Users/linmuyi/miniconda3/envs/llm_gs/lib/python3.9/site-packages/pygame/.dylibs/libSDL2-2.0.0.dylib (0x10b3e13b8) and /Users/linmuyi/miniconda3/envs/llm_gs/lib/python3.9/site-packages/cv2/.dylibs/libSDL2-2.0.0.dylib (0x15b2b8980). This may cause spurious casting failures and mysterious crashes. One of the duplicates must be removed or renamed.
objc[39554]: Class SDL_cocoametalview is implemented in both /Users/linmuyi/miniconda3/envs/llm_gs/lib/python3.9/site-packages/pygame/.dylibs/libSDL2-2.0.0.dylib (0x10b3e1408) and /Users/linmuyi/miniconda3/envs/llm_gs/lib/python3.9/site-packages/cv2/.dylibs/libSDL2-2.0.0.dylib (0x15b2b89d0). This may cause spurious casting failures and mysterious crashes. One of the duplicates must be removed or renamed.
objc[39554]: Class SDLOpenGLContext is implemented in both /Users/linmuyi/miniconda3/envs/llm_gs/lib/python3.9/site-packages/pygame/.dylibs/libSDL2-2.0.0.dylib (0x10b3e1458) and /Users/linmuyi/miniconda3/envs/llm_gs/lib/python3.9/site-packages/cv2/.dylibs/libSDL2-2.0.0.dylib (0x15b2b8a20). This may cause spurious casting failures and mysterious crashes. One of the duplicates must be removed or renamed.
objc[39554]: Class SDL_ShapeData is implemented in both /Users/linmuyi/miniconda3/envs/llm_gs/lib/python3.9/site-packages/pygame/.dylibs/libSDL2-2.0.0.dylib (0x10b3e14d0) and /Users/linmuyi/miniconda3/envs/llm_gs/lib/python3.9/site-packages/cv2/.dylibs/libSDL2-2.0.0.dylib (0x15b2b8a98). This may cause spurious casting failures and mysterious crashes. One of the duplicates must be removed or renamed.
objc[39554]: Class SDL_CocoaClosure is implemented in both /Users/linmuyi/miniconda3/envs/llm_gs/lib/python3.9/site-packages/pygame/.dylibs/libSDL2-2.0.0.dylib (0x10b3e1520) and /Users/linmuyi/miniconda3/envs/llm_gs/lib/python3.9/site-packages/cv2/.dylibs/libSDL2-2.0.0.dylib (0x15b2b8ae8). This may cause spurious casting failures and mysterious crashes. One of the duplicates must be removed or renamed.
objc[39554]: Class SDL_VideoData is implemented in both /Users/linmuyi/miniconda3/envs/llm_gs/lib/python3.9/site-packages/pygame/.dylibs/libSDL2-2.0.0.dylib (0x10b3e1570) and /Users/linmuyi/miniconda3/envs/llm_gs/lib/python3.9/site-packages/cv2/.dylibs/libSDL2-2.0.0.dylib (0x15b2b8b38). This may cause spurious casting failures and mysterious crashes. One of the duplicates must be removed or renamed.
objc[39554]: Class SDL_WindowData is implemented in both /Users/linmuyi/miniconda3/envs/llm_gs/lib/python3.9/site-packages/pygame/.dylibs/libSDL2-2.0.0.dylib (0x10b3e15c0) and /Users/linmuyi/miniconda3/envs/llm_gs/lib/python3.9/site-packages/cv2/.dylibs/libSDL2-2.0.0.dylib (0x15b2b8b88). This may cause spurious casting failures and mysterious crashes. One of the duplicates must be removed or renamed.
objc[39554]: Class SDLWindow is implemented in both /Users/linmuyi/miniconda3/envs/llm_gs/lib/python3.9/site-packages/pygame/.dylibs/libSDL2-2.0.0.dylib (0x10b3e15e8) and /Users/linmuyi/miniconda3/envs/llm_gs/lib/python3.9/site-packages/cv2/.dylibs/libSDL2-2.0.0.dylib (0x15b2b8bb0). This may cause spurious casting failures and mysterious crashes. One of the duplicates must be removed or renamed.
objc[39554]: Class Cocoa_WindowListener is implemented in both /Users/linmuyi/miniconda3/envs/llm_gs/lib/python3.9/site-packages/pygame/.dylibs/libSDL2-2.0.0.dylib (0x10b3e1610) and /Users/linmuyi/miniconda3/envs/llm_gs/lib/python3.9/site-packages/cv2/.dylibs/libSDL2-2.0.0.dylib (0x15b2b8bd8). This may cause spurious casting failures and mysterious crashes. One of the duplicates must be removed or renamed.
objc[39554]: Class SDLView is implemented in both /Users/linmuyi/miniconda3/envs/llm_gs/lib/python3.9/site-packages/pygame/.dylibs/libSDL2-2.0.0.dylib (0x10b3e1688) and /Users/linmuyi/miniconda3/envs/llm_gs/lib/python3.9/site-packages/cv2/.dylibs/libSDL2-2.0.0.dylib (0x15b2b8c50). This may cause spurious casting failures and mysterious crashes. One of the duplicates must be removed or renamed.
objc[39554]: Class METAL_RenderData is implemented in both /Users/linmuyi/miniconda3/envs/llm_gs/lib/python3.9/site-packages/pygame/.dylibs/libSDL2-2.0.0.dylib (0x10b3e1700) and /Users/linmuyi/miniconda3/envs/llm_gs/lib/python3.9/site-packages/cv2/.dylibs/libSDL2-2.0.0.dylib (0x15b2b8cc8). This may cause spurious casting failures and mysterious crashes. One of the duplicates must be removed or renamed.
objc[39554]: Class METAL_TextureData is implemented in both /Users/linmuyi/miniconda3/envs/llm_gs/lib/python3.9/site-packages/pygame/.dylibs/libSDL2-2.0.0.dylib (0x10b3e1750) and /Users/linmuyi/miniconda3/envs/llm_gs/lib/python3.9/site-packages/cv2/.dylibs/libSDL2-2.0.0.dylib (0x15b2b8d18). This may cause spurious casting failures and mysterious crashes. One of the duplicates must be removed or renamed.
objc[39554]: Class SDL_RumbleMotor is implemented in both /Users/linmuyi/miniconda3/envs/llm_gs/lib/python3.9/site-packages/pygame/.dylibs/libSDL2-2.0.0.dylib (0x10b3e1778) and /Users/linmuyi/miniconda3/envs/llm_gs/lib/python3.9/site-packages/cv2/.dylibs/libSDL2-2.0.0.dylib (0x15b2b8d40). This may cause spurious casting failures and mysterious crashes. One of the duplicates must be removed or renamed.
objc[39554]: Class SDL_RumbleContext is implemented in both /Users/linmuyi/miniconda3/envs/llm_gs/lib/python3.9/site-packages/pygame/.dylibs/libSDL2-2.0.0.dylib (0x10b3e17c8) and /Users/linmuyi/miniconda3/envs/llm_gs/lib/python3.9/site-packages/cv2/.dylibs/libSDL2-2.0.0.dylib (0x15b2b8d90). This may cause spurious casting failures and mysterious crashes. One of the duplicates must be removed or renamed.
[grader] 1500000 steps, 30 checkpoints, curriculum

  steps=  50000  held=0.00  gate=0.03  bins=1/3  active= 30  (40s)
  steps= 100000  held=0.10  gate=0.18  bins=1/3  active= 30  (72s)
  steps= 150000  held=0.14  gate=0.22  bins=1/3  active= 30  (123s)
  steps= 200000  held=0.14  gate=0.11  bins=1/3  active= 30  (177s)
  steps= 250000  held=0.13  gate=0.35  bins=1/3  active= 30  (219s)
  steps= 300000  held=0.13  gate=0.22  bins=1/3  active= 30  (277s)
  steps= 350000  held=0.01  gate=0.15  bins=1/3  active= 30  (338s)
  steps= 400000  held=0.14  gate=0.22  bins=2/3  active= 60  [UNLOCK:deadline]  (392s)
  steps= 450000  held=0.15  gate=0.11  bins=2/3  active= 60  (452s)
  steps= 500000  held=0.15  gate=0.17  bins=2/3  active= 60  (493s)
  steps= 550000  held=0.12  gate=0.19  bins=2/3  active= 60  (539s)
  steps= 600000  held=0.17  gate=0.26  bins=2/3  active= 60  (587s)
  steps= 650000  held=0.08  gate=0.25  bins=2/3  active= 60  (644s)
  steps= 700000  held=0.31  gate=0.35  bins=2/3  active= 60  (692s)
  steps= 750000  held=0.35  gate=0.57  bins=3/3  active= 90  [UNLOCK:gate]  (745s)
  steps= 800000  held=0.45  gate=0.45  bins=3/3  active= 90  (789s)
  steps= 850000  held=0.62  gate=0.62  bins=3/3  active= 90  (828s)
  steps= 900000  held=0.62  gate=0.62  bins=3/3  active= 90  (867s)
  steps= 950000  held=0.65  gate=0.65  bins=3/3  active= 90  (905s)
  steps=1000000  held=0.79  gate=0.79  bins=3/3  active= 90  (939s)
  steps=1050000  held=0.74  gate=0.74  bins=3/3  active= 90  (974s)
  steps=1100000  held=0.82  gate=0.82  bins=3/3  active= 90  (1006s)
  steps=1150000  held=0.74  gate=0.74  bins=3/3  active= 90  (1038s)
  steps=1200000  held=0.76  gate=0.76  bins=3/3  active= 90  (1069s)
  steps=1250000  held=0.79  gate=0.79  bins=3/3  active= 90  (1100s)
  steps=1300000  held=0.90  gate=0.90  bins=3/3  active= 90  (1132s)
  steps=1350000  held=0.78  gate=0.78  bins=3/3  active= 90  (1167s)
  steps=1400000  held=0.84  gate=0.84  bins=3/3  active= 90  (1202s)
  steps=1450000  held=0.76  gate=0.76  bins=3/3  active= 90  (1237s)
  steps=1500000  held=0.78  gate=0.78  bins=3/3  active= 90  (1271s)

[grader] DONE  final held=0.78  steps_to_0.3=700,000  wall=1270s  -> grader_seed4.json
[grader] per-cell held: s9N1=0.94  s9N2=0.56  s9N3=0.19  s13N1=1.00  s13N2=1.00  s13N3=0.62  s17N1=1.00  s17N2=1.00  s17N3=0.75
