[grader] train=90 layouts  held-out=36 layouts
objc[53249]: Class SDLApplication is implemented in both /Users/linmuyi/miniconda3/envs/llm_gs/lib/python3.9/site-packages/pygame/.dylibs/libSDL2-2.0.0.dylib (0x10d4612c8) and /Users/linmuyi/miniconda3/envs/llm_gs/lib/python3.9/site-packages/cv2/.dylibs/libSDL2-2.0.0.dylib (0x321804890). This may cause spurious casting failures and mysterious crashes. One of the duplicates must be removed or renamed.
objc[53249]: Class SDLAppDelegate is implemented in both /Users/linmuyi/miniconda3/envs/llm_gs/lib/python3.9/site-packages/pygame/.dylibs/libSDL2-2.0.0.dylib (0x10d461318) and /Users/linmuyi/miniconda3/envs/llm_gs/lib/python3.9/site-packages/cv2/.dylibs/libSDL2-2.0.0.dylib (0x3218048e0). This may cause spurious casting failures and mysterious crashes. One of the duplicates must be removed or renamed.
objc[53249]: Class SDLTranslatorResponder is implemented in both /Users/linmuyi/miniconda3/envs/llm_gs/lib/python3.9/site-packages/pygame/.dylibs/libSDL2-2.0.0.dylib (0x10d461390) and /Users/linmuyi/miniconda3/envs/llm_gs/lib/python3.9/site-packages/cv2/.dylibs/libSDL2-2.0.0.dylib (0x321804958). This may cause spurious casting failures and mysterious crashes. One of the duplicates must be removed or renamed.
objc[53249]: Class SDLMessageBoxPresenter is implemented in both /Users/linmuyi/miniconda3/envs/llm_gs/lib/python3.9/site-packages/pygame/.dylibs/libSDL2-2.0.0.dylib (0x10d4613b8) and /Users/linmuyi/miniconda3/envs/llm_gs/lib/python3.9/site-packages/cv2/.dylibs/libSDL2-2.0.0.dylib (0x321804980). This may cause spurious casting failures and mysterious crashes. One of the duplicates must be removed or renamed.
objc[53249]: Class SDL_cocoametalview is implemented in both /Users/linmuyi/miniconda3/envs/llm_gs/lib/python3.9/site-packages/pygame/.dylibs/libSDL2-2.0.0.dylib (0x10d461408) and /Users/linmuyi/miniconda3/envs/llm_gs/lib/python3.9/site-packages/cv2/.dylibs/libSDL2-2.0.0.dylib (0x3218049d0). This may cause spurious casting failures and mysterious crashes. One of the duplicates must be removed or renamed.
objc[53249]: Class SDLOpenGLContext is implemented in both /Users/linmuyi/miniconda3/envs/llm_gs/lib/python3.9/site-packages/pygame/.dylibs/libSDL2-2.0.0.dylib (0x10d461458) and /Users/linmuyi/miniconda3/envs/llm_gs/lib/python3.9/site-packages/cv2/.dylibs/libSDL2-2.0.0.dylib (0x321804a20). This may cause spurious casting failures and mysterious crashes. One of the duplicates must be removed or renamed.
objc[53249]: Class SDL_ShapeData is implemented in both /Users/linmuyi/miniconda3/envs/llm_gs/lib/python3.9/site-packages/pygame/.dylibs/libSDL2-2.0.0.dylib (0x10d4614d0) and /Users/linmuyi/miniconda3/envs/llm_gs/lib/python3.9/site-packages/cv2/.dylibs/libSDL2-2.0.0.dylib (0x321804a98). This may cause spurious casting failures and mysterious crashes. One of the duplicates must be removed or renamed.
objc[53249]: Class SDL_CocoaClosure is implemented in both /Users/linmuyi/miniconda3/envs/llm_gs/lib/python3.9/site-packages/pygame/.dylibs/libSDL2-2.0.0.dylib (0x10d461520) and /Users/linmuyi/miniconda3/envs/llm_gs/lib/python3.9/site-packages/cv2/.dylibs/libSDL2-2.0.0.dylib (0x321804ae8). This may cause spurious casting failures and mysterious crashes. One of the duplicates must be removed or renamed.
objc[53249]: Class SDL_VideoData is implemented in both /Users/linmuyi/miniconda3/envs/llm_gs/lib/python3.9/site-packages/pygame/.dylibs/libSDL2-2.0.0.dylib (0x10d461570) and /Users/linmuyi/miniconda3/envs/llm_gs/lib/python3.9/site-packages/cv2/.dylibs/libSDL2-2.0.0.dylib (0x321804b38). This may cause spurious casting failures and mysterious crashes. One of the duplicates must be removed or renamed.
objc[53249]: Class SDL_WindowData is implemented in both /Users/linmuyi/miniconda3/envs/llm_gs/lib/python3.9/site-packages/pygame/.dylibs/libSDL2-2.0.0.dylib (0x10d4615c0) and /Users/linmuyi/miniconda3/envs/llm_gs/lib/python3.9/site-packages/cv2/.dylibs/libSDL2-2.0.0.dylib (0x321804b88). This may cause spurious casting failures and mysterious crashes. One of the duplicates must be removed or renamed.
objc[53249]: Class SDLWindow is implemented in both /Users/linmuyi/miniconda3/envs/llm_gs/lib/python3.9/site-packages/pygame/.dylibs/libSDL2-2.0.0.dylib (0x10d4615e8) and /Users/linmuyi/miniconda3/envs/llm_gs/lib/python3.9/site-packages/cv2/.dylibs/libSDL2-2.0.0.dylib (0x321804bb0). This may cause spurious casting failures and mysterious crashes. One of the duplicates must be removed or renamed.
objc[53249]: Class Cocoa_WindowListener is implemented in both /Users/linmuyi/miniconda3/envs/llm_gs/lib/python3.9/site-packages/pygame/.dylibs/libSDL2-2.0.0.dylib (0x10d461610) and /Users/linmuyi/miniconda3/envs/llm_gs/lib/python3.9/site-packages/cv2/.dylibs/libSDL2-2.0.0.dylib (0x321804bd8). This may cause spurious casting failures and mysterious crashes. One of the duplicates must be removed or renamed.
objc[53249]: Class SDLView is implemented in both /Users/linmuyi/miniconda3/envs/llm_gs/lib/python3.9/site-packages/pygame/.dylibs/libSDL2-2.0.0.dylib (0x10d461688) and /Users/linmuyi/miniconda3/envs/llm_gs/lib/python3.9/site-packages/cv2/.dylibs/libSDL2-2.0.0.dylib (0x321804c50). This may cause spurious casting failures and mysterious crashes. One of the duplicates must be removed or renamed.
objc[53249]: Class METAL_RenderData is implemented in both /Users/linmuyi/miniconda3/envs/llm_gs/lib/python3.9/site-packages/pygame/.dylibs/libSDL2-2.0.0.dylib (0x10d461700) and /Users/linmuyi/miniconda3/envs/llm_gs/lib/python3.9/site-packages/cv2/.dylibs/libSDL2-2.0.0.dylib (0x321804cc8). This may cause spurious casting failures and mysterious crashes. One of the duplicates must be removed or renamed.
objc[53249]: Class METAL_TextureData is implemented in both /Users/linmuyi/miniconda3/envs/llm_gs/lib/python3.9/site-packages/pygame/.dylibs/libSDL2-2.0.0.dylib (0x10d461750) and /Users/linmuyi/miniconda3/envs/llm_gs/lib/python3.9/site-packages/cv2/.dylibs/libSDL2-2.0.0.dylib (0x321804d18). This may cause spurious casting failures and mysterious crashes. One of the duplicates must be removed or renamed.
objc[53249]: Class SDL_RumbleMotor is implemented in both /Users/linmuyi/miniconda3/envs/llm_gs/lib/python3.9/site-packages/pygame/.dylibs/libSDL2-2.0.0.dylib (0x10d461778) and /Users/linmuyi/miniconda3/envs/llm_gs/lib/python3.9/site-packages/cv2/.dylibs/libSDL2-2.0.0.dylib (0x321804d40). This may cause spurious casting failures and mysterious crashes. One of the duplicates must be removed or renamed.
objc[53249]: Class SDL_RumbleContext is implemented in both /Users/linmuyi/miniconda3/envs/llm_gs/lib/python3.9/site-packages/pygame/.dylibs/libSDL2-2.0.0.dylib (0x10d4617c8) and /Users/linmuyi/miniconda3/envs/llm_gs/lib/python3.9/site-packages/cv2/.dylibs/libSDL2-2.0.0.dylib (0x321804d90). This may cause spurious casting failures and mysterious crashes. One of the duplicates must be removed or renamed.
[grader] 1500000 steps, 30 checkpoints, curriculum

  steps=  50000  held=0.00  gate=0.00  bins=1/3  active= 30  (43s)
  steps= 100000  held=0.00  gate=0.00  bins=1/3  active= 30  (92s)
  steps= 150000  held=0.00  gate=0.00  bins=1/3  active= 30  (139s)
  steps= 200000  held=0.00  gate=0.00  bins=1/3  active= 30  (182s)
  steps= 250000  held=0.00  gate=0.00  bins=1/3  active= 30  (216s)
  steps= 300000  held=0.01  gate=0.03  bins=1/3  active= 30  (257s)
  steps= 350000  held=0.01  gate=0.01  bins=1/3  active= 30  (289s)
  steps= 400000  held=0.03  gate=0.15  bins=2/3  active= 60  [UNLOCK:deadline]  (340s)
  steps= 450000  held=0.03  gate=0.06  bins=2/3  active= 60  (402s)
  steps= 500000  held=0.03  gate=0.07  bins=2/3  active= 60  (457s)
  steps= 550000  held=0.17  gate=0.19  bins=2/3  active= 60  (508s)
  steps= 600000  held=0.17  gate=0.15  bins=2/3  active= 60  (559s)
  steps= 650000  held=0.14  gate=0.06  bins=2/3  active= 60  (619s)
  steps= 700000  held=0.16  gate=0.18  bins=2/3  active= 60  (676s)
  steps= 750000  held=0.24  gate=0.21  bins=2/3  active= 60  (757s)
  steps= 800000  held=0.25  gate=0.44  bins=3/3  active= 90  [UNLOCK:deadline]  (828s)
  steps= 850000  held=0.04  gate=0.04  bins=3/3  active= 90  (919s)
  steps= 900000  held=0.03  gate=0.03  bins=3/3  active= 90  (983s)
  steps= 950000  held=0.19  gate=0.19  bins=3/3  active= 90  (1059s)
  steps=1000000  held=0.27  gate=0.27  bins=3/3  active= 90  (1126s)
  steps=1050000  held=0.29  gate=0.29  bins=3/3  active= 90  (1205s)
  steps=1100000  held=0.14  gate=0.14  bins=3/3  active= 90  (1291s)
  steps=1150000  held=0.17  gate=0.17  bins=3/3  active= 90  (1377s)
  steps=1200000  held=0.47  gate=0.47  bins=3/3  active= 90  (1450s)
  steps=1250000  held=0.62  gate=0.62  bins=3/3  active= 90  (1510s)
  steps=1300000  held=0.49  gate=0.49  bins=3/3  active= 90  (1577s)
  steps=1350000  held=0.57  gate=0.57  bins=3/3  active= 90  (1639s)
  steps=1400000  held=0.65  gate=0.65  bins=3/3  active= 90  (1699s)
  steps=1450000  held=0.55  gate=0.55  bins=3/3  active= 90  (1760s)
  steps=1500000  held=0.51  gate=0.51  bins=3/3  active= 90  (1825s)

[grader] DONE  final held=0.51  steps_to_0.3=1,200,000  wall=1824s  -> grader_seed18.json
[grader] per-cell held: s9N1=0.56  s9N2=0.56  s9N3=0.00  s13N1=0.75  s13N2=0.50  s13N3=0.25  s17N1=0.56  s17N2=0.94  s17N3=0.50
