[size_order] train=90 layouts  held-out=36 layouts
objc[88466]: Class SDLApplication is implemented in both /Users/linmuyi/miniconda3/envs/llm_gs/lib/python3.9/site-packages/pygame/.dylibs/libSDL2-2.0.0.dylib (0x10c3612c8) and /Users/linmuyi/miniconda3/envs/llm_gs/lib/python3.9/site-packages/cv2/.dylibs/libSDL2-2.0.0.dylib (0x1362a4890). This may cause spurious casting failures and mysterious crashes. One of the duplicates must be removed or renamed.
objc[88466]: Class SDLAppDelegate is implemented in both /Users/linmuyi/miniconda3/envs/llm_gs/lib/python3.9/site-packages/pygame/.dylibs/libSDL2-2.0.0.dylib (0x10c361318) and /Users/linmuyi/miniconda3/envs/llm_gs/lib/python3.9/site-packages/cv2/.dylibs/libSDL2-2.0.0.dylib (0x1362a48e0). This may cause spurious casting failures and mysterious crashes. One of the duplicates must be removed or renamed.
objc[88466]: Class SDLTranslatorResponder is implemented in both /Users/linmuyi/miniconda3/envs/llm_gs/lib/python3.9/site-packages/pygame/.dylibs/libSDL2-2.0.0.dylib (0x10c361390) and /Users/linmuyi/miniconda3/envs/llm_gs/lib/python3.9/site-packages/cv2/.dylibs/libSDL2-2.0.0.dylib (0x1362a4958). This may cause spurious casting failures and mysterious crashes. One of the duplicates must be removed or renamed.
objc[88466]: Class SDLMessageBoxPresenter is implemented in both /Users/linmuyi/miniconda3/envs/llm_gs/lib/python3.9/site-packages/pygame/.dylibs/libSDL2-2.0.0.dylib (0x10c3613b8) and /Users/linmuyi/miniconda3/envs/llm_gs/lib/python3.9/site-packages/cv2/.dylibs/libSDL2-2.0.0.dylib (0x1362a4980). This may cause spurious casting failures and mysterious crashes. One of the duplicates must be removed or renamed.
objc[88466]: Class SDL_cocoametalview is implemented in both /Users/linmuyi/miniconda3/envs/llm_gs/lib/python3.9/site-packages/pygame/.dylibs/libSDL2-2.0.0.dylib (0x10c361408) and /Users/linmuyi/miniconda3/envs/llm_gs/lib/python3.9/site-packages/cv2/.dylibs/libSDL2-2.0.0.dylib (0x1362a49d0). This may cause spurious casting failures and mysterious crashes. One of the duplicates must be removed or renamed.
objc[88466]: Class SDLOpenGLContext is implemented in both /Users/linmuyi/miniconda3/envs/llm_gs/lib/python3.9/site-packages/pygame/.dylibs/libSDL2-2.0.0.dylib (0x10c361458) and /Users/linmuyi/miniconda3/envs/llm_gs/lib/python3.9/site-packages/cv2/.dylibs/libSDL2-2.0.0.dylib (0x1362a4a20). This may cause spurious casting failures and mysterious crashes. One of the duplicates must be removed or renamed.
objc[88466]: Class SDL_ShapeData is implemented in both /Users/linmuyi/miniconda3/envs/llm_gs/lib/python3.9/site-packages/pygame/.dylibs/libSDL2-2.0.0.dylib (0x10c3614d0) and /Users/linmuyi/miniconda3/envs/llm_gs/lib/python3.9/site-packages/cv2/.dylibs/libSDL2-2.0.0.dylib (0x1362a4a98). This may cause spurious casting failures and mysterious crashes. One of the duplicates must be removed or renamed.
objc[88466]: Class SDL_CocoaClosure is implemented in both /Users/linmuyi/miniconda3/envs/llm_gs/lib/python3.9/site-packages/pygame/.dylibs/libSDL2-2.0.0.dylib (0x10c361520) and /Users/linmuyi/miniconda3/envs/llm_gs/lib/python3.9/site-packages/cv2/.dylibs/libSDL2-2.0.0.dylib (0x1362a4ae8). This may cause spurious casting failures and mysterious crashes. One of the duplicates must be removed or renamed.
objc[88466]: Class SDL_VideoData is implemented in both /Users/linmuyi/miniconda3/envs/llm_gs/lib/python3.9/site-packages/pygame/.dylibs/libSDL2-2.0.0.dylib (0x10c361570) and /Users/linmuyi/miniconda3/envs/llm_gs/lib/python3.9/site-packages/cv2/.dylibs/libSDL2-2.0.0.dylib (0x1362a4b38). This may cause spurious casting failures and mysterious crashes. One of the duplicates must be removed or renamed.
objc[88466]: Class SDL_WindowData is implemented in both /Users/linmuyi/miniconda3/envs/llm_gs/lib/python3.9/site-packages/pygame/.dylibs/libSDL2-2.0.0.dylib (0x10c3615c0) and /Users/linmuyi/miniconda3/envs/llm_gs/lib/python3.9/site-packages/cv2/.dylibs/libSDL2-2.0.0.dylib (0x1362a4b88). This may cause spurious casting failures and mysterious crashes. One of the duplicates must be removed or renamed.
objc[88466]: Class SDLWindow is implemented in both /Users/linmuyi/miniconda3/envs/llm_gs/lib/python3.9/site-packages/pygame/.dylibs/libSDL2-2.0.0.dylib (0x10c3615e8) and /Users/linmuyi/miniconda3/envs/llm_gs/lib/python3.9/site-packages/cv2/.dylibs/libSDL2-2.0.0.dylib (0x1362a4bb0). This may cause spurious casting failures and mysterious crashes. One of the duplicates must be removed or renamed.
objc[88466]: Class Cocoa_WindowListener is implemented in both /Users/linmuyi/miniconda3/envs/llm_gs/lib/python3.9/site-packages/pygame/.dylibs/libSDL2-2.0.0.dylib (0x10c361610) and /Users/linmuyi/miniconda3/envs/llm_gs/lib/python3.9/site-packages/cv2/.dylibs/libSDL2-2.0.0.dylib (0x1362a4bd8). This may cause spurious casting failures and mysterious crashes. One of the duplicates must be removed or renamed.
objc[88466]: Class SDLView is implemented in both /Users/linmuyi/miniconda3/envs/llm_gs/lib/python3.9/site-packages/pygame/.dylibs/libSDL2-2.0.0.dylib (0x10c361688) and /Users/linmuyi/miniconda3/envs/llm_gs/lib/python3.9/site-packages/cv2/.dylibs/libSDL2-2.0.0.dylib (0x1362a4c50). This may cause spurious casting failures and mysterious crashes. One of the duplicates must be removed or renamed.
objc[88466]: Class METAL_RenderData is implemented in both /Users/linmuyi/miniconda3/envs/llm_gs/lib/python3.9/site-packages/pygame/.dylibs/libSDL2-2.0.0.dylib (0x10c361700) and /Users/linmuyi/miniconda3/envs/llm_gs/lib/python3.9/site-packages/cv2/.dylibs/libSDL2-2.0.0.dylib (0x1362a4cc8). This may cause spurious casting failures and mysterious crashes. One of the duplicates must be removed or renamed.
objc[88466]: Class METAL_TextureData is implemented in both /Users/linmuyi/miniconda3/envs/llm_gs/lib/python3.9/site-packages/pygame/.dylibs/libSDL2-2.0.0.dylib (0x10c361750) and /Users/linmuyi/miniconda3/envs/llm_gs/lib/python3.9/site-packages/cv2/.dylibs/libSDL2-2.0.0.dylib (0x1362a4d18). This may cause spurious casting failures and mysterious crashes. One of the duplicates must be removed or renamed.
objc[88466]: Class SDL_RumbleMotor is implemented in both /Users/linmuyi/miniconda3/envs/llm_gs/lib/python3.9/site-packages/pygame/.dylibs/libSDL2-2.0.0.dylib (0x10c361778) and /Users/linmuyi/miniconda3/envs/llm_gs/lib/python3.9/site-packages/cv2/.dylibs/libSDL2-2.0.0.dylib (0x1362a4d40). This may cause spurious casting failures and mysterious crashes. One of the duplicates must be removed or renamed.
objc[88466]: Class SDL_RumbleContext is implemented in both /Users/linmuyi/miniconda3/envs/llm_gs/lib/python3.9/site-packages/pygame/.dylibs/libSDL2-2.0.0.dylib (0x10c3617c8) and /Users/linmuyi/miniconda3/envs/llm_gs/lib/python3.9/site-packages/cv2/.dylibs/libSDL2-2.0.0.dylib (0x1362a4d90). This may cause spurious casting failures and mysterious crashes. One of the duplicates must be removed or renamed.
[size_order] 1500000 steps, 30 checkpoints, curriculum

  steps=  50000  held=0.00  gate=0.00  bins=1/3  active= 30  (50s)
  steps= 100000  held=0.14  gate=0.11  bins=1/3  active= 30  (108s)
  steps= 150000  held=0.13  gate=0.29  bins=1/3  active= 30  (183s)
  steps= 200000  held=0.15  gate=0.35  bins=1/3  active= 30  (268s)
  steps= 250000  held=0.15  gate=0.28  bins=1/3  active= 30  (352s)
  steps= 300000  held=0.15  gate=0.35  bins=1/3  active= 30  (437s)
  steps= 350000  held=0.17  gate=0.46  bins=1/3  active= 30  (521s)
  steps= 400000  held=0.38  gate=0.46  bins=2/3  active= 60  [UNLOCK:deadline]  (599s)
  steps= 450000  held=0.43  gate=0.46  bins=2/3  active= 60  (681s)
  steps= 500000  held=0.42  gate=0.57  bins=3/3  active= 90  [UNLOCK:gate]  (757s)
  steps= 550000  held=0.52  gate=0.52  bins=3/3  active= 90  (822s)
  steps= 600000  held=0.73  gate=0.73  bins=3/3  active= 90  (878s)
  steps= 650000  held=0.81  gate=0.81  bins=3/3  active= 90  (932s)
  steps= 700000  held=0.75  gate=0.75  bins=3/3  active= 90  (984s)
  steps= 750000  held=0.78  gate=0.78  bins=3/3  active= 90  (1032s)
  steps= 800000  held=0.67  gate=0.67  bins=3/3  active= 90  (1086s)
  steps= 850000  held=0.76  gate=0.76  bins=3/3  active= 90  (1136s)
  steps= 900000  held=0.83  gate=0.83  bins=3/3  active= 90  (1184s)
  steps= 950000  held=0.85  gate=0.85  bins=3/3  active= 90  (1235s)
  steps=1000000  held=0.80  gate=0.80  bins=3/3  active= 90  (1286s)
  steps=1050000  held=0.85  gate=0.85  bins=3/3  active= 90  (1334s)
  steps=1100000  held=0.88  gate=0.88  bins=3/3  active= 90  (1383s)
  steps=1150000  held=0.72  gate=0.72  bins=3/3  active= 90  (1436s)
  steps=1200000  held=0.78  gate=0.78  bins=3/3  active= 90  (1488s)
  steps=1250000  held=0.77  gate=0.77  bins=3/3  active= 90  (1542s)
  steps=1300000  held=0.86  gate=0.86  bins=3/3  active= 90  (1590s)
  steps=1350000  held=0.72  gate=0.72  bins=3/3  active= 90  (1645s)
  steps=1400000  held=0.75  gate=0.75  bins=3/3  active= 90  (1697s)
  steps=1450000  held=0.80  gate=0.80  bins=3/3  active= 90  (1747s)
  steps=1500000  held=0.61  gate=0.61  bins=3/3  active= 90  (1806s)

[size_order] DONE  final held=0.61  steps_to_0.3=400,000  wall=1806s  -> size_order_seed29.json
[size_order] per-cell held: s9N1=0.56  s9N2=0.25  s9N3=0.44  s13N1=0.75  s13N2=0.62  s13N3=0.50  s17N1=0.75  s17N2=0.75  s17N3=0.88
