[size_order] train=90 layouts  held-out=36 layouts
objc[23061]: Class SDLApplication is implemented in both /Users/linmuyi/miniconda3/envs/llm_gs/lib/python3.9/site-packages/pygame/.dylibs/libSDL2-2.0.0.dylib (0x10794d2c8) and /Users/linmuyi/miniconda3/envs/llm_gs/lib/python3.9/site-packages/cv2/.dylibs/libSDL2-2.0.0.dylib (0x12f83c890). This may cause spurious casting failures and mysterious crashes. One of the duplicates must be removed or renamed.
objc[23061]: Class SDLAppDelegate is implemented in both /Users/linmuyi/miniconda3/envs/llm_gs/lib/python3.9/site-packages/pygame/.dylibs/libSDL2-2.0.0.dylib (0x10794d318) and /Users/linmuyi/miniconda3/envs/llm_gs/lib/python3.9/site-packages/cv2/.dylibs/libSDL2-2.0.0.dylib (0x12f83c8e0). This may cause spurious casting failures and mysterious crashes. One of the duplicates must be removed or renamed.
objc[23061]: Class SDLTranslatorResponder is implemented in both /Users/linmuyi/miniconda3/envs/llm_gs/lib/python3.9/site-packages/pygame/.dylibs/libSDL2-2.0.0.dylib (0x10794d390) and /Users/linmuyi/miniconda3/envs/llm_gs/lib/python3.9/site-packages/cv2/.dylibs/libSDL2-2.0.0.dylib (0x12f83c958). This may cause spurious casting failures and mysterious crashes. One of the duplicates must be removed or renamed.
objc[23061]: Class SDLMessageBoxPresenter is implemented in both /Users/linmuyi/miniconda3/envs/llm_gs/lib/python3.9/site-packages/pygame/.dylibs/libSDL2-2.0.0.dylib (0x10794d3b8) and /Users/linmuyi/miniconda3/envs/llm_gs/lib/python3.9/site-packages/cv2/.dylibs/libSDL2-2.0.0.dylib (0x12f83c980). This may cause spurious casting failures and mysterious crashes. One of the duplicates must be removed or renamed.
objc[23061]: Class SDL_cocoametalview is implemented in both /Users/linmuyi/miniconda3/envs/llm_gs/lib/python3.9/site-packages/pygame/.dylibs/libSDL2-2.0.0.dylib (0x10794d408) and /Users/linmuyi/miniconda3/envs/llm_gs/lib/python3.9/site-packages/cv2/.dylibs/libSDL2-2.0.0.dylib (0x12f83c9d0). This may cause spurious casting failures and mysterious crashes. One of the duplicates must be removed or renamed.
objc[23061]: Class SDLOpenGLContext is implemented in both /Users/linmuyi/miniconda3/envs/llm_gs/lib/python3.9/site-packages/pygame/.dylibs/libSDL2-2.0.0.dylib (0x10794d458) and /Users/linmuyi/miniconda3/envs/llm_gs/lib/python3.9/site-packages/cv2/.dylibs/libSDL2-2.0.0.dylib (0x12f83ca20). This may cause spurious casting failures and mysterious crashes. One of the duplicates must be removed or renamed.
objc[23061]: Class SDL_ShapeData is implemented in both /Users/linmuyi/miniconda3/envs/llm_gs/lib/python3.9/site-packages/pygame/.dylibs/libSDL2-2.0.0.dylib (0x10794d4d0) and /Users/linmuyi/miniconda3/envs/llm_gs/lib/python3.9/site-packages/cv2/.dylibs/libSDL2-2.0.0.dylib (0x12f83ca98). This may cause spurious casting failures and mysterious crashes. One of the duplicates must be removed or renamed.
objc[23061]: Class SDL_CocoaClosure is implemented in both /Users/linmuyi/miniconda3/envs/llm_gs/lib/python3.9/site-packages/pygame/.dylibs/libSDL2-2.0.0.dylib (0x10794d520) and /Users/linmuyi/miniconda3/envs/llm_gs/lib/python3.9/site-packages/cv2/.dylibs/libSDL2-2.0.0.dylib (0x12f83cae8). This may cause spurious casting failures and mysterious crashes. One of the duplicates must be removed or renamed.
objc[23061]: Class SDL_VideoData is implemented in both /Users/linmuyi/miniconda3/envs/llm_gs/lib/python3.9/site-packages/pygame/.dylibs/libSDL2-2.0.0.dylib (0x10794d570) and /Users/linmuyi/miniconda3/envs/llm_gs/lib/python3.9/site-packages/cv2/.dylibs/libSDL2-2.0.0.dylib (0x12f83cb38). This may cause spurious casting failures and mysterious crashes. One of the duplicates must be removed or renamed.
objc[23061]: Class SDL_WindowData is implemented in both /Users/linmuyi/miniconda3/envs/llm_gs/lib/python3.9/site-packages/pygame/.dylibs/libSDL2-2.0.0.dylib (0x10794d5c0) and /Users/linmuyi/miniconda3/envs/llm_gs/lib/python3.9/site-packages/cv2/.dylibs/libSDL2-2.0.0.dylib (0x12f83cb88). This may cause spurious casting failures and mysterious crashes. One of the duplicates must be removed or renamed.
objc[23061]: Class SDLWindow is implemented in both /Users/linmuyi/miniconda3/envs/llm_gs/lib/python3.9/site-packages/pygame/.dylibs/libSDL2-2.0.0.dylib (0x10794d5e8) and /Users/linmuyi/miniconda3/envs/llm_gs/lib/python3.9/site-packages/cv2/.dylibs/libSDL2-2.0.0.dylib (0x12f83cbb0). This may cause spurious casting failures and mysterious crashes. One of the duplicates must be removed or renamed.
objc[23061]: Class Cocoa_WindowListener is implemented in both /Users/linmuyi/miniconda3/envs/llm_gs/lib/python3.9/site-packages/pygame/.dylibs/libSDL2-2.0.0.dylib (0x10794d610) and /Users/linmuyi/miniconda3/envs/llm_gs/lib/python3.9/site-packages/cv2/.dylibs/libSDL2-2.0.0.dylib (0x12f83cbd8). This may cause spurious casting failures and mysterious crashes. One of the duplicates must be removed or renamed.
objc[23061]: Class SDLView is implemented in both /Users/linmuyi/miniconda3/envs/llm_gs/lib/python3.9/site-packages/pygame/.dylibs/libSDL2-2.0.0.dylib (0x10794d688) and /Users/linmuyi/miniconda3/envs/llm_gs/lib/python3.9/site-packages/cv2/.dylibs/libSDL2-2.0.0.dylib (0x12f83cc50). This may cause spurious casting failures and mysterious crashes. One of the duplicates must be removed or renamed.
objc[23061]: Class METAL_RenderData is implemented in both /Users/linmuyi/miniconda3/envs/llm_gs/lib/python3.9/site-packages/pygame/.dylibs/libSDL2-2.0.0.dylib (0x10794d700) and /Users/linmuyi/miniconda3/envs/llm_gs/lib/python3.9/site-packages/cv2/.dylibs/libSDL2-2.0.0.dylib (0x12f83ccc8). This may cause spurious casting failures and mysterious crashes. One of the duplicates must be removed or renamed.
objc[23061]: Class METAL_TextureData is implemented in both /Users/linmuyi/miniconda3/envs/llm_gs/lib/python3.9/site-packages/pygame/.dylibs/libSDL2-2.0.0.dylib (0x10794d750) and /Users/linmuyi/miniconda3/envs/llm_gs/lib/python3.9/site-packages/cv2/.dylibs/libSDL2-2.0.0.dylib (0x12f83cd18). This may cause spurious casting failures and mysterious crashes. One of the duplicates must be removed or renamed.
objc[23061]: Class SDL_RumbleMotor is implemented in both /Users/linmuyi/miniconda3/envs/llm_gs/lib/python3.9/site-packages/pygame/.dylibs/libSDL2-2.0.0.dylib (0x10794d778) and /Users/linmuyi/miniconda3/envs/llm_gs/lib/python3.9/site-packages/cv2/.dylibs/libSDL2-2.0.0.dylib (0x12f83cd40). This may cause spurious casting failures and mysterious crashes. One of the duplicates must be removed or renamed.
objc[23061]: Class SDL_RumbleContext is implemented in both /Users/linmuyi/miniconda3/envs/llm_gs/lib/python3.9/site-packages/pygame/.dylibs/libSDL2-2.0.0.dylib (0x10794d7c8) and /Users/linmuyi/miniconda3/envs/llm_gs/lib/python3.9/site-packages/cv2/.dylibs/libSDL2-2.0.0.dylib (0x12f83cd90). This may cause spurious casting failures and mysterious crashes. One of the duplicates must be removed or renamed.
[size_order] 1500000 steps, 30 checkpoints, curriculum

  steps=  50000  held=0.00  gate=0.03  bins=1/3  active= 30  (36s)
  steps= 100000  held=0.00  gate=0.00  bins=1/3  active= 30  (75s)
  steps= 150000  held=0.03  gate=0.10  bins=1/3  active= 30  (109s)
  steps= 200000  held=0.14  gate=0.21  bins=1/3  active= 30  (141s)
  steps= 250000  held=0.00  gate=0.04  bins=1/3  active= 30  (199s)
  steps= 300000  held=0.03  gate=0.17  bins=1/3  active= 30  (236s)
  steps= 350000  held=0.14  gate=0.22  bins=1/3  active= 30  (285s)
  steps= 400000  held=0.29  gate=0.31  bins=2/3  active= 60  [UNLOCK:deadline]  (334s)
  steps= 450000  held=0.38  gate=0.39  bins=2/3  active= 60  (380s)
  steps= 500000  held=0.43  gate=0.44  bins=2/3  active= 60  (434s)
  steps= 550000  held=0.44  gate=0.25  bins=2/3  active= 60  (487s)
  steps= 600000  held=0.41  gate=0.50  bins=2/3  active= 60  (538s)
  steps= 650000  held=0.69  gate=0.71  bins=3/3  active= 90  [UNLOCK:gate]  (584s)
  steps= 700000  held=0.67  gate=0.67  bins=3/3  active= 90  (624s)
  steps= 750000  held=0.70  gate=0.70  bins=3/3  active= 90  (662s)
  steps= 800000  held=0.64  gate=0.64  bins=3/3  active= 90  (703s)
  steps= 850000  held=0.54  gate=0.54  bins=3/3  active= 90  (746s)
  steps= 900000  held=0.67  gate=0.67  bins=3/3  active= 90  (786s)
  steps= 950000  held=0.70  gate=0.70  bins=3/3  active= 90  (823s)
  steps=1000000  held=0.71  gate=0.71  bins=3/3  active= 90  (860s)
  steps=1050000  held=0.67  gate=0.67  bins=3/3  active= 90  (897s)
  steps=1100000  held=0.71  gate=0.71  bins=3/3  active= 90  (933s)
  steps=1150000  held=0.67  gate=0.67  bins=3/3  active= 90  (971s)
  steps=1200000  held=0.68  gate=0.68  bins=3/3  active= 90  (1006s)
  steps=1250000  held=0.74  gate=0.74  bins=3/3  active= 90  (1040s)
  steps=1300000  held=0.74  gate=0.74  bins=3/3  active= 90  (1075s)
  steps=1350000  held=0.67  gate=0.67  bins=3/3  active= 90  (1112s)
  steps=1400000  held=0.83  gate=0.83  bins=3/3  active= 90  (1144s)
  steps=1450000  held=0.70  gate=0.70  bins=3/3  active= 90  (1179s)
  steps=1500000  held=0.83  gate=0.83  bins=3/3  active= 90  (1213s)

[size_order] DONE  final held=0.83  steps_to_0.3=450,000  wall=1213s  -> size_order_seed2.json
[size_order] per-cell held: s9N1=1.00  s9N2=0.69  s9N3=0.44  s13N1=1.00  s13N2=0.94  s13N3=0.75  s17N1=0.94  s17N2=1.00  s17N3=0.75
