[grader] train=90 layouts  held-out=36 layouts
objc[59629]: Class SDLApplication is implemented in both /Users/linmuyi/miniconda3/envs/llm_gs/lib/python3.9/site-packages/pygame/.dylibs/libSDL2-2.0.0.dylib (0x1031792c8) and /Users/linmuyi/miniconda3/envs/llm_gs/lib/python3.9/site-packages/cv2/.dylibs/libSDL2-2.0.0.dylib (0x16bf6c890). This may cause spurious casting failures and mysterious crashes. One of the duplicates must be removed or renamed.
objc[59629]: Class SDLAppDelegate is implemented in both /Users/linmuyi/miniconda3/envs/llm_gs/lib/python3.9/site-packages/pygame/.dylibs/libSDL2-2.0.0.dylib (0x103179318) and /Users/linmuyi/miniconda3/envs/llm_gs/lib/python3.9/site-packages/cv2/.dylibs/libSDL2-2.0.0.dylib (0x16bf6c8e0). This may cause spurious casting failures and mysterious crashes. One of the duplicates must be removed or renamed.
objc[59629]: Class SDLTranslatorResponder is implemented in both /Users/linmuyi/miniconda3/envs/llm_gs/lib/python3.9/site-packages/pygame/.dylibs/libSDL2-2.0.0.dylib (0x103179390) and /Users/linmuyi/miniconda3/envs/llm_gs/lib/python3.9/site-packages/cv2/.dylibs/libSDL2-2.0.0.dylib (0x16bf6c958). This may cause spurious casting failures and mysterious crashes. One of the duplicates must be removed or renamed.
objc[59629]: Class SDLMessageBoxPresenter is implemented in both /Users/linmuyi/miniconda3/envs/llm_gs/lib/python3.9/site-packages/pygame/.dylibs/libSDL2-2.0.0.dylib (0x1031793b8) and /Users/linmuyi/miniconda3/envs/llm_gs/lib/python3.9/site-packages/cv2/.dylibs/libSDL2-2.0.0.dylib (0x16bf6c980). This may cause spurious casting failures and mysterious crashes. One of the duplicates must be removed or renamed.
objc[59629]: Class SDL_cocoametalview is implemented in both /Users/linmuyi/miniconda3/envs/llm_gs/lib/python3.9/site-packages/pygame/.dylibs/libSDL2-2.0.0.dylib (0x103179408) and /Users/linmuyi/miniconda3/envs/llm_gs/lib/python3.9/site-packages/cv2/.dylibs/libSDL2-2.0.0.dylib (0x16bf6c9d0). This may cause spurious casting failures and mysterious crashes. One of the duplicates must be removed or renamed.
objc[59629]: Class SDLOpenGLContext is implemented in both /Users/linmuyi/miniconda3/envs/llm_gs/lib/python3.9/site-packages/pygame/.dylibs/libSDL2-2.0.0.dylib (0x103179458) and /Users/linmuyi/miniconda3/envs/llm_gs/lib/python3.9/site-packages/cv2/.dylibs/libSDL2-2.0.0.dylib (0x16bf6ca20). This may cause spurious casting failures and mysterious crashes. One of the duplicates must be removed or renamed.
objc[59629]: Class SDL_ShapeData is implemented in both /Users/linmuyi/miniconda3/envs/llm_gs/lib/python3.9/site-packages/pygame/.dylibs/libSDL2-2.0.0.dylib (0x1031794d0) and /Users/linmuyi/miniconda3/envs/llm_gs/lib/python3.9/site-packages/cv2/.dylibs/libSDL2-2.0.0.dylib (0x16bf6ca98). This may cause spurious casting failures and mysterious crashes. One of the duplicates must be removed or renamed.
objc[59629]: Class SDL_CocoaClosure is implemented in both /Users/linmuyi/miniconda3/envs/llm_gs/lib/python3.9/site-packages/pygame/.dylibs/libSDL2-2.0.0.dylib (0x103179520) and /Users/linmuyi/miniconda3/envs/llm_gs/lib/python3.9/site-packages/cv2/.dylibs/libSDL2-2.0.0.dylib (0x16bf6cae8). This may cause spurious casting failures and mysterious crashes. One of the duplicates must be removed or renamed.
objc[59629]: Class SDL_VideoData is implemented in both /Users/linmuyi/miniconda3/envs/llm_gs/lib/python3.9/site-packages/pygame/.dylibs/libSDL2-2.0.0.dylib (0x103179570) and /Users/linmuyi/miniconda3/envs/llm_gs/lib/python3.9/site-packages/cv2/.dylibs/libSDL2-2.0.0.dylib (0x16bf6cb38). This may cause spurious casting failures and mysterious crashes. One of the duplicates must be removed or renamed.
objc[59629]: Class SDL_WindowData is implemented in both /Users/linmuyi/miniconda3/envs/llm_gs/lib/python3.9/site-packages/pygame/.dylibs/libSDL2-2.0.0.dylib (0x1031795c0) and /Users/linmuyi/miniconda3/envs/llm_gs/lib/python3.9/site-packages/cv2/.dylibs/libSDL2-2.0.0.dylib (0x16bf6cb88). This may cause spurious casting failures and mysterious crashes. One of the duplicates must be removed or renamed.
objc[59629]: Class SDLWindow is implemented in both /Users/linmuyi/miniconda3/envs/llm_gs/lib/python3.9/site-packages/pygame/.dylibs/libSDL2-2.0.0.dylib (0x1031795e8) and /Users/linmuyi/miniconda3/envs/llm_gs/lib/python3.9/site-packages/cv2/.dylibs/libSDL2-2.0.0.dylib (0x16bf6cbb0). This may cause spurious casting failures and mysterious crashes. One of the duplicates must be removed or renamed.
objc[59629]: Class Cocoa_WindowListener is implemented in both /Users/linmuyi/miniconda3/envs/llm_gs/lib/python3.9/site-packages/pygame/.dylibs/libSDL2-2.0.0.dylib (0x103179610) and /Users/linmuyi/miniconda3/envs/llm_gs/lib/python3.9/site-packages/cv2/.dylibs/libSDL2-2.0.0.dylib (0x16bf6cbd8). This may cause spurious casting failures and mysterious crashes. One of the duplicates must be removed or renamed.
objc[59629]: Class SDLView is implemented in both /Users/linmuyi/miniconda3/envs/llm_gs/lib/python3.9/site-packages/pygame/.dylibs/libSDL2-2.0.0.dylib (0x103179688) and /Users/linmuyi/miniconda3/envs/llm_gs/lib/python3.9/site-packages/cv2/.dylibs/libSDL2-2.0.0.dylib (0x16bf6cc50). This may cause spurious casting failures and mysterious crashes. One of the duplicates must be removed or renamed.
objc[59629]: Class METAL_RenderData is implemented in both /Users/linmuyi/miniconda3/envs/llm_gs/lib/python3.9/site-packages/pygame/.dylibs/libSDL2-2.0.0.dylib (0x103179700) and /Users/linmuyi/miniconda3/envs/llm_gs/lib/python3.9/site-packages/cv2/.dylibs/libSDL2-2.0.0.dylib (0x16bf6ccc8). This may cause spurious casting failures and mysterious crashes. One of the duplicates must be removed or renamed.
objc[59629]: Class METAL_TextureData is implemented in both /Users/linmuyi/miniconda3/envs/llm_gs/lib/python3.9/site-packages/pygame/.dylibs/libSDL2-2.0.0.dylib (0x103179750) and /Users/linmuyi/miniconda3/envs/llm_gs/lib/python3.9/site-packages/cv2/.dylibs/libSDL2-2.0.0.dylib (0x16bf6cd18). This may cause spurious casting failures and mysterious crashes. One of the duplicates must be removed or renamed.
objc[59629]: Class SDL_RumbleMotor is implemented in both /Users/linmuyi/miniconda3/envs/llm_gs/lib/python3.9/site-packages/pygame/.dylibs/libSDL2-2.0.0.dylib (0x103179778) and /Users/linmuyi/miniconda3/envs/llm_gs/lib/python3.9/site-packages/cv2/.dylibs/libSDL2-2.0.0.dylib (0x16bf6cd40). This may cause spurious casting failures and mysterious crashes. One of the duplicates must be removed or renamed.
objc[59629]: Class SDL_RumbleContext is implemented in both /Users/linmuyi/miniconda3/envs/llm_gs/lib/python3.9/site-packages/pygame/.dylibs/libSDL2-2.0.0.dylib (0x1031797c8) and /Users/linmuyi/miniconda3/envs/llm_gs/lib/python3.9/site-packages/cv2/.dylibs/libSDL2-2.0.0.dylib (0x16bf6cd90). This may cause spurious casting failures and mysterious crashes. One of the duplicates must be removed or renamed.
[grader] 1500000 steps, 30 checkpoints, curriculum

  steps=  50000  held=0.01  gate=0.03  bins=1/3  active= 30  (45s)
  steps= 100000  held=0.01  gate=0.01  bins=1/3  active= 30  (90s)
  steps= 150000  held=0.10  gate=0.15  bins=1/3  active= 30  (126s)
  steps= 200000  held=0.13  gate=0.11  bins=1/3  active= 30  (170s)
  steps= 250000  held=0.14  gate=0.33  bins=1/3  active= 30  (215s)
  steps= 300000  held=0.06  gate=0.24  bins=1/3  active= 30  (269s)
  steps= 350000  held=0.11  gate=0.17  bins=1/3  active= 30  (320s)
  steps= 400000  held=0.24  gate=0.39  bins=2/3  active= 60  [UNLOCK:deadline]  (363s)
  steps= 450000  held=0.19  gate=0.19  bins=2/3  active= 60  (404s)
  steps= 500000  held=0.11  gate=0.26  bins=2/3  active= 60  (465s)
  steps= 550000  held=0.49  gate=0.57  bins=3/3  active= 90  [UNLOCK:gate]  (508s)
  steps= 600000  held=0.32  gate=0.32  bins=3/3  active= 90  (556s)
  steps= 650000  held=0.15  gate=0.15  bins=3/3  active= 90  (610s)
  steps= 700000  held=0.25  gate=0.25  bins=3/3  active= 90  (655s)
  steps= 750000  held=0.22  gate=0.22  bins=3/3  active= 90  (703s)
  steps= 800000  held=0.39  gate=0.39  bins=3/3  active= 90  (748s)
  steps= 850000  held=0.55  gate=0.55  bins=3/3  active= 90  (791s)
  steps= 900000  held=0.63  gate=0.63  bins=3/3  active= 90  (828s)
  steps= 950000  held=0.67  gate=0.67  bins=3/3  active= 90  (867s)
  steps=1000000  held=0.67  gate=0.67  bins=3/3  active= 90  (903s)
  steps=1050000  held=0.73  gate=0.73  bins=3/3  active= 90  (937s)
  steps=1100000  held=0.65  gate=0.65  bins=3/3  active= 90  (975s)
  steps=1150000  held=0.69  gate=0.69  bins=3/3  active= 90  (1011s)
  steps=1200000  held=0.66  gate=0.66  bins=3/3  active= 90  (1048s)
  steps=1250000  held=0.67  gate=0.67  bins=3/3  active= 90  (1084s)
  steps=1300000  held=0.68  gate=0.68  bins=3/3  active= 90  (1122s)
  steps=1350000  held=0.68  gate=0.68  bins=3/3  active= 90  (1159s)
  steps=1400000  held=0.70  gate=0.70  bins=3/3  active= 90  (1194s)
  steps=1450000  held=0.76  gate=0.76  bins=3/3  active= 90  (1230s)
  steps=1500000  held=0.81  gate=0.81  bins=3/3  active= 90  (1265s)

[grader] DONE  final held=0.81  steps_to_0.3=550,000  wall=1265s  -> grader_seed8.json
[grader] per-cell held: s9N1=0.94  s9N2=0.75  s9N3=0.69  s13N1=1.00  s13N2=1.00  s13N3=0.31  s17N1=0.81  s17N2=1.00  s17N3=0.75
