[size_order] train=90 layouts  held-out=36 layouts
objc[41438]: Class SDLApplication is implemented in both /Users/linmuyi/miniconda3/envs/llm_gs/lib/python3.9/site-packages/pygame/.dylibs/libSDL2-2.0.0.dylib (0x1048b92c8) and /Users/linmuyi/miniconda3/envs/llm_gs/lib/python3.9/site-packages/cv2/.dylibs/libSDL2-2.0.0.dylib (0x12f858890). This may cause spurious casting failures and mysterious crashes. One of the duplicates must be removed or renamed.
objc[41438]: Class SDLAppDelegate is implemented in both /Users/linmuyi/miniconda3/envs/llm_gs/lib/python3.9/site-packages/pygame/.dylibs/libSDL2-2.0.0.dylib (0x1048b9318) and /Users/linmuyi/miniconda3/envs/llm_gs/lib/python3.9/site-packages/cv2/.dylibs/libSDL2-2.0.0.dylib (0x12f8588e0). This may cause spurious casting failures and mysterious crashes. One of the duplicates must be removed or renamed.
objc[41438]: Class SDLTranslatorResponder is implemented in both /Users/linmuyi/miniconda3/envs/llm_gs/lib/python3.9/site-packages/pygame/.dylibs/libSDL2-2.0.0.dylib (0x1048b9390) and /Users/linmuyi/miniconda3/envs/llm_gs/lib/python3.9/site-packages/cv2/.dylibs/libSDL2-2.0.0.dylib (0x12f858958). This may cause spurious casting failures and mysterious crashes. One of the duplicates must be removed or renamed.
objc[41438]: Class SDLMessageBoxPresenter is implemented in both /Users/linmuyi/miniconda3/envs/llm_gs/lib/python3.9/site-packages/pygame/.dylibs/libSDL2-2.0.0.dylib (0x1048b93b8) and /Users/linmuyi/miniconda3/envs/llm_gs/lib/python3.9/site-packages/cv2/.dylibs/libSDL2-2.0.0.dylib (0x12f858980). This may cause spurious casting failures and mysterious crashes. One of the duplicates must be removed or renamed.
objc[41438]: Class SDL_cocoametalview is implemented in both /Users/linmuyi/miniconda3/envs/llm_gs/lib/python3.9/site-packages/pygame/.dylibs/libSDL2-2.0.0.dylib (0x1048b9408) and /Users/linmuyi/miniconda3/envs/llm_gs/lib/python3.9/site-packages/cv2/.dylibs/libSDL2-2.0.0.dylib (0x12f8589d0). This may cause spurious casting failures and mysterious crashes. One of the duplicates must be removed or renamed.
objc[41438]: Class SDLOpenGLContext is implemented in both /Users/linmuyi/miniconda3/envs/llm_gs/lib/python3.9/site-packages/pygame/.dylibs/libSDL2-2.0.0.dylib (0x1048b9458) and /Users/linmuyi/miniconda3/envs/llm_gs/lib/python3.9/site-packages/cv2/.dylibs/libSDL2-2.0.0.dylib (0x12f858a20). This may cause spurious casting failures and mysterious crashes. One of the duplicates must be removed or renamed.
objc[41438]: Class SDL_ShapeData is implemented in both /Users/linmuyi/miniconda3/envs/llm_gs/lib/python3.9/site-packages/pygame/.dylibs/libSDL2-2.0.0.dylib (0x1048b94d0) and /Users/linmuyi/miniconda3/envs/llm_gs/lib/python3.9/site-packages/cv2/.dylibs/libSDL2-2.0.0.dylib (0x12f858a98). This may cause spurious casting failures and mysterious crashes. One of the duplicates must be removed or renamed.
objc[41438]: Class SDL_CocoaClosure is implemented in both /Users/linmuyi/miniconda3/envs/llm_gs/lib/python3.9/site-packages/pygame/.dylibs/libSDL2-2.0.0.dylib (0x1048b9520) and /Users/linmuyi/miniconda3/envs/llm_gs/lib/python3.9/site-packages/cv2/.dylibs/libSDL2-2.0.0.dylib (0x12f858ae8). This may cause spurious casting failures and mysterious crashes. One of the duplicates must be removed or renamed.
objc[41438]: Class SDL_VideoData is implemented in both /Users/linmuyi/miniconda3/envs/llm_gs/lib/python3.9/site-packages/pygame/.dylibs/libSDL2-2.0.0.dylib (0x1048b9570) and /Users/linmuyi/miniconda3/envs/llm_gs/lib/python3.9/site-packages/cv2/.dylibs/libSDL2-2.0.0.dylib (0x12f858b38). This may cause spurious casting failures and mysterious crashes. One of the duplicates must be removed or renamed.
objc[41438]: Class SDL_WindowData is implemented in both /Users/linmuyi/miniconda3/envs/llm_gs/lib/python3.9/site-packages/pygame/.dylibs/libSDL2-2.0.0.dylib (0x1048b95c0) and /Users/linmuyi/miniconda3/envs/llm_gs/lib/python3.9/site-packages/cv2/.dylibs/libSDL2-2.0.0.dylib (0x12f858b88). This may cause spurious casting failures and mysterious crashes. One of the duplicates must be removed or renamed.
objc[41438]: Class SDLWindow is implemented in both /Users/linmuyi/miniconda3/envs/llm_gs/lib/python3.9/site-packages/pygame/.dylibs/libSDL2-2.0.0.dylib (0x1048b95e8) and /Users/linmuyi/miniconda3/envs/llm_gs/lib/python3.9/site-packages/cv2/.dylibs/libSDL2-2.0.0.dylib (0x12f858bb0). This may cause spurious casting failures and mysterious crashes. One of the duplicates must be removed or renamed.
objc[41438]: Class Cocoa_WindowListener is implemented in both /Users/linmuyi/miniconda3/envs/llm_gs/lib/python3.9/site-packages/pygame/.dylibs/libSDL2-2.0.0.dylib (0x1048b9610) and /Users/linmuyi/miniconda3/envs/llm_gs/lib/python3.9/site-packages/cv2/.dylibs/libSDL2-2.0.0.dylib (0x12f858bd8). This may cause spurious casting failures and mysterious crashes. One of the duplicates must be removed or renamed.
objc[41438]: Class SDLView is implemented in both /Users/linmuyi/miniconda3/envs/llm_gs/lib/python3.9/site-packages/pygame/.dylibs/libSDL2-2.0.0.dylib (0x1048b9688) and /Users/linmuyi/miniconda3/envs/llm_gs/lib/python3.9/site-packages/cv2/.dylibs/libSDL2-2.0.0.dylib (0x12f858c50). This may cause spurious casting failures and mysterious crashes. One of the duplicates must be removed or renamed.
objc[41438]: Class METAL_RenderData is implemented in both /Users/linmuyi/miniconda3/envs/llm_gs/lib/python3.9/site-packages/pygame/.dylibs/libSDL2-2.0.0.dylib (0x1048b9700) and /Users/linmuyi/miniconda3/envs/llm_gs/lib/python3.9/site-packages/cv2/.dylibs/libSDL2-2.0.0.dylib (0x12f858cc8). This may cause spurious casting failures and mysterious crashes. One of the duplicates must be removed or renamed.
objc[41438]: Class METAL_TextureData is implemented in both /Users/linmuyi/miniconda3/envs/llm_gs/lib/python3.9/site-packages/pygame/.dylibs/libSDL2-2.0.0.dylib (0x1048b9750) and /Users/linmuyi/miniconda3/envs/llm_gs/lib/python3.9/site-packages/cv2/.dylibs/libSDL2-2.0.0.dylib (0x12f858d18). This may cause spurious casting failures and mysterious crashes. One of the duplicates must be removed or renamed.
objc[41438]: Class SDL_RumbleMotor is implemented in both /Users/linmuyi/miniconda3/envs/llm_gs/lib/python3.9/site-packages/pygame/.dylibs/libSDL2-2.0.0.dylib (0x1048b9778) and /Users/linmuyi/miniconda3/envs/llm_gs/lib/python3.9/site-packages/cv2/.dylibs/libSDL2-2.0.0.dylib (0x12f858d40). This may cause spurious casting failures and mysterious crashes. One of the duplicates must be removed or renamed.
objc[41438]: Class SDL_RumbleContext is implemented in both /Users/linmuyi/miniconda3/envs/llm_gs/lib/python3.9/site-packages/pygame/.dylibs/libSDL2-2.0.0.dylib (0x1048b97c8) and /Users/linmuyi/miniconda3/envs/llm_gs/lib/python3.9/site-packages/cv2/.dylibs/libSDL2-2.0.0.dylib (0x12f858d90). This may cause spurious casting failures and mysterious crashes. One of the duplicates must be removed or renamed.
[size_order] 1500000 steps, 30 checkpoints, curriculum

  steps=  50000  held=0.00  gate=0.01  bins=1/3  active= 30  (32s)
  steps= 100000  held=0.06  gate=0.14  bins=1/3  active= 30  (63s)
  steps= 150000  held=0.14  gate=0.11  bins=1/3  active= 30  (94s)
  steps= 200000  held=0.14  gate=0.22  bins=1/3  active= 30  (135s)
  steps= 250000  held=0.03  gate=0.14  bins=1/3  active= 30  (191s)
  steps= 300000  held=0.14  gate=0.22  bins=1/3  active= 30  (232s)
  steps= 350000  held=0.14  gate=0.22  bins=1/3  active= 30  (272s)
  steps= 400000  held=0.14  gate=0.28  bins=2/3  active= 60  [UNLOCK:deadline]  (314s)
  steps= 450000  held=0.03  gate=0.17  bins=2/3  active= 60  (372s)
  steps= 500000  held=0.09  gate=0.00  bins=2/3  active= 60  (424s)
  steps= 550000  held=0.12  gate=0.19  bins=2/3  active= 60  (479s)
  steps= 600000  held=0.01  gate=0.01  bins=2/3  active= 60  (540s)
  steps= 650000  held=0.03  gate=0.08  bins=2/3  active= 60  (590s)
  steps= 700000  held=0.01  gate=0.04  bins=2/3  active= 60  (652s)
  steps= 750000  held=0.00  gate=0.00  bins=2/3  active= 60  (714s)
  steps= 800000  held=0.01  gate=0.03  bins=3/3  active= 90  [UNLOCK:deadline]  (769s)
  steps= 850000  held=0.09  gate=0.09  bins=3/3  active= 90  (816s)
  steps= 900000  held=0.00  gate=0.00  bins=3/3  active= 90  (869s)
  steps= 950000  held=0.01  gate=0.01  bins=3/3  active= 90  (922s)
  steps=1000000  held=0.00  gate=0.00  bins=3/3  active= 90  (970s)
  steps=1050000  held=0.02  gate=0.02  bins=3/3  active= 90  (1000s)
  steps=1100000  held=0.01  gate=0.01  bins=3/3  active= 90  (1044s)
  steps=1150000  held=0.03  gate=0.03  bins=3/3  active= 90  (1091s)
  steps=1200000  held=0.00  gate=0.00  bins=3/3  active= 90  (1130s)
  steps=1250000  held=0.00  gate=0.00  bins=3/3  active= 90  (1159s)
  steps=1300000  held=0.00  gate=0.00  bins=3/3  active= 90  (1192s)
  steps=1350000  held=0.00  gate=0.00  bins=3/3  active= 90  (1237s)
  steps=1400000  held=0.00  gate=0.00  bins=3/3  active= 90  (1275s)
  steps=1450000  held=0.00  gate=0.00  bins=3/3  active= 90  (1321s)
  steps=1500000  held=0.00  gate=0.00  bins=3/3  active= 90  (1369s)

[size_order] DONE  final held=0.00  steps_to_0.3=NOT REACHED  wall=1369s  -> size_order_seed5.json
[size_order] per-cell held: s9N1=0.00  s9N2=0.00  s9N3=0.00  s13N1=0.00  s13N2=0.00  s13N3=0.00  s17N1=0.00  s17N2=0.00  s17N3=0.00
