[size_order] train=90 layouts  held-out=36 layouts
objc[23517]: Class SDLApplication is implemented in both /Users/linmuyi/miniconda3/envs/llm_gs/lib/python3.9/site-packages/pygame/.dylibs/libSDL2-2.0.0.dylib (0x1030b52c8) and /Users/linmuyi/miniconda3/envs/llm_gs/lib/python3.9/site-packages/cv2/.dylibs/libSDL2-2.0.0.dylib (0x150e0c890). This may cause spurious casting failures and mysterious crashes. One of the duplicates must be removed or renamed.
objc[23517]: Class SDLAppDelegate is implemented in both /Users/linmuyi/miniconda3/envs/llm_gs/lib/python3.9/site-packages/pygame/.dylibs/libSDL2-2.0.0.dylib (0x1030b5318) and /Users/linmuyi/miniconda3/envs/llm_gs/lib/python3.9/site-packages/cv2/.dylibs/libSDL2-2.0.0.dylib (0x150e0c8e0). This may cause spurious casting failures and mysterious crashes. One of the duplicates must be removed or renamed.
objc[23517]: Class SDLTranslatorResponder is implemented in both /Users/linmuyi/miniconda3/envs/llm_gs/lib/python3.9/site-packages/pygame/.dylibs/libSDL2-2.0.0.dylib (0x1030b5390) and /Users/linmuyi/miniconda3/envs/llm_gs/lib/python3.9/site-packages/cv2/.dylibs/libSDL2-2.0.0.dylib (0x150e0c958). This may cause spurious casting failures and mysterious crashes. One of the duplicates must be removed or renamed.
objc[23517]: Class SDLMessageBoxPresenter is implemented in both /Users/linmuyi/miniconda3/envs/llm_gs/lib/python3.9/site-packages/pygame/.dylibs/libSDL2-2.0.0.dylib (0x1030b53b8) and /Users/linmuyi/miniconda3/envs/llm_gs/lib/python3.9/site-packages/cv2/.dylibs/libSDL2-2.0.0.dylib (0x150e0c980). This may cause spurious casting failures and mysterious crashes. One of the duplicates must be removed or renamed.
objc[23517]: Class SDL_cocoametalview is implemented in both /Users/linmuyi/miniconda3/envs/llm_gs/lib/python3.9/site-packages/pygame/.dylibs/libSDL2-2.0.0.dylib (0x1030b5408) and /Users/linmuyi/miniconda3/envs/llm_gs/lib/python3.9/site-packages/cv2/.dylibs/libSDL2-2.0.0.dylib (0x150e0c9d0). This may cause spurious casting failures and mysterious crashes. One of the duplicates must be removed or renamed.
objc[23517]: Class SDLOpenGLContext is implemented in both /Users/linmuyi/miniconda3/envs/llm_gs/lib/python3.9/site-packages/pygame/.dylibs/libSDL2-2.0.0.dylib (0x1030b5458) and /Users/linmuyi/miniconda3/envs/llm_gs/lib/python3.9/site-packages/cv2/.dylibs/libSDL2-2.0.0.dylib (0x150e0ca20). This may cause spurious casting failures and mysterious crashes. One of the duplicates must be removed or renamed.
objc[23517]: Class SDL_ShapeData is implemented in both /Users/linmuyi/miniconda3/envs/llm_gs/lib/python3.9/site-packages/pygame/.dylibs/libSDL2-2.0.0.dylib (0x1030b54d0) and /Users/linmuyi/miniconda3/envs/llm_gs/lib/python3.9/site-packages/cv2/.dylibs/libSDL2-2.0.0.dylib (0x150e0ca98). This may cause spurious casting failures and mysterious crashes. One of the duplicates must be removed or renamed.
objc[23517]: Class SDL_CocoaClosure is implemented in both /Users/linmuyi/miniconda3/envs/llm_gs/lib/python3.9/site-packages/pygame/.dylibs/libSDL2-2.0.0.dylib (0x1030b5520) and /Users/linmuyi/miniconda3/envs/llm_gs/lib/python3.9/site-packages/cv2/.dylibs/libSDL2-2.0.0.dylib (0x150e0cae8). This may cause spurious casting failures and mysterious crashes. One of the duplicates must be removed or renamed.
objc[23517]: Class SDL_VideoData is implemented in both /Users/linmuyi/miniconda3/envs/llm_gs/lib/python3.9/site-packages/pygame/.dylibs/libSDL2-2.0.0.dylib (0x1030b5570) and /Users/linmuyi/miniconda3/envs/llm_gs/lib/python3.9/site-packages/cv2/.dylibs/libSDL2-2.0.0.dylib (0x150e0cb38). This may cause spurious casting failures and mysterious crashes. One of the duplicates must be removed or renamed.
objc[23517]: Class SDL_WindowData is implemented in both /Users/linmuyi/miniconda3/envs/llm_gs/lib/python3.9/site-packages/pygame/.dylibs/libSDL2-2.0.0.dylib (0x1030b55c0) and /Users/linmuyi/miniconda3/envs/llm_gs/lib/python3.9/site-packages/cv2/.dylibs/libSDL2-2.0.0.dylib (0x150e0cb88). This may cause spurious casting failures and mysterious crashes. One of the duplicates must be removed or renamed.
objc[23517]: Class SDLWindow is implemented in both /Users/linmuyi/miniconda3/envs/llm_gs/lib/python3.9/site-packages/pygame/.dylibs/libSDL2-2.0.0.dylib (0x1030b55e8) and /Users/linmuyi/miniconda3/envs/llm_gs/lib/python3.9/site-packages/cv2/.dylibs/libSDL2-2.0.0.dylib (0x150e0cbb0). This may cause spurious casting failures and mysterious crashes. One of the duplicates must be removed or renamed.
objc[23517]: Class Cocoa_WindowListener is implemented in both /Users/linmuyi/miniconda3/envs/llm_gs/lib/python3.9/site-packages/pygame/.dylibs/libSDL2-2.0.0.dylib (0x1030b5610) and /Users/linmuyi/miniconda3/envs/llm_gs/lib/python3.9/site-packages/cv2/.dylibs/libSDL2-2.0.0.dylib (0x150e0cbd8). This may cause spurious casting failures and mysterious crashes. One of the duplicates must be removed or renamed.
objc[23517]: Class SDLView is implemented in both /Users/linmuyi/miniconda3/envs/llm_gs/lib/python3.9/site-packages/pygame/.dylibs/libSDL2-2.0.0.dylib (0x1030b5688) and /Users/linmuyi/miniconda3/envs/llm_gs/lib/python3.9/site-packages/cv2/.dylibs/libSDL2-2.0.0.dylib (0x150e0cc50). This may cause spurious casting failures and mysterious crashes. One of the duplicates must be removed or renamed.
objc[23517]: Class METAL_RenderData is implemented in both /Users/linmuyi/miniconda3/envs/llm_gs/lib/python3.9/site-packages/pygame/.dylibs/libSDL2-2.0.0.dylib (0x1030b5700) and /Users/linmuyi/miniconda3/envs/llm_gs/lib/python3.9/site-packages/cv2/.dylibs/libSDL2-2.0.0.dylib (0x150e0ccc8). This may cause spurious casting failures and mysterious crashes. One of the duplicates must be removed or renamed.
objc[23517]: Class METAL_TextureData is implemented in both /Users/linmuyi/miniconda3/envs/llm_gs/lib/python3.9/site-packages/pygame/.dylibs/libSDL2-2.0.0.dylib (0x1030b5750) and /Users/linmuyi/miniconda3/envs/llm_gs/lib/python3.9/site-packages/cv2/.dylibs/libSDL2-2.0.0.dylib (0x150e0cd18). This may cause spurious casting failures and mysterious crashes. One of the duplicates must be removed or renamed.
objc[23517]: Class SDL_RumbleMotor is implemented in both /Users/linmuyi/miniconda3/envs/llm_gs/lib/python3.9/site-packages/pygame/.dylibs/libSDL2-2.0.0.dylib (0x1030b5778) and /Users/linmuyi/miniconda3/envs/llm_gs/lib/python3.9/site-packages/cv2/.dylibs/libSDL2-2.0.0.dylib (0x150e0cd40). This may cause spurious casting failures and mysterious crashes. One of the duplicates must be removed or renamed.
objc[23517]: Class SDL_RumbleContext is implemented in both /Users/linmuyi/miniconda3/envs/llm_gs/lib/python3.9/site-packages/pygame/.dylibs/libSDL2-2.0.0.dylib (0x1030b57c8) and /Users/linmuyi/miniconda3/envs/llm_gs/lib/python3.9/site-packages/cv2/.dylibs/libSDL2-2.0.0.dylib (0x150e0cd90). This may cause spurious casting failures and mysterious crashes. One of the duplicates must be removed or renamed.
[size_order] 1500000 steps, 30 checkpoints, curriculum

  steps=  50000  held=0.01  gate=0.00  bins=1/3  active= 30  (34s)
  steps= 100000  held=0.00  gate=0.00  bins=1/3  active= 30  (84s)
  steps= 150000  held=0.00  gate=0.00  bins=1/3  active= 30  (135s)
  steps= 200000  held=0.00  gate=0.00  bins=1/3  active= 30  (174s)
  steps= 250000  held=0.01  gate=0.00  bins=1/3  active= 30  (220s)
  steps= 300000  held=0.00  gate=0.00  bins=1/3  active= 30  (277s)
  steps= 350000  held=0.00  gate=0.00  bins=1/3  active= 30  (335s)
  steps= 400000  held=0.00  gate=0.00  bins=2/3  active= 60  [UNLOCK:deadline]  (393s)
  steps= 450000  held=0.00  gate=0.00  bins=2/3  active= 60  (455s)
  steps= 500000  held=0.01  gate=0.03  bins=2/3  active= 60  (508s)
  steps= 550000  held=0.01  gate=0.00  bins=2/3  active= 60  (565s)
  steps= 600000  held=0.00  gate=0.00  bins=2/3  active= 60  (605s)
  steps= 650000  held=0.01  gate=0.00  bins=2/3  active= 60  (659s)
  steps= 700000  held=0.00  gate=0.00  bins=2/3  active= 60  (723s)
  steps= 750000  held=0.00  gate=0.00  bins=2/3  active= 60  (786s)
  steps= 800000  held=0.00  gate=0.00  bins=3/3  active= 90  [UNLOCK:deadline]  (851s)
  steps= 850000  held=0.00  gate=0.00  bins=3/3  active= 90  (905s)
  steps= 900000  held=0.00  gate=0.00  bins=3/3  active= 90  (959s)
  steps= 950000  held=0.00  gate=0.00  bins=3/3  active= 90  (1003s)
  steps=1000000  held=0.02  gate=0.02  bins=3/3  active= 90  (1046s)
  steps=1050000  held=0.02  gate=0.02  bins=3/3  active= 90  (1094s)
  steps=1100000  held=0.00  gate=0.00  bins=3/3  active= 90  (1144s)
  steps=1150000  held=0.03  gate=0.03  bins=3/3  active= 90  (1189s)
  steps=1200000  held=0.03  gate=0.03  bins=3/3  active= 90  (1236s)
  steps=1250000  held=0.00  gate=0.00  bins=3/3  active= 90  (1287s)
  steps=1300000  held=0.03  gate=0.03  bins=3/3  active= 90  (1334s)
  steps=1350000  held=0.03  gate=0.03  bins=3/3  active= 90  (1377s)
  steps=1400000  held=0.01  gate=0.01  bins=3/3  active= 90  (1419s)
  steps=1450000  held=0.04  gate=0.04  bins=3/3  active= 90  (1461s)
  steps=1500000  held=0.03  gate=0.03  bins=3/3  active= 90  (1505s)

[size_order] DONE  final held=0.03  steps_to_0.3=NOT REACHED  wall=1505s  -> size_order_seed34.json
[size_order] per-cell held: s9N1=0.00  s9N2=0.00  s9N3=0.00  s13N1=0.25  s13N2=0.00  s13N3=0.00  s17N1=0.06  s17N2=0.00  s17N3=0.00
