[rivers_only] train=90 layouts  held-out=36 layouts
objc[41923]: Class SDLApplication is implemented in both /Users/linmuyi/miniconda3/envs/llm_gs/lib/python3.9/site-packages/pygame/.dylibs/libSDL2-2.0.0.dylib (0x107dd92c8) and /Users/linmuyi/miniconda3/envs/llm_gs/lib/python3.9/site-packages/cv2/.dylibs/libSDL2-2.0.0.dylib (0x17a650890). This may cause spurious casting failures and mysterious crashes. One of the duplicates must be removed or renamed.
objc[41923]: Class SDLAppDelegate is implemented in both /Users/linmuyi/miniconda3/envs/llm_gs/lib/python3.9/site-packages/pygame/.dylibs/libSDL2-2.0.0.dylib (0x107dd9318) and /Users/linmuyi/miniconda3/envs/llm_gs/lib/python3.9/site-packages/cv2/.dylibs/libSDL2-2.0.0.dylib (0x17a6508e0). This may cause spurious casting failures and mysterious crashes. One of the duplicates must be removed or renamed.
objc[41923]: Class SDLTranslatorResponder is implemented in both /Users/linmuyi/miniconda3/envs/llm_gs/lib/python3.9/site-packages/pygame/.dylibs/libSDL2-2.0.0.dylib (0x107dd9390) and /Users/linmuyi/miniconda3/envs/llm_gs/lib/python3.9/site-packages/cv2/.dylibs/libSDL2-2.0.0.dylib (0x17a650958). This may cause spurious casting failures and mysterious crashes. One of the duplicates must be removed or renamed.
objc[41923]: Class SDLMessageBoxPresenter is implemented in both /Users/linmuyi/miniconda3/envs/llm_gs/lib/python3.9/site-packages/pygame/.dylibs/libSDL2-2.0.0.dylib (0x107dd93b8) and /Users/linmuyi/miniconda3/envs/llm_gs/lib/python3.9/site-packages/cv2/.dylibs/libSDL2-2.0.0.dylib (0x17a650980). This may cause spurious casting failures and mysterious crashes. One of the duplicates must be removed or renamed.
objc[41923]: Class SDL_cocoametalview is implemented in both /Users/linmuyi/miniconda3/envs/llm_gs/lib/python3.9/site-packages/pygame/.dylibs/libSDL2-2.0.0.dylib (0x107dd9408) and /Users/linmuyi/miniconda3/envs/llm_gs/lib/python3.9/site-packages/cv2/.dylibs/libSDL2-2.0.0.dylib (0x17a6509d0). This may cause spurious casting failures and mysterious crashes. One of the duplicates must be removed or renamed.
objc[41923]: Class SDLOpenGLContext is implemented in both /Users/linmuyi/miniconda3/envs/llm_gs/lib/python3.9/site-packages/pygame/.dylibs/libSDL2-2.0.0.dylib (0x107dd9458) and /Users/linmuyi/miniconda3/envs/llm_gs/lib/python3.9/site-packages/cv2/.dylibs/libSDL2-2.0.0.dylib (0x17a650a20). This may cause spurious casting failures and mysterious crashes. One of the duplicates must be removed or renamed.
objc[41923]: Class SDL_ShapeData is implemented in both /Users/linmuyi/miniconda3/envs/llm_gs/lib/python3.9/site-packages/pygame/.dylibs/libSDL2-2.0.0.dylib (0x107dd94d0) and /Users/linmuyi/miniconda3/envs/llm_gs/lib/python3.9/site-packages/cv2/.dylibs/libSDL2-2.0.0.dylib (0x17a650a98). This may cause spurious casting failures and mysterious crashes. One of the duplicates must be removed or renamed.
objc[41923]: Class SDL_CocoaClosure is implemented in both /Users/linmuyi/miniconda3/envs/llm_gs/lib/python3.9/site-packages/pygame/.dylibs/libSDL2-2.0.0.dylib (0x107dd9520) and /Users/linmuyi/miniconda3/envs/llm_gs/lib/python3.9/site-packages/cv2/.dylibs/libSDL2-2.0.0.dylib (0x17a650ae8). This may cause spurious casting failures and mysterious crashes. One of the duplicates must be removed or renamed.
objc[41923]: Class SDL_VideoData is implemented in both /Users/linmuyi/miniconda3/envs/llm_gs/lib/python3.9/site-packages/pygame/.dylibs/libSDL2-2.0.0.dylib (0x107dd9570) and /Users/linmuyi/miniconda3/envs/llm_gs/lib/python3.9/site-packages/cv2/.dylibs/libSDL2-2.0.0.dylib (0x17a650b38). This may cause spurious casting failures and mysterious crashes. One of the duplicates must be removed or renamed.
objc[41923]: Class SDL_WindowData is implemented in both /Users/linmuyi/miniconda3/envs/llm_gs/lib/python3.9/site-packages/pygame/.dylibs/libSDL2-2.0.0.dylib (0x107dd95c0) and /Users/linmuyi/miniconda3/envs/llm_gs/lib/python3.9/site-packages/cv2/.dylibs/libSDL2-2.0.0.dylib (0x17a650b88). This may cause spurious casting failures and mysterious crashes. One of the duplicates must be removed or renamed.
objc[41923]: Class SDLWindow is implemented in both /Users/linmuyi/miniconda3/envs/llm_gs/lib/python3.9/site-packages/pygame/.dylibs/libSDL2-2.0.0.dylib (0x107dd95e8) and /Users/linmuyi/miniconda3/envs/llm_gs/lib/python3.9/site-packages/cv2/.dylibs/libSDL2-2.0.0.dylib (0x17a650bb0). This may cause spurious casting failures and mysterious crashes. One of the duplicates must be removed or renamed.
objc[41923]: Class Cocoa_WindowListener is implemented in both /Users/linmuyi/miniconda3/envs/llm_gs/lib/python3.9/site-packages/pygame/.dylibs/libSDL2-2.0.0.dylib (0x107dd9610) and /Users/linmuyi/miniconda3/envs/llm_gs/lib/python3.9/site-packages/cv2/.dylibs/libSDL2-2.0.0.dylib (0x17a650bd8). This may cause spurious casting failures and mysterious crashes. One of the duplicates must be removed or renamed.
objc[41923]: Class SDLView is implemented in both /Users/linmuyi/miniconda3/envs/llm_gs/lib/python3.9/site-packages/pygame/.dylibs/libSDL2-2.0.0.dylib (0x107dd9688) and /Users/linmuyi/miniconda3/envs/llm_gs/lib/python3.9/site-packages/cv2/.dylibs/libSDL2-2.0.0.dylib (0x17a650c50). This may cause spurious casting failures and mysterious crashes. One of the duplicates must be removed or renamed.
objc[41923]: Class METAL_RenderData is implemented in both /Users/linmuyi/miniconda3/envs/llm_gs/lib/python3.9/site-packages/pygame/.dylibs/libSDL2-2.0.0.dylib (0x107dd9700) and /Users/linmuyi/miniconda3/envs/llm_gs/lib/python3.9/site-packages/cv2/.dylibs/libSDL2-2.0.0.dylib (0x17a650cc8). This may cause spurious casting failures and mysterious crashes. One of the duplicates must be removed or renamed.
objc[41923]: Class METAL_TextureData is implemented in both /Users/linmuyi/miniconda3/envs/llm_gs/lib/python3.9/site-packages/pygame/.dylibs/libSDL2-2.0.0.dylib (0x107dd9750) and /Users/linmuyi/miniconda3/envs/llm_gs/lib/python3.9/site-packages/cv2/.dylibs/libSDL2-2.0.0.dylib (0x17a650d18). This may cause spurious casting failures and mysterious crashes. One of the duplicates must be removed or renamed.
objc[41923]: Class SDL_RumbleMotor is implemented in both /Users/linmuyi/miniconda3/envs/llm_gs/lib/python3.9/site-packages/pygame/.dylibs/libSDL2-2.0.0.dylib (0x107dd9778) and /Users/linmuyi/miniconda3/envs/llm_gs/lib/python3.9/site-packages/cv2/.dylibs/libSDL2-2.0.0.dylib (0x17a650d40). This may cause spurious casting failures and mysterious crashes. One of the duplicates must be removed or renamed.
objc[41923]: Class SDL_RumbleContext is implemented in both /Users/linmuyi/miniconda3/envs/llm_gs/lib/python3.9/site-packages/pygame/.dylibs/libSDL2-2.0.0.dylib (0x107dd97c8) and /Users/linmuyi/miniconda3/envs/llm_gs/lib/python3.9/site-packages/cv2/.dylibs/libSDL2-2.0.0.dylib (0x17a650d90). This may cause spurious casting failures and mysterious crashes. One of the duplicates must be removed or renamed.
[rivers_only] 1500000 steps, 30 checkpoints, curriculum

  steps=  50000  held=0.00  gate=0.01  bins=1/3  active= 30  (29s)
  steps= 100000  held=0.01  gate=0.01  bins=1/3  active= 30  (63s)
  steps= 150000  held=0.03  gate=0.12  bins=1/3  active= 30  (93s)
  steps= 200000  held=0.03  gate=0.00  bins=1/3  active= 30  (126s)
  steps= 250000  held=0.03  gate=0.11  bins=1/3  active= 30  (155s)
  steps= 300000  held=0.03  gate=0.06  bins=1/3  active= 30  (194s)
  steps= 350000  held=0.04  gate=0.18  bins=1/3  active= 30  (244s)
  steps= 400000  held=0.03  gate=0.11  bins=2/3  active= 60  [UNLOCK:deadline]  (296s)
  steps= 450000  held=0.01  gate=0.00  bins=2/3  active= 60  (354s)
  steps= 500000  held=0.00  gate=0.00  bins=2/3  active= 60  (414s)
  steps= 550000  held=0.00  gate=0.00  bins=2/3  active= 60  (469s)
  steps= 600000  held=0.03  gate=0.14  bins=2/3  active= 60  (513s)
  steps= 650000  held=0.01  gate=0.00  bins=2/3  active= 60  (566s)
  steps= 700000  held=0.00  gate=0.00  bins=2/3  active= 60  (614s)
  steps= 750000  held=0.00  gate=0.03  bins=2/3  active= 60  (660s)
  steps= 800000  held=0.00  gate=0.03  bins=3/3  active= 90  [UNLOCK:deadline]  (698s)
  steps= 850000  held=0.00  gate=0.00  bins=3/3  active= 90  (735s)
  steps= 900000  held=0.02  gate=0.02  bins=3/3  active= 90  (769s)
  steps= 950000  held=0.00  gate=0.00  bins=3/3  active= 90  (809s)
  steps=1000000  held=0.06  gate=0.06  bins=3/3  active= 90  (839s)
  steps=1050000  held=0.00  gate=0.00  bins=3/3  active= 90  (881s)
  steps=1100000  held=0.01  gate=0.01  bins=3/3  active= 90  (910s)
  steps=1150000  held=0.00  gate=0.00  bins=3/3  active= 90  (955s)
  steps=1200000  held=0.05  gate=0.05  bins=3/3  active= 90  (991s)
  steps=1250000  held=0.00  gate=0.00  bins=3/3  active= 90  (1035s)
  steps=1300000  held=0.07  gate=0.07  bins=3/3  active= 90  (1072s)
  steps=1350000  held=0.01  gate=0.01  bins=3/3  active= 90  (1104s)
  steps=1400000  held=0.03  gate=0.03  bins=3/3  active= 90  (1144s)
  steps=1450000  held=0.05  gate=0.05  bins=3/3  active= 90  (1187s)
  steps=1500000  held=0.05  gate=0.05  bins=3/3  active= 90  (1225s)

[rivers_only] DONE  final held=0.05  steps_to_0.3=NOT REACHED  wall=1225s  -> rivers_only_seed5.json
[rivers_only] per-cell held: s9N1=0.12  s9N2=0.00  s9N3=0.00  s13N1=0.25  s13N2=0.00  s13N3=0.00  s17N1=0.00  s17N2=0.06  s17N3=0.00
