[random_curriculum] train=90 layouts  held-out=36 layouts
objc[97731]: Class SDLApplication is implemented in both /Users/linmuyi/miniconda3/envs/llm_gs/lib/python3.9/site-packages/pygame/.dylibs/libSDL2-2.0.0.dylib (0x106fe92c8) and /Users/linmuyi/miniconda3/envs/llm_gs/lib/python3.9/site-packages/cv2/.dylibs/libSDL2-2.0.0.dylib (0x13bc1c890). This may cause spurious casting failures and mysterious crashes. One of the duplicates must be removed or renamed.
objc[97731]: Class SDLAppDelegate is implemented in both /Users/linmuyi/miniconda3/envs/llm_gs/lib/python3.9/site-packages/pygame/.dylibs/libSDL2-2.0.0.dylib (0x106fe9318) and /Users/linmuyi/miniconda3/envs/llm_gs/lib/python3.9/site-packages/cv2/.dylibs/libSDL2-2.0.0.dylib (0x13bc1c8e0). This may cause spurious casting failures and mysterious crashes. One of the duplicates must be removed or renamed.
objc[97731]: Class SDLTranslatorResponder is implemented in both /Users/linmuyi/miniconda3/envs/llm_gs/lib/python3.9/site-packages/pygame/.dylibs/libSDL2-2.0.0.dylib (0x106fe9390) and /Users/linmuyi/miniconda3/envs/llm_gs/lib/python3.9/site-packages/cv2/.dylibs/libSDL2-2.0.0.dylib (0x13bc1c958). This may cause spurious casting failures and mysterious crashes. One of the duplicates must be removed or renamed.
objc[97731]: Class SDLMessageBoxPresenter is implemented in both /Users/linmuyi/miniconda3/envs/llm_gs/lib/python3.9/site-packages/pygame/.dylibs/libSDL2-2.0.0.dylib (0x106fe93b8) and /Users/linmuyi/miniconda3/envs/llm_gs/lib/python3.9/site-packages/cv2/.dylibs/libSDL2-2.0.0.dylib (0x13bc1c980). This may cause spurious casting failures and mysterious crashes. One of the duplicates must be removed or renamed.
objc[97731]: Class SDL_cocoametalview is implemented in both /Users/linmuyi/miniconda3/envs/llm_gs/lib/python3.9/site-packages/pygame/.dylibs/libSDL2-2.0.0.dylib (0x106fe9408) and /Users/linmuyi/miniconda3/envs/llm_gs/lib/python3.9/site-packages/cv2/.dylibs/libSDL2-2.0.0.dylib (0x13bc1c9d0). This may cause spurious casting failures and mysterious crashes. One of the duplicates must be removed or renamed.
objc[97731]: Class SDLOpenGLContext is implemented in both /Users/linmuyi/miniconda3/envs/llm_gs/lib/python3.9/site-packages/pygame/.dylibs/libSDL2-2.0.0.dylib (0x106fe9458) and /Users/linmuyi/miniconda3/envs/llm_gs/lib/python3.9/site-packages/cv2/.dylibs/libSDL2-2.0.0.dylib (0x13bc1ca20). This may cause spurious casting failures and mysterious crashes. One of the duplicates must be removed or renamed.
objc[97731]: Class SDL_ShapeData is implemented in both /Users/linmuyi/miniconda3/envs/llm_gs/lib/python3.9/site-packages/pygame/.dylibs/libSDL2-2.0.0.dylib (0x106fe94d0) and /Users/linmuyi/miniconda3/envs/llm_gs/lib/python3.9/site-packages/cv2/.dylibs/libSDL2-2.0.0.dylib (0x13bc1ca98). This may cause spurious casting failures and mysterious crashes. One of the duplicates must be removed or renamed.
objc[97731]: Class SDL_CocoaClosure is implemented in both /Users/linmuyi/miniconda3/envs/llm_gs/lib/python3.9/site-packages/pygame/.dylibs/libSDL2-2.0.0.dylib (0x106fe9520) and /Users/linmuyi/miniconda3/envs/llm_gs/lib/python3.9/site-packages/cv2/.dylibs/libSDL2-2.0.0.dylib (0x13bc1cae8). This may cause spurious casting failures and mysterious crashes. One of the duplicates must be removed or renamed.
objc[97731]: Class SDL_VideoData is implemented in both /Users/linmuyi/miniconda3/envs/llm_gs/lib/python3.9/site-packages/pygame/.dylibs/libSDL2-2.0.0.dylib (0x106fe9570) and /Users/linmuyi/miniconda3/envs/llm_gs/lib/python3.9/site-packages/cv2/.dylibs/libSDL2-2.0.0.dylib (0x13bc1cb38). This may cause spurious casting failures and mysterious crashes. One of the duplicates must be removed or renamed.
objc[97731]: Class SDL_WindowData is implemented in both /Users/linmuyi/miniconda3/envs/llm_gs/lib/python3.9/site-packages/pygame/.dylibs/libSDL2-2.0.0.dylib (0x106fe95c0) and /Users/linmuyi/miniconda3/envs/llm_gs/lib/python3.9/site-packages/cv2/.dylibs/libSDL2-2.0.0.dylib (0x13bc1cb88). This may cause spurious casting failures and mysterious crashes. One of the duplicates must be removed or renamed.
objc[97731]: Class SDLWindow is implemented in both /Users/linmuyi/miniconda3/envs/llm_gs/lib/python3.9/site-packages/pygame/.dylibs/libSDL2-2.0.0.dylib (0x106fe95e8) and /Users/linmuyi/miniconda3/envs/llm_gs/lib/python3.9/site-packages/cv2/.dylibs/libSDL2-2.0.0.dylib (0x13bc1cbb0). This may cause spurious casting failures and mysterious crashes. One of the duplicates must be removed or renamed.
objc[97731]: Class Cocoa_WindowListener is implemented in both /Users/linmuyi/miniconda3/envs/llm_gs/lib/python3.9/site-packages/pygame/.dylibs/libSDL2-2.0.0.dylib (0x106fe9610) and /Users/linmuyi/miniconda3/envs/llm_gs/lib/python3.9/site-packages/cv2/.dylibs/libSDL2-2.0.0.dylib (0x13bc1cbd8). This may cause spurious casting failures and mysterious crashes. One of the duplicates must be removed or renamed.
objc[97731]: Class SDLView is implemented in both /Users/linmuyi/miniconda3/envs/llm_gs/lib/python3.9/site-packages/pygame/.dylibs/libSDL2-2.0.0.dylib (0x106fe9688) and /Users/linmuyi/miniconda3/envs/llm_gs/lib/python3.9/site-packages/cv2/.dylibs/libSDL2-2.0.0.dylib (0x13bc1cc50). This may cause spurious casting failures and mysterious crashes. One of the duplicates must be removed or renamed.
objc[97731]: Class METAL_RenderData is implemented in both /Users/linmuyi/miniconda3/envs/llm_gs/lib/python3.9/site-packages/pygame/.dylibs/libSDL2-2.0.0.dylib (0x106fe9700) and /Users/linmuyi/miniconda3/envs/llm_gs/lib/python3.9/site-packages/cv2/.dylibs/libSDL2-2.0.0.dylib (0x13bc1ccc8). This may cause spurious casting failures and mysterious crashes. One of the duplicates must be removed or renamed.
objc[97731]: Class METAL_TextureData is implemented in both /Users/linmuyi/miniconda3/envs/llm_gs/lib/python3.9/site-packages/pygame/.dylibs/libSDL2-2.0.0.dylib (0x106fe9750) and /Users/linmuyi/miniconda3/envs/llm_gs/lib/python3.9/site-packages/cv2/.dylibs/libSDL2-2.0.0.dylib (0x13bc1cd18). This may cause spurious casting failures and mysterious crashes. One of the duplicates must be removed or renamed.
objc[97731]: Class SDL_RumbleMotor is implemented in both /Users/linmuyi/miniconda3/envs/llm_gs/lib/python3.9/site-packages/pygame/.dylibs/libSDL2-2.0.0.dylib (0x106fe9778) and /Users/linmuyi/miniconda3/envs/llm_gs/lib/python3.9/site-packages/cv2/.dylibs/libSDL2-2.0.0.dylib (0x13bc1cd40). This may cause spurious casting failures and mysterious crashes. One of the duplicates must be removed or renamed.
objc[97731]: Class SDL_RumbleContext is implemented in both /Users/linmuyi/miniconda3/envs/llm_gs/lib/python3.9/site-packages/pygame/.dylibs/libSDL2-2.0.0.dylib (0x106fe97c8) and /Users/linmuyi/miniconda3/envs/llm_gs/lib/python3.9/site-packages/cv2/.dylibs/libSDL2-2.0.0.dylib (0x13bc1cd90). This may cause spurious casting failures and mysterious crashes. One of the duplicates must be removed or renamed.
[random_curriculum] 1500000 steps, 30 checkpoints, curriculum

  steps=  50000  held=0.00  gate=0.00  bins=1/3  active= 30  (72s)
  steps= 100000  held=0.00  gate=0.00  bins=1/3  active= 30  (141s)
  steps= 150000  held=0.00  gate=0.00  bins=1/3  active= 30  (224s)
  steps= 200000  held=0.00  gate=0.00  bins=1/3  active= 30  (296s)
  steps= 250000  held=0.00  gate=0.00  bins=1/3  active= 30  (350s)
  steps= 300000  held=0.00  gate=0.00  bins=1/3  active= 30  (406s)
  steps= 350000  held=0.00  gate=0.00  bins=1/3  active= 30  (470s)
  steps= 400000  held=0.00  gate=0.01  bins=2/3  active= 60  [UNLOCK:deadline]  (534s)
  steps= 450000  held=0.01  gate=0.04  bins=2/3  active= 60  (597s)
  steps= 500000  held=0.00  gate=0.00  bins=2/3  active= 60  (687s)
  steps= 550000  held=0.00  gate=0.00  bins=2/3  active= 60  (765s)
  steps= 600000  held=0.00  gate=0.00  bins=2/3  active= 60  (845s)
  steps= 650000  held=0.00  gate=0.00  bins=2/3  active= 60  (919s)
  steps= 700000  held=0.00  gate=0.00  bins=2/3  active= 60  (1005s)
  steps= 750000  held=0.00  gate=0.00  bins=2/3  active= 60  (1094s)
  steps= 800000  held=0.00  gate=0.01  bins=3/3  active= 90  [UNLOCK:deadline]  (1174s)
  steps= 850000  held=0.00  gate=0.00  bins=3/3  active= 90  (1240s)
  steps= 900000  held=0.00  gate=0.00  bins=3/3  active= 90  (1302s)
  steps= 950000  held=0.00  gate=0.00  bins=3/3  active= 90  (1373s)
  steps=1000000  held=0.00  gate=0.00  bins=3/3  active= 90  (1443s)
  steps=1050000  held=0.01  gate=0.01  bins=3/3  active= 90  (1516s)
  steps=1100000  held=0.02  gate=0.02  bins=3/3  active= 90  (1570s)
  steps=1150000  held=0.01  gate=0.01  bins=3/3  active= 90  (1617s)
  steps=1200000  held=0.06  gate=0.06  bins=3/3  active= 90  (1658s)
  steps=1250000  held=0.01  gate=0.01  bins=3/3  active= 90  (1689s)
  steps=1300000  held=0.03  gate=0.03  bins=3/3  active= 90  (1733s)
  steps=1350000  held=0.01  gate=0.01  bins=3/3  active= 90  (1781s)
  steps=1400000  held=0.01  gate=0.01  bins=3/3  active= 90  (1832s)
  steps=1450000  held=0.00  gate=0.00  bins=3/3  active= 90  (1884s)
  steps=1500000  held=0.06  gate=0.06  bins=3/3  active= 90  (1925s)

[random_curriculum] DONE  final held=0.06  steps_to_0.3=NOT REACHED  wall=1925s  -> random_curriculum_seed30.json
[random_curriculum] per-cell held: s9N1=0.06  s9N2=0.00  s9N3=0.00  s13N1=0.00  s13N2=0.19  s13N3=0.00  s17N1=0.00  s17N2=0.31  s17N3=0.00
