[random_curriculum] train=90 layouts  held-out=36 layouts
objc[76490]: Class SDLApplication is implemented in both /Users/linmuyi/miniconda3/envs/llm_gs/lib/python3.9/site-packages/pygame/.dylibs/libSDL2-2.0.0.dylib (0x1068a12c8) and /Users/linmuyi/miniconda3/envs/llm_gs/lib/python3.9/site-packages/cv2/.dylibs/libSDL2-2.0.0.dylib (0x13c30c890). This may cause spurious casting failures and mysterious crashes. One of the duplicates must be removed or renamed.
objc[76490]: Class SDLAppDelegate is implemented in both /Users/linmuyi/miniconda3/envs/llm_gs/lib/python3.9/site-packages/pygame/.dylibs/libSDL2-2.0.0.dylib (0x1068a1318) and /Users/linmuyi/miniconda3/envs/llm_gs/lib/python3.9/site-packages/cv2/.dylibs/libSDL2-2.0.0.dylib (0x13c30c8e0). This may cause spurious casting failures and mysterious crashes. One of the duplicates must be removed or renamed.
objc[76490]: Class SDLTranslatorResponder is implemented in both /Users/linmuyi/miniconda3/envs/llm_gs/lib/python3.9/site-packages/pygame/.dylibs/libSDL2-2.0.0.dylib (0x1068a1390) and /Users/linmuyi/miniconda3/envs/llm_gs/lib/python3.9/site-packages/cv2/.dylibs/libSDL2-2.0.0.dylib (0x13c30c958). This may cause spurious casting failures and mysterious crashes. One of the duplicates must be removed or renamed.
objc[76490]: Class SDLMessageBoxPresenter is implemented in both /Users/linmuyi/miniconda3/envs/llm_gs/lib/python3.9/site-packages/pygame/.dylibs/libSDL2-2.0.0.dylib (0x1068a13b8) and /Users/linmuyi/miniconda3/envs/llm_gs/lib/python3.9/site-packages/cv2/.dylibs/libSDL2-2.0.0.dylib (0x13c30c980). This may cause spurious casting failures and mysterious crashes. One of the duplicates must be removed or renamed.
objc[76490]: Class SDL_cocoametalview is implemented in both /Users/linmuyi/miniconda3/envs/llm_gs/lib/python3.9/site-packages/pygame/.dylibs/libSDL2-2.0.0.dylib (0x1068a1408) and /Users/linmuyi/miniconda3/envs/llm_gs/lib/python3.9/site-packages/cv2/.dylibs/libSDL2-2.0.0.dylib (0x13c30c9d0). This may cause spurious casting failures and mysterious crashes. One of the duplicates must be removed or renamed.
objc[76490]: Class SDLOpenGLContext is implemented in both /Users/linmuyi/miniconda3/envs/llm_gs/lib/python3.9/site-packages/pygame/.dylibs/libSDL2-2.0.0.dylib (0x1068a1458) and /Users/linmuyi/miniconda3/envs/llm_gs/lib/python3.9/site-packages/cv2/.dylibs/libSDL2-2.0.0.dylib (0x13c30ca20). This may cause spurious casting failures and mysterious crashes. One of the duplicates must be removed or renamed.
objc[76490]: Class SDL_ShapeData is implemented in both /Users/linmuyi/miniconda3/envs/llm_gs/lib/python3.9/site-packages/pygame/.dylibs/libSDL2-2.0.0.dylib (0x1068a14d0) and /Users/linmuyi/miniconda3/envs/llm_gs/lib/python3.9/site-packages/cv2/.dylibs/libSDL2-2.0.0.dylib (0x13c30ca98). This may cause spurious casting failures and mysterious crashes. One of the duplicates must be removed or renamed.
objc[76490]: Class SDL_CocoaClosure is implemented in both /Users/linmuyi/miniconda3/envs/llm_gs/lib/python3.9/site-packages/pygame/.dylibs/libSDL2-2.0.0.dylib (0x1068a1520) and /Users/linmuyi/miniconda3/envs/llm_gs/lib/python3.9/site-packages/cv2/.dylibs/libSDL2-2.0.0.dylib (0x13c30cae8). This may cause spurious casting failures and mysterious crashes. One of the duplicates must be removed or renamed.
objc[76490]: Class SDL_VideoData is implemented in both /Users/linmuyi/miniconda3/envs/llm_gs/lib/python3.9/site-packages/pygame/.dylibs/libSDL2-2.0.0.dylib (0x1068a1570) and /Users/linmuyi/miniconda3/envs/llm_gs/lib/python3.9/site-packages/cv2/.dylibs/libSDL2-2.0.0.dylib (0x13c30cb38). This may cause spurious casting failures and mysterious crashes. One of the duplicates must be removed or renamed.
objc[76490]: Class SDL_WindowData is implemented in both /Users/linmuyi/miniconda3/envs/llm_gs/lib/python3.9/site-packages/pygame/.dylibs/libSDL2-2.0.0.dylib (0x1068a15c0) and /Users/linmuyi/miniconda3/envs/llm_gs/lib/python3.9/site-packages/cv2/.dylibs/libSDL2-2.0.0.dylib (0x13c30cb88). This may cause spurious casting failures and mysterious crashes. One of the duplicates must be removed or renamed.
objc[76490]: Class SDLWindow is implemented in both /Users/linmuyi/miniconda3/envs/llm_gs/lib/python3.9/site-packages/pygame/.dylibs/libSDL2-2.0.0.dylib (0x1068a15e8) and /Users/linmuyi/miniconda3/envs/llm_gs/lib/python3.9/site-packages/cv2/.dylibs/libSDL2-2.0.0.dylib (0x13c30cbb0). This may cause spurious casting failures and mysterious crashes. One of the duplicates must be removed or renamed.
objc[76490]: Class Cocoa_WindowListener is implemented in both /Users/linmuyi/miniconda3/envs/llm_gs/lib/python3.9/site-packages/pygame/.dylibs/libSDL2-2.0.0.dylib (0x1068a1610) and /Users/linmuyi/miniconda3/envs/llm_gs/lib/python3.9/site-packages/cv2/.dylibs/libSDL2-2.0.0.dylib (0x13c30cbd8). This may cause spurious casting failures and mysterious crashes. One of the duplicates must be removed or renamed.
objc[76490]: Class SDLView is implemented in both /Users/linmuyi/miniconda3/envs/llm_gs/lib/python3.9/site-packages/pygame/.dylibs/libSDL2-2.0.0.dylib (0x1068a1688) and /Users/linmuyi/miniconda3/envs/llm_gs/lib/python3.9/site-packages/cv2/.dylibs/libSDL2-2.0.0.dylib (0x13c30cc50). This may cause spurious casting failures and mysterious crashes. One of the duplicates must be removed or renamed.
objc[76490]: Class METAL_RenderData is implemented in both /Users/linmuyi/miniconda3/envs/llm_gs/lib/python3.9/site-packages/pygame/.dylibs/libSDL2-2.0.0.dylib (0x1068a1700) and /Users/linmuyi/miniconda3/envs/llm_gs/lib/python3.9/site-packages/cv2/.dylibs/libSDL2-2.0.0.dylib (0x13c30ccc8). This may cause spurious casting failures and mysterious crashes. One of the duplicates must be removed or renamed.
objc[76490]: Class METAL_TextureData is implemented in both /Users/linmuyi/miniconda3/envs/llm_gs/lib/python3.9/site-packages/pygame/.dylibs/libSDL2-2.0.0.dylib (0x1068a1750) and /Users/linmuyi/miniconda3/envs/llm_gs/lib/python3.9/site-packages/cv2/.dylibs/libSDL2-2.0.0.dylib (0x13c30cd18). This may cause spurious casting failures and mysterious crashes. One of the duplicates must be removed or renamed.
objc[76490]: Class SDL_RumbleMotor is implemented in both /Users/linmuyi/miniconda3/envs/llm_gs/lib/python3.9/site-packages/pygame/.dylibs/libSDL2-2.0.0.dylib (0x1068a1778) and /Users/linmuyi/miniconda3/envs/llm_gs/lib/python3.9/site-packages/cv2/.dylibs/libSDL2-2.0.0.dylib (0x13c30cd40). This may cause spurious casting failures and mysterious crashes. One of the duplicates must be removed or renamed.
objc[76490]: Class SDL_RumbleContext is implemented in both /Users/linmuyi/miniconda3/envs/llm_gs/lib/python3.9/site-packages/pygame/.dylibs/libSDL2-2.0.0.dylib (0x1068a17c8) and /Users/linmuyi/miniconda3/envs/llm_gs/lib/python3.9/site-packages/cv2/.dylibs/libSDL2-2.0.0.dylib (0x13c30cd90). This may cause spurious casting failures and mysterious crashes. One of the duplicates must be removed or renamed.
[random_curriculum] 1500000 steps, 30 checkpoints, curriculum

  steps=  50000  held=0.00  gate=0.00  bins=1/3  active= 30  (40s)
  steps= 100000  held=0.01  gate=0.01  bins=1/3  active= 30  (78s)
  steps= 150000  held=0.04  gate=0.06  bins=1/3  active= 30  (130s)
  steps= 200000  held=0.06  gate=0.01  bins=1/3  active= 30  (185s)
  steps= 250000  held=0.08  gate=0.01  bins=1/3  active= 30  (240s)
  steps= 300000  held=0.02  gate=0.00  bins=1/3  active= 30  (285s)
  steps= 350000  held=0.00  gate=0.00  bins=1/3  active= 30  (353s)
  steps= 400000  held=0.10  gate=0.04  bins=2/3  active= 60  [UNLOCK:deadline]  (406s)
  steps= 450000  held=0.04  gate=0.01  bins=2/3  active= 60  (456s)
  steps= 500000  held=0.00  gate=0.00  bins=2/3  active= 60  (518s)
  steps= 550000  held=0.00  gate=0.00  bins=2/3  active= 60  (587s)
  steps= 600000  held=0.01  gate=0.01  bins=2/3  active= 60  (655s)
  steps= 650000  held=0.01  gate=0.03  bins=2/3  active= 60  (724s)
  steps= 700000  held=0.00  gate=0.04  bins=2/3  active= 60  (781s)
  steps= 750000  held=0.00  gate=0.01  bins=2/3  active= 60  (846s)
  steps= 800000  held=0.01  gate=0.04  bins=3/3  active= 90  [UNLOCK:deadline]  (901s)
  steps= 850000  held=0.00  gate=0.00  bins=3/3  active= 90  (953s)
  steps= 900000  held=0.03  gate=0.03  bins=3/3  active= 90  (983s)
  steps= 950000  held=0.02  gate=0.02  bins=3/3  active= 90  (1038s)
  steps=1000000  held=0.07  gate=0.07  bins=3/3  active= 90  (1089s)
  steps=1050000  held=0.00  gate=0.00  bins=3/3  active= 90  (1145s)
  steps=1100000  held=0.00  gate=0.00  bins=3/3  active= 90  (1200s)
  steps=1150000  held=0.07  gate=0.07  bins=3/3  active= 90  (1244s)
  steps=1200000  held=0.01  gate=0.01  bins=3/3  active= 90  (1291s)
  steps=1250000  held=0.01  gate=0.01  bins=3/3  active= 90  (1344s)
  steps=1300000  held=0.02  gate=0.02  bins=3/3  active= 90  (1379s)
  steps=1350000  held=0.01  gate=0.01  bins=3/3  active= 90  (1430s)
  steps=1400000  held=0.00  gate=0.00  bins=3/3  active= 90  (1479s)
  steps=1450000  held=0.01  gate=0.01  bins=3/3  active= 90  (1527s)
  steps=1500000  held=0.04  gate=0.04  bins=3/3  active= 90  (1576s)

[random_curriculum] DONE  final held=0.04  steps_to_0.3=NOT REACHED  wall=1576s  -> random_curriculum_seed11.json
[random_curriculum] per-cell held: s9N1=0.00  s9N2=0.00  s9N3=0.00  s13N1=0.00  s13N2=0.06  s13N3=0.00  s17N1=0.00  s17N2=0.25  s17N3=0.06
