[rivers_only] train=90 layouts  held-out=36 layouts
objc[45457]: Class SDLApplication is implemented in both /Users/linmuyi/miniconda3/envs/llm_gs/lib/python3.9/site-packages/pygame/.dylibs/libSDL2-2.0.0.dylib (0x10526d2c8) and /Users/linmuyi/miniconda3/envs/llm_gs/lib/python3.9/site-packages/cv2/.dylibs/libSDL2-2.0.0.dylib (0x13a648890). This may cause spurious casting failures and mysterious crashes. One of the duplicates must be removed or renamed.
objc[45457]: Class SDLAppDelegate is implemented in both /Users/linmuyi/miniconda3/envs/llm_gs/lib/python3.9/site-packages/pygame/.dylibs/libSDL2-2.0.0.dylib (0x10526d318) and /Users/linmuyi/miniconda3/envs/llm_gs/lib/python3.9/site-packages/cv2/.dylibs/libSDL2-2.0.0.dylib (0x13a6488e0). This may cause spurious casting failures and mysterious crashes. One of the duplicates must be removed or renamed.
objc[45457]: Class SDLTranslatorResponder is implemented in both /Users/linmuyi/miniconda3/envs/llm_gs/lib/python3.9/site-packages/pygame/.dylibs/libSDL2-2.0.0.dylib (0x10526d390) and /Users/linmuyi/miniconda3/envs/llm_gs/lib/python3.9/site-packages/cv2/.dylibs/libSDL2-2.0.0.dylib (0x13a648958). This may cause spurious casting failures and mysterious crashes. One of the duplicates must be removed or renamed.
objc[45457]: Class SDLMessageBoxPresenter is implemented in both /Users/linmuyi/miniconda3/envs/llm_gs/lib/python3.9/site-packages/pygame/.dylibs/libSDL2-2.0.0.dylib (0x10526d3b8) and /Users/linmuyi/miniconda3/envs/llm_gs/lib/python3.9/site-packages/cv2/.dylibs/libSDL2-2.0.0.dylib (0x13a648980). This may cause spurious casting failures and mysterious crashes. One of the duplicates must be removed or renamed.
objc[45457]: Class SDL_cocoametalview is implemented in both /Users/linmuyi/miniconda3/envs/llm_gs/lib/python3.9/site-packages/pygame/.dylibs/libSDL2-2.0.0.dylib (0x10526d408) and /Users/linmuyi/miniconda3/envs/llm_gs/lib/python3.9/site-packages/cv2/.dylibs/libSDL2-2.0.0.dylib (0x13a6489d0). This may cause spurious casting failures and mysterious crashes. One of the duplicates must be removed or renamed.
objc[45457]: Class SDLOpenGLContext is implemented in both /Users/linmuyi/miniconda3/envs/llm_gs/lib/python3.9/site-packages/pygame/.dylibs/libSDL2-2.0.0.dylib (0x10526d458) and /Users/linmuyi/miniconda3/envs/llm_gs/lib/python3.9/site-packages/cv2/.dylibs/libSDL2-2.0.0.dylib (0x13a648a20). This may cause spurious casting failures and mysterious crashes. One of the duplicates must be removed or renamed.
objc[45457]: Class SDL_ShapeData is implemented in both /Users/linmuyi/miniconda3/envs/llm_gs/lib/python3.9/site-packages/pygame/.dylibs/libSDL2-2.0.0.dylib (0x10526d4d0) and /Users/linmuyi/miniconda3/envs/llm_gs/lib/python3.9/site-packages/cv2/.dylibs/libSDL2-2.0.0.dylib (0x13a648a98). This may cause spurious casting failures and mysterious crashes. One of the duplicates must be removed or renamed.
objc[45457]: Class SDL_CocoaClosure is implemented in both /Users/linmuyi/miniconda3/envs/llm_gs/lib/python3.9/site-packages/pygame/.dylibs/libSDL2-2.0.0.dylib (0x10526d520) and /Users/linmuyi/miniconda3/envs/llm_gs/lib/python3.9/site-packages/cv2/.dylibs/libSDL2-2.0.0.dylib (0x13a648ae8). This may cause spurious casting failures and mysterious crashes. One of the duplicates must be removed or renamed.
objc[45457]: Class SDL_VideoData is implemented in both /Users/linmuyi/miniconda3/envs/llm_gs/lib/python3.9/site-packages/pygame/.dylibs/libSDL2-2.0.0.dylib (0x10526d570) and /Users/linmuyi/miniconda3/envs/llm_gs/lib/python3.9/site-packages/cv2/.dylibs/libSDL2-2.0.0.dylib (0x13a648b38). This may cause spurious casting failures and mysterious crashes. One of the duplicates must be removed or renamed.
objc[45457]: Class SDL_WindowData is implemented in both /Users/linmuyi/miniconda3/envs/llm_gs/lib/python3.9/site-packages/pygame/.dylibs/libSDL2-2.0.0.dylib (0x10526d5c0) and /Users/linmuyi/miniconda3/envs/llm_gs/lib/python3.9/site-packages/cv2/.dylibs/libSDL2-2.0.0.dylib (0x13a648b88). This may cause spurious casting failures and mysterious crashes. One of the duplicates must be removed or renamed.
objc[45457]: Class SDLWindow is implemented in both /Users/linmuyi/miniconda3/envs/llm_gs/lib/python3.9/site-packages/pygame/.dylibs/libSDL2-2.0.0.dylib (0x10526d5e8) and /Users/linmuyi/miniconda3/envs/llm_gs/lib/python3.9/site-packages/cv2/.dylibs/libSDL2-2.0.0.dylib (0x13a648bb0). This may cause spurious casting failures and mysterious crashes. One of the duplicates must be removed or renamed.
objc[45457]: Class Cocoa_WindowListener is implemented in both /Users/linmuyi/miniconda3/envs/llm_gs/lib/python3.9/site-packages/pygame/.dylibs/libSDL2-2.0.0.dylib (0x10526d610) and /Users/linmuyi/miniconda3/envs/llm_gs/lib/python3.9/site-packages/cv2/.dylibs/libSDL2-2.0.0.dylib (0x13a648bd8). This may cause spurious casting failures and mysterious crashes. One of the duplicates must be removed or renamed.
objc[45457]: Class SDLView is implemented in both /Users/linmuyi/miniconda3/envs/llm_gs/lib/python3.9/site-packages/pygame/.dylibs/libSDL2-2.0.0.dylib (0x10526d688) and /Users/linmuyi/miniconda3/envs/llm_gs/lib/python3.9/site-packages/cv2/.dylibs/libSDL2-2.0.0.dylib (0x13a648c50). This may cause spurious casting failures and mysterious crashes. One of the duplicates must be removed or renamed.
objc[45457]: Class METAL_RenderData is implemented in both /Users/linmuyi/miniconda3/envs/llm_gs/lib/python3.9/site-packages/pygame/.dylibs/libSDL2-2.0.0.dylib (0x10526d700) and /Users/linmuyi/miniconda3/envs/llm_gs/lib/python3.9/site-packages/cv2/.dylibs/libSDL2-2.0.0.dylib (0x13a648cc8). This may cause spurious casting failures and mysterious crashes. One of the duplicates must be removed or renamed.
objc[45457]: Class METAL_TextureData is implemented in both /Users/linmuyi/miniconda3/envs/llm_gs/lib/python3.9/site-packages/pygame/.dylibs/libSDL2-2.0.0.dylib (0x10526d750) and /Users/linmuyi/miniconda3/envs/llm_gs/lib/python3.9/site-packages/cv2/.dylibs/libSDL2-2.0.0.dylib (0x13a648d18). This may cause spurious casting failures and mysterious crashes. One of the duplicates must be removed or renamed.
objc[45457]: Class SDL_RumbleMotor is implemented in both /Users/linmuyi/miniconda3/envs/llm_gs/lib/python3.9/site-packages/pygame/.dylibs/libSDL2-2.0.0.dylib (0x10526d778) and /Users/linmuyi/miniconda3/envs/llm_gs/lib/python3.9/site-packages/cv2/.dylibs/libSDL2-2.0.0.dylib (0x13a648d40). This may cause spurious casting failures and mysterious crashes. One of the duplicates must be removed or renamed.
objc[45457]: Class SDL_RumbleContext is implemented in both /Users/linmuyi/miniconda3/envs/llm_gs/lib/python3.9/site-packages/pygame/.dylibs/libSDL2-2.0.0.dylib (0x10526d7c8) and /Users/linmuyi/miniconda3/envs/llm_gs/lib/python3.9/site-packages/cv2/.dylibs/libSDL2-2.0.0.dylib (0x13a648d90). This may cause spurious casting failures and mysterious crashes. One of the duplicates must be removed or renamed.
[rivers_only] 1500000 steps, 30 checkpoints, curriculum

  steps=  50000  held=0.00  gate=0.00  bins=1/3  active= 30  (41s)
  steps= 100000  held=0.10  gate=0.17  bins=1/3  active= 30  (68s)
  steps= 150000  held=0.00  gate=0.08  bins=1/3  active= 30  (122s)
  steps= 200000  held=0.03  gate=0.00  bins=1/3  active= 30  (168s)
  steps= 250000  held=0.03  gate=0.10  bins=1/3  active= 30  (218s)
  steps= 300000  held=0.01  gate=0.11  bins=1/3  active= 30  (272s)
  steps= 350000  held=0.03  gate=0.17  bins=1/3  active= 30  (318s)
  steps= 400000  held=0.03  gate=0.22  bins=2/3  active= 60  [UNLOCK:deadline]  (370s)
  steps= 450000  held=0.03  gate=0.03  bins=2/3  active= 60  (427s)
  steps= 500000  held=0.03  gate=0.00  bins=2/3  active= 60  (463s)
  steps= 550000  held=0.03  gate=0.17  bins=2/3  active= 60  (518s)
  steps= 600000  held=0.00  gate=0.00  bins=2/3  active= 60  (579s)
  steps= 650000  held=0.01  gate=0.01  bins=2/3  active= 60  (643s)
  steps= 700000  held=0.01  gate=0.00  bins=2/3  active= 60  (695s)
  steps= 750000  held=0.02  gate=0.01  bins=2/3  active= 60  (748s)
  steps= 800000  held=0.01  gate=0.00  bins=3/3  active= 90  [UNLOCK:deadline]  (812s)
  steps= 850000  held=0.01  gate=0.01  bins=3/3  active= 90  (845s)
  steps= 900000  held=0.01  gate=0.01  bins=3/3  active= 90  (884s)
  steps= 950000  held=0.01  gate=0.01  bins=3/3  active= 90  (918s)
  steps=1000000  held=0.01  gate=0.01  bins=3/3  active= 90  (952s)
  steps=1050000  held=0.00  gate=0.00  bins=3/3  active= 90  (983s)
  steps=1100000  held=0.00  gate=0.00  bins=3/3  active= 90  (1016s)
  steps=1150000  held=0.00  gate=0.00  bins=3/3  active= 90  (1045s)
  steps=1200000  held=0.00  gate=0.00  bins=3/3  active= 90  (1081s)
  steps=1250000  held=0.00  gate=0.00  bins=3/3  active= 90  (1109s)
  steps=1300000  held=0.03  gate=0.03  bins=3/3  active= 90  (1135s)
  steps=1350000  held=0.02  gate=0.02  bins=3/3  active= 90  (1184s)
  steps=1400000  held=0.05  gate=0.05  bins=3/3  active= 90  (1228s)
  steps=1450000  held=0.01  gate=0.01  bins=3/3  active= 90  (1272s)
  steps=1500000  held=0.00  gate=0.00  bins=3/3  active= 90  (1324s)

[rivers_only] DONE  final held=0.00  steps_to_0.3=NOT REACHED  wall=1324s  -> rivers_only_seed38.json
[rivers_only] per-cell held: s9N1=0.00  s9N2=0.00  s9N3=0.00  s13N1=0.00  s13N2=0.00  s13N3=0.00  s17N1=0.00  s17N2=0.00  s17N3=0.00
