[size_order] train=90 layouts  held-out=36 layouts
objc[69350]: Class SDLApplication is implemented in both /Users/linmuyi/miniconda3/envs/llm_gs/lib/python3.9/site-packages/pygame/.dylibs/libSDL2-2.0.0.dylib (0x106c8d2c8) and /Users/linmuyi/miniconda3/envs/llm_gs/lib/python3.9/site-packages/cv2/.dylibs/libSDL2-2.0.0.dylib (0x1271f0890). This may cause spurious casting failures and mysterious crashes. One of the duplicates must be removed or renamed.
objc[69350]: Class SDLAppDelegate is implemented in both /Users/linmuyi/miniconda3/envs/llm_gs/lib/python3.9/site-packages/pygame/.dylibs/libSDL2-2.0.0.dylib (0x106c8d318) and /Users/linmuyi/miniconda3/envs/llm_gs/lib/python3.9/site-packages/cv2/.dylibs/libSDL2-2.0.0.dylib (0x1271f08e0). This may cause spurious casting failures and mysterious crashes. One of the duplicates must be removed or renamed.
objc[69350]: Class SDLTranslatorResponder is implemented in both /Users/linmuyi/miniconda3/envs/llm_gs/lib/python3.9/site-packages/pygame/.dylibs/libSDL2-2.0.0.dylib (0x106c8d390) and /Users/linmuyi/miniconda3/envs/llm_gs/lib/python3.9/site-packages/cv2/.dylibs/libSDL2-2.0.0.dylib (0x1271f0958). This may cause spurious casting failures and mysterious crashes. One of the duplicates must be removed or renamed.
objc[69350]: Class SDLMessageBoxPresenter is implemented in both /Users/linmuyi/miniconda3/envs/llm_gs/lib/python3.9/site-packages/pygame/.dylibs/libSDL2-2.0.0.dylib (0x106c8d3b8) and /Users/linmuyi/miniconda3/envs/llm_gs/lib/python3.9/site-packages/cv2/.dylibs/libSDL2-2.0.0.dylib (0x1271f0980). This may cause spurious casting failures and mysterious crashes. One of the duplicates must be removed or renamed.
objc[69350]: Class SDL_cocoametalview is implemented in both /Users/linmuyi/miniconda3/envs/llm_gs/lib/python3.9/site-packages/pygame/.dylibs/libSDL2-2.0.0.dylib (0x106c8d408) and /Users/linmuyi/miniconda3/envs/llm_gs/lib/python3.9/site-packages/cv2/.dylibs/libSDL2-2.0.0.dylib (0x1271f09d0). This may cause spurious casting failures and mysterious crashes. One of the duplicates must be removed or renamed.
objc[69350]: Class SDLOpenGLContext is implemented in both /Users/linmuyi/miniconda3/envs/llm_gs/lib/python3.9/site-packages/pygame/.dylibs/libSDL2-2.0.0.dylib (0x106c8d458) and /Users/linmuyi/miniconda3/envs/llm_gs/lib/python3.9/site-packages/cv2/.dylibs/libSDL2-2.0.0.dylib (0x1271f0a20). This may cause spurious casting failures and mysterious crashes. One of the duplicates must be removed or renamed.
objc[69350]: Class SDL_ShapeData is implemented in both /Users/linmuyi/miniconda3/envs/llm_gs/lib/python3.9/site-packages/pygame/.dylibs/libSDL2-2.0.0.dylib (0x106c8d4d0) and /Users/linmuyi/miniconda3/envs/llm_gs/lib/python3.9/site-packages/cv2/.dylibs/libSDL2-2.0.0.dylib (0x1271f0a98). This may cause spurious casting failures and mysterious crashes. One of the duplicates must be removed or renamed.
objc[69350]: Class SDL_CocoaClosure is implemented in both /Users/linmuyi/miniconda3/envs/llm_gs/lib/python3.9/site-packages/pygame/.dylibs/libSDL2-2.0.0.dylib (0x106c8d520) and /Users/linmuyi/miniconda3/envs/llm_gs/lib/python3.9/site-packages/cv2/.dylibs/libSDL2-2.0.0.dylib (0x1271f0ae8). This may cause spurious casting failures and mysterious crashes. One of the duplicates must be removed or renamed.
objc[69350]: Class SDL_VideoData is implemented in both /Users/linmuyi/miniconda3/envs/llm_gs/lib/python3.9/site-packages/pygame/.dylibs/libSDL2-2.0.0.dylib (0x106c8d570) and /Users/linmuyi/miniconda3/envs/llm_gs/lib/python3.9/site-packages/cv2/.dylibs/libSDL2-2.0.0.dylib (0x1271f0b38). This may cause spurious casting failures and mysterious crashes. One of the duplicates must be removed or renamed.
objc[69350]: Class SDL_WindowData is implemented in both /Users/linmuyi/miniconda3/envs/llm_gs/lib/python3.9/site-packages/pygame/.dylibs/libSDL2-2.0.0.dylib (0x106c8d5c0) and /Users/linmuyi/miniconda3/envs/llm_gs/lib/python3.9/site-packages/cv2/.dylibs/libSDL2-2.0.0.dylib (0x1271f0b88). This may cause spurious casting failures and mysterious crashes. One of the duplicates must be removed or renamed.
objc[69350]: Class SDLWindow is implemented in both /Users/linmuyi/miniconda3/envs/llm_gs/lib/python3.9/site-packages/pygame/.dylibs/libSDL2-2.0.0.dylib (0x106c8d5e8) and /Users/linmuyi/miniconda3/envs/llm_gs/lib/python3.9/site-packages/cv2/.dylibs/libSDL2-2.0.0.dylib (0x1271f0bb0). This may cause spurious casting failures and mysterious crashes. One of the duplicates must be removed or renamed.
objc[69350]: Class Cocoa_WindowListener is implemented in both /Users/linmuyi/miniconda3/envs/llm_gs/lib/python3.9/site-packages/pygame/.dylibs/libSDL2-2.0.0.dylib (0x106c8d610) and /Users/linmuyi/miniconda3/envs/llm_gs/lib/python3.9/site-packages/cv2/.dylibs/libSDL2-2.0.0.dylib (0x1271f0bd8). This may cause spurious casting failures and mysterious crashes. One of the duplicates must be removed or renamed.
objc[69350]: Class SDLView is implemented in both /Users/linmuyi/miniconda3/envs/llm_gs/lib/python3.9/site-packages/pygame/.dylibs/libSDL2-2.0.0.dylib (0x106c8d688) and /Users/linmuyi/miniconda3/envs/llm_gs/lib/python3.9/site-packages/cv2/.dylibs/libSDL2-2.0.0.dylib (0x1271f0c50). This may cause spurious casting failures and mysterious crashes. One of the duplicates must be removed or renamed.
objc[69350]: Class METAL_RenderData is implemented in both /Users/linmuyi/miniconda3/envs/llm_gs/lib/python3.9/site-packages/pygame/.dylibs/libSDL2-2.0.0.dylib (0x106c8d700) and /Users/linmuyi/miniconda3/envs/llm_gs/lib/python3.9/site-packages/cv2/.dylibs/libSDL2-2.0.0.dylib (0x1271f0cc8). This may cause spurious casting failures and mysterious crashes. One of the duplicates must be removed or renamed.
objc[69350]: Class METAL_TextureData is implemented in both /Users/linmuyi/miniconda3/envs/llm_gs/lib/python3.9/site-packages/pygame/.dylibs/libSDL2-2.0.0.dylib (0x106c8d750) and /Users/linmuyi/miniconda3/envs/llm_gs/lib/python3.9/site-packages/cv2/.dylibs/libSDL2-2.0.0.dylib (0x1271f0d18). This may cause spurious casting failures and mysterious crashes. One of the duplicates must be removed or renamed.
objc[69350]: Class SDL_RumbleMotor is implemented in both /Users/linmuyi/miniconda3/envs/llm_gs/lib/python3.9/site-packages/pygame/.dylibs/libSDL2-2.0.0.dylib (0x106c8d778) and /Users/linmuyi/miniconda3/envs/llm_gs/lib/python3.9/site-packages/cv2/.dylibs/libSDL2-2.0.0.dylib (0x1271f0d40). This may cause spurious casting failures and mysterious crashes. One of the duplicates must be removed or renamed.
objc[69350]: Class SDL_RumbleContext is implemented in both /Users/linmuyi/miniconda3/envs/llm_gs/lib/python3.9/site-packages/pygame/.dylibs/libSDL2-2.0.0.dylib (0x106c8d7c8) and /Users/linmuyi/miniconda3/envs/llm_gs/lib/python3.9/site-packages/cv2/.dylibs/libSDL2-2.0.0.dylib (0x1271f0d90). This may cause spurious casting failures and mysterious crashes. One of the duplicates must be removed or renamed.
[size_order] 1500000 steps, 30 checkpoints, curriculum

  steps=  50000  held=0.11  gate=0.19  bins=1/3  active= 30  (30s)
  steps= 100000  held=0.14  gate=0.17  bins=1/3  active= 30  (57s)
  steps= 150000  held=0.14  gate=0.28  bins=1/3  active= 30  (99s)
  steps= 200000  held=0.14  gate=0.11  bins=1/3  active= 30  (142s)
  steps= 250000  held=0.00  gate=0.00  bins=1/3  active= 30  (200s)
  steps= 300000  held=0.12  gate=0.21  bins=1/3  active= 30  (232s)
  steps= 350000  held=0.11  gate=0.12  bins=1/3  active= 30  (281s)
  steps= 400000  held=0.14  gate=0.17  bins=2/3  active= 60  [UNLOCK:deadline]  (323s)
  steps= 450000  held=0.24  gate=0.12  bins=2/3  active= 60  (371s)
  steps= 500000  held=0.24  gate=0.43  bins=2/3  active= 60  (426s)
  steps= 550000  held=0.40  gate=0.46  bins=2/3  active= 60  (468s)
  steps= 600000  held=0.22  gate=0.33  bins=2/3  active= 60  (521s)
  steps= 650000  held=0.17  gate=0.49  bins=2/3  active= 60  (580s)
  steps= 700000  held=0.46  gate=0.46  bins=2/3  active= 60  (630s)
  steps= 750000  held=0.40  gate=0.51  bins=2/3  active= 60  (680s)
  steps= 800000  held=0.55  gate=0.69  bins=3/3  active= 90  [UNLOCK:gate]  (727s)
  steps= 850000  held=0.59  gate=0.59  bins=3/3  active= 90  (777s)
  steps= 900000  held=0.61  gate=0.61  bins=3/3  active= 90  (848s)
  steps= 950000  held=0.37  gate=0.37  bins=3/3  active= 90  (931s)
  steps=1000000  held=0.30  gate=0.30  bins=3/3  active= 90  (973s)
  steps=1050000  held=0.35  gate=0.35  bins=3/3  active= 90  (1021s)
  steps=1100000  held=0.39  gate=0.39  bins=3/3  active= 90  (1067s)
  steps=1150000  held=0.26  gate=0.26  bins=3/3  active= 90  (1117s)
  steps=1200000  held=0.38  gate=0.38  bins=3/3  active= 90  (1164s)
  steps=1250000  held=0.60  gate=0.60  bins=3/3  active= 90  (1204s)
  steps=1300000  held=0.48  gate=0.48  bins=3/3  active= 90  (1246s)
  steps=1350000  held=0.63  gate=0.63  bins=3/3  active= 90  (1286s)
  steps=1400000  held=0.52  gate=0.52  bins=3/3  active= 90  (1331s)
  steps=1450000  held=0.39  gate=0.39  bins=3/3  active= 90  (1379s)
  steps=1500000  held=0.61  gate=0.61  bins=3/3  active= 90  (1418s)

[size_order] DONE  final held=0.61  steps_to_0.3=550,000  wall=1418s  -> size_order_seed10.json
[size_order] per-cell held: s9N1=0.56  s9N2=0.69  s9N3=0.00  s13N1=0.94  s13N2=0.56  s13N3=0.50  s17N1=0.75  s17N2=0.81  s17N3=0.69
