[grader] train=90 layouts  held-out=36 layouts
objc[46864]: Class SDLApplication is implemented in both /Users/linmuyi/miniconda3/envs/llm_gs/lib/python3.9/site-packages/pygame/.dylibs/libSDL2-2.0.0.dylib (0x1149852c8) and /Users/linmuyi/miniconda3/envs/llm_gs/lib/python3.9/site-packages/cv2/.dylibs/libSDL2-2.0.0.dylib (0x16fd14890). This may cause spurious casting failures and mysterious crashes. One of the duplicates must be removed or renamed.
objc[46864]: Class SDLAppDelegate is implemented in both /Users/linmuyi/miniconda3/envs/llm_gs/lib/python3.9/site-packages/pygame/.dylibs/libSDL2-2.0.0.dylib (0x114985318) and /Users/linmuyi/miniconda3/envs/llm_gs/lib/python3.9/site-packages/cv2/.dylibs/libSDL2-2.0.0.dylib (0x16fd148e0). This may cause spurious casting failures and mysterious crashes. One of the duplicates must be removed or renamed.
objc[46864]: Class SDLTranslatorResponder is implemented in both /Users/linmuyi/miniconda3/envs/llm_gs/lib/python3.9/site-packages/pygame/.dylibs/libSDL2-2.0.0.dylib (0x114985390) and /Users/linmuyi/miniconda3/envs/llm_gs/lib/python3.9/site-packages/cv2/.dylibs/libSDL2-2.0.0.dylib (0x16fd14958). This may cause spurious casting failures and mysterious crashes. One of the duplicates must be removed or renamed.
objc[46864]: Class SDLMessageBoxPresenter is implemented in both /Users/linmuyi/miniconda3/envs/llm_gs/lib/python3.9/site-packages/pygame/.dylibs/libSDL2-2.0.0.dylib (0x1149853b8) and /Users/linmuyi/miniconda3/envs/llm_gs/lib/python3.9/site-packages/cv2/.dylibs/libSDL2-2.0.0.dylib (0x16fd14980). This may cause spurious casting failures and mysterious crashes. One of the duplicates must be removed or renamed.
objc[46864]: Class SDL_cocoametalview is implemented in both /Users/linmuyi/miniconda3/envs/llm_gs/lib/python3.9/site-packages/pygame/.dylibs/libSDL2-2.0.0.dylib (0x114985408) and /Users/linmuyi/miniconda3/envs/llm_gs/lib/python3.9/site-packages/cv2/.dylibs/libSDL2-2.0.0.dylib (0x16fd149d0). This may cause spurious casting failures and mysterious crashes. One of the duplicates must be removed or renamed.
objc[46864]: Class SDLOpenGLContext is implemented in both /Users/linmuyi/miniconda3/envs/llm_gs/lib/python3.9/site-packages/pygame/.dylibs/libSDL2-2.0.0.dylib (0x114985458) and /Users/linmuyi/miniconda3/envs/llm_gs/lib/python3.9/site-packages/cv2/.dylibs/libSDL2-2.0.0.dylib (0x16fd14a20). This may cause spurious casting failures and mysterious crashes. One of the duplicates must be removed or renamed.
objc[46864]: Class SDL_ShapeData is implemented in both /Users/linmuyi/miniconda3/envs/llm_gs/lib/python3.9/site-packages/pygame/.dylibs/libSDL2-2.0.0.dylib (0x1149854d0) and /Users/linmuyi/miniconda3/envs/llm_gs/lib/python3.9/site-packages/cv2/.dylibs/libSDL2-2.0.0.dylib (0x16fd14a98). This may cause spurious casting failures and mysterious crashes. One of the duplicates must be removed or renamed.
objc[46864]: Class SDL_CocoaClosure is implemented in both /Users/linmuyi/miniconda3/envs/llm_gs/lib/python3.9/site-packages/pygame/.dylibs/libSDL2-2.0.0.dylib (0x114985520) and /Users/linmuyi/miniconda3/envs/llm_gs/lib/python3.9/site-packages/cv2/.dylibs/libSDL2-2.0.0.dylib (0x16fd14ae8). This may cause spurious casting failures and mysterious crashes. One of the duplicates must be removed or renamed.
objc[46864]: Class SDL_VideoData is implemented in both /Users/linmuyi/miniconda3/envs/llm_gs/lib/python3.9/site-packages/pygame/.dylibs/libSDL2-2.0.0.dylib (0x114985570) and /Users/linmuyi/miniconda3/envs/llm_gs/lib/python3.9/site-packages/cv2/.dylibs/libSDL2-2.0.0.dylib (0x16fd14b38). This may cause spurious casting failures and mysterious crashes. One of the duplicates must be removed or renamed.
objc[46864]: Class SDL_WindowData is implemented in both /Users/linmuyi/miniconda3/envs/llm_gs/lib/python3.9/site-packages/pygame/.dylibs/libSDL2-2.0.0.dylib (0x1149855c0) and /Users/linmuyi/miniconda3/envs/llm_gs/lib/python3.9/site-packages/cv2/.dylibs/libSDL2-2.0.0.dylib (0x16fd14b88). This may cause spurious casting failures and mysterious crashes. One of the duplicates must be removed or renamed.
objc[46864]: Class SDLWindow is implemented in both /Users/linmuyi/miniconda3/envs/llm_gs/lib/python3.9/site-packages/pygame/.dylibs/libSDL2-2.0.0.dylib (0x1149855e8) and /Users/linmuyi/miniconda3/envs/llm_gs/lib/python3.9/site-packages/cv2/.dylibs/libSDL2-2.0.0.dylib (0x16fd14bb0). This may cause spurious casting failures and mysterious crashes. One of the duplicates must be removed or renamed.
objc[46864]: Class Cocoa_WindowListener is implemented in both /Users/linmuyi/miniconda3/envs/llm_gs/lib/python3.9/site-packages/pygame/.dylibs/libSDL2-2.0.0.dylib (0x114985610) and /Users/linmuyi/miniconda3/envs/llm_gs/lib/python3.9/site-packages/cv2/.dylibs/libSDL2-2.0.0.dylib (0x16fd14bd8). This may cause spurious casting failures and mysterious crashes. One of the duplicates must be removed or renamed.
objc[46864]: Class SDLView is implemented in both /Users/linmuyi/miniconda3/envs/llm_gs/lib/python3.9/site-packages/pygame/.dylibs/libSDL2-2.0.0.dylib (0x114985688) and /Users/linmuyi/miniconda3/envs/llm_gs/lib/python3.9/site-packages/cv2/.dylibs/libSDL2-2.0.0.dylib (0x16fd14c50). This may cause spurious casting failures and mysterious crashes. One of the duplicates must be removed or renamed.
objc[46864]: Class METAL_RenderData is implemented in both /Users/linmuyi/miniconda3/envs/llm_gs/lib/python3.9/site-packages/pygame/.dylibs/libSDL2-2.0.0.dylib (0x114985700) and /Users/linmuyi/miniconda3/envs/llm_gs/lib/python3.9/site-packages/cv2/.dylibs/libSDL2-2.0.0.dylib (0x16fd14cc8). This may cause spurious casting failures and mysterious crashes. One of the duplicates must be removed or renamed.
objc[46864]: Class METAL_TextureData is implemented in both /Users/linmuyi/miniconda3/envs/llm_gs/lib/python3.9/site-packages/pygame/.dylibs/libSDL2-2.0.0.dylib (0x114985750) and /Users/linmuyi/miniconda3/envs/llm_gs/lib/python3.9/site-packages/cv2/.dylibs/libSDL2-2.0.0.dylib (0x16fd14d18). This may cause spurious casting failures and mysterious crashes. One of the duplicates must be removed or renamed.
objc[46864]: Class SDL_RumbleMotor is implemented in both /Users/linmuyi/miniconda3/envs/llm_gs/lib/python3.9/site-packages/pygame/.dylibs/libSDL2-2.0.0.dylib (0x114985778) and /Users/linmuyi/miniconda3/envs/llm_gs/lib/python3.9/site-packages/cv2/.dylibs/libSDL2-2.0.0.dylib (0x16fd14d40). This may cause spurious casting failures and mysterious crashes. One of the duplicates must be removed or renamed.
objc[46864]: Class SDL_RumbleContext is implemented in both /Users/linmuyi/miniconda3/envs/llm_gs/lib/python3.9/site-packages/pygame/.dylibs/libSDL2-2.0.0.dylib (0x1149857c8) and /Users/linmuyi/miniconda3/envs/llm_gs/lib/python3.9/site-packages/cv2/.dylibs/libSDL2-2.0.0.dylib (0x16fd14d90). This may cause spurious casting failures and mysterious crashes. One of the duplicates must be removed or renamed.
[grader] 1500000 steps, 30 checkpoints, curriculum

  steps=  50000  held=0.00  gate=0.01  bins=1/3  active= 30  (36s)
  steps= 100000  held=0.11  gate=0.08  bins=1/3  active= 30  (67s)
  steps= 150000  held=0.15  gate=0.22  bins=1/3  active= 30  (110s)
  steps= 200000  held=0.14  gate=0.04  bins=1/3  active= 30  (144s)
  steps= 250000  held=0.17  gate=0.33  bins=1/3  active= 30  (185s)
  steps= 300000  held=0.19  gate=0.35  bins=1/3  active= 30  (223s)
  steps= 350000  held=0.25  gate=0.33  bins=1/3  active= 30  (273s)
  steps= 400000  held=0.36  gate=0.49  bins=2/3  active= 60  [UNLOCK:deadline]  (319s)
  steps= 450000  held=0.32  gate=0.21  bins=2/3  active= 60  (355s)
  steps= 500000  held=0.40  gate=0.43  bins=2/3  active= 60  (401s)
  steps= 550000  held=0.41  gate=0.50  bins=2/3  active= 60  (448s)
  steps= 600000  held=0.38  gate=0.42  bins=2/3  active= 60  (495s)
  steps= 650000  held=0.47  gate=0.39  bins=2/3  active= 60  (541s)
  steps= 700000  held=0.61  gate=0.65  bins=3/3  active= 90  [UNLOCK:gate]  (580s)
  steps= 750000  held=0.67  gate=0.67  bins=3/3  active= 90  (615s)
  steps= 800000  held=0.74  gate=0.74  bins=3/3  active= 90  (650s)
  steps= 850000  held=0.76  gate=0.76  bins=3/3  active= 90  (681s)
  steps= 900000  held=0.85  gate=0.85  bins=3/3  active= 90  (712s)
  steps= 950000  held=0.83  gate=0.83  bins=3/3  active= 90  (743s)
  steps=1000000  held=0.78  gate=0.78  bins=3/3  active= 90  (775s)
  steps=1050000  held=0.78  gate=0.78  bins=3/3  active= 90  (808s)
  steps=1100000  held=0.76  gate=0.76  bins=3/3  active= 90  (841s)
  steps=1150000  held=0.78  gate=0.78  bins=3/3  active= 90  (875s)
  steps=1200000  held=0.67  gate=0.67  bins=3/3  active= 90  (911s)
  steps=1250000  held=0.81  gate=0.81  bins=3/3  active= 90  (944s)
  steps=1300000  held=0.88  gate=0.88  bins=3/3  active= 90  (974s)
  steps=1350000  held=0.72  gate=0.72  bins=3/3  active= 90  (1010s)
  steps=1400000  held=0.78  gate=0.78  bins=3/3  active= 90  (1042s)
  steps=1450000  held=0.81  gate=0.81  bins=3/3  active= 90  (1073s)
  steps=1500000  held=0.83  gate=0.83  bins=3/3  active= 90  (1105s)

[grader] DONE  final held=0.83  steps_to_0.3=400,000  wall=1105s  -> grader_seed17.json
[grader] per-cell held: s9N1=1.00  s9N2=0.75  s9N3=0.50  s13N1=0.94  s13N2=1.00  s13N3=0.50  s17N1=0.94  s17N2=1.00  s17N3=0.88
