[rivers_only] train=90 layouts  held-out=36 layouts
objc[80410]: Class SDLApplication is implemented in both /Users/linmuyi/miniconda3/envs/llm_gs/lib/python3.9/site-packages/pygame/.dylibs/libSDL2-2.0.0.dylib (0x1217752c8) and /Users/linmuyi/miniconda3/envs/llm_gs/lib/python3.9/site-packages/cv2/.dylibs/libSDL2-2.0.0.dylib (0x16c0c0890). This may cause spurious casting failures and mysterious crashes. One of the duplicates must be removed or renamed.
objc[80410]: Class SDLAppDelegate is implemented in both /Users/linmuyi/miniconda3/envs/llm_gs/lib/python3.9/site-packages/pygame/.dylibs/libSDL2-2.0.0.dylib (0x121775318) and /Users/linmuyi/miniconda3/envs/llm_gs/lib/python3.9/site-packages/cv2/.dylibs/libSDL2-2.0.0.dylib (0x16c0c08e0). This may cause spurious casting failures and mysterious crashes. One of the duplicates must be removed or renamed.
objc[80410]: Class SDLTranslatorResponder is implemented in both /Users/linmuyi/miniconda3/envs/llm_gs/lib/python3.9/site-packages/pygame/.dylibs/libSDL2-2.0.0.dylib (0x121775390) and /Users/linmuyi/miniconda3/envs/llm_gs/lib/python3.9/site-packages/cv2/.dylibs/libSDL2-2.0.0.dylib (0x16c0c0958). This may cause spurious casting failures and mysterious crashes. One of the duplicates must be removed or renamed.
objc[80410]: Class SDLMessageBoxPresenter is implemented in both /Users/linmuyi/miniconda3/envs/llm_gs/lib/python3.9/site-packages/pygame/.dylibs/libSDL2-2.0.0.dylib (0x1217753b8) and /Users/linmuyi/miniconda3/envs/llm_gs/lib/python3.9/site-packages/cv2/.dylibs/libSDL2-2.0.0.dylib (0x16c0c0980). This may cause spurious casting failures and mysterious crashes. One of the duplicates must be removed or renamed.
objc[80410]: Class SDL_cocoametalview is implemented in both /Users/linmuyi/miniconda3/envs/llm_gs/lib/python3.9/site-packages/pygame/.dylibs/libSDL2-2.0.0.dylib (0x121775408) and /Users/linmuyi/miniconda3/envs/llm_gs/lib/python3.9/site-packages/cv2/.dylibs/libSDL2-2.0.0.dylib (0x16c0c09d0). This may cause spurious casting failures and mysterious crashes. One of the duplicates must be removed or renamed.
objc[80410]: Class SDLOpenGLContext is implemented in both /Users/linmuyi/miniconda3/envs/llm_gs/lib/python3.9/site-packages/pygame/.dylibs/libSDL2-2.0.0.dylib (0x121775458) and /Users/linmuyi/miniconda3/envs/llm_gs/lib/python3.9/site-packages/cv2/.dylibs/libSDL2-2.0.0.dylib (0x16c0c0a20). This may cause spurious casting failures and mysterious crashes. One of the duplicates must be removed or renamed.
objc[80410]: Class SDL_ShapeData is implemented in both /Users/linmuyi/miniconda3/envs/llm_gs/lib/python3.9/site-packages/pygame/.dylibs/libSDL2-2.0.0.dylib (0x1217754d0) and /Users/linmuyi/miniconda3/envs/llm_gs/lib/python3.9/site-packages/cv2/.dylibs/libSDL2-2.0.0.dylib (0x16c0c0a98). This may cause spurious casting failures and mysterious crashes. One of the duplicates must be removed or renamed.
objc[80410]: Class SDL_CocoaClosure is implemented in both /Users/linmuyi/miniconda3/envs/llm_gs/lib/python3.9/site-packages/pygame/.dylibs/libSDL2-2.0.0.dylib (0x121775520) and /Users/linmuyi/miniconda3/envs/llm_gs/lib/python3.9/site-packages/cv2/.dylibs/libSDL2-2.0.0.dylib (0x16c0c0ae8). This may cause spurious casting failures and mysterious crashes. One of the duplicates must be removed or renamed.
objc[80410]: Class SDL_VideoData is implemented in both /Users/linmuyi/miniconda3/envs/llm_gs/lib/python3.9/site-packages/pygame/.dylibs/libSDL2-2.0.0.dylib (0x121775570) and /Users/linmuyi/miniconda3/envs/llm_gs/lib/python3.9/site-packages/cv2/.dylibs/libSDL2-2.0.0.dylib (0x16c0c0b38). This may cause spurious casting failures and mysterious crashes. One of the duplicates must be removed or renamed.
objc[80410]: Class SDL_WindowData is implemented in both /Users/linmuyi/miniconda3/envs/llm_gs/lib/python3.9/site-packages/pygame/.dylibs/libSDL2-2.0.0.dylib (0x1217755c0) and /Users/linmuyi/miniconda3/envs/llm_gs/lib/python3.9/site-packages/cv2/.dylibs/libSDL2-2.0.0.dylib (0x16c0c0b88). This may cause spurious casting failures and mysterious crashes. One of the duplicates must be removed or renamed.
objc[80410]: Class SDLWindow is implemented in both /Users/linmuyi/miniconda3/envs/llm_gs/lib/python3.9/site-packages/pygame/.dylibs/libSDL2-2.0.0.dylib (0x1217755e8) and /Users/linmuyi/miniconda3/envs/llm_gs/lib/python3.9/site-packages/cv2/.dylibs/libSDL2-2.0.0.dylib (0x16c0c0bb0). This may cause spurious casting failures and mysterious crashes. One of the duplicates must be removed or renamed.
objc[80410]: Class Cocoa_WindowListener is implemented in both /Users/linmuyi/miniconda3/envs/llm_gs/lib/python3.9/site-packages/pygame/.dylibs/libSDL2-2.0.0.dylib (0x121775610) and /Users/linmuyi/miniconda3/envs/llm_gs/lib/python3.9/site-packages/cv2/.dylibs/libSDL2-2.0.0.dylib (0x16c0c0bd8). This may cause spurious casting failures and mysterious crashes. One of the duplicates must be removed or renamed.
objc[80410]: Class SDLView is implemented in both /Users/linmuyi/miniconda3/envs/llm_gs/lib/python3.9/site-packages/pygame/.dylibs/libSDL2-2.0.0.dylib (0x121775688) and /Users/linmuyi/miniconda3/envs/llm_gs/lib/python3.9/site-packages/cv2/.dylibs/libSDL2-2.0.0.dylib (0x16c0c0c50). This may cause spurious casting failures and mysterious crashes. One of the duplicates must be removed or renamed.
objc[80410]: Class METAL_RenderData is implemented in both /Users/linmuyi/miniconda3/envs/llm_gs/lib/python3.9/site-packages/pygame/.dylibs/libSDL2-2.0.0.dylib (0x121775700) and /Users/linmuyi/miniconda3/envs/llm_gs/lib/python3.9/site-packages/cv2/.dylibs/libSDL2-2.0.0.dylib (0x16c0c0cc8). This may cause spurious casting failures and mysterious crashes. One of the duplicates must be removed or renamed.
objc[80410]: Class METAL_TextureData is implemented in both /Users/linmuyi/miniconda3/envs/llm_gs/lib/python3.9/site-packages/pygame/.dylibs/libSDL2-2.0.0.dylib (0x121775750) and /Users/linmuyi/miniconda3/envs/llm_gs/lib/python3.9/site-packages/cv2/.dylibs/libSDL2-2.0.0.dylib (0x16c0c0d18). This may cause spurious casting failures and mysterious crashes. One of the duplicates must be removed or renamed.
objc[80410]: Class SDL_RumbleMotor is implemented in both /Users/linmuyi/miniconda3/envs/llm_gs/lib/python3.9/site-packages/pygame/.dylibs/libSDL2-2.0.0.dylib (0x121775778) and /Users/linmuyi/miniconda3/envs/llm_gs/lib/python3.9/site-packages/cv2/.dylibs/libSDL2-2.0.0.dylib (0x16c0c0d40). This may cause spurious casting failures and mysterious crashes. One of the duplicates must be removed or renamed.
objc[80410]: Class SDL_RumbleContext is implemented in both /Users/linmuyi/miniconda3/envs/llm_gs/lib/python3.9/site-packages/pygame/.dylibs/libSDL2-2.0.0.dylib (0x1217757c8) and /Users/linmuyi/miniconda3/envs/llm_gs/lib/python3.9/site-packages/cv2/.dylibs/libSDL2-2.0.0.dylib (0x16c0c0d90). This may cause spurious casting failures and mysterious crashes. One of the duplicates must be removed or renamed.
[rivers_only] 1500000 steps, 30 checkpoints, curriculum

  steps=  50000  held=0.00  gate=0.00  bins=1/3  active= 30  (56s)
  steps= 100000  held=0.00  gate=0.01  bins=1/3  active= 30  (112s)
  steps= 150000  held=0.00  gate=0.00  bins=1/3  active= 30  (193s)
  steps= 200000  held=0.00  gate=0.00  bins=1/3  active= 30  (263s)
  steps= 250000  held=0.00  gate=0.00  bins=1/3  active= 30  (343s)
  steps= 300000  held=0.00  gate=0.00  bins=1/3  active= 30  (428s)
  steps= 350000  held=0.00  gate=0.00  bins=1/3  active= 30  (492s)
  steps= 400000  held=0.00  gate=0.03  bins=2/3  active= 60  [UNLOCK:deadline]  (560s)
  steps= 450000  held=0.00  gate=0.00  bins=2/3  active= 60  (635s)
  steps= 500000  held=0.00  gate=0.00  bins=2/3  active= 60  (717s)
  steps= 550000  held=0.00  gate=0.00  bins=2/3  active= 60  (795s)
  steps= 600000  held=0.01  gate=0.00  bins=2/3  active= 60  (862s)
  steps= 650000  held=0.01  gate=0.00  bins=2/3  active= 60  (929s)
  steps= 700000  held=0.00  gate=0.00  bins=2/3  active= 60  (998s)
  steps= 750000  held=0.00  gate=0.00  bins=2/3  active= 60  (1047s)
  steps= 800000  held=0.00  gate=0.00  bins=3/3  active= 90  [UNLOCK:deadline]  (1121s)
  steps= 850000  held=0.00  gate=0.00  bins=3/3  active= 90  (1174s)
  steps= 900000  held=0.01  gate=0.01  bins=3/3  active= 90  (1226s)
  steps= 950000  held=0.00  gate=0.00  bins=3/3  active= 90  (1277s)
  steps=1000000  held=0.03  gate=0.03  bins=3/3  active= 90  (1336s)
  steps=1050000  held=0.01  gate=0.01  bins=3/3  active= 90  (1399s)
  steps=1100000  held=0.11  gate=0.11  bins=3/3  active= 90  (1448s)
  steps=1150000  held=0.01  gate=0.01  bins=3/3  active= 90  (1527s)
  steps=1200000  held=0.01  gate=0.01  bins=3/3  active= 90  (1600s)
  steps=1250000  held=0.01  gate=0.01  bins=3/3  active= 90  (1673s)
  steps=1300000  held=0.00  gate=0.00  bins=3/3  active= 90  (1746s)
  steps=1350000  held=0.00  gate=0.00  bins=3/3  active= 90  (1815s)
  steps=1400000  held=0.00  gate=0.00  bins=3/3  active= 90  (1889s)
  steps=1450000  held=0.00  gate=0.00  bins=3/3  active= 90  (1953s)
  steps=1500000  held=0.00  gate=0.00  bins=3/3  active= 90  (2009s)

[rivers_only] DONE  final held=0.00  steps_to_0.3=NOT REACHED  wall=2009s  -> rivers_only_seed28.json
[rivers_only] per-cell held: s9N1=0.00  s9N2=0.00  s9N3=0.00  s13N1=0.00  s13N2=0.00  s13N3=0.00  s17N1=0.00  s17N2=0.00  s17N3=0.00
