[rivers_only] train=90 layouts  held-out=36 layouts
objc[72460]: Class SDLApplication is implemented in both /Users/linmuyi/miniconda3/envs/llm_gs/lib/python3.9/site-packages/pygame/.dylibs/libSDL2-2.0.0.dylib (0x10db612c8) and /Users/linmuyi/miniconda3/envs/llm_gs/lib/python3.9/site-packages/cv2/.dylibs/libSDL2-2.0.0.dylib (0x136f34890). This may cause spurious casting failures and mysterious crashes. One of the duplicates must be removed or renamed.
objc[72460]: Class SDLAppDelegate is implemented in both /Users/linmuyi/miniconda3/envs/llm_gs/lib/python3.9/site-packages/pygame/.dylibs/libSDL2-2.0.0.dylib (0x10db61318) and /Users/linmuyi/miniconda3/envs/llm_gs/lib/python3.9/site-packages/cv2/.dylibs/libSDL2-2.0.0.dylib (0x136f348e0). This may cause spurious casting failures and mysterious crashes. One of the duplicates must be removed or renamed.
objc[72460]: Class SDLTranslatorResponder is implemented in both /Users/linmuyi/miniconda3/envs/llm_gs/lib/python3.9/site-packages/pygame/.dylibs/libSDL2-2.0.0.dylib (0x10db61390) and /Users/linmuyi/miniconda3/envs/llm_gs/lib/python3.9/site-packages/cv2/.dylibs/libSDL2-2.0.0.dylib (0x136f34958). This may cause spurious casting failures and mysterious crashes. One of the duplicates must be removed or renamed.
objc[72460]: Class SDLMessageBoxPresenter is implemented in both /Users/linmuyi/miniconda3/envs/llm_gs/lib/python3.9/site-packages/pygame/.dylibs/libSDL2-2.0.0.dylib (0x10db613b8) and /Users/linmuyi/miniconda3/envs/llm_gs/lib/python3.9/site-packages/cv2/.dylibs/libSDL2-2.0.0.dylib (0x136f34980). This may cause spurious casting failures and mysterious crashes. One of the duplicates must be removed or renamed.
objc[72460]: Class SDL_cocoametalview is implemented in both /Users/linmuyi/miniconda3/envs/llm_gs/lib/python3.9/site-packages/pygame/.dylibs/libSDL2-2.0.0.dylib (0x10db61408) and /Users/linmuyi/miniconda3/envs/llm_gs/lib/python3.9/site-packages/cv2/.dylibs/libSDL2-2.0.0.dylib (0x136f349d0). This may cause spurious casting failures and mysterious crashes. One of the duplicates must be removed or renamed.
objc[72460]: Class SDLOpenGLContext is implemented in both /Users/linmuyi/miniconda3/envs/llm_gs/lib/python3.9/site-packages/pygame/.dylibs/libSDL2-2.0.0.dylib (0x10db61458) and /Users/linmuyi/miniconda3/envs/llm_gs/lib/python3.9/site-packages/cv2/.dylibs/libSDL2-2.0.0.dylib (0x136f34a20). This may cause spurious casting failures and mysterious crashes. One of the duplicates must be removed or renamed.
objc[72460]: Class SDL_ShapeData is implemented in both /Users/linmuyi/miniconda3/envs/llm_gs/lib/python3.9/site-packages/pygame/.dylibs/libSDL2-2.0.0.dylib (0x10db614d0) and /Users/linmuyi/miniconda3/envs/llm_gs/lib/python3.9/site-packages/cv2/.dylibs/libSDL2-2.0.0.dylib (0x136f34a98). This may cause spurious casting failures and mysterious crashes. One of the duplicates must be removed or renamed.
objc[72460]: Class SDL_CocoaClosure is implemented in both /Users/linmuyi/miniconda3/envs/llm_gs/lib/python3.9/site-packages/pygame/.dylibs/libSDL2-2.0.0.dylib (0x10db61520) and /Users/linmuyi/miniconda3/envs/llm_gs/lib/python3.9/site-packages/cv2/.dylibs/libSDL2-2.0.0.dylib (0x136f34ae8). This may cause spurious casting failures and mysterious crashes. One of the duplicates must be removed or renamed.
objc[72460]: Class SDL_VideoData is implemented in both /Users/linmuyi/miniconda3/envs/llm_gs/lib/python3.9/site-packages/pygame/.dylibs/libSDL2-2.0.0.dylib (0x10db61570) and /Users/linmuyi/miniconda3/envs/llm_gs/lib/python3.9/site-packages/cv2/.dylibs/libSDL2-2.0.0.dylib (0x136f34b38). This may cause spurious casting failures and mysterious crashes. One of the duplicates must be removed or renamed.
objc[72460]: Class SDL_WindowData is implemented in both /Users/linmuyi/miniconda3/envs/llm_gs/lib/python3.9/site-packages/pygame/.dylibs/libSDL2-2.0.0.dylib (0x10db615c0) and /Users/linmuyi/miniconda3/envs/llm_gs/lib/python3.9/site-packages/cv2/.dylibs/libSDL2-2.0.0.dylib (0x136f34b88). This may cause spurious casting failures and mysterious crashes. One of the duplicates must be removed or renamed.
objc[72460]: Class SDLWindow is implemented in both /Users/linmuyi/miniconda3/envs/llm_gs/lib/python3.9/site-packages/pygame/.dylibs/libSDL2-2.0.0.dylib (0x10db615e8) and /Users/linmuyi/miniconda3/envs/llm_gs/lib/python3.9/site-packages/cv2/.dylibs/libSDL2-2.0.0.dylib (0x136f34bb0). This may cause spurious casting failures and mysterious crashes. One of the duplicates must be removed or renamed.
objc[72460]: Class Cocoa_WindowListener is implemented in both /Users/linmuyi/miniconda3/envs/llm_gs/lib/python3.9/site-packages/pygame/.dylibs/libSDL2-2.0.0.dylib (0x10db61610) and /Users/linmuyi/miniconda3/envs/llm_gs/lib/python3.9/site-packages/cv2/.dylibs/libSDL2-2.0.0.dylib (0x136f34bd8). This may cause spurious casting failures and mysterious crashes. One of the duplicates must be removed or renamed.
objc[72460]: Class SDLView is implemented in both /Users/linmuyi/miniconda3/envs/llm_gs/lib/python3.9/site-packages/pygame/.dylibs/libSDL2-2.0.0.dylib (0x10db61688) and /Users/linmuyi/miniconda3/envs/llm_gs/lib/python3.9/site-packages/cv2/.dylibs/libSDL2-2.0.0.dylib (0x136f34c50). This may cause spurious casting failures and mysterious crashes. One of the duplicates must be removed or renamed.
objc[72460]: Class METAL_RenderData is implemented in both /Users/linmuyi/miniconda3/envs/llm_gs/lib/python3.9/site-packages/pygame/.dylibs/libSDL2-2.0.0.dylib (0x10db61700) and /Users/linmuyi/miniconda3/envs/llm_gs/lib/python3.9/site-packages/cv2/.dylibs/libSDL2-2.0.0.dylib (0x136f34cc8). This may cause spurious casting failures and mysterious crashes. One of the duplicates must be removed or renamed.
objc[72460]: Class METAL_TextureData is implemented in both /Users/linmuyi/miniconda3/envs/llm_gs/lib/python3.9/site-packages/pygame/.dylibs/libSDL2-2.0.0.dylib (0x10db61750) and /Users/linmuyi/miniconda3/envs/llm_gs/lib/python3.9/site-packages/cv2/.dylibs/libSDL2-2.0.0.dylib (0x136f34d18). This may cause spurious casting failures and mysterious crashes. One of the duplicates must be removed or renamed.
objc[72460]: Class SDL_RumbleMotor is implemented in both /Users/linmuyi/miniconda3/envs/llm_gs/lib/python3.9/site-packages/pygame/.dylibs/libSDL2-2.0.0.dylib (0x10db61778) and /Users/linmuyi/miniconda3/envs/llm_gs/lib/python3.9/site-packages/cv2/.dylibs/libSDL2-2.0.0.dylib (0x136f34d40). This may cause spurious casting failures and mysterious crashes. One of the duplicates must be removed or renamed.
objc[72460]: Class SDL_RumbleContext is implemented in both /Users/linmuyi/miniconda3/envs/llm_gs/lib/python3.9/site-packages/pygame/.dylibs/libSDL2-2.0.0.dylib (0x10db617c8) and /Users/linmuyi/miniconda3/envs/llm_gs/lib/python3.9/site-packages/cv2/.dylibs/libSDL2-2.0.0.dylib (0x136f34d90). This may cause spurious casting failures and mysterious crashes. One of the duplicates must be removed or renamed.
[rivers_only] 1500000 steps, 30 checkpoints, curriculum

  steps=  50000  held=0.01  gate=0.01  bins=1/3  active= 30  (36s)
  steps= 100000  held=0.00  gate=0.06  bins=1/3  active= 30  (63s)
  steps= 150000  held=0.11  gate=0.19  bins=1/3  active= 30  (98s)
  steps= 200000  held=0.15  gate=0.18  bins=1/3  active= 30  (153s)
  steps= 250000  held=0.16  gate=0.31  bins=1/3  active= 30  (197s)
  steps= 300000  held=0.17  gate=0.22  bins=1/3  active= 30  (242s)
  steps= 350000  held=0.15  gate=0.17  bins=1/3  active= 30  (299s)
  steps= 400000  held=0.18  gate=0.17  bins=2/3  active= 60  [UNLOCK:deadline]  (376s)
  steps= 450000  held=0.16  gate=0.14  bins=2/3  active= 60  (426s)
  steps= 500000  held=0.16  gate=0.22  bins=2/3  active= 60  (468s)
  steps= 550000  held=0.17  gate=0.21  bins=2/3  active= 60  (507s)
  steps= 600000  held=0.15  gate=0.26  bins=2/3  active= 60  (545s)
  steps= 650000  held=0.17  gate=0.32  bins=2/3  active= 60  (595s)
  steps= 700000  held=0.49  gate=0.38  bins=2/3  active= 60  (641s)
  steps= 750000  held=0.55  gate=0.64  bins=3/3  active= 90  [UNLOCK:gate]  (684s)
  steps= 800000  held=0.59  gate=0.59  bins=3/3  active= 90  (720s)
  steps= 850000  held=0.61  gate=0.61  bins=3/3  active= 90  (755s)
  steps= 900000  held=0.70  gate=0.70  bins=3/3  active= 90  (792s)
  steps= 950000  held=0.67  gate=0.67  bins=3/3  active= 90  (828s)
  steps=1000000  held=0.62  gate=0.62  bins=3/3  active= 90  (869s)
  steps=1050000  held=0.74  gate=0.74  bins=3/3  active= 90  (904s)
  steps=1100000  held=0.74  gate=0.74  bins=3/3  active= 90  (941s)
  steps=1150000  held=0.87  gate=0.87  bins=3/3  active= 90  (974s)
  steps=1200000  held=0.88  gate=0.88  bins=3/3  active= 90  (1008s)
  steps=1250000  held=0.80  gate=0.80  bins=3/3  active= 90  (1043s)
  steps=1300000  held=0.76  gate=0.76  bins=3/3  active= 90  (1079s)
  steps=1350000  held=0.76  gate=0.76  bins=3/3  active= 90  (1116s)
  steps=1400000  held=0.85  gate=0.85  bins=3/3  active= 90  (1150s)
  steps=1450000  held=0.85  gate=0.85  bins=3/3  active= 90  (1184s)
  steps=1500000  held=0.52  gate=0.52  bins=3/3  active= 90  (1222s)

[rivers_only] DONE  final held=0.52  steps_to_0.3=700,000  wall=1222s  -> rivers_only_seed10.json
[rivers_only] per-cell held: s9N1=0.62  s9N2=0.19  s9N3=0.00  s13N1=0.38  s13N2=0.88  s13N3=0.12  s17N1=0.75  s17N2=0.94  s17N3=0.81
