[random_curriculum] train=90 layouts  held-out=36 layouts
objc[43941]: Class SDLApplication is implemented in both /Users/linmuyi/miniconda3/envs/llm_gs/lib/python3.9/site-packages/pygame/.dylibs/libSDL2-2.0.0.dylib (0x102d812c8) and /Users/linmuyi/miniconda3/envs/llm_gs/lib/python3.9/site-packages/cv2/.dylibs/libSDL2-2.0.0.dylib (0x137e88890). This may cause spurious casting failures and mysterious crashes. One of the duplicates must be removed or renamed.
objc[43941]: Class SDLAppDelegate is implemented in both /Users/linmuyi/miniconda3/envs/llm_gs/lib/python3.9/site-packages/pygame/.dylibs/libSDL2-2.0.0.dylib (0x102d81318) and /Users/linmuyi/miniconda3/envs/llm_gs/lib/python3.9/site-packages/cv2/.dylibs/libSDL2-2.0.0.dylib (0x137e888e0). This may cause spurious casting failures and mysterious crashes. One of the duplicates must be removed or renamed.
objc[43941]: Class SDLTranslatorResponder is implemented in both /Users/linmuyi/miniconda3/envs/llm_gs/lib/python3.9/site-packages/pygame/.dylibs/libSDL2-2.0.0.dylib (0x102d81390) and /Users/linmuyi/miniconda3/envs/llm_gs/lib/python3.9/site-packages/cv2/.dylibs/libSDL2-2.0.0.dylib (0x137e88958). This may cause spurious casting failures and mysterious crashes. One of the duplicates must be removed or renamed.
objc[43941]: Class SDLMessageBoxPresenter is implemented in both /Users/linmuyi/miniconda3/envs/llm_gs/lib/python3.9/site-packages/pygame/.dylibs/libSDL2-2.0.0.dylib (0x102d813b8) and /Users/linmuyi/miniconda3/envs/llm_gs/lib/python3.9/site-packages/cv2/.dylibs/libSDL2-2.0.0.dylib (0x137e88980). This may cause spurious casting failures and mysterious crashes. One of the duplicates must be removed or renamed.
objc[43941]: Class SDL_cocoametalview is implemented in both /Users/linmuyi/miniconda3/envs/llm_gs/lib/python3.9/site-packages/pygame/.dylibs/libSDL2-2.0.0.dylib (0x102d81408) and /Users/linmuyi/miniconda3/envs/llm_gs/lib/python3.9/site-packages/cv2/.dylibs/libSDL2-2.0.0.dylib (0x137e889d0). This may cause spurious casting failures and mysterious crashes. One of the duplicates must be removed or renamed.
objc[43941]: Class SDLOpenGLContext is implemented in both /Users/linmuyi/miniconda3/envs/llm_gs/lib/python3.9/site-packages/pygame/.dylibs/libSDL2-2.0.0.dylib (0x102d81458) and /Users/linmuyi/miniconda3/envs/llm_gs/lib/python3.9/site-packages/cv2/.dylibs/libSDL2-2.0.0.dylib (0x137e88a20). This may cause spurious casting failures and mysterious crashes. One of the duplicates must be removed or renamed.
objc[43941]: Class SDL_ShapeData is implemented in both /Users/linmuyi/miniconda3/envs/llm_gs/lib/python3.9/site-packages/pygame/.dylibs/libSDL2-2.0.0.dylib (0x102d814d0) and /Users/linmuyi/miniconda3/envs/llm_gs/lib/python3.9/site-packages/cv2/.dylibs/libSDL2-2.0.0.dylib (0x137e88a98). This may cause spurious casting failures and mysterious crashes. One of the duplicates must be removed or renamed.
objc[43941]: Class SDL_CocoaClosure is implemented in both /Users/linmuyi/miniconda3/envs/llm_gs/lib/python3.9/site-packages/pygame/.dylibs/libSDL2-2.0.0.dylib (0x102d81520) and /Users/linmuyi/miniconda3/envs/llm_gs/lib/python3.9/site-packages/cv2/.dylibs/libSDL2-2.0.0.dylib (0x137e88ae8). This may cause spurious casting failures and mysterious crashes. One of the duplicates must be removed or renamed.
objc[43941]: Class SDL_VideoData is implemented in both /Users/linmuyi/miniconda3/envs/llm_gs/lib/python3.9/site-packages/pygame/.dylibs/libSDL2-2.0.0.dylib (0x102d81570) and /Users/linmuyi/miniconda3/envs/llm_gs/lib/python3.9/site-packages/cv2/.dylibs/libSDL2-2.0.0.dylib (0x137e88b38). This may cause spurious casting failures and mysterious crashes. One of the duplicates must be removed or renamed.
objc[43941]: Class SDL_WindowData is implemented in both /Users/linmuyi/miniconda3/envs/llm_gs/lib/python3.9/site-packages/pygame/.dylibs/libSDL2-2.0.0.dylib (0x102d815c0) and /Users/linmuyi/miniconda3/envs/llm_gs/lib/python3.9/site-packages/cv2/.dylibs/libSDL2-2.0.0.dylib (0x137e88b88). This may cause spurious casting failures and mysterious crashes. One of the duplicates must be removed or renamed.
objc[43941]: Class SDLWindow is implemented in both /Users/linmuyi/miniconda3/envs/llm_gs/lib/python3.9/site-packages/pygame/.dylibs/libSDL2-2.0.0.dylib (0x102d815e8) and /Users/linmuyi/miniconda3/envs/llm_gs/lib/python3.9/site-packages/cv2/.dylibs/libSDL2-2.0.0.dylib (0x137e88bb0). This may cause spurious casting failures and mysterious crashes. One of the duplicates must be removed or renamed.
objc[43941]: Class Cocoa_WindowListener is implemented in both /Users/linmuyi/miniconda3/envs/llm_gs/lib/python3.9/site-packages/pygame/.dylibs/libSDL2-2.0.0.dylib (0x102d81610) and /Users/linmuyi/miniconda3/envs/llm_gs/lib/python3.9/site-packages/cv2/.dylibs/libSDL2-2.0.0.dylib (0x137e88bd8). This may cause spurious casting failures and mysterious crashes. One of the duplicates must be removed or renamed.
objc[43941]: Class SDLView is implemented in both /Users/linmuyi/miniconda3/envs/llm_gs/lib/python3.9/site-packages/pygame/.dylibs/libSDL2-2.0.0.dylib (0x102d81688) and /Users/linmuyi/miniconda3/envs/llm_gs/lib/python3.9/site-packages/cv2/.dylibs/libSDL2-2.0.0.dylib (0x137e88c50). This may cause spurious casting failures and mysterious crashes. One of the duplicates must be removed or renamed.
objc[43941]: Class METAL_RenderData is implemented in both /Users/linmuyi/miniconda3/envs/llm_gs/lib/python3.9/site-packages/pygame/.dylibs/libSDL2-2.0.0.dylib (0x102d81700) and /Users/linmuyi/miniconda3/envs/llm_gs/lib/python3.9/site-packages/cv2/.dylibs/libSDL2-2.0.0.dylib (0x137e88cc8). This may cause spurious casting failures and mysterious crashes. One of the duplicates must be removed or renamed.
objc[43941]: Class METAL_TextureData is implemented in both /Users/linmuyi/miniconda3/envs/llm_gs/lib/python3.9/site-packages/pygame/.dylibs/libSDL2-2.0.0.dylib (0x102d81750) and /Users/linmuyi/miniconda3/envs/llm_gs/lib/python3.9/site-packages/cv2/.dylibs/libSDL2-2.0.0.dylib (0x137e88d18). This may cause spurious casting failures and mysterious crashes. One of the duplicates must be removed or renamed.
objc[43941]: Class SDL_RumbleMotor is implemented in both /Users/linmuyi/miniconda3/envs/llm_gs/lib/python3.9/site-packages/pygame/.dylibs/libSDL2-2.0.0.dylib (0x102d81778) and /Users/linmuyi/miniconda3/envs/llm_gs/lib/python3.9/site-packages/cv2/.dylibs/libSDL2-2.0.0.dylib (0x137e88d40). This may cause spurious casting failures and mysterious crashes. One of the duplicates must be removed or renamed.
objc[43941]: Class SDL_RumbleContext is implemented in both /Users/linmuyi/miniconda3/envs/llm_gs/lib/python3.9/site-packages/pygame/.dylibs/libSDL2-2.0.0.dylib (0x102d817c8) and /Users/linmuyi/miniconda3/envs/llm_gs/lib/python3.9/site-packages/cv2/.dylibs/libSDL2-2.0.0.dylib (0x137e88d90). This may cause spurious casting failures and mysterious crashes. One of the duplicates must be removed or renamed.
[random_curriculum] 1500000 steps, 30 checkpoints, curriculum

  steps=  50000  held=0.00  gate=0.00  bins=1/3  active= 30  (43s)
  steps= 100000  held=0.00  gate=0.00  bins=1/3  active= 30  (73s)
  steps= 150000  held=0.00  gate=0.01  bins=1/3  active= 30  (107s)
  steps= 200000  held=0.00  gate=0.00  bins=1/3  active= 30  (134s)
  steps= 250000  held=0.13  gate=0.06  bins=1/3  active= 30  (160s)
  steps= 300000  held=0.11  gate=0.11  bins=1/3  active= 30  (187s)
  steps= 350000  held=0.01  gate=0.01  bins=1/3  active= 30  (240s)
  steps= 400000  held=0.00  gate=0.00  bins=2/3  active= 60  [UNLOCK:deadline]  (300s)
  steps= 450000  held=0.00  gate=0.00  bins=2/3  active= 60  (361s)
  steps= 500000  held=0.04  gate=0.08  bins=2/3  active= 60  (398s)
  steps= 550000  held=0.08  gate=0.01  bins=2/3  active= 60  (434s)
  steps= 600000  held=0.05  gate=0.11  bins=2/3  active= 60  (489s)
  steps= 650000  held=0.06  gate=0.07  bins=2/3  active= 60  (523s)
  steps= 700000  held=0.03  gate=0.14  bins=2/3  active= 60  (579s)
  steps= 750000  held=0.05  gate=0.01  bins=2/3  active= 60  (621s)
  steps= 800000  held=0.05  gate=0.07  bins=3/3  active= 90  [UNLOCK:deadline]  (681s)
  steps= 850000  held=0.04  gate=0.04  bins=3/3  active= 90  (727s)
  steps= 900000  held=0.06  gate=0.06  bins=3/3  active= 90  (768s)
  steps= 950000  held=0.03  gate=0.03  bins=3/3  active= 90  (809s)
  steps=1000000  held=0.05  gate=0.05  bins=3/3  active= 90  (839s)
  steps=1050000  held=0.03  gate=0.03  bins=3/3  active= 90  (881s)
  steps=1100000  held=0.00  gate=0.00  bins=3/3  active= 90  (921s)
  steps=1150000  held=0.00  gate=0.00  bins=3/3  active= 90  (971s)
  steps=1200000  held=0.05  gate=0.05  bins=3/3  active= 90  (1015s)
  steps=1250000  held=0.08  gate=0.08  bins=3/3  active= 90  (1064s)
  steps=1300000  held=0.00  gate=0.00  bins=3/3  active= 90  (1113s)
  steps=1350000  held=0.02  gate=0.02  bins=3/3  active= 90  (1165s)
  steps=1400000  held=0.00  gate=0.00  bins=3/3  active= 90  (1219s)
  steps=1450000  held=0.00  gate=0.00  bins=3/3  active= 90  (1272s)
  steps=1500000  held=0.00  gate=0.00  bins=3/3  active= 90  (1323s)

[random_curriculum] DONE  final held=0.00  steps_to_0.3=NOT REACHED  wall=1323s  -> random_curriculum_seed17.json
[random_curriculum] per-cell held: s9N1=0.00  s9N2=0.00  s9N3=0.00  s13N1=0.00  s13N2=0.00  s13N3=0.00  s17N1=0.00  s17N2=0.00  s17N3=0.00
