[grader] train=90 layouts  held-out=36 layouts
objc[26341]: Class SDLApplication is implemented in both /Users/linmuyi/miniconda3/envs/llm_gs/lib/python3.9/site-packages/pygame/.dylibs/libSDL2-2.0.0.dylib (0x11494d2c8) and /Users/linmuyi/miniconda3/envs/llm_gs/lib/python3.9/site-packages/cv2/.dylibs/libSDL2-2.0.0.dylib (0x168e84890). This may cause spurious casting failures and mysterious crashes. One of the duplicates must be removed or renamed.
objc[26341]: Class SDLAppDelegate is implemented in both /Users/linmuyi/miniconda3/envs/llm_gs/lib/python3.9/site-packages/pygame/.dylibs/libSDL2-2.0.0.dylib (0x11494d318) and /Users/linmuyi/miniconda3/envs/llm_gs/lib/python3.9/site-packages/cv2/.dylibs/libSDL2-2.0.0.dylib (0x168e848e0). This may cause spurious casting failures and mysterious crashes. One of the duplicates must be removed or renamed.
objc[26341]: Class SDLTranslatorResponder is implemented in both /Users/linmuyi/miniconda3/envs/llm_gs/lib/python3.9/site-packages/pygame/.dylibs/libSDL2-2.0.0.dylib (0x11494d390) and /Users/linmuyi/miniconda3/envs/llm_gs/lib/python3.9/site-packages/cv2/.dylibs/libSDL2-2.0.0.dylib (0x168e84958). This may cause spurious casting failures and mysterious crashes. One of the duplicates must be removed or renamed.
objc[26341]: Class SDLMessageBoxPresenter is implemented in both /Users/linmuyi/miniconda3/envs/llm_gs/lib/python3.9/site-packages/pygame/.dylibs/libSDL2-2.0.0.dylib (0x11494d3b8) and /Users/linmuyi/miniconda3/envs/llm_gs/lib/python3.9/site-packages/cv2/.dylibs/libSDL2-2.0.0.dylib (0x168e84980). This may cause spurious casting failures and mysterious crashes. One of the duplicates must be removed or renamed.
objc[26341]: Class SDL_cocoametalview is implemented in both /Users/linmuyi/miniconda3/envs/llm_gs/lib/python3.9/site-packages/pygame/.dylibs/libSDL2-2.0.0.dylib (0x11494d408) and /Users/linmuyi/miniconda3/envs/llm_gs/lib/python3.9/site-packages/cv2/.dylibs/libSDL2-2.0.0.dylib (0x168e849d0). This may cause spurious casting failures and mysterious crashes. One of the duplicates must be removed or renamed.
objc[26341]: Class SDLOpenGLContext is implemented in both /Users/linmuyi/miniconda3/envs/llm_gs/lib/python3.9/site-packages/pygame/.dylibs/libSDL2-2.0.0.dylib (0x11494d458) and /Users/linmuyi/miniconda3/envs/llm_gs/lib/python3.9/site-packages/cv2/.dylibs/libSDL2-2.0.0.dylib (0x168e84a20). This may cause spurious casting failures and mysterious crashes. One of the duplicates must be removed or renamed.
objc[26341]: Class SDL_ShapeData is implemented in both /Users/linmuyi/miniconda3/envs/llm_gs/lib/python3.9/site-packages/pygame/.dylibs/libSDL2-2.0.0.dylib (0x11494d4d0) and /Users/linmuyi/miniconda3/envs/llm_gs/lib/python3.9/site-packages/cv2/.dylibs/libSDL2-2.0.0.dylib (0x168e84a98). This may cause spurious casting failures and mysterious crashes. One of the duplicates must be removed or renamed.
objc[26341]: Class SDL_CocoaClosure is implemented in both /Users/linmuyi/miniconda3/envs/llm_gs/lib/python3.9/site-packages/pygame/.dylibs/libSDL2-2.0.0.dylib (0x11494d520) and /Users/linmuyi/miniconda3/envs/llm_gs/lib/python3.9/site-packages/cv2/.dylibs/libSDL2-2.0.0.dylib (0x168e84ae8). This may cause spurious casting failures and mysterious crashes. One of the duplicates must be removed or renamed.
objc[26341]: Class SDL_VideoData is implemented in both /Users/linmuyi/miniconda3/envs/llm_gs/lib/python3.9/site-packages/pygame/.dylibs/libSDL2-2.0.0.dylib (0x11494d570) and /Users/linmuyi/miniconda3/envs/llm_gs/lib/python3.9/site-packages/cv2/.dylibs/libSDL2-2.0.0.dylib (0x168e84b38). This may cause spurious casting failures and mysterious crashes. One of the duplicates must be removed or renamed.
objc[26341]: Class SDL_WindowData is implemented in both /Users/linmuyi/miniconda3/envs/llm_gs/lib/python3.9/site-packages/pygame/.dylibs/libSDL2-2.0.0.dylib (0x11494d5c0) and /Users/linmuyi/miniconda3/envs/llm_gs/lib/python3.9/site-packages/cv2/.dylibs/libSDL2-2.0.0.dylib (0x168e84b88). This may cause spurious casting failures and mysterious crashes. One of the duplicates must be removed or renamed.
objc[26341]: Class SDLWindow is implemented in both /Users/linmuyi/miniconda3/envs/llm_gs/lib/python3.9/site-packages/pygame/.dylibs/libSDL2-2.0.0.dylib (0x11494d5e8) and /Users/linmuyi/miniconda3/envs/llm_gs/lib/python3.9/site-packages/cv2/.dylibs/libSDL2-2.0.0.dylib (0x168e84bb0). This may cause spurious casting failures and mysterious crashes. One of the duplicates must be removed or renamed.
objc[26341]: Class Cocoa_WindowListener is implemented in both /Users/linmuyi/miniconda3/envs/llm_gs/lib/python3.9/site-packages/pygame/.dylibs/libSDL2-2.0.0.dylib (0x11494d610) and /Users/linmuyi/miniconda3/envs/llm_gs/lib/python3.9/site-packages/cv2/.dylibs/libSDL2-2.0.0.dylib (0x168e84bd8). This may cause spurious casting failures and mysterious crashes. One of the duplicates must be removed or renamed.
objc[26341]: Class SDLView is implemented in both /Users/linmuyi/miniconda3/envs/llm_gs/lib/python3.9/site-packages/pygame/.dylibs/libSDL2-2.0.0.dylib (0x11494d688) and /Users/linmuyi/miniconda3/envs/llm_gs/lib/python3.9/site-packages/cv2/.dylibs/libSDL2-2.0.0.dylib (0x168e84c50). This may cause spurious casting failures and mysterious crashes. One of the duplicates must be removed or renamed.
objc[26341]: Class METAL_RenderData is implemented in both /Users/linmuyi/miniconda3/envs/llm_gs/lib/python3.9/site-packages/pygame/.dylibs/libSDL2-2.0.0.dylib (0x11494d700) and /Users/linmuyi/miniconda3/envs/llm_gs/lib/python3.9/site-packages/cv2/.dylibs/libSDL2-2.0.0.dylib (0x168e84cc8). This may cause spurious casting failures and mysterious crashes. One of the duplicates must be removed or renamed.
objc[26341]: Class METAL_TextureData is implemented in both /Users/linmuyi/miniconda3/envs/llm_gs/lib/python3.9/site-packages/pygame/.dylibs/libSDL2-2.0.0.dylib (0x11494d750) and /Users/linmuyi/miniconda3/envs/llm_gs/lib/python3.9/site-packages/cv2/.dylibs/libSDL2-2.0.0.dylib (0x168e84d18). This may cause spurious casting failures and mysterious crashes. One of the duplicates must be removed or renamed.
objc[26341]: Class SDL_RumbleMotor is implemented in both /Users/linmuyi/miniconda3/envs/llm_gs/lib/python3.9/site-packages/pygame/.dylibs/libSDL2-2.0.0.dylib (0x11494d778) and /Users/linmuyi/miniconda3/envs/llm_gs/lib/python3.9/site-packages/cv2/.dylibs/libSDL2-2.0.0.dylib (0x168e84d40). This may cause spurious casting failures and mysterious crashes. One of the duplicates must be removed or renamed.
objc[26341]: Class SDL_RumbleContext is implemented in both /Users/linmuyi/miniconda3/envs/llm_gs/lib/python3.9/site-packages/pygame/.dylibs/libSDL2-2.0.0.dylib (0x11494d7c8) and /Users/linmuyi/miniconda3/envs/llm_gs/lib/python3.9/site-packages/cv2/.dylibs/libSDL2-2.0.0.dylib (0x168e84d90). This may cause spurious casting failures and mysterious crashes. One of the duplicates must be removed or renamed.
[grader] 1500000 steps, 30 checkpoints, curriculum

  steps=  50000  held=0.00  gate=0.01  bins=1/3  active= 30  (59s)
  steps= 100000  held=0.03  gate=0.08  bins=1/3  active= 30  (88s)
  steps= 150000  held=0.14  gate=0.22  bins=1/3  active= 30  (116s)
  steps= 200000  held=0.14  gate=0.06  bins=1/3  active= 30  (144s)
  steps= 250000  held=0.06  gate=0.01  bins=1/3  active= 30  (202s)
  steps= 300000  held=0.00  gate=0.00  bins=1/3  active= 30  (266s)
  steps= 350000  held=0.14  gate=0.11  bins=1/3  active= 30  (301s)
  steps= 400000  held=0.14  gate=0.22  bins=2/3  active= 60  [UNLOCK:deadline]  (338s)
  steps= 450000  held=0.08  gate=0.04  bins=2/3  active= 60  (378s)
  steps= 500000  held=0.10  gate=0.11  bins=2/3  active= 60  (412s)
  steps= 550000  held=0.04  gate=0.10  bins=2/3  active= 60  (456s)
  steps= 600000  held=0.14  gate=0.29  bins=2/3  active= 60  (497s)
  steps= 650000  held=0.13  gate=0.15  bins=2/3  active= 60  (535s)
  steps= 700000  held=0.18  gate=0.26  bins=2/3  active= 60  (584s)
  steps= 750000  held=0.24  gate=0.47  bins=2/3  active= 60  (641s)
  steps= 800000  held=0.23  gate=0.40  bins=3/3  active= 90  [UNLOCK:deadline]  (695s)
  steps= 850000  held=0.05  gate=0.05  bins=3/3  active= 90  (748s)
  steps= 900000  held=0.08  gate=0.08  bins=3/3  active= 90  (793s)
  steps= 950000  held=0.08  gate=0.08  bins=3/3  active= 90  (829s)
  steps=1000000  held=0.03  gate=0.03  bins=3/3  active= 90  (877s)
  steps=1050000  held=0.03  gate=0.03  bins=3/3  active= 90  (929s)
  steps=1100000  held=0.03  gate=0.03  bins=3/3  active= 90  (976s)
  steps=1150000  held=0.09  gate=0.09  bins=3/3  active= 90  (1026s)
  steps=1200000  held=0.17  gate=0.17  bins=3/3  active= 90  (1059s)
  steps=1250000  held=0.01  gate=0.01  bins=3/3  active= 90  (1111s)
  steps=1300000  held=0.00  gate=0.00  bins=3/3  active= 90  (1164s)
  steps=1350000  held=0.00  gate=0.00  bins=3/3  active= 90  (1206s)
  steps=1400000  held=0.03  gate=0.03  bins=3/3  active= 90  (1250s)
  steps=1450000  held=0.02  gate=0.02  bins=3/3  active= 90  (1298s)
  steps=1500000  held=0.01  gate=0.01  bins=3/3  active= 90  (1349s)

[grader] DONE  final held=0.01  steps_to_0.3=NOT REACHED  wall=1349s  -> grader_seed15.json
[grader] per-cell held: s9N1=0.00  s9N2=0.00  s9N3=0.00  s13N1=0.06  s13N2=0.00  s13N3=0.00  s17N1=0.00  s17N2=0.00  s17N3=0.00
