[random_curriculum] train=90 layouts  held-out=36 layouts
objc[10526]: Class SDLApplication is implemented in both /Users/linmuyi/miniconda3/envs/llm_gs/lib/python3.9/site-packages/pygame/.dylibs/libSDL2-2.0.0.dylib (0x102c852c8) and /Users/linmuyi/miniconda3/envs/llm_gs/lib/python3.9/site-packages/cv2/.dylibs/libSDL2-2.0.0.dylib (0x13dcfc890). This may cause spurious casting failures and mysterious crashes. One of the duplicates must be removed or renamed.
objc[10526]: Class SDLAppDelegate is implemented in both /Users/linmuyi/miniconda3/envs/llm_gs/lib/python3.9/site-packages/pygame/.dylibs/libSDL2-2.0.0.dylib (0x102c85318) and /Users/linmuyi/miniconda3/envs/llm_gs/lib/python3.9/site-packages/cv2/.dylibs/libSDL2-2.0.0.dylib (0x13dcfc8e0). This may cause spurious casting failures and mysterious crashes. One of the duplicates must be removed or renamed.
objc[10526]: Class SDLTranslatorResponder is implemented in both /Users/linmuyi/miniconda3/envs/llm_gs/lib/python3.9/site-packages/pygame/.dylibs/libSDL2-2.0.0.dylib (0x102c85390) and /Users/linmuyi/miniconda3/envs/llm_gs/lib/python3.9/site-packages/cv2/.dylibs/libSDL2-2.0.0.dylib (0x13dcfc958). This may cause spurious casting failures and mysterious crashes. One of the duplicates must be removed or renamed.
objc[10526]: Class SDLMessageBoxPresenter is implemented in both /Users/linmuyi/miniconda3/envs/llm_gs/lib/python3.9/site-packages/pygame/.dylibs/libSDL2-2.0.0.dylib (0x102c853b8) and /Users/linmuyi/miniconda3/envs/llm_gs/lib/python3.9/site-packages/cv2/.dylibs/libSDL2-2.0.0.dylib (0x13dcfc980). This may cause spurious casting failures and mysterious crashes. One of the duplicates must be removed or renamed.
objc[10526]: Class SDL_cocoametalview is implemented in both /Users/linmuyi/miniconda3/envs/llm_gs/lib/python3.9/site-packages/pygame/.dylibs/libSDL2-2.0.0.dylib (0x102c85408) and /Users/linmuyi/miniconda3/envs/llm_gs/lib/python3.9/site-packages/cv2/.dylibs/libSDL2-2.0.0.dylib (0x13dcfc9d0). This may cause spurious casting failures and mysterious crashes. One of the duplicates must be removed or renamed.
objc[10526]: Class SDLOpenGLContext is implemented in both /Users/linmuyi/miniconda3/envs/llm_gs/lib/python3.9/site-packages/pygame/.dylibs/libSDL2-2.0.0.dylib (0x102c85458) and /Users/linmuyi/miniconda3/envs/llm_gs/lib/python3.9/site-packages/cv2/.dylibs/libSDL2-2.0.0.dylib (0x13dcfca20). This may cause spurious casting failures and mysterious crashes. One of the duplicates must be removed or renamed.
objc[10526]: Class SDL_ShapeData is implemented in both /Users/linmuyi/miniconda3/envs/llm_gs/lib/python3.9/site-packages/pygame/.dylibs/libSDL2-2.0.0.dylib (0x102c854d0) and /Users/linmuyi/miniconda3/envs/llm_gs/lib/python3.9/site-packages/cv2/.dylibs/libSDL2-2.0.0.dylib (0x13dcfca98). This may cause spurious casting failures and mysterious crashes. One of the duplicates must be removed or renamed.
objc[10526]: Class SDL_CocoaClosure is implemented in both /Users/linmuyi/miniconda3/envs/llm_gs/lib/python3.9/site-packages/pygame/.dylibs/libSDL2-2.0.0.dylib (0x102c85520) and /Users/linmuyi/miniconda3/envs/llm_gs/lib/python3.9/site-packages/cv2/.dylibs/libSDL2-2.0.0.dylib (0x13dcfcae8). This may cause spurious casting failures and mysterious crashes. One of the duplicates must be removed or renamed.
objc[10526]: Class SDL_VideoData is implemented in both /Users/linmuyi/miniconda3/envs/llm_gs/lib/python3.9/site-packages/pygame/.dylibs/libSDL2-2.0.0.dylib (0x102c85570) and /Users/linmuyi/miniconda3/envs/llm_gs/lib/python3.9/site-packages/cv2/.dylibs/libSDL2-2.0.0.dylib (0x13dcfcb38). This may cause spurious casting failures and mysterious crashes. One of the duplicates must be removed or renamed.
objc[10526]: Class SDL_WindowData is implemented in both /Users/linmuyi/miniconda3/envs/llm_gs/lib/python3.9/site-packages/pygame/.dylibs/libSDL2-2.0.0.dylib (0x102c855c0) and /Users/linmuyi/miniconda3/envs/llm_gs/lib/python3.9/site-packages/cv2/.dylibs/libSDL2-2.0.0.dylib (0x13dcfcb88). This may cause spurious casting failures and mysterious crashes. One of the duplicates must be removed or renamed.
objc[10526]: Class SDLWindow is implemented in both /Users/linmuyi/miniconda3/envs/llm_gs/lib/python3.9/site-packages/pygame/.dylibs/libSDL2-2.0.0.dylib (0x102c855e8) and /Users/linmuyi/miniconda3/envs/llm_gs/lib/python3.9/site-packages/cv2/.dylibs/libSDL2-2.0.0.dylib (0x13dcfcbb0). This may cause spurious casting failures and mysterious crashes. One of the duplicates must be removed or renamed.
objc[10526]: Class Cocoa_WindowListener is implemented in both /Users/linmuyi/miniconda3/envs/llm_gs/lib/python3.9/site-packages/pygame/.dylibs/libSDL2-2.0.0.dylib (0x102c85610) and /Users/linmuyi/miniconda3/envs/llm_gs/lib/python3.9/site-packages/cv2/.dylibs/libSDL2-2.0.0.dylib (0x13dcfcbd8). This may cause spurious casting failures and mysterious crashes. One of the duplicates must be removed or renamed.
objc[10526]: Class SDLView is implemented in both /Users/linmuyi/miniconda3/envs/llm_gs/lib/python3.9/site-packages/pygame/.dylibs/libSDL2-2.0.0.dylib (0x102c85688) and /Users/linmuyi/miniconda3/envs/llm_gs/lib/python3.9/site-packages/cv2/.dylibs/libSDL2-2.0.0.dylib (0x13dcfcc50). This may cause spurious casting failures and mysterious crashes. One of the duplicates must be removed or renamed.
objc[10526]: Class METAL_RenderData is implemented in both /Users/linmuyi/miniconda3/envs/llm_gs/lib/python3.9/site-packages/pygame/.dylibs/libSDL2-2.0.0.dylib (0x102c85700) and /Users/linmuyi/miniconda3/envs/llm_gs/lib/python3.9/site-packages/cv2/.dylibs/libSDL2-2.0.0.dylib (0x13dcfccc8). This may cause spurious casting failures and mysterious crashes. One of the duplicates must be removed or renamed.
objc[10526]: Class METAL_TextureData is implemented in both /Users/linmuyi/miniconda3/envs/llm_gs/lib/python3.9/site-packages/pygame/.dylibs/libSDL2-2.0.0.dylib (0x102c85750) and /Users/linmuyi/miniconda3/envs/llm_gs/lib/python3.9/site-packages/cv2/.dylibs/libSDL2-2.0.0.dylib (0x13dcfcd18). This may cause spurious casting failures and mysterious crashes. One of the duplicates must be removed or renamed.
objc[10526]: Class SDL_RumbleMotor is implemented in both /Users/linmuyi/miniconda3/envs/llm_gs/lib/python3.9/site-packages/pygame/.dylibs/libSDL2-2.0.0.dylib (0x102c85778) and /Users/linmuyi/miniconda3/envs/llm_gs/lib/python3.9/site-packages/cv2/.dylibs/libSDL2-2.0.0.dylib (0x13dcfcd40). This may cause spurious casting failures and mysterious crashes. One of the duplicates must be removed or renamed.
objc[10526]: Class SDL_RumbleContext is implemented in both /Users/linmuyi/miniconda3/envs/llm_gs/lib/python3.9/site-packages/pygame/.dylibs/libSDL2-2.0.0.dylib (0x102c857c8) and /Users/linmuyi/miniconda3/envs/llm_gs/lib/python3.9/site-packages/cv2/.dylibs/libSDL2-2.0.0.dylib (0x13dcfcd90). This may cause spurious casting failures and mysterious crashes. One of the duplicates must be removed or renamed.
[random_curriculum] 1500000 steps, 30 checkpoints, curriculum

  steps=  50000  held=0.00  gate=0.00  bins=1/3  active= 30  (329s)
  steps= 100000  held=0.00  gate=0.00  bins=1/3  active= 30  (526s)
  steps= 150000  held=0.00  gate=0.00  bins=1/3  active= 30  (580s)
  steps= 200000  held=0.01  gate=0.00  bins=1/3  active= 30  (679s)
  steps= 250000  held=0.00  gate=0.00  bins=1/3  active= 30  (793s)
  steps= 300000  held=0.00  gate=0.00  bins=1/3  active= 30  (888s)
  steps= 350000  held=0.01  gate=0.00  bins=1/3  active= 30  (981s)
  steps= 400000  held=0.01  gate=0.00  bins=2/3  active= 60  [UNLOCK:deadline]  (1060s)
  steps= 450000  held=0.01  gate=0.00  bins=2/3  active= 60  (1165s)
  steps= 500000  held=0.00  gate=0.00  bins=2/3  active= 60  (1261s)
  steps= 550000  held=0.00  gate=0.01  bins=2/3  active= 60  (1323s)
  steps= 600000  held=0.01  gate=0.00  bins=2/3  active= 60  (1388s)
  steps= 650000  held=0.03  gate=0.04  bins=2/3  active= 60  (1446s)
  steps= 700000  held=0.12  gate=0.04  bins=2/3  active= 60  (1480s)
  steps= 750000  held=0.10  gate=0.00  bins=2/3  active= 60  (1540s)
  steps= 800000  held=0.08  gate=0.03  bins=3/3  active= 90  [UNLOCK:deadline]  (1604s)
  steps= 850000  held=0.16  gate=0.16  bins=3/3  active= 90  (1642s)
  steps= 900000  held=0.14  gate=0.14  bins=3/3  active= 90  (1687s)
  steps= 950000  held=0.06  gate=0.06  bins=3/3  active= 90  (1735s)
  steps=1000000  held=0.15  gate=0.15  bins=3/3  active= 90  (1775s)
  steps=1050000  held=0.07  gate=0.07  bins=3/3  active= 90  (1822s)
  steps=1100000  held=0.10  gate=0.10  bins=3/3  active= 90  (1874s)
  steps=1150000  held=0.01  gate=0.01  bins=3/3  active= 90  (1930s)
  steps=1200000  held=0.03  gate=0.03  bins=3/3  active= 90  (1984s)
  steps=1250000  held=0.01  gate=0.01  bins=3/3  active= 90  (2038s)
  steps=1300000  held=0.00  gate=0.00  bins=3/3  active= 90  (2093s)
  steps=1350000  held=0.00  gate=0.00  bins=3/3  active= 90  (2144s)
  steps=1400000  held=0.00  gate=0.00  bins=3/3  active= 90  (2193s)
  steps=1450000  held=0.00  gate=0.00  bins=3/3  active= 90  (2234s)
  steps=1500000  held=0.01  gate=0.01  bins=3/3  active= 90  (2274s)

[random_curriculum] DONE  final held=0.01  steps_to_0.3=NOT REACHED  wall=2274s  -> random_curriculum_seed1.json
[random_curriculum] per-cell held: s9N1=0.00  s9N2=0.00  s9N3=0.00  s13N1=0.00  s13N2=0.00  s13N3=0.00  s17N1=0.12  s17N2=0.00  s17N3=0.00
