[random_curriculum] train=90 layouts  held-out=36 layouts
objc[19461]: Class SDLApplication is implemented in both /Users/linmuyi/miniconda3/envs/llm_gs/lib/python3.9/site-packages/pygame/.dylibs/libSDL2-2.0.0.dylib (0x1055792c8) and /Users/linmuyi/miniconda3/envs/llm_gs/lib/python3.9/site-packages/cv2/.dylibs/libSDL2-2.0.0.dylib (0x131528890). This may cause spurious casting failures and mysterious crashes. One of the duplicates must be removed or renamed.
objc[19461]: Class SDLAppDelegate is implemented in both /Users/linmuyi/miniconda3/envs/llm_gs/lib/python3.9/site-packages/pygame/.dylibs/libSDL2-2.0.0.dylib (0x105579318) and /Users/linmuyi/miniconda3/envs/llm_gs/lib/python3.9/site-packages/cv2/.dylibs/libSDL2-2.0.0.dylib (0x1315288e0). This may cause spurious casting failures and mysterious crashes. One of the duplicates must be removed or renamed.
objc[19461]: Class SDLTranslatorResponder is implemented in both /Users/linmuyi/miniconda3/envs/llm_gs/lib/python3.9/site-packages/pygame/.dylibs/libSDL2-2.0.0.dylib (0x105579390) and /Users/linmuyi/miniconda3/envs/llm_gs/lib/python3.9/site-packages/cv2/.dylibs/libSDL2-2.0.0.dylib (0x131528958). This may cause spurious casting failures and mysterious crashes. One of the duplicates must be removed or renamed.
objc[19461]: Class SDLMessageBoxPresenter is implemented in both /Users/linmuyi/miniconda3/envs/llm_gs/lib/python3.9/site-packages/pygame/.dylibs/libSDL2-2.0.0.dylib (0x1055793b8) and /Users/linmuyi/miniconda3/envs/llm_gs/lib/python3.9/site-packages/cv2/.dylibs/libSDL2-2.0.0.dylib (0x131528980). This may cause spurious casting failures and mysterious crashes. One of the duplicates must be removed or renamed.
objc[19461]: Class SDL_cocoametalview is implemented in both /Users/linmuyi/miniconda3/envs/llm_gs/lib/python3.9/site-packages/pygame/.dylibs/libSDL2-2.0.0.dylib (0x105579408) and /Users/linmuyi/miniconda3/envs/llm_gs/lib/python3.9/site-packages/cv2/.dylibs/libSDL2-2.0.0.dylib (0x1315289d0). This may cause spurious casting failures and mysterious crashes. One of the duplicates must be removed or renamed.
objc[19461]: Class SDLOpenGLContext is implemented in both /Users/linmuyi/miniconda3/envs/llm_gs/lib/python3.9/site-packages/pygame/.dylibs/libSDL2-2.0.0.dylib (0x105579458) and /Users/linmuyi/miniconda3/envs/llm_gs/lib/python3.9/site-packages/cv2/.dylibs/libSDL2-2.0.0.dylib (0x131528a20). This may cause spurious casting failures and mysterious crashes. One of the duplicates must be removed or renamed.
objc[19461]: Class SDL_ShapeData is implemented in both /Users/linmuyi/miniconda3/envs/llm_gs/lib/python3.9/site-packages/pygame/.dylibs/libSDL2-2.0.0.dylib (0x1055794d0) and /Users/linmuyi/miniconda3/envs/llm_gs/lib/python3.9/site-packages/cv2/.dylibs/libSDL2-2.0.0.dylib (0x131528a98). This may cause spurious casting failures and mysterious crashes. One of the duplicates must be removed or renamed.
objc[19461]: Class SDL_CocoaClosure is implemented in both /Users/linmuyi/miniconda3/envs/llm_gs/lib/python3.9/site-packages/pygame/.dylibs/libSDL2-2.0.0.dylib (0x105579520) and /Users/linmuyi/miniconda3/envs/llm_gs/lib/python3.9/site-packages/cv2/.dylibs/libSDL2-2.0.0.dylib (0x131528ae8). This may cause spurious casting failures and mysterious crashes. One of the duplicates must be removed or renamed.
objc[19461]: Class SDL_VideoData is implemented in both /Users/linmuyi/miniconda3/envs/llm_gs/lib/python3.9/site-packages/pygame/.dylibs/libSDL2-2.0.0.dylib (0x105579570) and /Users/linmuyi/miniconda3/envs/llm_gs/lib/python3.9/site-packages/cv2/.dylibs/libSDL2-2.0.0.dylib (0x131528b38). This may cause spurious casting failures and mysterious crashes. One of the duplicates must be removed or renamed.
objc[19461]: Class SDL_WindowData is implemented in both /Users/linmuyi/miniconda3/envs/llm_gs/lib/python3.9/site-packages/pygame/.dylibs/libSDL2-2.0.0.dylib (0x1055795c0) and /Users/linmuyi/miniconda3/envs/llm_gs/lib/python3.9/site-packages/cv2/.dylibs/libSDL2-2.0.0.dylib (0x131528b88). This may cause spurious casting failures and mysterious crashes. One of the duplicates must be removed or renamed.
objc[19461]: Class SDLWindow is implemented in both /Users/linmuyi/miniconda3/envs/llm_gs/lib/python3.9/site-packages/pygame/.dylibs/libSDL2-2.0.0.dylib (0x1055795e8) and /Users/linmuyi/miniconda3/envs/llm_gs/lib/python3.9/site-packages/cv2/.dylibs/libSDL2-2.0.0.dylib (0x131528bb0). This may cause spurious casting failures and mysterious crashes. One of the duplicates must be removed or renamed.
objc[19461]: Class Cocoa_WindowListener is implemented in both /Users/linmuyi/miniconda3/envs/llm_gs/lib/python3.9/site-packages/pygame/.dylibs/libSDL2-2.0.0.dylib (0x105579610) and /Users/linmuyi/miniconda3/envs/llm_gs/lib/python3.9/site-packages/cv2/.dylibs/libSDL2-2.0.0.dylib (0x131528bd8). This may cause spurious casting failures and mysterious crashes. One of the duplicates must be removed or renamed.
objc[19461]: Class SDLView is implemented in both /Users/linmuyi/miniconda3/envs/llm_gs/lib/python3.9/site-packages/pygame/.dylibs/libSDL2-2.0.0.dylib (0x105579688) and /Users/linmuyi/miniconda3/envs/llm_gs/lib/python3.9/site-packages/cv2/.dylibs/libSDL2-2.0.0.dylib (0x131528c50). This may cause spurious casting failures and mysterious crashes. One of the duplicates must be removed or renamed.
objc[19461]: Class METAL_RenderData is implemented in both /Users/linmuyi/miniconda3/envs/llm_gs/lib/python3.9/site-packages/pygame/.dylibs/libSDL2-2.0.0.dylib (0x105579700) and /Users/linmuyi/miniconda3/envs/llm_gs/lib/python3.9/site-packages/cv2/.dylibs/libSDL2-2.0.0.dylib (0x131528cc8). This may cause spurious casting failures and mysterious crashes. One of the duplicates must be removed or renamed.
objc[19461]: Class METAL_TextureData is implemented in both /Users/linmuyi/miniconda3/envs/llm_gs/lib/python3.9/site-packages/pygame/.dylibs/libSDL2-2.0.0.dylib (0x105579750) and /Users/linmuyi/miniconda3/envs/llm_gs/lib/python3.9/site-packages/cv2/.dylibs/libSDL2-2.0.0.dylib (0x131528d18). This may cause spurious casting failures and mysterious crashes. One of the duplicates must be removed or renamed.
objc[19461]: Class SDL_RumbleMotor is implemented in both /Users/linmuyi/miniconda3/envs/llm_gs/lib/python3.9/site-packages/pygame/.dylibs/libSDL2-2.0.0.dylib (0x105579778) and /Users/linmuyi/miniconda3/envs/llm_gs/lib/python3.9/site-packages/cv2/.dylibs/libSDL2-2.0.0.dylib (0x131528d40). This may cause spurious casting failures and mysterious crashes. One of the duplicates must be removed or renamed.
objc[19461]: Class SDL_RumbleContext is implemented in both /Users/linmuyi/miniconda3/envs/llm_gs/lib/python3.9/site-packages/pygame/.dylibs/libSDL2-2.0.0.dylib (0x1055797c8) and /Users/linmuyi/miniconda3/envs/llm_gs/lib/python3.9/site-packages/cv2/.dylibs/libSDL2-2.0.0.dylib (0x131528d90). This may cause spurious casting failures and mysterious crashes. One of the duplicates must be removed or renamed.
[random_curriculum] 1500000 steps, 30 checkpoints, curriculum

  steps=  50000  held=0.00  gate=0.00  bins=1/3  active= 30  (32s)
  steps= 100000  held=0.00  gate=0.00  bins=1/3  active= 30  (70s)
  steps= 150000  held=0.01  gate=0.00  bins=1/3  active= 30  (100s)
  steps= 200000  held=0.00  gate=0.00  bins=1/3  active= 30  (134s)
  steps= 250000  held=0.00  gate=0.00  bins=1/3  active= 30  (184s)
  steps= 300000  held=0.00  gate=0.00  bins=1/3  active= 30  (238s)
  steps= 350000  held=0.00  gate=0.00  bins=1/3  active= 30  (279s)
  steps= 400000  held=0.01  gate=0.00  bins=2/3  active= 60  [UNLOCK:deadline]  (307s)
  steps= 450000  held=0.00  gate=0.01  bins=2/3  active= 60  (346s)
  steps= 500000  held=0.01  gate=0.00  bins=2/3  active= 60  (389s)
  steps= 550000  held=0.00  gate=0.00  bins=2/3  active= 60  (433s)
  steps= 600000  held=0.01  gate=0.00  bins=2/3  active= 60  (480s)
  steps= 650000  held=0.01  gate=0.00  bins=2/3  active= 60  (521s)
  steps= 700000  held=0.00  gate=0.00  bins=2/3  active= 60  (561s)
  steps= 750000  held=0.00  gate=0.00  bins=2/3  active= 60  (614s)
  steps= 800000  held=0.04  gate=0.01  bins=3/3  active= 90  [UNLOCK:deadline]  (645s)
  steps= 850000  held=0.06  gate=0.06  bins=3/3  active= 90  (683s)
  steps= 900000  held=0.04  gate=0.04  bins=3/3  active= 90  (716s)
  steps= 950000  held=0.06  gate=0.06  bins=3/3  active= 90  (751s)
  steps=1000000  held=0.00  gate=0.00  bins=3/3  active= 90  (797s)
  steps=1050000  held=0.02  gate=0.02  bins=3/3  active= 90  (840s)
  steps=1100000  held=0.01  gate=0.01  bins=3/3  active= 90  (886s)
  steps=1150000  held=0.00  gate=0.00  bins=3/3  active= 90  (937s)
  steps=1200000  held=0.00  gate=0.00  bins=3/3  active= 90  (988s)
  steps=1250000  held=0.00  gate=0.00  bins=3/3  active= 90  (1038s)
  steps=1300000  held=0.00  gate=0.00  bins=3/3  active= 90  (1092s)
  steps=1350000  held=0.00  gate=0.00  bins=3/3  active= 90  (1146s)
  steps=1400000  held=0.00  gate=0.00  bins=3/3  active= 90  (1196s)
  steps=1450000  held=0.01  gate=0.01  bins=3/3  active= 90  (1228s)
  steps=1500000  held=0.00  gate=0.00  bins=3/3  active= 90  (1278s)

[random_curriculum] DONE  final held=0.00  steps_to_0.3=NOT REACHED  wall=1278s  -> random_curriculum_seed33.json
[random_curriculum] per-cell held: s9N1=0.00  s9N2=0.00  s9N3=0.00  s13N1=0.00  s13N2=0.00  s13N3=0.00  s17N1=0.00  s17N2=0.00  s17N3=0.00
