[flat] train=90 layouts  held-out=36 layouts
objc[64711]: Class SDLApplication is implemented in both /Users/linmuyi/miniconda3/envs/llm_gs/lib/python3.9/site-packages/pygame/.dylibs/libSDL2-2.0.0.dylib (0x1205012c8) and /Users/linmuyi/miniconda3/envs/llm_gs/lib/python3.9/site-packages/cv2/.dylibs/libSDL2-2.0.0.dylib (0x302058890). This may cause spurious casting failures and mysterious crashes. One of the duplicates must be removed or renamed.
objc[64711]: Class SDLAppDelegate is implemented in both /Users/linmuyi/miniconda3/envs/llm_gs/lib/python3.9/site-packages/pygame/.dylibs/libSDL2-2.0.0.dylib (0x120501318) and /Users/linmuyi/miniconda3/envs/llm_gs/lib/python3.9/site-packages/cv2/.dylibs/libSDL2-2.0.0.dylib (0x3020588e0). This may cause spurious casting failures and mysterious crashes. One of the duplicates must be removed or renamed.
objc[64711]: Class SDLTranslatorResponder is implemented in both /Users/linmuyi/miniconda3/envs/llm_gs/lib/python3.9/site-packages/pygame/.dylibs/libSDL2-2.0.0.dylib (0x120501390) and /Users/linmuyi/miniconda3/envs/llm_gs/lib/python3.9/site-packages/cv2/.dylibs/libSDL2-2.0.0.dylib (0x302058958). This may cause spurious casting failures and mysterious crashes. One of the duplicates must be removed or renamed.
objc[64711]: Class SDLMessageBoxPresenter is implemented in both /Users/linmuyi/miniconda3/envs/llm_gs/lib/python3.9/site-packages/pygame/.dylibs/libSDL2-2.0.0.dylib (0x1205013b8) and /Users/linmuyi/miniconda3/envs/llm_gs/lib/python3.9/site-packages/cv2/.dylibs/libSDL2-2.0.0.dylib (0x302058980). This may cause spurious casting failures and mysterious crashes. One of the duplicates must be removed or renamed.
objc[64711]: Class SDL_cocoametalview is implemented in both /Users/linmuyi/miniconda3/envs/llm_gs/lib/python3.9/site-packages/pygame/.dylibs/libSDL2-2.0.0.dylib (0x120501408) and /Users/linmuyi/miniconda3/envs/llm_gs/lib/python3.9/site-packages/cv2/.dylibs/libSDL2-2.0.0.dylib (0x3020589d0). This may cause spurious casting failures and mysterious crashes. One of the duplicates must be removed or renamed.
objc[64711]: Class SDLOpenGLContext is implemented in both /Users/linmuyi/miniconda3/envs/llm_gs/lib/python3.9/site-packages/pygame/.dylibs/libSDL2-2.0.0.dylib (0x120501458) and /Users/linmuyi/miniconda3/envs/llm_gs/lib/python3.9/site-packages/cv2/.dylibs/libSDL2-2.0.0.dylib (0x302058a20). This may cause spurious casting failures and mysterious crashes. One of the duplicates must be removed or renamed.
objc[64711]: Class SDL_ShapeData is implemented in both /Users/linmuyi/miniconda3/envs/llm_gs/lib/python3.9/site-packages/pygame/.dylibs/libSDL2-2.0.0.dylib (0x1205014d0) and /Users/linmuyi/miniconda3/envs/llm_gs/lib/python3.9/site-packages/cv2/.dylibs/libSDL2-2.0.0.dylib (0x302058a98). This may cause spurious casting failures and mysterious crashes. One of the duplicates must be removed or renamed.
objc[64711]: Class SDL_CocoaClosure is implemented in both /Users/linmuyi/miniconda3/envs/llm_gs/lib/python3.9/site-packages/pygame/.dylibs/libSDL2-2.0.0.dylib (0x120501520) and /Users/linmuyi/miniconda3/envs/llm_gs/lib/python3.9/site-packages/cv2/.dylibs/libSDL2-2.0.0.dylib (0x302058ae8). This may cause spurious casting failures and mysterious crashes. One of the duplicates must be removed or renamed.
objc[64711]: Class SDL_VideoData is implemented in both /Users/linmuyi/miniconda3/envs/llm_gs/lib/python3.9/site-packages/pygame/.dylibs/libSDL2-2.0.0.dylib (0x120501570) and /Users/linmuyi/miniconda3/envs/llm_gs/lib/python3.9/site-packages/cv2/.dylibs/libSDL2-2.0.0.dylib (0x302058b38). This may cause spurious casting failures and mysterious crashes. One of the duplicates must be removed or renamed.
objc[64711]: Class SDL_WindowData is implemented in both /Users/linmuyi/miniconda3/envs/llm_gs/lib/python3.9/site-packages/pygame/.dylibs/libSDL2-2.0.0.dylib (0x1205015c0) and /Users/linmuyi/miniconda3/envs/llm_gs/lib/python3.9/site-packages/cv2/.dylibs/libSDL2-2.0.0.dylib (0x302058b88). This may cause spurious casting failures and mysterious crashes. One of the duplicates must be removed or renamed.
objc[64711]: Class SDLWindow is implemented in both /Users/linmuyi/miniconda3/envs/llm_gs/lib/python3.9/site-packages/pygame/.dylibs/libSDL2-2.0.0.dylib (0x1205015e8) and /Users/linmuyi/miniconda3/envs/llm_gs/lib/python3.9/site-packages/cv2/.dylibs/libSDL2-2.0.0.dylib (0x302058bb0). This may cause spurious casting failures and mysterious crashes. One of the duplicates must be removed or renamed.
objc[64711]: Class Cocoa_WindowListener is implemented in both /Users/linmuyi/miniconda3/envs/llm_gs/lib/python3.9/site-packages/pygame/.dylibs/libSDL2-2.0.0.dylib (0x120501610) and /Users/linmuyi/miniconda3/envs/llm_gs/lib/python3.9/site-packages/cv2/.dylibs/libSDL2-2.0.0.dylib (0x302058bd8). This may cause spurious casting failures and mysterious crashes. One of the duplicates must be removed or renamed.
objc[64711]: Class SDLView is implemented in both /Users/linmuyi/miniconda3/envs/llm_gs/lib/python3.9/site-packages/pygame/.dylibs/libSDL2-2.0.0.dylib (0x120501688) and /Users/linmuyi/miniconda3/envs/llm_gs/lib/python3.9/site-packages/cv2/.dylibs/libSDL2-2.0.0.dylib (0x302058c50). This may cause spurious casting failures and mysterious crashes. One of the duplicates must be removed or renamed.
objc[64711]: Class METAL_RenderData is implemented in both /Users/linmuyi/miniconda3/envs/llm_gs/lib/python3.9/site-packages/pygame/.dylibs/libSDL2-2.0.0.dylib (0x120501700) and /Users/linmuyi/miniconda3/envs/llm_gs/lib/python3.9/site-packages/cv2/.dylibs/libSDL2-2.0.0.dylib (0x302058cc8). This may cause spurious casting failures and mysterious crashes. One of the duplicates must be removed or renamed.
objc[64711]: Class METAL_TextureData is implemented in both /Users/linmuyi/miniconda3/envs/llm_gs/lib/python3.9/site-packages/pygame/.dylibs/libSDL2-2.0.0.dylib (0x120501750) and /Users/linmuyi/miniconda3/envs/llm_gs/lib/python3.9/site-packages/cv2/.dylibs/libSDL2-2.0.0.dylib (0x302058d18). This may cause spurious casting failures and mysterious crashes. One of the duplicates must be removed or renamed.
objc[64711]: Class SDL_RumbleMotor is implemented in both /Users/linmuyi/miniconda3/envs/llm_gs/lib/python3.9/site-packages/pygame/.dylibs/libSDL2-2.0.0.dylib (0x120501778) and /Users/linmuyi/miniconda3/envs/llm_gs/lib/python3.9/site-packages/cv2/.dylibs/libSDL2-2.0.0.dylib (0x302058d40). This may cause spurious casting failures and mysterious crashes. One of the duplicates must be removed or renamed.
objc[64711]: Class SDL_RumbleContext is implemented in both /Users/linmuyi/miniconda3/envs/llm_gs/lib/python3.9/site-packages/pygame/.dylibs/libSDL2-2.0.0.dylib (0x1205017c8) and /Users/linmuyi/miniconda3/envs/llm_gs/lib/python3.9/site-packages/cv2/.dylibs/libSDL2-2.0.0.dylib (0x302058d90). This may cause spurious casting failures and mysterious crashes. One of the duplicates must be removed or renamed.
[flat] 1500000 steps, 30 checkpoints, flat (no curriculum)

  steps=  50000  held=0.00  gate=0.00  bins=3/3  active= 90  (32s)
  steps= 100000  held=0.00  gate=0.00  bins=3/3  active= 90  (61s)
  steps= 150000  held=0.00  gate=0.00  bins=3/3  active= 90  (92s)
  steps= 200000  held=0.00  gate=0.00  bins=3/3  active= 90  (123s)
  steps= 250000  held=0.03  gate=0.03  bins=3/3  active= 90  (166s)
  steps= 300000  held=0.14  gate=0.14  bins=3/3  active= 90  (194s)
  steps= 350000  held=0.01  gate=0.01  bins=3/3  active= 90  (244s)
  steps= 400000  held=0.00  gate=0.00  bins=3/3  active= 90  (293s)
  steps= 450000  held=0.00  gate=0.00  bins=3/3  active= 90  (344s)
  steps= 500000  held=0.00  gate=0.00  bins=3/3  active= 90  (394s)
  steps= 550000  held=0.01  gate=0.01  bins=3/3  active= 90  (432s)
  steps= 600000  held=0.03  gate=0.03  bins=3/3  active= 90  (465s)
  steps= 650000  held=0.02  gate=0.02  bins=3/3  active= 90  (509s)
  steps= 700000  held=0.00  gate=0.00  bins=3/3  active= 90  (561s)
  steps= 750000  held=0.01  gate=0.01  bins=3/3  active= 90  (613s)
  steps= 800000  held=0.00  gate=0.00  bins=3/3  active= 90  (664s)
  steps= 850000  held=0.01  gate=0.01  bins=3/3  active= 90  (714s)
  steps= 900000  held=0.01  gate=0.01  bins=3/3  active= 90  (762s)
  steps= 950000  held=0.01  gate=0.01  bins=3/3  active= 90  (812s)
  steps=1000000  held=0.01  gate=0.01  bins=3/3  active= 90  (864s)
  steps=1050000  held=0.00  gate=0.00  bins=3/3  active= 90  (916s)
  steps=1100000  held=0.01  gate=0.01  bins=3/3  active= 90  (966s)
  steps=1150000  held=0.00  gate=0.00  bins=3/3  active= 90  (1009s)
  steps=1200000  held=0.03  gate=0.03  bins=3/3  active= 90  (1050s)
  steps=1250000  held=0.00  gate=0.00  bins=3/3  active= 90  (1095s)
  steps=1300000  held=0.00  gate=0.00  bins=3/3  active= 90  (1123s)
  steps=1350000  held=0.00  gate=0.00  bins=3/3  active= 90  (1153s)
  steps=1400000  held=0.00  gate=0.00  bins=3/3  active= 90  (1189s)
  steps=1450000  held=0.00  gate=0.00  bins=3/3  active= 90  (1232s)
  steps=1500000  held=0.00  gate=0.00  bins=3/3  active= 90  (1275s)

[flat] DONE  final held=0.00  steps_to_0.3=NOT REACHED  wall=1275s  -> flat_seed9.json
[flat] per-cell held: s9N1=0.00  s9N2=0.00  s9N3=0.00  s13N1=0.00  s13N2=0.00  s13N3=0.00  s17N1=0.00  s17N2=0.00  s17N3=0.00
