[rivers_only] train=90 layouts  held-out=36 layouts
objc[35115]: Class SDLApplication is implemented in both /Users/linmuyi/miniconda3/envs/llm_gs/lib/python3.9/site-packages/pygame/.dylibs/libSDL2-2.0.0.dylib (0x107b612c8) and /Users/linmuyi/miniconda3/envs/llm_gs/lib/python3.9/site-packages/cv2/.dylibs/libSDL2-2.0.0.dylib (0x17d918890). This may cause spurious casting failures and mysterious crashes. One of the duplicates must be removed or renamed.
objc[35115]: Class SDLAppDelegate is implemented in both /Users/linmuyi/miniconda3/envs/llm_gs/lib/python3.9/site-packages/pygame/.dylibs/libSDL2-2.0.0.dylib (0x107b61318) and /Users/linmuyi/miniconda3/envs/llm_gs/lib/python3.9/site-packages/cv2/.dylibs/libSDL2-2.0.0.dylib (0x17d9188e0). This may cause spurious casting failures and mysterious crashes. One of the duplicates must be removed or renamed.
objc[35115]: Class SDLTranslatorResponder is implemented in both /Users/linmuyi/miniconda3/envs/llm_gs/lib/python3.9/site-packages/pygame/.dylibs/libSDL2-2.0.0.dylib (0x107b61390) and /Users/linmuyi/miniconda3/envs/llm_gs/lib/python3.9/site-packages/cv2/.dylibs/libSDL2-2.0.0.dylib (0x17d918958). This may cause spurious casting failures and mysterious crashes. One of the duplicates must be removed or renamed.
objc[35115]: Class SDLMessageBoxPresenter is implemented in both /Users/linmuyi/miniconda3/envs/llm_gs/lib/python3.9/site-packages/pygame/.dylibs/libSDL2-2.0.0.dylib (0x107b613b8) and /Users/linmuyi/miniconda3/envs/llm_gs/lib/python3.9/site-packages/cv2/.dylibs/libSDL2-2.0.0.dylib (0x17d918980). This may cause spurious casting failures and mysterious crashes. One of the duplicates must be removed or renamed.
objc[35115]: Class SDL_cocoametalview is implemented in both /Users/linmuyi/miniconda3/envs/llm_gs/lib/python3.9/site-packages/pygame/.dylibs/libSDL2-2.0.0.dylib (0x107b61408) and /Users/linmuyi/miniconda3/envs/llm_gs/lib/python3.9/site-packages/cv2/.dylibs/libSDL2-2.0.0.dylib (0x17d9189d0). This may cause spurious casting failures and mysterious crashes. One of the duplicates must be removed or renamed.
objc[35115]: Class SDLOpenGLContext is implemented in both /Users/linmuyi/miniconda3/envs/llm_gs/lib/python3.9/site-packages/pygame/.dylibs/libSDL2-2.0.0.dylib (0x107b61458) and /Users/linmuyi/miniconda3/envs/llm_gs/lib/python3.9/site-packages/cv2/.dylibs/libSDL2-2.0.0.dylib (0x17d918a20). This may cause spurious casting failures and mysterious crashes. One of the duplicates must be removed or renamed.
objc[35115]: Class SDL_ShapeData is implemented in both /Users/linmuyi/miniconda3/envs/llm_gs/lib/python3.9/site-packages/pygame/.dylibs/libSDL2-2.0.0.dylib (0x107b614d0) and /Users/linmuyi/miniconda3/envs/llm_gs/lib/python3.9/site-packages/cv2/.dylibs/libSDL2-2.0.0.dylib (0x17d918a98). This may cause spurious casting failures and mysterious crashes. One of the duplicates must be removed or renamed.
objc[35115]: Class SDL_CocoaClosure is implemented in both /Users/linmuyi/miniconda3/envs/llm_gs/lib/python3.9/site-packages/pygame/.dylibs/libSDL2-2.0.0.dylib (0x107b61520) and /Users/linmuyi/miniconda3/envs/llm_gs/lib/python3.9/site-packages/cv2/.dylibs/libSDL2-2.0.0.dylib (0x17d918ae8). This may cause spurious casting failures and mysterious crashes. One of the duplicates must be removed or renamed.
objc[35115]: Class SDL_VideoData is implemented in both /Users/linmuyi/miniconda3/envs/llm_gs/lib/python3.9/site-packages/pygame/.dylibs/libSDL2-2.0.0.dylib (0x107b61570) and /Users/linmuyi/miniconda3/envs/llm_gs/lib/python3.9/site-packages/cv2/.dylibs/libSDL2-2.0.0.dylib (0x17d918b38). This may cause spurious casting failures and mysterious crashes. One of the duplicates must be removed or renamed.
objc[35115]: Class SDL_WindowData is implemented in both /Users/linmuyi/miniconda3/envs/llm_gs/lib/python3.9/site-packages/pygame/.dylibs/libSDL2-2.0.0.dylib (0x107b615c0) and /Users/linmuyi/miniconda3/envs/llm_gs/lib/python3.9/site-packages/cv2/.dylibs/libSDL2-2.0.0.dylib (0x17d918b88). This may cause spurious casting failures and mysterious crashes. One of the duplicates must be removed or renamed.
objc[35115]: Class SDLWindow is implemented in both /Users/linmuyi/miniconda3/envs/llm_gs/lib/python3.9/site-packages/pygame/.dylibs/libSDL2-2.0.0.dylib (0x107b615e8) and /Users/linmuyi/miniconda3/envs/llm_gs/lib/python3.9/site-packages/cv2/.dylibs/libSDL2-2.0.0.dylib (0x17d918bb0). This may cause spurious casting failures and mysterious crashes. One of the duplicates must be removed or renamed.
objc[35115]: Class Cocoa_WindowListener is implemented in both /Users/linmuyi/miniconda3/envs/llm_gs/lib/python3.9/site-packages/pygame/.dylibs/libSDL2-2.0.0.dylib (0x107b61610) and /Users/linmuyi/miniconda3/envs/llm_gs/lib/python3.9/site-packages/cv2/.dylibs/libSDL2-2.0.0.dylib (0x17d918bd8). This may cause spurious casting failures and mysterious crashes. One of the duplicates must be removed or renamed.
objc[35115]: Class SDLView is implemented in both /Users/linmuyi/miniconda3/envs/llm_gs/lib/python3.9/site-packages/pygame/.dylibs/libSDL2-2.0.0.dylib (0x107b61688) and /Users/linmuyi/miniconda3/envs/llm_gs/lib/python3.9/site-packages/cv2/.dylibs/libSDL2-2.0.0.dylib (0x17d918c50). This may cause spurious casting failures and mysterious crashes. One of the duplicates must be removed or renamed.
objc[35115]: Class METAL_RenderData is implemented in both /Users/linmuyi/miniconda3/envs/llm_gs/lib/python3.9/site-packages/pygame/.dylibs/libSDL2-2.0.0.dylib (0x107b61700) and /Users/linmuyi/miniconda3/envs/llm_gs/lib/python3.9/site-packages/cv2/.dylibs/libSDL2-2.0.0.dylib (0x17d918cc8). This may cause spurious casting failures and mysterious crashes. One of the duplicates must be removed or renamed.
objc[35115]: Class METAL_TextureData is implemented in both /Users/linmuyi/miniconda3/envs/llm_gs/lib/python3.9/site-packages/pygame/.dylibs/libSDL2-2.0.0.dylib (0x107b61750) and /Users/linmuyi/miniconda3/envs/llm_gs/lib/python3.9/site-packages/cv2/.dylibs/libSDL2-2.0.0.dylib (0x17d918d18). This may cause spurious casting failures and mysterious crashes. One of the duplicates must be removed or renamed.
objc[35115]: Class SDL_RumbleMotor is implemented in both /Users/linmuyi/miniconda3/envs/llm_gs/lib/python3.9/site-packages/pygame/.dylibs/libSDL2-2.0.0.dylib (0x107b61778) and /Users/linmuyi/miniconda3/envs/llm_gs/lib/python3.9/site-packages/cv2/.dylibs/libSDL2-2.0.0.dylib (0x17d918d40). This may cause spurious casting failures and mysterious crashes. One of the duplicates must be removed or renamed.
objc[35115]: Class SDL_RumbleContext is implemented in both /Users/linmuyi/miniconda3/envs/llm_gs/lib/python3.9/site-packages/pygame/.dylibs/libSDL2-2.0.0.dylib (0x107b617c8) and /Users/linmuyi/miniconda3/envs/llm_gs/lib/python3.9/site-packages/cv2/.dylibs/libSDL2-2.0.0.dylib (0x17d918d90). This may cause spurious casting failures and mysterious crashes. One of the duplicates must be removed or renamed.
[rivers_only] 1500000 steps, 30 checkpoints, curriculum

  steps=  50000  held=0.01  gate=0.01  bins=1/3  active= 30  (36s)
  steps= 100000  held=0.00  gate=0.01  bins=1/3  active= 30  (67s)
  steps= 150000  held=0.00  gate=0.03  bins=1/3  active= 30  (103s)
  steps= 200000  held=0.01  gate=0.00  bins=1/3  active= 30  (133s)
  steps= 250000  held=0.12  gate=0.04  bins=1/3  active= 30  (159s)
  steps= 300000  held=0.13  gate=0.17  bins=1/3  active= 30  (207s)
  steps= 350000  held=0.04  gate=0.11  bins=1/3  active= 30  (261s)
  steps= 400000  held=0.12  gate=0.12  bins=2/3  active= 60  [UNLOCK:deadline]  (313s)
  steps= 450000  held=0.09  gate=0.00  bins=2/3  active= 60  (370s)
  steps= 500000  held=0.03  gate=0.11  bins=2/3  active= 60  (416s)
  steps= 550000  held=0.02  gate=0.12  bins=2/3  active= 60  (469s)
  steps= 600000  held=0.03  gate=0.07  bins=2/3  active= 60  (527s)
  steps= 650000  held=0.00  gate=0.03  bins=2/3  active= 60  (591s)
  steps= 700000  held=0.04  gate=0.11  bins=2/3  active= 60  (641s)
  steps= 750000  held=0.00  gate=0.07  bins=2/3  active= 60  (702s)
  steps= 800000  held=0.01  gate=0.00  bins=3/3  active= 90  [UNLOCK:deadline]  (742s)
  steps= 850000  held=0.01  gate=0.01  bins=3/3  active= 90  (781s)
  steps= 900000  held=0.03  gate=0.03  bins=3/3  active= 90  (824s)
  steps= 950000  held=0.03  gate=0.03  bins=3/3  active= 90  (875s)
  steps=1000000  held=0.03  gate=0.03  bins=3/3  active= 90  (924s)
  steps=1050000  held=0.03  gate=0.03  bins=3/3  active= 90  (970s)
  steps=1100000  held=0.03  gate=0.03  bins=3/3  active= 90  (1014s)
  steps=1150000  held=0.03  gate=0.03  bins=3/3  active= 90  (1062s)
  steps=1200000  held=0.00  gate=0.00  bins=3/3  active= 90  (1113s)
  steps=1250000  held=0.00  gate=0.00  bins=3/3  active= 90  (1163s)
  steps=1300000  held=0.00  gate=0.00  bins=3/3  active= 90  (1208s)
  steps=1350000  held=0.03  gate=0.03  bins=3/3  active= 90  (1255s)
  steps=1400000  held=0.04  gate=0.04  bins=3/3  active= 90  (1302s)
  steps=1450000  held=0.14  gate=0.14  bins=3/3  active= 90  (1330s)
  steps=1500000  held=0.01  gate=0.01  bins=3/3  active= 90  (1378s)

[rivers_only] DONE  final held=0.01  steps_to_0.3=NOT REACHED  wall=1378s  -> rivers_only_seed36.json
[rivers_only] per-cell held: s9N1=0.00  s9N2=0.00  s9N3=0.00  s13N1=0.00  s13N2=0.00  s13N3=0.00  s17N1=0.00  s17N2=0.06  s17N3=0.00
