[rivers_only] train=90 layouts  held-out=36 layouts
objc[31386]: Class SDLApplication is implemented in both /Users/linmuyi/miniconda3/envs/llm_gs/lib/python3.9/site-packages/pygame/.dylibs/libSDL2-2.0.0.dylib (0x114c612c8) and /Users/linmuyi/miniconda3/envs/llm_gs/lib/python3.9/site-packages/cv2/.dylibs/libSDL2-2.0.0.dylib (0x1412d4890). This may cause spurious casting failures and mysterious crashes. One of the duplicates must be removed or renamed.
objc[31386]: Class SDLAppDelegate is implemented in both /Users/linmuyi/miniconda3/envs/llm_gs/lib/python3.9/site-packages/pygame/.dylibs/libSDL2-2.0.0.dylib (0x114c61318) and /Users/linmuyi/miniconda3/envs/llm_gs/lib/python3.9/site-packages/cv2/.dylibs/libSDL2-2.0.0.dylib (0x1412d48e0). This may cause spurious casting failures and mysterious crashes. One of the duplicates must be removed or renamed.
objc[31386]: Class SDLTranslatorResponder is implemented in both /Users/linmuyi/miniconda3/envs/llm_gs/lib/python3.9/site-packages/pygame/.dylibs/libSDL2-2.0.0.dylib (0x114c61390) and /Users/linmuyi/miniconda3/envs/llm_gs/lib/python3.9/site-packages/cv2/.dylibs/libSDL2-2.0.0.dylib (0x1412d4958). This may cause spurious casting failures and mysterious crashes. One of the duplicates must be removed or renamed.
objc[31386]: Class SDLMessageBoxPresenter is implemented in both /Users/linmuyi/miniconda3/envs/llm_gs/lib/python3.9/site-packages/pygame/.dylibs/libSDL2-2.0.0.dylib (0x114c613b8) and /Users/linmuyi/miniconda3/envs/llm_gs/lib/python3.9/site-packages/cv2/.dylibs/libSDL2-2.0.0.dylib (0x1412d4980). This may cause spurious casting failures and mysterious crashes. One of the duplicates must be removed or renamed.
objc[31386]: Class SDL_cocoametalview is implemented in both /Users/linmuyi/miniconda3/envs/llm_gs/lib/python3.9/site-packages/pygame/.dylibs/libSDL2-2.0.0.dylib (0x114c61408) and /Users/linmuyi/miniconda3/envs/llm_gs/lib/python3.9/site-packages/cv2/.dylibs/libSDL2-2.0.0.dylib (0x1412d49d0). This may cause spurious casting failures and mysterious crashes. One of the duplicates must be removed or renamed.
objc[31386]: Class SDLOpenGLContext is implemented in both /Users/linmuyi/miniconda3/envs/llm_gs/lib/python3.9/site-packages/pygame/.dylibs/libSDL2-2.0.0.dylib (0x114c61458) and /Users/linmuyi/miniconda3/envs/llm_gs/lib/python3.9/site-packages/cv2/.dylibs/libSDL2-2.0.0.dylib (0x1412d4a20). This may cause spurious casting failures and mysterious crashes. One of the duplicates must be removed or renamed.
objc[31386]: Class SDL_ShapeData is implemented in both /Users/linmuyi/miniconda3/envs/llm_gs/lib/python3.9/site-packages/pygame/.dylibs/libSDL2-2.0.0.dylib (0x114c614d0) and /Users/linmuyi/miniconda3/envs/llm_gs/lib/python3.9/site-packages/cv2/.dylibs/libSDL2-2.0.0.dylib (0x1412d4a98). This may cause spurious casting failures and mysterious crashes. One of the duplicates must be removed or renamed.
objc[31386]: Class SDL_CocoaClosure is implemented in both /Users/linmuyi/miniconda3/envs/llm_gs/lib/python3.9/site-packages/pygame/.dylibs/libSDL2-2.0.0.dylib (0x114c61520) and /Users/linmuyi/miniconda3/envs/llm_gs/lib/python3.9/site-packages/cv2/.dylibs/libSDL2-2.0.0.dylib (0x1412d4ae8). This may cause spurious casting failures and mysterious crashes. One of the duplicates must be removed or renamed.
objc[31386]: Class SDL_VideoData is implemented in both /Users/linmuyi/miniconda3/envs/llm_gs/lib/python3.9/site-packages/pygame/.dylibs/libSDL2-2.0.0.dylib (0x114c61570) and /Users/linmuyi/miniconda3/envs/llm_gs/lib/python3.9/site-packages/cv2/.dylibs/libSDL2-2.0.0.dylib (0x1412d4b38). This may cause spurious casting failures and mysterious crashes. One of the duplicates must be removed or renamed.
objc[31386]: Class SDL_WindowData is implemented in both /Users/linmuyi/miniconda3/envs/llm_gs/lib/python3.9/site-packages/pygame/.dylibs/libSDL2-2.0.0.dylib (0x114c615c0) and /Users/linmuyi/miniconda3/envs/llm_gs/lib/python3.9/site-packages/cv2/.dylibs/libSDL2-2.0.0.dylib (0x1412d4b88). This may cause spurious casting failures and mysterious crashes. One of the duplicates must be removed or renamed.
objc[31386]: Class SDLWindow is implemented in both /Users/linmuyi/miniconda3/envs/llm_gs/lib/python3.9/site-packages/pygame/.dylibs/libSDL2-2.0.0.dylib (0x114c615e8) and /Users/linmuyi/miniconda3/envs/llm_gs/lib/python3.9/site-packages/cv2/.dylibs/libSDL2-2.0.0.dylib (0x1412d4bb0). This may cause spurious casting failures and mysterious crashes. One of the duplicates must be removed or renamed.
objc[31386]: Class Cocoa_WindowListener is implemented in both /Users/linmuyi/miniconda3/envs/llm_gs/lib/python3.9/site-packages/pygame/.dylibs/libSDL2-2.0.0.dylib (0x114c61610) and /Users/linmuyi/miniconda3/envs/llm_gs/lib/python3.9/site-packages/cv2/.dylibs/libSDL2-2.0.0.dylib (0x1412d4bd8). This may cause spurious casting failures and mysterious crashes. One of the duplicates must be removed or renamed.
objc[31386]: Class SDLView is implemented in both /Users/linmuyi/miniconda3/envs/llm_gs/lib/python3.9/site-packages/pygame/.dylibs/libSDL2-2.0.0.dylib (0x114c61688) and /Users/linmuyi/miniconda3/envs/llm_gs/lib/python3.9/site-packages/cv2/.dylibs/libSDL2-2.0.0.dylib (0x1412d4c50). This may cause spurious casting failures and mysterious crashes. One of the duplicates must be removed or renamed.
objc[31386]: Class METAL_RenderData is implemented in both /Users/linmuyi/miniconda3/envs/llm_gs/lib/python3.9/site-packages/pygame/.dylibs/libSDL2-2.0.0.dylib (0x114c61700) and /Users/linmuyi/miniconda3/envs/llm_gs/lib/python3.9/site-packages/cv2/.dylibs/libSDL2-2.0.0.dylib (0x1412d4cc8). This may cause spurious casting failures and mysterious crashes. One of the duplicates must be removed or renamed.
objc[31386]: Class METAL_TextureData is implemented in both /Users/linmuyi/miniconda3/envs/llm_gs/lib/python3.9/site-packages/pygame/.dylibs/libSDL2-2.0.0.dylib (0x114c61750) and /Users/linmuyi/miniconda3/envs/llm_gs/lib/python3.9/site-packages/cv2/.dylibs/libSDL2-2.0.0.dylib (0x1412d4d18). This may cause spurious casting failures and mysterious crashes. One of the duplicates must be removed or renamed.
objc[31386]: Class SDL_RumbleMotor is implemented in both /Users/linmuyi/miniconda3/envs/llm_gs/lib/python3.9/site-packages/pygame/.dylibs/libSDL2-2.0.0.dylib (0x114c61778) and /Users/linmuyi/miniconda3/envs/llm_gs/lib/python3.9/site-packages/cv2/.dylibs/libSDL2-2.0.0.dylib (0x1412d4d40). This may cause spurious casting failures and mysterious crashes. One of the duplicates must be removed or renamed.
objc[31386]: Class SDL_RumbleContext is implemented in both /Users/linmuyi/miniconda3/envs/llm_gs/lib/python3.9/site-packages/pygame/.dylibs/libSDL2-2.0.0.dylib (0x114c617c8) and /Users/linmuyi/miniconda3/envs/llm_gs/lib/python3.9/site-packages/cv2/.dylibs/libSDL2-2.0.0.dylib (0x1412d4d90). This may cause spurious casting failures and mysterious crashes. One of the duplicates must be removed or renamed.
[rivers_only] 1500000 steps, 30 checkpoints, curriculum

  steps=  50000  held=0.00  gate=0.00  bins=1/3  active= 30  (53s)
  steps= 100000  held=0.00  gate=0.00  bins=1/3  active= 30  (104s)
  steps= 150000  held=0.00  gate=0.01  bins=1/3  active= 30  (144s)
  steps= 200000  held=0.01  gate=0.00  bins=1/3  active= 30  (179s)
  steps= 250000  held=0.00  gate=0.00  bins=1/3  active= 30  (222s)
  steps= 300000  held=0.00  gate=0.01  bins=1/3  active= 30  (266s)
  steps= 350000  held=0.00  gate=0.04  bins=1/3  active= 30  (300s)
  steps= 400000  held=0.00  gate=0.01  bins=2/3  active= 60  [UNLOCK:deadline]  (342s)
  steps= 450000  held=0.00  gate=0.01  bins=2/3  active= 60  (377s)
  steps= 500000  held=0.07  gate=0.10  bins=2/3  active= 60  (415s)
  steps= 550000  held=0.06  gate=0.03  bins=2/3  active= 60  (462s)
  steps= 600000  held=0.09  gate=0.17  bins=2/3  active= 60  (496s)
  steps= 650000  held=0.08  gate=0.11  bins=2/3  active= 60  (548s)
  steps= 700000  held=0.12  gate=0.10  bins=2/3  active= 60  (585s)
  steps= 750000  held=0.03  gate=0.11  bins=2/3  active= 60  (632s)
  steps= 800000  held=0.06  gate=0.00  bins=3/3  active= 90  [UNLOCK:deadline]  (694s)
  steps= 850000  held=0.03  gate=0.03  bins=3/3  active= 90  (749s)
  steps= 900000  held=0.09  gate=0.09  bins=3/3  active= 90  (799s)
  steps= 950000  held=0.15  gate=0.15  bins=3/3  active= 90  (834s)
  steps=1000000  held=0.08  gate=0.08  bins=3/3  active= 90  (884s)
  steps=1050000  held=0.14  gate=0.14  bins=3/3  active= 90  (923s)
  steps=1100000  held=0.10  gate=0.10  bins=3/3  active= 90  (961s)
  steps=1150000  held=0.13  gate=0.13  bins=3/3  active= 90  (1003s)
  steps=1200000  held=0.11  gate=0.11  bins=3/3  active= 90  (1048s)
  steps=1250000  held=0.08  gate=0.08  bins=3/3  active= 90  (1101s)
  steps=1300000  held=0.13  gate=0.13  bins=3/3  active= 90  (1134s)
  steps=1350000  held=0.13  gate=0.13  bins=3/3  active= 90  (1176s)
  steps=1400000  held=0.12  gate=0.12  bins=3/3  active= 90  (1213s)
  steps=1450000  held=0.03  gate=0.03  bins=3/3  active= 90  (1260s)
  steps=1500000  held=0.00  gate=0.00  bins=3/3  active= 90  (1304s)

[rivers_only] DONE  final held=0.00  steps_to_0.3=NOT REACHED  wall=1304s  -> rivers_only_seed3.json
[rivers_only] per-cell held: s9N1=0.00  s9N2=0.00  s9N3=0.00  s13N1=0.00  s13N2=0.00  s13N3=0.00  s17N1=0.00  s17N2=0.00  s17N3=0.00
