[random_curriculum] train=90 layouts  held-out=36 layouts
objc[27586]: Class SDLApplication is implemented in both /Users/linmuyi/miniconda3/envs/llm_gs/lib/python3.9/site-packages/pygame/.dylibs/libSDL2-2.0.0.dylib (0x106b192c8) and /Users/linmuyi/miniconda3/envs/llm_gs/lib/python3.9/site-packages/cv2/.dylibs/libSDL2-2.0.0.dylib (0x13ca94890). This may cause spurious casting failures and mysterious crashes. One of the duplicates must be removed or renamed.
objc[27586]: Class SDLAppDelegate is implemented in both /Users/linmuyi/miniconda3/envs/llm_gs/lib/python3.9/site-packages/pygame/.dylibs/libSDL2-2.0.0.dylib (0x106b19318) and /Users/linmuyi/miniconda3/envs/llm_gs/lib/python3.9/site-packages/cv2/.dylibs/libSDL2-2.0.0.dylib (0x13ca948e0). This may cause spurious casting failures and mysterious crashes. One of the duplicates must be removed or renamed.
objc[27586]: Class SDLTranslatorResponder is implemented in both /Users/linmuyi/miniconda3/envs/llm_gs/lib/python3.9/site-packages/pygame/.dylibs/libSDL2-2.0.0.dylib (0x106b19390) and /Users/linmuyi/miniconda3/envs/llm_gs/lib/python3.9/site-packages/cv2/.dylibs/libSDL2-2.0.0.dylib (0x13ca94958). This may cause spurious casting failures and mysterious crashes. One of the duplicates must be removed or renamed.
objc[27586]: Class SDLMessageBoxPresenter is implemented in both /Users/linmuyi/miniconda3/envs/llm_gs/lib/python3.9/site-packages/pygame/.dylibs/libSDL2-2.0.0.dylib (0x106b193b8) and /Users/linmuyi/miniconda3/envs/llm_gs/lib/python3.9/site-packages/cv2/.dylibs/libSDL2-2.0.0.dylib (0x13ca94980). This may cause spurious casting failures and mysterious crashes. One of the duplicates must be removed or renamed.
objc[27586]: Class SDL_cocoametalview is implemented in both /Users/linmuyi/miniconda3/envs/llm_gs/lib/python3.9/site-packages/pygame/.dylibs/libSDL2-2.0.0.dylib (0x106b19408) and /Users/linmuyi/miniconda3/envs/llm_gs/lib/python3.9/site-packages/cv2/.dylibs/libSDL2-2.0.0.dylib (0x13ca949d0). This may cause spurious casting failures and mysterious crashes. One of the duplicates must be removed or renamed.
objc[27586]: Class SDLOpenGLContext is implemented in both /Users/linmuyi/miniconda3/envs/llm_gs/lib/python3.9/site-packages/pygame/.dylibs/libSDL2-2.0.0.dylib (0x106b19458) and /Users/linmuyi/miniconda3/envs/llm_gs/lib/python3.9/site-packages/cv2/.dylibs/libSDL2-2.0.0.dylib (0x13ca94a20). This may cause spurious casting failures and mysterious crashes. One of the duplicates must be removed or renamed.
objc[27586]: Class SDL_ShapeData is implemented in both /Users/linmuyi/miniconda3/envs/llm_gs/lib/python3.9/site-packages/pygame/.dylibs/libSDL2-2.0.0.dylib (0x106b194d0) and /Users/linmuyi/miniconda3/envs/llm_gs/lib/python3.9/site-packages/cv2/.dylibs/libSDL2-2.0.0.dylib (0x13ca94a98). This may cause spurious casting failures and mysterious crashes. One of the duplicates must be removed or renamed.
objc[27586]: Class SDL_CocoaClosure is implemented in both /Users/linmuyi/miniconda3/envs/llm_gs/lib/python3.9/site-packages/pygame/.dylibs/libSDL2-2.0.0.dylib (0x106b19520) and /Users/linmuyi/miniconda3/envs/llm_gs/lib/python3.9/site-packages/cv2/.dylibs/libSDL2-2.0.0.dylib (0x13ca94ae8). This may cause spurious casting failures and mysterious crashes. One of the duplicates must be removed or renamed.
objc[27586]: Class SDL_VideoData is implemented in both /Users/linmuyi/miniconda3/envs/llm_gs/lib/python3.9/site-packages/pygame/.dylibs/libSDL2-2.0.0.dylib (0x106b19570) and /Users/linmuyi/miniconda3/envs/llm_gs/lib/python3.9/site-packages/cv2/.dylibs/libSDL2-2.0.0.dylib (0x13ca94b38). This may cause spurious casting failures and mysterious crashes. One of the duplicates must be removed or renamed.
objc[27586]: Class SDL_WindowData is implemented in both /Users/linmuyi/miniconda3/envs/llm_gs/lib/python3.9/site-packages/pygame/.dylibs/libSDL2-2.0.0.dylib (0x106b195c0) and /Users/linmuyi/miniconda3/envs/llm_gs/lib/python3.9/site-packages/cv2/.dylibs/libSDL2-2.0.0.dylib (0x13ca94b88). This may cause spurious casting failures and mysterious crashes. One of the duplicates must be removed or renamed.
objc[27586]: Class SDLWindow is implemented in both /Users/linmuyi/miniconda3/envs/llm_gs/lib/python3.9/site-packages/pygame/.dylibs/libSDL2-2.0.0.dylib (0x106b195e8) and /Users/linmuyi/miniconda3/envs/llm_gs/lib/python3.9/site-packages/cv2/.dylibs/libSDL2-2.0.0.dylib (0x13ca94bb0). This may cause spurious casting failures and mysterious crashes. One of the duplicates must be removed or renamed.
objc[27586]: Class Cocoa_WindowListener is implemented in both /Users/linmuyi/miniconda3/envs/llm_gs/lib/python3.9/site-packages/pygame/.dylibs/libSDL2-2.0.0.dylib (0x106b19610) and /Users/linmuyi/miniconda3/envs/llm_gs/lib/python3.9/site-packages/cv2/.dylibs/libSDL2-2.0.0.dylib (0x13ca94bd8). This may cause spurious casting failures and mysterious crashes. One of the duplicates must be removed or renamed.
objc[27586]: Class SDLView is implemented in both /Users/linmuyi/miniconda3/envs/llm_gs/lib/python3.9/site-packages/pygame/.dylibs/libSDL2-2.0.0.dylib (0x106b19688) and /Users/linmuyi/miniconda3/envs/llm_gs/lib/python3.9/site-packages/cv2/.dylibs/libSDL2-2.0.0.dylib (0x13ca94c50). This may cause spurious casting failures and mysterious crashes. One of the duplicates must be removed or renamed.
objc[27586]: Class METAL_RenderData is implemented in both /Users/linmuyi/miniconda3/envs/llm_gs/lib/python3.9/site-packages/pygame/.dylibs/libSDL2-2.0.0.dylib (0x106b19700) and /Users/linmuyi/miniconda3/envs/llm_gs/lib/python3.9/site-packages/cv2/.dylibs/libSDL2-2.0.0.dylib (0x13ca94cc8). This may cause spurious casting failures and mysterious crashes. One of the duplicates must be removed or renamed.
objc[27586]: Class METAL_TextureData is implemented in both /Users/linmuyi/miniconda3/envs/llm_gs/lib/python3.9/site-packages/pygame/.dylibs/libSDL2-2.0.0.dylib (0x106b19750) and /Users/linmuyi/miniconda3/envs/llm_gs/lib/python3.9/site-packages/cv2/.dylibs/libSDL2-2.0.0.dylib (0x13ca94d18). This may cause spurious casting failures and mysterious crashes. One of the duplicates must be removed or renamed.
objc[27586]: Class SDL_RumbleMotor is implemented in both /Users/linmuyi/miniconda3/envs/llm_gs/lib/python3.9/site-packages/pygame/.dylibs/libSDL2-2.0.0.dylib (0x106b19778) and /Users/linmuyi/miniconda3/envs/llm_gs/lib/python3.9/site-packages/cv2/.dylibs/libSDL2-2.0.0.dylib (0x13ca94d40). This may cause spurious casting failures and mysterious crashes. One of the duplicates must be removed or renamed.
objc[27586]: Class SDL_RumbleContext is implemented in both /Users/linmuyi/miniconda3/envs/llm_gs/lib/python3.9/site-packages/pygame/.dylibs/libSDL2-2.0.0.dylib (0x106b197c8) and /Users/linmuyi/miniconda3/envs/llm_gs/lib/python3.9/site-packages/cv2/.dylibs/libSDL2-2.0.0.dylib (0x13ca94d90). This may cause spurious casting failures and mysterious crashes. One of the duplicates must be removed or renamed.
[random_curriculum] 1500000 steps, 30 checkpoints, curriculum

  steps=  50000  held=0.00  gate=0.01  bins=1/3  active= 30  (45s)
  steps= 100000  held=0.01  gate=0.01  bins=1/3  active= 30  (85s)
  steps= 150000  held=0.13  gate=0.06  bins=1/3  active= 30  (115s)
  steps= 200000  held=0.01  gate=0.10  bins=1/3  active= 30  (166s)
  steps= 250000  held=0.00  gate=0.00  bins=1/3  active= 30  (224s)
  steps= 300000  held=0.02  gate=0.06  bins=1/3  active= 30  (262s)
  steps= 350000  held=0.03  gate=0.06  bins=1/3  active= 30  (310s)
  steps= 400000  held=0.10  gate=0.10  bins=2/3  active= 60  [UNLOCK:deadline]  (351s)
  steps= 450000  held=0.06  gate=0.01  bins=2/3  active= 60  (393s)
  steps= 500000  held=0.14  gate=0.08  bins=2/3  active= 60  (425s)
  steps= 550000  held=0.14  gate=0.04  bins=2/3  active= 60  (459s)
  steps= 600000  held=0.06  gate=0.21  bins=2/3  active= 60  (493s)
  steps= 650000  held=0.09  gate=0.10  bins=2/3  active= 60  (531s)
  steps= 700000  held=0.02  gate=0.14  bins=2/3  active= 60  (589s)
  steps= 750000  held=0.14  gate=0.10  bins=2/3  active= 60  (630s)
  steps= 800000  held=0.14  gate=0.07  bins=3/3  active= 90  [UNLOCK:deadline]  (685s)
  steps= 850000  held=0.14  gate=0.14  bins=3/3  active= 90  (723s)
  steps= 900000  held=0.12  gate=0.12  bins=3/3  active= 90  (764s)
  steps= 950000  held=0.13  gate=0.13  bins=3/3  active= 90  (809s)
  steps=1000000  held=0.17  gate=0.17  bins=3/3  active= 90  (853s)
  steps=1050000  held=0.22  gate=0.22  bins=3/3  active= 90  (900s)
  steps=1100000  held=0.17  gate=0.17  bins=3/3  active= 90  (944s)
  steps=1150000  held=0.18  gate=0.18  bins=3/3  active= 90  (991s)
  steps=1200000  held=0.17  gate=0.17  bins=3/3  active= 90  (1037s)
  steps=1250000  held=0.29  gate=0.29  bins=3/3  active= 90  (1080s)
  steps=1300000  held=0.16  gate=0.16  bins=3/3  active= 90  (1127s)
  steps=1350000  held=0.60  gate=0.60  bins=3/3  active= 90  (1166s)
  steps=1400000  held=0.62  gate=0.62  bins=3/3  active= 90  (1203s)
  steps=1450000  held=0.56  gate=0.56  bins=3/3  active= 90  (1243s)
  steps=1500000  held=0.62  gate=0.62  bins=3/3  active= 90  (1281s)

[random_curriculum] DONE  final held=0.62  steps_to_0.3=1,350,000  wall=1281s  -> random_curriculum_seed20.json
[random_curriculum] per-cell held: s9N1=0.75  s9N2=0.44  s9N3=0.00  s13N1=0.75  s13N2=0.88  s13N3=0.25  s17N1=1.00  s17N2=1.00  s17N3=0.50
