[random_curriculum] train=90 layouts  held-out=36 layouts
objc[50310]: Class SDLApplication is implemented in both /Users/linmuyi/miniconda3/envs/llm_gs/lib/python3.9/site-packages/pygame/.dylibs/libSDL2-2.0.0.dylib (0x10aafd2c8) and /Users/linmuyi/miniconda3/envs/llm_gs/lib/python3.9/site-packages/cv2/.dylibs/libSDL2-2.0.0.dylib (0x16f8d4890). This may cause spurious casting failures and mysterious crashes. One of the duplicates must be removed or renamed.
objc[50310]: Class SDLAppDelegate is implemented in both /Users/linmuyi/miniconda3/envs/llm_gs/lib/python3.9/site-packages/pygame/.dylibs/libSDL2-2.0.0.dylib (0x10aafd318) and /Users/linmuyi/miniconda3/envs/llm_gs/lib/python3.9/site-packages/cv2/.dylibs/libSDL2-2.0.0.dylib (0x16f8d48e0). This may cause spurious casting failures and mysterious crashes. One of the duplicates must be removed or renamed.
objc[50310]: Class SDLTranslatorResponder is implemented in both /Users/linmuyi/miniconda3/envs/llm_gs/lib/python3.9/site-packages/pygame/.dylibs/libSDL2-2.0.0.dylib (0x10aafd390) and /Users/linmuyi/miniconda3/envs/llm_gs/lib/python3.9/site-packages/cv2/.dylibs/libSDL2-2.0.0.dylib (0x16f8d4958). This may cause spurious casting failures and mysterious crashes. One of the duplicates must be removed or renamed.
objc[50310]: Class SDLMessageBoxPresenter is implemented in both /Users/linmuyi/miniconda3/envs/llm_gs/lib/python3.9/site-packages/pygame/.dylibs/libSDL2-2.0.0.dylib (0x10aafd3b8) and /Users/linmuyi/miniconda3/envs/llm_gs/lib/python3.9/site-packages/cv2/.dylibs/libSDL2-2.0.0.dylib (0x16f8d4980). This may cause spurious casting failures and mysterious crashes. One of the duplicates must be removed or renamed.
objc[50310]: Class SDL_cocoametalview is implemented in both /Users/linmuyi/miniconda3/envs/llm_gs/lib/python3.9/site-packages/pygame/.dylibs/libSDL2-2.0.0.dylib (0x10aafd408) and /Users/linmuyi/miniconda3/envs/llm_gs/lib/python3.9/site-packages/cv2/.dylibs/libSDL2-2.0.0.dylib (0x16f8d49d0). This may cause spurious casting failures and mysterious crashes. One of the duplicates must be removed or renamed.
objc[50310]: Class SDLOpenGLContext is implemented in both /Users/linmuyi/miniconda3/envs/llm_gs/lib/python3.9/site-packages/pygame/.dylibs/libSDL2-2.0.0.dylib (0x10aafd458) and /Users/linmuyi/miniconda3/envs/llm_gs/lib/python3.9/site-packages/cv2/.dylibs/libSDL2-2.0.0.dylib (0x16f8d4a20). This may cause spurious casting failures and mysterious crashes. One of the duplicates must be removed or renamed.
objc[50310]: Class SDL_ShapeData is implemented in both /Users/linmuyi/miniconda3/envs/llm_gs/lib/python3.9/site-packages/pygame/.dylibs/libSDL2-2.0.0.dylib (0x10aafd4d0) and /Users/linmuyi/miniconda3/envs/llm_gs/lib/python3.9/site-packages/cv2/.dylibs/libSDL2-2.0.0.dylib (0x16f8d4a98). This may cause spurious casting failures and mysterious crashes. One of the duplicates must be removed or renamed.
objc[50310]: Class SDL_CocoaClosure is implemented in both /Users/linmuyi/miniconda3/envs/llm_gs/lib/python3.9/site-packages/pygame/.dylibs/libSDL2-2.0.0.dylib (0x10aafd520) and /Users/linmuyi/miniconda3/envs/llm_gs/lib/python3.9/site-packages/cv2/.dylibs/libSDL2-2.0.0.dylib (0x16f8d4ae8). This may cause spurious casting failures and mysterious crashes. One of the duplicates must be removed or renamed.
objc[50310]: Class SDL_VideoData is implemented in both /Users/linmuyi/miniconda3/envs/llm_gs/lib/python3.9/site-packages/pygame/.dylibs/libSDL2-2.0.0.dylib (0x10aafd570) and /Users/linmuyi/miniconda3/envs/llm_gs/lib/python3.9/site-packages/cv2/.dylibs/libSDL2-2.0.0.dylib (0x16f8d4b38). This may cause spurious casting failures and mysterious crashes. One of the duplicates must be removed or renamed.
objc[50310]: Class SDL_WindowData is implemented in both /Users/linmuyi/miniconda3/envs/llm_gs/lib/python3.9/site-packages/pygame/.dylibs/libSDL2-2.0.0.dylib (0x10aafd5c0) and /Users/linmuyi/miniconda3/envs/llm_gs/lib/python3.9/site-packages/cv2/.dylibs/libSDL2-2.0.0.dylib (0x16f8d4b88). This may cause spurious casting failures and mysterious crashes. One of the duplicates must be removed or renamed.
objc[50310]: Class SDLWindow is implemented in both /Users/linmuyi/miniconda3/envs/llm_gs/lib/python3.9/site-packages/pygame/.dylibs/libSDL2-2.0.0.dylib (0x10aafd5e8) and /Users/linmuyi/miniconda3/envs/llm_gs/lib/python3.9/site-packages/cv2/.dylibs/libSDL2-2.0.0.dylib (0x16f8d4bb0). This may cause spurious casting failures and mysterious crashes. One of the duplicates must be removed or renamed.
objc[50310]: Class Cocoa_WindowListener is implemented in both /Users/linmuyi/miniconda3/envs/llm_gs/lib/python3.9/site-packages/pygame/.dylibs/libSDL2-2.0.0.dylib (0x10aafd610) and /Users/linmuyi/miniconda3/envs/llm_gs/lib/python3.9/site-packages/cv2/.dylibs/libSDL2-2.0.0.dylib (0x16f8d4bd8). This may cause spurious casting failures and mysterious crashes. One of the duplicates must be removed or renamed.
objc[50310]: Class SDLView is implemented in both /Users/linmuyi/miniconda3/envs/llm_gs/lib/python3.9/site-packages/pygame/.dylibs/libSDL2-2.0.0.dylib (0x10aafd688) and /Users/linmuyi/miniconda3/envs/llm_gs/lib/python3.9/site-packages/cv2/.dylibs/libSDL2-2.0.0.dylib (0x16f8d4c50). This may cause spurious casting failures and mysterious crashes. One of the duplicates must be removed or renamed.
objc[50310]: Class METAL_RenderData is implemented in both /Users/linmuyi/miniconda3/envs/llm_gs/lib/python3.9/site-packages/pygame/.dylibs/libSDL2-2.0.0.dylib (0x10aafd700) and /Users/linmuyi/miniconda3/envs/llm_gs/lib/python3.9/site-packages/cv2/.dylibs/libSDL2-2.0.0.dylib (0x16f8d4cc8). This may cause spurious casting failures and mysterious crashes. One of the duplicates must be removed or renamed.
objc[50310]: Class METAL_TextureData is implemented in both /Users/linmuyi/miniconda3/envs/llm_gs/lib/python3.9/site-packages/pygame/.dylibs/libSDL2-2.0.0.dylib (0x10aafd750) and /Users/linmuyi/miniconda3/envs/llm_gs/lib/python3.9/site-packages/cv2/.dylibs/libSDL2-2.0.0.dylib (0x16f8d4d18). This may cause spurious casting failures and mysterious crashes. One of the duplicates must be removed or renamed.
objc[50310]: Class SDL_RumbleMotor is implemented in both /Users/linmuyi/miniconda3/envs/llm_gs/lib/python3.9/site-packages/pygame/.dylibs/libSDL2-2.0.0.dylib (0x10aafd778) and /Users/linmuyi/miniconda3/envs/llm_gs/lib/python3.9/site-packages/cv2/.dylibs/libSDL2-2.0.0.dylib (0x16f8d4d40). This may cause spurious casting failures and mysterious crashes. One of the duplicates must be removed or renamed.
objc[50310]: Class SDL_RumbleContext is implemented in both /Users/linmuyi/miniconda3/envs/llm_gs/lib/python3.9/site-packages/pygame/.dylibs/libSDL2-2.0.0.dylib (0x10aafd7c8) and /Users/linmuyi/miniconda3/envs/llm_gs/lib/python3.9/site-packages/cv2/.dylibs/libSDL2-2.0.0.dylib (0x16f8d4d90). This may cause spurious casting failures and mysterious crashes. One of the duplicates must be removed or renamed.
[random_curriculum] 1500000 steps, 30 checkpoints, curriculum

  steps=  50000  held=0.00  gate=0.00  bins=1/3  active= 30  (40s)
  steps= 100000  held=0.00  gate=0.00  bins=1/3  active= 30  (69s)
  steps= 150000  held=0.03  gate=0.01  bins=1/3  active= 30  (95s)
  steps= 200000  held=0.02  gate=0.04  bins=1/3  active= 30  (121s)
  steps= 250000  held=0.00  gate=0.00  bins=1/3  active= 30  (147s)
  steps= 300000  held=0.01  gate=0.06  bins=1/3  active= 30  (187s)
  steps= 350000  held=0.03  gate=0.06  bins=1/3  active= 30  (229s)
  steps= 400000  held=0.03  gate=0.07  bins=2/3  active= 60  [UNLOCK:deadline]  (280s)
  steps= 450000  held=0.04  gate=0.08  bins=2/3  active= 60  (328s)
  steps= 500000  held=0.02  gate=0.06  bins=2/3  active= 60  (375s)
  steps= 550000  held=0.11  gate=0.11  bins=2/3  active= 60  (405s)
  steps= 600000  held=0.03  gate=0.10  bins=2/3  active= 60  (464s)
  steps= 650000  held=0.00  gate=0.00  bins=2/3  active= 60  (517s)
  steps= 700000  held=0.03  gate=0.00  bins=2/3  active= 60  (546s)
  steps= 750000  held=0.03  gate=0.14  bins=2/3  active= 60  (601s)
  steps= 800000  held=0.03  gate=0.08  bins=3/3  active= 90  [UNLOCK:deadline]  (648s)
  steps= 850000  held=0.06  gate=0.06  bins=3/3  active= 90  (685s)
  steps= 900000  held=0.06  gate=0.06  bins=3/3  active= 90  (724s)
  steps= 950000  held=0.06  gate=0.06  bins=3/3  active= 90  (763s)
  steps=1000000  held=0.04  gate=0.04  bins=3/3  active= 90  (811s)
  steps=1050000  held=0.01  gate=0.01  bins=3/3  active= 90  (852s)
  steps=1100000  held=0.01  gate=0.01  bins=3/3  active= 90  (903s)
  steps=1150000  held=0.01  gate=0.01  bins=3/3  active= 90  (951s)
  steps=1200000  held=0.01  gate=0.01  bins=3/3  active= 90  (1001s)
  steps=1250000  held=0.00  gate=0.00  bins=3/3  active= 90  (1064s)
  steps=1300000  held=0.00  gate=0.00  bins=3/3  active= 90  (1143s)
  steps=1350000  held=0.00  gate=0.00  bins=3/3  active= 90  (1226s)
  steps=1400000  held=0.00  gate=0.00  bins=3/3  active= 90  (1304s)
  steps=1450000  held=0.00  gate=0.00  bins=3/3  active= 90  (1395s)
  steps=1500000  held=0.00  gate=0.00  bins=3/3  active= 90  (1483s)

[random_curriculum] DONE  final held=0.00  steps_to_0.3=NOT REACHED  wall=1482s  -> random_curriculum_seed18.json
[random_curriculum] per-cell held: s9N1=0.00  s9N2=0.00  s9N3=0.00  s13N1=0.00  s13N2=0.00  s13N3=0.00  s17N1=0.00  s17N2=0.00  s17N3=0.00
