[size_order] train=90 layouts  held-out=36 layouts
objc[55171]: Class SDLApplication is implemented in both /Users/linmuyi/miniconda3/envs/llm_gs/lib/python3.9/site-packages/pygame/.dylibs/libSDL2-2.0.0.dylib (0x11b3612c8) and /Users/linmuyi/miniconda3/envs/llm_gs/lib/python3.9/site-packages/cv2/.dylibs/libSDL2-2.0.0.dylib (0x319a08890). This may cause spurious casting failures and mysterious crashes. One of the duplicates must be removed or renamed.
objc[55171]: Class SDLAppDelegate is implemented in both /Users/linmuyi/miniconda3/envs/llm_gs/lib/python3.9/site-packages/pygame/.dylibs/libSDL2-2.0.0.dylib (0x11b361318) and /Users/linmuyi/miniconda3/envs/llm_gs/lib/python3.9/site-packages/cv2/.dylibs/libSDL2-2.0.0.dylib (0x319a088e0). This may cause spurious casting failures and mysterious crashes. One of the duplicates must be removed or renamed.
objc[55171]: Class SDLTranslatorResponder is implemented in both /Users/linmuyi/miniconda3/envs/llm_gs/lib/python3.9/site-packages/pygame/.dylibs/libSDL2-2.0.0.dylib (0x11b361390) and /Users/linmuyi/miniconda3/envs/llm_gs/lib/python3.9/site-packages/cv2/.dylibs/libSDL2-2.0.0.dylib (0x319a08958). This may cause spurious casting failures and mysterious crashes. One of the duplicates must be removed or renamed.
objc[55171]: Class SDLMessageBoxPresenter is implemented in both /Users/linmuyi/miniconda3/envs/llm_gs/lib/python3.9/site-packages/pygame/.dylibs/libSDL2-2.0.0.dylib (0x11b3613b8) and /Users/linmuyi/miniconda3/envs/llm_gs/lib/python3.9/site-packages/cv2/.dylibs/libSDL2-2.0.0.dylib (0x319a08980). This may cause spurious casting failures and mysterious crashes. One of the duplicates must be removed or renamed.
objc[55171]: Class SDL_cocoametalview is implemented in both /Users/linmuyi/miniconda3/envs/llm_gs/lib/python3.9/site-packages/pygame/.dylibs/libSDL2-2.0.0.dylib (0x11b361408) and /Users/linmuyi/miniconda3/envs/llm_gs/lib/python3.9/site-packages/cv2/.dylibs/libSDL2-2.0.0.dylib (0x319a089d0). This may cause spurious casting failures and mysterious crashes. One of the duplicates must be removed or renamed.
objc[55171]: Class SDLOpenGLContext is implemented in both /Users/linmuyi/miniconda3/envs/llm_gs/lib/python3.9/site-packages/pygame/.dylibs/libSDL2-2.0.0.dylib (0x11b361458) and /Users/linmuyi/miniconda3/envs/llm_gs/lib/python3.9/site-packages/cv2/.dylibs/libSDL2-2.0.0.dylib (0x319a08a20). This may cause spurious casting failures and mysterious crashes. One of the duplicates must be removed or renamed.
objc[55171]: Class SDL_ShapeData is implemented in both /Users/linmuyi/miniconda3/envs/llm_gs/lib/python3.9/site-packages/pygame/.dylibs/libSDL2-2.0.0.dylib (0x11b3614d0) and /Users/linmuyi/miniconda3/envs/llm_gs/lib/python3.9/site-packages/cv2/.dylibs/libSDL2-2.0.0.dylib (0x319a08a98). This may cause spurious casting failures and mysterious crashes. One of the duplicates must be removed or renamed.
objc[55171]: Class SDL_CocoaClosure is implemented in both /Users/linmuyi/miniconda3/envs/llm_gs/lib/python3.9/site-packages/pygame/.dylibs/libSDL2-2.0.0.dylib (0x11b361520) and /Users/linmuyi/miniconda3/envs/llm_gs/lib/python3.9/site-packages/cv2/.dylibs/libSDL2-2.0.0.dylib (0x319a08ae8). This may cause spurious casting failures and mysterious crashes. One of the duplicates must be removed or renamed.
objc[55171]: Class SDL_VideoData is implemented in both /Users/linmuyi/miniconda3/envs/llm_gs/lib/python3.9/site-packages/pygame/.dylibs/libSDL2-2.0.0.dylib (0x11b361570) and /Users/linmuyi/miniconda3/envs/llm_gs/lib/python3.9/site-packages/cv2/.dylibs/libSDL2-2.0.0.dylib (0x319a08b38). This may cause spurious casting failures and mysterious crashes. One of the duplicates must be removed or renamed.
objc[55171]: Class SDL_WindowData is implemented in both /Users/linmuyi/miniconda3/envs/llm_gs/lib/python3.9/site-packages/pygame/.dylibs/libSDL2-2.0.0.dylib (0x11b3615c0) and /Users/linmuyi/miniconda3/envs/llm_gs/lib/python3.9/site-packages/cv2/.dylibs/libSDL2-2.0.0.dylib (0x319a08b88). This may cause spurious casting failures and mysterious crashes. One of the duplicates must be removed or renamed.
objc[55171]: Class SDLWindow is implemented in both /Users/linmuyi/miniconda3/envs/llm_gs/lib/python3.9/site-packages/pygame/.dylibs/libSDL2-2.0.0.dylib (0x11b3615e8) and /Users/linmuyi/miniconda3/envs/llm_gs/lib/python3.9/site-packages/cv2/.dylibs/libSDL2-2.0.0.dylib (0x319a08bb0). This may cause spurious casting failures and mysterious crashes. One of the duplicates must be removed or renamed.
objc[55171]: Class Cocoa_WindowListener is implemented in both /Users/linmuyi/miniconda3/envs/llm_gs/lib/python3.9/site-packages/pygame/.dylibs/libSDL2-2.0.0.dylib (0x11b361610) and /Users/linmuyi/miniconda3/envs/llm_gs/lib/python3.9/site-packages/cv2/.dylibs/libSDL2-2.0.0.dylib (0x319a08bd8). This may cause spurious casting failures and mysterious crashes. One of the duplicates must be removed or renamed.
objc[55171]: Class SDLView is implemented in both /Users/linmuyi/miniconda3/envs/llm_gs/lib/python3.9/site-packages/pygame/.dylibs/libSDL2-2.0.0.dylib (0x11b361688) and /Users/linmuyi/miniconda3/envs/llm_gs/lib/python3.9/site-packages/cv2/.dylibs/libSDL2-2.0.0.dylib (0x319a08c50). This may cause spurious casting failures and mysterious crashes. One of the duplicates must be removed or renamed.
objc[55171]: Class METAL_RenderData is implemented in both /Users/linmuyi/miniconda3/envs/llm_gs/lib/python3.9/site-packages/pygame/.dylibs/libSDL2-2.0.0.dylib (0x11b361700) and /Users/linmuyi/miniconda3/envs/llm_gs/lib/python3.9/site-packages/cv2/.dylibs/libSDL2-2.0.0.dylib (0x319a08cc8). This may cause spurious casting failures and mysterious crashes. One of the duplicates must be removed or renamed.
objc[55171]: Class METAL_TextureData is implemented in both /Users/linmuyi/miniconda3/envs/llm_gs/lib/python3.9/site-packages/pygame/.dylibs/libSDL2-2.0.0.dylib (0x11b361750) and /Users/linmuyi/miniconda3/envs/llm_gs/lib/python3.9/site-packages/cv2/.dylibs/libSDL2-2.0.0.dylib (0x319a08d18). This may cause spurious casting failures and mysterious crashes. One of the duplicates must be removed or renamed.
objc[55171]: Class SDL_RumbleMotor is implemented in both /Users/linmuyi/miniconda3/envs/llm_gs/lib/python3.9/site-packages/pygame/.dylibs/libSDL2-2.0.0.dylib (0x11b361778) and /Users/linmuyi/miniconda3/envs/llm_gs/lib/python3.9/site-packages/cv2/.dylibs/libSDL2-2.0.0.dylib (0x319a08d40). This may cause spurious casting failures and mysterious crashes. One of the duplicates must be removed or renamed.
objc[55171]: Class SDL_RumbleContext is implemented in both /Users/linmuyi/miniconda3/envs/llm_gs/lib/python3.9/site-packages/pygame/.dylibs/libSDL2-2.0.0.dylib (0x11b3617c8) and /Users/linmuyi/miniconda3/envs/llm_gs/lib/python3.9/site-packages/cv2/.dylibs/libSDL2-2.0.0.dylib (0x319a08d90). This may cause spurious casting failures and mysterious crashes. One of the duplicates must be removed or renamed.
[size_order] 1500000 steps, 30 checkpoints, curriculum

  steps=  50000  held=0.00  gate=0.00  bins=1/3  active= 30  (43s)
  steps= 100000  held=0.00  gate=0.00  bins=1/3  active= 30  (78s)
  steps= 150000  held=0.00  gate=0.00  bins=1/3  active= 30  (118s)
  steps= 200000  held=0.01  gate=0.00  bins=1/3  active= 30  (145s)
  steps= 250000  held=0.03  gate=0.06  bins=1/3  active= 30  (170s)
  steps= 300000  held=0.03  gate=0.17  bins=1/3  active= 30  (196s)
  steps= 350000  held=0.03  gate=0.11  bins=1/3  active= 30  (221s)
  steps= 400000  held=0.08  gate=0.21  bins=2/3  active= 60  [UNLOCK:deadline]  (254s)
  steps= 450000  held=0.18  gate=0.21  bins=2/3  active= 60  (286s)
  steps= 500000  held=0.13  gate=0.07  bins=2/3  active= 60  (320s)
  steps= 550000  held=0.14  gate=0.22  bins=2/3  active= 60  (353s)
  steps= 600000  held=0.10  gate=0.08  bins=2/3  active= 60  (401s)
  steps= 650000  held=0.18  gate=0.24  bins=2/3  active= 60  (454s)
  steps= 700000  held=0.12  gate=0.24  bins=2/3  active= 60  (508s)
  steps= 750000  held=0.07  gate=0.06  bins=2/3  active= 60  (564s)
  steps= 800000  held=0.06  gate=0.22  bins=3/3  active= 90  [UNLOCK:deadline]  (628s)
  steps= 850000  held=0.07  gate=0.07  bins=3/3  active= 90  (691s)
  steps= 900000  held=0.03  gate=0.03  bins=3/3  active= 90  (750s)
  steps= 950000  held=0.07  gate=0.07  bins=3/3  active= 90  (810s)
  steps=1000000  held=0.12  gate=0.12  bins=3/3  active= 90  (867s)
  steps=1050000  held=0.33  gate=0.33  bins=3/3  active= 90  (936s)
  steps=1100000  held=0.32  gate=0.32  bins=3/3  active= 90  (1008s)
  steps=1150000  held=0.40  gate=0.40  bins=3/3  active= 90  (1073s)
  steps=1200000  held=0.34  gate=0.34  bins=3/3  active= 90  (1139s)
  steps=1250000  held=0.30  gate=0.30  bins=3/3  active= 90  (1222s)
  steps=1300000  held=0.29  gate=0.29  bins=3/3  active= 90  (1298s)
  steps=1350000  held=0.34  gate=0.34  bins=3/3  active= 90  (1371s)
  steps=1400000  held=0.25  gate=0.25  bins=3/3  active= 90  (1448s)
  steps=1450000  held=0.20  gate=0.20  bins=3/3  active= 90  (1529s)
  steps=1500000  held=0.34  gate=0.34  bins=3/3  active= 90  (1605s)

[size_order] DONE  final held=0.34  steps_to_0.3=1,050,000  wall=1605s  -> size_order_seed19.json
[size_order] per-cell held: s9N1=0.38  s9N2=0.00  s9N3=0.19  s13N1=0.62  s13N2=0.25  s13N3=0.00  s17N1=0.44  s17N2=0.75  s17N3=0.44
