[grader] train=90 layouts  held-out=36 layouts
objc[60000]: Class SDLApplication is implemented in both /Users/linmuyi/miniconda3/envs/llm_gs/lib/python3.9/site-packages/pygame/.dylibs/libSDL2-2.0.0.dylib (0x104b752c8) and /Users/linmuyi/miniconda3/envs/llm_gs/lib/python3.9/site-packages/cv2/.dylibs/libSDL2-2.0.0.dylib (0x16efac890). This may cause spurious casting failures and mysterious crashes. One of the duplicates must be removed or renamed.
objc[60000]: Class SDLAppDelegate is implemented in both /Users/linmuyi/miniconda3/envs/llm_gs/lib/python3.9/site-packages/pygame/.dylibs/libSDL2-2.0.0.dylib (0x104b75318) and /Users/linmuyi/miniconda3/envs/llm_gs/lib/python3.9/site-packages/cv2/.dylibs/libSDL2-2.0.0.dylib (0x16efac8e0). This may cause spurious casting failures and mysterious crashes. One of the duplicates must be removed or renamed.
objc[60000]: Class SDLTranslatorResponder is implemented in both /Users/linmuyi/miniconda3/envs/llm_gs/lib/python3.9/site-packages/pygame/.dylibs/libSDL2-2.0.0.dylib (0x104b75390) and /Users/linmuyi/miniconda3/envs/llm_gs/lib/python3.9/site-packages/cv2/.dylibs/libSDL2-2.0.0.dylib (0x16efac958). This may cause spurious casting failures and mysterious crashes. One of the duplicates must be removed or renamed.
objc[60000]: Class SDLMessageBoxPresenter is implemented in both /Users/linmuyi/miniconda3/envs/llm_gs/lib/python3.9/site-packages/pygame/.dylibs/libSDL2-2.0.0.dylib (0x104b753b8) and /Users/linmuyi/miniconda3/envs/llm_gs/lib/python3.9/site-packages/cv2/.dylibs/libSDL2-2.0.0.dylib (0x16efac980). This may cause spurious casting failures and mysterious crashes. One of the duplicates must be removed or renamed.
objc[60000]: Class SDL_cocoametalview is implemented in both /Users/linmuyi/miniconda3/envs/llm_gs/lib/python3.9/site-packages/pygame/.dylibs/libSDL2-2.0.0.dylib (0x104b75408) and /Users/linmuyi/miniconda3/envs/llm_gs/lib/python3.9/site-packages/cv2/.dylibs/libSDL2-2.0.0.dylib (0x16efac9d0). This may cause spurious casting failures and mysterious crashes. One of the duplicates must be removed or renamed.
objc[60000]: Class SDLOpenGLContext is implemented in both /Users/linmuyi/miniconda3/envs/llm_gs/lib/python3.9/site-packages/pygame/.dylibs/libSDL2-2.0.0.dylib (0x104b75458) and /Users/linmuyi/miniconda3/envs/llm_gs/lib/python3.9/site-packages/cv2/.dylibs/libSDL2-2.0.0.dylib (0x16efaca20). This may cause spurious casting failures and mysterious crashes. One of the duplicates must be removed or renamed.
objc[60000]: Class SDL_ShapeData is implemented in both /Users/linmuyi/miniconda3/envs/llm_gs/lib/python3.9/site-packages/pygame/.dylibs/libSDL2-2.0.0.dylib (0x104b754d0) and /Users/linmuyi/miniconda3/envs/llm_gs/lib/python3.9/site-packages/cv2/.dylibs/libSDL2-2.0.0.dylib (0x16efaca98). This may cause spurious casting failures and mysterious crashes. One of the duplicates must be removed or renamed.
objc[60000]: Class SDL_CocoaClosure is implemented in both /Users/linmuyi/miniconda3/envs/llm_gs/lib/python3.9/site-packages/pygame/.dylibs/libSDL2-2.0.0.dylib (0x104b75520) and /Users/linmuyi/miniconda3/envs/llm_gs/lib/python3.9/site-packages/cv2/.dylibs/libSDL2-2.0.0.dylib (0x16efacae8). This may cause spurious casting failures and mysterious crashes. One of the duplicates must be removed or renamed.
objc[60000]: Class SDL_VideoData is implemented in both /Users/linmuyi/miniconda3/envs/llm_gs/lib/python3.9/site-packages/pygame/.dylibs/libSDL2-2.0.0.dylib (0x104b75570) and /Users/linmuyi/miniconda3/envs/llm_gs/lib/python3.9/site-packages/cv2/.dylibs/libSDL2-2.0.0.dylib (0x16efacb38). This may cause spurious casting failures and mysterious crashes. One of the duplicates must be removed or renamed.
objc[60000]: Class SDL_WindowData is implemented in both /Users/linmuyi/miniconda3/envs/llm_gs/lib/python3.9/site-packages/pygame/.dylibs/libSDL2-2.0.0.dylib (0x104b755c0) and /Users/linmuyi/miniconda3/envs/llm_gs/lib/python3.9/site-packages/cv2/.dylibs/libSDL2-2.0.0.dylib (0x16efacb88). This may cause spurious casting failures and mysterious crashes. One of the duplicates must be removed or renamed.
objc[60000]: Class SDLWindow is implemented in both /Users/linmuyi/miniconda3/envs/llm_gs/lib/python3.9/site-packages/pygame/.dylibs/libSDL2-2.0.0.dylib (0x104b755e8) and /Users/linmuyi/miniconda3/envs/llm_gs/lib/python3.9/site-packages/cv2/.dylibs/libSDL2-2.0.0.dylib (0x16efacbb0). This may cause spurious casting failures and mysterious crashes. One of the duplicates must be removed or renamed.
objc[60000]: Class Cocoa_WindowListener is implemented in both /Users/linmuyi/miniconda3/envs/llm_gs/lib/python3.9/site-packages/pygame/.dylibs/libSDL2-2.0.0.dylib (0x104b75610) and /Users/linmuyi/miniconda3/envs/llm_gs/lib/python3.9/site-packages/cv2/.dylibs/libSDL2-2.0.0.dylib (0x16efacbd8). This may cause spurious casting failures and mysterious crashes. One of the duplicates must be removed or renamed.
objc[60000]: Class SDLView is implemented in both /Users/linmuyi/miniconda3/envs/llm_gs/lib/python3.9/site-packages/pygame/.dylibs/libSDL2-2.0.0.dylib (0x104b75688) and /Users/linmuyi/miniconda3/envs/llm_gs/lib/python3.9/site-packages/cv2/.dylibs/libSDL2-2.0.0.dylib (0x16efacc50). This may cause spurious casting failures and mysterious crashes. One of the duplicates must be removed or renamed.
objc[60000]: Class METAL_RenderData is implemented in both /Users/linmuyi/miniconda3/envs/llm_gs/lib/python3.9/site-packages/pygame/.dylibs/libSDL2-2.0.0.dylib (0x104b75700) and /Users/linmuyi/miniconda3/envs/llm_gs/lib/python3.9/site-packages/cv2/.dylibs/libSDL2-2.0.0.dylib (0x16efaccc8). This may cause spurious casting failures and mysterious crashes. One of the duplicates must be removed or renamed.
objc[60000]: Class METAL_TextureData is implemented in both /Users/linmuyi/miniconda3/envs/llm_gs/lib/python3.9/site-packages/pygame/.dylibs/libSDL2-2.0.0.dylib (0x104b75750) and /Users/linmuyi/miniconda3/envs/llm_gs/lib/python3.9/site-packages/cv2/.dylibs/libSDL2-2.0.0.dylib (0x16efacd18). This may cause spurious casting failures and mysterious crashes. One of the duplicates must be removed or renamed.
objc[60000]: Class SDL_RumbleMotor is implemented in both /Users/linmuyi/miniconda3/envs/llm_gs/lib/python3.9/site-packages/pygame/.dylibs/libSDL2-2.0.0.dylib (0x104b75778) and /Users/linmuyi/miniconda3/envs/llm_gs/lib/python3.9/site-packages/cv2/.dylibs/libSDL2-2.0.0.dylib (0x16efacd40). This may cause spurious casting failures and mysterious crashes. One of the duplicates must be removed or renamed.
objc[60000]: Class SDL_RumbleContext is implemented in both /Users/linmuyi/miniconda3/envs/llm_gs/lib/python3.9/site-packages/pygame/.dylibs/libSDL2-2.0.0.dylib (0x104b757c8) and /Users/linmuyi/miniconda3/envs/llm_gs/lib/python3.9/site-packages/cv2/.dylibs/libSDL2-2.0.0.dylib (0x16efacd90). This may cause spurious casting failures and mysterious crashes. One of the duplicates must be removed or renamed.
[grader] 1500000 steps, 30 checkpoints, curriculum

  steps=  50000  held=0.00  gate=0.00  bins=1/3  active= 30  (40s)
  steps= 100000  held=0.14  gate=0.11  bins=1/3  active= 30  (68s)
  steps= 150000  held=0.09  gate=0.26  bins=1/3  active= 30  (113s)
  steps= 200000  held=0.14  gate=0.10  bins=1/3  active= 30  (158s)
  steps= 250000  held=0.28  gate=0.64  bins=2/3  active= 60  [UNLOCK:gate]  (195s)
  steps= 300000  held=0.28  gate=0.32  bins=2/3  active= 60  (246s)
  steps= 350000  held=0.29  gate=0.56  bins=3/3  active= 90  [UNLOCK:gate]  (296s)
  steps= 400000  held=0.30  gate=0.30  bins=3/3  active= 90  (339s)
  steps= 450000  held=0.32  gate=0.32  bins=3/3  active= 90  (386s)
  steps= 500000  held=0.29  gate=0.29  bins=3/3  active= 90  (429s)
  steps= 550000  held=0.26  gate=0.26  bins=3/3  active= 90  (475s)
  steps= 600000  held=0.41  gate=0.41  bins=3/3  active= 90  (516s)
  steps= 650000  held=0.53  gate=0.53  bins=3/3  active= 90  (559s)
  steps= 700000  held=0.41  gate=0.41  bins=3/3  active= 90  (605s)
  steps= 750000  held=0.46  gate=0.46  bins=3/3  active= 90  (650s)
  steps= 800000  held=0.38  gate=0.38  bins=3/3  active= 90  (694s)
  steps= 850000  held=0.32  gate=0.32  bins=3/3  active= 90  (737s)
  steps= 900000  held=0.49  gate=0.49  bins=3/3  active= 90  (775s)
  steps= 950000  held=0.24  gate=0.24  bins=3/3  active= 90  (822s)
  steps=1000000  held=0.20  gate=0.20  bins=3/3  active= 90  (868s)
  steps=1050000  held=0.49  gate=0.49  bins=3/3  active= 90  (909s)
  steps=1100000  held=0.49  gate=0.49  bins=3/3  active= 90  (946s)
  steps=1150000  held=0.53  gate=0.53  bins=3/3  active= 90  (986s)
  steps=1200000  held=0.56  gate=0.56  bins=3/3  active= 90  (1025s)
  steps=1250000  held=0.64  gate=0.64  bins=3/3  active= 90  (1061s)
  steps=1300000  held=0.66  gate=0.66  bins=3/3  active= 90  (1098s)
  steps=1350000  held=0.65  gate=0.65  bins=3/3  active= 90  (1134s)
  steps=1400000  held=0.72  gate=0.72  bins=3/3  active= 90  (1169s)
  steps=1450000  held=0.72  gate=0.72  bins=3/3  active= 90  (1204s)
  steps=1500000  held=0.72  gate=0.72  bins=3/3  active= 90  (1238s)

[grader] DONE  final held=0.72  steps_to_0.3=450,000  wall=1238s  -> grader_seed25.json
[grader] per-cell held: s9N1=0.81  s9N2=0.56  s9N3=0.19  s13N1=1.00  s13N2=0.88  s13N3=0.50  s17N1=0.81  s17N2=1.00  s17N3=0.75
