[random_curriculum] train=90 layouts  held-out=36 layouts
objc[8094]: Class SDLApplication is implemented in both /Users/linmuyi/miniconda3/envs/llm_gs/lib/python3.9/site-packages/pygame/.dylibs/libSDL2-2.0.0.dylib (0x102cad2c8) and /Users/linmuyi/miniconda3/envs/llm_gs/lib/python3.9/site-packages/cv2/.dylibs/libSDL2-2.0.0.dylib (0x159340890). This may cause spurious casting failures and mysterious crashes. One of the duplicates must be removed or renamed.
objc[8094]: Class SDLAppDelegate is implemented in both /Users/linmuyi/miniconda3/envs/llm_gs/lib/python3.9/site-packages/pygame/.dylibs/libSDL2-2.0.0.dylib (0x102cad318) and /Users/linmuyi/miniconda3/envs/llm_gs/lib/python3.9/site-packages/cv2/.dylibs/libSDL2-2.0.0.dylib (0x1593408e0). This may cause spurious casting failures and mysterious crashes. One of the duplicates must be removed or renamed.
objc[8094]: Class SDLTranslatorResponder is implemented in both /Users/linmuyi/miniconda3/envs/llm_gs/lib/python3.9/site-packages/pygame/.dylibs/libSDL2-2.0.0.dylib (0x102cad390) and /Users/linmuyi/miniconda3/envs/llm_gs/lib/python3.9/site-packages/cv2/.dylibs/libSDL2-2.0.0.dylib (0x159340958). This may cause spurious casting failures and mysterious crashes. One of the duplicates must be removed or renamed.
objc[8094]: Class SDLMessageBoxPresenter is implemented in both /Users/linmuyi/miniconda3/envs/llm_gs/lib/python3.9/site-packages/pygame/.dylibs/libSDL2-2.0.0.dylib (0x102cad3b8) and /Users/linmuyi/miniconda3/envs/llm_gs/lib/python3.9/site-packages/cv2/.dylibs/libSDL2-2.0.0.dylib (0x159340980). This may cause spurious casting failures and mysterious crashes. One of the duplicates must be removed or renamed.
objc[8094]: Class SDL_cocoametalview is implemented in both /Users/linmuyi/miniconda3/envs/llm_gs/lib/python3.9/site-packages/pygame/.dylibs/libSDL2-2.0.0.dylib (0x102cad408) and /Users/linmuyi/miniconda3/envs/llm_gs/lib/python3.9/site-packages/cv2/.dylibs/libSDL2-2.0.0.dylib (0x1593409d0). This may cause spurious casting failures and mysterious crashes. One of the duplicates must be removed or renamed.
objc[8094]: Class SDLOpenGLContext is implemented in both /Users/linmuyi/miniconda3/envs/llm_gs/lib/python3.9/site-packages/pygame/.dylibs/libSDL2-2.0.0.dylib (0x102cad458) and /Users/linmuyi/miniconda3/envs/llm_gs/lib/python3.9/site-packages/cv2/.dylibs/libSDL2-2.0.0.dylib (0x159340a20). This may cause spurious casting failures and mysterious crashes. One of the duplicates must be removed or renamed.
objc[8094]: Class SDL_ShapeData is implemented in both /Users/linmuyi/miniconda3/envs/llm_gs/lib/python3.9/site-packages/pygame/.dylibs/libSDL2-2.0.0.dylib (0x102cad4d0) and /Users/linmuyi/miniconda3/envs/llm_gs/lib/python3.9/site-packages/cv2/.dylibs/libSDL2-2.0.0.dylib (0x159340a98). This may cause spurious casting failures and mysterious crashes. One of the duplicates must be removed or renamed.
objc[8094]: Class SDL_CocoaClosure is implemented in both /Users/linmuyi/miniconda3/envs/llm_gs/lib/python3.9/site-packages/pygame/.dylibs/libSDL2-2.0.0.dylib (0x102cad520) and /Users/linmuyi/miniconda3/envs/llm_gs/lib/python3.9/site-packages/cv2/.dylibs/libSDL2-2.0.0.dylib (0x159340ae8). This may cause spurious casting failures and mysterious crashes. One of the duplicates must be removed or renamed.
objc[8094]: Class SDL_VideoData is implemented in both /Users/linmuyi/miniconda3/envs/llm_gs/lib/python3.9/site-packages/pygame/.dylibs/libSDL2-2.0.0.dylib (0x102cad570) and /Users/linmuyi/miniconda3/envs/llm_gs/lib/python3.9/site-packages/cv2/.dylibs/libSDL2-2.0.0.dylib (0x159340b38). This may cause spurious casting failures and mysterious crashes. One of the duplicates must be removed or renamed.
objc[8094]: Class SDL_WindowData is implemented in both /Users/linmuyi/miniconda3/envs/llm_gs/lib/python3.9/site-packages/pygame/.dylibs/libSDL2-2.0.0.dylib (0x102cad5c0) and /Users/linmuyi/miniconda3/envs/llm_gs/lib/python3.9/site-packages/cv2/.dylibs/libSDL2-2.0.0.dylib (0x159340b88). This may cause spurious casting failures and mysterious crashes. One of the duplicates must be removed or renamed.
objc[8094]: Class SDLWindow is implemented in both /Users/linmuyi/miniconda3/envs/llm_gs/lib/python3.9/site-packages/pygame/.dylibs/libSDL2-2.0.0.dylib (0x102cad5e8) and /Users/linmuyi/miniconda3/envs/llm_gs/lib/python3.9/site-packages/cv2/.dylibs/libSDL2-2.0.0.dylib (0x159340bb0). This may cause spurious casting failures and mysterious crashes. One of the duplicates must be removed or renamed.
objc[8094]: Class Cocoa_WindowListener is implemented in both /Users/linmuyi/miniconda3/envs/llm_gs/lib/python3.9/site-packages/pygame/.dylibs/libSDL2-2.0.0.dylib (0x102cad610) and /Users/linmuyi/miniconda3/envs/llm_gs/lib/python3.9/site-packages/cv2/.dylibs/libSDL2-2.0.0.dylib (0x159340bd8). This may cause spurious casting failures and mysterious crashes. One of the duplicates must be removed or renamed.
objc[8094]: Class SDLView is implemented in both /Users/linmuyi/miniconda3/envs/llm_gs/lib/python3.9/site-packages/pygame/.dylibs/libSDL2-2.0.0.dylib (0x102cad688) and /Users/linmuyi/miniconda3/envs/llm_gs/lib/python3.9/site-packages/cv2/.dylibs/libSDL2-2.0.0.dylib (0x159340c50). This may cause spurious casting failures and mysterious crashes. One of the duplicates must be removed or renamed.
objc[8094]: Class METAL_RenderData is implemented in both /Users/linmuyi/miniconda3/envs/llm_gs/lib/python3.9/site-packages/pygame/.dylibs/libSDL2-2.0.0.dylib (0x102cad700) and /Users/linmuyi/miniconda3/envs/llm_gs/lib/python3.9/site-packages/cv2/.dylibs/libSDL2-2.0.0.dylib (0x159340cc8). This may cause spurious casting failures and mysterious crashes. One of the duplicates must be removed or renamed.
objc[8094]: Class METAL_TextureData is implemented in both /Users/linmuyi/miniconda3/envs/llm_gs/lib/python3.9/site-packages/pygame/.dylibs/libSDL2-2.0.0.dylib (0x102cad750) and /Users/linmuyi/miniconda3/envs/llm_gs/lib/python3.9/site-packages/cv2/.dylibs/libSDL2-2.0.0.dylib (0x159340d18). This may cause spurious casting failures and mysterious crashes. One of the duplicates must be removed or renamed.
objc[8094]: Class SDL_RumbleMotor is implemented in both /Users/linmuyi/miniconda3/envs/llm_gs/lib/python3.9/site-packages/pygame/.dylibs/libSDL2-2.0.0.dylib (0x102cad778) and /Users/linmuyi/miniconda3/envs/llm_gs/lib/python3.9/site-packages/cv2/.dylibs/libSDL2-2.0.0.dylib (0x159340d40). This may cause spurious casting failures and mysterious crashes. One of the duplicates must be removed or renamed.
objc[8094]: Class SDL_RumbleContext is implemented in both /Users/linmuyi/miniconda3/envs/llm_gs/lib/python3.9/site-packages/pygame/.dylibs/libSDL2-2.0.0.dylib (0x102cad7c8) and /Users/linmuyi/miniconda3/envs/llm_gs/lib/python3.9/site-packages/cv2/.dylibs/libSDL2-2.0.0.dylib (0x159340d90). This may cause spurious casting failures and mysterious crashes. One of the duplicates must be removed or renamed.
[random_curriculum] 1500000 steps, 30 checkpoints, curriculum

  steps=  50000  held=0.01  gate=0.03  bins=1/3  active= 30  (48s)
  steps= 100000  held=0.02  gate=0.03  bins=1/3  active= 30  (134s)
  steps= 150000  held=0.04  gate=0.03  bins=1/3  active= 30  (176s)
  steps= 200000  held=0.04  gate=0.01  bins=1/3  active= 30  (235s)
  steps= 250000  held=0.16  gate=0.08  bins=1/3  active= 30  (274s)
  steps= 300000  held=0.18  gate=0.17  bins=1/3  active= 30  (321s)
  steps= 350000  held=0.04  gate=0.00  bins=1/3  active= 30  (377s)
  steps= 400000  held=0.03  gate=0.07  bins=2/3  active= 60  [UNLOCK:deadline]  (408s)
  steps= 450000  held=0.08  gate=0.07  bins=2/3  active= 60  (453s)
  steps= 500000  held=0.15  gate=0.06  bins=2/3  active= 60  (500s)
  steps= 550000  held=0.15  gate=0.14  bins=2/3  active= 60  (559s)
  steps= 600000  held=0.14  gate=0.00  bins=2/3  active= 60  (615s)
  steps= 650000  held=0.15  gate=0.21  bins=2/3  active= 60  (654s)
  steps= 700000  held=0.11  gate=0.11  bins=2/3  active= 60  (708s)
  steps= 750000  held=0.15  gate=0.11  bins=2/3  active= 60  (764s)
  steps= 800000  held=0.05  gate=0.17  bins=3/3  active= 90  [UNLOCK:deadline]  (805s)
  steps= 850000  held=0.05  gate=0.05  bins=3/3  active= 90  (839s)
  steps= 900000  held=0.03  gate=0.03  bins=3/3  active= 90  (879s)
  steps= 950000  held=0.00  gate=0.00  bins=3/3  active= 90  (932s)
  steps=1000000  held=0.03  gate=0.03  bins=3/3  active= 90  (984s)
  steps=1050000  held=0.03  gate=0.03  bins=3/3  active= 90  (1034s)
  steps=1100000  held=0.03  gate=0.03  bins=3/3  active= 90  (1084s)
  steps=1150000  held=0.06  gate=0.06  bins=3/3  active= 90  (1129s)
  steps=1200000  held=0.01  gate=0.01  bins=3/3  active= 90  (1180s)
  steps=1250000  held=0.04  gate=0.04  bins=3/3  active= 90  (1226s)
  steps=1300000  held=0.03  gate=0.03  bins=3/3  active= 90  (1273s)
  steps=1350000  held=0.02  gate=0.02  bins=3/3  active= 90  (1324s)
  steps=1400000  held=0.01  gate=0.01  bins=3/3  active= 90  (1365s)
  steps=1450000  held=0.00  gate=0.00  bins=3/3  active= 90  (1411s)
  steps=1500000  held=0.01  gate=0.01  bins=3/3  active= 90  (1449s)

[random_curriculum] DONE  final held=0.01  steps_to_0.3=NOT REACHED  wall=1449s  -> random_curriculum_seed31.json
[random_curriculum] per-cell held: s9N1=0.06  s9N2=0.00  s9N3=0.00  s13N1=0.00  s13N2=0.00  s13N3=0.00  s17N1=0.00  s17N2=0.00  s17N3=0.00
