[size_order] train=90 layouts  held-out=36 layouts
objc[43465]: Class SDLApplication is implemented in both /Users/linmuyi/miniconda3/envs/llm_gs/lib/python3.9/site-packages/pygame/.dylibs/libSDL2-2.0.0.dylib (0x1074c92c8) and /Users/linmuyi/miniconda3/envs/llm_gs/lib/python3.9/site-packages/cv2/.dylibs/libSDL2-2.0.0.dylib (0x16f1b4890). This may cause spurious casting failures and mysterious crashes. One of the duplicates must be removed or renamed.
objc[43465]: Class SDLAppDelegate is implemented in both /Users/linmuyi/miniconda3/envs/llm_gs/lib/python3.9/site-packages/pygame/.dylibs/libSDL2-2.0.0.dylib (0x1074c9318) and /Users/linmuyi/miniconda3/envs/llm_gs/lib/python3.9/site-packages/cv2/.dylibs/libSDL2-2.0.0.dylib (0x16f1b48e0). This may cause spurious casting failures and mysterious crashes. One of the duplicates must be removed or renamed.
objc[43465]: Class SDLTranslatorResponder is implemented in both /Users/linmuyi/miniconda3/envs/llm_gs/lib/python3.9/site-packages/pygame/.dylibs/libSDL2-2.0.0.dylib (0x1074c9390) and /Users/linmuyi/miniconda3/envs/llm_gs/lib/python3.9/site-packages/cv2/.dylibs/libSDL2-2.0.0.dylib (0x16f1b4958). This may cause spurious casting failures and mysterious crashes. One of the duplicates must be removed or renamed.
objc[43465]: Class SDLMessageBoxPresenter is implemented in both /Users/linmuyi/miniconda3/envs/llm_gs/lib/python3.9/site-packages/pygame/.dylibs/libSDL2-2.0.0.dylib (0x1074c93b8) and /Users/linmuyi/miniconda3/envs/llm_gs/lib/python3.9/site-packages/cv2/.dylibs/libSDL2-2.0.0.dylib (0x16f1b4980). This may cause spurious casting failures and mysterious crashes. One of the duplicates must be removed or renamed.
objc[43465]: Class SDL_cocoametalview is implemented in both /Users/linmuyi/miniconda3/envs/llm_gs/lib/python3.9/site-packages/pygame/.dylibs/libSDL2-2.0.0.dylib (0x1074c9408) and /Users/linmuyi/miniconda3/envs/llm_gs/lib/python3.9/site-packages/cv2/.dylibs/libSDL2-2.0.0.dylib (0x16f1b49d0). This may cause spurious casting failures and mysterious crashes. One of the duplicates must be removed or renamed.
objc[43465]: Class SDLOpenGLContext is implemented in both /Users/linmuyi/miniconda3/envs/llm_gs/lib/python3.9/site-packages/pygame/.dylibs/libSDL2-2.0.0.dylib (0x1074c9458) and /Users/linmuyi/miniconda3/envs/llm_gs/lib/python3.9/site-packages/cv2/.dylibs/libSDL2-2.0.0.dylib (0x16f1b4a20). This may cause spurious casting failures and mysterious crashes. One of the duplicates must be removed or renamed.
objc[43465]: Class SDL_ShapeData is implemented in both /Users/linmuyi/miniconda3/envs/llm_gs/lib/python3.9/site-packages/pygame/.dylibs/libSDL2-2.0.0.dylib (0x1074c94d0) and /Users/linmuyi/miniconda3/envs/llm_gs/lib/python3.9/site-packages/cv2/.dylibs/libSDL2-2.0.0.dylib (0x16f1b4a98). This may cause spurious casting failures and mysterious crashes. One of the duplicates must be removed or renamed.
objc[43465]: Class SDL_CocoaClosure is implemented in both /Users/linmuyi/miniconda3/envs/llm_gs/lib/python3.9/site-packages/pygame/.dylibs/libSDL2-2.0.0.dylib (0x1074c9520) and /Users/linmuyi/miniconda3/envs/llm_gs/lib/python3.9/site-packages/cv2/.dylibs/libSDL2-2.0.0.dylib (0x16f1b4ae8). This may cause spurious casting failures and mysterious crashes. One of the duplicates must be removed or renamed.
objc[43465]: Class SDL_VideoData is implemented in both /Users/linmuyi/miniconda3/envs/llm_gs/lib/python3.9/site-packages/pygame/.dylibs/libSDL2-2.0.0.dylib (0x1074c9570) and /Users/linmuyi/miniconda3/envs/llm_gs/lib/python3.9/site-packages/cv2/.dylibs/libSDL2-2.0.0.dylib (0x16f1b4b38). This may cause spurious casting failures and mysterious crashes. One of the duplicates must be removed or renamed.
objc[43465]: Class SDL_WindowData is implemented in both /Users/linmuyi/miniconda3/envs/llm_gs/lib/python3.9/site-packages/pygame/.dylibs/libSDL2-2.0.0.dylib (0x1074c95c0) and /Users/linmuyi/miniconda3/envs/llm_gs/lib/python3.9/site-packages/cv2/.dylibs/libSDL2-2.0.0.dylib (0x16f1b4b88). This may cause spurious casting failures and mysterious crashes. One of the duplicates must be removed or renamed.
objc[43465]: Class SDLWindow is implemented in both /Users/linmuyi/miniconda3/envs/llm_gs/lib/python3.9/site-packages/pygame/.dylibs/libSDL2-2.0.0.dylib (0x1074c95e8) and /Users/linmuyi/miniconda3/envs/llm_gs/lib/python3.9/site-packages/cv2/.dylibs/libSDL2-2.0.0.dylib (0x16f1b4bb0). This may cause spurious casting failures and mysterious crashes. One of the duplicates must be removed or renamed.
objc[43465]: Class Cocoa_WindowListener is implemented in both /Users/linmuyi/miniconda3/envs/llm_gs/lib/python3.9/site-packages/pygame/.dylibs/libSDL2-2.0.0.dylib (0x1074c9610) and /Users/linmuyi/miniconda3/envs/llm_gs/lib/python3.9/site-packages/cv2/.dylibs/libSDL2-2.0.0.dylib (0x16f1b4bd8). This may cause spurious casting failures and mysterious crashes. One of the duplicates must be removed or renamed.
objc[43465]: Class SDLView is implemented in both /Users/linmuyi/miniconda3/envs/llm_gs/lib/python3.9/site-packages/pygame/.dylibs/libSDL2-2.0.0.dylib (0x1074c9688) and /Users/linmuyi/miniconda3/envs/llm_gs/lib/python3.9/site-packages/cv2/.dylibs/libSDL2-2.0.0.dylib (0x16f1b4c50). This may cause spurious casting failures and mysterious crashes. One of the duplicates must be removed or renamed.
objc[43465]: Class METAL_RenderData is implemented in both /Users/linmuyi/miniconda3/envs/llm_gs/lib/python3.9/site-packages/pygame/.dylibs/libSDL2-2.0.0.dylib (0x1074c9700) and /Users/linmuyi/miniconda3/envs/llm_gs/lib/python3.9/site-packages/cv2/.dylibs/libSDL2-2.0.0.dylib (0x16f1b4cc8). This may cause spurious casting failures and mysterious crashes. One of the duplicates must be removed or renamed.
objc[43465]: Class METAL_TextureData is implemented in both /Users/linmuyi/miniconda3/envs/llm_gs/lib/python3.9/site-packages/pygame/.dylibs/libSDL2-2.0.0.dylib (0x1074c9750) and /Users/linmuyi/miniconda3/envs/llm_gs/lib/python3.9/site-packages/cv2/.dylibs/libSDL2-2.0.0.dylib (0x16f1b4d18). This may cause spurious casting failures and mysterious crashes. One of the duplicates must be removed or renamed.
objc[43465]: Class SDL_RumbleMotor is implemented in both /Users/linmuyi/miniconda3/envs/llm_gs/lib/python3.9/site-packages/pygame/.dylibs/libSDL2-2.0.0.dylib (0x1074c9778) and /Users/linmuyi/miniconda3/envs/llm_gs/lib/python3.9/site-packages/cv2/.dylibs/libSDL2-2.0.0.dylib (0x16f1b4d40). This may cause spurious casting failures and mysterious crashes. One of the duplicates must be removed or renamed.
objc[43465]: Class SDL_RumbleContext is implemented in both /Users/linmuyi/miniconda3/envs/llm_gs/lib/python3.9/site-packages/pygame/.dylibs/libSDL2-2.0.0.dylib (0x1074c97c8) and /Users/linmuyi/miniconda3/envs/llm_gs/lib/python3.9/site-packages/cv2/.dylibs/libSDL2-2.0.0.dylib (0x16f1b4d90). This may cause spurious casting failures and mysterious crashes. One of the duplicates must be removed or renamed.
[size_order] 1500000 steps, 30 checkpoints, curriculum

  steps=  50000  held=0.00  gate=0.00  bins=1/3  active= 30  (41s)
  steps= 100000  held=0.13  gate=0.22  bins=1/3  active= 30  (70s)
  steps= 150000  held=0.04  gate=0.17  bins=1/3  active= 30  (120s)
  steps= 200000  held=0.03  gate=0.18  bins=1/3  active= 30  (175s)
  steps= 250000  held=0.03  gate=0.15  bins=1/3  active= 30  (230s)
  steps= 300000  held=0.06  gate=0.18  bins=1/3  active= 30  (282s)
  steps= 350000  held=0.13  gate=0.44  bins=1/3  active= 30  (334s)
  steps= 400000  held=0.46  gate=0.56  bins=2/3  active= 60  [UNLOCK:gate]  (379s)
  steps= 450000  held=0.63  gate=0.57  bins=3/3  active= 90  [UNLOCK:gate]  (419s)
  steps= 500000  held=0.26  gate=0.26  bins=3/3  active= 90  (464s)
  steps= 550000  held=0.61  gate=0.61  bins=3/3  active= 90  (506s)
  steps= 600000  held=0.66  gate=0.66  bins=3/3  active= 90  (544s)
  steps= 650000  held=0.62  gate=0.62  bins=3/3  active= 90  (584s)
  steps= 700000  held=0.72  gate=0.72  bins=3/3  active= 90  (623s)
  steps= 750000  held=0.62  gate=0.62  bins=3/3  active= 90  (664s)
  steps= 800000  held=0.63  gate=0.63  bins=3/3  active= 90  (704s)
  steps= 850000  held=0.63  gate=0.63  bins=3/3  active= 90  (743s)
  steps= 900000  held=0.37  gate=0.37  bins=3/3  active= 90  (789s)
  steps= 950000  held=0.56  gate=0.56  bins=3/3  active= 90  (831s)
  steps=1000000  held=0.51  gate=0.51  bins=3/3  active= 90  (874s)
  steps=1050000  held=0.40  gate=0.40  bins=3/3  active= 90  (916s)
  steps=1100000  held=0.48  gate=0.48  bins=3/3  active= 90  (957s)
  steps=1150000  held=0.62  gate=0.62  bins=3/3  active= 90  (995s)
  steps=1200000  held=0.53  gate=0.53  bins=3/3  active= 90  (1033s)
  steps=1250000  held=0.56  gate=0.56  bins=3/3  active= 90  (1071s)
  steps=1300000  held=0.43  gate=0.43  bins=3/3  active= 90  (1113s)
  steps=1350000  held=0.66  gate=0.66  bins=3/3  active= 90  (1148s)
  steps=1400000  held=0.76  gate=0.76  bins=3/3  active= 90  (1184s)
  steps=1450000  held=0.63  gate=0.63  bins=3/3  active= 90  (1220s)
  steps=1500000  held=0.61  gate=0.61  bins=3/3  active= 90  (1260s)

[size_order] DONE  final held=0.61  steps_to_0.3=400,000  wall=1260s  -> size_order_seed23.json
[size_order] per-cell held: s9N1=0.50  s9N2=0.50  s9N3=0.25  s13N1=0.94  s13N2=0.88  s13N3=0.31  s17N1=0.69  s17N2=1.00  s17N3=0.44
