[random_curriculum] train=90 layouts  held-out=36 layouts
objc[34578]: Class SDLApplication is implemented in both /Users/linmuyi/miniconda3/envs/llm_gs/lib/python3.9/site-packages/pygame/.dylibs/libSDL2-2.0.0.dylib (0x1071e12c8) and /Users/linmuyi/miniconda3/envs/llm_gs/lib/python3.9/site-packages/cv2/.dylibs/libSDL2-2.0.0.dylib (0x13511c890). This may cause spurious casting failures and mysterious crashes. One of the duplicates must be removed or renamed.
objc[34578]: Class SDLAppDelegate is implemented in both /Users/linmuyi/miniconda3/envs/llm_gs/lib/python3.9/site-packages/pygame/.dylibs/libSDL2-2.0.0.dylib (0x1071e1318) and /Users/linmuyi/miniconda3/envs/llm_gs/lib/python3.9/site-packages/cv2/.dylibs/libSDL2-2.0.0.dylib (0x13511c8e0). This may cause spurious casting failures and mysterious crashes. One of the duplicates must be removed or renamed.
objc[34578]: Class SDLTranslatorResponder is implemented in both /Users/linmuyi/miniconda3/envs/llm_gs/lib/python3.9/site-packages/pygame/.dylibs/libSDL2-2.0.0.dylib (0x1071e1390) and /Users/linmuyi/miniconda3/envs/llm_gs/lib/python3.9/site-packages/cv2/.dylibs/libSDL2-2.0.0.dylib (0x13511c958). This may cause spurious casting failures and mysterious crashes. One of the duplicates must be removed or renamed.
objc[34578]: Class SDLMessageBoxPresenter is implemented in both /Users/linmuyi/miniconda3/envs/llm_gs/lib/python3.9/site-packages/pygame/.dylibs/libSDL2-2.0.0.dylib (0x1071e13b8) and /Users/linmuyi/miniconda3/envs/llm_gs/lib/python3.9/site-packages/cv2/.dylibs/libSDL2-2.0.0.dylib (0x13511c980). This may cause spurious casting failures and mysterious crashes. One of the duplicates must be removed or renamed.
objc[34578]: Class SDL_cocoametalview is implemented in both /Users/linmuyi/miniconda3/envs/llm_gs/lib/python3.9/site-packages/pygame/.dylibs/libSDL2-2.0.0.dylib (0x1071e1408) and /Users/linmuyi/miniconda3/envs/llm_gs/lib/python3.9/site-packages/cv2/.dylibs/libSDL2-2.0.0.dylib (0x13511c9d0). This may cause spurious casting failures and mysterious crashes. One of the duplicates must be removed or renamed.
objc[34578]: Class SDLOpenGLContext is implemented in both /Users/linmuyi/miniconda3/envs/llm_gs/lib/python3.9/site-packages/pygame/.dylibs/libSDL2-2.0.0.dylib (0x1071e1458) and /Users/linmuyi/miniconda3/envs/llm_gs/lib/python3.9/site-packages/cv2/.dylibs/libSDL2-2.0.0.dylib (0x13511ca20). This may cause spurious casting failures and mysterious crashes. One of the duplicates must be removed or renamed.
objc[34578]: Class SDL_ShapeData is implemented in both /Users/linmuyi/miniconda3/envs/llm_gs/lib/python3.9/site-packages/pygame/.dylibs/libSDL2-2.0.0.dylib (0x1071e14d0) and /Users/linmuyi/miniconda3/envs/llm_gs/lib/python3.9/site-packages/cv2/.dylibs/libSDL2-2.0.0.dylib (0x13511ca98). This may cause spurious casting failures and mysterious crashes. One of the duplicates must be removed or renamed.
objc[34578]: Class SDL_CocoaClosure is implemented in both /Users/linmuyi/miniconda3/envs/llm_gs/lib/python3.9/site-packages/pygame/.dylibs/libSDL2-2.0.0.dylib (0x1071e1520) and /Users/linmuyi/miniconda3/envs/llm_gs/lib/python3.9/site-packages/cv2/.dylibs/libSDL2-2.0.0.dylib (0x13511cae8). This may cause spurious casting failures and mysterious crashes. One of the duplicates must be removed or renamed.
objc[34578]: Class SDL_VideoData is implemented in both /Users/linmuyi/miniconda3/envs/llm_gs/lib/python3.9/site-packages/pygame/.dylibs/libSDL2-2.0.0.dylib (0x1071e1570) and /Users/linmuyi/miniconda3/envs/llm_gs/lib/python3.9/site-packages/cv2/.dylibs/libSDL2-2.0.0.dylib (0x13511cb38). This may cause spurious casting failures and mysterious crashes. One of the duplicates must be removed or renamed.
objc[34578]: Class SDL_WindowData is implemented in both /Users/linmuyi/miniconda3/envs/llm_gs/lib/python3.9/site-packages/pygame/.dylibs/libSDL2-2.0.0.dylib (0x1071e15c0) and /Users/linmuyi/miniconda3/envs/llm_gs/lib/python3.9/site-packages/cv2/.dylibs/libSDL2-2.0.0.dylib (0x13511cb88). This may cause spurious casting failures and mysterious crashes. One of the duplicates must be removed or renamed.
objc[34578]: Class SDLWindow is implemented in both /Users/linmuyi/miniconda3/envs/llm_gs/lib/python3.9/site-packages/pygame/.dylibs/libSDL2-2.0.0.dylib (0x1071e15e8) and /Users/linmuyi/miniconda3/envs/llm_gs/lib/python3.9/site-packages/cv2/.dylibs/libSDL2-2.0.0.dylib (0x13511cbb0). This may cause spurious casting failures and mysterious crashes. One of the duplicates must be removed or renamed.
objc[34578]: Class Cocoa_WindowListener is implemented in both /Users/linmuyi/miniconda3/envs/llm_gs/lib/python3.9/site-packages/pygame/.dylibs/libSDL2-2.0.0.dylib (0x1071e1610) and /Users/linmuyi/miniconda3/envs/llm_gs/lib/python3.9/site-packages/cv2/.dylibs/libSDL2-2.0.0.dylib (0x13511cbd8). This may cause spurious casting failures and mysterious crashes. One of the duplicates must be removed or renamed.
objc[34578]: Class SDLView is implemented in both /Users/linmuyi/miniconda3/envs/llm_gs/lib/python3.9/site-packages/pygame/.dylibs/libSDL2-2.0.0.dylib (0x1071e1688) and /Users/linmuyi/miniconda3/envs/llm_gs/lib/python3.9/site-packages/cv2/.dylibs/libSDL2-2.0.0.dylib (0x13511cc50). This may cause spurious casting failures and mysterious crashes. One of the duplicates must be removed or renamed.
objc[34578]: Class METAL_RenderData is implemented in both /Users/linmuyi/miniconda3/envs/llm_gs/lib/python3.9/site-packages/pygame/.dylibs/libSDL2-2.0.0.dylib (0x1071e1700) and /Users/linmuyi/miniconda3/envs/llm_gs/lib/python3.9/site-packages/cv2/.dylibs/libSDL2-2.0.0.dylib (0x13511ccc8). This may cause spurious casting failures and mysterious crashes. One of the duplicates must be removed or renamed.
objc[34578]: Class METAL_TextureData is implemented in both /Users/linmuyi/miniconda3/envs/llm_gs/lib/python3.9/site-packages/pygame/.dylibs/libSDL2-2.0.0.dylib (0x1071e1750) and /Users/linmuyi/miniconda3/envs/llm_gs/lib/python3.9/site-packages/cv2/.dylibs/libSDL2-2.0.0.dylib (0x13511cd18). This may cause spurious casting failures and mysterious crashes. One of the duplicates must be removed or renamed.
objc[34578]: Class SDL_RumbleMotor is implemented in both /Users/linmuyi/miniconda3/envs/llm_gs/lib/python3.9/site-packages/pygame/.dylibs/libSDL2-2.0.0.dylib (0x1071e1778) and /Users/linmuyi/miniconda3/envs/llm_gs/lib/python3.9/site-packages/cv2/.dylibs/libSDL2-2.0.0.dylib (0x13511cd40). This may cause spurious casting failures and mysterious crashes. One of the duplicates must be removed or renamed.
objc[34578]: Class SDL_RumbleContext is implemented in both /Users/linmuyi/miniconda3/envs/llm_gs/lib/python3.9/site-packages/pygame/.dylibs/libSDL2-2.0.0.dylib (0x1071e17c8) and /Users/linmuyi/miniconda3/envs/llm_gs/lib/python3.9/site-packages/cv2/.dylibs/libSDL2-2.0.0.dylib (0x13511cd90). This may cause spurious casting failures and mysterious crashes. One of the duplicates must be removed or renamed.
[random_curriculum] 1500000 steps, 30 checkpoints, curriculum

  steps=  50000  held=0.00  gate=0.03  bins=1/3  active= 30  (28s)
  steps= 100000  held=0.01  gate=0.06  bins=1/3  active= 30  (54s)
  steps= 150000  held=0.01  gate=0.03  bins=1/3  active= 30  (81s)
  steps= 200000  held=0.02  gate=0.03  bins=1/3  active= 30  (109s)
  steps= 250000  held=0.01  gate=0.04  bins=1/3  active= 30  (137s)
  steps= 300000  held=0.01  gate=0.00  bins=1/3  active= 30  (168s)
  steps= 350000  held=0.00  gate=0.00  bins=1/3  active= 30  (199s)
  steps= 400000  held=0.00  gate=0.00  bins=2/3  active= 60  [UNLOCK:deadline]  (230s)
  steps= 450000  held=0.03  gate=0.04  bins=2/3  active= 60  (261s)
  steps= 500000  held=0.03  gate=0.06  bins=2/3  active= 60  (285s)
  steps= 550000  held=0.03  gate=0.00  bins=2/3  active= 60  (310s)
  steps= 600000  held=0.03  gate=0.06  bins=2/3  active= 60  (336s)
  steps= 650000  held=0.08  gate=0.24  bins=2/3  active= 60  (365s)
  steps= 700000  held=0.07  gate=0.24  bins=2/3  active= 60  (423s)
  steps= 750000  held=0.25  gate=0.19  bins=2/3  active= 60  (464s)
  steps= 800000  held=0.18  gate=0.26  bins=3/3  active= 90  [UNLOCK:deadline]  (518s)
  steps= 850000  held=0.47  gate=0.47  bins=3/3  active= 90  (557s)
  steps= 900000  held=0.49  gate=0.49  bins=3/3  active= 90  (599s)
  steps= 950000  held=0.52  gate=0.52  bins=3/3  active= 90  (640s)
  steps=1000000  held=0.56  gate=0.56  bins=3/3  active= 90  (680s)
  steps=1050000  held=0.42  gate=0.42  bins=3/3  active= 90  (718s)
  steps=1100000  held=0.58  gate=0.58  bins=3/3  active= 90  (755s)
  steps=1150000  held=0.58  gate=0.58  bins=3/3  active= 90  (792s)
  steps=1200000  held=0.60  gate=0.60  bins=3/3  active= 90  (828s)
  steps=1250000  held=0.63  gate=0.63  bins=3/3  active= 90  (866s)
  steps=1300000  held=0.65  gate=0.65  bins=3/3  active= 90  (901s)
  steps=1350000  held=0.65  gate=0.65  bins=3/3  active= 90  (937s)
  steps=1400000  held=0.64  gate=0.64  bins=3/3  active= 90  (974s)
  steps=1450000  held=0.62  gate=0.62  bins=3/3  active= 90  (1012s)
  steps=1500000  held=0.63  gate=0.63  bins=3/3  active= 90  (1049s)

[random_curriculum] DONE  final held=0.63  steps_to_0.3=850,000  wall=1049s  -> random_curriculum_seed36.json
[random_curriculum] per-cell held: s9N1=0.75  s9N2=0.56  s9N3=0.06  s13N1=0.62  s13N2=1.00  s13N3=0.56  s17N1=0.75  s17N2=1.00  s17N3=0.38
