[flat] train=90 layouts  held-out=36 layouts
objc[48676]: Class SDLApplication is implemented in both /Users/linmuyi/miniconda3/envs/llm_gs/lib/python3.9/site-packages/pygame/.dylibs/libSDL2-2.0.0.dylib (0x1070b92c8) and /Users/linmuyi/miniconda3/envs/llm_gs/lib/python3.9/site-packages/cv2/.dylibs/libSDL2-2.0.0.dylib (0x135420890). This may cause spurious casting failures and mysterious crashes. One of the duplicates must be removed or renamed.
objc[48676]: Class SDLAppDelegate is implemented in both /Users/linmuyi/miniconda3/envs/llm_gs/lib/python3.9/site-packages/pygame/.dylibs/libSDL2-2.0.0.dylib (0x1070b9318) and /Users/linmuyi/miniconda3/envs/llm_gs/lib/python3.9/site-packages/cv2/.dylibs/libSDL2-2.0.0.dylib (0x1354208e0). This may cause spurious casting failures and mysterious crashes. One of the duplicates must be removed or renamed.
objc[48676]: Class SDLTranslatorResponder is implemented in both /Users/linmuyi/miniconda3/envs/llm_gs/lib/python3.9/site-packages/pygame/.dylibs/libSDL2-2.0.0.dylib (0x1070b9390) and /Users/linmuyi/miniconda3/envs/llm_gs/lib/python3.9/site-packages/cv2/.dylibs/libSDL2-2.0.0.dylib (0x135420958). This may cause spurious casting failures and mysterious crashes. One of the duplicates must be removed or renamed.
objc[48676]: Class SDLMessageBoxPresenter is implemented in both /Users/linmuyi/miniconda3/envs/llm_gs/lib/python3.9/site-packages/pygame/.dylibs/libSDL2-2.0.0.dylib (0x1070b93b8) and /Users/linmuyi/miniconda3/envs/llm_gs/lib/python3.9/site-packages/cv2/.dylibs/libSDL2-2.0.0.dylib (0x135420980). This may cause spurious casting failures and mysterious crashes. One of the duplicates must be removed or renamed.
objc[48676]: Class SDL_cocoametalview is implemented in both /Users/linmuyi/miniconda3/envs/llm_gs/lib/python3.9/site-packages/pygame/.dylibs/libSDL2-2.0.0.dylib (0x1070b9408) and /Users/linmuyi/miniconda3/envs/llm_gs/lib/python3.9/site-packages/cv2/.dylibs/libSDL2-2.0.0.dylib (0x1354209d0). This may cause spurious casting failures and mysterious crashes. One of the duplicates must be removed or renamed.
objc[48676]: Class SDLOpenGLContext is implemented in both /Users/linmuyi/miniconda3/envs/llm_gs/lib/python3.9/site-packages/pygame/.dylibs/libSDL2-2.0.0.dylib (0x1070b9458) and /Users/linmuyi/miniconda3/envs/llm_gs/lib/python3.9/site-packages/cv2/.dylibs/libSDL2-2.0.0.dylib (0x135420a20). This may cause spurious casting failures and mysterious crashes. One of the duplicates must be removed or renamed.
objc[48676]: Class SDL_ShapeData is implemented in both /Users/linmuyi/miniconda3/envs/llm_gs/lib/python3.9/site-packages/pygame/.dylibs/libSDL2-2.0.0.dylib (0x1070b94d0) and /Users/linmuyi/miniconda3/envs/llm_gs/lib/python3.9/site-packages/cv2/.dylibs/libSDL2-2.0.0.dylib (0x135420a98). This may cause spurious casting failures and mysterious crashes. One of the duplicates must be removed or renamed.
objc[48676]: Class SDL_CocoaClosure is implemented in both /Users/linmuyi/miniconda3/envs/llm_gs/lib/python3.9/site-packages/pygame/.dylibs/libSDL2-2.0.0.dylib (0x1070b9520) and /Users/linmuyi/miniconda3/envs/llm_gs/lib/python3.9/site-packages/cv2/.dylibs/libSDL2-2.0.0.dylib (0x135420ae8). This may cause spurious casting failures and mysterious crashes. One of the duplicates must be removed or renamed.
objc[48676]: Class SDL_VideoData is implemented in both /Users/linmuyi/miniconda3/envs/llm_gs/lib/python3.9/site-packages/pygame/.dylibs/libSDL2-2.0.0.dylib (0x1070b9570) and /Users/linmuyi/miniconda3/envs/llm_gs/lib/python3.9/site-packages/cv2/.dylibs/libSDL2-2.0.0.dylib (0x135420b38). This may cause spurious casting failures and mysterious crashes. One of the duplicates must be removed or renamed.
objc[48676]: Class SDL_WindowData is implemented in both /Users/linmuyi/miniconda3/envs/llm_gs/lib/python3.9/site-packages/pygame/.dylibs/libSDL2-2.0.0.dylib (0x1070b95c0) and /Users/linmuyi/miniconda3/envs/llm_gs/lib/python3.9/site-packages/cv2/.dylibs/libSDL2-2.0.0.dylib (0x135420b88). This may cause spurious casting failures and mysterious crashes. One of the duplicates must be removed or renamed.
objc[48676]: Class SDLWindow is implemented in both /Users/linmuyi/miniconda3/envs/llm_gs/lib/python3.9/site-packages/pygame/.dylibs/libSDL2-2.0.0.dylib (0x1070b95e8) and /Users/linmuyi/miniconda3/envs/llm_gs/lib/python3.9/site-packages/cv2/.dylibs/libSDL2-2.0.0.dylib (0x135420bb0). This may cause spurious casting failures and mysterious crashes. One of the duplicates must be removed or renamed.
objc[48676]: Class Cocoa_WindowListener is implemented in both /Users/linmuyi/miniconda3/envs/llm_gs/lib/python3.9/site-packages/pygame/.dylibs/libSDL2-2.0.0.dylib (0x1070b9610) and /Users/linmuyi/miniconda3/envs/llm_gs/lib/python3.9/site-packages/cv2/.dylibs/libSDL2-2.0.0.dylib (0x135420bd8). This may cause spurious casting failures and mysterious crashes. One of the duplicates must be removed or renamed.
objc[48676]: Class SDLView is implemented in both /Users/linmuyi/miniconda3/envs/llm_gs/lib/python3.9/site-packages/pygame/.dylibs/libSDL2-2.0.0.dylib (0x1070b9688) and /Users/linmuyi/miniconda3/envs/llm_gs/lib/python3.9/site-packages/cv2/.dylibs/libSDL2-2.0.0.dylib (0x135420c50). This may cause spurious casting failures and mysterious crashes. One of the duplicates must be removed or renamed.
objc[48676]: Class METAL_RenderData is implemented in both /Users/linmuyi/miniconda3/envs/llm_gs/lib/python3.9/site-packages/pygame/.dylibs/libSDL2-2.0.0.dylib (0x1070b9700) and /Users/linmuyi/miniconda3/envs/llm_gs/lib/python3.9/site-packages/cv2/.dylibs/libSDL2-2.0.0.dylib (0x135420cc8). This may cause spurious casting failures and mysterious crashes. One of the duplicates must be removed or renamed.
objc[48676]: Class METAL_TextureData is implemented in both /Users/linmuyi/miniconda3/envs/llm_gs/lib/python3.9/site-packages/pygame/.dylibs/libSDL2-2.0.0.dylib (0x1070b9750) and /Users/linmuyi/miniconda3/envs/llm_gs/lib/python3.9/site-packages/cv2/.dylibs/libSDL2-2.0.0.dylib (0x135420d18). This may cause spurious casting failures and mysterious crashes. One of the duplicates must be removed or renamed.
objc[48676]: Class SDL_RumbleMotor is implemented in both /Users/linmuyi/miniconda3/envs/llm_gs/lib/python3.9/site-packages/pygame/.dylibs/libSDL2-2.0.0.dylib (0x1070b9778) and /Users/linmuyi/miniconda3/envs/llm_gs/lib/python3.9/site-packages/cv2/.dylibs/libSDL2-2.0.0.dylib (0x135420d40). This may cause spurious casting failures and mysterious crashes. One of the duplicates must be removed or renamed.
objc[48676]: Class SDL_RumbleContext is implemented in both /Users/linmuyi/miniconda3/envs/llm_gs/lib/python3.9/site-packages/pygame/.dylibs/libSDL2-2.0.0.dylib (0x1070b97c8) and /Users/linmuyi/miniconda3/envs/llm_gs/lib/python3.9/site-packages/cv2/.dylibs/libSDL2-2.0.0.dylib (0x135420d90). This may cause spurious casting failures and mysterious crashes. One of the duplicates must be removed or renamed.
[flat] 1500000 steps, 30 checkpoints, flat (no curriculum)

  steps=  50000  held=0.00  gate=0.00  bins=3/3  active= 90  (30s)
  steps= 100000  held=0.00  gate=0.00  bins=3/3  active= 90  (72s)
  steps= 150000  held=0.00  gate=0.00  bins=3/3  active= 90  (105s)
  steps= 200000  held=0.00  gate=0.00  bins=3/3  active= 90  (146s)
  steps= 250000  held=0.00  gate=0.00  bins=3/3  active= 90  (183s)
  steps= 300000  held=0.00  gate=0.00  bins=3/3  active= 90  (222s)
  steps= 350000  held=0.00  gate=0.00  bins=3/3  active= 90  (261s)
  steps= 400000  held=0.00  gate=0.00  bins=3/3  active= 90  (302s)
  steps= 450000  held=0.00  gate=0.00  bins=3/3  active= 90  (341s)
  steps= 500000  held=0.02  gate=0.02  bins=3/3  active= 90  (383s)
  steps= 550000  held=0.01  gate=0.01  bins=3/3  active= 90  (425s)
  steps= 600000  held=0.03  gate=0.03  bins=3/3  active= 90  (471s)
  steps= 650000  held=0.07  gate=0.07  bins=3/3  active= 90  (516s)
  steps= 700000  held=0.13  gate=0.13  bins=3/3  active= 90  (555s)
  steps= 750000  held=0.12  gate=0.12  bins=3/3  active= 90  (587s)
  steps= 800000  held=0.07  gate=0.07  bins=3/3  active= 90  (634s)
  steps= 850000  held=0.00  gate=0.00  bins=3/3  active= 90  (686s)
  steps= 900000  held=0.01  gate=0.01  bins=3/3  active= 90  (732s)
  steps= 950000  held=0.01  gate=0.01  bins=3/3  active= 90  (783s)
  steps=1000000  held=0.09  gate=0.09  bins=3/3  active= 90  (826s)
  steps=1050000  held=0.03  gate=0.03  bins=3/3  active= 90  (874s)
  steps=1100000  held=0.01  gate=0.01  bins=3/3  active= 90  (923s)
  steps=1150000  held=0.03  gate=0.03  bins=3/3  active= 90  (968s)
  steps=1200000  held=0.03  gate=0.03  bins=3/3  active= 90  (1000s)
  steps=1250000  held=0.02  gate=0.02  bins=3/3  active= 90  (1043s)
  steps=1300000  held=0.00  gate=0.00  bins=3/3  active= 90  (1094s)
  steps=1350000  held=0.00  gate=0.00  bins=3/3  active= 90  (1150s)
  steps=1400000  held=0.00  gate=0.00  bins=3/3  active= 90  (1205s)
  steps=1450000  held=0.03  gate=0.03  bins=3/3  active= 90  (1265s)
  steps=1500000  held=0.03  gate=0.03  bins=3/3  active= 90  (1350s)

[flat] DONE  final held=0.03  steps_to_0.3=NOT REACHED  wall=1350s  -> flat_seed18.json
[flat] per-cell held: s9N1=0.00  s9N2=0.00  s9N3=0.00  s13N1=0.25  s13N2=0.00  s13N3=0.00  s17N1=0.00  s17N2=0.00  s17N3=0.00
