[flat] train=90 layouts  held-out=36 layouts
objc[72033]: Class SDLApplication is implemented in both /Users/linmuyi/miniconda3/envs/llm_gs/lib/python3.9/site-packages/pygame/.dylibs/libSDL2-2.0.0.dylib (0x10b94d2c8) and /Users/linmuyi/miniconda3/envs/llm_gs/lib/python3.9/site-packages/cv2/.dylibs/libSDL2-2.0.0.dylib (0x13b340890). This may cause spurious casting failures and mysterious crashes. One of the duplicates must be removed or renamed.
objc[72033]: Class SDLAppDelegate is implemented in both /Users/linmuyi/miniconda3/envs/llm_gs/lib/python3.9/site-packages/pygame/.dylibs/libSDL2-2.0.0.dylib (0x10b94d318) and /Users/linmuyi/miniconda3/envs/llm_gs/lib/python3.9/site-packages/cv2/.dylibs/libSDL2-2.0.0.dylib (0x13b3408e0). This may cause spurious casting failures and mysterious crashes. One of the duplicates must be removed or renamed.
objc[72033]: Class SDLTranslatorResponder is implemented in both /Users/linmuyi/miniconda3/envs/llm_gs/lib/python3.9/site-packages/pygame/.dylibs/libSDL2-2.0.0.dylib (0x10b94d390) and /Users/linmuyi/miniconda3/envs/llm_gs/lib/python3.9/site-packages/cv2/.dylibs/libSDL2-2.0.0.dylib (0x13b340958). This may cause spurious casting failures and mysterious crashes. One of the duplicates must be removed or renamed.
objc[72033]: Class SDLMessageBoxPresenter is implemented in both /Users/linmuyi/miniconda3/envs/llm_gs/lib/python3.9/site-packages/pygame/.dylibs/libSDL2-2.0.0.dylib (0x10b94d3b8) and /Users/linmuyi/miniconda3/envs/llm_gs/lib/python3.9/site-packages/cv2/.dylibs/libSDL2-2.0.0.dylib (0x13b340980). This may cause spurious casting failures and mysterious crashes. One of the duplicates must be removed or renamed.
objc[72033]: Class SDL_cocoametalview is implemented in both /Users/linmuyi/miniconda3/envs/llm_gs/lib/python3.9/site-packages/pygame/.dylibs/libSDL2-2.0.0.dylib (0x10b94d408) and /Users/linmuyi/miniconda3/envs/llm_gs/lib/python3.9/site-packages/cv2/.dylibs/libSDL2-2.0.0.dylib (0x13b3409d0). This may cause spurious casting failures and mysterious crashes. One of the duplicates must be removed or renamed.
objc[72033]: Class SDLOpenGLContext is implemented in both /Users/linmuyi/miniconda3/envs/llm_gs/lib/python3.9/site-packages/pygame/.dylibs/libSDL2-2.0.0.dylib (0x10b94d458) and /Users/linmuyi/miniconda3/envs/llm_gs/lib/python3.9/site-packages/cv2/.dylibs/libSDL2-2.0.0.dylib (0x13b340a20). This may cause spurious casting failures and mysterious crashes. One of the duplicates must be removed or renamed.
objc[72033]: Class SDL_ShapeData is implemented in both /Users/linmuyi/miniconda3/envs/llm_gs/lib/python3.9/site-packages/pygame/.dylibs/libSDL2-2.0.0.dylib (0x10b94d4d0) and /Users/linmuyi/miniconda3/envs/llm_gs/lib/python3.9/site-packages/cv2/.dylibs/libSDL2-2.0.0.dylib (0x13b340a98). This may cause spurious casting failures and mysterious crashes. One of the duplicates must be removed or renamed.
objc[72033]: Class SDL_CocoaClosure is implemented in both /Users/linmuyi/miniconda3/envs/llm_gs/lib/python3.9/site-packages/pygame/.dylibs/libSDL2-2.0.0.dylib (0x10b94d520) and /Users/linmuyi/miniconda3/envs/llm_gs/lib/python3.9/site-packages/cv2/.dylibs/libSDL2-2.0.0.dylib (0x13b340ae8). This may cause spurious casting failures and mysterious crashes. One of the duplicates must be removed or renamed.
objc[72033]: Class SDL_VideoData is implemented in both /Users/linmuyi/miniconda3/envs/llm_gs/lib/python3.9/site-packages/pygame/.dylibs/libSDL2-2.0.0.dylib (0x10b94d570) and /Users/linmuyi/miniconda3/envs/llm_gs/lib/python3.9/site-packages/cv2/.dylibs/libSDL2-2.0.0.dylib (0x13b340b38). This may cause spurious casting failures and mysterious crashes. One of the duplicates must be removed or renamed.
objc[72033]: Class SDL_WindowData is implemented in both /Users/linmuyi/miniconda3/envs/llm_gs/lib/python3.9/site-packages/pygame/.dylibs/libSDL2-2.0.0.dylib (0x10b94d5c0) and /Users/linmuyi/miniconda3/envs/llm_gs/lib/python3.9/site-packages/cv2/.dylibs/libSDL2-2.0.0.dylib (0x13b340b88). This may cause spurious casting failures and mysterious crashes. One of the duplicates must be removed or renamed.
objc[72033]: Class SDLWindow is implemented in both /Users/linmuyi/miniconda3/envs/llm_gs/lib/python3.9/site-packages/pygame/.dylibs/libSDL2-2.0.0.dylib (0x10b94d5e8) and /Users/linmuyi/miniconda3/envs/llm_gs/lib/python3.9/site-packages/cv2/.dylibs/libSDL2-2.0.0.dylib (0x13b340bb0). This may cause spurious casting failures and mysterious crashes. One of the duplicates must be removed or renamed.
objc[72033]: Class Cocoa_WindowListener is implemented in both /Users/linmuyi/miniconda3/envs/llm_gs/lib/python3.9/site-packages/pygame/.dylibs/libSDL2-2.0.0.dylib (0x10b94d610) and /Users/linmuyi/miniconda3/envs/llm_gs/lib/python3.9/site-packages/cv2/.dylibs/libSDL2-2.0.0.dylib (0x13b340bd8). This may cause spurious casting failures and mysterious crashes. One of the duplicates must be removed or renamed.
objc[72033]: Class SDLView is implemented in both /Users/linmuyi/miniconda3/envs/llm_gs/lib/python3.9/site-packages/pygame/.dylibs/libSDL2-2.0.0.dylib (0x10b94d688) and /Users/linmuyi/miniconda3/envs/llm_gs/lib/python3.9/site-packages/cv2/.dylibs/libSDL2-2.0.0.dylib (0x13b340c50). This may cause spurious casting failures and mysterious crashes. One of the duplicates must be removed or renamed.
objc[72033]: Class METAL_RenderData is implemented in both /Users/linmuyi/miniconda3/envs/llm_gs/lib/python3.9/site-packages/pygame/.dylibs/libSDL2-2.0.0.dylib (0x10b94d700) and /Users/linmuyi/miniconda3/envs/llm_gs/lib/python3.9/site-packages/cv2/.dylibs/libSDL2-2.0.0.dylib (0x13b340cc8). This may cause spurious casting failures and mysterious crashes. One of the duplicates must be removed or renamed.
objc[72033]: Class METAL_TextureData is implemented in both /Users/linmuyi/miniconda3/envs/llm_gs/lib/python3.9/site-packages/pygame/.dylibs/libSDL2-2.0.0.dylib (0x10b94d750) and /Users/linmuyi/miniconda3/envs/llm_gs/lib/python3.9/site-packages/cv2/.dylibs/libSDL2-2.0.0.dylib (0x13b340d18). This may cause spurious casting failures and mysterious crashes. One of the duplicates must be removed or renamed.
objc[72033]: Class SDL_RumbleMotor is implemented in both /Users/linmuyi/miniconda3/envs/llm_gs/lib/python3.9/site-packages/pygame/.dylibs/libSDL2-2.0.0.dylib (0x10b94d778) and /Users/linmuyi/miniconda3/envs/llm_gs/lib/python3.9/site-packages/cv2/.dylibs/libSDL2-2.0.0.dylib (0x13b340d40). This may cause spurious casting failures and mysterious crashes. One of the duplicates must be removed or renamed.
objc[72033]: Class SDL_RumbleContext is implemented in both /Users/linmuyi/miniconda3/envs/llm_gs/lib/python3.9/site-packages/pygame/.dylibs/libSDL2-2.0.0.dylib (0x10b94d7c8) and /Users/linmuyi/miniconda3/envs/llm_gs/lib/python3.9/site-packages/cv2/.dylibs/libSDL2-2.0.0.dylib (0x13b340d90). This may cause spurious casting failures and mysterious crashes. One of the duplicates must be removed or renamed.
[flat] 1500000 steps, 30 checkpoints, flat (no curriculum)

  steps=  50000  held=0.00  gate=0.00  bins=3/3  active= 90  (50s)
  steps= 100000  held=0.00  gate=0.00  bins=3/3  active= 90  (101s)
  steps= 150000  held=0.01  gate=0.01  bins=3/3  active= 90  (147s)
  steps= 200000  held=0.02  gate=0.02  bins=3/3  active= 90  (195s)
  steps= 250000  held=0.03  gate=0.03  bins=3/3  active= 90  (244s)
  steps= 300000  held=0.03  gate=0.03  bins=3/3  active= 90  (292s)
  steps= 350000  held=0.03  gate=0.03  bins=3/3  active= 90  (334s)
  steps= 400000  held=0.06  gate=0.06  bins=3/3  active= 90  (412s)
  steps= 450000  held=0.03  gate=0.03  bins=3/3  active= 90  (485s)
  steps= 500000  held=0.08  gate=0.08  bins=3/3  active= 90  (553s)
  steps= 550000  held=0.10  gate=0.10  bins=3/3  active= 90  (619s)
  steps= 600000  held=0.02  gate=0.02  bins=3/3  active= 90  (687s)
  steps= 650000  held=0.06  gate=0.06  bins=3/3  active= 90  (747s)
  steps= 700000  held=0.14  gate=0.14  bins=3/3  active= 90  (812s)
  steps= 750000  held=0.01  gate=0.01  bins=3/3  active= 90  (883s)
  steps= 800000  held=0.00  gate=0.00  bins=3/3  active= 90  (958s)
  steps= 850000  held=0.02  gate=0.02  bins=3/3  active= 90  (1039s)
  steps= 900000  held=0.06  gate=0.06  bins=3/3  active= 90  (1125s)
  steps= 950000  held=0.05  gate=0.05  bins=3/3  active= 90  (1206s)
  steps=1000000  held=0.14  gate=0.14  bins=3/3  active= 90  (1273s)
  steps=1050000  held=0.19  gate=0.19  bins=3/3  active= 90  (1349s)
  steps=1100000  held=0.42  gate=0.42  bins=3/3  active= 90  (1417s)
  steps=1150000  held=0.30  gate=0.30  bins=3/3  active= 90  (1491s)
  steps=1200000  held=0.28  gate=0.28  bins=3/3  active= 90  (1565s)
  steps=1250000  held=0.38  gate=0.38  bins=3/3  active= 90  (1620s)
  steps=1300000  held=0.18  gate=0.18  bins=3/3  active= 90  (1697s)
  steps=1350000  held=0.44  gate=0.44  bins=3/3  active= 90  (1759s)
  steps=1400000  held=0.51  gate=0.51  bins=3/3  active= 90  (1824s)
  steps=1450000  held=0.53  gate=0.53  bins=3/3  active= 90  (1882s)
  steps=1500000  held=0.56  gate=0.56  bins=3/3  active= 90  (1943s)

[flat] DONE  final held=0.56  steps_to_0.3=1,100,000  wall=1943s  -> flat_seed28.json
[flat] per-cell held: s9N1=0.75  s9N2=0.31  s9N3=0.00  s13N1=0.69  s13N2=0.88  s13N3=0.19  s17N1=0.75  s17N2=1.00  s17N3=0.50
