[size_order] train=90 layouts  held-out=36 layouts
objc[75358]: Class SDLApplication is implemented in both /Users/linmuyi/miniconda3/envs/llm_gs/lib/python3.9/site-packages/pygame/.dylibs/libSDL2-2.0.0.dylib (0x1075292c8) and /Users/linmuyi/miniconda3/envs/llm_gs/lib/python3.9/site-packages/cv2/.dylibs/libSDL2-2.0.0.dylib (0x16b4bc890). This may cause spurious casting failures and mysterious crashes. One of the duplicates must be removed or renamed.
objc[75358]: Class SDLAppDelegate is implemented in both /Users/linmuyi/miniconda3/envs/llm_gs/lib/python3.9/site-packages/pygame/.dylibs/libSDL2-2.0.0.dylib (0x107529318) and /Users/linmuyi/miniconda3/envs/llm_gs/lib/python3.9/site-packages/cv2/.dylibs/libSDL2-2.0.0.dylib (0x16b4bc8e0). This may cause spurious casting failures and mysterious crashes. One of the duplicates must be removed or renamed.
objc[75358]: Class SDLTranslatorResponder is implemented in both /Users/linmuyi/miniconda3/envs/llm_gs/lib/python3.9/site-packages/pygame/.dylibs/libSDL2-2.0.0.dylib (0x107529390) and /Users/linmuyi/miniconda3/envs/llm_gs/lib/python3.9/site-packages/cv2/.dylibs/libSDL2-2.0.0.dylib (0x16b4bc958). This may cause spurious casting failures and mysterious crashes. One of the duplicates must be removed or renamed.
objc[75358]: Class SDLMessageBoxPresenter is implemented in both /Users/linmuyi/miniconda3/envs/llm_gs/lib/python3.9/site-packages/pygame/.dylibs/libSDL2-2.0.0.dylib (0x1075293b8) and /Users/linmuyi/miniconda3/envs/llm_gs/lib/python3.9/site-packages/cv2/.dylibs/libSDL2-2.0.0.dylib (0x16b4bc980). This may cause spurious casting failures and mysterious crashes. One of the duplicates must be removed or renamed.
objc[75358]: Class SDL_cocoametalview is implemented in both /Users/linmuyi/miniconda3/envs/llm_gs/lib/python3.9/site-packages/pygame/.dylibs/libSDL2-2.0.0.dylib (0x107529408) and /Users/linmuyi/miniconda3/envs/llm_gs/lib/python3.9/site-packages/cv2/.dylibs/libSDL2-2.0.0.dylib (0x16b4bc9d0). This may cause spurious casting failures and mysterious crashes. One of the duplicates must be removed or renamed.
objc[75358]: Class SDLOpenGLContext is implemented in both /Users/linmuyi/miniconda3/envs/llm_gs/lib/python3.9/site-packages/pygame/.dylibs/libSDL2-2.0.0.dylib (0x107529458) and /Users/linmuyi/miniconda3/envs/llm_gs/lib/python3.9/site-packages/cv2/.dylibs/libSDL2-2.0.0.dylib (0x16b4bca20). This may cause spurious casting failures and mysterious crashes. One of the duplicates must be removed or renamed.
objc[75358]: Class SDL_ShapeData is implemented in both /Users/linmuyi/miniconda3/envs/llm_gs/lib/python3.9/site-packages/pygame/.dylibs/libSDL2-2.0.0.dylib (0x1075294d0) and /Users/linmuyi/miniconda3/envs/llm_gs/lib/python3.9/site-packages/cv2/.dylibs/libSDL2-2.0.0.dylib (0x16b4bca98). This may cause spurious casting failures and mysterious crashes. One of the duplicates must be removed or renamed.
objc[75358]: Class SDL_CocoaClosure is implemented in both /Users/linmuyi/miniconda3/envs/llm_gs/lib/python3.9/site-packages/pygame/.dylibs/libSDL2-2.0.0.dylib (0x107529520) and /Users/linmuyi/miniconda3/envs/llm_gs/lib/python3.9/site-packages/cv2/.dylibs/libSDL2-2.0.0.dylib (0x16b4bcae8). This may cause spurious casting failures and mysterious crashes. One of the duplicates must be removed or renamed.
objc[75358]: Class SDL_VideoData is implemented in both /Users/linmuyi/miniconda3/envs/llm_gs/lib/python3.9/site-packages/pygame/.dylibs/libSDL2-2.0.0.dylib (0x107529570) and /Users/linmuyi/miniconda3/envs/llm_gs/lib/python3.9/site-packages/cv2/.dylibs/libSDL2-2.0.0.dylib (0x16b4bcb38). This may cause spurious casting failures and mysterious crashes. One of the duplicates must be removed or renamed.
objc[75358]: Class SDL_WindowData is implemented in both /Users/linmuyi/miniconda3/envs/llm_gs/lib/python3.9/site-packages/pygame/.dylibs/libSDL2-2.0.0.dylib (0x1075295c0) and /Users/linmuyi/miniconda3/envs/llm_gs/lib/python3.9/site-packages/cv2/.dylibs/libSDL2-2.0.0.dylib (0x16b4bcb88). This may cause spurious casting failures and mysterious crashes. One of the duplicates must be removed or renamed.
objc[75358]: Class SDLWindow is implemented in both /Users/linmuyi/miniconda3/envs/llm_gs/lib/python3.9/site-packages/pygame/.dylibs/libSDL2-2.0.0.dylib (0x1075295e8) and /Users/linmuyi/miniconda3/envs/llm_gs/lib/python3.9/site-packages/cv2/.dylibs/libSDL2-2.0.0.dylib (0x16b4bcbb0). This may cause spurious casting failures and mysterious crashes. One of the duplicates must be removed or renamed.
objc[75358]: Class Cocoa_WindowListener is implemented in both /Users/linmuyi/miniconda3/envs/llm_gs/lib/python3.9/site-packages/pygame/.dylibs/libSDL2-2.0.0.dylib (0x107529610) and /Users/linmuyi/miniconda3/envs/llm_gs/lib/python3.9/site-packages/cv2/.dylibs/libSDL2-2.0.0.dylib (0x16b4bcbd8). This may cause spurious casting failures and mysterious crashes. One of the duplicates must be removed or renamed.
objc[75358]: Class SDLView is implemented in both /Users/linmuyi/miniconda3/envs/llm_gs/lib/python3.9/site-packages/pygame/.dylibs/libSDL2-2.0.0.dylib (0x107529688) and /Users/linmuyi/miniconda3/envs/llm_gs/lib/python3.9/site-packages/cv2/.dylibs/libSDL2-2.0.0.dylib (0x16b4bcc50). This may cause spurious casting failures and mysterious crashes. One of the duplicates must be removed or renamed.
objc[75358]: Class METAL_RenderData is implemented in both /Users/linmuyi/miniconda3/envs/llm_gs/lib/python3.9/site-packages/pygame/.dylibs/libSDL2-2.0.0.dylib (0x107529700) and /Users/linmuyi/miniconda3/envs/llm_gs/lib/python3.9/site-packages/cv2/.dylibs/libSDL2-2.0.0.dylib (0x16b4bccc8). This may cause spurious casting failures and mysterious crashes. One of the duplicates must be removed or renamed.
objc[75358]: Class METAL_TextureData is implemented in both /Users/linmuyi/miniconda3/envs/llm_gs/lib/python3.9/site-packages/pygame/.dylibs/libSDL2-2.0.0.dylib (0x107529750) and /Users/linmuyi/miniconda3/envs/llm_gs/lib/python3.9/site-packages/cv2/.dylibs/libSDL2-2.0.0.dylib (0x16b4bcd18). This may cause spurious casting failures and mysterious crashes. One of the duplicates must be removed or renamed.
objc[75358]: Class SDL_RumbleMotor is implemented in both /Users/linmuyi/miniconda3/envs/llm_gs/lib/python3.9/site-packages/pygame/.dylibs/libSDL2-2.0.0.dylib (0x107529778) and /Users/linmuyi/miniconda3/envs/llm_gs/lib/python3.9/site-packages/cv2/.dylibs/libSDL2-2.0.0.dylib (0x16b4bcd40). This may cause spurious casting failures and mysterious crashes. One of the duplicates must be removed or renamed.
objc[75358]: Class SDL_RumbleContext is implemented in both /Users/linmuyi/miniconda3/envs/llm_gs/lib/python3.9/site-packages/pygame/.dylibs/libSDL2-2.0.0.dylib (0x1075297c8) and /Users/linmuyi/miniconda3/envs/llm_gs/lib/python3.9/site-packages/cv2/.dylibs/libSDL2-2.0.0.dylib (0x16b4bcd90). This may cause spurious casting failures and mysterious crashes. One of the duplicates must be removed or renamed.
[size_order] 1500000 steps, 30 checkpoints, curriculum

  steps=  50000  held=0.00  gate=0.00  bins=1/3  active= 30  (60s)
  steps= 100000  held=0.04  gate=0.18  bins=1/3  active= 30  (101s)
  steps= 150000  held=0.13  gate=0.21  bins=1/3  active= 30  (144s)
  steps= 200000  held=0.14  gate=0.21  bins=1/3  active= 30  (188s)
  steps= 250000  held=0.03  gate=0.17  bins=1/3  active= 30  (236s)
  steps= 300000  held=0.14  gate=0.17  bins=1/3  active= 30  (267s)
  steps= 350000  held=0.10  gate=0.28  bins=1/3  active= 30  (325s)
  steps= 400000  held=0.00  gate=0.00  bins=2/3  active= 60  [UNLOCK:deadline]  (388s)
  steps= 450000  held=0.02  gate=0.00  bins=2/3  active= 60  (449s)
  steps= 500000  held=0.03  gate=0.04  bins=2/3  active= 60  (485s)
  steps= 550000  held=0.06  gate=0.11  bins=2/3  active= 60  (544s)
  steps= 600000  held=0.08  gate=0.08  bins=2/3  active= 60  (586s)
  steps= 650000  held=0.06  gate=0.11  bins=2/3  active= 60  (652s)
  steps= 700000  held=0.10  gate=0.21  bins=2/3  active= 60  (709s)
  steps= 750000  held=0.08  gate=0.28  bins=2/3  active= 60  (741s)
  steps= 800000  held=0.51  gate=0.67  bins=3/3  active= 90  [UNLOCK:gate]  (788s)
  steps= 850000  held=0.44  gate=0.44  bins=3/3  active= 90  (829s)
  steps= 900000  held=0.34  gate=0.34  bins=3/3  active= 90  (874s)
  steps= 950000  held=0.40  gate=0.40  bins=3/3  active= 90  (923s)
  steps=1000000  held=0.19  gate=0.19  bins=3/3  active= 90  (975s)
  steps=1050000  held=0.20  gate=0.20  bins=3/3  active= 90  (1022s)
  steps=1100000  held=0.37  gate=0.37  bins=3/3  active= 90  (1072s)
  steps=1150000  held=0.31  gate=0.31  bins=3/3  active= 90  (1124s)
  steps=1200000  held=0.51  gate=0.51  bins=3/3  active= 90  (1167s)
  steps=1250000  held=0.65  gate=0.65  bins=3/3  active= 90  (1205s)
  steps=1300000  held=0.47  gate=0.47  bins=3/3  active= 90  (1250s)
  steps=1350000  held=0.59  gate=0.59  bins=3/3  active= 90  (1290s)
  steps=1400000  held=0.56  gate=0.56  bins=3/3  active= 90  (1329s)
  steps=1450000  held=0.05  gate=0.05  bins=3/3  active= 90  (1369s)
  steps=1500000  held=0.06  gate=0.06  bins=3/3  active= 90  (1416s)

[size_order] DONE  final held=0.06  steps_to_0.3=800,000  wall=1416s  -> size_order_seed11.json
[size_order] per-cell held: s9N1=0.19  s9N2=0.00  s9N3=0.06  s13N1=0.25  s13N2=0.00  s13N3=0.00  s17N1=0.06  s17N2=0.00  s17N3=0.00
