[size_order] train=90 layouts  held-out=36 layouts
objc[34607]: Class SDLApplication is implemented in both /Users/linmuyi/miniconda3/envs/llm_gs/lib/python3.9/site-packages/pygame/.dylibs/libSDL2-2.0.0.dylib (0x1031f12c8) and /Users/linmuyi/miniconda3/envs/llm_gs/lib/python3.9/site-packages/cv2/.dylibs/libSDL2-2.0.0.dylib (0x137cfc890). This may cause spurious casting failures and mysterious crashes. One of the duplicates must be removed or renamed.
objc[34607]: Class SDLAppDelegate is implemented in both /Users/linmuyi/miniconda3/envs/llm_gs/lib/python3.9/site-packages/pygame/.dylibs/libSDL2-2.0.0.dylib (0x1031f1318) and /Users/linmuyi/miniconda3/envs/llm_gs/lib/python3.9/site-packages/cv2/.dylibs/libSDL2-2.0.0.dylib (0x137cfc8e0). This may cause spurious casting failures and mysterious crashes. One of the duplicates must be removed or renamed.
objc[34607]: Class SDLTranslatorResponder is implemented in both /Users/linmuyi/miniconda3/envs/llm_gs/lib/python3.9/site-packages/pygame/.dylibs/libSDL2-2.0.0.dylib (0x1031f1390) and /Users/linmuyi/miniconda3/envs/llm_gs/lib/python3.9/site-packages/cv2/.dylibs/libSDL2-2.0.0.dylib (0x137cfc958). This may cause spurious casting failures and mysterious crashes. One of the duplicates must be removed or renamed.
objc[34607]: Class SDLMessageBoxPresenter is implemented in both /Users/linmuyi/miniconda3/envs/llm_gs/lib/python3.9/site-packages/pygame/.dylibs/libSDL2-2.0.0.dylib (0x1031f13b8) and /Users/linmuyi/miniconda3/envs/llm_gs/lib/python3.9/site-packages/cv2/.dylibs/libSDL2-2.0.0.dylib (0x137cfc980). This may cause spurious casting failures and mysterious crashes. One of the duplicates must be removed or renamed.
objc[34607]: Class SDL_cocoametalview is implemented in both /Users/linmuyi/miniconda3/envs/llm_gs/lib/python3.9/site-packages/pygame/.dylibs/libSDL2-2.0.0.dylib (0x1031f1408) and /Users/linmuyi/miniconda3/envs/llm_gs/lib/python3.9/site-packages/cv2/.dylibs/libSDL2-2.0.0.dylib (0x137cfc9d0). This may cause spurious casting failures and mysterious crashes. One of the duplicates must be removed or renamed.
objc[34607]: Class SDLOpenGLContext is implemented in both /Users/linmuyi/miniconda3/envs/llm_gs/lib/python3.9/site-packages/pygame/.dylibs/libSDL2-2.0.0.dylib (0x1031f1458) and /Users/linmuyi/miniconda3/envs/llm_gs/lib/python3.9/site-packages/cv2/.dylibs/libSDL2-2.0.0.dylib (0x137cfca20). This may cause spurious casting failures and mysterious crashes. One of the duplicates must be removed or renamed.
objc[34607]: Class SDL_ShapeData is implemented in both /Users/linmuyi/miniconda3/envs/llm_gs/lib/python3.9/site-packages/pygame/.dylibs/libSDL2-2.0.0.dylib (0x1031f14d0) and /Users/linmuyi/miniconda3/envs/llm_gs/lib/python3.9/site-packages/cv2/.dylibs/libSDL2-2.0.0.dylib (0x137cfca98). This may cause spurious casting failures and mysterious crashes. One of the duplicates must be removed or renamed.
objc[34607]: Class SDL_CocoaClosure is implemented in both /Users/linmuyi/miniconda3/envs/llm_gs/lib/python3.9/site-packages/pygame/.dylibs/libSDL2-2.0.0.dylib (0x1031f1520) and /Users/linmuyi/miniconda3/envs/llm_gs/lib/python3.9/site-packages/cv2/.dylibs/libSDL2-2.0.0.dylib (0x137cfcae8). This may cause spurious casting failures and mysterious crashes. One of the duplicates must be removed or renamed.
objc[34607]: Class SDL_VideoData is implemented in both /Users/linmuyi/miniconda3/envs/llm_gs/lib/python3.9/site-packages/pygame/.dylibs/libSDL2-2.0.0.dylib (0x1031f1570) and /Users/linmuyi/miniconda3/envs/llm_gs/lib/python3.9/site-packages/cv2/.dylibs/libSDL2-2.0.0.dylib (0x137cfcb38). This may cause spurious casting failures and mysterious crashes. One of the duplicates must be removed or renamed.
objc[34607]: Class SDL_WindowData is implemented in both /Users/linmuyi/miniconda3/envs/llm_gs/lib/python3.9/site-packages/pygame/.dylibs/libSDL2-2.0.0.dylib (0x1031f15c0) and /Users/linmuyi/miniconda3/envs/llm_gs/lib/python3.9/site-packages/cv2/.dylibs/libSDL2-2.0.0.dylib (0x137cfcb88). This may cause spurious casting failures and mysterious crashes. One of the duplicates must be removed or renamed.
objc[34607]: Class SDLWindow is implemented in both /Users/linmuyi/miniconda3/envs/llm_gs/lib/python3.9/site-packages/pygame/.dylibs/libSDL2-2.0.0.dylib (0x1031f15e8) and /Users/linmuyi/miniconda3/envs/llm_gs/lib/python3.9/site-packages/cv2/.dylibs/libSDL2-2.0.0.dylib (0x137cfcbb0). This may cause spurious casting failures and mysterious crashes. One of the duplicates must be removed or renamed.
objc[34607]: Class Cocoa_WindowListener is implemented in both /Users/linmuyi/miniconda3/envs/llm_gs/lib/python3.9/site-packages/pygame/.dylibs/libSDL2-2.0.0.dylib (0x1031f1610) and /Users/linmuyi/miniconda3/envs/llm_gs/lib/python3.9/site-packages/cv2/.dylibs/libSDL2-2.0.0.dylib (0x137cfcbd8). This may cause spurious casting failures and mysterious crashes. One of the duplicates must be removed or renamed.
objc[34607]: Class SDLView is implemented in both /Users/linmuyi/miniconda3/envs/llm_gs/lib/python3.9/site-packages/pygame/.dylibs/libSDL2-2.0.0.dylib (0x1031f1688) and /Users/linmuyi/miniconda3/envs/llm_gs/lib/python3.9/site-packages/cv2/.dylibs/libSDL2-2.0.0.dylib (0x137cfcc50). This may cause spurious casting failures and mysterious crashes. One of the duplicates must be removed or renamed.
objc[34607]: Class METAL_RenderData is implemented in both /Users/linmuyi/miniconda3/envs/llm_gs/lib/python3.9/site-packages/pygame/.dylibs/libSDL2-2.0.0.dylib (0x1031f1700) and /Users/linmuyi/miniconda3/envs/llm_gs/lib/python3.9/site-packages/cv2/.dylibs/libSDL2-2.0.0.dylib (0x137cfccc8). This may cause spurious casting failures and mysterious crashes. One of the duplicates must be removed or renamed.
objc[34607]: Class METAL_TextureData is implemented in both /Users/linmuyi/miniconda3/envs/llm_gs/lib/python3.9/site-packages/pygame/.dylibs/libSDL2-2.0.0.dylib (0x1031f1750) and /Users/linmuyi/miniconda3/envs/llm_gs/lib/python3.9/site-packages/cv2/.dylibs/libSDL2-2.0.0.dylib (0x137cfcd18). This may cause spurious casting failures and mysterious crashes. One of the duplicates must be removed or renamed.
objc[34607]: Class SDL_RumbleMotor is implemented in both /Users/linmuyi/miniconda3/envs/llm_gs/lib/python3.9/site-packages/pygame/.dylibs/libSDL2-2.0.0.dylib (0x1031f1778) and /Users/linmuyi/miniconda3/envs/llm_gs/lib/python3.9/site-packages/cv2/.dylibs/libSDL2-2.0.0.dylib (0x137cfcd40). This may cause spurious casting failures and mysterious crashes. One of the duplicates must be removed or renamed.
objc[34607]: Class SDL_RumbleContext is implemented in both /Users/linmuyi/miniconda3/envs/llm_gs/lib/python3.9/site-packages/pygame/.dylibs/libSDL2-2.0.0.dylib (0x1031f17c8) and /Users/linmuyi/miniconda3/envs/llm_gs/lib/python3.9/site-packages/cv2/.dylibs/libSDL2-2.0.0.dylib (0x137cfcd90). This may cause spurious casting failures and mysterious crashes. One of the duplicates must be removed or renamed.
[size_order] 1500000 steps, 30 checkpoints, curriculum

  steps=  50000  held=0.13  gate=0.10  bins=1/3  active= 30  (30s)
  steps= 100000  held=0.19  gate=0.32  bins=1/3  active= 30  (77s)
  steps= 150000  held=0.23  gate=0.36  bins=1/3  active= 30  (129s)
  steps= 200000  held=0.40  gate=0.62  bins=2/3  active= 60  [UNLOCK:gate]  (178s)
  steps= 250000  held=0.60  gate=0.43  bins=2/3  active= 60  (221s)
  steps= 300000  held=0.58  gate=0.65  bins=3/3  active= 90  [UNLOCK:gate]  (265s)
  steps= 350000  held=0.63  gate=0.63  bins=3/3  active= 90  (301s)
  steps= 400000  held=0.62  gate=0.62  bins=3/3  active= 90  (337s)
  steps= 450000  held=0.62  gate=0.62  bins=3/3  active= 90  (374s)
  steps= 500000  held=0.61  gate=0.61  bins=3/3  active= 90  (411s)
  steps= 550000  held=0.54  gate=0.54  bins=3/3  active= 90  (450s)
  steps= 600000  held=0.51  gate=0.51  bins=3/3  active= 90  (490s)
  steps= 650000  held=0.56  gate=0.56  bins=3/3  active= 90  (529s)
  steps= 700000  held=0.60  gate=0.60  bins=3/3  active= 90  (568s)
  steps= 750000  held=0.51  gate=0.51  bins=3/3  active= 90  (610s)
  steps= 800000  held=0.58  gate=0.58  bins=3/3  active= 90  (648s)
  steps= 850000  held=0.59  gate=0.59  bins=3/3  active= 90  (687s)
  steps= 900000  held=0.62  gate=0.62  bins=3/3  active= 90  (722s)
  steps= 950000  held=0.60  gate=0.60  bins=3/3  active= 90  (759s)
  steps=1000000  held=0.61  gate=0.61  bins=3/3  active= 90  (794s)
  steps=1050000  held=0.66  gate=0.66  bins=3/3  active= 90  (831s)
  steps=1100000  held=0.65  gate=0.65  bins=3/3  active= 90  (867s)
  steps=1150000  held=0.54  gate=0.54  bins=3/3  active= 90  (904s)
  steps=1200000  held=0.68  gate=0.68  bins=3/3  active= 90  (937s)
  steps=1250000  held=0.69  gate=0.69  bins=3/3  active= 90  (971s)
  steps=1300000  held=0.72  gate=0.72  bins=3/3  active= 90  (1005s)
  steps=1350000  held=0.59  gate=0.59  bins=3/3  active= 90  (1039s)
  steps=1400000  held=0.76  gate=0.76  bins=3/3  active= 90  (1072s)
  steps=1450000  held=0.76  gate=0.76  bins=3/3  active= 90  (1105s)
  steps=1500000  held=0.72  gate=0.72  bins=3/3  active= 90  (1138s)

[size_order] DONE  final held=0.72  steps_to_0.3=200,000  wall=1138s  -> size_order_seed4.json
[size_order] per-cell held: s9N1=1.00  s9N2=0.69  s9N3=0.50  s13N1=0.94  s13N2=0.75  s13N3=0.06  s17N1=1.00  s17N2=1.00  s17N3=0.56
