[flat] train=90 layouts  held-out=36 layouts
objc[56218]: Class SDLApplication is implemented in both /Users/linmuyi/miniconda3/envs/llm_gs/lib/python3.9/site-packages/pygame/.dylibs/libSDL2-2.0.0.dylib (0x11d14d2c8) and /Users/linmuyi/miniconda3/envs/llm_gs/lib/python3.9/site-packages/cv2/.dylibs/libSDL2-2.0.0.dylib (0x145b64890). This may cause spurious casting failures and mysterious crashes. One of the duplicates must be removed or renamed.
objc[56218]: Class SDLAppDelegate is implemented in both /Users/linmuyi/miniconda3/envs/llm_gs/lib/python3.9/site-packages/pygame/.dylibs/libSDL2-2.0.0.dylib (0x11d14d318) and /Users/linmuyi/miniconda3/envs/llm_gs/lib/python3.9/site-packages/cv2/.dylibs/libSDL2-2.0.0.dylib (0x145b648e0). This may cause spurious casting failures and mysterious crashes. One of the duplicates must be removed or renamed.
objc[56218]: Class SDLTranslatorResponder is implemented in both /Users/linmuyi/miniconda3/envs/llm_gs/lib/python3.9/site-packages/pygame/.dylibs/libSDL2-2.0.0.dylib (0x11d14d390) and /Users/linmuyi/miniconda3/envs/llm_gs/lib/python3.9/site-packages/cv2/.dylibs/libSDL2-2.0.0.dylib (0x145b64958). This may cause spurious casting failures and mysterious crashes. One of the duplicates must be removed or renamed.
objc[56218]: Class SDLMessageBoxPresenter is implemented in both /Users/linmuyi/miniconda3/envs/llm_gs/lib/python3.9/site-packages/pygame/.dylibs/libSDL2-2.0.0.dylib (0x11d14d3b8) and /Users/linmuyi/miniconda3/envs/llm_gs/lib/python3.9/site-packages/cv2/.dylibs/libSDL2-2.0.0.dylib (0x145b64980). This may cause spurious casting failures and mysterious crashes. One of the duplicates must be removed or renamed.
objc[56218]: Class SDL_cocoametalview is implemented in both /Users/linmuyi/miniconda3/envs/llm_gs/lib/python3.9/site-packages/pygame/.dylibs/libSDL2-2.0.0.dylib (0x11d14d408) and /Users/linmuyi/miniconda3/envs/llm_gs/lib/python3.9/site-packages/cv2/.dylibs/libSDL2-2.0.0.dylib (0x145b649d0). This may cause spurious casting failures and mysterious crashes. One of the duplicates must be removed or renamed.
objc[56218]: Class SDLOpenGLContext is implemented in both /Users/linmuyi/miniconda3/envs/llm_gs/lib/python3.9/site-packages/pygame/.dylibs/libSDL2-2.0.0.dylib (0x11d14d458) and /Users/linmuyi/miniconda3/envs/llm_gs/lib/python3.9/site-packages/cv2/.dylibs/libSDL2-2.0.0.dylib (0x145b64a20). This may cause spurious casting failures and mysterious crashes. One of the duplicates must be removed or renamed.
objc[56218]: Class SDL_ShapeData is implemented in both /Users/linmuyi/miniconda3/envs/llm_gs/lib/python3.9/site-packages/pygame/.dylibs/libSDL2-2.0.0.dylib (0x11d14d4d0) and /Users/linmuyi/miniconda3/envs/llm_gs/lib/python3.9/site-packages/cv2/.dylibs/libSDL2-2.0.0.dylib (0x145b64a98). This may cause spurious casting failures and mysterious crashes. One of the duplicates must be removed or renamed.
objc[56218]: Class SDL_CocoaClosure is implemented in both /Users/linmuyi/miniconda3/envs/llm_gs/lib/python3.9/site-packages/pygame/.dylibs/libSDL2-2.0.0.dylib (0x11d14d520) and /Users/linmuyi/miniconda3/envs/llm_gs/lib/python3.9/site-packages/cv2/.dylibs/libSDL2-2.0.0.dylib (0x145b64ae8). This may cause spurious casting failures and mysterious crashes. One of the duplicates must be removed or renamed.
objc[56218]: Class SDL_VideoData is implemented in both /Users/linmuyi/miniconda3/envs/llm_gs/lib/python3.9/site-packages/pygame/.dylibs/libSDL2-2.0.0.dylib (0x11d14d570) and /Users/linmuyi/miniconda3/envs/llm_gs/lib/python3.9/site-packages/cv2/.dylibs/libSDL2-2.0.0.dylib (0x145b64b38). This may cause spurious casting failures and mysterious crashes. One of the duplicates must be removed or renamed.
objc[56218]: Class SDL_WindowData is implemented in both /Users/linmuyi/miniconda3/envs/llm_gs/lib/python3.9/site-packages/pygame/.dylibs/libSDL2-2.0.0.dylib (0x11d14d5c0) and /Users/linmuyi/miniconda3/envs/llm_gs/lib/python3.9/site-packages/cv2/.dylibs/libSDL2-2.0.0.dylib (0x145b64b88). This may cause spurious casting failures and mysterious crashes. One of the duplicates must be removed or renamed.
objc[56218]: Class SDLWindow is implemented in both /Users/linmuyi/miniconda3/envs/llm_gs/lib/python3.9/site-packages/pygame/.dylibs/libSDL2-2.0.0.dylib (0x11d14d5e8) and /Users/linmuyi/miniconda3/envs/llm_gs/lib/python3.9/site-packages/cv2/.dylibs/libSDL2-2.0.0.dylib (0x145b64bb0). This may cause spurious casting failures and mysterious crashes. One of the duplicates must be removed or renamed.
objc[56218]: Class Cocoa_WindowListener is implemented in both /Users/linmuyi/miniconda3/envs/llm_gs/lib/python3.9/site-packages/pygame/.dylibs/libSDL2-2.0.0.dylib (0x11d14d610) and /Users/linmuyi/miniconda3/envs/llm_gs/lib/python3.9/site-packages/cv2/.dylibs/libSDL2-2.0.0.dylib (0x145b64bd8). This may cause spurious casting failures and mysterious crashes. One of the duplicates must be removed or renamed.
objc[56218]: Class SDLView is implemented in both /Users/linmuyi/miniconda3/envs/llm_gs/lib/python3.9/site-packages/pygame/.dylibs/libSDL2-2.0.0.dylib (0x11d14d688) and /Users/linmuyi/miniconda3/envs/llm_gs/lib/python3.9/site-packages/cv2/.dylibs/libSDL2-2.0.0.dylib (0x145b64c50). This may cause spurious casting failures and mysterious crashes. One of the duplicates must be removed or renamed.
objc[56218]: Class METAL_RenderData is implemented in both /Users/linmuyi/miniconda3/envs/llm_gs/lib/python3.9/site-packages/pygame/.dylibs/libSDL2-2.0.0.dylib (0x11d14d700) and /Users/linmuyi/miniconda3/envs/llm_gs/lib/python3.9/site-packages/cv2/.dylibs/libSDL2-2.0.0.dylib (0x145b64cc8). This may cause spurious casting failures and mysterious crashes. One of the duplicates must be removed or renamed.
objc[56218]: Class METAL_TextureData is implemented in both /Users/linmuyi/miniconda3/envs/llm_gs/lib/python3.9/site-packages/pygame/.dylibs/libSDL2-2.0.0.dylib (0x11d14d750) and /Users/linmuyi/miniconda3/envs/llm_gs/lib/python3.9/site-packages/cv2/.dylibs/libSDL2-2.0.0.dylib (0x145b64d18). This may cause spurious casting failures and mysterious crashes. One of the duplicates must be removed or renamed.
objc[56218]: Class SDL_RumbleMotor is implemented in both /Users/linmuyi/miniconda3/envs/llm_gs/lib/python3.9/site-packages/pygame/.dylibs/libSDL2-2.0.0.dylib (0x11d14d778) and /Users/linmuyi/miniconda3/envs/llm_gs/lib/python3.9/site-packages/cv2/.dylibs/libSDL2-2.0.0.dylib (0x145b64d40). This may cause spurious casting failures and mysterious crashes. One of the duplicates must be removed or renamed.
objc[56218]: Class SDL_RumbleContext is implemented in both /Users/linmuyi/miniconda3/envs/llm_gs/lib/python3.9/site-packages/pygame/.dylibs/libSDL2-2.0.0.dylib (0x11d14d7c8) and /Users/linmuyi/miniconda3/envs/llm_gs/lib/python3.9/site-packages/cv2/.dylibs/libSDL2-2.0.0.dylib (0x145b64d90). This may cause spurious casting failures and mysterious crashes. One of the duplicates must be removed or renamed.
[flat] 1500000 steps, 30 checkpoints, flat (no curriculum)

  steps=  50000  held=0.00  gate=0.00  bins=3/3  active= 90  (35s)
  steps= 100000  held=0.01  gate=0.01  bins=3/3  active= 90  (61s)
  steps= 150000  held=0.04  gate=0.04  bins=3/3  active= 90  (87s)
  steps= 200000  held=0.00  gate=0.00  bins=3/3  active= 90  (125s)
  steps= 250000  held=0.01  gate=0.01  bins=3/3  active= 90  (158s)
  steps= 300000  held=0.03  gate=0.03  bins=3/3  active= 90  (191s)
  steps= 350000  held=0.01  gate=0.01  bins=3/3  active= 90  (230s)
  steps= 400000  held=0.03  gate=0.03  bins=3/3  active= 90  (257s)
  steps= 450000  held=0.03  gate=0.03  bins=3/3  active= 90  (295s)
  steps= 500000  held=0.02  gate=0.02  bins=3/3  active= 90  (323s)
  steps= 550000  held=0.03  gate=0.03  bins=3/3  active= 90  (349s)
  steps= 600000  held=0.03  gate=0.03  bins=3/3  active= 90  (380s)
  steps= 650000  held=0.01  gate=0.01  bins=3/3  active= 90  (416s)
  steps= 700000  held=0.03  gate=0.03  bins=3/3  active= 90  (453s)
  steps= 750000  held=0.07  gate=0.07  bins=3/3  active= 90  (497s)
  steps= 800000  held=0.04  gate=0.04  bins=3/3  active= 90  (542s)
  steps= 850000  held=0.06  gate=0.06  bins=3/3  active= 90  (589s)
  steps= 900000  held=0.05  gate=0.05  bins=3/3  active= 90  (626s)
  steps= 950000  held=0.07  gate=0.07  bins=3/3  active= 90  (665s)
  steps=1000000  held=0.04  gate=0.04  bins=3/3  active= 90  (713s)
  steps=1050000  held=0.07  gate=0.07  bins=3/3  active= 90  (761s)
  steps=1100000  held=0.04  gate=0.04  bins=3/3  active= 90  (803s)
  steps=1150000  held=0.05  gate=0.05  bins=3/3  active= 90  (843s)
  steps=1200000  held=0.10  gate=0.10  bins=3/3  active= 90  (885s)
  steps=1250000  held=0.19  gate=0.19  bins=3/3  active= 90  (928s)
  steps=1300000  held=0.22  gate=0.22  bins=3/3  active= 90  (971s)
  steps=1350000  held=0.25  gate=0.25  bins=3/3  active= 90  (1014s)
  steps=1400000  held=0.43  gate=0.43  bins=3/3  active= 90  (1055s)
  steps=1450000  held=0.31  gate=0.31  bins=3/3  active= 90  (1099s)
  steps=1500000  held=0.29  gate=0.29  bins=3/3  active= 90  (1143s)

[flat] DONE  final held=0.29  steps_to_0.3=1,400,000  wall=1143s  -> flat_seed25.json
[flat] per-cell held: s9N1=0.25  s9N2=0.00  s9N3=0.00  s13N1=0.88  s13N2=0.44  s13N3=0.00  s17N1=0.50  s17N2=0.31  s17N3=0.25
