[size_order] train=90 layouts  held-out=36 layouts
objc[42988]: Class SDLApplication is implemented in both /Users/linmuyi/miniconda3/envs/llm_gs/lib/python3.9/site-packages/pygame/.dylibs/libSDL2-2.0.0.dylib (0x10b3ad2c8) and /Users/linmuyi/miniconda3/envs/llm_gs/lib/python3.9/site-packages/cv2/.dylibs/libSDL2-2.0.0.dylib (0x132420890). This may cause spurious casting failures and mysterious crashes. One of the duplicates must be removed or renamed.
objc[42988]: Class SDLAppDelegate is implemented in both /Users/linmuyi/miniconda3/envs/llm_gs/lib/python3.9/site-packages/pygame/.dylibs/libSDL2-2.0.0.dylib (0x10b3ad318) and /Users/linmuyi/miniconda3/envs/llm_gs/lib/python3.9/site-packages/cv2/.dylibs/libSDL2-2.0.0.dylib (0x1324208e0). This may cause spurious casting failures and mysterious crashes. One of the duplicates must be removed or renamed.
objc[42988]: Class SDLTranslatorResponder is implemented in both /Users/linmuyi/miniconda3/envs/llm_gs/lib/python3.9/site-packages/pygame/.dylibs/libSDL2-2.0.0.dylib (0x10b3ad390) and /Users/linmuyi/miniconda3/envs/llm_gs/lib/python3.9/site-packages/cv2/.dylibs/libSDL2-2.0.0.dylib (0x132420958). This may cause spurious casting failures and mysterious crashes. One of the duplicates must be removed or renamed.
objc[42988]: Class SDLMessageBoxPresenter is implemented in both /Users/linmuyi/miniconda3/envs/llm_gs/lib/python3.9/site-packages/pygame/.dylibs/libSDL2-2.0.0.dylib (0x10b3ad3b8) and /Users/linmuyi/miniconda3/envs/llm_gs/lib/python3.9/site-packages/cv2/.dylibs/libSDL2-2.0.0.dylib (0x132420980). This may cause spurious casting failures and mysterious crashes. One of the duplicates must be removed or renamed.
objc[42988]: Class SDL_cocoametalview is implemented in both /Users/linmuyi/miniconda3/envs/llm_gs/lib/python3.9/site-packages/pygame/.dylibs/libSDL2-2.0.0.dylib (0x10b3ad408) and /Users/linmuyi/miniconda3/envs/llm_gs/lib/python3.9/site-packages/cv2/.dylibs/libSDL2-2.0.0.dylib (0x1324209d0). This may cause spurious casting failures and mysterious crashes. One of the duplicates must be removed or renamed.
objc[42988]: Class SDLOpenGLContext is implemented in both /Users/linmuyi/miniconda3/envs/llm_gs/lib/python3.9/site-packages/pygame/.dylibs/libSDL2-2.0.0.dylib (0x10b3ad458) and /Users/linmuyi/miniconda3/envs/llm_gs/lib/python3.9/site-packages/cv2/.dylibs/libSDL2-2.0.0.dylib (0x132420a20). This may cause spurious casting failures and mysterious crashes. One of the duplicates must be removed or renamed.
objc[42988]: Class SDL_ShapeData is implemented in both /Users/linmuyi/miniconda3/envs/llm_gs/lib/python3.9/site-packages/pygame/.dylibs/libSDL2-2.0.0.dylib (0x10b3ad4d0) and /Users/linmuyi/miniconda3/envs/llm_gs/lib/python3.9/site-packages/cv2/.dylibs/libSDL2-2.0.0.dylib (0x132420a98). This may cause spurious casting failures and mysterious crashes. One of the duplicates must be removed or renamed.
objc[42988]: Class SDL_CocoaClosure is implemented in both /Users/linmuyi/miniconda3/envs/llm_gs/lib/python3.9/site-packages/pygame/.dylibs/libSDL2-2.0.0.dylib (0x10b3ad520) and /Users/linmuyi/miniconda3/envs/llm_gs/lib/python3.9/site-packages/cv2/.dylibs/libSDL2-2.0.0.dylib (0x132420ae8). This may cause spurious casting failures and mysterious crashes. One of the duplicates must be removed or renamed.
objc[42988]: Class SDL_VideoData is implemented in both /Users/linmuyi/miniconda3/envs/llm_gs/lib/python3.9/site-packages/pygame/.dylibs/libSDL2-2.0.0.dylib (0x10b3ad570) and /Users/linmuyi/miniconda3/envs/llm_gs/lib/python3.9/site-packages/cv2/.dylibs/libSDL2-2.0.0.dylib (0x132420b38). This may cause spurious casting failures and mysterious crashes. One of the duplicates must be removed or renamed.
objc[42988]: Class SDL_WindowData is implemented in both /Users/linmuyi/miniconda3/envs/llm_gs/lib/python3.9/site-packages/pygame/.dylibs/libSDL2-2.0.0.dylib (0x10b3ad5c0) and /Users/linmuyi/miniconda3/envs/llm_gs/lib/python3.9/site-packages/cv2/.dylibs/libSDL2-2.0.0.dylib (0x132420b88). This may cause spurious casting failures and mysterious crashes. One of the duplicates must be removed or renamed.
objc[42988]: Class SDLWindow is implemented in both /Users/linmuyi/miniconda3/envs/llm_gs/lib/python3.9/site-packages/pygame/.dylibs/libSDL2-2.0.0.dylib (0x10b3ad5e8) and /Users/linmuyi/miniconda3/envs/llm_gs/lib/python3.9/site-packages/cv2/.dylibs/libSDL2-2.0.0.dylib (0x132420bb0). This may cause spurious casting failures and mysterious crashes. One of the duplicates must be removed or renamed.
objc[42988]: Class Cocoa_WindowListener is implemented in both /Users/linmuyi/miniconda3/envs/llm_gs/lib/python3.9/site-packages/pygame/.dylibs/libSDL2-2.0.0.dylib (0x10b3ad610) and /Users/linmuyi/miniconda3/envs/llm_gs/lib/python3.9/site-packages/cv2/.dylibs/libSDL2-2.0.0.dylib (0x132420bd8). This may cause spurious casting failures and mysterious crashes. One of the duplicates must be removed or renamed.
objc[42988]: Class SDLView is implemented in both /Users/linmuyi/miniconda3/envs/llm_gs/lib/python3.9/site-packages/pygame/.dylibs/libSDL2-2.0.0.dylib (0x10b3ad688) and /Users/linmuyi/miniconda3/envs/llm_gs/lib/python3.9/site-packages/cv2/.dylibs/libSDL2-2.0.0.dylib (0x132420c50). This may cause spurious casting failures and mysterious crashes. One of the duplicates must be removed or renamed.
objc[42988]: Class METAL_RenderData is implemented in both /Users/linmuyi/miniconda3/envs/llm_gs/lib/python3.9/site-packages/pygame/.dylibs/libSDL2-2.0.0.dylib (0x10b3ad700) and /Users/linmuyi/miniconda3/envs/llm_gs/lib/python3.9/site-packages/cv2/.dylibs/libSDL2-2.0.0.dylib (0x132420cc8). This may cause spurious casting failures and mysterious crashes. One of the duplicates must be removed or renamed.
objc[42988]: Class METAL_TextureData is implemented in both /Users/linmuyi/miniconda3/envs/llm_gs/lib/python3.9/site-packages/pygame/.dylibs/libSDL2-2.0.0.dylib (0x10b3ad750) and /Users/linmuyi/miniconda3/envs/llm_gs/lib/python3.9/site-packages/cv2/.dylibs/libSDL2-2.0.0.dylib (0x132420d18). This may cause spurious casting failures and mysterious crashes. One of the duplicates must be removed or renamed.
objc[42988]: Class SDL_RumbleMotor is implemented in both /Users/linmuyi/miniconda3/envs/llm_gs/lib/python3.9/site-packages/pygame/.dylibs/libSDL2-2.0.0.dylib (0x10b3ad778) and /Users/linmuyi/miniconda3/envs/llm_gs/lib/python3.9/site-packages/cv2/.dylibs/libSDL2-2.0.0.dylib (0x132420d40). This may cause spurious casting failures and mysterious crashes. One of the duplicates must be removed or renamed.
objc[42988]: Class SDL_RumbleContext is implemented in both /Users/linmuyi/miniconda3/envs/llm_gs/lib/python3.9/site-packages/pygame/.dylibs/libSDL2-2.0.0.dylib (0x10b3ad7c8) and /Users/linmuyi/miniconda3/envs/llm_gs/lib/python3.9/site-packages/cv2/.dylibs/libSDL2-2.0.0.dylib (0x132420d90). This may cause spurious casting failures and mysterious crashes. One of the duplicates must be removed or renamed.
[size_order] 1500000 steps, 30 checkpoints, curriculum

  steps=  50000  held=0.04  gate=0.11  bins=1/3  active= 30  (31s)
  steps= 100000  held=0.14  gate=0.07  bins=1/3  active= 30  (81s)
  steps= 150000  held=0.06  gate=0.15  bins=1/3  active= 30  (137s)
  steps= 200000  held=0.15  gate=0.22  bins=1/3  active= 30  (188s)
  steps= 250000  held=0.18  gate=0.38  bins=1/3  active= 30  (240s)
  steps= 300000  held=0.28  gate=0.36  bins=1/3  active= 30  (287s)
  steps= 350000  held=0.49  gate=0.69  bins=2/3  active= 60  [UNLOCK:gate]  (331s)
  steps= 400000  held=0.53  gate=0.72  bins=3/3  active= 90  [UNLOCK:gate]  (372s)
  steps= 450000  held=0.51  gate=0.51  bins=3/3  active= 90  (410s)
  steps= 500000  held=0.56  gate=0.56  bins=3/3  active= 90  (448s)
  steps= 550000  held=0.46  gate=0.46  bins=3/3  active= 90  (490s)
  steps= 600000  held=0.42  gate=0.42  bins=3/3  active= 90  (534s)
  steps= 650000  held=0.62  gate=0.62  bins=3/3  active= 90  (573s)
  steps= 700000  held=0.53  gate=0.53  bins=3/3  active= 90  (613s)
  steps= 750000  held=0.52  gate=0.52  bins=3/3  active= 90  (655s)
  steps= 800000  held=0.58  gate=0.58  bins=3/3  active= 90  (696s)
  steps= 850000  held=0.65  gate=0.65  bins=3/3  active= 90  (734s)
  steps= 900000  held=0.67  gate=0.67  bins=3/3  active= 90  (770s)
  steps= 950000  held=0.62  gate=0.62  bins=3/3  active= 90  (808s)
  steps=1000000  held=0.58  gate=0.58  bins=3/3  active= 90  (845s)
  steps=1050000  held=0.62  gate=0.62  bins=3/3  active= 90  (884s)
  steps=1100000  held=0.61  gate=0.61  bins=3/3  active= 90  (927s)
  steps=1150000  held=0.77  gate=0.77  bins=3/3  active= 90  (963s)
  steps=1200000  held=0.74  gate=0.74  bins=3/3  active= 90  (1002s)
  steps=1250000  held=0.68  gate=0.68  bins=3/3  active= 90  (1039s)
  steps=1300000  held=0.42  gate=0.42  bins=3/3  active= 90  (1085s)
  steps=1350000  held=0.60  gate=0.60  bins=3/3  active= 90  (1124s)
  steps=1400000  held=0.70  gate=0.70  bins=3/3  active= 90  (1160s)
  steps=1450000  held=0.67  gate=0.67  bins=3/3  active= 90  (1197s)
  steps=1500000  held=0.55  gate=0.55  bins=3/3  active= 90  (1233s)

[size_order] DONE  final held=0.55  steps_to_0.3=350,000  wall=1233s  -> size_order_seed38.json
[size_order] per-cell held: s9N1=0.50  s9N2=0.50  s9N3=0.69  s13N1=0.75  s13N2=0.50  s13N3=0.25  s17N1=0.31  s17N2=0.81  s17N3=0.62
