[random_curriculum] train=90 layouts  held-out=36 layouts
objc[34856]: Class SDLApplication is implemented in both /Users/linmuyi/miniconda3/envs/llm_gs/lib/python3.9/site-packages/pygame/.dylibs/libSDL2-2.0.0.dylib (0x11494d2c8) and /Users/linmuyi/miniconda3/envs/llm_gs/lib/python3.9/site-packages/cv2/.dylibs/libSDL2-2.0.0.dylib (0x16ed10890). This may cause spurious casting failures and mysterious crashes. One of the duplicates must be removed or renamed.
objc[34856]: Class SDLAppDelegate is implemented in both /Users/linmuyi/miniconda3/envs/llm_gs/lib/python3.9/site-packages/pygame/.dylibs/libSDL2-2.0.0.dylib (0x11494d318) and /Users/linmuyi/miniconda3/envs/llm_gs/lib/python3.9/site-packages/cv2/.dylibs/libSDL2-2.0.0.dylib (0x16ed108e0). This may cause spurious casting failures and mysterious crashes. One of the duplicates must be removed or renamed.
objc[34856]: Class SDLTranslatorResponder is implemented in both /Users/linmuyi/miniconda3/envs/llm_gs/lib/python3.9/site-packages/pygame/.dylibs/libSDL2-2.0.0.dylib (0x11494d390) and /Users/linmuyi/miniconda3/envs/llm_gs/lib/python3.9/site-packages/cv2/.dylibs/libSDL2-2.0.0.dylib (0x16ed10958). This may cause spurious casting failures and mysterious crashes. One of the duplicates must be removed or renamed.
objc[34856]: Class SDLMessageBoxPresenter is implemented in both /Users/linmuyi/miniconda3/envs/llm_gs/lib/python3.9/site-packages/pygame/.dylibs/libSDL2-2.0.0.dylib (0x11494d3b8) and /Users/linmuyi/miniconda3/envs/llm_gs/lib/python3.9/site-packages/cv2/.dylibs/libSDL2-2.0.0.dylib (0x16ed10980). This may cause spurious casting failures and mysterious crashes. One of the duplicates must be removed or renamed.
objc[34856]: Class SDL_cocoametalview is implemented in both /Users/linmuyi/miniconda3/envs/llm_gs/lib/python3.9/site-packages/pygame/.dylibs/libSDL2-2.0.0.dylib (0x11494d408) and /Users/linmuyi/miniconda3/envs/llm_gs/lib/python3.9/site-packages/cv2/.dylibs/libSDL2-2.0.0.dylib (0x16ed109d0). This may cause spurious casting failures and mysterious crashes. One of the duplicates must be removed or renamed.
objc[34856]: Class SDLOpenGLContext is implemented in both /Users/linmuyi/miniconda3/envs/llm_gs/lib/python3.9/site-packages/pygame/.dylibs/libSDL2-2.0.0.dylib (0x11494d458) and /Users/linmuyi/miniconda3/envs/llm_gs/lib/python3.9/site-packages/cv2/.dylibs/libSDL2-2.0.0.dylib (0x16ed10a20). This may cause spurious casting failures and mysterious crashes. One of the duplicates must be removed or renamed.
objc[34856]: Class SDL_ShapeData is implemented in both /Users/linmuyi/miniconda3/envs/llm_gs/lib/python3.9/site-packages/pygame/.dylibs/libSDL2-2.0.0.dylib (0x11494d4d0) and /Users/linmuyi/miniconda3/envs/llm_gs/lib/python3.9/site-packages/cv2/.dylibs/libSDL2-2.0.0.dylib (0x16ed10a98). This may cause spurious casting failures and mysterious crashes. One of the duplicates must be removed or renamed.
objc[34856]: Class SDL_CocoaClosure is implemented in both /Users/linmuyi/miniconda3/envs/llm_gs/lib/python3.9/site-packages/pygame/.dylibs/libSDL2-2.0.0.dylib (0x11494d520) and /Users/linmuyi/miniconda3/envs/llm_gs/lib/python3.9/site-packages/cv2/.dylibs/libSDL2-2.0.0.dylib (0x16ed10ae8). This may cause spurious casting failures and mysterious crashes. One of the duplicates must be removed or renamed.
objc[34856]: Class SDL_VideoData is implemented in both /Users/linmuyi/miniconda3/envs/llm_gs/lib/python3.9/site-packages/pygame/.dylibs/libSDL2-2.0.0.dylib (0x11494d570) and /Users/linmuyi/miniconda3/envs/llm_gs/lib/python3.9/site-packages/cv2/.dylibs/libSDL2-2.0.0.dylib (0x16ed10b38). This may cause spurious casting failures and mysterious crashes. One of the duplicates must be removed or renamed.
objc[34856]: Class SDL_WindowData is implemented in both /Users/linmuyi/miniconda3/envs/llm_gs/lib/python3.9/site-packages/pygame/.dylibs/libSDL2-2.0.0.dylib (0x11494d5c0) and /Users/linmuyi/miniconda3/envs/llm_gs/lib/python3.9/site-packages/cv2/.dylibs/libSDL2-2.0.0.dylib (0x16ed10b88). This may cause spurious casting failures and mysterious crashes. One of the duplicates must be removed or renamed.
objc[34856]: Class SDLWindow is implemented in both /Users/linmuyi/miniconda3/envs/llm_gs/lib/python3.9/site-packages/pygame/.dylibs/libSDL2-2.0.0.dylib (0x11494d5e8) and /Users/linmuyi/miniconda3/envs/llm_gs/lib/python3.9/site-packages/cv2/.dylibs/libSDL2-2.0.0.dylib (0x16ed10bb0). This may cause spurious casting failures and mysterious crashes. One of the duplicates must be removed or renamed.
objc[34856]: Class Cocoa_WindowListener is implemented in both /Users/linmuyi/miniconda3/envs/llm_gs/lib/python3.9/site-packages/pygame/.dylibs/libSDL2-2.0.0.dylib (0x11494d610) and /Users/linmuyi/miniconda3/envs/llm_gs/lib/python3.9/site-packages/cv2/.dylibs/libSDL2-2.0.0.dylib (0x16ed10bd8). This may cause spurious casting failures and mysterious crashes. One of the duplicates must be removed or renamed.
objc[34856]: Class SDLView is implemented in both /Users/linmuyi/miniconda3/envs/llm_gs/lib/python3.9/site-packages/pygame/.dylibs/libSDL2-2.0.0.dylib (0x11494d688) and /Users/linmuyi/miniconda3/envs/llm_gs/lib/python3.9/site-packages/cv2/.dylibs/libSDL2-2.0.0.dylib (0x16ed10c50). This may cause spurious casting failures and mysterious crashes. One of the duplicates must be removed or renamed.
objc[34856]: Class METAL_RenderData is implemented in both /Users/linmuyi/miniconda3/envs/llm_gs/lib/python3.9/site-packages/pygame/.dylibs/libSDL2-2.0.0.dylib (0x11494d700) and /Users/linmuyi/miniconda3/envs/llm_gs/lib/python3.9/site-packages/cv2/.dylibs/libSDL2-2.0.0.dylib (0x16ed10cc8). This may cause spurious casting failures and mysterious crashes. One of the duplicates must be removed or renamed.
objc[34856]: Class METAL_TextureData is implemented in both /Users/linmuyi/miniconda3/envs/llm_gs/lib/python3.9/site-packages/pygame/.dylibs/libSDL2-2.0.0.dylib (0x11494d750) and /Users/linmuyi/miniconda3/envs/llm_gs/lib/python3.9/site-packages/cv2/.dylibs/libSDL2-2.0.0.dylib (0x16ed10d18). This may cause spurious casting failures and mysterious crashes. One of the duplicates must be removed or renamed.
objc[34856]: Class SDL_RumbleMotor is implemented in both /Users/linmuyi/miniconda3/envs/llm_gs/lib/python3.9/site-packages/pygame/.dylibs/libSDL2-2.0.0.dylib (0x11494d778) and /Users/linmuyi/miniconda3/envs/llm_gs/lib/python3.9/site-packages/cv2/.dylibs/libSDL2-2.0.0.dylib (0x16ed10d40). This may cause spurious casting failures and mysterious crashes. One of the duplicates must be removed or renamed.
objc[34856]: Class SDL_RumbleContext is implemented in both /Users/linmuyi/miniconda3/envs/llm_gs/lib/python3.9/site-packages/pygame/.dylibs/libSDL2-2.0.0.dylib (0x11494d7c8) and /Users/linmuyi/miniconda3/envs/llm_gs/lib/python3.9/site-packages/cv2/.dylibs/libSDL2-2.0.0.dylib (0x16ed10d90). This may cause spurious casting failures and mysterious crashes. One of the duplicates must be removed or renamed.
[random_curriculum] 1500000 steps, 30 checkpoints, curriculum

  steps=  50000  held=0.01  gate=0.00  bins=1/3  active= 30  (32s)
  steps= 100000  held=0.00  gate=0.00  bins=1/3  active= 30  (62s)
  steps= 150000  held=0.00  gate=0.00  bins=1/3  active= 30  (93s)
  steps= 200000  held=0.01  gate=0.00  bins=1/3  active= 30  (121s)
  steps= 250000  held=0.01  gate=0.00  bins=1/3  active= 30  (157s)
  steps= 300000  held=0.10  gate=0.06  bins=1/3  active= 30  (186s)
  steps= 350000  held=0.12  gate=0.00  bins=1/3  active= 30  (224s)
  steps= 400000  held=0.04  gate=0.04  bins=2/3  active= 60  [UNLOCK:deadline]  (263s)
  steps= 450000  held=0.01  gate=0.01  bins=2/3  active= 60  (311s)
  steps= 500000  held=0.03  gate=0.01  bins=2/3  active= 60  (351s)
  steps= 550000  held=0.04  gate=0.03  bins=2/3  active= 60  (379s)
  steps= 600000  held=0.12  gate=0.04  bins=2/3  active= 60  (426s)
  steps= 650000  held=0.12  gate=0.04  bins=2/3  active= 60  (463s)
  steps= 700000  held=0.10  gate=0.10  bins=2/3  active= 60  (519s)
  steps= 750000  held=0.12  gate=0.00  bins=2/3  active= 60  (571s)
  steps= 800000  held=0.08  gate=0.06  bins=3/3  active= 90  [UNLOCK:deadline]  (614s)
  steps= 850000  held=0.10  gate=0.10  bins=3/3  active= 90  (651s)
  steps= 900000  held=0.04  gate=0.04  bins=3/3  active= 90  (680s)
  steps= 950000  held=0.11  gate=0.11  bins=3/3  active= 90  (716s)
  steps=1000000  held=0.10  gate=0.10  bins=3/3  active= 90  (749s)
  steps=1050000  held=0.11  gate=0.11  bins=3/3  active= 90  (787s)
  steps=1100000  held=0.14  gate=0.14  bins=3/3  active= 90  (819s)
  steps=1150000  held=0.13  gate=0.13  bins=3/3  active= 90  (862s)
  steps=1200000  held=0.02  gate=0.02  bins=3/3  active= 90  (909s)
  steps=1250000  held=0.02  gate=0.02  bins=3/3  active= 90  (951s)
  steps=1300000  held=0.01  gate=0.01  bins=3/3  active= 90  (980s)
  steps=1350000  held=0.00  gate=0.00  bins=3/3  active= 90  (1027s)
  steps=1400000  held=0.00  gate=0.00  bins=3/3  active= 90  (1076s)
  steps=1450000  held=0.03  gate=0.03  bins=3/3  active= 90  (1108s)
  steps=1500000  held=0.03  gate=0.03  bins=3/3  active= 90  (1152s)

[random_curriculum] DONE  final held=0.03  steps_to_0.3=NOT REACHED  wall=1152s  -> random_curriculum_seed4.json
[random_curriculum] per-cell held: s9N1=0.00  s9N2=0.00  s9N3=0.00  s13N1=0.00  s13N2=0.00  s13N3=0.00  s17N1=0.00  s17N2=0.25  s17N3=0.00
