[flat] train=90 layouts  held-out=36 layouts
objc[87628]: Class SDLApplication is implemented in both /Users/linmuyi/miniconda3/envs/llm_gs/lib/python3.9/site-packages/pygame/.dylibs/libSDL2-2.0.0.dylib (0x1048ed2c8) and /Users/linmuyi/miniconda3/envs/llm_gs/lib/python3.9/site-packages/cv2/.dylibs/libSDL2-2.0.0.dylib (0x151d40890). This may cause spurious casting failures and mysterious crashes. One of the duplicates must be removed or renamed.
objc[87628]: Class SDLAppDelegate is implemented in both /Users/linmuyi/miniconda3/envs/llm_gs/lib/python3.9/site-packages/pygame/.dylibs/libSDL2-2.0.0.dylib (0x1048ed318) and /Users/linmuyi/miniconda3/envs/llm_gs/lib/python3.9/site-packages/cv2/.dylibs/libSDL2-2.0.0.dylib (0x151d408e0). This may cause spurious casting failures and mysterious crashes. One of the duplicates must be removed or renamed.
objc[87628]: Class SDLTranslatorResponder is implemented in both /Users/linmuyi/miniconda3/envs/llm_gs/lib/python3.9/site-packages/pygame/.dylibs/libSDL2-2.0.0.dylib (0x1048ed390) and /Users/linmuyi/miniconda3/envs/llm_gs/lib/python3.9/site-packages/cv2/.dylibs/libSDL2-2.0.0.dylib (0x151d40958). This may cause spurious casting failures and mysterious crashes. One of the duplicates must be removed or renamed.
objc[87628]: Class SDLMessageBoxPresenter is implemented in both /Users/linmuyi/miniconda3/envs/llm_gs/lib/python3.9/site-packages/pygame/.dylibs/libSDL2-2.0.0.dylib (0x1048ed3b8) and /Users/linmuyi/miniconda3/envs/llm_gs/lib/python3.9/site-packages/cv2/.dylibs/libSDL2-2.0.0.dylib (0x151d40980). This may cause spurious casting failures and mysterious crashes. One of the duplicates must be removed or renamed.
objc[87628]: Class SDL_cocoametalview is implemented in both /Users/linmuyi/miniconda3/envs/llm_gs/lib/python3.9/site-packages/pygame/.dylibs/libSDL2-2.0.0.dylib (0x1048ed408) and /Users/linmuyi/miniconda3/envs/llm_gs/lib/python3.9/site-packages/cv2/.dylibs/libSDL2-2.0.0.dylib (0x151d409d0). This may cause spurious casting failures and mysterious crashes. One of the duplicates must be removed or renamed.
objc[87628]: Class SDLOpenGLContext is implemented in both /Users/linmuyi/miniconda3/envs/llm_gs/lib/python3.9/site-packages/pygame/.dylibs/libSDL2-2.0.0.dylib (0x1048ed458) and /Users/linmuyi/miniconda3/envs/llm_gs/lib/python3.9/site-packages/cv2/.dylibs/libSDL2-2.0.0.dylib (0x151d40a20). This may cause spurious casting failures and mysterious crashes. One of the duplicates must be removed or renamed.
objc[87628]: Class SDL_ShapeData is implemented in both /Users/linmuyi/miniconda3/envs/llm_gs/lib/python3.9/site-packages/pygame/.dylibs/libSDL2-2.0.0.dylib (0x1048ed4d0) and /Users/linmuyi/miniconda3/envs/llm_gs/lib/python3.9/site-packages/cv2/.dylibs/libSDL2-2.0.0.dylib (0x151d40a98). This may cause spurious casting failures and mysterious crashes. One of the duplicates must be removed or renamed.
objc[87628]: Class SDL_CocoaClosure is implemented in both /Users/linmuyi/miniconda3/envs/llm_gs/lib/python3.9/site-packages/pygame/.dylibs/libSDL2-2.0.0.dylib (0x1048ed520) and /Users/linmuyi/miniconda3/envs/llm_gs/lib/python3.9/site-packages/cv2/.dylibs/libSDL2-2.0.0.dylib (0x151d40ae8). This may cause spurious casting failures and mysterious crashes. One of the duplicates must be removed or renamed.
objc[87628]: Class SDL_VideoData is implemented in both /Users/linmuyi/miniconda3/envs/llm_gs/lib/python3.9/site-packages/pygame/.dylibs/libSDL2-2.0.0.dylib (0x1048ed570) and /Users/linmuyi/miniconda3/envs/llm_gs/lib/python3.9/site-packages/cv2/.dylibs/libSDL2-2.0.0.dylib (0x151d40b38). This may cause spurious casting failures and mysterious crashes. One of the duplicates must be removed or renamed.
objc[87628]: Class SDL_WindowData is implemented in both /Users/linmuyi/miniconda3/envs/llm_gs/lib/python3.9/site-packages/pygame/.dylibs/libSDL2-2.0.0.dylib (0x1048ed5c0) and /Users/linmuyi/miniconda3/envs/llm_gs/lib/python3.9/site-packages/cv2/.dylibs/libSDL2-2.0.0.dylib (0x151d40b88). This may cause spurious casting failures and mysterious crashes. One of the duplicates must be removed or renamed.
objc[87628]: Class SDLWindow is implemented in both /Users/linmuyi/miniconda3/envs/llm_gs/lib/python3.9/site-packages/pygame/.dylibs/libSDL2-2.0.0.dylib (0x1048ed5e8) and /Users/linmuyi/miniconda3/envs/llm_gs/lib/python3.9/site-packages/cv2/.dylibs/libSDL2-2.0.0.dylib (0x151d40bb0). This may cause spurious casting failures and mysterious crashes. One of the duplicates must be removed or renamed.
objc[87628]: Class Cocoa_WindowListener is implemented in both /Users/linmuyi/miniconda3/envs/llm_gs/lib/python3.9/site-packages/pygame/.dylibs/libSDL2-2.0.0.dylib (0x1048ed610) and /Users/linmuyi/miniconda3/envs/llm_gs/lib/python3.9/site-packages/cv2/.dylibs/libSDL2-2.0.0.dylib (0x151d40bd8). This may cause spurious casting failures and mysterious crashes. One of the duplicates must be removed or renamed.
objc[87628]: Class SDLView is implemented in both /Users/linmuyi/miniconda3/envs/llm_gs/lib/python3.9/site-packages/pygame/.dylibs/libSDL2-2.0.0.dylib (0x1048ed688) and /Users/linmuyi/miniconda3/envs/llm_gs/lib/python3.9/site-packages/cv2/.dylibs/libSDL2-2.0.0.dylib (0x151d40c50). This may cause spurious casting failures and mysterious crashes. One of the duplicates must be removed or renamed.
objc[87628]: Class METAL_RenderData is implemented in both /Users/linmuyi/miniconda3/envs/llm_gs/lib/python3.9/site-packages/pygame/.dylibs/libSDL2-2.0.0.dylib (0x1048ed700) and /Users/linmuyi/miniconda3/envs/llm_gs/lib/python3.9/site-packages/cv2/.dylibs/libSDL2-2.0.0.dylib (0x151d40cc8). This may cause spurious casting failures and mysterious crashes. One of the duplicates must be removed or renamed.
objc[87628]: Class METAL_TextureData is implemented in both /Users/linmuyi/miniconda3/envs/llm_gs/lib/python3.9/site-packages/pygame/.dylibs/libSDL2-2.0.0.dylib (0x1048ed750) and /Users/linmuyi/miniconda3/envs/llm_gs/lib/python3.9/site-packages/cv2/.dylibs/libSDL2-2.0.0.dylib (0x151d40d18). This may cause spurious casting failures and mysterious crashes. One of the duplicates must be removed or renamed.
objc[87628]: Class SDL_RumbleMotor is implemented in both /Users/linmuyi/miniconda3/envs/llm_gs/lib/python3.9/site-packages/pygame/.dylibs/libSDL2-2.0.0.dylib (0x1048ed778) and /Users/linmuyi/miniconda3/envs/llm_gs/lib/python3.9/site-packages/cv2/.dylibs/libSDL2-2.0.0.dylib (0x151d40d40). This may cause spurious casting failures and mysterious crashes. One of the duplicates must be removed or renamed.
objc[87628]: Class SDL_RumbleContext is implemented in both /Users/linmuyi/miniconda3/envs/llm_gs/lib/python3.9/site-packages/pygame/.dylibs/libSDL2-2.0.0.dylib (0x1048ed7c8) and /Users/linmuyi/miniconda3/envs/llm_gs/lib/python3.9/site-packages/cv2/.dylibs/libSDL2-2.0.0.dylib (0x151d40d90). This may cause spurious casting failures and mysterious crashes. One of the duplicates must be removed or renamed.
[flat] 1500000 steps, 30 checkpoints, flat (no curriculum)

  steps=  50000  held=0.01  gate=0.01  bins=3/3  active= 90  (50s)
  steps= 100000  held=0.00  gate=0.00  bins=3/3  active= 90  (99s)
  steps= 150000  held=0.01  gate=0.01  bins=3/3  active= 90  (144s)
  steps= 200000  held=0.00  gate=0.00  bins=3/3  active= 90  (203s)
  steps= 250000  held=0.00  gate=0.00  bins=3/3  active= 90  (256s)
  steps= 300000  held=0.12  gate=0.12  bins=3/3  active= 90  (297s)
  steps= 350000  held=0.06  gate=0.06  bins=3/3  active= 90  (370s)
  steps= 400000  held=0.00  gate=0.00  bins=3/3  active= 90  (441s)
  steps= 450000  held=0.00  gate=0.00  bins=3/3  active= 90  (505s)
  steps= 500000  held=0.00  gate=0.00  bins=3/3  active= 90  (561s)
  steps= 550000  held=0.00  gate=0.00  bins=3/3  active= 90  (618s)
  steps= 600000  held=0.00  gate=0.00  bins=3/3  active= 90  (677s)
  steps= 650000  held=0.01  gate=0.01  bins=3/3  active= 90  (735s)
  steps= 700000  held=0.00  gate=0.00  bins=3/3  active= 90  (792s)
  steps= 750000  held=0.00  gate=0.00  bins=3/3  active= 90  (853s)
  steps= 800000  held=0.00  gate=0.00  bins=3/3  active= 90  (912s)
  steps= 850000  held=0.05  gate=0.05  bins=3/3  active= 90  (957s)
  steps= 900000  held=0.08  gate=0.08  bins=3/3  active= 90  (1024s)
  steps= 950000  held=0.00  gate=0.00  bins=3/3  active= 90  (1096s)
  steps=1000000  held=0.01  gate=0.01  bins=3/3  active= 90  (1149s)
  steps=1050000  held=0.01  gate=0.01  bins=3/3  active= 90  (1211s)
  steps=1100000  held=0.00  gate=0.00  bins=3/3  active= 90  (1277s)
  steps=1150000  held=0.00  gate=0.00  bins=3/3  active= 90  (1339s)
  steps=1200000  held=0.00  gate=0.00  bins=3/3  active= 90  (1398s)
  steps=1250000  held=0.01  gate=0.01  bins=3/3  active= 90  (1447s)
  steps=1300000  held=0.03  gate=0.03  bins=3/3  active= 90  (1511s)
  steps=1350000  held=0.01  gate=0.01  bins=3/3  active= 90  (1570s)
  steps=1400000  held=0.00  gate=0.00  bins=3/3  active= 90  (1628s)
  steps=1450000  held=0.00  gate=0.00  bins=3/3  active= 90  (1700s)
  steps=1500000  held=0.00  gate=0.00  bins=3/3  active= 90  (1762s)

[flat] DONE  final held=0.00  steps_to_0.3=NOT REACHED  wall=1762s  -> flat_seed29.json
[flat] per-cell held: s9N1=0.00  s9N2=0.00  s9N3=0.00  s13N1=0.00  s13N2=0.00  s13N3=0.00  s17N1=0.00  s17N2=0.00  s17N3=0.00
