[grader] train=90 layouts  held-out=36 layouts
objc[83136]: Class SDLApplication is implemented in both /Users/linmuyi/miniconda3/envs/llm_gs/lib/python3.9/site-packages/pygame/.dylibs/libSDL2-2.0.0.dylib (0x1133e12c8) and /Users/linmuyi/miniconda3/envs/llm_gs/lib/python3.9/site-packages/cv2/.dylibs/libSDL2-2.0.0.dylib (0x3266a0890). This may cause spurious casting failures and mysterious crashes. One of the duplicates must be removed or renamed.
objc[83136]: Class SDLAppDelegate is implemented in both /Users/linmuyi/miniconda3/envs/llm_gs/lib/python3.9/site-packages/pygame/.dylibs/libSDL2-2.0.0.dylib (0x1133e1318) and /Users/linmuyi/miniconda3/envs/llm_gs/lib/python3.9/site-packages/cv2/.dylibs/libSDL2-2.0.0.dylib (0x3266a08e0). This may cause spurious casting failures and mysterious crashes. One of the duplicates must be removed or renamed.
objc[83136]: Class SDLTranslatorResponder is implemented in both /Users/linmuyi/miniconda3/envs/llm_gs/lib/python3.9/site-packages/pygame/.dylibs/libSDL2-2.0.0.dylib (0x1133e1390) and /Users/linmuyi/miniconda3/envs/llm_gs/lib/python3.9/site-packages/cv2/.dylibs/libSDL2-2.0.0.dylib (0x3266a0958). This may cause spurious casting failures and mysterious crashes. One of the duplicates must be removed or renamed.
objc[83136]: Class SDLMessageBoxPresenter is implemented in both /Users/linmuyi/miniconda3/envs/llm_gs/lib/python3.9/site-packages/pygame/.dylibs/libSDL2-2.0.0.dylib (0x1133e13b8) and /Users/linmuyi/miniconda3/envs/llm_gs/lib/python3.9/site-packages/cv2/.dylibs/libSDL2-2.0.0.dylib (0x3266a0980). This may cause spurious casting failures and mysterious crashes. One of the duplicates must be removed or renamed.
objc[83136]: Class SDL_cocoametalview is implemented in both /Users/linmuyi/miniconda3/envs/llm_gs/lib/python3.9/site-packages/pygame/.dylibs/libSDL2-2.0.0.dylib (0x1133e1408) and /Users/linmuyi/miniconda3/envs/llm_gs/lib/python3.9/site-packages/cv2/.dylibs/libSDL2-2.0.0.dylib (0x3266a09d0). This may cause spurious casting failures and mysterious crashes. One of the duplicates must be removed or renamed.
objc[83136]: Class SDLOpenGLContext is implemented in both /Users/linmuyi/miniconda3/envs/llm_gs/lib/python3.9/site-packages/pygame/.dylibs/libSDL2-2.0.0.dylib (0x1133e1458) and /Users/linmuyi/miniconda3/envs/llm_gs/lib/python3.9/site-packages/cv2/.dylibs/libSDL2-2.0.0.dylib (0x3266a0a20). This may cause spurious casting failures and mysterious crashes. One of the duplicates must be removed or renamed.
objc[83136]: Class SDL_ShapeData is implemented in both /Users/linmuyi/miniconda3/envs/llm_gs/lib/python3.9/site-packages/pygame/.dylibs/libSDL2-2.0.0.dylib (0x1133e14d0) and /Users/linmuyi/miniconda3/envs/llm_gs/lib/python3.9/site-packages/cv2/.dylibs/libSDL2-2.0.0.dylib (0x3266a0a98). This may cause spurious casting failures and mysterious crashes. One of the duplicates must be removed or renamed.
objc[83136]: Class SDL_CocoaClosure is implemented in both /Users/linmuyi/miniconda3/envs/llm_gs/lib/python3.9/site-packages/pygame/.dylibs/libSDL2-2.0.0.dylib (0x1133e1520) and /Users/linmuyi/miniconda3/envs/llm_gs/lib/python3.9/site-packages/cv2/.dylibs/libSDL2-2.0.0.dylib (0x3266a0ae8). This may cause spurious casting failures and mysterious crashes. One of the duplicates must be removed or renamed.
objc[83136]: Class SDL_VideoData is implemented in both /Users/linmuyi/miniconda3/envs/llm_gs/lib/python3.9/site-packages/pygame/.dylibs/libSDL2-2.0.0.dylib (0x1133e1570) and /Users/linmuyi/miniconda3/envs/llm_gs/lib/python3.9/site-packages/cv2/.dylibs/libSDL2-2.0.0.dylib (0x3266a0b38). This may cause spurious casting failures and mysterious crashes. One of the duplicates must be removed or renamed.
objc[83136]: Class SDL_WindowData is implemented in both /Users/linmuyi/miniconda3/envs/llm_gs/lib/python3.9/site-packages/pygame/.dylibs/libSDL2-2.0.0.dylib (0x1133e15c0) and /Users/linmuyi/miniconda3/envs/llm_gs/lib/python3.9/site-packages/cv2/.dylibs/libSDL2-2.0.0.dylib (0x3266a0b88). This may cause spurious casting failures and mysterious crashes. One of the duplicates must be removed or renamed.
objc[83136]: Class SDLWindow is implemented in both /Users/linmuyi/miniconda3/envs/llm_gs/lib/python3.9/site-packages/pygame/.dylibs/libSDL2-2.0.0.dylib (0x1133e15e8) and /Users/linmuyi/miniconda3/envs/llm_gs/lib/python3.9/site-packages/cv2/.dylibs/libSDL2-2.0.0.dylib (0x3266a0bb0). This may cause spurious casting failures and mysterious crashes. One of the duplicates must be removed or renamed.
objc[83136]: Class Cocoa_WindowListener is implemented in both /Users/linmuyi/miniconda3/envs/llm_gs/lib/python3.9/site-packages/pygame/.dylibs/libSDL2-2.0.0.dylib (0x1133e1610) and /Users/linmuyi/miniconda3/envs/llm_gs/lib/python3.9/site-packages/cv2/.dylibs/libSDL2-2.0.0.dylib (0x3266a0bd8). This may cause spurious casting failures and mysterious crashes. One of the duplicates must be removed or renamed.
objc[83136]: Class SDLView is implemented in both /Users/linmuyi/miniconda3/envs/llm_gs/lib/python3.9/site-packages/pygame/.dylibs/libSDL2-2.0.0.dylib (0x1133e1688) and /Users/linmuyi/miniconda3/envs/llm_gs/lib/python3.9/site-packages/cv2/.dylibs/libSDL2-2.0.0.dylib (0x3266a0c50). This may cause spurious casting failures and mysterious crashes. One of the duplicates must be removed or renamed.
objc[83136]: Class METAL_RenderData is implemented in both /Users/linmuyi/miniconda3/envs/llm_gs/lib/python3.9/site-packages/pygame/.dylibs/libSDL2-2.0.0.dylib (0x1133e1700) and /Users/linmuyi/miniconda3/envs/llm_gs/lib/python3.9/site-packages/cv2/.dylibs/libSDL2-2.0.0.dylib (0x3266a0cc8). This may cause spurious casting failures and mysterious crashes. One of the duplicates must be removed or renamed.
objc[83136]: Class METAL_TextureData is implemented in both /Users/linmuyi/miniconda3/envs/llm_gs/lib/python3.9/site-packages/pygame/.dylibs/libSDL2-2.0.0.dylib (0x1133e1750) and /Users/linmuyi/miniconda3/envs/llm_gs/lib/python3.9/site-packages/cv2/.dylibs/libSDL2-2.0.0.dylib (0x3266a0d18). This may cause spurious casting failures and mysterious crashes. One of the duplicates must be removed or renamed.
objc[83136]: Class SDL_RumbleMotor is implemented in both /Users/linmuyi/miniconda3/envs/llm_gs/lib/python3.9/site-packages/pygame/.dylibs/libSDL2-2.0.0.dylib (0x1133e1778) and /Users/linmuyi/miniconda3/envs/llm_gs/lib/python3.9/site-packages/cv2/.dylibs/libSDL2-2.0.0.dylib (0x3266a0d40). This may cause spurious casting failures and mysterious crashes. One of the duplicates must be removed or renamed.
objc[83136]: Class SDL_RumbleContext is implemented in both /Users/linmuyi/miniconda3/envs/llm_gs/lib/python3.9/site-packages/pygame/.dylibs/libSDL2-2.0.0.dylib (0x1133e17c8) and /Users/linmuyi/miniconda3/envs/llm_gs/lib/python3.9/site-packages/cv2/.dylibs/libSDL2-2.0.0.dylib (0x3266a0d90). This may cause spurious casting failures and mysterious crashes. One of the duplicates must be removed or renamed.
[grader] 1500000 steps, 30 checkpoints, curriculum

  steps=  50000  held=0.00  gate=0.01  bins=1/3  active= 30  (52s)
  steps= 100000  held=0.00  gate=0.01  bins=1/3  active= 30  (99s)
  steps= 150000  held=0.00  gate=0.01  bins=1/3  active= 30  (153s)
  steps= 200000  held=0.01  gate=0.00  bins=1/3  active= 30  (201s)
  steps= 250000  held=0.00  gate=0.00  bins=1/3  active= 30  (260s)
  steps= 300000  held=0.00  gate=0.00  bins=1/3  active= 30  (329s)
  steps= 350000  held=0.00  gate=0.00  bins=1/3  active= 30  (383s)
  steps= 400000  held=0.01  gate=0.11  bins=2/3  active= 60  [UNLOCK:deadline]  (442s)
  steps= 450000  held=0.02  gate=0.00  bins=2/3  active= 60  (511s)
  steps= 500000  held=0.03  gate=0.00  bins=2/3  active= 60  (588s)
  steps= 550000  held=0.01  gate=0.01  bins=2/3  active= 60  (667s)
  steps= 600000  held=0.01  gate=0.00  bins=2/3  active= 60  (744s)
  steps= 650000  held=0.01  gate=0.00  bins=2/3  active= 60  (826s)
  steps= 700000  held=0.00  gate=0.01  bins=2/3  active= 60  (909s)
  steps= 750000  held=0.00  gate=0.04  bins=2/3  active= 60  (988s)
  steps= 800000  held=0.00  gate=0.06  bins=3/3  active= 90  [UNLOCK:deadline]  (1069s)
  steps= 850000  held=0.00  gate=0.00  bins=3/3  active= 90  (1133s)
  steps= 900000  held=0.00  gate=0.00  bins=3/3  active= 90  (1196s)
  steps= 950000  held=0.00  gate=0.00  bins=3/3  active= 90  (1261s)
  steps=1000000  held=0.01  gate=0.01  bins=3/3  active= 90  (1329s)
  steps=1050000  held=0.00  gate=0.00  bins=3/3  active= 90  (1398s)
  steps=1100000  held=0.01  gate=0.01  bins=3/3  active= 90  (1470s)
  steps=1150000  held=0.00  gate=0.00  bins=3/3  active= 90  (1537s)
  steps=1200000  held=0.03  gate=0.03  bins=3/3  active= 90  (1610s)
  steps=1250000  held=0.03  gate=0.03  bins=3/3  active= 90  (1684s)
  steps=1300000  held=0.00  gate=0.00  bins=3/3  active= 90  (1760s)
  steps=1350000  held=0.00  gate=0.00  bins=3/3  active= 90  (1846s)
  steps=1400000  held=0.00  gate=0.00  bins=3/3  active= 90  (1930s)
  steps=1450000  held=0.00  gate=0.00  bins=3/3  active= 90  (2013s)
  steps=1500000  held=0.00  gate=0.00  bins=3/3  active= 90  (2093s)

[grader] DONE  final held=0.00  steps_to_0.3=NOT REACHED  wall=2093s  -> grader_seed28.json
[grader] per-cell held: s9N1=0.00  s9N2=0.00  s9N3=0.00  s13N1=0.00  s13N2=0.00  s13N3=0.00  s17N1=0.00  s17N2=0.00  s17N3=0.00
