[size_order] train=90 layouts  held-out=36 layouts
objc[65059]: Class SDLApplication is implemented in both /Users/linmuyi/miniconda3/envs/llm_gs/lib/python3.9/site-packages/pygame/.dylibs/libSDL2-2.0.0.dylib (0x1034992c8) and /Users/linmuyi/miniconda3/envs/llm_gs/lib/python3.9/site-packages/cv2/.dylibs/libSDL2-2.0.0.dylib (0x137f34890). This may cause spurious casting failures and mysterious crashes. One of the duplicates must be removed or renamed.
objc[65059]: Class SDLAppDelegate is implemented in both /Users/linmuyi/miniconda3/envs/llm_gs/lib/python3.9/site-packages/pygame/.dylibs/libSDL2-2.0.0.dylib (0x103499318) and /Users/linmuyi/miniconda3/envs/llm_gs/lib/python3.9/site-packages/cv2/.dylibs/libSDL2-2.0.0.dylib (0x137f348e0). This may cause spurious casting failures and mysterious crashes. One of the duplicates must be removed or renamed.
objc[65059]: Class SDLTranslatorResponder is implemented in both /Users/linmuyi/miniconda3/envs/llm_gs/lib/python3.9/site-packages/pygame/.dylibs/libSDL2-2.0.0.dylib (0x103499390) and /Users/linmuyi/miniconda3/envs/llm_gs/lib/python3.9/site-packages/cv2/.dylibs/libSDL2-2.0.0.dylib (0x137f34958). This may cause spurious casting failures and mysterious crashes. One of the duplicates must be removed or renamed.
objc[65059]: Class SDLMessageBoxPresenter is implemented in both /Users/linmuyi/miniconda3/envs/llm_gs/lib/python3.9/site-packages/pygame/.dylibs/libSDL2-2.0.0.dylib (0x1034993b8) and /Users/linmuyi/miniconda3/envs/llm_gs/lib/python3.9/site-packages/cv2/.dylibs/libSDL2-2.0.0.dylib (0x137f34980). This may cause spurious casting failures and mysterious crashes. One of the duplicates must be removed or renamed.
objc[65059]: Class SDL_cocoametalview is implemented in both /Users/linmuyi/miniconda3/envs/llm_gs/lib/python3.9/site-packages/pygame/.dylibs/libSDL2-2.0.0.dylib (0x103499408) and /Users/linmuyi/miniconda3/envs/llm_gs/lib/python3.9/site-packages/cv2/.dylibs/libSDL2-2.0.0.dylib (0x137f349d0). This may cause spurious casting failures and mysterious crashes. One of the duplicates must be removed or renamed.
objc[65059]: Class SDLOpenGLContext is implemented in both /Users/linmuyi/miniconda3/envs/llm_gs/lib/python3.9/site-packages/pygame/.dylibs/libSDL2-2.0.0.dylib (0x103499458) and /Users/linmuyi/miniconda3/envs/llm_gs/lib/python3.9/site-packages/cv2/.dylibs/libSDL2-2.0.0.dylib (0x137f34a20). This may cause spurious casting failures and mysterious crashes. One of the duplicates must be removed or renamed.
objc[65059]: Class SDL_ShapeData is implemented in both /Users/linmuyi/miniconda3/envs/llm_gs/lib/python3.9/site-packages/pygame/.dylibs/libSDL2-2.0.0.dylib (0x1034994d0) and /Users/linmuyi/miniconda3/envs/llm_gs/lib/python3.9/site-packages/cv2/.dylibs/libSDL2-2.0.0.dylib (0x137f34a98). This may cause spurious casting failures and mysterious crashes. One of the duplicates must be removed or renamed.
objc[65059]: Class SDL_CocoaClosure is implemented in both /Users/linmuyi/miniconda3/envs/llm_gs/lib/python3.9/site-packages/pygame/.dylibs/libSDL2-2.0.0.dylib (0x103499520) and /Users/linmuyi/miniconda3/envs/llm_gs/lib/python3.9/site-packages/cv2/.dylibs/libSDL2-2.0.0.dylib (0x137f34ae8). This may cause spurious casting failures and mysterious crashes. One of the duplicates must be removed or renamed.
objc[65059]: Class SDL_VideoData is implemented in both /Users/linmuyi/miniconda3/envs/llm_gs/lib/python3.9/site-packages/pygame/.dylibs/libSDL2-2.0.0.dylib (0x103499570) and /Users/linmuyi/miniconda3/envs/llm_gs/lib/python3.9/site-packages/cv2/.dylibs/libSDL2-2.0.0.dylib (0x137f34b38). This may cause spurious casting failures and mysterious crashes. One of the duplicates must be removed or renamed.
objc[65059]: Class SDL_WindowData is implemented in both /Users/linmuyi/miniconda3/envs/llm_gs/lib/python3.9/site-packages/pygame/.dylibs/libSDL2-2.0.0.dylib (0x1034995c0) and /Users/linmuyi/miniconda3/envs/llm_gs/lib/python3.9/site-packages/cv2/.dylibs/libSDL2-2.0.0.dylib (0x137f34b88). This may cause spurious casting failures and mysterious crashes. One of the duplicates must be removed or renamed.
objc[65059]: Class SDLWindow is implemented in both /Users/linmuyi/miniconda3/envs/llm_gs/lib/python3.9/site-packages/pygame/.dylibs/libSDL2-2.0.0.dylib (0x1034995e8) and /Users/linmuyi/miniconda3/envs/llm_gs/lib/python3.9/site-packages/cv2/.dylibs/libSDL2-2.0.0.dylib (0x137f34bb0). This may cause spurious casting failures and mysterious crashes. One of the duplicates must be removed or renamed.
objc[65059]: Class Cocoa_WindowListener is implemented in both /Users/linmuyi/miniconda3/envs/llm_gs/lib/python3.9/site-packages/pygame/.dylibs/libSDL2-2.0.0.dylib (0x103499610) and /Users/linmuyi/miniconda3/envs/llm_gs/lib/python3.9/site-packages/cv2/.dylibs/libSDL2-2.0.0.dylib (0x137f34bd8). This may cause spurious casting failures and mysterious crashes. One of the duplicates must be removed or renamed.
objc[65059]: Class SDLView is implemented in both /Users/linmuyi/miniconda3/envs/llm_gs/lib/python3.9/site-packages/pygame/.dylibs/libSDL2-2.0.0.dylib (0x103499688) and /Users/linmuyi/miniconda3/envs/llm_gs/lib/python3.9/site-packages/cv2/.dylibs/libSDL2-2.0.0.dylib (0x137f34c50). This may cause spurious casting failures and mysterious crashes. One of the duplicates must be removed or renamed.
objc[65059]: Class METAL_RenderData is implemented in both /Users/linmuyi/miniconda3/envs/llm_gs/lib/python3.9/site-packages/pygame/.dylibs/libSDL2-2.0.0.dylib (0x103499700) and /Users/linmuyi/miniconda3/envs/llm_gs/lib/python3.9/site-packages/cv2/.dylibs/libSDL2-2.0.0.dylib (0x137f34cc8). This may cause spurious casting failures and mysterious crashes. One of the duplicates must be removed or renamed.
objc[65059]: Class METAL_TextureData is implemented in both /Users/linmuyi/miniconda3/envs/llm_gs/lib/python3.9/site-packages/pygame/.dylibs/libSDL2-2.0.0.dylib (0x103499750) and /Users/linmuyi/miniconda3/envs/llm_gs/lib/python3.9/site-packages/cv2/.dylibs/libSDL2-2.0.0.dylib (0x137f34d18). This may cause spurious casting failures and mysterious crashes. One of the duplicates must be removed or renamed.
objc[65059]: Class SDL_RumbleMotor is implemented in both /Users/linmuyi/miniconda3/envs/llm_gs/lib/python3.9/site-packages/pygame/.dylibs/libSDL2-2.0.0.dylib (0x103499778) and /Users/linmuyi/miniconda3/envs/llm_gs/lib/python3.9/site-packages/cv2/.dylibs/libSDL2-2.0.0.dylib (0x137f34d40). This may cause spurious casting failures and mysterious crashes. One of the duplicates must be removed or renamed.
objc[65059]: Class SDL_RumbleContext is implemented in both /Users/linmuyi/miniconda3/envs/llm_gs/lib/python3.9/site-packages/pygame/.dylibs/libSDL2-2.0.0.dylib (0x1034997c8) and /Users/linmuyi/miniconda3/envs/llm_gs/lib/python3.9/site-packages/cv2/.dylibs/libSDL2-2.0.0.dylib (0x137f34d90). This may cause spurious casting failures and mysterious crashes. One of the duplicates must be removed or renamed.
[size_order] 1500000 steps, 30 checkpoints, curriculum

  steps=  50000  held=0.00  gate=0.00  bins=1/3  active= 30  (43s)
  steps= 100000  held=0.01  gate=0.00  bins=1/3  active= 30  (78s)
  steps= 150000  held=0.00  gate=0.01  bins=1/3  active= 30  (112s)
  steps= 200000  held=0.00  gate=0.01  bins=1/3  active= 30  (164s)
  steps= 250000  held=0.00  gate=0.00  bins=1/3  active= 30  (221s)
  steps= 300000  held=0.00  gate=0.00  bins=1/3  active= 30  (276s)
  steps= 350000  held=0.09  gate=0.10  bins=1/3  active= 30  (328s)
  steps= 400000  held=0.14  gate=0.17  bins=2/3  active= 60  [UNLOCK:deadline]  (370s)
  steps= 450000  held=0.04  gate=0.04  bins=2/3  active= 60  (433s)
  steps= 500000  held=0.01  gate=0.04  bins=2/3  active= 60  (484s)
  steps= 550000  held=0.01  gate=0.00  bins=2/3  active= 60  (548s)
  steps= 600000  held=0.00  gate=0.01  bins=2/3  active= 60  (608s)
  steps= 650000  held=0.00  gate=0.00  bins=2/3  active= 60  (668s)
  steps= 700000  held=0.01  gate=0.00  bins=2/3  active= 60  (733s)
  steps= 750000  held=0.01  gate=0.01  bins=2/3  active= 60  (793s)
  steps= 800000  held=0.00  gate=0.03  bins=3/3  active= 90  [UNLOCK:deadline]  (839s)
  steps= 850000  held=0.00  gate=0.00  bins=3/3  active= 90  (888s)
  steps= 900000  held=0.00  gate=0.00  bins=3/3  active= 90  (943s)
  steps= 950000  held=0.00  gate=0.00  bins=3/3  active= 90  (992s)
  steps=1000000  held=0.01  gate=0.01  bins=3/3  active= 90  (1036s)
  steps=1050000  held=0.00  gate=0.00  bins=3/3  active= 90  (1090s)
  steps=1100000  held=0.00  gate=0.00  bins=3/3  active= 90  (1139s)
  steps=1150000  held=0.00  gate=0.00  bins=3/3  active= 90  (1185s)
  steps=1200000  held=0.00  gate=0.00  bins=3/3  active= 90  (1237s)
  steps=1250000  held=0.00  gate=0.00  bins=3/3  active= 90  (1282s)
  steps=1300000  held=0.00  gate=0.00  bins=3/3  active= 90  (1330s)
  steps=1350000  held=0.01  gate=0.01  bins=3/3  active= 90  (1371s)
  steps=1400000  held=0.00  gate=0.00  bins=3/3  active= 90  (1411s)
  steps=1450000  held=0.00  gate=0.00  bins=3/3  active= 90  (1481s)
  steps=1500000  held=0.00  gate=0.00  bins=3/3  active= 90  (1554s)

[size_order] DONE  final held=0.00  steps_to_0.3=NOT REACHED  wall=1554s  -> size_order_seed9.json
[size_order] per-cell held: s9N1=0.00  s9N2=0.00  s9N3=0.00  s13N1=0.00  s13N2=0.00  s13N3=0.00  s17N1=0.00  s17N2=0.00  s17N3=0.00
