[random_curriculum] train=90 layouts  held-out=36 layouts
objc[44928]: Class SDLApplication is implemented in both /Users/linmuyi/miniconda3/envs/llm_gs/lib/python3.9/site-packages/pygame/.dylibs/libSDL2-2.0.0.dylib (0x10b94d2c8) and /Users/linmuyi/miniconda3/envs/llm_gs/lib/python3.9/site-packages/cv2/.dylibs/libSDL2-2.0.0.dylib (0x13d4f8890). This may cause spurious casting failures and mysterious crashes. One of the duplicates must be removed or renamed.
objc[44928]: Class SDLAppDelegate is implemented in both /Users/linmuyi/miniconda3/envs/llm_gs/lib/python3.9/site-packages/pygame/.dylibs/libSDL2-2.0.0.dylib (0x10b94d318) and /Users/linmuyi/miniconda3/envs/llm_gs/lib/python3.9/site-packages/cv2/.dylibs/libSDL2-2.0.0.dylib (0x13d4f88e0). This may cause spurious casting failures and mysterious crashes. One of the duplicates must be removed or renamed.
objc[44928]: Class SDLTranslatorResponder is implemented in both /Users/linmuyi/miniconda3/envs/llm_gs/lib/python3.9/site-packages/pygame/.dylibs/libSDL2-2.0.0.dylib (0x10b94d390) and /Users/linmuyi/miniconda3/envs/llm_gs/lib/python3.9/site-packages/cv2/.dylibs/libSDL2-2.0.0.dylib (0x13d4f8958). This may cause spurious casting failures and mysterious crashes. One of the duplicates must be removed or renamed.
objc[44928]: Class SDLMessageBoxPresenter is implemented in both /Users/linmuyi/miniconda3/envs/llm_gs/lib/python3.9/site-packages/pygame/.dylibs/libSDL2-2.0.0.dylib (0x10b94d3b8) and /Users/linmuyi/miniconda3/envs/llm_gs/lib/python3.9/site-packages/cv2/.dylibs/libSDL2-2.0.0.dylib (0x13d4f8980). This may cause spurious casting failures and mysterious crashes. One of the duplicates must be removed or renamed.
objc[44928]: Class SDL_cocoametalview is implemented in both /Users/linmuyi/miniconda3/envs/llm_gs/lib/python3.9/site-packages/pygame/.dylibs/libSDL2-2.0.0.dylib (0x10b94d408) and /Users/linmuyi/miniconda3/envs/llm_gs/lib/python3.9/site-packages/cv2/.dylibs/libSDL2-2.0.0.dylib (0x13d4f89d0). This may cause spurious casting failures and mysterious crashes. One of the duplicates must be removed or renamed.
objc[44928]: Class SDLOpenGLContext is implemented in both /Users/linmuyi/miniconda3/envs/llm_gs/lib/python3.9/site-packages/pygame/.dylibs/libSDL2-2.0.0.dylib (0x10b94d458) and /Users/linmuyi/miniconda3/envs/llm_gs/lib/python3.9/site-packages/cv2/.dylibs/libSDL2-2.0.0.dylib (0x13d4f8a20). This may cause spurious casting failures and mysterious crashes. One of the duplicates must be removed or renamed.
objc[44928]: Class SDL_ShapeData is implemented in both /Users/linmuyi/miniconda3/envs/llm_gs/lib/python3.9/site-packages/pygame/.dylibs/libSDL2-2.0.0.dylib (0x10b94d4d0) and /Users/linmuyi/miniconda3/envs/llm_gs/lib/python3.9/site-packages/cv2/.dylibs/libSDL2-2.0.0.dylib (0x13d4f8a98). This may cause spurious casting failures and mysterious crashes. One of the duplicates must be removed or renamed.
objc[44928]: Class SDL_CocoaClosure is implemented in both /Users/linmuyi/miniconda3/envs/llm_gs/lib/python3.9/site-packages/pygame/.dylibs/libSDL2-2.0.0.dylib (0x10b94d520) and /Users/linmuyi/miniconda3/envs/llm_gs/lib/python3.9/site-packages/cv2/.dylibs/libSDL2-2.0.0.dylib (0x13d4f8ae8). This may cause spurious casting failures and mysterious crashes. One of the duplicates must be removed or renamed.
objc[44928]: Class SDL_VideoData is implemented in both /Users/linmuyi/miniconda3/envs/llm_gs/lib/python3.9/site-packages/pygame/.dylibs/libSDL2-2.0.0.dylib (0x10b94d570) and /Users/linmuyi/miniconda3/envs/llm_gs/lib/python3.9/site-packages/cv2/.dylibs/libSDL2-2.0.0.dylib (0x13d4f8b38). This may cause spurious casting failures and mysterious crashes. One of the duplicates must be removed or renamed.
objc[44928]: Class SDL_WindowData is implemented in both /Users/linmuyi/miniconda3/envs/llm_gs/lib/python3.9/site-packages/pygame/.dylibs/libSDL2-2.0.0.dylib (0x10b94d5c0) and /Users/linmuyi/miniconda3/envs/llm_gs/lib/python3.9/site-packages/cv2/.dylibs/libSDL2-2.0.0.dylib (0x13d4f8b88). This may cause spurious casting failures and mysterious crashes. One of the duplicates must be removed or renamed.
objc[44928]: Class SDLWindow is implemented in both /Users/linmuyi/miniconda3/envs/llm_gs/lib/python3.9/site-packages/pygame/.dylibs/libSDL2-2.0.0.dylib (0x10b94d5e8) and /Users/linmuyi/miniconda3/envs/llm_gs/lib/python3.9/site-packages/cv2/.dylibs/libSDL2-2.0.0.dylib (0x13d4f8bb0). This may cause spurious casting failures and mysterious crashes. One of the duplicates must be removed or renamed.
objc[44928]: Class Cocoa_WindowListener is implemented in both /Users/linmuyi/miniconda3/envs/llm_gs/lib/python3.9/site-packages/pygame/.dylibs/libSDL2-2.0.0.dylib (0x10b94d610) and /Users/linmuyi/miniconda3/envs/llm_gs/lib/python3.9/site-packages/cv2/.dylibs/libSDL2-2.0.0.dylib (0x13d4f8bd8). This may cause spurious casting failures and mysterious crashes. One of the duplicates must be removed or renamed.
objc[44928]: Class SDLView is implemented in both /Users/linmuyi/miniconda3/envs/llm_gs/lib/python3.9/site-packages/pygame/.dylibs/libSDL2-2.0.0.dylib (0x10b94d688) and /Users/linmuyi/miniconda3/envs/llm_gs/lib/python3.9/site-packages/cv2/.dylibs/libSDL2-2.0.0.dylib (0x13d4f8c50). This may cause spurious casting failures and mysterious crashes. One of the duplicates must be removed or renamed.
objc[44928]: Class METAL_RenderData is implemented in both /Users/linmuyi/miniconda3/envs/llm_gs/lib/python3.9/site-packages/pygame/.dylibs/libSDL2-2.0.0.dylib (0x10b94d700) and /Users/linmuyi/miniconda3/envs/llm_gs/lib/python3.9/site-packages/cv2/.dylibs/libSDL2-2.0.0.dylib (0x13d4f8cc8). This may cause spurious casting failures and mysterious crashes. One of the duplicates must be removed or renamed.
objc[44928]: Class METAL_TextureData is implemented in both /Users/linmuyi/miniconda3/envs/llm_gs/lib/python3.9/site-packages/pygame/.dylibs/libSDL2-2.0.0.dylib (0x10b94d750) and /Users/linmuyi/miniconda3/envs/llm_gs/lib/python3.9/site-packages/cv2/.dylibs/libSDL2-2.0.0.dylib (0x13d4f8d18). This may cause spurious casting failures and mysterious crashes. One of the duplicates must be removed or renamed.
objc[44928]: Class SDL_RumbleMotor is implemented in both /Users/linmuyi/miniconda3/envs/llm_gs/lib/python3.9/site-packages/pygame/.dylibs/libSDL2-2.0.0.dylib (0x10b94d778) and /Users/linmuyi/miniconda3/envs/llm_gs/lib/python3.9/site-packages/cv2/.dylibs/libSDL2-2.0.0.dylib (0x13d4f8d40). This may cause spurious casting failures and mysterious crashes. One of the duplicates must be removed or renamed.
objc[44928]: Class SDL_RumbleContext is implemented in both /Users/linmuyi/miniconda3/envs/llm_gs/lib/python3.9/site-packages/pygame/.dylibs/libSDL2-2.0.0.dylib (0x10b94d7c8) and /Users/linmuyi/miniconda3/envs/llm_gs/lib/python3.9/site-packages/cv2/.dylibs/libSDL2-2.0.0.dylib (0x13d4f8d90). This may cause spurious casting failures and mysterious crashes. One of the duplicates must be removed or renamed.
[random_curriculum] 1500000 steps, 30 checkpoints, curriculum

  steps=  50000  held=0.00  gate=0.00  bins=1/3  active= 30  (35s)
  steps= 100000  held=0.00  gate=0.00  bins=1/3  active= 30  (63s)
  steps= 150000  held=0.00  gate=0.00  bins=1/3  active= 30  (95s)
  steps= 200000  held=0.01  gate=0.01  bins=1/3  active= 30  (135s)
  steps= 250000  held=0.07  gate=0.00  bins=1/3  active= 30  (169s)
  steps= 300000  held=0.09  gate=0.11  bins=1/3  active= 30  (201s)
  steps= 350000  held=0.11  gate=0.06  bins=1/3  active= 30  (227s)
  steps= 400000  held=0.13  gate=0.06  bins=2/3  active= 60  [UNLOCK:deadline]  (255s)
  steps= 450000  held=0.12  gate=0.00  bins=2/3  active= 60  (281s)
  steps= 500000  held=0.14  gate=0.00  bins=2/3  active= 60  (311s)
  steps= 550000  held=0.12  gate=0.00  bins=2/3  active= 60  (339s)
  steps= 600000  held=0.14  gate=0.00  bins=2/3  active= 60  (371s)
  steps= 650000  held=0.12  gate=0.11  bins=2/3  active= 60  (406s)
  steps= 700000  held=0.07  gate=0.14  bins=2/3  active= 60  (443s)
  steps= 750000  held=0.04  gate=0.11  bins=2/3  active= 60  (491s)
  steps= 800000  held=0.10  gate=0.11  bins=3/3  active= 90  [UNLOCK:deadline]  (524s)
  steps= 850000  held=0.10  gate=0.10  bins=3/3  active= 90  (558s)
  steps= 900000  held=0.08  gate=0.08  bins=3/3  active= 90  (596s)
  steps= 950000  held=0.03  gate=0.03  bins=3/3  active= 90  (644s)
  steps=1000000  held=0.03  gate=0.03  bins=3/3  active= 90  (685s)
  steps=1050000  held=0.08  gate=0.08  bins=3/3  active= 90  (718s)
  steps=1100000  held=0.01  gate=0.01  bins=3/3  active= 90  (765s)
  steps=1150000  held=0.08  gate=0.08  bins=3/3  active= 90  (804s)
  steps=1200000  held=0.08  gate=0.08  bins=3/3  active= 90  (838s)
  steps=1250000  held=0.08  gate=0.08  bins=3/3  active= 90  (872s)
  steps=1300000  held=0.09  gate=0.09  bins=3/3  active= 90  (910s)
  steps=1350000  held=0.14  gate=0.14  bins=3/3  active= 90  (949s)
  steps=1400000  held=0.09  gate=0.09  bins=3/3  active= 90  (991s)
  steps=1450000  held=0.03  gate=0.03  bins=3/3  active= 90  (1040s)
  steps=1500000  held=0.00  gate=0.00  bins=3/3  active= 90  (1087s)

[random_curriculum] DONE  final held=0.00  steps_to_0.3=NOT REACHED  wall=1087s  -> random_curriculum_seed38.json
[random_curriculum] per-cell held: s9N1=0.00  s9N2=0.00  s9N3=0.00  s13N1=0.00  s13N2=0.00  s13N3=0.00  s17N1=0.00  s17N2=0.00  s17N3=0.00
