[random_curriculum] train=90 layouts  held-out=36 layouts
objc[46850]: Class SDLApplication is implemented in both /Users/linmuyi/miniconda3/envs/llm_gs/lib/python3.9/site-packages/pygame/.dylibs/libSDL2-2.0.0.dylib (0x1152612c8) and /Users/linmuyi/miniconda3/envs/llm_gs/lib/python3.9/site-packages/cv2/.dylibs/libSDL2-2.0.0.dylib (0x16f294890). This may cause spurious casting failures and mysterious crashes. One of the duplicates must be removed or renamed.
objc[46850]: Class SDLAppDelegate is implemented in both /Users/linmuyi/miniconda3/envs/llm_gs/lib/python3.9/site-packages/pygame/.dylibs/libSDL2-2.0.0.dylib (0x115261318) and /Users/linmuyi/miniconda3/envs/llm_gs/lib/python3.9/site-packages/cv2/.dylibs/libSDL2-2.0.0.dylib (0x16f2948e0). This may cause spurious casting failures and mysterious crashes. One of the duplicates must be removed or renamed.
objc[46850]: Class SDLTranslatorResponder is implemented in both /Users/linmuyi/miniconda3/envs/llm_gs/lib/python3.9/site-packages/pygame/.dylibs/libSDL2-2.0.0.dylib (0x115261390) and /Users/linmuyi/miniconda3/envs/llm_gs/lib/python3.9/site-packages/cv2/.dylibs/libSDL2-2.0.0.dylib (0x16f294958). This may cause spurious casting failures and mysterious crashes. One of the duplicates must be removed or renamed.
objc[46850]: Class SDLMessageBoxPresenter is implemented in both /Users/linmuyi/miniconda3/envs/llm_gs/lib/python3.9/site-packages/pygame/.dylibs/libSDL2-2.0.0.dylib (0x1152613b8) and /Users/linmuyi/miniconda3/envs/llm_gs/lib/python3.9/site-packages/cv2/.dylibs/libSDL2-2.0.0.dylib (0x16f294980). This may cause spurious casting failures and mysterious crashes. One of the duplicates must be removed or renamed.
objc[46850]: Class SDL_cocoametalview is implemented in both /Users/linmuyi/miniconda3/envs/llm_gs/lib/python3.9/site-packages/pygame/.dylibs/libSDL2-2.0.0.dylib (0x115261408) and /Users/linmuyi/miniconda3/envs/llm_gs/lib/python3.9/site-packages/cv2/.dylibs/libSDL2-2.0.0.dylib (0x16f2949d0). This may cause spurious casting failures and mysterious crashes. One of the duplicates must be removed or renamed.
objc[46850]: Class SDLOpenGLContext is implemented in both /Users/linmuyi/miniconda3/envs/llm_gs/lib/python3.9/site-packages/pygame/.dylibs/libSDL2-2.0.0.dylib (0x115261458) and /Users/linmuyi/miniconda3/envs/llm_gs/lib/python3.9/site-packages/cv2/.dylibs/libSDL2-2.0.0.dylib (0x16f294a20). This may cause spurious casting failures and mysterious crashes. One of the duplicates must be removed or renamed.
objc[46850]: Class SDL_ShapeData is implemented in both /Users/linmuyi/miniconda3/envs/llm_gs/lib/python3.9/site-packages/pygame/.dylibs/libSDL2-2.0.0.dylib (0x1152614d0) and /Users/linmuyi/miniconda3/envs/llm_gs/lib/python3.9/site-packages/cv2/.dylibs/libSDL2-2.0.0.dylib (0x16f294a98). This may cause spurious casting failures and mysterious crashes. One of the duplicates must be removed or renamed.
objc[46850]: Class SDL_CocoaClosure is implemented in both /Users/linmuyi/miniconda3/envs/llm_gs/lib/python3.9/site-packages/pygame/.dylibs/libSDL2-2.0.0.dylib (0x115261520) and /Users/linmuyi/miniconda3/envs/llm_gs/lib/python3.9/site-packages/cv2/.dylibs/libSDL2-2.0.0.dylib (0x16f294ae8). This may cause spurious casting failures and mysterious crashes. One of the duplicates must be removed or renamed.
objc[46850]: Class SDL_VideoData is implemented in both /Users/linmuyi/miniconda3/envs/llm_gs/lib/python3.9/site-packages/pygame/.dylibs/libSDL2-2.0.0.dylib (0x115261570) and /Users/linmuyi/miniconda3/envs/llm_gs/lib/python3.9/site-packages/cv2/.dylibs/libSDL2-2.0.0.dylib (0x16f294b38). This may cause spurious casting failures and mysterious crashes. One of the duplicates must be removed or renamed.
objc[46850]: Class SDL_WindowData is implemented in both /Users/linmuyi/miniconda3/envs/llm_gs/lib/python3.9/site-packages/pygame/.dylibs/libSDL2-2.0.0.dylib (0x1152615c0) and /Users/linmuyi/miniconda3/envs/llm_gs/lib/python3.9/site-packages/cv2/.dylibs/libSDL2-2.0.0.dylib (0x16f294b88). This may cause spurious casting failures and mysterious crashes. One of the duplicates must be removed or renamed.
objc[46850]: Class SDLWindow is implemented in both /Users/linmuyi/miniconda3/envs/llm_gs/lib/python3.9/site-packages/pygame/.dylibs/libSDL2-2.0.0.dylib (0x1152615e8) and /Users/linmuyi/miniconda3/envs/llm_gs/lib/python3.9/site-packages/cv2/.dylibs/libSDL2-2.0.0.dylib (0x16f294bb0). This may cause spurious casting failures and mysterious crashes. One of the duplicates must be removed or renamed.
objc[46850]: Class Cocoa_WindowListener is implemented in both /Users/linmuyi/miniconda3/envs/llm_gs/lib/python3.9/site-packages/pygame/.dylibs/libSDL2-2.0.0.dylib (0x115261610) and /Users/linmuyi/miniconda3/envs/llm_gs/lib/python3.9/site-packages/cv2/.dylibs/libSDL2-2.0.0.dylib (0x16f294bd8). This may cause spurious casting failures and mysterious crashes. One of the duplicates must be removed or renamed.
objc[46850]: Class SDLView is implemented in both /Users/linmuyi/miniconda3/envs/llm_gs/lib/python3.9/site-packages/pygame/.dylibs/libSDL2-2.0.0.dylib (0x115261688) and /Users/linmuyi/miniconda3/envs/llm_gs/lib/python3.9/site-packages/cv2/.dylibs/libSDL2-2.0.0.dylib (0x16f294c50). This may cause spurious casting failures and mysterious crashes. One of the duplicates must be removed or renamed.
objc[46850]: Class METAL_RenderData is implemented in both /Users/linmuyi/miniconda3/envs/llm_gs/lib/python3.9/site-packages/pygame/.dylibs/libSDL2-2.0.0.dylib (0x115261700) and /Users/linmuyi/miniconda3/envs/llm_gs/lib/python3.9/site-packages/cv2/.dylibs/libSDL2-2.0.0.dylib (0x16f294cc8). This may cause spurious casting failures and mysterious crashes. One of the duplicates must be removed or renamed.
objc[46850]: Class METAL_TextureData is implemented in both /Users/linmuyi/miniconda3/envs/llm_gs/lib/python3.9/site-packages/pygame/.dylibs/libSDL2-2.0.0.dylib (0x115261750) and /Users/linmuyi/miniconda3/envs/llm_gs/lib/python3.9/site-packages/cv2/.dylibs/libSDL2-2.0.0.dylib (0x16f294d18). This may cause spurious casting failures and mysterious crashes. One of the duplicates must be removed or renamed.
objc[46850]: Class SDL_RumbleMotor is implemented in both /Users/linmuyi/miniconda3/envs/llm_gs/lib/python3.9/site-packages/pygame/.dylibs/libSDL2-2.0.0.dylib (0x115261778) and /Users/linmuyi/miniconda3/envs/llm_gs/lib/python3.9/site-packages/cv2/.dylibs/libSDL2-2.0.0.dylib (0x16f294d40). This may cause spurious casting failures and mysterious crashes. One of the duplicates must be removed or renamed.
objc[46850]: Class SDL_RumbleContext is implemented in both /Users/linmuyi/miniconda3/envs/llm_gs/lib/python3.9/site-packages/pygame/.dylibs/libSDL2-2.0.0.dylib (0x1152617c8) and /Users/linmuyi/miniconda3/envs/llm_gs/lib/python3.9/site-packages/cv2/.dylibs/libSDL2-2.0.0.dylib (0x16f294d90). This may cause spurious casting failures and mysterious crashes. One of the duplicates must be removed or renamed.
[random_curriculum] 1500000 steps, 30 checkpoints, curriculum

  steps=  50000  held=0.00  gate=0.00  bins=1/3  active= 30  (31s)
  steps= 100000  held=0.02  gate=0.11  bins=1/3  active= 30  (60s)
  steps= 150000  held=0.05  gate=0.18  bins=1/3  active= 30  (99s)
  steps= 200000  held=0.04  gate=0.14  bins=1/3  active= 30  (144s)
  steps= 250000  held=0.12  gate=0.11  bins=1/3  active= 30  (187s)
  steps= 300000  held=0.12  gate=0.10  bins=1/3  active= 30  (233s)
  steps= 350000  held=0.12  gate=0.36  bins=1/3  active= 30  (272s)
  steps= 400000  held=0.10  gate=0.24  bins=2/3  active= 60  [UNLOCK:deadline]  (321s)
  steps= 450000  held=0.21  gate=0.24  bins=2/3  active= 60  (366s)
  steps= 500000  held=0.23  gate=0.39  bins=2/3  active= 60  (417s)
  steps= 550000  held=0.31  gate=0.57  bins=3/3  active= 90  [UNLOCK:gate]  (470s)
  steps= 600000  held=0.28  gate=0.28  bins=3/3  active= 90  (503s)
  steps= 650000  held=0.25  gate=0.25  bins=3/3  active= 90  (549s)
  steps= 700000  held=0.44  gate=0.44  bins=3/3  active= 90  (588s)
  steps= 750000  held=0.31  gate=0.31  bins=3/3  active= 90  (636s)
  steps= 800000  held=0.24  gate=0.24  bins=3/3  active= 90  (684s)
  steps= 850000  held=0.29  gate=0.29  bins=3/3  active= 90  (730s)
  steps= 900000  held=0.27  gate=0.27  bins=3/3  active= 90  (777s)
  steps= 950000  held=0.32  gate=0.32  bins=3/3  active= 90  (818s)
  steps=1000000  held=0.53  gate=0.53  bins=3/3  active= 90  (857s)
  steps=1050000  held=0.40  gate=0.40  bins=3/3  active= 90  (894s)
  steps=1100000  held=0.44  gate=0.44  bins=3/3  active= 90  (932s)
  steps=1150000  held=0.51  gate=0.51  bins=3/3  active= 90  (974s)
  steps=1200000  held=0.54  gate=0.54  bins=3/3  active= 90  (1015s)
  steps=1250000  held=0.57  gate=0.57  bins=3/3  active= 90  (1056s)
  steps=1300000  held=0.67  gate=0.67  bins=3/3  active= 90  (1094s)
  steps=1350000  held=0.49  gate=0.49  bins=3/3  active= 90  (1135s)
  steps=1400000  held=0.64  gate=0.64  bins=3/3  active= 90  (1175s)
  steps=1450000  held=0.55  gate=0.55  bins=3/3  active= 90  (1212s)
  steps=1500000  held=0.66  gate=0.66  bins=3/3  active= 90  (1250s)

[random_curriculum] DONE  final held=0.66  steps_to_0.3=550,000  wall=1250s  -> random_curriculum_seed6.json
[random_curriculum] per-cell held: s9N1=0.75  s9N2=0.44  s9N3=0.69  s13N1=1.00  s13N2=0.56  s13N3=0.62  s17N1=0.56  s17N2=0.75  s17N3=0.56
