[flat] train=90 layouts  held-out=36 layouts
objc[80724]: Class SDLApplication is implemented in both /Users/linmuyi/miniconda3/envs/llm_gs/lib/python3.9/site-packages/pygame/.dylibs/libSDL2-2.0.0.dylib (0x10ae612c8) and /Users/linmuyi/miniconda3/envs/llm_gs/lib/python3.9/site-packages/cv2/.dylibs/libSDL2-2.0.0.dylib (0x132da0890). This may cause spurious casting failures and mysterious crashes. One of the duplicates must be removed or renamed.
objc[80724]: Class SDLAppDelegate is implemented in both /Users/linmuyi/miniconda3/envs/llm_gs/lib/python3.9/site-packages/pygame/.dylibs/libSDL2-2.0.0.dylib (0x10ae61318) and /Users/linmuyi/miniconda3/envs/llm_gs/lib/python3.9/site-packages/cv2/.dylibs/libSDL2-2.0.0.dylib (0x132da08e0). This may cause spurious casting failures and mysterious crashes. One of the duplicates must be removed or renamed.
objc[80724]: Class SDLTranslatorResponder is implemented in both /Users/linmuyi/miniconda3/envs/llm_gs/lib/python3.9/site-packages/pygame/.dylibs/libSDL2-2.0.0.dylib (0x10ae61390) and /Users/linmuyi/miniconda3/envs/llm_gs/lib/python3.9/site-packages/cv2/.dylibs/libSDL2-2.0.0.dylib (0x132da0958). This may cause spurious casting failures and mysterious crashes. One of the duplicates must be removed or renamed.
objc[80724]: Class SDLMessageBoxPresenter is implemented in both /Users/linmuyi/miniconda3/envs/llm_gs/lib/python3.9/site-packages/pygame/.dylibs/libSDL2-2.0.0.dylib (0x10ae613b8) and /Users/linmuyi/miniconda3/envs/llm_gs/lib/python3.9/site-packages/cv2/.dylibs/libSDL2-2.0.0.dylib (0x132da0980). This may cause spurious casting failures and mysterious crashes. One of the duplicates must be removed or renamed.
objc[80724]: Class SDL_cocoametalview is implemented in both /Users/linmuyi/miniconda3/envs/llm_gs/lib/python3.9/site-packages/pygame/.dylibs/libSDL2-2.0.0.dylib (0x10ae61408) and /Users/linmuyi/miniconda3/envs/llm_gs/lib/python3.9/site-packages/cv2/.dylibs/libSDL2-2.0.0.dylib (0x132da09d0). This may cause spurious casting failures and mysterious crashes. One of the duplicates must be removed or renamed.
objc[80724]: Class SDLOpenGLContext is implemented in both /Users/linmuyi/miniconda3/envs/llm_gs/lib/python3.9/site-packages/pygame/.dylibs/libSDL2-2.0.0.dylib (0x10ae61458) and /Users/linmuyi/miniconda3/envs/llm_gs/lib/python3.9/site-packages/cv2/.dylibs/libSDL2-2.0.0.dylib (0x132da0a20). This may cause spurious casting failures and mysterious crashes. One of the duplicates must be removed or renamed.
objc[80724]: Class SDL_ShapeData is implemented in both /Users/linmuyi/miniconda3/envs/llm_gs/lib/python3.9/site-packages/pygame/.dylibs/libSDL2-2.0.0.dylib (0x10ae614d0) and /Users/linmuyi/miniconda3/envs/llm_gs/lib/python3.9/site-packages/cv2/.dylibs/libSDL2-2.0.0.dylib (0x132da0a98). This may cause spurious casting failures and mysterious crashes. One of the duplicates must be removed or renamed.
objc[80724]: Class SDL_CocoaClosure is implemented in both /Users/linmuyi/miniconda3/envs/llm_gs/lib/python3.9/site-packages/pygame/.dylibs/libSDL2-2.0.0.dylib (0x10ae61520) and /Users/linmuyi/miniconda3/envs/llm_gs/lib/python3.9/site-packages/cv2/.dylibs/libSDL2-2.0.0.dylib (0x132da0ae8). This may cause spurious casting failures and mysterious crashes. One of the duplicates must be removed or renamed.
objc[80724]: Class SDL_VideoData is implemented in both /Users/linmuyi/miniconda3/envs/llm_gs/lib/python3.9/site-packages/pygame/.dylibs/libSDL2-2.0.0.dylib (0x10ae61570) and /Users/linmuyi/miniconda3/envs/llm_gs/lib/python3.9/site-packages/cv2/.dylibs/libSDL2-2.0.0.dylib (0x132da0b38). This may cause spurious casting failures and mysterious crashes. One of the duplicates must be removed or renamed.
objc[80724]: Class SDL_WindowData is implemented in both /Users/linmuyi/miniconda3/envs/llm_gs/lib/python3.9/site-packages/pygame/.dylibs/libSDL2-2.0.0.dylib (0x10ae615c0) and /Users/linmuyi/miniconda3/envs/llm_gs/lib/python3.9/site-packages/cv2/.dylibs/libSDL2-2.0.0.dylib (0x132da0b88). This may cause spurious casting failures and mysterious crashes. One of the duplicates must be removed or renamed.
objc[80724]: Class SDLWindow is implemented in both /Users/linmuyi/miniconda3/envs/llm_gs/lib/python3.9/site-packages/pygame/.dylibs/libSDL2-2.0.0.dylib (0x10ae615e8) and /Users/linmuyi/miniconda3/envs/llm_gs/lib/python3.9/site-packages/cv2/.dylibs/libSDL2-2.0.0.dylib (0x132da0bb0). This may cause spurious casting failures and mysterious crashes. One of the duplicates must be removed or renamed.
objc[80724]: Class Cocoa_WindowListener is implemented in both /Users/linmuyi/miniconda3/envs/llm_gs/lib/python3.9/site-packages/pygame/.dylibs/libSDL2-2.0.0.dylib (0x10ae61610) and /Users/linmuyi/miniconda3/envs/llm_gs/lib/python3.9/site-packages/cv2/.dylibs/libSDL2-2.0.0.dylib (0x132da0bd8). This may cause spurious casting failures and mysterious crashes. One of the duplicates must be removed or renamed.
objc[80724]: Class SDLView is implemented in both /Users/linmuyi/miniconda3/envs/llm_gs/lib/python3.9/site-packages/pygame/.dylibs/libSDL2-2.0.0.dylib (0x10ae61688) and /Users/linmuyi/miniconda3/envs/llm_gs/lib/python3.9/site-packages/cv2/.dylibs/libSDL2-2.0.0.dylib (0x132da0c50). This may cause spurious casting failures and mysterious crashes. One of the duplicates must be removed or renamed.
objc[80724]: Class METAL_RenderData is implemented in both /Users/linmuyi/miniconda3/envs/llm_gs/lib/python3.9/site-packages/pygame/.dylibs/libSDL2-2.0.0.dylib (0x10ae61700) and /Users/linmuyi/miniconda3/envs/llm_gs/lib/python3.9/site-packages/cv2/.dylibs/libSDL2-2.0.0.dylib (0x132da0cc8). This may cause spurious casting failures and mysterious crashes. One of the duplicates must be removed or renamed.
objc[80724]: Class METAL_TextureData is implemented in both /Users/linmuyi/miniconda3/envs/llm_gs/lib/python3.9/site-packages/pygame/.dylibs/libSDL2-2.0.0.dylib (0x10ae61750) and /Users/linmuyi/miniconda3/envs/llm_gs/lib/python3.9/site-packages/cv2/.dylibs/libSDL2-2.0.0.dylib (0x132da0d18). This may cause spurious casting failures and mysterious crashes. One of the duplicates must be removed or renamed.
objc[80724]: Class SDL_RumbleMotor is implemented in both /Users/linmuyi/miniconda3/envs/llm_gs/lib/python3.9/site-packages/pygame/.dylibs/libSDL2-2.0.0.dylib (0x10ae61778) and /Users/linmuyi/miniconda3/envs/llm_gs/lib/python3.9/site-packages/cv2/.dylibs/libSDL2-2.0.0.dylib (0x132da0d40). This may cause spurious casting failures and mysterious crashes. One of the duplicates must be removed or renamed.
objc[80724]: Class SDL_RumbleContext is implemented in both /Users/linmuyi/miniconda3/envs/llm_gs/lib/python3.9/site-packages/pygame/.dylibs/libSDL2-2.0.0.dylib (0x10ae617c8) and /Users/linmuyi/miniconda3/envs/llm_gs/lib/python3.9/site-packages/cv2/.dylibs/libSDL2-2.0.0.dylib (0x132da0d90). This may cause spurious casting failures and mysterious crashes. One of the duplicates must be removed or renamed.
[flat] 1500000 steps, 30 checkpoints, flat (no curriculum)

  steps=  50000  held=0.01  gate=0.01  bins=3/3  active= 90  (34s)
  steps= 100000  held=0.00  gate=0.00  bins=3/3  active= 90  (66s)
  steps= 150000  held=0.00  gate=0.00  bins=3/3  active= 90  (98s)
  steps= 200000  held=0.00  gate=0.00  bins=3/3  active= 90  (128s)
  steps= 250000  held=0.00  gate=0.00  bins=3/3  active= 90  (157s)
  steps= 300000  held=0.00  gate=0.00  bins=3/3  active= 90  (191s)
  steps= 350000  held=0.00  gate=0.00  bins=3/3  active= 90  (229s)
  steps= 400000  held=0.02  gate=0.02  bins=3/3  active= 90  (265s)
  steps= 450000  held=0.00  gate=0.00  bins=3/3  active= 90  (302s)
  steps= 500000  held=0.00  gate=0.00  bins=3/3  active= 90  (339s)
  steps= 550000  held=0.00  gate=0.00  bins=3/3  active= 90  (369s)
  steps= 600000  held=0.00  gate=0.00  bins=3/3  active= 90  (403s)
  steps= 650000  held=0.00  gate=0.00  bins=3/3  active= 90  (445s)
  steps= 700000  held=0.00  gate=0.00  bins=3/3  active= 90  (503s)
  steps= 750000  held=0.00  gate=0.00  bins=3/3  active= 90  (560s)
  steps= 800000  held=0.00  gate=0.00  bins=3/3  active= 90  (615s)
  steps= 850000  held=0.00  gate=0.00  bins=3/3  active= 90  (666s)
  steps= 900000  held=0.00  gate=0.00  bins=3/3  active= 90  (721s)
  steps= 950000  held=0.00  gate=0.00  bins=3/3  active= 90  (778s)
  steps=1000000  held=0.00  gate=0.00  bins=3/3  active= 90  (820s)
  steps=1050000  held=0.00  gate=0.00  bins=3/3  active= 90  (863s)
  steps=1100000  held=0.00  gate=0.00  bins=3/3  active= 90  (906s)
  steps=1150000  held=0.03  gate=0.03  bins=3/3  active= 90  (950s)
  steps=1200000  held=0.00  gate=0.00  bins=3/3  active= 90  (1000s)
  steps=1250000  held=0.01  gate=0.01  bins=3/3  active= 90  (1051s)
  steps=1300000  held=0.02  gate=0.02  bins=3/3  active= 90  (1095s)
  steps=1350000  held=0.01  gate=0.01  bins=3/3  active= 90  (1144s)
  steps=1400000  held=0.01  gate=0.01  bins=3/3  active= 90  (1195s)
  steps=1450000  held=0.00  gate=0.00  bins=3/3  active= 90  (1245s)
  steps=1500000  held=0.00  gate=0.00  bins=3/3  active= 90  (1296s)

[flat] DONE  final held=0.00  steps_to_0.3=NOT REACHED  wall=1296s  -> flat_seed12.json
[flat] per-cell held: s9N1=0.00  s9N2=0.00  s9N3=0.00  s13N1=0.00  s13N2=0.00  s13N3=0.00  s17N1=0.00  s17N2=0.00  s17N3=0.00
