[grader] train=90 layouts  held-out=36 layouts
objc[66019]: Class SDLApplication is implemented in both /Users/linmuyi/miniconda3/envs/llm_gs/lib/python3.9/site-packages/pygame/.dylibs/libSDL2-2.0.0.dylib (0x1073452c8) and /Users/linmuyi/miniconda3/envs/llm_gs/lib/python3.9/site-packages/cv2/.dylibs/libSDL2-2.0.0.dylib (0x30e314890). This may cause spurious casting failures and mysterious crashes. One of the duplicates must be removed or renamed.
objc[66019]: Class SDLAppDelegate is implemented in both /Users/linmuyi/miniconda3/envs/llm_gs/lib/python3.9/site-packages/pygame/.dylibs/libSDL2-2.0.0.dylib (0x107345318) and /Users/linmuyi/miniconda3/envs/llm_gs/lib/python3.9/site-packages/cv2/.dylibs/libSDL2-2.0.0.dylib (0x30e3148e0). This may cause spurious casting failures and mysterious crashes. One of the duplicates must be removed or renamed.
objc[66019]: Class SDLTranslatorResponder is implemented in both /Users/linmuyi/miniconda3/envs/llm_gs/lib/python3.9/site-packages/pygame/.dylibs/libSDL2-2.0.0.dylib (0x107345390) and /Users/linmuyi/miniconda3/envs/llm_gs/lib/python3.9/site-packages/cv2/.dylibs/libSDL2-2.0.0.dylib (0x30e314958). This may cause spurious casting failures and mysterious crashes. One of the duplicates must be removed or renamed.
objc[66019]: Class SDLMessageBoxPresenter is implemented in both /Users/linmuyi/miniconda3/envs/llm_gs/lib/python3.9/site-packages/pygame/.dylibs/libSDL2-2.0.0.dylib (0x1073453b8) and /Users/linmuyi/miniconda3/envs/llm_gs/lib/python3.9/site-packages/cv2/.dylibs/libSDL2-2.0.0.dylib (0x30e314980). This may cause spurious casting failures and mysterious crashes. One of the duplicates must be removed or renamed.
objc[66019]: Class SDL_cocoametalview is implemented in both /Users/linmuyi/miniconda3/envs/llm_gs/lib/python3.9/site-packages/pygame/.dylibs/libSDL2-2.0.0.dylib (0x107345408) and /Users/linmuyi/miniconda3/envs/llm_gs/lib/python3.9/site-packages/cv2/.dylibs/libSDL2-2.0.0.dylib (0x30e3149d0). This may cause spurious casting failures and mysterious crashes. One of the duplicates must be removed or renamed.
objc[66019]: Class SDLOpenGLContext is implemented in both /Users/linmuyi/miniconda3/envs/llm_gs/lib/python3.9/site-packages/pygame/.dylibs/libSDL2-2.0.0.dylib (0x107345458) and /Users/linmuyi/miniconda3/envs/llm_gs/lib/python3.9/site-packages/cv2/.dylibs/libSDL2-2.0.0.dylib (0x30e314a20). This may cause spurious casting failures and mysterious crashes. One of the duplicates must be removed or renamed.
objc[66019]: Class SDL_ShapeData is implemented in both /Users/linmuyi/miniconda3/envs/llm_gs/lib/python3.9/site-packages/pygame/.dylibs/libSDL2-2.0.0.dylib (0x1073454d0) and /Users/linmuyi/miniconda3/envs/llm_gs/lib/python3.9/site-packages/cv2/.dylibs/libSDL2-2.0.0.dylib (0x30e314a98). This may cause spurious casting failures and mysterious crashes. One of the duplicates must be removed or renamed.
objc[66019]: Class SDL_CocoaClosure is implemented in both /Users/linmuyi/miniconda3/envs/llm_gs/lib/python3.9/site-packages/pygame/.dylibs/libSDL2-2.0.0.dylib (0x107345520) and /Users/linmuyi/miniconda3/envs/llm_gs/lib/python3.9/site-packages/cv2/.dylibs/libSDL2-2.0.0.dylib (0x30e314ae8). This may cause spurious casting failures and mysterious crashes. One of the duplicates must be removed or renamed.
objc[66019]: Class SDL_VideoData is implemented in both /Users/linmuyi/miniconda3/envs/llm_gs/lib/python3.9/site-packages/pygame/.dylibs/libSDL2-2.0.0.dylib (0x107345570) and /Users/linmuyi/miniconda3/envs/llm_gs/lib/python3.9/site-packages/cv2/.dylibs/libSDL2-2.0.0.dylib (0x30e314b38). This may cause spurious casting failures and mysterious crashes. One of the duplicates must be removed or renamed.
objc[66019]: Class SDL_WindowData is implemented in both /Users/linmuyi/miniconda3/envs/llm_gs/lib/python3.9/site-packages/pygame/.dylibs/libSDL2-2.0.0.dylib (0x1073455c0) and /Users/linmuyi/miniconda3/envs/llm_gs/lib/python3.9/site-packages/cv2/.dylibs/libSDL2-2.0.0.dylib (0x30e314b88). This may cause spurious casting failures and mysterious crashes. One of the duplicates must be removed or renamed.
objc[66019]: Class SDLWindow is implemented in both /Users/linmuyi/miniconda3/envs/llm_gs/lib/python3.9/site-packages/pygame/.dylibs/libSDL2-2.0.0.dylib (0x1073455e8) and /Users/linmuyi/miniconda3/envs/llm_gs/lib/python3.9/site-packages/cv2/.dylibs/libSDL2-2.0.0.dylib (0x30e314bb0). This may cause spurious casting failures and mysterious crashes. One of the duplicates must be removed or renamed.
objc[66019]: Class Cocoa_WindowListener is implemented in both /Users/linmuyi/miniconda3/envs/llm_gs/lib/python3.9/site-packages/pygame/.dylibs/libSDL2-2.0.0.dylib (0x107345610) and /Users/linmuyi/miniconda3/envs/llm_gs/lib/python3.9/site-packages/cv2/.dylibs/libSDL2-2.0.0.dylib (0x30e314bd8). This may cause spurious casting failures and mysterious crashes. One of the duplicates must be removed or renamed.
objc[66019]: Class SDLView is implemented in both /Users/linmuyi/miniconda3/envs/llm_gs/lib/python3.9/site-packages/pygame/.dylibs/libSDL2-2.0.0.dylib (0x107345688) and /Users/linmuyi/miniconda3/envs/llm_gs/lib/python3.9/site-packages/cv2/.dylibs/libSDL2-2.0.0.dylib (0x30e314c50). This may cause spurious casting failures and mysterious crashes. One of the duplicates must be removed or renamed.
objc[66019]: Class METAL_RenderData is implemented in both /Users/linmuyi/miniconda3/envs/llm_gs/lib/python3.9/site-packages/pygame/.dylibs/libSDL2-2.0.0.dylib (0x107345700) and /Users/linmuyi/miniconda3/envs/llm_gs/lib/python3.9/site-packages/cv2/.dylibs/libSDL2-2.0.0.dylib (0x30e314cc8). This may cause spurious casting failures and mysterious crashes. One of the duplicates must be removed or renamed.
objc[66019]: Class METAL_TextureData is implemented in both /Users/linmuyi/miniconda3/envs/llm_gs/lib/python3.9/site-packages/pygame/.dylibs/libSDL2-2.0.0.dylib (0x107345750) and /Users/linmuyi/miniconda3/envs/llm_gs/lib/python3.9/site-packages/cv2/.dylibs/libSDL2-2.0.0.dylib (0x30e314d18). This may cause spurious casting failures and mysterious crashes. One of the duplicates must be removed or renamed.
objc[66019]: Class SDL_RumbleMotor is implemented in both /Users/linmuyi/miniconda3/envs/llm_gs/lib/python3.9/site-packages/pygame/.dylibs/libSDL2-2.0.0.dylib (0x107345778) and /Users/linmuyi/miniconda3/envs/llm_gs/lib/python3.9/site-packages/cv2/.dylibs/libSDL2-2.0.0.dylib (0x30e314d40). This may cause spurious casting failures and mysterious crashes. One of the duplicates must be removed or renamed.
objc[66019]: Class SDL_RumbleContext is implemented in both /Users/linmuyi/miniconda3/envs/llm_gs/lib/python3.9/site-packages/pygame/.dylibs/libSDL2-2.0.0.dylib (0x1073457c8) and /Users/linmuyi/miniconda3/envs/llm_gs/lib/python3.9/site-packages/cv2/.dylibs/libSDL2-2.0.0.dylib (0x30e314d90). This may cause spurious casting failures and mysterious crashes. One of the duplicates must be removed or renamed.
[grader] 1500000 steps, 30 checkpoints, curriculum

  steps=  50000  held=0.00  gate=0.01  bins=1/3  active= 30  (36s)
  steps= 100000  held=0.00  gate=0.00  bins=1/3  active= 30  (75s)
  steps= 150000  held=0.00  gate=0.00  bins=1/3  active= 30  (126s)
  steps= 200000  held=0.01  gate=0.00  bins=1/3  active= 30  (177s)
  steps= 250000  held=0.00  gate=0.00  bins=1/3  active= 30  (230s)
  steps= 300000  held=0.00  gate=0.00  bins=1/3  active= 30  (285s)
  steps= 350000  held=0.00  gate=0.00  bins=1/3  active= 30  (326s)
  steps= 400000  held=0.00  gate=0.00  bins=2/3  active= 60  [UNLOCK:deadline]  (378s)
  steps= 450000  held=0.00  gate=0.00  bins=2/3  active= 60  (443s)
  steps= 500000  held=0.00  gate=0.01  bins=2/3  active= 60  (483s)
  steps= 550000  held=0.00  gate=0.07  bins=2/3  active= 60  (522s)
  steps= 600000  held=0.00  gate=0.04  bins=2/3  active= 60  (583s)
  steps= 650000  held=0.00  gate=0.06  bins=2/3  active= 60  (642s)
  steps= 700000  held=0.02  gate=0.00  bins=2/3  active= 60  (707s)
  steps= 750000  held=0.00  gate=0.01  bins=2/3  active= 60  (777s)
  steps= 800000  held=0.00  gate=0.00  bins=3/3  active= 90  [UNLOCK:deadline]  (846s)
  steps= 850000  held=0.00  gate=0.00  bins=3/3  active= 90  (899s)
  steps= 900000  held=0.00  gate=0.00  bins=3/3  active= 90  (949s)
  steps= 950000  held=0.00  gate=0.00  bins=3/3  active= 90  (1004s)
  steps=1000000  held=0.00  gate=0.00  bins=3/3  active= 90  (1032s)
  steps=1050000  held=0.00  gate=0.00  bins=3/3  active= 90  (1079s)
  steps=1100000  held=0.00  gate=0.00  bins=3/3  active= 90  (1125s)
  steps=1150000  held=0.00  gate=0.00  bins=3/3  active= 90  (1174s)
  steps=1200000  held=0.00  gate=0.00  bins=3/3  active= 90  (1209s)
  steps=1250000  held=0.00  gate=0.00  bins=3/3  active= 90  (1247s)
  steps=1300000  held=0.01  gate=0.01  bins=3/3  active= 90  (1321s)
  steps=1350000  held=0.01  gate=0.01  bins=3/3  active= 90  (1395s)
  steps=1400000  held=0.00  gate=0.00  bins=3/3  active= 90  (1471s)
  steps=1450000  held=0.01  gate=0.01  bins=3/3  active= 90  (1523s)
  steps=1500000  held=0.01  gate=0.01  bins=3/3  active= 90  (1572s)

[grader] DONE  final held=0.01  steps_to_0.3=NOT REACHED  wall=1572s  -> grader_seed9.json
[grader] per-cell held: s9N1=0.00  s9N2=0.00  s9N3=0.00  s13N1=0.00  s13N2=0.06  s13N3=0.00  s17N1=0.00  s17N2=0.06  s17N3=0.00
