[flat] train=90 layouts  held-out=36 layouts
objc[33020]: Class SDLApplication is implemented in both /Users/linmuyi/miniconda3/envs/llm_gs/lib/python3.9/site-packages/pygame/.dylibs/libSDL2-2.0.0.dylib (0x115b612c8) and /Users/linmuyi/miniconda3/envs/llm_gs/lib/python3.9/site-packages/cv2/.dylibs/libSDL2-2.0.0.dylib (0x176b24890). This may cause spurious casting failures and mysterious crashes. One of the duplicates must be removed or renamed.
objc[33020]: Class SDLAppDelegate is implemented in both /Users/linmuyi/miniconda3/envs/llm_gs/lib/python3.9/site-packages/pygame/.dylibs/libSDL2-2.0.0.dylib (0x115b61318) and /Users/linmuyi/miniconda3/envs/llm_gs/lib/python3.9/site-packages/cv2/.dylibs/libSDL2-2.0.0.dylib (0x176b248e0). This may cause spurious casting failures and mysterious crashes. One of the duplicates must be removed or renamed.
objc[33020]: Class SDLTranslatorResponder is implemented in both /Users/linmuyi/miniconda3/envs/llm_gs/lib/python3.9/site-packages/pygame/.dylibs/libSDL2-2.0.0.dylib (0x115b61390) and /Users/linmuyi/miniconda3/envs/llm_gs/lib/python3.9/site-packages/cv2/.dylibs/libSDL2-2.0.0.dylib (0x176b24958). This may cause spurious casting failures and mysterious crashes. One of the duplicates must be removed or renamed.
objc[33020]: Class SDLMessageBoxPresenter is implemented in both /Users/linmuyi/miniconda3/envs/llm_gs/lib/python3.9/site-packages/pygame/.dylibs/libSDL2-2.0.0.dylib (0x115b613b8) and /Users/linmuyi/miniconda3/envs/llm_gs/lib/python3.9/site-packages/cv2/.dylibs/libSDL2-2.0.0.dylib (0x176b24980). This may cause spurious casting failures and mysterious crashes. One of the duplicates must be removed or renamed.
objc[33020]: Class SDL_cocoametalview is implemented in both /Users/linmuyi/miniconda3/envs/llm_gs/lib/python3.9/site-packages/pygame/.dylibs/libSDL2-2.0.0.dylib (0x115b61408) and /Users/linmuyi/miniconda3/envs/llm_gs/lib/python3.9/site-packages/cv2/.dylibs/libSDL2-2.0.0.dylib (0x176b249d0). This may cause spurious casting failures and mysterious crashes. One of the duplicates must be removed or renamed.
objc[33020]: Class SDLOpenGLContext is implemented in both /Users/linmuyi/miniconda3/envs/llm_gs/lib/python3.9/site-packages/pygame/.dylibs/libSDL2-2.0.0.dylib (0x115b61458) and /Users/linmuyi/miniconda3/envs/llm_gs/lib/python3.9/site-packages/cv2/.dylibs/libSDL2-2.0.0.dylib (0x176b24a20). This may cause spurious casting failures and mysterious crashes. One of the duplicates must be removed or renamed.
objc[33020]: Class SDL_ShapeData is implemented in both /Users/linmuyi/miniconda3/envs/llm_gs/lib/python3.9/site-packages/pygame/.dylibs/libSDL2-2.0.0.dylib (0x115b614d0) and /Users/linmuyi/miniconda3/envs/llm_gs/lib/python3.9/site-packages/cv2/.dylibs/libSDL2-2.0.0.dylib (0x176b24a98). This may cause spurious casting failures and mysterious crashes. One of the duplicates must be removed or renamed.
objc[33020]: Class SDL_CocoaClosure is implemented in both /Users/linmuyi/miniconda3/envs/llm_gs/lib/python3.9/site-packages/pygame/.dylibs/libSDL2-2.0.0.dylib (0x115b61520) and /Users/linmuyi/miniconda3/envs/llm_gs/lib/python3.9/site-packages/cv2/.dylibs/libSDL2-2.0.0.dylib (0x176b24ae8). This may cause spurious casting failures and mysterious crashes. One of the duplicates must be removed or renamed.
objc[33020]: Class SDL_VideoData is implemented in both /Users/linmuyi/miniconda3/envs/llm_gs/lib/python3.9/site-packages/pygame/.dylibs/libSDL2-2.0.0.dylib (0x115b61570) and /Users/linmuyi/miniconda3/envs/llm_gs/lib/python3.9/site-packages/cv2/.dylibs/libSDL2-2.0.0.dylib (0x176b24b38). This may cause spurious casting failures and mysterious crashes. One of the duplicates must be removed or renamed.
objc[33020]: Class SDL_WindowData is implemented in both /Users/linmuyi/miniconda3/envs/llm_gs/lib/python3.9/site-packages/pygame/.dylibs/libSDL2-2.0.0.dylib (0x115b615c0) and /Users/linmuyi/miniconda3/envs/llm_gs/lib/python3.9/site-packages/cv2/.dylibs/libSDL2-2.0.0.dylib (0x176b24b88). This may cause spurious casting failures and mysterious crashes. One of the duplicates must be removed or renamed.
objc[33020]: Class SDLWindow is implemented in both /Users/linmuyi/miniconda3/envs/llm_gs/lib/python3.9/site-packages/pygame/.dylibs/libSDL2-2.0.0.dylib (0x115b615e8) and /Users/linmuyi/miniconda3/envs/llm_gs/lib/python3.9/site-packages/cv2/.dylibs/libSDL2-2.0.0.dylib (0x176b24bb0). This may cause spurious casting failures and mysterious crashes. One of the duplicates must be removed or renamed.
objc[33020]: Class Cocoa_WindowListener is implemented in both /Users/linmuyi/miniconda3/envs/llm_gs/lib/python3.9/site-packages/pygame/.dylibs/libSDL2-2.0.0.dylib (0x115b61610) and /Users/linmuyi/miniconda3/envs/llm_gs/lib/python3.9/site-packages/cv2/.dylibs/libSDL2-2.0.0.dylib (0x176b24bd8). This may cause spurious casting failures and mysterious crashes. One of the duplicates must be removed or renamed.
objc[33020]: Class SDLView is implemented in both /Users/linmuyi/miniconda3/envs/llm_gs/lib/python3.9/site-packages/pygame/.dylibs/libSDL2-2.0.0.dylib (0x115b61688) and /Users/linmuyi/miniconda3/envs/llm_gs/lib/python3.9/site-packages/cv2/.dylibs/libSDL2-2.0.0.dylib (0x176b24c50). This may cause spurious casting failures and mysterious crashes. One of the duplicates must be removed or renamed.
objc[33020]: Class METAL_RenderData is implemented in both /Users/linmuyi/miniconda3/envs/llm_gs/lib/python3.9/site-packages/pygame/.dylibs/libSDL2-2.0.0.dylib (0x115b61700) and /Users/linmuyi/miniconda3/envs/llm_gs/lib/python3.9/site-packages/cv2/.dylibs/libSDL2-2.0.0.dylib (0x176b24cc8). This may cause spurious casting failures and mysterious crashes. One of the duplicates must be removed or renamed.
objc[33020]: Class METAL_TextureData is implemented in both /Users/linmuyi/miniconda3/envs/llm_gs/lib/python3.9/site-packages/pygame/.dylibs/libSDL2-2.0.0.dylib (0x115b61750) and /Users/linmuyi/miniconda3/envs/llm_gs/lib/python3.9/site-packages/cv2/.dylibs/libSDL2-2.0.0.dylib (0x176b24d18). This may cause spurious casting failures and mysterious crashes. One of the duplicates must be removed or renamed.
objc[33020]: Class SDL_RumbleMotor is implemented in both /Users/linmuyi/miniconda3/envs/llm_gs/lib/python3.9/site-packages/pygame/.dylibs/libSDL2-2.0.0.dylib (0x115b61778) and /Users/linmuyi/miniconda3/envs/llm_gs/lib/python3.9/site-packages/cv2/.dylibs/libSDL2-2.0.0.dylib (0x176b24d40). This may cause spurious casting failures and mysterious crashes. One of the duplicates must be removed or renamed.
objc[33020]: Class SDL_RumbleContext is implemented in both /Users/linmuyi/miniconda3/envs/llm_gs/lib/python3.9/site-packages/pygame/.dylibs/libSDL2-2.0.0.dylib (0x115b617c8) and /Users/linmuyi/miniconda3/envs/llm_gs/lib/python3.9/site-packages/cv2/.dylibs/libSDL2-2.0.0.dylib (0x176b24d90). This may cause spurious casting failures and mysterious crashes. One of the duplicates must be removed or renamed.
[flat] 1500000 steps, 30 checkpoints, flat (no curriculum)

  steps=  50000  held=0.00  gate=0.00  bins=3/3  active= 90  (32s)
  steps= 100000  held=0.01  gate=0.01  bins=3/3  active= 90  (61s)
  steps= 150000  held=0.00  gate=0.00  bins=3/3  active= 90  (96s)
  steps= 200000  held=0.01  gate=0.01  bins=3/3  active= 90  (131s)
  steps= 250000  held=0.00  gate=0.00  bins=3/3  active= 90  (173s)
  steps= 300000  held=0.00  gate=0.00  bins=3/3  active= 90  (207s)
  steps= 350000  held=0.01  gate=0.01  bins=3/3  active= 90  (234s)
  steps= 400000  held=0.00  gate=0.00  bins=3/3  active= 90  (281s)
  steps= 450000  held=0.00  gate=0.00  bins=3/3  active= 90  (330s)
  steps= 500000  held=0.01  gate=0.01  bins=3/3  active= 90  (373s)
  steps= 550000  held=0.00  gate=0.00  bins=3/3  active= 90  (423s)
  steps= 600000  held=0.00  gate=0.00  bins=3/3  active= 90  (474s)
  steps= 650000  held=0.00  gate=0.00  bins=3/3  active= 90  (523s)
  steps= 700000  held=0.00  gate=0.00  bins=3/3  active= 90  (570s)
  steps= 750000  held=0.00  gate=0.00  bins=3/3  active= 90  (614s)
  steps= 800000  held=0.00  gate=0.00  bins=3/3  active= 90  (661s)
  steps= 850000  held=0.00  gate=0.00  bins=3/3  active= 90  (711s)
  steps= 900000  held=0.00  gate=0.00  bins=3/3  active= 90  (761s)
  steps= 950000  held=0.00  gate=0.00  bins=3/3  active= 90  (814s)
  steps=1000000  held=0.01  gate=0.01  bins=3/3  active= 90  (849s)
  steps=1050000  held=0.01  gate=0.01  bins=3/3  active= 90  (895s)
  steps=1100000  held=0.01  gate=0.01  bins=3/3  active= 90  (940s)
  steps=1150000  held=0.00  gate=0.00  bins=3/3  active= 90  (983s)
  steps=1200000  held=0.00  gate=0.00  bins=3/3  active= 90  (1031s)
  steps=1250000  held=0.03  gate=0.03  bins=3/3  active= 90  (1057s)
  steps=1300000  held=0.01  gate=0.01  bins=3/3  active= 90  (1099s)
  steps=1350000  held=0.01  gate=0.01  bins=3/3  active= 90  (1145s)
  steps=1400000  held=0.04  gate=0.04  bins=3/3  active= 90  (1188s)
  steps=1450000  held=0.01  gate=0.01  bins=3/3  active= 90  (1240s)
  steps=1500000  held=0.03  gate=0.03  bins=3/3  active= 90  (1287s)

[flat] DONE  final held=0.03  steps_to_0.3=NOT REACHED  wall=1288s  -> flat_seed36.json
[flat] per-cell held: s9N1=0.12  s9N2=0.00  s9N3=0.00  s13N1=0.00  s13N2=0.19  s13N3=0.00  s17N1=0.00  s17N2=0.00  s17N3=0.00
