[random_curriculum] train=90 layouts  held-out=36 layouts
objc[57657]: Class SDLApplication is implemented in both /Users/linmuyi/miniconda3/envs/llm_gs/lib/python3.9/site-packages/pygame/.dylibs/libSDL2-2.0.0.dylib (0x102b612c8) and /Users/linmuyi/miniconda3/envs/llm_gs/lib/python3.9/site-packages/cv2/.dylibs/libSDL2-2.0.0.dylib (0x137bb0890). This may cause spurious casting failures and mysterious crashes. One of the duplicates must be removed or renamed.
objc[57657]: Class SDLAppDelegate is implemented in both /Users/linmuyi/miniconda3/envs/llm_gs/lib/python3.9/site-packages/pygame/.dylibs/libSDL2-2.0.0.dylib (0x102b61318) and /Users/linmuyi/miniconda3/envs/llm_gs/lib/python3.9/site-packages/cv2/.dylibs/libSDL2-2.0.0.dylib (0x137bb08e0). This may cause spurious casting failures and mysterious crashes. One of the duplicates must be removed or renamed.
objc[57657]: Class SDLTranslatorResponder is implemented in both /Users/linmuyi/miniconda3/envs/llm_gs/lib/python3.9/site-packages/pygame/.dylibs/libSDL2-2.0.0.dylib (0x102b61390) and /Users/linmuyi/miniconda3/envs/llm_gs/lib/python3.9/site-packages/cv2/.dylibs/libSDL2-2.0.0.dylib (0x137bb0958). This may cause spurious casting failures and mysterious crashes. One of the duplicates must be removed or renamed.
objc[57657]: Class SDLMessageBoxPresenter is implemented in both /Users/linmuyi/miniconda3/envs/llm_gs/lib/python3.9/site-packages/pygame/.dylibs/libSDL2-2.0.0.dylib (0x102b613b8) and /Users/linmuyi/miniconda3/envs/llm_gs/lib/python3.9/site-packages/cv2/.dylibs/libSDL2-2.0.0.dylib (0x137bb0980). This may cause spurious casting failures and mysterious crashes. One of the duplicates must be removed or renamed.
objc[57657]: Class SDL_cocoametalview is implemented in both /Users/linmuyi/miniconda3/envs/llm_gs/lib/python3.9/site-packages/pygame/.dylibs/libSDL2-2.0.0.dylib (0x102b61408) and /Users/linmuyi/miniconda3/envs/llm_gs/lib/python3.9/site-packages/cv2/.dylibs/libSDL2-2.0.0.dylib (0x137bb09d0). This may cause spurious casting failures and mysterious crashes. One of the duplicates must be removed or renamed.
objc[57657]: Class SDLOpenGLContext is implemented in both /Users/linmuyi/miniconda3/envs/llm_gs/lib/python3.9/site-packages/pygame/.dylibs/libSDL2-2.0.0.dylib (0x102b61458) and /Users/linmuyi/miniconda3/envs/llm_gs/lib/python3.9/site-packages/cv2/.dylibs/libSDL2-2.0.0.dylib (0x137bb0a20). This may cause spurious casting failures and mysterious crashes. One of the duplicates must be removed or renamed.
objc[57657]: Class SDL_ShapeData is implemented in both /Users/linmuyi/miniconda3/envs/llm_gs/lib/python3.9/site-packages/pygame/.dylibs/libSDL2-2.0.0.dylib (0x102b614d0) and /Users/linmuyi/miniconda3/envs/llm_gs/lib/python3.9/site-packages/cv2/.dylibs/libSDL2-2.0.0.dylib (0x137bb0a98). This may cause spurious casting failures and mysterious crashes. One of the duplicates must be removed or renamed.
objc[57657]: Class SDL_CocoaClosure is implemented in both /Users/linmuyi/miniconda3/envs/llm_gs/lib/python3.9/site-packages/pygame/.dylibs/libSDL2-2.0.0.dylib (0x102b61520) and /Users/linmuyi/miniconda3/envs/llm_gs/lib/python3.9/site-packages/cv2/.dylibs/libSDL2-2.0.0.dylib (0x137bb0ae8). This may cause spurious casting failures and mysterious crashes. One of the duplicates must be removed or renamed.
objc[57657]: Class SDL_VideoData is implemented in both /Users/linmuyi/miniconda3/envs/llm_gs/lib/python3.9/site-packages/pygame/.dylibs/libSDL2-2.0.0.dylib (0x102b61570) and /Users/linmuyi/miniconda3/envs/llm_gs/lib/python3.9/site-packages/cv2/.dylibs/libSDL2-2.0.0.dylib (0x137bb0b38). This may cause spurious casting failures and mysterious crashes. One of the duplicates must be removed or renamed.
objc[57657]: Class SDL_WindowData is implemented in both /Users/linmuyi/miniconda3/envs/llm_gs/lib/python3.9/site-packages/pygame/.dylibs/libSDL2-2.0.0.dylib (0x102b615c0) and /Users/linmuyi/miniconda3/envs/llm_gs/lib/python3.9/site-packages/cv2/.dylibs/libSDL2-2.0.0.dylib (0x137bb0b88). This may cause spurious casting failures and mysterious crashes. One of the duplicates must be removed or renamed.
objc[57657]: Class SDLWindow is implemented in both /Users/linmuyi/miniconda3/envs/llm_gs/lib/python3.9/site-packages/pygame/.dylibs/libSDL2-2.0.0.dylib (0x102b615e8) and /Users/linmuyi/miniconda3/envs/llm_gs/lib/python3.9/site-packages/cv2/.dylibs/libSDL2-2.0.0.dylib (0x137bb0bb0). This may cause spurious casting failures and mysterious crashes. One of the duplicates must be removed or renamed.
objc[57657]: Class Cocoa_WindowListener is implemented in both /Users/linmuyi/miniconda3/envs/llm_gs/lib/python3.9/site-packages/pygame/.dylibs/libSDL2-2.0.0.dylib (0x102b61610) and /Users/linmuyi/miniconda3/envs/llm_gs/lib/python3.9/site-packages/cv2/.dylibs/libSDL2-2.0.0.dylib (0x137bb0bd8). This may cause spurious casting failures and mysterious crashes. One of the duplicates must be removed or renamed.
objc[57657]: Class SDLView is implemented in both /Users/linmuyi/miniconda3/envs/llm_gs/lib/python3.9/site-packages/pygame/.dylibs/libSDL2-2.0.0.dylib (0x102b61688) and /Users/linmuyi/miniconda3/envs/llm_gs/lib/python3.9/site-packages/cv2/.dylibs/libSDL2-2.0.0.dylib (0x137bb0c50). This may cause spurious casting failures and mysterious crashes. One of the duplicates must be removed or renamed.
objc[57657]: Class METAL_RenderData is implemented in both /Users/linmuyi/miniconda3/envs/llm_gs/lib/python3.9/site-packages/pygame/.dylibs/libSDL2-2.0.0.dylib (0x102b61700) and /Users/linmuyi/miniconda3/envs/llm_gs/lib/python3.9/site-packages/cv2/.dylibs/libSDL2-2.0.0.dylib (0x137bb0cc8). This may cause spurious casting failures and mysterious crashes. One of the duplicates must be removed or renamed.
objc[57657]: Class METAL_TextureData is implemented in both /Users/linmuyi/miniconda3/envs/llm_gs/lib/python3.9/site-packages/pygame/.dylibs/libSDL2-2.0.0.dylib (0x102b61750) and /Users/linmuyi/miniconda3/envs/llm_gs/lib/python3.9/site-packages/cv2/.dylibs/libSDL2-2.0.0.dylib (0x137bb0d18). This may cause spurious casting failures and mysterious crashes. One of the duplicates must be removed or renamed.
objc[57657]: Class SDL_RumbleMotor is implemented in both /Users/linmuyi/miniconda3/envs/llm_gs/lib/python3.9/site-packages/pygame/.dylibs/libSDL2-2.0.0.dylib (0x102b61778) and /Users/linmuyi/miniconda3/envs/llm_gs/lib/python3.9/site-packages/cv2/.dylibs/libSDL2-2.0.0.dylib (0x137bb0d40). This may cause spurious casting failures and mysterious crashes. One of the duplicates must be removed or renamed.
objc[57657]: Class SDL_RumbleContext is implemented in both /Users/linmuyi/miniconda3/envs/llm_gs/lib/python3.9/site-packages/pygame/.dylibs/libSDL2-2.0.0.dylib (0x102b617c8) and /Users/linmuyi/miniconda3/envs/llm_gs/lib/python3.9/site-packages/cv2/.dylibs/libSDL2-2.0.0.dylib (0x137bb0d90). This may cause spurious casting failures and mysterious crashes. One of the duplicates must be removed or renamed.
[random_curriculum] 1500000 steps, 30 checkpoints, curriculum

  steps=  50000  held=0.00  gate=0.00  bins=1/3  active= 30  (42s)
  steps= 100000  held=0.00  gate=0.00  bins=1/3  active= 30  (85s)
  steps= 150000  held=0.00  gate=0.00  bins=1/3  active= 30  (116s)
  steps= 200000  held=0.00  gate=0.00  bins=1/3  active= 30  (147s)
  steps= 250000  held=0.00  gate=0.00  bins=1/3  active= 30  (187s)
  steps= 300000  held=0.00  gate=0.00  bins=1/3  active= 30  (223s)
  steps= 350000  held=0.01  gate=0.00  bins=1/3  active= 30  (270s)
  steps= 400000  held=0.00  gate=0.00  bins=2/3  active= 60  [UNLOCK:deadline]  (316s)
  steps= 450000  held=0.00  gate=0.01  bins=2/3  active= 60  (356s)
  steps= 500000  held=0.01  gate=0.00  bins=2/3  active= 60  (397s)
  steps= 550000  held=0.00  gate=0.00  bins=2/3  active= 60  (439s)
  steps= 600000  held=0.03  gate=0.00  bins=2/3  active= 60  (465s)
  steps= 650000  held=0.03  gate=0.11  bins=2/3  active= 60  (491s)
  steps= 700000  held=0.02  gate=0.00  bins=2/3  active= 60  (530s)
  steps= 750000  held=0.02  gate=0.00  bins=2/3  active= 60  (572s)
  steps= 800000  held=0.01  gate=0.11  bins=3/3  active= 90  [UNLOCK:deadline]  (620s)
  steps= 850000  held=0.00  gate=0.00  bins=3/3  active= 90  (658s)
  steps= 900000  held=0.00  gate=0.00  bins=3/3  active= 90  (696s)
  steps= 950000  held=0.02  gate=0.02  bins=3/3  active= 90  (725s)
  steps=1000000  held=0.03  gate=0.03  bins=3/3  active= 90  (753s)
  steps=1050000  held=0.03  gate=0.03  bins=3/3  active= 90  (788s)
  steps=1100000  held=0.03  gate=0.03  bins=3/3  active= 90  (829s)
  steps=1150000  held=0.03  gate=0.03  bins=3/3  active= 90  (877s)
  steps=1200000  held=0.02  gate=0.02  bins=3/3  active= 90  (929s)
  steps=1250000  held=0.00  gate=0.00  bins=3/3  active= 90  (975s)
  steps=1300000  held=0.01  gate=0.01  bins=3/3  active= 90  (1014s)
  steps=1350000  held=0.01  gate=0.01  bins=3/3  active= 90  (1062s)
  steps=1400000  held=0.00  gate=0.00  bins=3/3  active= 90  (1112s)
  steps=1450000  held=0.00  gate=0.00  bins=3/3  active= 90  (1149s)
  steps=1500000  held=0.01  gate=0.01  bins=3/3  active= 90  (1189s)

[random_curriculum] DONE  final held=0.01  steps_to_0.3=NOT REACHED  wall=1189s  -> random_curriculum_seed25.json
[random_curriculum] per-cell held: s9N1=0.00  s9N2=0.00  s9N3=0.00  s13N1=0.06  s13N2=0.00  s13N3=0.00  s17N1=0.00  s17N2=0.00  s17N3=0.00
