[size_order] train=90 layouts  held-out=36 layouts
objc[10485]: Class SDLApplication is implemented in both /Users/linmuyi/miniconda3/envs/llm_gs/lib/python3.9/site-packages/pygame/.dylibs/libSDL2-2.0.0.dylib (0x12694d2c8) and /Users/linmuyi/miniconda3/envs/llm_gs/lib/python3.9/site-packages/cv2/.dylibs/libSDL2-2.0.0.dylib (0x31a620890). This may cause spurious casting failures and mysterious crashes. One of the duplicates must be removed or renamed.
objc[10485]: Class SDLAppDelegate is implemented in both /Users/linmuyi/miniconda3/envs/llm_gs/lib/python3.9/site-packages/pygame/.dylibs/libSDL2-2.0.0.dylib (0x12694d318) and /Users/linmuyi/miniconda3/envs/llm_gs/lib/python3.9/site-packages/cv2/.dylibs/libSDL2-2.0.0.dylib (0x31a6208e0). This may cause spurious casting failures and mysterious crashes. One of the duplicates must be removed or renamed.
objc[10485]: Class SDLTranslatorResponder is implemented in both /Users/linmuyi/miniconda3/envs/llm_gs/lib/python3.9/site-packages/pygame/.dylibs/libSDL2-2.0.0.dylib (0x12694d390) and /Users/linmuyi/miniconda3/envs/llm_gs/lib/python3.9/site-packages/cv2/.dylibs/libSDL2-2.0.0.dylib (0x31a620958). This may cause spurious casting failures and mysterious crashes. One of the duplicates must be removed or renamed.
objc[10485]: Class SDLMessageBoxPresenter is implemented in both /Users/linmuyi/miniconda3/envs/llm_gs/lib/python3.9/site-packages/pygame/.dylibs/libSDL2-2.0.0.dylib (0x12694d3b8) and /Users/linmuyi/miniconda3/envs/llm_gs/lib/python3.9/site-packages/cv2/.dylibs/libSDL2-2.0.0.dylib (0x31a620980). This may cause spurious casting failures and mysterious crashes. One of the duplicates must be removed or renamed.
objc[10485]: Class SDL_cocoametalview is implemented in both /Users/linmuyi/miniconda3/envs/llm_gs/lib/python3.9/site-packages/pygame/.dylibs/libSDL2-2.0.0.dylib (0x12694d408) and /Users/linmuyi/miniconda3/envs/llm_gs/lib/python3.9/site-packages/cv2/.dylibs/libSDL2-2.0.0.dylib (0x31a6209d0). This may cause spurious casting failures and mysterious crashes. One of the duplicates must be removed or renamed.
objc[10485]: Class SDLOpenGLContext is implemented in both /Users/linmuyi/miniconda3/envs/llm_gs/lib/python3.9/site-packages/pygame/.dylibs/libSDL2-2.0.0.dylib (0x12694d458) and /Users/linmuyi/miniconda3/envs/llm_gs/lib/python3.9/site-packages/cv2/.dylibs/libSDL2-2.0.0.dylib (0x31a620a20). This may cause spurious casting failures and mysterious crashes. One of the duplicates must be removed or renamed.
objc[10485]: Class SDL_ShapeData is implemented in both /Users/linmuyi/miniconda3/envs/llm_gs/lib/python3.9/site-packages/pygame/.dylibs/libSDL2-2.0.0.dylib (0x12694d4d0) and /Users/linmuyi/miniconda3/envs/llm_gs/lib/python3.9/site-packages/cv2/.dylibs/libSDL2-2.0.0.dylib (0x31a620a98). This may cause spurious casting failures and mysterious crashes. One of the duplicates must be removed or renamed.
objc[10485]: Class SDL_CocoaClosure is implemented in both /Users/linmuyi/miniconda3/envs/llm_gs/lib/python3.9/site-packages/pygame/.dylibs/libSDL2-2.0.0.dylib (0x12694d520) and /Users/linmuyi/miniconda3/envs/llm_gs/lib/python3.9/site-packages/cv2/.dylibs/libSDL2-2.0.0.dylib (0x31a620ae8). This may cause spurious casting failures and mysterious crashes. One of the duplicates must be removed or renamed.
objc[10485]: Class SDL_VideoData is implemented in both /Users/linmuyi/miniconda3/envs/llm_gs/lib/python3.9/site-packages/pygame/.dylibs/libSDL2-2.0.0.dylib (0x12694d570) and /Users/linmuyi/miniconda3/envs/llm_gs/lib/python3.9/site-packages/cv2/.dylibs/libSDL2-2.0.0.dylib (0x31a620b38). This may cause spurious casting failures and mysterious crashes. One of the duplicates must be removed or renamed.
objc[10485]: Class SDL_WindowData is implemented in both /Users/linmuyi/miniconda3/envs/llm_gs/lib/python3.9/site-packages/pygame/.dylibs/libSDL2-2.0.0.dylib (0x12694d5c0) and /Users/linmuyi/miniconda3/envs/llm_gs/lib/python3.9/site-packages/cv2/.dylibs/libSDL2-2.0.0.dylib (0x31a620b88). This may cause spurious casting failures and mysterious crashes. One of the duplicates must be removed or renamed.
objc[10485]: Class SDLWindow is implemented in both /Users/linmuyi/miniconda3/envs/llm_gs/lib/python3.9/site-packages/pygame/.dylibs/libSDL2-2.0.0.dylib (0x12694d5e8) and /Users/linmuyi/miniconda3/envs/llm_gs/lib/python3.9/site-packages/cv2/.dylibs/libSDL2-2.0.0.dylib (0x31a620bb0). This may cause spurious casting failures and mysterious crashes. One of the duplicates must be removed or renamed.
objc[10485]: Class Cocoa_WindowListener is implemented in both /Users/linmuyi/miniconda3/envs/llm_gs/lib/python3.9/site-packages/pygame/.dylibs/libSDL2-2.0.0.dylib (0x12694d610) and /Users/linmuyi/miniconda3/envs/llm_gs/lib/python3.9/site-packages/cv2/.dylibs/libSDL2-2.0.0.dylib (0x31a620bd8). This may cause spurious casting failures and mysterious crashes. One of the duplicates must be removed or renamed.
objc[10485]: Class SDLView is implemented in both /Users/linmuyi/miniconda3/envs/llm_gs/lib/python3.9/site-packages/pygame/.dylibs/libSDL2-2.0.0.dylib (0x12694d688) and /Users/linmuyi/miniconda3/envs/llm_gs/lib/python3.9/site-packages/cv2/.dylibs/libSDL2-2.0.0.dylib (0x31a620c50). This may cause spurious casting failures and mysterious crashes. One of the duplicates must be removed or renamed.
objc[10485]: Class METAL_RenderData is implemented in both /Users/linmuyi/miniconda3/envs/llm_gs/lib/python3.9/site-packages/pygame/.dylibs/libSDL2-2.0.0.dylib (0x12694d700) and /Users/linmuyi/miniconda3/envs/llm_gs/lib/python3.9/site-packages/cv2/.dylibs/libSDL2-2.0.0.dylib (0x31a620cc8). This may cause spurious casting failures and mysterious crashes. One of the duplicates must be removed or renamed.
objc[10485]: Class METAL_TextureData is implemented in both /Users/linmuyi/miniconda3/envs/llm_gs/lib/python3.9/site-packages/pygame/.dylibs/libSDL2-2.0.0.dylib (0x12694d750) and /Users/linmuyi/miniconda3/envs/llm_gs/lib/python3.9/site-packages/cv2/.dylibs/libSDL2-2.0.0.dylib (0x31a620d18). This may cause spurious casting failures and mysterious crashes. One of the duplicates must be removed or renamed.
objc[10485]: Class SDL_RumbleMotor is implemented in both /Users/linmuyi/miniconda3/envs/llm_gs/lib/python3.9/site-packages/pygame/.dylibs/libSDL2-2.0.0.dylib (0x12694d778) and /Users/linmuyi/miniconda3/envs/llm_gs/lib/python3.9/site-packages/cv2/.dylibs/libSDL2-2.0.0.dylib (0x31a620d40). This may cause spurious casting failures and mysterious crashes. One of the duplicates must be removed or renamed.
objc[10485]: Class SDL_RumbleContext is implemented in both /Users/linmuyi/miniconda3/envs/llm_gs/lib/python3.9/site-packages/pygame/.dylibs/libSDL2-2.0.0.dylib (0x12694d7c8) and /Users/linmuyi/miniconda3/envs/llm_gs/lib/python3.9/site-packages/cv2/.dylibs/libSDL2-2.0.0.dylib (0x31a620d90). This may cause spurious casting failures and mysterious crashes. One of the duplicates must be removed or renamed.
[size_order] 1500000 steps, 30 checkpoints, curriculum

  steps=  50000  held=0.00  gate=0.00  bins=1/3  active= 30  (475s)
  steps= 100000  held=0.00  gate=0.00  bins=1/3  active= 30  (559s)
  steps= 150000  held=0.00  gate=0.00  bins=1/3  active= 30  (639s)
  steps= 200000  held=0.00  gate=0.00  bins=1/3  active= 30  (785s)
  steps= 250000  held=0.00  gate=0.00  bins=1/3  active= 30  (921s)
  steps= 300000  held=0.00  gate=0.00  bins=1/3  active= 30  (988s)
  steps= 350000  held=0.00  gate=0.00  bins=1/3  active= 30  (1053s)
  steps= 400000  held=0.03  gate=0.11  bins=2/3  active= 60  [UNLOCK:deadline]  (1126s)
  steps= 450000  held=0.01  gate=0.00  bins=2/3  active= 60  (1239s)
  steps= 500000  held=0.02  gate=0.04  bins=2/3  active= 60  (1304s)
  steps= 550000  held=0.01  gate=0.00  bins=2/3  active= 60  (1359s)
  steps= 600000  held=0.02  gate=0.08  bins=2/3  active= 60  (1413s)
  steps= 650000  held=0.03  gate=0.06  bins=2/3  active= 60  (1476s)
  steps= 700000  held=0.03  gate=0.03  bins=2/3  active= 60  (1538s)
  steps= 750000  held=0.01  gate=0.00  bins=2/3  active= 60  (1580s)
  steps= 800000  held=0.01  gate=0.01  bins=3/3  active= 90  [UNLOCK:deadline]  (1632s)
  steps= 850000  held=0.00  gate=0.00  bins=3/3  active= 90  (1676s)
  steps= 900000  held=0.00  gate=0.00  bins=3/3  active= 90  (1721s)
  steps= 950000  held=0.00  gate=0.00  bins=3/3  active= 90  (1760s)
  steps=1000000  held=0.00  gate=0.00  bins=3/3  active= 90  (1802s)
  steps=1050000  held=0.02  gate=0.02  bins=3/3  active= 90  (1837s)
  steps=1100000  held=0.00  gate=0.00  bins=3/3  active= 90  (1884s)
  steps=1150000  held=0.02  gate=0.02  bins=3/3  active= 90  (1917s)
  steps=1200000  held=0.01  gate=0.01  bins=3/3  active= 90  (1958s)
  steps=1250000  held=0.02  gate=0.02  bins=3/3  active= 90  (1994s)
  steps=1300000  held=0.00  gate=0.00  bins=3/3  active= 90  (2038s)
  steps=1350000  held=0.03  gate=0.03  bins=3/3  active= 90  (2086s)
  steps=1400000  held=0.12  gate=0.12  bins=3/3  active= 90  (2128s)
  steps=1450000  held=0.01  gate=0.01  bins=3/3  active= 90  (2181s)
  steps=1500000  held=0.00  gate=0.00  bins=3/3  active= 90  (2232s)

[size_order] DONE  final held=0.00  steps_to_0.3=NOT REACHED  wall=2232s  -> size_order_seed0.json
[size_order] per-cell held: s9N1=0.00  s9N2=0.00  s9N3=0.00  s13N1=0.00  s13N2=0.00  s13N3=0.00  s17N1=0.00  s17N2=0.00  s17N3=0.00
