[size_order] train=90 layouts  held-out=36 layouts
objc[81088]: Class SDLApplication is implemented in both /Users/linmuyi/miniconda3/envs/llm_gs/lib/python3.9/site-packages/pygame/.dylibs/libSDL2-2.0.0.dylib (0x1031592c8) and /Users/linmuyi/miniconda3/envs/llm_gs/lib/python3.9/site-packages/cv2/.dylibs/libSDL2-2.0.0.dylib (0x12dfd0890). This may cause spurious casting failures and mysterious crashes. One of the duplicates must be removed or renamed.
objc[81088]: Class SDLAppDelegate is implemented in both /Users/linmuyi/miniconda3/envs/llm_gs/lib/python3.9/site-packages/pygame/.dylibs/libSDL2-2.0.0.dylib (0x103159318) and /Users/linmuyi/miniconda3/envs/llm_gs/lib/python3.9/site-packages/cv2/.dylibs/libSDL2-2.0.0.dylib (0x12dfd08e0). This may cause spurious casting failures and mysterious crashes. One of the duplicates must be removed or renamed.
objc[81088]: Class SDLTranslatorResponder is implemented in both /Users/linmuyi/miniconda3/envs/llm_gs/lib/python3.9/site-packages/pygame/.dylibs/libSDL2-2.0.0.dylib (0x103159390) and /Users/linmuyi/miniconda3/envs/llm_gs/lib/python3.9/site-packages/cv2/.dylibs/libSDL2-2.0.0.dylib (0x12dfd0958). This may cause spurious casting failures and mysterious crashes. One of the duplicates must be removed or renamed.
objc[81088]: Class SDLMessageBoxPresenter is implemented in both /Users/linmuyi/miniconda3/envs/llm_gs/lib/python3.9/site-packages/pygame/.dylibs/libSDL2-2.0.0.dylib (0x1031593b8) and /Users/linmuyi/miniconda3/envs/llm_gs/lib/python3.9/site-packages/cv2/.dylibs/libSDL2-2.0.0.dylib (0x12dfd0980). This may cause spurious casting failures and mysterious crashes. One of the duplicates must be removed or renamed.
objc[81088]: Class SDL_cocoametalview is implemented in both /Users/linmuyi/miniconda3/envs/llm_gs/lib/python3.9/site-packages/pygame/.dylibs/libSDL2-2.0.0.dylib (0x103159408) and /Users/linmuyi/miniconda3/envs/llm_gs/lib/python3.9/site-packages/cv2/.dylibs/libSDL2-2.0.0.dylib (0x12dfd09d0). This may cause spurious casting failures and mysterious crashes. One of the duplicates must be removed or renamed.
objc[81088]: Class SDLOpenGLContext is implemented in both /Users/linmuyi/miniconda3/envs/llm_gs/lib/python3.9/site-packages/pygame/.dylibs/libSDL2-2.0.0.dylib (0x103159458) and /Users/linmuyi/miniconda3/envs/llm_gs/lib/python3.9/site-packages/cv2/.dylibs/libSDL2-2.0.0.dylib (0x12dfd0a20). This may cause spurious casting failures and mysterious crashes. One of the duplicates must be removed or renamed.
objc[81088]: Class SDL_ShapeData is implemented in both /Users/linmuyi/miniconda3/envs/llm_gs/lib/python3.9/site-packages/pygame/.dylibs/libSDL2-2.0.0.dylib (0x1031594d0) and /Users/linmuyi/miniconda3/envs/llm_gs/lib/python3.9/site-packages/cv2/.dylibs/libSDL2-2.0.0.dylib (0x12dfd0a98). This may cause spurious casting failures and mysterious crashes. One of the duplicates must be removed or renamed.
objc[81088]: Class SDL_CocoaClosure is implemented in both /Users/linmuyi/miniconda3/envs/llm_gs/lib/python3.9/site-packages/pygame/.dylibs/libSDL2-2.0.0.dylib (0x103159520) and /Users/linmuyi/miniconda3/envs/llm_gs/lib/python3.9/site-packages/cv2/.dylibs/libSDL2-2.0.0.dylib (0x12dfd0ae8). This may cause spurious casting failures and mysterious crashes. One of the duplicates must be removed or renamed.
objc[81088]: Class SDL_VideoData is implemented in both /Users/linmuyi/miniconda3/envs/llm_gs/lib/python3.9/site-packages/pygame/.dylibs/libSDL2-2.0.0.dylib (0x103159570) and /Users/linmuyi/miniconda3/envs/llm_gs/lib/python3.9/site-packages/cv2/.dylibs/libSDL2-2.0.0.dylib (0x12dfd0b38). This may cause spurious casting failures and mysterious crashes. One of the duplicates must be removed or renamed.
objc[81088]: Class SDL_WindowData is implemented in both /Users/linmuyi/miniconda3/envs/llm_gs/lib/python3.9/site-packages/pygame/.dylibs/libSDL2-2.0.0.dylib (0x1031595c0) and /Users/linmuyi/miniconda3/envs/llm_gs/lib/python3.9/site-packages/cv2/.dylibs/libSDL2-2.0.0.dylib (0x12dfd0b88). This may cause spurious casting failures and mysterious crashes. One of the duplicates must be removed or renamed.
objc[81088]: Class SDLWindow is implemented in both /Users/linmuyi/miniconda3/envs/llm_gs/lib/python3.9/site-packages/pygame/.dylibs/libSDL2-2.0.0.dylib (0x1031595e8) and /Users/linmuyi/miniconda3/envs/llm_gs/lib/python3.9/site-packages/cv2/.dylibs/libSDL2-2.0.0.dylib (0x12dfd0bb0). This may cause spurious casting failures and mysterious crashes. One of the duplicates must be removed or renamed.
objc[81088]: Class Cocoa_WindowListener is implemented in both /Users/linmuyi/miniconda3/envs/llm_gs/lib/python3.9/site-packages/pygame/.dylibs/libSDL2-2.0.0.dylib (0x103159610) and /Users/linmuyi/miniconda3/envs/llm_gs/lib/python3.9/site-packages/cv2/.dylibs/libSDL2-2.0.0.dylib (0x12dfd0bd8). This may cause spurious casting failures and mysterious crashes. One of the duplicates must be removed or renamed.
objc[81088]: Class SDLView is implemented in both /Users/linmuyi/miniconda3/envs/llm_gs/lib/python3.9/site-packages/pygame/.dylibs/libSDL2-2.0.0.dylib (0x103159688) and /Users/linmuyi/miniconda3/envs/llm_gs/lib/python3.9/site-packages/cv2/.dylibs/libSDL2-2.0.0.dylib (0x12dfd0c50). This may cause spurious casting failures and mysterious crashes. One of the duplicates must be removed or renamed.
objc[81088]: Class METAL_RenderData is implemented in both /Users/linmuyi/miniconda3/envs/llm_gs/lib/python3.9/site-packages/pygame/.dylibs/libSDL2-2.0.0.dylib (0x103159700) and /Users/linmuyi/miniconda3/envs/llm_gs/lib/python3.9/site-packages/cv2/.dylibs/libSDL2-2.0.0.dylib (0x12dfd0cc8). This may cause spurious casting failures and mysterious crashes. One of the duplicates must be removed or renamed.
objc[81088]: Class METAL_TextureData is implemented in both /Users/linmuyi/miniconda3/envs/llm_gs/lib/python3.9/site-packages/pygame/.dylibs/libSDL2-2.0.0.dylib (0x103159750) and /Users/linmuyi/miniconda3/envs/llm_gs/lib/python3.9/site-packages/cv2/.dylibs/libSDL2-2.0.0.dylib (0x12dfd0d18). This may cause spurious casting failures and mysterious crashes. One of the duplicates must be removed or renamed.
objc[81088]: Class SDL_RumbleMotor is implemented in both /Users/linmuyi/miniconda3/envs/llm_gs/lib/python3.9/site-packages/pygame/.dylibs/libSDL2-2.0.0.dylib (0x103159778) and /Users/linmuyi/miniconda3/envs/llm_gs/lib/python3.9/site-packages/cv2/.dylibs/libSDL2-2.0.0.dylib (0x12dfd0d40). This may cause spurious casting failures and mysterious crashes. One of the duplicates must be removed or renamed.
objc[81088]: Class SDL_RumbleContext is implemented in both /Users/linmuyi/miniconda3/envs/llm_gs/lib/python3.9/site-packages/pygame/.dylibs/libSDL2-2.0.0.dylib (0x1031597c8) and /Users/linmuyi/miniconda3/envs/llm_gs/lib/python3.9/site-packages/cv2/.dylibs/libSDL2-2.0.0.dylib (0x12dfd0d90). This may cause spurious casting failures and mysterious crashes. One of the duplicates must be removed or renamed.
[size_order] 1500000 steps, 30 checkpoints, curriculum

  steps=  50000  held=0.00  gate=0.00  bins=1/3  active= 30  (47s)
  steps= 100000  held=0.00  gate=0.03  bins=1/3  active= 30  (83s)
  steps= 150000  held=0.00  gate=0.00  bins=1/3  active= 30  (132s)
  steps= 200000  held=0.00  gate=0.03  bins=1/3  active= 30  (193s)
  steps= 250000  held=0.00  gate=0.01  bins=1/3  active= 30  (250s)
  steps= 300000  held=0.00  gate=0.03  bins=1/3  active= 30  (298s)
  steps= 350000  held=0.00  gate=0.10  bins=1/3  active= 30  (351s)
  steps= 400000  held=0.00  gate=0.03  bins=2/3  active= 60  [UNLOCK:deadline]  (408s)
  steps= 450000  held=0.00  gate=0.00  bins=2/3  active= 60  (457s)
  steps= 500000  held=0.00  gate=0.00  bins=2/3  active= 60  (520s)
  steps= 550000  held=0.00  gate=0.04  bins=2/3  active= 60  (586s)
  steps= 600000  held=0.01  gate=0.00  bins=2/3  active= 60  (649s)
  steps= 650000  held=0.00  gate=0.00  bins=2/3  active= 60  (708s)
  steps= 700000  held=0.01  gate=0.06  bins=2/3  active= 60  (760s)
  steps= 750000  held=0.03  gate=0.06  bins=2/3  active= 60  (802s)
  steps= 800000  held=0.03  gate=0.06  bins=3/3  active= 90  [UNLOCK:deadline]  (857s)
  steps= 850000  held=0.00  gate=0.00  bins=3/3  active= 90  (915s)
  steps= 900000  held=0.00  gate=0.00  bins=3/3  active= 90  (969s)
  steps= 950000  held=0.00  gate=0.00  bins=3/3  active= 90  (1025s)
  steps=1000000  held=0.00  gate=0.00  bins=3/3  active= 90  (1083s)
  steps=1050000  held=0.00  gate=0.00  bins=3/3  active= 90  (1141s)
  steps=1100000  held=0.01  gate=0.01  bins=3/3  active= 90  (1193s)
  steps=1150000  held=0.03  gate=0.03  bins=3/3  active= 90  (1238s)
  steps=1200000  held=0.04  gate=0.04  bins=3/3  active= 90  (1279s)
  steps=1250000  held=0.02  gate=0.02  bins=3/3  active= 90  (1329s)
  steps=1300000  held=0.05  gate=0.05  bins=3/3  active= 90  (1368s)
  steps=1350000  held=0.04  gate=0.04  bins=3/3  active= 90  (1410s)
  steps=1400000  held=0.07  gate=0.07  bins=3/3  active= 90  (1458s)
  steps=1450000  held=0.11  gate=0.11  bins=3/3  active= 90  (1504s)
  steps=1500000  held=0.13  gate=0.13  bins=3/3  active= 90  (1554s)

[size_order] DONE  final held=0.13  steps_to_0.3=NOT REACHED  wall=1554s  -> size_order_seed12.json
[size_order] per-cell held: s9N1=0.12  s9N2=0.19  s9N3=0.00  s13N1=0.50  s13N2=0.12  s13N3=0.00  s17N1=0.12  s17N2=0.12  s17N3=0.00
