[flat] train=90 layouts  held-out=36 layouts
objc[66155]: Class SDLApplication is implemented in both /Users/linmuyi/miniconda3/envs/llm_gs/lib/python3.9/site-packages/pygame/.dylibs/libSDL2-2.0.0.dylib (0x1048b92c8) and /Users/linmuyi/miniconda3/envs/llm_gs/lib/python3.9/site-packages/cv2/.dylibs/libSDL2-2.0.0.dylib (0x149bec890). This may cause spurious casting failures and mysterious crashes. One of the duplicates must be removed or renamed.
objc[66155]: Class SDLAppDelegate is implemented in both /Users/linmuyi/miniconda3/envs/llm_gs/lib/python3.9/site-packages/pygame/.dylibs/libSDL2-2.0.0.dylib (0x1048b9318) and /Users/linmuyi/miniconda3/envs/llm_gs/lib/python3.9/site-packages/cv2/.dylibs/libSDL2-2.0.0.dylib (0x149bec8e0). This may cause spurious casting failures and mysterious crashes. One of the duplicates must be removed or renamed.
objc[66155]: Class SDLTranslatorResponder is implemented in both /Users/linmuyi/miniconda3/envs/llm_gs/lib/python3.9/site-packages/pygame/.dylibs/libSDL2-2.0.0.dylib (0x1048b9390) and /Users/linmuyi/miniconda3/envs/llm_gs/lib/python3.9/site-packages/cv2/.dylibs/libSDL2-2.0.0.dylib (0x149bec958). This may cause spurious casting failures and mysterious crashes. One of the duplicates must be removed or renamed.
objc[66155]: Class SDLMessageBoxPresenter is implemented in both /Users/linmuyi/miniconda3/envs/llm_gs/lib/python3.9/site-packages/pygame/.dylibs/libSDL2-2.0.0.dylib (0x1048b93b8) and /Users/linmuyi/miniconda3/envs/llm_gs/lib/python3.9/site-packages/cv2/.dylibs/libSDL2-2.0.0.dylib (0x149bec980). This may cause spurious casting failures and mysterious crashes. One of the duplicates must be removed or renamed.
objc[66155]: Class SDL_cocoametalview is implemented in both /Users/linmuyi/miniconda3/envs/llm_gs/lib/python3.9/site-packages/pygame/.dylibs/libSDL2-2.0.0.dylib (0x1048b9408) and /Users/linmuyi/miniconda3/envs/llm_gs/lib/python3.9/site-packages/cv2/.dylibs/libSDL2-2.0.0.dylib (0x149bec9d0). This may cause spurious casting failures and mysterious crashes. One of the duplicates must be removed or renamed.
objc[66155]: Class SDLOpenGLContext is implemented in both /Users/linmuyi/miniconda3/envs/llm_gs/lib/python3.9/site-packages/pygame/.dylibs/libSDL2-2.0.0.dylib (0x1048b9458) and /Users/linmuyi/miniconda3/envs/llm_gs/lib/python3.9/site-packages/cv2/.dylibs/libSDL2-2.0.0.dylib (0x149beca20). This may cause spurious casting failures and mysterious crashes. One of the duplicates must be removed or renamed.
objc[66155]: Class SDL_ShapeData is implemented in both /Users/linmuyi/miniconda3/envs/llm_gs/lib/python3.9/site-packages/pygame/.dylibs/libSDL2-2.0.0.dylib (0x1048b94d0) and /Users/linmuyi/miniconda3/envs/llm_gs/lib/python3.9/site-packages/cv2/.dylibs/libSDL2-2.0.0.dylib (0x149beca98). This may cause spurious casting failures and mysterious crashes. One of the duplicates must be removed or renamed.
objc[66155]: Class SDL_CocoaClosure is implemented in both /Users/linmuyi/miniconda3/envs/llm_gs/lib/python3.9/site-packages/pygame/.dylibs/libSDL2-2.0.0.dylib (0x1048b9520) and /Users/linmuyi/miniconda3/envs/llm_gs/lib/python3.9/site-packages/cv2/.dylibs/libSDL2-2.0.0.dylib (0x149becae8). This may cause spurious casting failures and mysterious crashes. One of the duplicates must be removed or renamed.
objc[66155]: Class SDL_VideoData is implemented in both /Users/linmuyi/miniconda3/envs/llm_gs/lib/python3.9/site-packages/pygame/.dylibs/libSDL2-2.0.0.dylib (0x1048b9570) and /Users/linmuyi/miniconda3/envs/llm_gs/lib/python3.9/site-packages/cv2/.dylibs/libSDL2-2.0.0.dylib (0x149becb38). This may cause spurious casting failures and mysterious crashes. One of the duplicates must be removed or renamed.
objc[66155]: Class SDL_WindowData is implemented in both /Users/linmuyi/miniconda3/envs/llm_gs/lib/python3.9/site-packages/pygame/.dylibs/libSDL2-2.0.0.dylib (0x1048b95c0) and /Users/linmuyi/miniconda3/envs/llm_gs/lib/python3.9/site-packages/cv2/.dylibs/libSDL2-2.0.0.dylib (0x149becb88). This may cause spurious casting failures and mysterious crashes. One of the duplicates must be removed or renamed.
objc[66155]: Class SDLWindow is implemented in both /Users/linmuyi/miniconda3/envs/llm_gs/lib/python3.9/site-packages/pygame/.dylibs/libSDL2-2.0.0.dylib (0x1048b95e8) and /Users/linmuyi/miniconda3/envs/llm_gs/lib/python3.9/site-packages/cv2/.dylibs/libSDL2-2.0.0.dylib (0x149becbb0). This may cause spurious casting failures and mysterious crashes. One of the duplicates must be removed or renamed.
objc[66155]: Class Cocoa_WindowListener is implemented in both /Users/linmuyi/miniconda3/envs/llm_gs/lib/python3.9/site-packages/pygame/.dylibs/libSDL2-2.0.0.dylib (0x1048b9610) and /Users/linmuyi/miniconda3/envs/llm_gs/lib/python3.9/site-packages/cv2/.dylibs/libSDL2-2.0.0.dylib (0x149becbd8). This may cause spurious casting failures and mysterious crashes. One of the duplicates must be removed or renamed.
objc[66155]: Class SDLView is implemented in both /Users/linmuyi/miniconda3/envs/llm_gs/lib/python3.9/site-packages/pygame/.dylibs/libSDL2-2.0.0.dylib (0x1048b9688) and /Users/linmuyi/miniconda3/envs/llm_gs/lib/python3.9/site-packages/cv2/.dylibs/libSDL2-2.0.0.dylib (0x149becc50). This may cause spurious casting failures and mysterious crashes. One of the duplicates must be removed or renamed.
objc[66155]: Class METAL_RenderData is implemented in both /Users/linmuyi/miniconda3/envs/llm_gs/lib/python3.9/site-packages/pygame/.dylibs/libSDL2-2.0.0.dylib (0x1048b9700) and /Users/linmuyi/miniconda3/envs/llm_gs/lib/python3.9/site-packages/cv2/.dylibs/libSDL2-2.0.0.dylib (0x149beccc8). This may cause spurious casting failures and mysterious crashes. One of the duplicates must be removed or renamed.
objc[66155]: Class METAL_TextureData is implemented in both /Users/linmuyi/miniconda3/envs/llm_gs/lib/python3.9/site-packages/pygame/.dylibs/libSDL2-2.0.0.dylib (0x1048b9750) and /Users/linmuyi/miniconda3/envs/llm_gs/lib/python3.9/site-packages/cv2/.dylibs/libSDL2-2.0.0.dylib (0x149becd18). This may cause spurious casting failures and mysterious crashes. One of the duplicates must be removed or renamed.
objc[66155]: Class SDL_RumbleMotor is implemented in both /Users/linmuyi/miniconda3/envs/llm_gs/lib/python3.9/site-packages/pygame/.dylibs/libSDL2-2.0.0.dylib (0x1048b9778) and /Users/linmuyi/miniconda3/envs/llm_gs/lib/python3.9/site-packages/cv2/.dylibs/libSDL2-2.0.0.dylib (0x149becd40). This may cause spurious casting failures and mysterious crashes. One of the duplicates must be removed or renamed.
objc[66155]: Class SDL_RumbleContext is implemented in both /Users/linmuyi/miniconda3/envs/llm_gs/lib/python3.9/site-packages/pygame/.dylibs/libSDL2-2.0.0.dylib (0x1048b97c8) and /Users/linmuyi/miniconda3/envs/llm_gs/lib/python3.9/site-packages/cv2/.dylibs/libSDL2-2.0.0.dylib (0x149becd90). This may cause spurious casting failures and mysterious crashes. One of the duplicates must be removed or renamed.
[flat] 1500000 steps, 30 checkpoints, flat (no curriculum)

  steps=  50000  held=0.00  gate=0.00  bins=3/3  active= 90  (30s)
  steps= 100000  held=0.01  gate=0.01  bins=3/3  active= 90  (59s)
  steps= 150000  held=0.00  gate=0.00  bins=3/3  active= 90  (88s)
  steps= 200000  held=0.00  gate=0.00  bins=3/3  active= 90  (127s)
  steps= 250000  held=0.00  gate=0.00  bins=3/3  active= 90  (169s)
  steps= 300000  held=0.00  gate=0.00  bins=3/3  active= 90  (207s)
  steps= 350000  held=0.00  gate=0.00  bins=3/3  active= 90  (243s)
  steps= 400000  held=0.00  gate=0.00  bins=3/3  active= 90  (270s)
  steps= 450000  held=0.00  gate=0.00  bins=3/3  active= 90  (303s)
  steps= 500000  held=0.02  gate=0.02  bins=3/3  active= 90  (334s)
  steps= 550000  held=0.00  gate=0.00  bins=3/3  active= 90  (367s)
  steps= 600000  held=0.03  gate=0.03  bins=3/3  active= 90  (393s)
  steps= 650000  held=0.03  gate=0.03  bins=3/3  active= 90  (428s)
  steps= 700000  held=0.00  gate=0.00  bins=3/3  active= 90  (470s)
  steps= 750000  held=0.02  gate=0.02  bins=3/3  active= 90  (507s)
  steps= 800000  held=0.02  gate=0.02  bins=3/3  active= 90  (545s)
  steps= 850000  held=0.03  gate=0.03  bins=3/3  active= 90  (576s)
  steps= 900000  held=0.00  gate=0.00  bins=3/3  active= 90  (617s)
  steps= 950000  held=0.00  gate=0.00  bins=3/3  active= 90  (656s)
  steps=1000000  held=0.00  gate=0.00  bins=3/3  active= 90  (698s)
  steps=1050000  held=0.00  gate=0.00  bins=3/3  active= 90  (743s)
  steps=1100000  held=0.03  gate=0.03  bins=3/3  active= 90  (792s)
  steps=1150000  held=0.07  gate=0.07  bins=3/3  active= 90  (841s)
  steps=1200000  held=0.00  gate=0.00  bins=3/3  active= 90  (921s)
  steps=1250000  held=0.12  gate=0.12  bins=3/3  active= 90  (986s)
  steps=1300000  held=0.02  gate=0.02  bins=3/3  active= 90  (1055s)
  steps=1350000  held=0.00  gate=0.00  bins=3/3  active= 90  (1136s)
  steps=1400000  held=0.04  gate=0.04  bins=3/3  active= 90  (1188s)
  steps=1450000  held=0.12  gate=0.12  bins=3/3  active= 90  (1245s)
  steps=1500000  held=0.06  gate=0.06  bins=3/3  active= 90  (1313s)

[flat] DONE  final held=0.06  steps_to_0.3=NOT REACHED  wall=1313s  -> flat_seed27.json
[flat] per-cell held: s9N1=0.00  s9N2=0.00  s9N3=0.00  s13N1=0.25  s13N2=0.00  s13N3=0.00  s17N1=0.06  s17N2=0.19  s17N3=0.00
