[size_order] train=90 layouts  held-out=36 layouts
objc[51980]: Class SDLApplication is implemented in both /Users/linmuyi/miniconda3/envs/llm_gs/lib/python3.9/site-packages/pygame/.dylibs/libSDL2-2.0.0.dylib (0x1026792c8) and /Users/linmuyi/miniconda3/envs/llm_gs/lib/python3.9/site-packages/cv2/.dylibs/libSDL2-2.0.0.dylib (0x12fd78890). This may cause spurious casting failures and mysterious crashes. One of the duplicates must be removed or renamed.
objc[51980]: Class SDLAppDelegate is implemented in both /Users/linmuyi/miniconda3/envs/llm_gs/lib/python3.9/site-packages/pygame/.dylibs/libSDL2-2.0.0.dylib (0x102679318) and /Users/linmuyi/miniconda3/envs/llm_gs/lib/python3.9/site-packages/cv2/.dylibs/libSDL2-2.0.0.dylib (0x12fd788e0). This may cause spurious casting failures and mysterious crashes. One of the duplicates must be removed or renamed.
objc[51980]: Class SDLTranslatorResponder is implemented in both /Users/linmuyi/miniconda3/envs/llm_gs/lib/python3.9/site-packages/pygame/.dylibs/libSDL2-2.0.0.dylib (0x102679390) and /Users/linmuyi/miniconda3/envs/llm_gs/lib/python3.9/site-packages/cv2/.dylibs/libSDL2-2.0.0.dylib (0x12fd78958). This may cause spurious casting failures and mysterious crashes. One of the duplicates must be removed or renamed.
objc[51980]: Class SDLMessageBoxPresenter is implemented in both /Users/linmuyi/miniconda3/envs/llm_gs/lib/python3.9/site-packages/pygame/.dylibs/libSDL2-2.0.0.dylib (0x1026793b8) and /Users/linmuyi/miniconda3/envs/llm_gs/lib/python3.9/site-packages/cv2/.dylibs/libSDL2-2.0.0.dylib (0x12fd78980). This may cause spurious casting failures and mysterious crashes. One of the duplicates must be removed or renamed.
objc[51980]: Class SDL_cocoametalview is implemented in both /Users/linmuyi/miniconda3/envs/llm_gs/lib/python3.9/site-packages/pygame/.dylibs/libSDL2-2.0.0.dylib (0x102679408) and /Users/linmuyi/miniconda3/envs/llm_gs/lib/python3.9/site-packages/cv2/.dylibs/libSDL2-2.0.0.dylib (0x12fd789d0). This may cause spurious casting failures and mysterious crashes. One of the duplicates must be removed or renamed.
objc[51980]: Class SDLOpenGLContext is implemented in both /Users/linmuyi/miniconda3/envs/llm_gs/lib/python3.9/site-packages/pygame/.dylibs/libSDL2-2.0.0.dylib (0x102679458) and /Users/linmuyi/miniconda3/envs/llm_gs/lib/python3.9/site-packages/cv2/.dylibs/libSDL2-2.0.0.dylib (0x12fd78a20). This may cause spurious casting failures and mysterious crashes. One of the duplicates must be removed or renamed.
objc[51980]: Class SDL_ShapeData is implemented in both /Users/linmuyi/miniconda3/envs/llm_gs/lib/python3.9/site-packages/pygame/.dylibs/libSDL2-2.0.0.dylib (0x1026794d0) and /Users/linmuyi/miniconda3/envs/llm_gs/lib/python3.9/site-packages/cv2/.dylibs/libSDL2-2.0.0.dylib (0x12fd78a98). This may cause spurious casting failures and mysterious crashes. One of the duplicates must be removed or renamed.
objc[51980]: Class SDL_CocoaClosure is implemented in both /Users/linmuyi/miniconda3/envs/llm_gs/lib/python3.9/site-packages/pygame/.dylibs/libSDL2-2.0.0.dylib (0x102679520) and /Users/linmuyi/miniconda3/envs/llm_gs/lib/python3.9/site-packages/cv2/.dylibs/libSDL2-2.0.0.dylib (0x12fd78ae8). This may cause spurious casting failures and mysterious crashes. One of the duplicates must be removed or renamed.
objc[51980]: Class SDL_VideoData is implemented in both /Users/linmuyi/miniconda3/envs/llm_gs/lib/python3.9/site-packages/pygame/.dylibs/libSDL2-2.0.0.dylib (0x102679570) and /Users/linmuyi/miniconda3/envs/llm_gs/lib/python3.9/site-packages/cv2/.dylibs/libSDL2-2.0.0.dylib (0x12fd78b38). This may cause spurious casting failures and mysterious crashes. One of the duplicates must be removed or renamed.
objc[51980]: Class SDL_WindowData is implemented in both /Users/linmuyi/miniconda3/envs/llm_gs/lib/python3.9/site-packages/pygame/.dylibs/libSDL2-2.0.0.dylib (0x1026795c0) and /Users/linmuyi/miniconda3/envs/llm_gs/lib/python3.9/site-packages/cv2/.dylibs/libSDL2-2.0.0.dylib (0x12fd78b88). This may cause spurious casting failures and mysterious crashes. One of the duplicates must be removed or renamed.
objc[51980]: Class SDLWindow is implemented in both /Users/linmuyi/miniconda3/envs/llm_gs/lib/python3.9/site-packages/pygame/.dylibs/libSDL2-2.0.0.dylib (0x1026795e8) and /Users/linmuyi/miniconda3/envs/llm_gs/lib/python3.9/site-packages/cv2/.dylibs/libSDL2-2.0.0.dylib (0x12fd78bb0). This may cause spurious casting failures and mysterious crashes. One of the duplicates must be removed or renamed.
objc[51980]: Class Cocoa_WindowListener is implemented in both /Users/linmuyi/miniconda3/envs/llm_gs/lib/python3.9/site-packages/pygame/.dylibs/libSDL2-2.0.0.dylib (0x102679610) and /Users/linmuyi/miniconda3/envs/llm_gs/lib/python3.9/site-packages/cv2/.dylibs/libSDL2-2.0.0.dylib (0x12fd78bd8). This may cause spurious casting failures and mysterious crashes. One of the duplicates must be removed or renamed.
objc[51980]: Class SDLView is implemented in both /Users/linmuyi/miniconda3/envs/llm_gs/lib/python3.9/site-packages/pygame/.dylibs/libSDL2-2.0.0.dylib (0x102679688) and /Users/linmuyi/miniconda3/envs/llm_gs/lib/python3.9/site-packages/cv2/.dylibs/libSDL2-2.0.0.dylib (0x12fd78c50). This may cause spurious casting failures and mysterious crashes. One of the duplicates must be removed or renamed.
objc[51980]: Class METAL_RenderData is implemented in both /Users/linmuyi/miniconda3/envs/llm_gs/lib/python3.9/site-packages/pygame/.dylibs/libSDL2-2.0.0.dylib (0x102679700) and /Users/linmuyi/miniconda3/envs/llm_gs/lib/python3.9/site-packages/cv2/.dylibs/libSDL2-2.0.0.dylib (0x12fd78cc8). This may cause spurious casting failures and mysterious crashes. One of the duplicates must be removed or renamed.
objc[51980]: Class METAL_TextureData is implemented in both /Users/linmuyi/miniconda3/envs/llm_gs/lib/python3.9/site-packages/pygame/.dylibs/libSDL2-2.0.0.dylib (0x102679750) and /Users/linmuyi/miniconda3/envs/llm_gs/lib/python3.9/site-packages/cv2/.dylibs/libSDL2-2.0.0.dylib (0x12fd78d18). This may cause spurious casting failures and mysterious crashes. One of the duplicates must be removed or renamed.
objc[51980]: Class SDL_RumbleMotor is implemented in both /Users/linmuyi/miniconda3/envs/llm_gs/lib/python3.9/site-packages/pygame/.dylibs/libSDL2-2.0.0.dylib (0x102679778) and /Users/linmuyi/miniconda3/envs/llm_gs/lib/python3.9/site-packages/cv2/.dylibs/libSDL2-2.0.0.dylib (0x12fd78d40). This may cause spurious casting failures and mysterious crashes. One of the duplicates must be removed or renamed.
objc[51980]: Class SDL_RumbleContext is implemented in both /Users/linmuyi/miniconda3/envs/llm_gs/lib/python3.9/site-packages/pygame/.dylibs/libSDL2-2.0.0.dylib (0x1026797c8) and /Users/linmuyi/miniconda3/envs/llm_gs/lib/python3.9/site-packages/cv2/.dylibs/libSDL2-2.0.0.dylib (0x12fd78d90). This may cause spurious casting failures and mysterious crashes. One of the duplicates must be removed or renamed.
[size_order] 1500000 steps, 30 checkpoints, curriculum

  steps=  50000  held=0.00  gate=0.01  bins=1/3  active= 30  (38s)
  steps= 100000  held=0.00  gate=0.00  bins=1/3  active= 30  (78s)
  steps= 150000  held=0.10  gate=0.26  bins=1/3  active= 30  (105s)
  steps= 200000  held=0.14  gate=0.12  bins=1/3  active= 30  (154s)
  steps= 250000  held=0.24  gate=0.29  bins=1/3  active= 30  (205s)
  steps= 300000  held=0.35  gate=0.33  bins=1/3  active= 30  (252s)
  steps= 350000  held=0.62  gate=0.72  bins=2/3  active= 60  [UNLOCK:gate]  (292s)
  steps= 400000  held=0.65  gate=0.69  bins=3/3  active= 90  [UNLOCK:gate]  (335s)
  steps= 450000  held=0.66  gate=0.66  bins=3/3  active= 90  (371s)
  steps= 500000  held=0.62  gate=0.62  bins=3/3  active= 90  (407s)
  steps= 550000  held=0.61  gate=0.61  bins=3/3  active= 90  (443s)
  steps= 600000  held=0.61  gate=0.61  bins=3/3  active= 90  (479s)
  steps= 650000  held=0.61  gate=0.61  bins=3/3  active= 90  (514s)
  steps= 700000  held=0.59  gate=0.59  bins=3/3  active= 90  (550s)
  steps= 750000  held=0.56  gate=0.56  bins=3/3  active= 90  (589s)
  steps= 800000  held=0.62  gate=0.62  bins=3/3  active= 90  (625s)
  steps= 850000  held=0.56  gate=0.56  bins=3/3  active= 90  (663s)
  steps= 900000  held=0.59  gate=0.59  bins=3/3  active= 90  (699s)
  steps= 950000  held=0.56  gate=0.56  bins=3/3  active= 90  (735s)
  steps=1000000  held=0.57  gate=0.57  bins=3/3  active= 90  (772s)
  steps=1050000  held=0.56  gate=0.56  bins=3/3  active= 90  (806s)
  steps=1100000  held=0.35  gate=0.35  bins=3/3  active= 90  (849s)
  steps=1150000  held=0.64  gate=0.64  bins=3/3  active= 90  (886s)
  steps=1200000  held=0.59  gate=0.59  bins=3/3  active= 90  (923s)
  steps=1250000  held=0.69  gate=0.69  bins=3/3  active= 90  (958s)
  steps=1300000  held=0.67  gate=0.67  bins=3/3  active= 90  (993s)
  steps=1350000  held=0.78  gate=0.78  bins=3/3  active= 90  (1026s)
  steps=1400000  held=0.72  gate=0.72  bins=3/3  active= 90  (1061s)
  steps=1450000  held=0.65  gate=0.65  bins=3/3  active= 90  (1099s)
  steps=1500000  held=0.65  gate=0.65  bins=3/3  active= 90  (1136s)

[size_order] DONE  final held=0.65  steps_to_0.3=300,000  wall=1136s  -> size_order_seed24.json
[size_order] per-cell held: s9N1=0.75  s9N2=0.44  s9N3=0.25  s13N1=0.94  s13N2=0.69  s13N3=0.62  s17N1=0.44  s17N2=0.94  s17N3=0.81
