[rivers_only] train=90 layouts  held-out=36 layouts
objc[52620]: Class SDLApplication is implemented in both /Users/linmuyi/miniconda3/envs/llm_gs/lib/python3.9/site-packages/pygame/.dylibs/libSDL2-2.0.0.dylib (0x1048092c8) and /Users/linmuyi/miniconda3/envs/llm_gs/lib/python3.9/site-packages/cv2/.dylibs/libSDL2-2.0.0.dylib (0x139cc8890). This may cause spurious casting failures and mysterious crashes. One of the duplicates must be removed or renamed.
objc[52620]: Class SDLAppDelegate is implemented in both /Users/linmuyi/miniconda3/envs/llm_gs/lib/python3.9/site-packages/pygame/.dylibs/libSDL2-2.0.0.dylib (0x104809318) and /Users/linmuyi/miniconda3/envs/llm_gs/lib/python3.9/site-packages/cv2/.dylibs/libSDL2-2.0.0.dylib (0x139cc88e0). This may cause spurious casting failures and mysterious crashes. One of the duplicates must be removed or renamed.
objc[52620]: Class SDLTranslatorResponder is implemented in both /Users/linmuyi/miniconda3/envs/llm_gs/lib/python3.9/site-packages/pygame/.dylibs/libSDL2-2.0.0.dylib (0x104809390) and /Users/linmuyi/miniconda3/envs/llm_gs/lib/python3.9/site-packages/cv2/.dylibs/libSDL2-2.0.0.dylib (0x139cc8958). This may cause spurious casting failures and mysterious crashes. One of the duplicates must be removed or renamed.
objc[52620]: Class SDLMessageBoxPresenter is implemented in both /Users/linmuyi/miniconda3/envs/llm_gs/lib/python3.9/site-packages/pygame/.dylibs/libSDL2-2.0.0.dylib (0x1048093b8) and /Users/linmuyi/miniconda3/envs/llm_gs/lib/python3.9/site-packages/cv2/.dylibs/libSDL2-2.0.0.dylib (0x139cc8980). This may cause spurious casting failures and mysterious crashes. One of the duplicates must be removed or renamed.
objc[52620]: Class SDL_cocoametalview is implemented in both /Users/linmuyi/miniconda3/envs/llm_gs/lib/python3.9/site-packages/pygame/.dylibs/libSDL2-2.0.0.dylib (0x104809408) and /Users/linmuyi/miniconda3/envs/llm_gs/lib/python3.9/site-packages/cv2/.dylibs/libSDL2-2.0.0.dylib (0x139cc89d0). This may cause spurious casting failures and mysterious crashes. One of the duplicates must be removed or renamed.
objc[52620]: Class SDLOpenGLContext is implemented in both /Users/linmuyi/miniconda3/envs/llm_gs/lib/python3.9/site-packages/pygame/.dylibs/libSDL2-2.0.0.dylib (0x104809458) and /Users/linmuyi/miniconda3/envs/llm_gs/lib/python3.9/site-packages/cv2/.dylibs/libSDL2-2.0.0.dylib (0x139cc8a20). This may cause spurious casting failures and mysterious crashes. One of the duplicates must be removed or renamed.
objc[52620]: Class SDL_ShapeData is implemented in both /Users/linmuyi/miniconda3/envs/llm_gs/lib/python3.9/site-packages/pygame/.dylibs/libSDL2-2.0.0.dylib (0x1048094d0) and /Users/linmuyi/miniconda3/envs/llm_gs/lib/python3.9/site-packages/cv2/.dylibs/libSDL2-2.0.0.dylib (0x139cc8a98). This may cause spurious casting failures and mysterious crashes. One of the duplicates must be removed or renamed.
objc[52620]: Class SDL_CocoaClosure is implemented in both /Users/linmuyi/miniconda3/envs/llm_gs/lib/python3.9/site-packages/pygame/.dylibs/libSDL2-2.0.0.dylib (0x104809520) and /Users/linmuyi/miniconda3/envs/llm_gs/lib/python3.9/site-packages/cv2/.dylibs/libSDL2-2.0.0.dylib (0x139cc8ae8). This may cause spurious casting failures and mysterious crashes. One of the duplicates must be removed or renamed.
objc[52620]: Class SDL_VideoData is implemented in both /Users/linmuyi/miniconda3/envs/llm_gs/lib/python3.9/site-packages/pygame/.dylibs/libSDL2-2.0.0.dylib (0x104809570) and /Users/linmuyi/miniconda3/envs/llm_gs/lib/python3.9/site-packages/cv2/.dylibs/libSDL2-2.0.0.dylib (0x139cc8b38). This may cause spurious casting failures and mysterious crashes. One of the duplicates must be removed or renamed.
objc[52620]: Class SDL_WindowData is implemented in both /Users/linmuyi/miniconda3/envs/llm_gs/lib/python3.9/site-packages/pygame/.dylibs/libSDL2-2.0.0.dylib (0x1048095c0) and /Users/linmuyi/miniconda3/envs/llm_gs/lib/python3.9/site-packages/cv2/.dylibs/libSDL2-2.0.0.dylib (0x139cc8b88). This may cause spurious casting failures and mysterious crashes. One of the duplicates must be removed or renamed.
objc[52620]: Class SDLWindow is implemented in both /Users/linmuyi/miniconda3/envs/llm_gs/lib/python3.9/site-packages/pygame/.dylibs/libSDL2-2.0.0.dylib (0x1048095e8) and /Users/linmuyi/miniconda3/envs/llm_gs/lib/python3.9/site-packages/cv2/.dylibs/libSDL2-2.0.0.dylib (0x139cc8bb0). This may cause spurious casting failures and mysterious crashes. One of the duplicates must be removed or renamed.
objc[52620]: Class Cocoa_WindowListener is implemented in both /Users/linmuyi/miniconda3/envs/llm_gs/lib/python3.9/site-packages/pygame/.dylibs/libSDL2-2.0.0.dylib (0x104809610) and /Users/linmuyi/miniconda3/envs/llm_gs/lib/python3.9/site-packages/cv2/.dylibs/libSDL2-2.0.0.dylib (0x139cc8bd8). This may cause spurious casting failures and mysterious crashes. One of the duplicates must be removed or renamed.
objc[52620]: Class SDLView is implemented in both /Users/linmuyi/miniconda3/envs/llm_gs/lib/python3.9/site-packages/pygame/.dylibs/libSDL2-2.0.0.dylib (0x104809688) and /Users/linmuyi/miniconda3/envs/llm_gs/lib/python3.9/site-packages/cv2/.dylibs/libSDL2-2.0.0.dylib (0x139cc8c50). This may cause spurious casting failures and mysterious crashes. One of the duplicates must be removed or renamed.
objc[52620]: Class METAL_RenderData is implemented in both /Users/linmuyi/miniconda3/envs/llm_gs/lib/python3.9/site-packages/pygame/.dylibs/libSDL2-2.0.0.dylib (0x104809700) and /Users/linmuyi/miniconda3/envs/llm_gs/lib/python3.9/site-packages/cv2/.dylibs/libSDL2-2.0.0.dylib (0x139cc8cc8). This may cause spurious casting failures and mysterious crashes. One of the duplicates must be removed or renamed.
objc[52620]: Class METAL_TextureData is implemented in both /Users/linmuyi/miniconda3/envs/llm_gs/lib/python3.9/site-packages/pygame/.dylibs/libSDL2-2.0.0.dylib (0x104809750) and /Users/linmuyi/miniconda3/envs/llm_gs/lib/python3.9/site-packages/cv2/.dylibs/libSDL2-2.0.0.dylib (0x139cc8d18). This may cause spurious casting failures and mysterious crashes. One of the duplicates must be removed or renamed.
objc[52620]: Class SDL_RumbleMotor is implemented in both /Users/linmuyi/miniconda3/envs/llm_gs/lib/python3.9/site-packages/pygame/.dylibs/libSDL2-2.0.0.dylib (0x104809778) and /Users/linmuyi/miniconda3/envs/llm_gs/lib/python3.9/site-packages/cv2/.dylibs/libSDL2-2.0.0.dylib (0x139cc8d40). This may cause spurious casting failures and mysterious crashes. One of the duplicates must be removed or renamed.
objc[52620]: Class SDL_RumbleContext is implemented in both /Users/linmuyi/miniconda3/envs/llm_gs/lib/python3.9/site-packages/pygame/.dylibs/libSDL2-2.0.0.dylib (0x1048097c8) and /Users/linmuyi/miniconda3/envs/llm_gs/lib/python3.9/site-packages/cv2/.dylibs/libSDL2-2.0.0.dylib (0x139cc8d90). This may cause spurious casting failures and mysterious crashes. One of the duplicates must be removed or renamed.
[rivers_only] 1500000 steps, 30 checkpoints, curriculum

  steps=  50000  held=0.01  gate=0.06  bins=1/3  active= 30  (31s)
  steps= 100000  held=0.00  gate=0.00  bins=1/3  active= 30  (66s)
  steps= 150000  held=0.00  gate=0.01  bins=1/3  active= 30  (99s)
  steps= 200000  held=0.00  gate=0.01  bins=1/3  active= 30  (138s)
  steps= 250000  held=0.00  gate=0.00  bins=1/3  active= 30  (185s)
  steps= 300000  held=0.00  gate=0.01  bins=1/3  active= 30  (221s)
  steps= 350000  held=0.00  gate=0.01  bins=1/3  active= 30  (279s)
  steps= 400000  held=0.03  gate=0.04  bins=2/3  active= 60  [UNLOCK:deadline]  (328s)
  steps= 450000  held=0.02  gate=0.00  bins=2/3  active= 60  (371s)
  steps= 500000  held=0.01  gate=0.00  bins=2/3  active= 60  (411s)
  steps= 550000  held=0.01  gate=0.01  bins=2/3  active= 60  (452s)
  steps= 600000  held=0.02  gate=0.00  bins=2/3  active= 60  (505s)
  steps= 650000  held=0.00  gate=0.00  bins=2/3  active= 60  (561s)
  steps= 700000  held=0.09  gate=0.06  bins=2/3  active= 60  (591s)
  steps= 750000  held=0.08  gate=0.04  bins=2/3  active= 60  (646s)
  steps= 800000  held=0.00  gate=0.03  bins=3/3  active= 90  [UNLOCK:deadline]  (696s)
  steps= 850000  held=0.00  gate=0.00  bins=3/3  active= 90  (739s)
  steps= 900000  held=0.01  gate=0.01  bins=3/3  active= 90  (786s)
  steps= 950000  held=0.02  gate=0.02  bins=3/3  active= 90  (817s)
  steps=1000000  held=0.06  gate=0.06  bins=3/3  active= 90  (853s)
  steps=1050000  held=0.08  gate=0.08  bins=3/3  active= 90  (896s)
  steps=1100000  held=0.00  gate=0.00  bins=3/3  active= 90  (944s)
  steps=1150000  held=0.00  gate=0.00  bins=3/3  active= 90  (994s)
  steps=1200000  held=0.02  gate=0.02  bins=3/3  active= 90  (1043s)
  steps=1250000  held=0.00  gate=0.00  bins=3/3  active= 90  (1095s)
  steps=1300000  held=0.00  gate=0.00  bins=3/3  active= 90  (1147s)
  steps=1350000  held=0.03  gate=0.03  bins=3/3  active= 90  (1179s)
  steps=1400000  held=0.03  gate=0.03  bins=3/3  active= 90  (1217s)
  steps=1450000  held=0.03  gate=0.03  bins=3/3  active= 90  (1247s)
  steps=1500000  held=0.12  gate=0.12  bins=3/3  active= 90  (1287s)

[rivers_only] DONE  final held=0.12  steps_to_0.3=NOT REACHED  wall=1287s  -> rivers_only_seed24.json
[rivers_only] per-cell held: s9N1=0.25  s9N2=0.00  s9N3=0.00  s13N1=0.00  s13N2=0.19  s13N3=0.00  s17N1=0.12  s17N2=0.31  s17N3=0.19
