[grader] train=90 layouts  held-out=36 layouts
objc[41054]: Class SDLApplication is implemented in both /Users/linmuyi/miniconda3/envs/llm_gs/lib/python3.9/site-packages/pygame/.dylibs/libSDL2-2.0.0.dylib (0x10757d2c8) and /Users/linmuyi/miniconda3/envs/llm_gs/lib/python3.9/site-packages/cv2/.dylibs/libSDL2-2.0.0.dylib (0x300674890). This may cause spurious casting failures and mysterious crashes. One of the duplicates must be removed or renamed.
objc[41054]: Class SDLAppDelegate is implemented in both /Users/linmuyi/miniconda3/envs/llm_gs/lib/python3.9/site-packages/pygame/.dylibs/libSDL2-2.0.0.dylib (0x10757d318) and /Users/linmuyi/miniconda3/envs/llm_gs/lib/python3.9/site-packages/cv2/.dylibs/libSDL2-2.0.0.dylib (0x3006748e0). This may cause spurious casting failures and mysterious crashes. One of the duplicates must be removed or renamed.
objc[41054]: Class SDLTranslatorResponder is implemented in both /Users/linmuyi/miniconda3/envs/llm_gs/lib/python3.9/site-packages/pygame/.dylibs/libSDL2-2.0.0.dylib (0x10757d390) and /Users/linmuyi/miniconda3/envs/llm_gs/lib/python3.9/site-packages/cv2/.dylibs/libSDL2-2.0.0.dylib (0x300674958). This may cause spurious casting failures and mysterious crashes. One of the duplicates must be removed or renamed.
objc[41054]: Class SDLMessageBoxPresenter is implemented in both /Users/linmuyi/miniconda3/envs/llm_gs/lib/python3.9/site-packages/pygame/.dylibs/libSDL2-2.0.0.dylib (0x10757d3b8) and /Users/linmuyi/miniconda3/envs/llm_gs/lib/python3.9/site-packages/cv2/.dylibs/libSDL2-2.0.0.dylib (0x300674980). This may cause spurious casting failures and mysterious crashes. One of the duplicates must be removed or renamed.
objc[41054]: Class SDL_cocoametalview is implemented in both /Users/linmuyi/miniconda3/envs/llm_gs/lib/python3.9/site-packages/pygame/.dylibs/libSDL2-2.0.0.dylib (0x10757d408) and /Users/linmuyi/miniconda3/envs/llm_gs/lib/python3.9/site-packages/cv2/.dylibs/libSDL2-2.0.0.dylib (0x3006749d0). This may cause spurious casting failures and mysterious crashes. One of the duplicates must be removed or renamed.
objc[41054]: Class SDLOpenGLContext is implemented in both /Users/linmuyi/miniconda3/envs/llm_gs/lib/python3.9/site-packages/pygame/.dylibs/libSDL2-2.0.0.dylib (0x10757d458) and /Users/linmuyi/miniconda3/envs/llm_gs/lib/python3.9/site-packages/cv2/.dylibs/libSDL2-2.0.0.dylib (0x300674a20). This may cause spurious casting failures and mysterious crashes. One of the duplicates must be removed or renamed.
objc[41054]: Class SDL_ShapeData is implemented in both /Users/linmuyi/miniconda3/envs/llm_gs/lib/python3.9/site-packages/pygame/.dylibs/libSDL2-2.0.0.dylib (0x10757d4d0) and /Users/linmuyi/miniconda3/envs/llm_gs/lib/python3.9/site-packages/cv2/.dylibs/libSDL2-2.0.0.dylib (0x300674a98). This may cause spurious casting failures and mysterious crashes. One of the duplicates must be removed or renamed.
objc[41054]: Class SDL_CocoaClosure is implemented in both /Users/linmuyi/miniconda3/envs/llm_gs/lib/python3.9/site-packages/pygame/.dylibs/libSDL2-2.0.0.dylib (0x10757d520) and /Users/linmuyi/miniconda3/envs/llm_gs/lib/python3.9/site-packages/cv2/.dylibs/libSDL2-2.0.0.dylib (0x300674ae8). This may cause spurious casting failures and mysterious crashes. One of the duplicates must be removed or renamed.
objc[41054]: Class SDL_VideoData is implemented in both /Users/linmuyi/miniconda3/envs/llm_gs/lib/python3.9/site-packages/pygame/.dylibs/libSDL2-2.0.0.dylib (0x10757d570) and /Users/linmuyi/miniconda3/envs/llm_gs/lib/python3.9/site-packages/cv2/.dylibs/libSDL2-2.0.0.dylib (0x300674b38). This may cause spurious casting failures and mysterious crashes. One of the duplicates must be removed or renamed.
objc[41054]: Class SDL_WindowData is implemented in both /Users/linmuyi/miniconda3/envs/llm_gs/lib/python3.9/site-packages/pygame/.dylibs/libSDL2-2.0.0.dylib (0x10757d5c0) and /Users/linmuyi/miniconda3/envs/llm_gs/lib/python3.9/site-packages/cv2/.dylibs/libSDL2-2.0.0.dylib (0x300674b88). This may cause spurious casting failures and mysterious crashes. One of the duplicates must be removed or renamed.
objc[41054]: Class SDLWindow is implemented in both /Users/linmuyi/miniconda3/envs/llm_gs/lib/python3.9/site-packages/pygame/.dylibs/libSDL2-2.0.0.dylib (0x10757d5e8) and /Users/linmuyi/miniconda3/envs/llm_gs/lib/python3.9/site-packages/cv2/.dylibs/libSDL2-2.0.0.dylib (0x300674bb0). This may cause spurious casting failures and mysterious crashes. One of the duplicates must be removed or renamed.
objc[41054]: Class Cocoa_WindowListener is implemented in both /Users/linmuyi/miniconda3/envs/llm_gs/lib/python3.9/site-packages/pygame/.dylibs/libSDL2-2.0.0.dylib (0x10757d610) and /Users/linmuyi/miniconda3/envs/llm_gs/lib/python3.9/site-packages/cv2/.dylibs/libSDL2-2.0.0.dylib (0x300674bd8). This may cause spurious casting failures and mysterious crashes. One of the duplicates must be removed or renamed.
objc[41054]: Class SDLView is implemented in both /Users/linmuyi/miniconda3/envs/llm_gs/lib/python3.9/site-packages/pygame/.dylibs/libSDL2-2.0.0.dylib (0x10757d688) and /Users/linmuyi/miniconda3/envs/llm_gs/lib/python3.9/site-packages/cv2/.dylibs/libSDL2-2.0.0.dylib (0x300674c50). This may cause spurious casting failures and mysterious crashes. One of the duplicates must be removed or renamed.
objc[41054]: Class METAL_RenderData is implemented in both /Users/linmuyi/miniconda3/envs/llm_gs/lib/python3.9/site-packages/pygame/.dylibs/libSDL2-2.0.0.dylib (0x10757d700) and /Users/linmuyi/miniconda3/envs/llm_gs/lib/python3.9/site-packages/cv2/.dylibs/libSDL2-2.0.0.dylib (0x300674cc8). This may cause spurious casting failures and mysterious crashes. One of the duplicates must be removed or renamed.
objc[41054]: Class METAL_TextureData is implemented in both /Users/linmuyi/miniconda3/envs/llm_gs/lib/python3.9/site-packages/pygame/.dylibs/libSDL2-2.0.0.dylib (0x10757d750) and /Users/linmuyi/miniconda3/envs/llm_gs/lib/python3.9/site-packages/cv2/.dylibs/libSDL2-2.0.0.dylib (0x300674d18). This may cause spurious casting failures and mysterious crashes. One of the duplicates must be removed or renamed.
objc[41054]: Class SDL_RumbleMotor is implemented in both /Users/linmuyi/miniconda3/envs/llm_gs/lib/python3.9/site-packages/pygame/.dylibs/libSDL2-2.0.0.dylib (0x10757d778) and /Users/linmuyi/miniconda3/envs/llm_gs/lib/python3.9/site-packages/cv2/.dylibs/libSDL2-2.0.0.dylib (0x300674d40). This may cause spurious casting failures and mysterious crashes. One of the duplicates must be removed or renamed.
objc[41054]: Class SDL_RumbleContext is implemented in both /Users/linmuyi/miniconda3/envs/llm_gs/lib/python3.9/site-packages/pygame/.dylibs/libSDL2-2.0.0.dylib (0x10757d7c8) and /Users/linmuyi/miniconda3/envs/llm_gs/lib/python3.9/site-packages/cv2/.dylibs/libSDL2-2.0.0.dylib (0x300674d90). This may cause spurious casting failures and mysterious crashes. One of the duplicates must be removed or renamed.
[grader] 1500000 steps, 30 checkpoints, curriculum

  steps=  50000  held=0.00  gate=0.00  bins=1/3  active= 30  (46s)
  steps= 100000  held=0.00  gate=0.01  bins=1/3  active= 30  (96s)
  steps= 150000  held=0.04  gate=0.19  bins=1/3  active= 30  (125s)
  steps= 200000  held=0.00  gate=0.00  bins=1/3  active= 30  (187s)
  steps= 250000  held=0.00  gate=0.00  bins=1/3  active= 30  (246s)
  steps= 300000  held=0.13  gate=0.19  bins=1/3  active= 30  (283s)
  steps= 350000  held=0.14  gate=0.15  bins=1/3  active= 30  (323s)
  steps= 400000  held=0.06  gate=0.22  bins=2/3  active= 60  [UNLOCK:deadline]  (374s)
  steps= 450000  held=0.03  gate=0.06  bins=2/3  active= 60  (404s)
  steps= 500000  held=0.05  gate=0.11  bins=2/3  active= 60  (463s)
  steps= 550000  held=0.04  gate=0.15  bins=2/3  active= 60  (514s)
  steps= 600000  held=0.11  gate=0.15  bins=2/3  active= 60  (567s)
  steps= 650000  held=0.14  gate=0.07  bins=2/3  active= 60  (623s)
  steps= 700000  held=0.04  gate=0.14  bins=2/3  active= 60  (677s)
  steps= 750000  held=0.16  gate=0.31  bins=2/3  active= 60  (729s)
  steps= 800000  held=0.37  gate=0.22  bins=3/3  active= 90  [UNLOCK:deadline]  (783s)
  steps= 850000  held=0.24  gate=0.24  bins=3/3  active= 90  (828s)
  steps= 900000  held=0.12  gate=0.12  bins=3/3  active= 90  (878s)
  steps= 950000  held=0.17  gate=0.17  bins=3/3  active= 90  (917s)
  steps=1000000  held=0.09  gate=0.09  bins=3/3  active= 90  (956s)
  steps=1050000  held=0.15  gate=0.15  bins=3/3  active= 90  (1000s)
  steps=1100000  held=0.05  gate=0.05  bins=3/3  active= 90  (1042s)
  steps=1150000  held=0.06  gate=0.06  bins=3/3  active= 90  (1085s)
  steps=1200000  held=0.01  gate=0.01  bins=3/3  active= 90  (1129s)
  steps=1250000  held=0.01  gate=0.01  bins=3/3  active= 90  (1168s)
  steps=1300000  held=0.02  gate=0.02  bins=3/3  active= 90  (1209s)
  steps=1350000  held=0.01  gate=0.01  bins=3/3  active= 90  (1246s)
  steps=1400000  held=0.01  gate=0.01  bins=3/3  active= 90  (1287s)
  steps=1450000  held=0.00  gate=0.00  bins=3/3  active= 90  (1325s)
  steps=1500000  held=0.05  gate=0.05  bins=3/3  active= 90  (1361s)

[grader] DONE  final held=0.05  steps_to_0.3=800,000  wall=1361s  -> grader_seed22.json
[grader] per-cell held: s9N1=0.19  s9N2=0.00  s9N3=0.00  s13N1=0.00  s13N2=0.06  s13N3=0.00  s17N1=0.00  s17N2=0.12  s17N3=0.06
