[rivers_only] train=90 layouts  held-out=36 layouts
objc[52855]: Class SDLApplication is implemented in both /Users/linmuyi/miniconda3/envs/llm_gs/lib/python3.9/site-packages/pygame/.dylibs/libSDL2-2.0.0.dylib (0x1062612c8) and /Users/linmuyi/miniconda3/envs/llm_gs/lib/python3.9/site-packages/cv2/.dylibs/libSDL2-2.0.0.dylib (0x169fe0890). This may cause spurious casting failures and mysterious crashes. One of the duplicates must be removed or renamed.
objc[52855]: Class SDLAppDelegate is implemented in both /Users/linmuyi/miniconda3/envs/llm_gs/lib/python3.9/site-packages/pygame/.dylibs/libSDL2-2.0.0.dylib (0x106261318) and /Users/linmuyi/miniconda3/envs/llm_gs/lib/python3.9/site-packages/cv2/.dylibs/libSDL2-2.0.0.dylib (0x169fe08e0). This may cause spurious casting failures and mysterious crashes. One of the duplicates must be removed or renamed.
objc[52855]: Class SDLTranslatorResponder is implemented in both /Users/linmuyi/miniconda3/envs/llm_gs/lib/python3.9/site-packages/pygame/.dylibs/libSDL2-2.0.0.dylib (0x106261390) and /Users/linmuyi/miniconda3/envs/llm_gs/lib/python3.9/site-packages/cv2/.dylibs/libSDL2-2.0.0.dylib (0x169fe0958). This may cause spurious casting failures and mysterious crashes. One of the duplicates must be removed or renamed.
objc[52855]: Class SDLMessageBoxPresenter is implemented in both /Users/linmuyi/miniconda3/envs/llm_gs/lib/python3.9/site-packages/pygame/.dylibs/libSDL2-2.0.0.dylib (0x1062613b8) and /Users/linmuyi/miniconda3/envs/llm_gs/lib/python3.9/site-packages/cv2/.dylibs/libSDL2-2.0.0.dylib (0x169fe0980). This may cause spurious casting failures and mysterious crashes. One of the duplicates must be removed or renamed.
objc[52855]: Class SDL_cocoametalview is implemented in both /Users/linmuyi/miniconda3/envs/llm_gs/lib/python3.9/site-packages/pygame/.dylibs/libSDL2-2.0.0.dylib (0x106261408) and /Users/linmuyi/miniconda3/envs/llm_gs/lib/python3.9/site-packages/cv2/.dylibs/libSDL2-2.0.0.dylib (0x169fe09d0). This may cause spurious casting failures and mysterious crashes. One of the duplicates must be removed or renamed.
objc[52855]: Class SDLOpenGLContext is implemented in both /Users/linmuyi/miniconda3/envs/llm_gs/lib/python3.9/site-packages/pygame/.dylibs/libSDL2-2.0.0.dylib (0x106261458) and /Users/linmuyi/miniconda3/envs/llm_gs/lib/python3.9/site-packages/cv2/.dylibs/libSDL2-2.0.0.dylib (0x169fe0a20). This may cause spurious casting failures and mysterious crashes. One of the duplicates must be removed or renamed.
objc[52855]: Class SDL_ShapeData is implemented in both /Users/linmuyi/miniconda3/envs/llm_gs/lib/python3.9/site-packages/pygame/.dylibs/libSDL2-2.0.0.dylib (0x1062614d0) and /Users/linmuyi/miniconda3/envs/llm_gs/lib/python3.9/site-packages/cv2/.dylibs/libSDL2-2.0.0.dylib (0x169fe0a98). This may cause spurious casting failures and mysterious crashes. One of the duplicates must be removed or renamed.
objc[52855]: Class SDL_CocoaClosure is implemented in both /Users/linmuyi/miniconda3/envs/llm_gs/lib/python3.9/site-packages/pygame/.dylibs/libSDL2-2.0.0.dylib (0x106261520) and /Users/linmuyi/miniconda3/envs/llm_gs/lib/python3.9/site-packages/cv2/.dylibs/libSDL2-2.0.0.dylib (0x169fe0ae8). This may cause spurious casting failures and mysterious crashes. One of the duplicates must be removed or renamed.
objc[52855]: Class SDL_VideoData is implemented in both /Users/linmuyi/miniconda3/envs/llm_gs/lib/python3.9/site-packages/pygame/.dylibs/libSDL2-2.0.0.dylib (0x106261570) and /Users/linmuyi/miniconda3/envs/llm_gs/lib/python3.9/site-packages/cv2/.dylibs/libSDL2-2.0.0.dylib (0x169fe0b38). This may cause spurious casting failures and mysterious crashes. One of the duplicates must be removed or renamed.
objc[52855]: Class SDL_WindowData is implemented in both /Users/linmuyi/miniconda3/envs/llm_gs/lib/python3.9/site-packages/pygame/.dylibs/libSDL2-2.0.0.dylib (0x1062615c0) and /Users/linmuyi/miniconda3/envs/llm_gs/lib/python3.9/site-packages/cv2/.dylibs/libSDL2-2.0.0.dylib (0x169fe0b88). This may cause spurious casting failures and mysterious crashes. One of the duplicates must be removed or renamed.
objc[52855]: Class SDLWindow is implemented in both /Users/linmuyi/miniconda3/envs/llm_gs/lib/python3.9/site-packages/pygame/.dylibs/libSDL2-2.0.0.dylib (0x1062615e8) and /Users/linmuyi/miniconda3/envs/llm_gs/lib/python3.9/site-packages/cv2/.dylibs/libSDL2-2.0.0.dylib (0x169fe0bb0). This may cause spurious casting failures and mysterious crashes. One of the duplicates must be removed or renamed.
objc[52855]: Class Cocoa_WindowListener is implemented in both /Users/linmuyi/miniconda3/envs/llm_gs/lib/python3.9/site-packages/pygame/.dylibs/libSDL2-2.0.0.dylib (0x106261610) and /Users/linmuyi/miniconda3/envs/llm_gs/lib/python3.9/site-packages/cv2/.dylibs/libSDL2-2.0.0.dylib (0x169fe0bd8). This may cause spurious casting failures and mysterious crashes. One of the duplicates must be removed or renamed.
objc[52855]: Class SDLView is implemented in both /Users/linmuyi/miniconda3/envs/llm_gs/lib/python3.9/site-packages/pygame/.dylibs/libSDL2-2.0.0.dylib (0x106261688) and /Users/linmuyi/miniconda3/envs/llm_gs/lib/python3.9/site-packages/cv2/.dylibs/libSDL2-2.0.0.dylib (0x169fe0c50). This may cause spurious casting failures and mysterious crashes. One of the duplicates must be removed or renamed.
objc[52855]: Class METAL_RenderData is implemented in both /Users/linmuyi/miniconda3/envs/llm_gs/lib/python3.9/site-packages/pygame/.dylibs/libSDL2-2.0.0.dylib (0x106261700) and /Users/linmuyi/miniconda3/envs/llm_gs/lib/python3.9/site-packages/cv2/.dylibs/libSDL2-2.0.0.dylib (0x169fe0cc8). This may cause spurious casting failures and mysterious crashes. One of the duplicates must be removed or renamed.
objc[52855]: Class METAL_TextureData is implemented in both /Users/linmuyi/miniconda3/envs/llm_gs/lib/python3.9/site-packages/pygame/.dylibs/libSDL2-2.0.0.dylib (0x106261750) and /Users/linmuyi/miniconda3/envs/llm_gs/lib/python3.9/site-packages/cv2/.dylibs/libSDL2-2.0.0.dylib (0x169fe0d18). This may cause spurious casting failures and mysterious crashes. One of the duplicates must be removed or renamed.
objc[52855]: Class SDL_RumbleMotor is implemented in both /Users/linmuyi/miniconda3/envs/llm_gs/lib/python3.9/site-packages/pygame/.dylibs/libSDL2-2.0.0.dylib (0x106261778) and /Users/linmuyi/miniconda3/envs/llm_gs/lib/python3.9/site-packages/cv2/.dylibs/libSDL2-2.0.0.dylib (0x169fe0d40). This may cause spurious casting failures and mysterious crashes. One of the duplicates must be removed or renamed.
objc[52855]: Class SDL_RumbleContext is implemented in both /Users/linmuyi/miniconda3/envs/llm_gs/lib/python3.9/site-packages/pygame/.dylibs/libSDL2-2.0.0.dylib (0x1062617c8) and /Users/linmuyi/miniconda3/envs/llm_gs/lib/python3.9/site-packages/cv2/.dylibs/libSDL2-2.0.0.dylib (0x169fe0d90). This may cause spurious casting failures and mysterious crashes. One of the duplicates must be removed or renamed.
[rivers_only] 1500000 steps, 30 checkpoints, curriculum

  steps=  50000  held=0.00  gate=0.00  bins=1/3  active= 30  (42s)
  steps= 100000  held=0.01  gate=0.01  bins=1/3  active= 30  (75s)
  steps= 150000  held=0.00  gate=0.00  bins=1/3  active= 30  (111s)
  steps= 200000  held=0.00  gate=0.00  bins=1/3  active= 30  (150s)
  steps= 250000  held=0.00  gate=0.03  bins=1/3  active= 30  (198s)
  steps= 300000  held=0.01  gate=0.00  bins=1/3  active= 30  (244s)
  steps= 350000  held=0.00  gate=0.00  bins=1/3  active= 30  (293s)
  steps= 400000  held=0.00  gate=0.00  bins=2/3  active= 60  [UNLOCK:deadline]  (325s)
  steps= 450000  held=0.00  gate=0.00  bins=2/3  active= 60  (364s)
  steps= 500000  held=0.00  gate=0.01  bins=2/3  active= 60  (411s)
  steps= 550000  held=0.00  gate=0.00  bins=2/3  active= 60  (458s)
  steps= 600000  held=0.01  gate=0.00  bins=2/3  active= 60  (496s)
  steps= 650000  held=0.04  gate=0.08  bins=2/3  active= 60  (538s)
  steps= 700000  held=0.00  gate=0.00  bins=2/3  active= 60  (597s)
  steps= 750000  held=0.03  gate=0.00  bins=2/3  active= 60  (656s)
  steps= 800000  held=0.02  gate=0.00  bins=3/3  active= 90  [UNLOCK:deadline]  (714s)
  steps= 850000  held=0.00  gate=0.00  bins=3/3  active= 90  (763s)
  steps= 900000  held=0.08  gate=0.08  bins=3/3  active= 90  (803s)
  steps= 950000  held=0.06  gate=0.06  bins=3/3  active= 90  (848s)
  steps=1000000  held=0.03  gate=0.03  bins=3/3  active= 90  (901s)
  steps=1050000  held=0.06  gate=0.06  bins=3/3  active= 90  (948s)
  steps=1100000  held=0.10  gate=0.10  bins=3/3  active= 90  (992s)
  steps=1150000  held=0.00  gate=0.00  bins=3/3  active= 90  (1048s)
  steps=1200000  held=0.00  gate=0.00  bins=3/3  active= 90  (1103s)
  steps=1250000  held=0.10  gate=0.10  bins=3/3  active= 90  (1146s)
  steps=1300000  held=0.05  gate=0.05  bins=3/3  active= 90  (1188s)
  steps=1350000  held=0.01  gate=0.01  bins=3/3  active= 90  (1224s)
  steps=1400000  held=0.00  gate=0.00  bins=3/3  active= 90  (1261s)
  steps=1450000  held=0.01  gate=0.01  bins=3/3  active= 90  (1306s)
  steps=1500000  held=0.00  gate=0.00  bins=3/3  active= 90  (1358s)

[rivers_only] DONE  final held=0.00  steps_to_0.3=NOT REACHED  wall=1358s  -> rivers_only_seed7.json
[rivers_only] per-cell held: s9N1=0.00  s9N2=0.00  s9N3=0.00  s13N1=0.00  s13N2=0.00  s13N3=0.00  s17N1=0.00  s17N2=0.00  s17N3=0.00
