[rivers_only] train=90 layouts  held-out=36 layouts
objc[7572]: Class SDLApplication is implemented in both /Users/linmuyi/miniconda3/envs/llm_gs/lib/python3.9/site-packages/pygame/.dylibs/libSDL2-2.0.0.dylib (0x1032292c8) and /Users/linmuyi/miniconda3/envs/llm_gs/lib/python3.9/site-packages/cv2/.dylibs/libSDL2-2.0.0.dylib (0x12f4e0890). This may cause spurious casting failures and mysterious crashes. One of the duplicates must be removed or renamed.
objc[7572]: Class SDLAppDelegate is implemented in both /Users/linmuyi/miniconda3/envs/llm_gs/lib/python3.9/site-packages/pygame/.dylibs/libSDL2-2.0.0.dylib (0x103229318) and /Users/linmuyi/miniconda3/envs/llm_gs/lib/python3.9/site-packages/cv2/.dylibs/libSDL2-2.0.0.dylib (0x12f4e08e0). This may cause spurious casting failures and mysterious crashes. One of the duplicates must be removed or renamed.
objc[7572]: Class SDLTranslatorResponder is implemented in both /Users/linmuyi/miniconda3/envs/llm_gs/lib/python3.9/site-packages/pygame/.dylibs/libSDL2-2.0.0.dylib (0x103229390) and /Users/linmuyi/miniconda3/envs/llm_gs/lib/python3.9/site-packages/cv2/.dylibs/libSDL2-2.0.0.dylib (0x12f4e0958). This may cause spurious casting failures and mysterious crashes. One of the duplicates must be removed or renamed.
objc[7572]: Class SDLMessageBoxPresenter is implemented in both /Users/linmuyi/miniconda3/envs/llm_gs/lib/python3.9/site-packages/pygame/.dylibs/libSDL2-2.0.0.dylib (0x1032293b8) and /Users/linmuyi/miniconda3/envs/llm_gs/lib/python3.9/site-packages/cv2/.dylibs/libSDL2-2.0.0.dylib (0x12f4e0980). This may cause spurious casting failures and mysterious crashes. One of the duplicates must be removed or renamed.
objc[7572]: Class SDL_cocoametalview is implemented in both /Users/linmuyi/miniconda3/envs/llm_gs/lib/python3.9/site-packages/pygame/.dylibs/libSDL2-2.0.0.dylib (0x103229408) and /Users/linmuyi/miniconda3/envs/llm_gs/lib/python3.9/site-packages/cv2/.dylibs/libSDL2-2.0.0.dylib (0x12f4e09d0). This may cause spurious casting failures and mysterious crashes. One of the duplicates must be removed or renamed.
objc[7572]: Class SDLOpenGLContext is implemented in both /Users/linmuyi/miniconda3/envs/llm_gs/lib/python3.9/site-packages/pygame/.dylibs/libSDL2-2.0.0.dylib (0x103229458) and /Users/linmuyi/miniconda3/envs/llm_gs/lib/python3.9/site-packages/cv2/.dylibs/libSDL2-2.0.0.dylib (0x12f4e0a20). This may cause spurious casting failures and mysterious crashes. One of the duplicates must be removed or renamed.
objc[7572]: Class SDL_ShapeData is implemented in both /Users/linmuyi/miniconda3/envs/llm_gs/lib/python3.9/site-packages/pygame/.dylibs/libSDL2-2.0.0.dylib (0x1032294d0) and /Users/linmuyi/miniconda3/envs/llm_gs/lib/python3.9/site-packages/cv2/.dylibs/libSDL2-2.0.0.dylib (0x12f4e0a98). This may cause spurious casting failures and mysterious crashes. One of the duplicates must be removed or renamed.
objc[7572]: Class SDL_CocoaClosure is implemented in both /Users/linmuyi/miniconda3/envs/llm_gs/lib/python3.9/site-packages/pygame/.dylibs/libSDL2-2.0.0.dylib (0x103229520) and /Users/linmuyi/miniconda3/envs/llm_gs/lib/python3.9/site-packages/cv2/.dylibs/libSDL2-2.0.0.dylib (0x12f4e0ae8). This may cause spurious casting failures and mysterious crashes. One of the duplicates must be removed or renamed.
objc[7572]: Class SDL_VideoData is implemented in both /Users/linmuyi/miniconda3/envs/llm_gs/lib/python3.9/site-packages/pygame/.dylibs/libSDL2-2.0.0.dylib (0x103229570) and /Users/linmuyi/miniconda3/envs/llm_gs/lib/python3.9/site-packages/cv2/.dylibs/libSDL2-2.0.0.dylib (0x12f4e0b38). This may cause spurious casting failures and mysterious crashes. One of the duplicates must be removed or renamed.
objc[7572]: Class SDL_WindowData is implemented in both /Users/linmuyi/miniconda3/envs/llm_gs/lib/python3.9/site-packages/pygame/.dylibs/libSDL2-2.0.0.dylib (0x1032295c0) and /Users/linmuyi/miniconda3/envs/llm_gs/lib/python3.9/site-packages/cv2/.dylibs/libSDL2-2.0.0.dylib (0x12f4e0b88). This may cause spurious casting failures and mysterious crashes. One of the duplicates must be removed or renamed.
objc[7572]: Class SDLWindow is implemented in both /Users/linmuyi/miniconda3/envs/llm_gs/lib/python3.9/site-packages/pygame/.dylibs/libSDL2-2.0.0.dylib (0x1032295e8) and /Users/linmuyi/miniconda3/envs/llm_gs/lib/python3.9/site-packages/cv2/.dylibs/libSDL2-2.0.0.dylib (0x12f4e0bb0). This may cause spurious casting failures and mysterious crashes. One of the duplicates must be removed or renamed.
objc[7572]: Class Cocoa_WindowListener is implemented in both /Users/linmuyi/miniconda3/envs/llm_gs/lib/python3.9/site-packages/pygame/.dylibs/libSDL2-2.0.0.dylib (0x103229610) and /Users/linmuyi/miniconda3/envs/llm_gs/lib/python3.9/site-packages/cv2/.dylibs/libSDL2-2.0.0.dylib (0x12f4e0bd8). This may cause spurious casting failures and mysterious crashes. One of the duplicates must be removed or renamed.
objc[7572]: Class SDLView is implemented in both /Users/linmuyi/miniconda3/envs/llm_gs/lib/python3.9/site-packages/pygame/.dylibs/libSDL2-2.0.0.dylib (0x103229688) and /Users/linmuyi/miniconda3/envs/llm_gs/lib/python3.9/site-packages/cv2/.dylibs/libSDL2-2.0.0.dylib (0x12f4e0c50). This may cause spurious casting failures and mysterious crashes. One of the duplicates must be removed or renamed.
objc[7572]: Class METAL_RenderData is implemented in both /Users/linmuyi/miniconda3/envs/llm_gs/lib/python3.9/site-packages/pygame/.dylibs/libSDL2-2.0.0.dylib (0x103229700) and /Users/linmuyi/miniconda3/envs/llm_gs/lib/python3.9/site-packages/cv2/.dylibs/libSDL2-2.0.0.dylib (0x12f4e0cc8). This may cause spurious casting failures and mysterious crashes. One of the duplicates must be removed or renamed.
objc[7572]: Class METAL_TextureData is implemented in both /Users/linmuyi/miniconda3/envs/llm_gs/lib/python3.9/site-packages/pygame/.dylibs/libSDL2-2.0.0.dylib (0x103229750) and /Users/linmuyi/miniconda3/envs/llm_gs/lib/python3.9/site-packages/cv2/.dylibs/libSDL2-2.0.0.dylib (0x12f4e0d18). This may cause spurious casting failures and mysterious crashes. One of the duplicates must be removed or renamed.
objc[7572]: Class SDL_RumbleMotor is implemented in both /Users/linmuyi/miniconda3/envs/llm_gs/lib/python3.9/site-packages/pygame/.dylibs/libSDL2-2.0.0.dylib (0x103229778) and /Users/linmuyi/miniconda3/envs/llm_gs/lib/python3.9/site-packages/cv2/.dylibs/libSDL2-2.0.0.dylib (0x12f4e0d40). This may cause spurious casting failures and mysterious crashes. One of the duplicates must be removed or renamed.
objc[7572]: Class SDL_RumbleContext is implemented in both /Users/linmuyi/miniconda3/envs/llm_gs/lib/python3.9/site-packages/pygame/.dylibs/libSDL2-2.0.0.dylib (0x1032297c8) and /Users/linmuyi/miniconda3/envs/llm_gs/lib/python3.9/site-packages/cv2/.dylibs/libSDL2-2.0.0.dylib (0x12f4e0d90). This may cause spurious casting failures and mysterious crashes. One of the duplicates must be removed or renamed.
[rivers_only] 1500000 steps, 30 checkpoints, curriculum

  steps=  50000  held=0.00  gate=0.00  bins=1/3  active= 30  (38s)
  steps= 100000  held=0.01  gate=0.00  bins=1/3  active= 30  (71s)
  steps= 150000  held=0.00  gate=0.00  bins=1/3  active= 30  (106s)
  steps= 200000  held=0.00  gate=0.00  bins=1/3  active= 30  (154s)
  steps= 250000  held=0.00  gate=0.00  bins=1/3  active= 30  (196s)
  steps= 300000  held=0.00  gate=0.00  bins=1/3  active= 30  (235s)
  steps= 350000  held=0.02  gate=0.01  bins=1/3  active= 30  (265s)
  steps= 400000  held=0.03  gate=0.06  bins=2/3  active= 60  [UNLOCK:deadline]  (308s)
  steps= 450000  held=0.03  gate=0.06  bins=2/3  active= 60  (353s)
  steps= 500000  held=0.01  gate=0.00  bins=2/3  active= 60  (410s)
  steps= 550000  held=0.00  gate=0.00  bins=2/3  active= 60  (468s)
  steps= 600000  held=0.01  gate=0.00  bins=2/3  active= 60  (516s)
  steps= 650000  held=0.00  gate=0.00  bins=2/3  active= 60  (583s)
  steps= 700000  held=0.00  gate=0.00  bins=2/3  active= 60  (652s)
  steps= 750000  held=0.08  gate=0.03  bins=2/3  active= 60  (707s)
  steps= 800000  held=0.00  gate=0.00  bins=3/3  active= 90  [UNLOCK:deadline]  (772s)
  steps= 850000  held=0.00  gate=0.00  bins=3/3  active= 90  (822s)
  steps= 900000  held=0.00  gate=0.00  bins=3/3  active= 90  (873s)
  steps= 950000  held=0.00  gate=0.00  bins=3/3  active= 90  (927s)
  steps=1000000  held=0.00  gate=0.00  bins=3/3  active= 90  (974s)
  steps=1050000  held=0.01  gate=0.01  bins=3/3  active= 90  (1021s)
  steps=1100000  held=0.04  gate=0.04  bins=3/3  active= 90  (1060s)
  steps=1150000  held=0.03  gate=0.03  bins=3/3  active= 90  (1104s)
  steps=1200000  held=0.00  gate=0.00  bins=3/3  active= 90  (1153s)
  steps=1250000  held=0.03  gate=0.03  bins=3/3  active= 90  (1198s)
  steps=1300000  held=0.06  gate=0.06  bins=3/3  active= 90  (1238s)
  steps=1350000  held=0.06  gate=0.06  bins=3/3  active= 90  (1286s)
  steps=1400000  held=0.03  gate=0.03  bins=3/3  active= 90  (1334s)
  steps=1450000  held=0.04  gate=0.04  bins=3/3  active= 90  (1386s)
  steps=1500000  held=0.06  gate=0.06  bins=3/3  active= 90  (1428s)

[rivers_only] DONE  final held=0.06  steps_to_0.3=NOT REACHED  wall=1428s  -> rivers_only_seed14.json
[rivers_only] per-cell held: s9N1=0.19  s9N2=0.06  s9N3=0.00  s13N1=0.12  s13N2=0.12  s13N3=0.00  s17N1=0.00  s17N2=0.00  s17N3=0.00
