[grader] train=90 layouts  held-out=36 layouts
objc[78644]: Class SDLApplication is implemented in both /Users/linmuyi/miniconda3/envs/llm_gs/lib/python3.9/site-packages/pygame/.dylibs/libSDL2-2.0.0.dylib (0x108b612c8) and /Users/linmuyi/miniconda3/envs/llm_gs/lib/python3.9/site-packages/cv2/.dylibs/libSDL2-2.0.0.dylib (0x1435b8890). This may cause spurious casting failures and mysterious crashes. One of the duplicates must be removed or renamed.
objc[78644]: Class SDLAppDelegate is implemented in both /Users/linmuyi/miniconda3/envs/llm_gs/lib/python3.9/site-packages/pygame/.dylibs/libSDL2-2.0.0.dylib (0x108b61318) and /Users/linmuyi/miniconda3/envs/llm_gs/lib/python3.9/site-packages/cv2/.dylibs/libSDL2-2.0.0.dylib (0x1435b88e0). This may cause spurious casting failures and mysterious crashes. One of the duplicates must be removed or renamed.
objc[78644]: Class SDLTranslatorResponder is implemented in both /Users/linmuyi/miniconda3/envs/llm_gs/lib/python3.9/site-packages/pygame/.dylibs/libSDL2-2.0.0.dylib (0x108b61390) and /Users/linmuyi/miniconda3/envs/llm_gs/lib/python3.9/site-packages/cv2/.dylibs/libSDL2-2.0.0.dylib (0x1435b8958). This may cause spurious casting failures and mysterious crashes. One of the duplicates must be removed or renamed.
objc[78644]: Class SDLMessageBoxPresenter is implemented in both /Users/linmuyi/miniconda3/envs/llm_gs/lib/python3.9/site-packages/pygame/.dylibs/libSDL2-2.0.0.dylib (0x108b613b8) and /Users/linmuyi/miniconda3/envs/llm_gs/lib/python3.9/site-packages/cv2/.dylibs/libSDL2-2.0.0.dylib (0x1435b8980). This may cause spurious casting failures and mysterious crashes. One of the duplicates must be removed or renamed.
objc[78644]: Class SDL_cocoametalview is implemented in both /Users/linmuyi/miniconda3/envs/llm_gs/lib/python3.9/site-packages/pygame/.dylibs/libSDL2-2.0.0.dylib (0x108b61408) and /Users/linmuyi/miniconda3/envs/llm_gs/lib/python3.9/site-packages/cv2/.dylibs/libSDL2-2.0.0.dylib (0x1435b89d0). This may cause spurious casting failures and mysterious crashes. One of the duplicates must be removed or renamed.
objc[78644]: Class SDLOpenGLContext is implemented in both /Users/linmuyi/miniconda3/envs/llm_gs/lib/python3.9/site-packages/pygame/.dylibs/libSDL2-2.0.0.dylib (0x108b61458) and /Users/linmuyi/miniconda3/envs/llm_gs/lib/python3.9/site-packages/cv2/.dylibs/libSDL2-2.0.0.dylib (0x1435b8a20). This may cause spurious casting failures and mysterious crashes. One of the duplicates must be removed or renamed.
objc[78644]: Class SDL_ShapeData is implemented in both /Users/linmuyi/miniconda3/envs/llm_gs/lib/python3.9/site-packages/pygame/.dylibs/libSDL2-2.0.0.dylib (0x108b614d0) and /Users/linmuyi/miniconda3/envs/llm_gs/lib/python3.9/site-packages/cv2/.dylibs/libSDL2-2.0.0.dylib (0x1435b8a98). This may cause spurious casting failures and mysterious crashes. One of the duplicates must be removed or renamed.
objc[78644]: Class SDL_CocoaClosure is implemented in both /Users/linmuyi/miniconda3/envs/llm_gs/lib/python3.9/site-packages/pygame/.dylibs/libSDL2-2.0.0.dylib (0x108b61520) and /Users/linmuyi/miniconda3/envs/llm_gs/lib/python3.9/site-packages/cv2/.dylibs/libSDL2-2.0.0.dylib (0x1435b8ae8). This may cause spurious casting failures and mysterious crashes. One of the duplicates must be removed or renamed.
objc[78644]: Class SDL_VideoData is implemented in both /Users/linmuyi/miniconda3/envs/llm_gs/lib/python3.9/site-packages/pygame/.dylibs/libSDL2-2.0.0.dylib (0x108b61570) and /Users/linmuyi/miniconda3/envs/llm_gs/lib/python3.9/site-packages/cv2/.dylibs/libSDL2-2.0.0.dylib (0x1435b8b38). This may cause spurious casting failures and mysterious crashes. One of the duplicates must be removed or renamed.
objc[78644]: Class SDL_WindowData is implemented in both /Users/linmuyi/miniconda3/envs/llm_gs/lib/python3.9/site-packages/pygame/.dylibs/libSDL2-2.0.0.dylib (0x108b615c0) and /Users/linmuyi/miniconda3/envs/llm_gs/lib/python3.9/site-packages/cv2/.dylibs/libSDL2-2.0.0.dylib (0x1435b8b88). This may cause spurious casting failures and mysterious crashes. One of the duplicates must be removed or renamed.
objc[78644]: Class SDLWindow is implemented in both /Users/linmuyi/miniconda3/envs/llm_gs/lib/python3.9/site-packages/pygame/.dylibs/libSDL2-2.0.0.dylib (0x108b615e8) and /Users/linmuyi/miniconda3/envs/llm_gs/lib/python3.9/site-packages/cv2/.dylibs/libSDL2-2.0.0.dylib (0x1435b8bb0). This may cause spurious casting failures and mysterious crashes. One of the duplicates must be removed or renamed.
objc[78644]: Class Cocoa_WindowListener is implemented in both /Users/linmuyi/miniconda3/envs/llm_gs/lib/python3.9/site-packages/pygame/.dylibs/libSDL2-2.0.0.dylib (0x108b61610) and /Users/linmuyi/miniconda3/envs/llm_gs/lib/python3.9/site-packages/cv2/.dylibs/libSDL2-2.0.0.dylib (0x1435b8bd8). This may cause spurious casting failures and mysterious crashes. One of the duplicates must be removed or renamed.
objc[78644]: Class SDLView is implemented in both /Users/linmuyi/miniconda3/envs/llm_gs/lib/python3.9/site-packages/pygame/.dylibs/libSDL2-2.0.0.dylib (0x108b61688) and /Users/linmuyi/miniconda3/envs/llm_gs/lib/python3.9/site-packages/cv2/.dylibs/libSDL2-2.0.0.dylib (0x1435b8c50). This may cause spurious casting failures and mysterious crashes. One of the duplicates must be removed or renamed.
objc[78644]: Class METAL_RenderData is implemented in both /Users/linmuyi/miniconda3/envs/llm_gs/lib/python3.9/site-packages/pygame/.dylibs/libSDL2-2.0.0.dylib (0x108b61700) and /Users/linmuyi/miniconda3/envs/llm_gs/lib/python3.9/site-packages/cv2/.dylibs/libSDL2-2.0.0.dylib (0x1435b8cc8). This may cause spurious casting failures and mysterious crashes. One of the duplicates must be removed or renamed.
objc[78644]: Class METAL_TextureData is implemented in both /Users/linmuyi/miniconda3/envs/llm_gs/lib/python3.9/site-packages/pygame/.dylibs/libSDL2-2.0.0.dylib (0x108b61750) and /Users/linmuyi/miniconda3/envs/llm_gs/lib/python3.9/site-packages/cv2/.dylibs/libSDL2-2.0.0.dylib (0x1435b8d18). This may cause spurious casting failures and mysterious crashes. One of the duplicates must be removed or renamed.
objc[78644]: Class SDL_RumbleMotor is implemented in both /Users/linmuyi/miniconda3/envs/llm_gs/lib/python3.9/site-packages/pygame/.dylibs/libSDL2-2.0.0.dylib (0x108b61778) and /Users/linmuyi/miniconda3/envs/llm_gs/lib/python3.9/site-packages/cv2/.dylibs/libSDL2-2.0.0.dylib (0x1435b8d40). This may cause spurious casting failures and mysterious crashes. One of the duplicates must be removed or renamed.
objc[78644]: Class SDL_RumbleContext is implemented in both /Users/linmuyi/miniconda3/envs/llm_gs/lib/python3.9/site-packages/pygame/.dylibs/libSDL2-2.0.0.dylib (0x108b617c8) and /Users/linmuyi/miniconda3/envs/llm_gs/lib/python3.9/site-packages/cv2/.dylibs/libSDL2-2.0.0.dylib (0x1435b8d90). This may cause spurious casting failures and mysterious crashes. One of the duplicates must be removed or renamed.
[grader] 1500000 steps, 30 checkpoints, curriculum

  steps=  50000  held=0.00  gate=0.06  bins=1/3  active= 30  (36s)
  steps= 100000  held=0.14  gate=0.11  bins=1/3  active= 30  (71s)
  steps= 150000  held=0.14  gate=0.22  bins=1/3  active= 30  (118s)
  steps= 200000  held=0.14  gate=0.06  bins=1/3  active= 30  (160s)
  steps= 250000  held=0.14  gate=0.28  bins=1/3  active= 30  (209s)
  steps= 300000  held=0.01  gate=0.06  bins=1/3  active= 30  (255s)
  steps= 350000  held=0.13  gate=0.15  bins=1/3  active= 30  (304s)
  steps= 400000  held=0.15  gate=0.32  bins=2/3  active= 60  [UNLOCK:deadline]  (347s)
  steps= 450000  held=0.04  gate=0.08  bins=2/3  active= 60  (405s)
  steps= 500000  held=0.03  gate=0.12  bins=2/3  active= 60  (473s)
  steps= 550000  held=0.01  gate=0.11  bins=2/3  active= 60  (537s)
  steps= 600000  held=0.01  gate=0.06  bins=2/3  active= 60  (600s)
  steps= 650000  held=0.02  gate=0.03  bins=2/3  active= 60  (651s)
  steps= 700000  held=0.02  gate=0.07  bins=2/3  active= 60  (698s)
  steps= 750000  held=0.01  gate=0.06  bins=2/3  active= 60  (743s)
  steps= 800000  held=0.03  gate=0.22  bins=3/3  active= 90  [UNLOCK:deadline]  (795s)
  steps= 850000  held=0.03  gate=0.03  bins=3/3  active= 90  (845s)
  steps= 900000  held=0.03  gate=0.03  bins=3/3  active= 90  (899s)
  steps= 950000  held=0.03  gate=0.03  bins=3/3  active= 90  (951s)
  steps=1000000  held=0.01  gate=0.01  bins=3/3  active= 90  (1007s)
  steps=1050000  held=0.02  gate=0.02  bins=3/3  active= 90  (1054s)
  steps=1100000  held=0.02  gate=0.02  bins=3/3  active= 90  (1103s)
  steps=1150000  held=0.02  gate=0.02  bins=3/3  active= 90  (1160s)
  steps=1200000  held=0.03  gate=0.03  bins=3/3  active= 90  (1211s)
  steps=1250000  held=0.03  gate=0.03  bins=3/3  active= 90  (1264s)
  steps=1300000  held=0.05  gate=0.05  bins=3/3  active= 90  (1320s)
  steps=1350000  held=0.06  gate=0.06  bins=3/3  active= 90  (1367s)
  steps=1400000  held=0.06  gate=0.06  bins=3/3  active= 90  (1410s)
  steps=1450000  held=0.02  gate=0.02  bins=3/3  active= 90  (1441s)
  steps=1500000  held=0.01  gate=0.01  bins=3/3  active= 90  (1495s)

[grader] DONE  final held=0.01  steps_to_0.3=NOT REACHED  wall=1495s  -> grader_seed11.json
[grader] per-cell held: s9N1=0.00  s9N2=0.00  s9N3=0.00  s13N1=0.12  s13N2=0.00  s13N3=0.00  s17N1=0.00  s17N2=0.00  s17N3=0.00
