[random_curriculum] train=90 layouts  held-out=36 layouts
objc[71302]: Class SDLApplication is implemented in both /Users/linmuyi/miniconda3/envs/llm_gs/lib/python3.9/site-packages/pygame/.dylibs/libSDL2-2.0.0.dylib (0x1047692c8) and /Users/linmuyi/miniconda3/envs/llm_gs/lib/python3.9/site-packages/cv2/.dylibs/libSDL2-2.0.0.dylib (0x13f834890). This may cause spurious casting failures and mysterious crashes. One of the duplicates must be removed or renamed.
objc[71302]: Class SDLAppDelegate is implemented in both /Users/linmuyi/miniconda3/envs/llm_gs/lib/python3.9/site-packages/pygame/.dylibs/libSDL2-2.0.0.dylib (0x104769318) and /Users/linmuyi/miniconda3/envs/llm_gs/lib/python3.9/site-packages/cv2/.dylibs/libSDL2-2.0.0.dylib (0x13f8348e0). This may cause spurious casting failures and mysterious crashes. One of the duplicates must be removed or renamed.
objc[71302]: Class SDLTranslatorResponder is implemented in both /Users/linmuyi/miniconda3/envs/llm_gs/lib/python3.9/site-packages/pygame/.dylibs/libSDL2-2.0.0.dylib (0x104769390) and /Users/linmuyi/miniconda3/envs/llm_gs/lib/python3.9/site-packages/cv2/.dylibs/libSDL2-2.0.0.dylib (0x13f834958). This may cause spurious casting failures and mysterious crashes. One of the duplicates must be removed or renamed.
objc[71302]: Class SDLMessageBoxPresenter is implemented in both /Users/linmuyi/miniconda3/envs/llm_gs/lib/python3.9/site-packages/pygame/.dylibs/libSDL2-2.0.0.dylib (0x1047693b8) and /Users/linmuyi/miniconda3/envs/llm_gs/lib/python3.9/site-packages/cv2/.dylibs/libSDL2-2.0.0.dylib (0x13f834980). This may cause spurious casting failures and mysterious crashes. One of the duplicates must be removed or renamed.
objc[71302]: Class SDL_cocoametalview is implemented in both /Users/linmuyi/miniconda3/envs/llm_gs/lib/python3.9/site-packages/pygame/.dylibs/libSDL2-2.0.0.dylib (0x104769408) and /Users/linmuyi/miniconda3/envs/llm_gs/lib/python3.9/site-packages/cv2/.dylibs/libSDL2-2.0.0.dylib (0x13f8349d0). This may cause spurious casting failures and mysterious crashes. One of the duplicates must be removed or renamed.
objc[71302]: Class SDLOpenGLContext is implemented in both /Users/linmuyi/miniconda3/envs/llm_gs/lib/python3.9/site-packages/pygame/.dylibs/libSDL2-2.0.0.dylib (0x104769458) and /Users/linmuyi/miniconda3/envs/llm_gs/lib/python3.9/site-packages/cv2/.dylibs/libSDL2-2.0.0.dylib (0x13f834a20). This may cause spurious casting failures and mysterious crashes. One of the duplicates must be removed or renamed.
objc[71302]: Class SDL_ShapeData is implemented in both /Users/linmuyi/miniconda3/envs/llm_gs/lib/python3.9/site-packages/pygame/.dylibs/libSDL2-2.0.0.dylib (0x1047694d0) and /Users/linmuyi/miniconda3/envs/llm_gs/lib/python3.9/site-packages/cv2/.dylibs/libSDL2-2.0.0.dylib (0x13f834a98). This may cause spurious casting failures and mysterious crashes. One of the duplicates must be removed or renamed.
objc[71302]: Class SDL_CocoaClosure is implemented in both /Users/linmuyi/miniconda3/envs/llm_gs/lib/python3.9/site-packages/pygame/.dylibs/libSDL2-2.0.0.dylib (0x104769520) and /Users/linmuyi/miniconda3/envs/llm_gs/lib/python3.9/site-packages/cv2/.dylibs/libSDL2-2.0.0.dylib (0x13f834ae8). This may cause spurious casting failures and mysterious crashes. One of the duplicates must be removed or renamed.
objc[71302]: Class SDL_VideoData is implemented in both /Users/linmuyi/miniconda3/envs/llm_gs/lib/python3.9/site-packages/pygame/.dylibs/libSDL2-2.0.0.dylib (0x104769570) and /Users/linmuyi/miniconda3/envs/llm_gs/lib/python3.9/site-packages/cv2/.dylibs/libSDL2-2.0.0.dylib (0x13f834b38). This may cause spurious casting failures and mysterious crashes. One of the duplicates must be removed or renamed.
objc[71302]: Class SDL_WindowData is implemented in both /Users/linmuyi/miniconda3/envs/llm_gs/lib/python3.9/site-packages/pygame/.dylibs/libSDL2-2.0.0.dylib (0x1047695c0) and /Users/linmuyi/miniconda3/envs/llm_gs/lib/python3.9/site-packages/cv2/.dylibs/libSDL2-2.0.0.dylib (0x13f834b88). This may cause spurious casting failures and mysterious crashes. One of the duplicates must be removed or renamed.
objc[71302]: Class SDLWindow is implemented in both /Users/linmuyi/miniconda3/envs/llm_gs/lib/python3.9/site-packages/pygame/.dylibs/libSDL2-2.0.0.dylib (0x1047695e8) and /Users/linmuyi/miniconda3/envs/llm_gs/lib/python3.9/site-packages/cv2/.dylibs/libSDL2-2.0.0.dylib (0x13f834bb0). This may cause spurious casting failures and mysterious crashes. One of the duplicates must be removed or renamed.
objc[71302]: Class Cocoa_WindowListener is implemented in both /Users/linmuyi/miniconda3/envs/llm_gs/lib/python3.9/site-packages/pygame/.dylibs/libSDL2-2.0.0.dylib (0x104769610) and /Users/linmuyi/miniconda3/envs/llm_gs/lib/python3.9/site-packages/cv2/.dylibs/libSDL2-2.0.0.dylib (0x13f834bd8). This may cause spurious casting failures and mysterious crashes. One of the duplicates must be removed or renamed.
objc[71302]: Class SDLView is implemented in both /Users/linmuyi/miniconda3/envs/llm_gs/lib/python3.9/site-packages/pygame/.dylibs/libSDL2-2.0.0.dylib (0x104769688) and /Users/linmuyi/miniconda3/envs/llm_gs/lib/python3.9/site-packages/cv2/.dylibs/libSDL2-2.0.0.dylib (0x13f834c50). This may cause spurious casting failures and mysterious crashes. One of the duplicates must be removed or renamed.
objc[71302]: Class METAL_RenderData is implemented in both /Users/linmuyi/miniconda3/envs/llm_gs/lib/python3.9/site-packages/pygame/.dylibs/libSDL2-2.0.0.dylib (0x104769700) and /Users/linmuyi/miniconda3/envs/llm_gs/lib/python3.9/site-packages/cv2/.dylibs/libSDL2-2.0.0.dylib (0x13f834cc8). This may cause spurious casting failures and mysterious crashes. One of the duplicates must be removed or renamed.
objc[71302]: Class METAL_TextureData is implemented in both /Users/linmuyi/miniconda3/envs/llm_gs/lib/python3.9/site-packages/pygame/.dylibs/libSDL2-2.0.0.dylib (0x104769750) and /Users/linmuyi/miniconda3/envs/llm_gs/lib/python3.9/site-packages/cv2/.dylibs/libSDL2-2.0.0.dylib (0x13f834d18). This may cause spurious casting failures and mysterious crashes. One of the duplicates must be removed or renamed.
objc[71302]: Class SDL_RumbleMotor is implemented in both /Users/linmuyi/miniconda3/envs/llm_gs/lib/python3.9/site-packages/pygame/.dylibs/libSDL2-2.0.0.dylib (0x104769778) and /Users/linmuyi/miniconda3/envs/llm_gs/lib/python3.9/site-packages/cv2/.dylibs/libSDL2-2.0.0.dylib (0x13f834d40). This may cause spurious casting failures and mysterious crashes. One of the duplicates must be removed or renamed.
objc[71302]: Class SDL_RumbleContext is implemented in both /Users/linmuyi/miniconda3/envs/llm_gs/lib/python3.9/site-packages/pygame/.dylibs/libSDL2-2.0.0.dylib (0x1047697c8) and /Users/linmuyi/miniconda3/envs/llm_gs/lib/python3.9/site-packages/cv2/.dylibs/libSDL2-2.0.0.dylib (0x13f834d90). This may cause spurious casting failures and mysterious crashes. One of the duplicates must be removed or renamed.
[random_curriculum] 1500000 steps, 30 checkpoints, curriculum

  steps=  50000  held=0.00  gate=0.01  bins=1/3  active= 30  (39s)
  steps= 100000  held=0.00  gate=0.00  bins=1/3  active= 30  (73s)
  steps= 150000  held=0.01  gate=0.00  bins=1/3  active= 30  (105s)
  steps= 200000  held=0.00  gate=0.00  bins=1/3  active= 30  (142s)
  steps= 250000  held=0.00  gate=0.00  bins=1/3  active= 30  (187s)
  steps= 300000  held=0.00  gate=0.00  bins=1/3  active= 30  (230s)
  steps= 350000  held=0.00  gate=0.00  bins=1/3  active= 30  (291s)
  steps= 400000  held=0.00  gate=0.00  bins=2/3  active= 60  [UNLOCK:deadline]  (360s)
  steps= 450000  held=0.00  gate=0.00  bins=2/3  active= 60  (435s)
  steps= 500000  held=0.00  gate=0.00  bins=2/3  active= 60  (557s)
  steps= 550000  held=0.00  gate=0.01  bins=2/3  active= 60  (645s)
  steps= 600000  held=0.08  gate=0.14  bins=2/3  active= 60  (707s)
  steps= 650000  held=0.00  gate=0.00  bins=2/3  active= 60  (781s)
  steps= 700000  held=0.11  gate=0.11  bins=2/3  active= 60  (848s)
  steps= 750000  held=0.17  gate=0.10  bins=2/3  active= 60  (908s)
  steps= 800000  held=0.01  gate=0.00  bins=3/3  active= 90  [UNLOCK:deadline]  (976s)
  steps= 850000  held=0.00  gate=0.00  bins=3/3  active= 90  (1028s)
  steps= 900000  held=0.00  gate=0.00  bins=3/3  active= 90  (1066s)
  steps= 950000  held=0.00  gate=0.00  bins=3/3  active= 90  (1118s)
  steps=1000000  held=0.00  gate=0.00  bins=3/3  active= 90  (1173s)
  steps=1050000  held=0.00  gate=0.00  bins=3/3  active= 90  (1218s)
  steps=1100000  held=0.03  gate=0.03  bins=3/3  active= 90  (1270s)
  steps=1150000  held=0.00  gate=0.00  bins=3/3  active= 90  (1327s)
  steps=1200000  held=0.00  gate=0.00  bins=3/3  active= 90  (1384s)
  steps=1250000  held=0.00  gate=0.00  bins=3/3  active= 90  (1439s)
  steps=1300000  held=0.00  gate=0.00  bins=3/3  active= 90  (1482s)
  steps=1350000  held=0.00  gate=0.00  bins=3/3  active= 90  (1536s)
  steps=1400000  held=0.00  gate=0.00  bins=3/3  active= 90  (1592s)
  steps=1450000  held=0.05  gate=0.05  bins=3/3  active= 90  (1642s)
  steps=1500000  held=0.10  gate=0.10  bins=3/3  active= 90  (1686s)

[random_curriculum] DONE  final held=0.10  steps_to_0.3=NOT REACHED  wall=1686s  -> random_curriculum_seed10.json
[random_curriculum] per-cell held: s9N1=0.12  s9N2=0.06  s9N3=0.00  s13N1=0.25  s13N2=0.06  s13N3=0.00  s17N1=0.19  s17N2=0.19  s17N3=0.06
