[size_order] train=90 layouts  held-out=36 layouts
objc[5015]: Class SDLApplication is implemented in both /Users/linmuyi/miniconda3/envs/llm_gs/lib/python3.9/site-packages/pygame/.dylibs/libSDL2-2.0.0.dylib (0x10290d2c8) and /Users/linmuyi/miniconda3/envs/llm_gs/lib/python3.9/site-packages/cv2/.dylibs/libSDL2-2.0.0.dylib (0x1383f4890). This may cause spurious casting failures and mysterious crashes. One of the duplicates must be removed or renamed.
objc[5015]: Class SDLAppDelegate is implemented in both /Users/linmuyi/miniconda3/envs/llm_gs/lib/python3.9/site-packages/pygame/.dylibs/libSDL2-2.0.0.dylib (0x10290d318) and /Users/linmuyi/miniconda3/envs/llm_gs/lib/python3.9/site-packages/cv2/.dylibs/libSDL2-2.0.0.dylib (0x1383f48e0). This may cause spurious casting failures and mysterious crashes. One of the duplicates must be removed or renamed.
objc[5015]: Class SDLTranslatorResponder is implemented in both /Users/linmuyi/miniconda3/envs/llm_gs/lib/python3.9/site-packages/pygame/.dylibs/libSDL2-2.0.0.dylib (0x10290d390) and /Users/linmuyi/miniconda3/envs/llm_gs/lib/python3.9/site-packages/cv2/.dylibs/libSDL2-2.0.0.dylib (0x1383f4958). This may cause spurious casting failures and mysterious crashes. One of the duplicates must be removed or renamed.
objc[5015]: Class SDLMessageBoxPresenter is implemented in both /Users/linmuyi/miniconda3/envs/llm_gs/lib/python3.9/site-packages/pygame/.dylibs/libSDL2-2.0.0.dylib (0x10290d3b8) and /Users/linmuyi/miniconda3/envs/llm_gs/lib/python3.9/site-packages/cv2/.dylibs/libSDL2-2.0.0.dylib (0x1383f4980). This may cause spurious casting failures and mysterious crashes. One of the duplicates must be removed or renamed.
objc[5015]: Class SDL_cocoametalview is implemented in both /Users/linmuyi/miniconda3/envs/llm_gs/lib/python3.9/site-packages/pygame/.dylibs/libSDL2-2.0.0.dylib (0x10290d408) and /Users/linmuyi/miniconda3/envs/llm_gs/lib/python3.9/site-packages/cv2/.dylibs/libSDL2-2.0.0.dylib (0x1383f49d0). This may cause spurious casting failures and mysterious crashes. One of the duplicates must be removed or renamed.
objc[5015]: Class SDLOpenGLContext is implemented in both /Users/linmuyi/miniconda3/envs/llm_gs/lib/python3.9/site-packages/pygame/.dylibs/libSDL2-2.0.0.dylib (0x10290d458) and /Users/linmuyi/miniconda3/envs/llm_gs/lib/python3.9/site-packages/cv2/.dylibs/libSDL2-2.0.0.dylib (0x1383f4a20). This may cause spurious casting failures and mysterious crashes. One of the duplicates must be removed or renamed.
objc[5015]: Class SDL_ShapeData is implemented in both /Users/linmuyi/miniconda3/envs/llm_gs/lib/python3.9/site-packages/pygame/.dylibs/libSDL2-2.0.0.dylib (0x10290d4d0) and /Users/linmuyi/miniconda3/envs/llm_gs/lib/python3.9/site-packages/cv2/.dylibs/libSDL2-2.0.0.dylib (0x1383f4a98). This may cause spurious casting failures and mysterious crashes. One of the duplicates must be removed or renamed.
objc[5015]: Class SDL_CocoaClosure is implemented in both /Users/linmuyi/miniconda3/envs/llm_gs/lib/python3.9/site-packages/pygame/.dylibs/libSDL2-2.0.0.dylib (0x10290d520) and /Users/linmuyi/miniconda3/envs/llm_gs/lib/python3.9/site-packages/cv2/.dylibs/libSDL2-2.0.0.dylib (0x1383f4ae8). This may cause spurious casting failures and mysterious crashes. One of the duplicates must be removed or renamed.
objc[5015]: Class SDL_VideoData is implemented in both /Users/linmuyi/miniconda3/envs/llm_gs/lib/python3.9/site-packages/pygame/.dylibs/libSDL2-2.0.0.dylib (0x10290d570) and /Users/linmuyi/miniconda3/envs/llm_gs/lib/python3.9/site-packages/cv2/.dylibs/libSDL2-2.0.0.dylib (0x1383f4b38). This may cause spurious casting failures and mysterious crashes. One of the duplicates must be removed or renamed.
objc[5015]: Class SDL_WindowData is implemented in both /Users/linmuyi/miniconda3/envs/llm_gs/lib/python3.9/site-packages/pygame/.dylibs/libSDL2-2.0.0.dylib (0x10290d5c0) and /Users/linmuyi/miniconda3/envs/llm_gs/lib/python3.9/site-packages/cv2/.dylibs/libSDL2-2.0.0.dylib (0x1383f4b88). This may cause spurious casting failures and mysterious crashes. One of the duplicates must be removed or renamed.
objc[5015]: Class SDLWindow is implemented in both /Users/linmuyi/miniconda3/envs/llm_gs/lib/python3.9/site-packages/pygame/.dylibs/libSDL2-2.0.0.dylib (0x10290d5e8) and /Users/linmuyi/miniconda3/envs/llm_gs/lib/python3.9/site-packages/cv2/.dylibs/libSDL2-2.0.0.dylib (0x1383f4bb0). This may cause spurious casting failures and mysterious crashes. One of the duplicates must be removed or renamed.
objc[5015]: Class Cocoa_WindowListener is implemented in both /Users/linmuyi/miniconda3/envs/llm_gs/lib/python3.9/site-packages/pygame/.dylibs/libSDL2-2.0.0.dylib (0x10290d610) and /Users/linmuyi/miniconda3/envs/llm_gs/lib/python3.9/site-packages/cv2/.dylibs/libSDL2-2.0.0.dylib (0x1383f4bd8). This may cause spurious casting failures and mysterious crashes. One of the duplicates must be removed or renamed.
objc[5015]: Class SDLView is implemented in both /Users/linmuyi/miniconda3/envs/llm_gs/lib/python3.9/site-packages/pygame/.dylibs/libSDL2-2.0.0.dylib (0x10290d688) and /Users/linmuyi/miniconda3/envs/llm_gs/lib/python3.9/site-packages/cv2/.dylibs/libSDL2-2.0.0.dylib (0x1383f4c50). This may cause spurious casting failures and mysterious crashes. One of the duplicates must be removed or renamed.
objc[5015]: Class METAL_RenderData is implemented in both /Users/linmuyi/miniconda3/envs/llm_gs/lib/python3.9/site-packages/pygame/.dylibs/libSDL2-2.0.0.dylib (0x10290d700) and /Users/linmuyi/miniconda3/envs/llm_gs/lib/python3.9/site-packages/cv2/.dylibs/libSDL2-2.0.0.dylib (0x1383f4cc8). This may cause spurious casting failures and mysterious crashes. One of the duplicates must be removed or renamed.
objc[5015]: Class METAL_TextureData is implemented in both /Users/linmuyi/miniconda3/envs/llm_gs/lib/python3.9/site-packages/pygame/.dylibs/libSDL2-2.0.0.dylib (0x10290d750) and /Users/linmuyi/miniconda3/envs/llm_gs/lib/python3.9/site-packages/cv2/.dylibs/libSDL2-2.0.0.dylib (0x1383f4d18). This may cause spurious casting failures and mysterious crashes. One of the duplicates must be removed or renamed.
objc[5015]: Class SDL_RumbleMotor is implemented in both /Users/linmuyi/miniconda3/envs/llm_gs/lib/python3.9/site-packages/pygame/.dylibs/libSDL2-2.0.0.dylib (0x10290d778) and /Users/linmuyi/miniconda3/envs/llm_gs/lib/python3.9/site-packages/cv2/.dylibs/libSDL2-2.0.0.dylib (0x1383f4d40). This may cause spurious casting failures and mysterious crashes. One of the duplicates must be removed or renamed.
objc[5015]: Class SDL_RumbleContext is implemented in both /Users/linmuyi/miniconda3/envs/llm_gs/lib/python3.9/site-packages/pygame/.dylibs/libSDL2-2.0.0.dylib (0x10290d7c8) and /Users/linmuyi/miniconda3/envs/llm_gs/lib/python3.9/site-packages/cv2/.dylibs/libSDL2-2.0.0.dylib (0x1383f4d90). This may cause spurious casting failures and mysterious crashes. One of the duplicates must be removed or renamed.
[size_order] 1500000 steps, 30 checkpoints, curriculum

  steps=  50000  held=0.00  gate=0.04  bins=1/3  active= 30  (45s)
  steps= 100000  held=0.12  gate=0.15  bins=1/3  active= 30  (90s)
  steps= 150000  held=0.20  gate=0.32  bins=1/3  active= 30  (165s)
  steps= 200000  held=0.24  gate=0.43  bins=1/3  active= 30  (244s)
  steps= 250000  held=0.32  gate=0.44  bins=1/3  active= 30  (323s)
  steps= 300000  held=0.37  gate=0.39  bins=1/3  active= 30  (400s)
  steps= 350000  held=0.33  gate=0.49  bins=1/3  active= 30  (476s)
  steps= 400000  held=0.63  gate=0.78  bins=2/3  active= 60  [UNLOCK:gate]  (538s)
  steps= 450000  held=0.65  gate=0.60  bins=3/3  active= 90  [UNLOCK:gate]  (593s)
  steps= 500000  held=0.59  gate=0.59  bins=3/3  active= 90  (632s)
  steps= 550000  held=0.58  gate=0.58  bins=3/3  active= 90  (667s)
  steps= 600000  held=0.59  gate=0.59  bins=3/3  active= 90  (705s)
  steps= 650000  held=0.61  gate=0.61  bins=3/3  active= 90  (741s)
  steps= 700000  held=0.66  gate=0.66  bins=3/3  active= 90  (778s)
  steps= 750000  held=0.65  gate=0.65  bins=3/3  active= 90  (814s)
  steps= 800000  held=0.61  gate=0.61  bins=3/3  active= 90  (852s)
  steps= 850000  held=0.49  gate=0.49  bins=3/3  active= 90  (895s)
  steps= 900000  held=0.62  gate=0.62  bins=3/3  active= 90  (932s)
  steps= 950000  held=0.64  gate=0.64  bins=3/3  active= 90  (970s)
  steps=1000000  held=0.67  gate=0.67  bins=3/3  active= 90  (1006s)
  steps=1050000  held=0.60  gate=0.60  bins=3/3  active= 90  (1043s)
  steps=1100000  held=0.69  gate=0.69  bins=3/3  active= 90  (1077s)
  steps=1150000  held=0.69  gate=0.69  bins=3/3  active= 90  (1111s)
  steps=1200000  held=0.67  gate=0.67  bins=3/3  active= 90  (1143s)
  steps=1250000  held=0.73  gate=0.73  bins=3/3  active= 90  (1178s)
  steps=1300000  held=0.73  gate=0.73  bins=3/3  active= 90  (1211s)
  steps=1350000  held=0.63  gate=0.63  bins=3/3  active= 90  (1249s)
  steps=1400000  held=0.74  gate=0.74  bins=3/3  active= 90  (1283s)
  steps=1450000  held=0.64  gate=0.64  bins=3/3  active= 90  (1321s)
  steps=1500000  held=0.69  gate=0.69  bins=3/3  active= 90  (1356s)

[size_order] DONE  final held=0.69  steps_to_0.3=250,000  wall=1356s  -> size_order_seed31.json
[size_order] per-cell held: s9N1=0.75  s9N2=0.38  s9N3=0.06  s13N1=0.94  s13N2=1.00  s13N3=0.50  s17N1=0.75  s17N2=1.00  s17N3=0.88
