[flat] train=90 layouts  held-out=36 layouts
objc[45015]: Class SDLApplication is implemented in both /Users/linmuyi/miniconda3/envs/llm_gs/lib/python3.9/site-packages/pygame/.dylibs/libSDL2-2.0.0.dylib (0x104fdd2c8) and /Users/linmuyi/miniconda3/envs/llm_gs/lib/python3.9/site-packages/cv2/.dylibs/libSDL2-2.0.0.dylib (0x16d91c890). This may cause spurious casting failures and mysterious crashes. One of the duplicates must be removed or renamed.
objc[45015]: Class SDLAppDelegate is implemented in both /Users/linmuyi/miniconda3/envs/llm_gs/lib/python3.9/site-packages/pygame/.dylibs/libSDL2-2.0.0.dylib (0x104fdd318) and /Users/linmuyi/miniconda3/envs/llm_gs/lib/python3.9/site-packages/cv2/.dylibs/libSDL2-2.0.0.dylib (0x16d91c8e0). This may cause spurious casting failures and mysterious crashes. One of the duplicates must be removed or renamed.
objc[45015]: Class SDLTranslatorResponder is implemented in both /Users/linmuyi/miniconda3/envs/llm_gs/lib/python3.9/site-packages/pygame/.dylibs/libSDL2-2.0.0.dylib (0x104fdd390) and /Users/linmuyi/miniconda3/envs/llm_gs/lib/python3.9/site-packages/cv2/.dylibs/libSDL2-2.0.0.dylib (0x16d91c958). This may cause spurious casting failures and mysterious crashes. One of the duplicates must be removed or renamed.
objc[45015]: Class SDLMessageBoxPresenter is implemented in both /Users/linmuyi/miniconda3/envs/llm_gs/lib/python3.9/site-packages/pygame/.dylibs/libSDL2-2.0.0.dylib (0x104fdd3b8) and /Users/linmuyi/miniconda3/envs/llm_gs/lib/python3.9/site-packages/cv2/.dylibs/libSDL2-2.0.0.dylib (0x16d91c980). This may cause spurious casting failures and mysterious crashes. One of the duplicates must be removed or renamed.
objc[45015]: Class SDL_cocoametalview is implemented in both /Users/linmuyi/miniconda3/envs/llm_gs/lib/python3.9/site-packages/pygame/.dylibs/libSDL2-2.0.0.dylib (0x104fdd408) and /Users/linmuyi/miniconda3/envs/llm_gs/lib/python3.9/site-packages/cv2/.dylibs/libSDL2-2.0.0.dylib (0x16d91c9d0). This may cause spurious casting failures and mysterious crashes. One of the duplicates must be removed or renamed.
objc[45015]: Class SDLOpenGLContext is implemented in both /Users/linmuyi/miniconda3/envs/llm_gs/lib/python3.9/site-packages/pygame/.dylibs/libSDL2-2.0.0.dylib (0x104fdd458) and /Users/linmuyi/miniconda3/envs/llm_gs/lib/python3.9/site-packages/cv2/.dylibs/libSDL2-2.0.0.dylib (0x16d91ca20). This may cause spurious casting failures and mysterious crashes. One of the duplicates must be removed or renamed.
objc[45015]: Class SDL_ShapeData is implemented in both /Users/linmuyi/miniconda3/envs/llm_gs/lib/python3.9/site-packages/pygame/.dylibs/libSDL2-2.0.0.dylib (0x104fdd4d0) and /Users/linmuyi/miniconda3/envs/llm_gs/lib/python3.9/site-packages/cv2/.dylibs/libSDL2-2.0.0.dylib (0x16d91ca98). This may cause spurious casting failures and mysterious crashes. One of the duplicates must be removed or renamed.
objc[45015]: Class SDL_CocoaClosure is implemented in both /Users/linmuyi/miniconda3/envs/llm_gs/lib/python3.9/site-packages/pygame/.dylibs/libSDL2-2.0.0.dylib (0x104fdd520) and /Users/linmuyi/miniconda3/envs/llm_gs/lib/python3.9/site-packages/cv2/.dylibs/libSDL2-2.0.0.dylib (0x16d91cae8). This may cause spurious casting failures and mysterious crashes. One of the duplicates must be removed or renamed.
objc[45015]: Class SDL_VideoData is implemented in both /Users/linmuyi/miniconda3/envs/llm_gs/lib/python3.9/site-packages/pygame/.dylibs/libSDL2-2.0.0.dylib (0x104fdd570) and /Users/linmuyi/miniconda3/envs/llm_gs/lib/python3.9/site-packages/cv2/.dylibs/libSDL2-2.0.0.dylib (0x16d91cb38). This may cause spurious casting failures and mysterious crashes. One of the duplicates must be removed or renamed.
objc[45015]: Class SDL_WindowData is implemented in both /Users/linmuyi/miniconda3/envs/llm_gs/lib/python3.9/site-packages/pygame/.dylibs/libSDL2-2.0.0.dylib (0x104fdd5c0) and /Users/linmuyi/miniconda3/envs/llm_gs/lib/python3.9/site-packages/cv2/.dylibs/libSDL2-2.0.0.dylib (0x16d91cb88). This may cause spurious casting failures and mysterious crashes. One of the duplicates must be removed or renamed.
objc[45015]: Class SDLWindow is implemented in both /Users/linmuyi/miniconda3/envs/llm_gs/lib/python3.9/site-packages/pygame/.dylibs/libSDL2-2.0.0.dylib (0x104fdd5e8) and /Users/linmuyi/miniconda3/envs/llm_gs/lib/python3.9/site-packages/cv2/.dylibs/libSDL2-2.0.0.dylib (0x16d91cbb0). This may cause spurious casting failures and mysterious crashes. One of the duplicates must be removed or renamed.
objc[45015]: Class Cocoa_WindowListener is implemented in both /Users/linmuyi/miniconda3/envs/llm_gs/lib/python3.9/site-packages/pygame/.dylibs/libSDL2-2.0.0.dylib (0x104fdd610) and /Users/linmuyi/miniconda3/envs/llm_gs/lib/python3.9/site-packages/cv2/.dylibs/libSDL2-2.0.0.dylib (0x16d91cbd8). This may cause spurious casting failures and mysterious crashes. One of the duplicates must be removed or renamed.
objc[45015]: Class SDLView is implemented in both /Users/linmuyi/miniconda3/envs/llm_gs/lib/python3.9/site-packages/pygame/.dylibs/libSDL2-2.0.0.dylib (0x104fdd688) and /Users/linmuyi/miniconda3/envs/llm_gs/lib/python3.9/site-packages/cv2/.dylibs/libSDL2-2.0.0.dylib (0x16d91cc50). This may cause spurious casting failures and mysterious crashes. One of the duplicates must be removed or renamed.
objc[45015]: Class METAL_RenderData is implemented in both /Users/linmuyi/miniconda3/envs/llm_gs/lib/python3.9/site-packages/pygame/.dylibs/libSDL2-2.0.0.dylib (0x104fdd700) and /Users/linmuyi/miniconda3/envs/llm_gs/lib/python3.9/site-packages/cv2/.dylibs/libSDL2-2.0.0.dylib (0x16d91ccc8). This may cause spurious casting failures and mysterious crashes. One of the duplicates must be removed or renamed.
objc[45015]: Class METAL_TextureData is implemented in both /Users/linmuyi/miniconda3/envs/llm_gs/lib/python3.9/site-packages/pygame/.dylibs/libSDL2-2.0.0.dylib (0x104fdd750) and /Users/linmuyi/miniconda3/envs/llm_gs/lib/python3.9/site-packages/cv2/.dylibs/libSDL2-2.0.0.dylib (0x16d91cd18). This may cause spurious casting failures and mysterious crashes. One of the duplicates must be removed or renamed.
objc[45015]: Class SDL_RumbleMotor is implemented in both /Users/linmuyi/miniconda3/envs/llm_gs/lib/python3.9/site-packages/pygame/.dylibs/libSDL2-2.0.0.dylib (0x104fdd778) and /Users/linmuyi/miniconda3/envs/llm_gs/lib/python3.9/site-packages/cv2/.dylibs/libSDL2-2.0.0.dylib (0x16d91cd40). This may cause spurious casting failures and mysterious crashes. One of the duplicates must be removed or renamed.
objc[45015]: Class SDL_RumbleContext is implemented in both /Users/linmuyi/miniconda3/envs/llm_gs/lib/python3.9/site-packages/pygame/.dylibs/libSDL2-2.0.0.dylib (0x104fdd7c8) and /Users/linmuyi/miniconda3/envs/llm_gs/lib/python3.9/site-packages/cv2/.dylibs/libSDL2-2.0.0.dylib (0x16d91cd90). This may cause spurious casting failures and mysterious crashes. One of the duplicates must be removed or renamed.
[flat] 1500000 steps, 30 checkpoints, flat (no curriculum)

  steps=  50000  held=0.01  gate=0.01  bins=3/3  active= 90  (33s)
  steps= 100000  held=0.01  gate=0.01  bins=3/3  active= 90  (63s)
  steps= 150000  held=0.00  gate=0.00  bins=3/3  active= 90  (102s)
  steps= 200000  held=0.00  gate=0.00  bins=3/3  active= 90  (129s)
  steps= 250000  held=0.02  gate=0.02  bins=3/3  active= 90  (155s)
  steps= 300000  held=0.04  gate=0.04  bins=3/3  active= 90  (186s)
  steps= 350000  held=0.02  gate=0.02  bins=3/3  active= 90  (231s)
  steps= 400000  held=0.01  gate=0.01  bins=3/3  active= 90  (279s)
  steps= 450000  held=0.01  gate=0.01  bins=3/3  active= 90  (322s)
  steps= 500000  held=0.05  gate=0.05  bins=3/3  active= 90  (367s)
  steps= 550000  held=0.03  gate=0.03  bins=3/3  active= 90  (410s)
  steps= 600000  held=0.00  gate=0.00  bins=3/3  active= 90  (450s)
  steps= 650000  held=0.09  gate=0.09  bins=3/3  active= 90  (480s)
  steps= 700000  held=0.01  gate=0.01  bins=3/3  active= 90  (527s)
  steps= 750000  held=0.00  gate=0.00  bins=3/3  active= 90  (574s)
  steps= 800000  held=0.03  gate=0.03  bins=3/3  active= 90  (619s)
  steps= 850000  held=0.03  gate=0.03  bins=3/3  active= 90  (664s)
  steps= 900000  held=0.00  gate=0.00  bins=3/3  active= 90  (699s)
  steps= 950000  held=0.00  gate=0.00  bins=3/3  active= 90  (736s)
  steps=1000000  held=0.00  gate=0.00  bins=3/3  active= 90  (779s)
  steps=1050000  held=0.00  gate=0.00  bins=3/3  active= 90  (826s)
  steps=1100000  held=0.00  gate=0.00  bins=3/3  active= 90  (873s)
  steps=1150000  held=0.00  gate=0.00  bins=3/3  active= 90  (910s)
  steps=1200000  held=0.00  gate=0.00  bins=3/3  active= 90  (952s)
  steps=1250000  held=0.00  gate=0.00  bins=3/3  active= 90  (990s)
  steps=1300000  held=0.00  gate=0.00  bins=3/3  active= 90  (1019s)
  steps=1350000  held=0.11  gate=0.11  bins=3/3  active= 90  (1056s)
  steps=1400000  held=0.04  gate=0.04  bins=3/3  active= 90  (1090s)
  steps=1450000  held=0.03  gate=0.03  bins=3/3  active= 90  (1133s)
  steps=1500000  held=0.08  gate=0.08  bins=3/3  active= 90  (1180s)

[flat] DONE  final held=0.08  steps_to_0.3=NOT REACHED  wall=1180s  -> flat_seed6.json
[flat] per-cell held: s9N1=0.19  s9N2=0.00  s9N3=0.06  s13N1=0.25  s13N2=0.00  s13N3=0.00  s17N1=0.19  s17N2=0.00  s17N3=0.00
