[rivers_only] train=90 layouts  held-out=36 layouts
objc[58674]: Class SDLApplication is implemented in both /Users/linmuyi/miniconda3/envs/llm_gs/lib/python3.9/site-packages/pygame/.dylibs/libSDL2-2.0.0.dylib (0x11d3612c8) and /Users/linmuyi/miniconda3/envs/llm_gs/lib/python3.9/site-packages/cv2/.dylibs/libSDL2-2.0.0.dylib (0x30fd34890). This may cause spurious casting failures and mysterious crashes. One of the duplicates must be removed or renamed.
objc[58674]: Class SDLAppDelegate is implemented in both /Users/linmuyi/miniconda3/envs/llm_gs/lib/python3.9/site-packages/pygame/.dylibs/libSDL2-2.0.0.dylib (0x11d361318) and /Users/linmuyi/miniconda3/envs/llm_gs/lib/python3.9/site-packages/cv2/.dylibs/libSDL2-2.0.0.dylib (0x30fd348e0). This may cause spurious casting failures and mysterious crashes. One of the duplicates must be removed or renamed.
objc[58674]: Class SDLTranslatorResponder is implemented in both /Users/linmuyi/miniconda3/envs/llm_gs/lib/python3.9/site-packages/pygame/.dylibs/libSDL2-2.0.0.dylib (0x11d361390) and /Users/linmuyi/miniconda3/envs/llm_gs/lib/python3.9/site-packages/cv2/.dylibs/libSDL2-2.0.0.dylib (0x30fd34958). This may cause spurious casting failures and mysterious crashes. One of the duplicates must be removed or renamed.
objc[58674]: Class SDLMessageBoxPresenter is implemented in both /Users/linmuyi/miniconda3/envs/llm_gs/lib/python3.9/site-packages/pygame/.dylibs/libSDL2-2.0.0.dylib (0x11d3613b8) and /Users/linmuyi/miniconda3/envs/llm_gs/lib/python3.9/site-packages/cv2/.dylibs/libSDL2-2.0.0.dylib (0x30fd34980). This may cause spurious casting failures and mysterious crashes. One of the duplicates must be removed or renamed.
objc[58674]: Class SDL_cocoametalview is implemented in both /Users/linmuyi/miniconda3/envs/llm_gs/lib/python3.9/site-packages/pygame/.dylibs/libSDL2-2.0.0.dylib (0x11d361408) and /Users/linmuyi/miniconda3/envs/llm_gs/lib/python3.9/site-packages/cv2/.dylibs/libSDL2-2.0.0.dylib (0x30fd349d0). This may cause spurious casting failures and mysterious crashes. One of the duplicates must be removed or renamed.
objc[58674]: Class SDLOpenGLContext is implemented in both /Users/linmuyi/miniconda3/envs/llm_gs/lib/python3.9/site-packages/pygame/.dylibs/libSDL2-2.0.0.dylib (0x11d361458) and /Users/linmuyi/miniconda3/envs/llm_gs/lib/python3.9/site-packages/cv2/.dylibs/libSDL2-2.0.0.dylib (0x30fd34a20). This may cause spurious casting failures and mysterious crashes. One of the duplicates must be removed or renamed.
objc[58674]: Class SDL_ShapeData is implemented in both /Users/linmuyi/miniconda3/envs/llm_gs/lib/python3.9/site-packages/pygame/.dylibs/libSDL2-2.0.0.dylib (0x11d3614d0) and /Users/linmuyi/miniconda3/envs/llm_gs/lib/python3.9/site-packages/cv2/.dylibs/libSDL2-2.0.0.dylib (0x30fd34a98). This may cause spurious casting failures and mysterious crashes. One of the duplicates must be removed or renamed.
objc[58674]: Class SDL_CocoaClosure is implemented in both /Users/linmuyi/miniconda3/envs/llm_gs/lib/python3.9/site-packages/pygame/.dylibs/libSDL2-2.0.0.dylib (0x11d361520) and /Users/linmuyi/miniconda3/envs/llm_gs/lib/python3.9/site-packages/cv2/.dylibs/libSDL2-2.0.0.dylib (0x30fd34ae8). This may cause spurious casting failures and mysterious crashes. One of the duplicates must be removed or renamed.
objc[58674]: Class SDL_VideoData is implemented in both /Users/linmuyi/miniconda3/envs/llm_gs/lib/python3.9/site-packages/pygame/.dylibs/libSDL2-2.0.0.dylib (0x11d361570) and /Users/linmuyi/miniconda3/envs/llm_gs/lib/python3.9/site-packages/cv2/.dylibs/libSDL2-2.0.0.dylib (0x30fd34b38). This may cause spurious casting failures and mysterious crashes. One of the duplicates must be removed or renamed.
objc[58674]: Class SDL_WindowData is implemented in both /Users/linmuyi/miniconda3/envs/llm_gs/lib/python3.9/site-packages/pygame/.dylibs/libSDL2-2.0.0.dylib (0x11d3615c0) and /Users/linmuyi/miniconda3/envs/llm_gs/lib/python3.9/site-packages/cv2/.dylibs/libSDL2-2.0.0.dylib (0x30fd34b88). This may cause spurious casting failures and mysterious crashes. One of the duplicates must be removed or renamed.
objc[58674]: Class SDLWindow is implemented in both /Users/linmuyi/miniconda3/envs/llm_gs/lib/python3.9/site-packages/pygame/.dylibs/libSDL2-2.0.0.dylib (0x11d3615e8) and /Users/linmuyi/miniconda3/envs/llm_gs/lib/python3.9/site-packages/cv2/.dylibs/libSDL2-2.0.0.dylib (0x30fd34bb0). This may cause spurious casting failures and mysterious crashes. One of the duplicates must be removed or renamed.
objc[58674]: Class Cocoa_WindowListener is implemented in both /Users/linmuyi/miniconda3/envs/llm_gs/lib/python3.9/site-packages/pygame/.dylibs/libSDL2-2.0.0.dylib (0x11d361610) and /Users/linmuyi/miniconda3/envs/llm_gs/lib/python3.9/site-packages/cv2/.dylibs/libSDL2-2.0.0.dylib (0x30fd34bd8). This may cause spurious casting failures and mysterious crashes. One of the duplicates must be removed or renamed.
objc[58674]: Class SDLView is implemented in both /Users/linmuyi/miniconda3/envs/llm_gs/lib/python3.9/site-packages/pygame/.dylibs/libSDL2-2.0.0.dylib (0x11d361688) and /Users/linmuyi/miniconda3/envs/llm_gs/lib/python3.9/site-packages/cv2/.dylibs/libSDL2-2.0.0.dylib (0x30fd34c50). This may cause spurious casting failures and mysterious crashes. One of the duplicates must be removed or renamed.
objc[58674]: Class METAL_RenderData is implemented in both /Users/linmuyi/miniconda3/envs/llm_gs/lib/python3.9/site-packages/pygame/.dylibs/libSDL2-2.0.0.dylib (0x11d361700) and /Users/linmuyi/miniconda3/envs/llm_gs/lib/python3.9/site-packages/cv2/.dylibs/libSDL2-2.0.0.dylib (0x30fd34cc8). This may cause spurious casting failures and mysterious crashes. One of the duplicates must be removed or renamed.
objc[58674]: Class METAL_TextureData is implemented in both /Users/linmuyi/miniconda3/envs/llm_gs/lib/python3.9/site-packages/pygame/.dylibs/libSDL2-2.0.0.dylib (0x11d361750) and /Users/linmuyi/miniconda3/envs/llm_gs/lib/python3.9/site-packages/cv2/.dylibs/libSDL2-2.0.0.dylib (0x30fd34d18). This may cause spurious casting failures and mysterious crashes. One of the duplicates must be removed or renamed.
objc[58674]: Class SDL_RumbleMotor is implemented in both /Users/linmuyi/miniconda3/envs/llm_gs/lib/python3.9/site-packages/pygame/.dylibs/libSDL2-2.0.0.dylib (0x11d361778) and /Users/linmuyi/miniconda3/envs/llm_gs/lib/python3.9/site-packages/cv2/.dylibs/libSDL2-2.0.0.dylib (0x30fd34d40). This may cause spurious casting failures and mysterious crashes. One of the duplicates must be removed or renamed.
objc[58674]: Class SDL_RumbleContext is implemented in both /Users/linmuyi/miniconda3/envs/llm_gs/lib/python3.9/site-packages/pygame/.dylibs/libSDL2-2.0.0.dylib (0x11d3617c8) and /Users/linmuyi/miniconda3/envs/llm_gs/lib/python3.9/site-packages/cv2/.dylibs/libSDL2-2.0.0.dylib (0x30fd34d90). This may cause spurious casting failures and mysterious crashes. One of the duplicates must be removed or renamed.
[rivers_only] 1500000 steps, 30 checkpoints, curriculum

  steps=  50000  held=0.00  gate=0.03  bins=1/3  active= 30  (32s)
  steps= 100000  held=0.03  gate=0.04  bins=1/3  active= 30  (72s)
  steps= 150000  held=0.02  gate=0.01  bins=1/3  active= 30  (133s)
  steps= 200000  held=0.04  gate=0.12  bins=1/3  active= 30  (170s)
  steps= 250000  held=0.03  gate=0.11  bins=1/3  active= 30  (233s)
  steps= 300000  held=0.11  gate=0.11  bins=1/3  active= 30  (283s)
  steps= 350000  held=0.03  gate=0.17  bins=1/3  active= 30  (344s)
  steps= 400000  held=0.07  gate=0.17  bins=2/3  active= 60  [UNLOCK:deadline]  (403s)
  steps= 450000  held=0.01  gate=0.04  bins=2/3  active= 60  (472s)
  steps= 500000  held=0.00  gate=0.00  bins=2/3  active= 60  (534s)
  steps= 550000  held=0.03  gate=0.06  bins=2/3  active= 60  (576s)
  steps= 600000  held=0.06  gate=0.15  bins=2/3  active= 60  (625s)
  steps= 650000  held=0.05  gate=0.06  bins=2/3  active= 60  (680s)
  steps= 700000  held=0.06  gate=0.14  bins=2/3  active= 60  (734s)
  steps= 750000  held=0.14  gate=0.33  bins=2/3  active= 60  (788s)
  steps= 800000  held=0.18  gate=0.47  bins=3/3  active= 90  [UNLOCK:deadline]  (839s)
  steps= 850000  held=0.13  gate=0.13  bins=3/3  active= 90  (885s)
  steps= 900000  held=0.03  gate=0.03  bins=3/3  active= 90  (926s)
  steps= 950000  held=0.03  gate=0.03  bins=3/3  active= 90  (974s)
  steps=1000000  held=0.10  gate=0.10  bins=3/3  active= 90  (1018s)
  steps=1050000  held=0.03  gate=0.03  bins=3/3  active= 90  (1070s)
  steps=1100000  held=0.16  gate=0.16  bins=3/3  active= 90  (1117s)
  steps=1150000  held=0.04  gate=0.04  bins=3/3  active= 90  (1167s)
  steps=1200000  held=0.40  gate=0.40  bins=3/3  active= 90  (1203s)
  steps=1250000  held=0.39  gate=0.39  bins=3/3  active= 90  (1246s)
  steps=1300000  held=0.44  gate=0.44  bins=3/3  active= 90  (1282s)
  steps=1350000  held=0.15  gate=0.15  bins=3/3  active= 90  (1334s)
  steps=1400000  held=0.17  gate=0.17  bins=3/3  active= 90  (1383s)
  steps=1450000  held=0.29  gate=0.29  bins=3/3  active= 90  (1426s)
  steps=1500000  held=0.44  gate=0.44  bins=3/3  active= 90  (1466s)

[rivers_only] DONE  final held=0.44  steps_to_0.3=1,200,000  wall=1466s  -> rivers_only_seed8.json
[rivers_only] per-cell held: s9N1=0.75  s9N2=0.25  s9N3=0.00  s13N1=0.31  s13N2=0.81  s13N3=0.00  s17N1=0.62  s17N2=1.00  s17N3=0.25
