[flat] train=90 layouts  held-out=36 layouts
objc[11941]: Class SDLApplication is implemented in both /Users/linmuyi/miniconda3/envs/llm_gs/lib/python3.9/site-packages/pygame/.dylibs/libSDL2-2.0.0.dylib (0x1094612c8) and /Users/linmuyi/miniconda3/envs/llm_gs/lib/python3.9/site-packages/cv2/.dylibs/libSDL2-2.0.0.dylib (0x131f54890). This may cause spurious casting failures and mysterious crashes. One of the duplicates must be removed or renamed.
objc[11941]: Class SDLAppDelegate is implemented in both /Users/linmuyi/miniconda3/envs/llm_gs/lib/python3.9/site-packages/pygame/.dylibs/libSDL2-2.0.0.dylib (0x109461318) and /Users/linmuyi/miniconda3/envs/llm_gs/lib/python3.9/site-packages/cv2/.dylibs/libSDL2-2.0.0.dylib (0x131f548e0). This may cause spurious casting failures and mysterious crashes. One of the duplicates must be removed or renamed.
objc[11941]: Class SDLTranslatorResponder is implemented in both /Users/linmuyi/miniconda3/envs/llm_gs/lib/python3.9/site-packages/pygame/.dylibs/libSDL2-2.0.0.dylib (0x109461390) and /Users/linmuyi/miniconda3/envs/llm_gs/lib/python3.9/site-packages/cv2/.dylibs/libSDL2-2.0.0.dylib (0x131f54958). This may cause spurious casting failures and mysterious crashes. One of the duplicates must be removed or renamed.
objc[11941]: Class SDLMessageBoxPresenter is implemented in both /Users/linmuyi/miniconda3/envs/llm_gs/lib/python3.9/site-packages/pygame/.dylibs/libSDL2-2.0.0.dylib (0x1094613b8) and /Users/linmuyi/miniconda3/envs/llm_gs/lib/python3.9/site-packages/cv2/.dylibs/libSDL2-2.0.0.dylib (0x131f54980). This may cause spurious casting failures and mysterious crashes. One of the duplicates must be removed or renamed.
objc[11941]: Class SDL_cocoametalview is implemented in both /Users/linmuyi/miniconda3/envs/llm_gs/lib/python3.9/site-packages/pygame/.dylibs/libSDL2-2.0.0.dylib (0x109461408) and /Users/linmuyi/miniconda3/envs/llm_gs/lib/python3.9/site-packages/cv2/.dylibs/libSDL2-2.0.0.dylib (0x131f549d0). This may cause spurious casting failures and mysterious crashes. One of the duplicates must be removed or renamed.
objc[11941]: Class SDLOpenGLContext is implemented in both /Users/linmuyi/miniconda3/envs/llm_gs/lib/python3.9/site-packages/pygame/.dylibs/libSDL2-2.0.0.dylib (0x109461458) and /Users/linmuyi/miniconda3/envs/llm_gs/lib/python3.9/site-packages/cv2/.dylibs/libSDL2-2.0.0.dylib (0x131f54a20). This may cause spurious casting failures and mysterious crashes. One of the duplicates must be removed or renamed.
objc[11941]: Class SDL_ShapeData is implemented in both /Users/linmuyi/miniconda3/envs/llm_gs/lib/python3.9/site-packages/pygame/.dylibs/libSDL2-2.0.0.dylib (0x1094614d0) and /Users/linmuyi/miniconda3/envs/llm_gs/lib/python3.9/site-packages/cv2/.dylibs/libSDL2-2.0.0.dylib (0x131f54a98). This may cause spurious casting failures and mysterious crashes. One of the duplicates must be removed or renamed.
objc[11941]: Class SDL_CocoaClosure is implemented in both /Users/linmuyi/miniconda3/envs/llm_gs/lib/python3.9/site-packages/pygame/.dylibs/libSDL2-2.0.0.dylib (0x109461520) and /Users/linmuyi/miniconda3/envs/llm_gs/lib/python3.9/site-packages/cv2/.dylibs/libSDL2-2.0.0.dylib (0x131f54ae8). This may cause spurious casting failures and mysterious crashes. One of the duplicates must be removed or renamed.
objc[11941]: Class SDL_VideoData is implemented in both /Users/linmuyi/miniconda3/envs/llm_gs/lib/python3.9/site-packages/pygame/.dylibs/libSDL2-2.0.0.dylib (0x109461570) and /Users/linmuyi/miniconda3/envs/llm_gs/lib/python3.9/site-packages/cv2/.dylibs/libSDL2-2.0.0.dylib (0x131f54b38). This may cause spurious casting failures and mysterious crashes. One of the duplicates must be removed or renamed.
objc[11941]: Class SDL_WindowData is implemented in both /Users/linmuyi/miniconda3/envs/llm_gs/lib/python3.9/site-packages/pygame/.dylibs/libSDL2-2.0.0.dylib (0x1094615c0) and /Users/linmuyi/miniconda3/envs/llm_gs/lib/python3.9/site-packages/cv2/.dylibs/libSDL2-2.0.0.dylib (0x131f54b88). This may cause spurious casting failures and mysterious crashes. One of the duplicates must be removed or renamed.
objc[11941]: Class SDLWindow is implemented in both /Users/linmuyi/miniconda3/envs/llm_gs/lib/python3.9/site-packages/pygame/.dylibs/libSDL2-2.0.0.dylib (0x1094615e8) and /Users/linmuyi/miniconda3/envs/llm_gs/lib/python3.9/site-packages/cv2/.dylibs/libSDL2-2.0.0.dylib (0x131f54bb0). This may cause spurious casting failures and mysterious crashes. One of the duplicates must be removed or renamed.
objc[11941]: Class Cocoa_WindowListener is implemented in both /Users/linmuyi/miniconda3/envs/llm_gs/lib/python3.9/site-packages/pygame/.dylibs/libSDL2-2.0.0.dylib (0x109461610) and /Users/linmuyi/miniconda3/envs/llm_gs/lib/python3.9/site-packages/cv2/.dylibs/libSDL2-2.0.0.dylib (0x131f54bd8). This may cause spurious casting failures and mysterious crashes. One of the duplicates must be removed or renamed.
objc[11941]: Class SDLView is implemented in both /Users/linmuyi/miniconda3/envs/llm_gs/lib/python3.9/site-packages/pygame/.dylibs/libSDL2-2.0.0.dylib (0x109461688) and /Users/linmuyi/miniconda3/envs/llm_gs/lib/python3.9/site-packages/cv2/.dylibs/libSDL2-2.0.0.dylib (0x131f54c50). This may cause spurious casting failures and mysterious crashes. One of the duplicates must be removed or renamed.
objc[11941]: Class METAL_RenderData is implemented in both /Users/linmuyi/miniconda3/envs/llm_gs/lib/python3.9/site-packages/pygame/.dylibs/libSDL2-2.0.0.dylib (0x109461700) and /Users/linmuyi/miniconda3/envs/llm_gs/lib/python3.9/site-packages/cv2/.dylibs/libSDL2-2.0.0.dylib (0x131f54cc8). This may cause spurious casting failures and mysterious crashes. One of the duplicates must be removed or renamed.
objc[11941]: Class METAL_TextureData is implemented in both /Users/linmuyi/miniconda3/envs/llm_gs/lib/python3.9/site-packages/pygame/.dylibs/libSDL2-2.0.0.dylib (0x109461750) and /Users/linmuyi/miniconda3/envs/llm_gs/lib/python3.9/site-packages/cv2/.dylibs/libSDL2-2.0.0.dylib (0x131f54d18). This may cause spurious casting failures and mysterious crashes. One of the duplicates must be removed or renamed.
objc[11941]: Class SDL_RumbleMotor is implemented in both /Users/linmuyi/miniconda3/envs/llm_gs/lib/python3.9/site-packages/pygame/.dylibs/libSDL2-2.0.0.dylib (0x109461778) and /Users/linmuyi/miniconda3/envs/llm_gs/lib/python3.9/site-packages/cv2/.dylibs/libSDL2-2.0.0.dylib (0x131f54d40). This may cause spurious casting failures and mysterious crashes. One of the duplicates must be removed or renamed.
objc[11941]: Class SDL_RumbleContext is implemented in both /Users/linmuyi/miniconda3/envs/llm_gs/lib/python3.9/site-packages/pygame/.dylibs/libSDL2-2.0.0.dylib (0x1094617c8) and /Users/linmuyi/miniconda3/envs/llm_gs/lib/python3.9/site-packages/cv2/.dylibs/libSDL2-2.0.0.dylib (0x131f54d90). This may cause spurious casting failures and mysterious crashes. One of the duplicates must be removed or renamed.
[flat] 1500000 steps, 30 checkpoints, flat (no curriculum)

  steps=  50000  held=0.00  gate=0.00  bins=3/3  active= 90  (31s)
  steps= 100000  held=0.00  gate=0.00  bins=3/3  active= 90  (59s)
  steps= 150000  held=0.00  gate=0.00  bins=3/3  active= 90  (88s)
  steps= 200000  held=0.00  gate=0.00  bins=3/3  active= 90  (123s)
  steps= 250000  held=0.00  gate=0.00  bins=3/3  active= 90  (158s)
  steps= 300000  held=0.00  gate=0.00  bins=3/3  active= 90  (195s)
  steps= 350000  held=0.00  gate=0.00  bins=3/3  active= 90  (228s)
  steps= 400000  held=0.00  gate=0.00  bins=3/3  active= 90  (256s)
  steps= 450000  held=0.00  gate=0.00  bins=3/3  active= 90  (285s)
  steps= 500000  held=0.02  gate=0.02  bins=3/3  active= 90  (312s)
  steps= 550000  held=0.01  gate=0.01  bins=3/3  active= 90  (353s)
  steps= 600000  held=0.00  gate=0.00  bins=3/3  active= 90  (396s)
  steps= 650000  held=0.01  gate=0.01  bins=3/3  active= 90  (437s)
  steps= 700000  held=0.00  gate=0.00  bins=3/3  active= 90  (469s)
  steps= 750000  held=0.02  gate=0.02  bins=3/3  active= 90  (503s)
  steps= 800000  held=0.00  gate=0.00  bins=3/3  active= 90  (540s)
  steps= 850000  held=0.00  gate=0.00  bins=3/3  active= 90  (587s)
  steps= 900000  held=0.00  gate=0.00  bins=3/3  active= 90  (624s)
  steps= 950000  held=0.00  gate=0.00  bins=3/3  active= 90  (664s)
  steps=1000000  held=0.00  gate=0.00  bins=3/3  active= 90  (707s)
  steps=1050000  held=0.01  gate=0.01  bins=3/3  active= 90  (746s)
  steps=1100000  held=0.01  gate=0.01  bins=3/3  active= 90  (792s)
  steps=1150000  held=0.00  gate=0.00  bins=3/3  active= 90  (830s)
  steps=1200000  held=0.07  gate=0.07  bins=3/3  active= 90  (872s)
  steps=1250000  held=0.00  gate=0.00  bins=3/3  active= 90  (921s)
  steps=1300000  held=0.02  gate=0.02  bins=3/3  active= 90  (956s)
  steps=1350000  held=0.01  gate=0.01  bins=3/3  active= 90  (1003s)
  steps=1400000  held=0.03  gate=0.03  bins=3/3  active= 90  (1043s)
  steps=1450000  held=0.08  gate=0.08  bins=3/3  active= 90  (1079s)
  steps=1500000  held=0.03  gate=0.03  bins=3/3  active= 90  (1116s)

[flat] DONE  final held=0.03  steps_to_0.3=NOT REACHED  wall=1116s  -> flat_seed32.json
[flat] per-cell held: s9N1=0.06  s9N2=0.00  s9N3=0.00  s13N1=0.12  s13N2=0.06  s13N3=0.00  s17N1=0.00  s17N2=0.00  s17N3=0.00
