[flat] train=90 layouts  held-out=36 layouts
objc[28124]: Class SDLApplication is implemented in both /Users/linmuyi/miniconda3/envs/llm_gs/lib/python3.9/site-packages/pygame/.dylibs/libSDL2-2.0.0.dylib (0x10714d2c8) and /Users/linmuyi/miniconda3/envs/llm_gs/lib/python3.9/site-packages/cv2/.dylibs/libSDL2-2.0.0.dylib (0x17febc890). This may cause spurious casting failures and mysterious crashes. One of the duplicates must be removed or renamed.
objc[28124]: Class SDLAppDelegate is implemented in both /Users/linmuyi/miniconda3/envs/llm_gs/lib/python3.9/site-packages/pygame/.dylibs/libSDL2-2.0.0.dylib (0x10714d318) and /Users/linmuyi/miniconda3/envs/llm_gs/lib/python3.9/site-packages/cv2/.dylibs/libSDL2-2.0.0.dylib (0x17febc8e0). This may cause spurious casting failures and mysterious crashes. One of the duplicates must be removed or renamed.
objc[28124]: Class SDLTranslatorResponder is implemented in both /Users/linmuyi/miniconda3/envs/llm_gs/lib/python3.9/site-packages/pygame/.dylibs/libSDL2-2.0.0.dylib (0x10714d390) and /Users/linmuyi/miniconda3/envs/llm_gs/lib/python3.9/site-packages/cv2/.dylibs/libSDL2-2.0.0.dylib (0x17febc958). This may cause spurious casting failures and mysterious crashes. One of the duplicates must be removed or renamed.
objc[28124]: Class SDLMessageBoxPresenter is implemented in both /Users/linmuyi/miniconda3/envs/llm_gs/lib/python3.9/site-packages/pygame/.dylibs/libSDL2-2.0.0.dylib (0x10714d3b8) and /Users/linmuyi/miniconda3/envs/llm_gs/lib/python3.9/site-packages/cv2/.dylibs/libSDL2-2.0.0.dylib (0x17febc980). This may cause spurious casting failures and mysterious crashes. One of the duplicates must be removed or renamed.
objc[28124]: Class SDL_cocoametalview is implemented in both /Users/linmuyi/miniconda3/envs/llm_gs/lib/python3.9/site-packages/pygame/.dylibs/libSDL2-2.0.0.dylib (0x10714d408) and /Users/linmuyi/miniconda3/envs/llm_gs/lib/python3.9/site-packages/cv2/.dylibs/libSDL2-2.0.0.dylib (0x17febc9d0). This may cause spurious casting failures and mysterious crashes. One of the duplicates must be removed or renamed.
objc[28124]: Class SDLOpenGLContext is implemented in both /Users/linmuyi/miniconda3/envs/llm_gs/lib/python3.9/site-packages/pygame/.dylibs/libSDL2-2.0.0.dylib (0x10714d458) and /Users/linmuyi/miniconda3/envs/llm_gs/lib/python3.9/site-packages/cv2/.dylibs/libSDL2-2.0.0.dylib (0x17febca20). This may cause spurious casting failures and mysterious crashes. One of the duplicates must be removed or renamed.
objc[28124]: Class SDL_ShapeData is implemented in both /Users/linmuyi/miniconda3/envs/llm_gs/lib/python3.9/site-packages/pygame/.dylibs/libSDL2-2.0.0.dylib (0x10714d4d0) and /Users/linmuyi/miniconda3/envs/llm_gs/lib/python3.9/site-packages/cv2/.dylibs/libSDL2-2.0.0.dylib (0x17febca98). This may cause spurious casting failures and mysterious crashes. One of the duplicates must be removed or renamed.
objc[28124]: Class SDL_CocoaClosure is implemented in both /Users/linmuyi/miniconda3/envs/llm_gs/lib/python3.9/site-packages/pygame/.dylibs/libSDL2-2.0.0.dylib (0x10714d520) and /Users/linmuyi/miniconda3/envs/llm_gs/lib/python3.9/site-packages/cv2/.dylibs/libSDL2-2.0.0.dylib (0x17febcae8). This may cause spurious casting failures and mysterious crashes. One of the duplicates must be removed or renamed.
objc[28124]: Class SDL_VideoData is implemented in both /Users/linmuyi/miniconda3/envs/llm_gs/lib/python3.9/site-packages/pygame/.dylibs/libSDL2-2.0.0.dylib (0x10714d570) and /Users/linmuyi/miniconda3/envs/llm_gs/lib/python3.9/site-packages/cv2/.dylibs/libSDL2-2.0.0.dylib (0x17febcb38). This may cause spurious casting failures and mysterious crashes. One of the duplicates must be removed or renamed.
objc[28124]: Class SDL_WindowData is implemented in both /Users/linmuyi/miniconda3/envs/llm_gs/lib/python3.9/site-packages/pygame/.dylibs/libSDL2-2.0.0.dylib (0x10714d5c0) and /Users/linmuyi/miniconda3/envs/llm_gs/lib/python3.9/site-packages/cv2/.dylibs/libSDL2-2.0.0.dylib (0x17febcb88). This may cause spurious casting failures and mysterious crashes. One of the duplicates must be removed or renamed.
objc[28124]: Class SDLWindow is implemented in both /Users/linmuyi/miniconda3/envs/llm_gs/lib/python3.9/site-packages/pygame/.dylibs/libSDL2-2.0.0.dylib (0x10714d5e8) and /Users/linmuyi/miniconda3/envs/llm_gs/lib/python3.9/site-packages/cv2/.dylibs/libSDL2-2.0.0.dylib (0x17febcbb0). This may cause spurious casting failures and mysterious crashes. One of the duplicates must be removed or renamed.
objc[28124]: Class Cocoa_WindowListener is implemented in both /Users/linmuyi/miniconda3/envs/llm_gs/lib/python3.9/site-packages/pygame/.dylibs/libSDL2-2.0.0.dylib (0x10714d610) and /Users/linmuyi/miniconda3/envs/llm_gs/lib/python3.9/site-packages/cv2/.dylibs/libSDL2-2.0.0.dylib (0x17febcbd8). This may cause spurious casting failures and mysterious crashes. One of the duplicates must be removed or renamed.
objc[28124]: Class SDLView is implemented in both /Users/linmuyi/miniconda3/envs/llm_gs/lib/python3.9/site-packages/pygame/.dylibs/libSDL2-2.0.0.dylib (0x10714d688) and /Users/linmuyi/miniconda3/envs/llm_gs/lib/python3.9/site-packages/cv2/.dylibs/libSDL2-2.0.0.dylib (0x17febcc50). This may cause spurious casting failures and mysterious crashes. One of the duplicates must be removed or renamed.
objc[28124]: Class METAL_RenderData is implemented in both /Users/linmuyi/miniconda3/envs/llm_gs/lib/python3.9/site-packages/pygame/.dylibs/libSDL2-2.0.0.dylib (0x10714d700) and /Users/linmuyi/miniconda3/envs/llm_gs/lib/python3.9/site-packages/cv2/.dylibs/libSDL2-2.0.0.dylib (0x17febccc8). This may cause spurious casting failures and mysterious crashes. One of the duplicates must be removed or renamed.
objc[28124]: Class METAL_TextureData is implemented in both /Users/linmuyi/miniconda3/envs/llm_gs/lib/python3.9/site-packages/pygame/.dylibs/libSDL2-2.0.0.dylib (0x10714d750) and /Users/linmuyi/miniconda3/envs/llm_gs/lib/python3.9/site-packages/cv2/.dylibs/libSDL2-2.0.0.dylib (0x17febcd18). This may cause spurious casting failures and mysterious crashes. One of the duplicates must be removed or renamed.
objc[28124]: Class SDL_RumbleMotor is implemented in both /Users/linmuyi/miniconda3/envs/llm_gs/lib/python3.9/site-packages/pygame/.dylibs/libSDL2-2.0.0.dylib (0x10714d778) and /Users/linmuyi/miniconda3/envs/llm_gs/lib/python3.9/site-packages/cv2/.dylibs/libSDL2-2.0.0.dylib (0x17febcd40). This may cause spurious casting failures and mysterious crashes. One of the duplicates must be removed or renamed.
objc[28124]: Class SDL_RumbleContext is implemented in both /Users/linmuyi/miniconda3/envs/llm_gs/lib/python3.9/site-packages/pygame/.dylibs/libSDL2-2.0.0.dylib (0x10714d7c8) and /Users/linmuyi/miniconda3/envs/llm_gs/lib/python3.9/site-packages/cv2/.dylibs/libSDL2-2.0.0.dylib (0x17febcd90). This may cause spurious casting failures and mysterious crashes. One of the duplicates must be removed or renamed.
[flat] 1500000 steps, 30 checkpoints, flat (no curriculum)

  steps=  50000  held=0.00  gate=0.00  bins=3/3  active= 90  (38s)
  steps= 100000  held=0.00  gate=0.00  bins=3/3  active= 90  (78s)
  steps= 150000  held=0.00  gate=0.00  bins=3/3  active= 90  (128s)
  steps= 200000  held=0.00  gate=0.00  bins=3/3  active= 90  (166s)
  steps= 250000  held=0.00  gate=0.00  bins=3/3  active= 90  (194s)
  steps= 300000  held=0.00  gate=0.00  bins=3/3  active= 90  (221s)
  steps= 350000  held=0.00  gate=0.00  bins=3/3  active= 90  (255s)
  steps= 400000  held=0.01  gate=0.01  bins=3/3  active= 90  (292s)
  steps= 450000  held=0.00  gate=0.00  bins=3/3  active= 90  (335s)
  steps= 500000  held=0.00  gate=0.00  bins=3/3  active= 90  (373s)
  steps= 550000  held=0.02  gate=0.02  bins=3/3  active= 90  (406s)
  steps= 600000  held=0.00  gate=0.00  bins=3/3  active= 90  (448s)
  steps= 650000  held=0.00  gate=0.00  bins=3/3  active= 90  (487s)
  steps= 700000  held=0.00  gate=0.00  bins=3/3  active= 90  (517s)
  steps= 750000  held=0.00  gate=0.00  bins=3/3  active= 90  (555s)
  steps= 800000  held=0.01  gate=0.01  bins=3/3  active= 90  (584s)
  steps= 850000  held=0.01  gate=0.01  bins=3/3  active= 90  (615s)
  steps= 900000  held=0.00  gate=0.00  bins=3/3  active= 90  (643s)
  steps= 950000  held=0.00  gate=0.00  bins=3/3  active= 90  (680s)
  steps=1000000  held=0.00  gate=0.00  bins=3/3  active= 90  (719s)
  steps=1050000  held=0.00  gate=0.00  bins=3/3  active= 90  (766s)
  steps=1100000  held=0.00  gate=0.00  bins=3/3  active= 90  (811s)
  steps=1150000  held=0.00  gate=0.00  bins=3/3  active= 90  (854s)
  steps=1200000  held=0.00  gate=0.00  bins=3/3  active= 90  (897s)
  steps=1250000  held=0.00  gate=0.00  bins=3/3  active= 90  (927s)
  steps=1300000  held=0.00  gate=0.00  bins=3/3  active= 90  (953s)
  steps=1350000  held=0.07  gate=0.07  bins=3/3  active= 90  (978s)
  steps=1400000  held=0.11  gate=0.11  bins=3/3  active= 90  (1004s)
  steps=1450000  held=0.10  gate=0.10  bins=3/3  active= 90  (1030s)
  steps=1500000  held=0.11  gate=0.11  bins=3/3  active= 90  (1067s)

[flat] DONE  final held=0.11  steps_to_0.3=NOT REACHED  wall=1067s  -> flat_seed35.json
[flat] per-cell held: s9N1=0.25  s9N2=0.00  s9N3=0.00  s13N1=0.00  s13N2=0.25  s13N3=0.00  s17N1=0.00  s17N2=0.31  s17N3=0.19
