[random_curriculum] train=90 layouts  held-out=36 layouts
objc[30767]: Class SDLApplication is implemented in both /Users/linmuyi/miniconda3/envs/llm_gs/lib/python3.9/site-packages/pygame/.dylibs/libSDL2-2.0.0.dylib (0x1123612c8) and /Users/linmuyi/miniconda3/envs/llm_gs/lib/python3.9/site-packages/cv2/.dylibs/libSDL2-2.0.0.dylib (0x16d26c890). This may cause spurious casting failures and mysterious crashes. One of the duplicates must be removed or renamed.
objc[30767]: Class SDLAppDelegate is implemented in both /Users/linmuyi/miniconda3/envs/llm_gs/lib/python3.9/site-packages/pygame/.dylibs/libSDL2-2.0.0.dylib (0x112361318) and /Users/linmuyi/miniconda3/envs/llm_gs/lib/python3.9/site-packages/cv2/.dylibs/libSDL2-2.0.0.dylib (0x16d26c8e0). This may cause spurious casting failures and mysterious crashes. One of the duplicates must be removed or renamed.
objc[30767]: Class SDLTranslatorResponder is implemented in both /Users/linmuyi/miniconda3/envs/llm_gs/lib/python3.9/site-packages/pygame/.dylibs/libSDL2-2.0.0.dylib (0x112361390) and /Users/linmuyi/miniconda3/envs/llm_gs/lib/python3.9/site-packages/cv2/.dylibs/libSDL2-2.0.0.dylib (0x16d26c958). This may cause spurious casting failures and mysterious crashes. One of the duplicates must be removed or renamed.
objc[30767]: Class SDLMessageBoxPresenter is implemented in both /Users/linmuyi/miniconda3/envs/llm_gs/lib/python3.9/site-packages/pygame/.dylibs/libSDL2-2.0.0.dylib (0x1123613b8) and /Users/linmuyi/miniconda3/envs/llm_gs/lib/python3.9/site-packages/cv2/.dylibs/libSDL2-2.0.0.dylib (0x16d26c980). This may cause spurious casting failures and mysterious crashes. One of the duplicates must be removed or renamed.
objc[30767]: Class SDL_cocoametalview is implemented in both /Users/linmuyi/miniconda3/envs/llm_gs/lib/python3.9/site-packages/pygame/.dylibs/libSDL2-2.0.0.dylib (0x112361408) and /Users/linmuyi/miniconda3/envs/llm_gs/lib/python3.9/site-packages/cv2/.dylibs/libSDL2-2.0.0.dylib (0x16d26c9d0). This may cause spurious casting failures and mysterious crashes. One of the duplicates must be removed or renamed.
objc[30767]: Class SDLOpenGLContext is implemented in both /Users/linmuyi/miniconda3/envs/llm_gs/lib/python3.9/site-packages/pygame/.dylibs/libSDL2-2.0.0.dylib (0x112361458) and /Users/linmuyi/miniconda3/envs/llm_gs/lib/python3.9/site-packages/cv2/.dylibs/libSDL2-2.0.0.dylib (0x16d26ca20). This may cause spurious casting failures and mysterious crashes. One of the duplicates must be removed or renamed.
objc[30767]: Class SDL_ShapeData is implemented in both /Users/linmuyi/miniconda3/envs/llm_gs/lib/python3.9/site-packages/pygame/.dylibs/libSDL2-2.0.0.dylib (0x1123614d0) and /Users/linmuyi/miniconda3/envs/llm_gs/lib/python3.9/site-packages/cv2/.dylibs/libSDL2-2.0.0.dylib (0x16d26ca98). This may cause spurious casting failures and mysterious crashes. One of the duplicates must be removed or renamed.
objc[30767]: Class SDL_CocoaClosure is implemented in both /Users/linmuyi/miniconda3/envs/llm_gs/lib/python3.9/site-packages/pygame/.dylibs/libSDL2-2.0.0.dylib (0x112361520) and /Users/linmuyi/miniconda3/envs/llm_gs/lib/python3.9/site-packages/cv2/.dylibs/libSDL2-2.0.0.dylib (0x16d26cae8). This may cause spurious casting failures and mysterious crashes. One of the duplicates must be removed or renamed.
objc[30767]: Class SDL_VideoData is implemented in both /Users/linmuyi/miniconda3/envs/llm_gs/lib/python3.9/site-packages/pygame/.dylibs/libSDL2-2.0.0.dylib (0x112361570) and /Users/linmuyi/miniconda3/envs/llm_gs/lib/python3.9/site-packages/cv2/.dylibs/libSDL2-2.0.0.dylib (0x16d26cb38). This may cause spurious casting failures and mysterious crashes. One of the duplicates must be removed or renamed.
objc[30767]: Class SDL_WindowData is implemented in both /Users/linmuyi/miniconda3/envs/llm_gs/lib/python3.9/site-packages/pygame/.dylibs/libSDL2-2.0.0.dylib (0x1123615c0) and /Users/linmuyi/miniconda3/envs/llm_gs/lib/python3.9/site-packages/cv2/.dylibs/libSDL2-2.0.0.dylib (0x16d26cb88). This may cause spurious casting failures and mysterious crashes. One of the duplicates must be removed or renamed.
objc[30767]: Class SDLWindow is implemented in both /Users/linmuyi/miniconda3/envs/llm_gs/lib/python3.9/site-packages/pygame/.dylibs/libSDL2-2.0.0.dylib (0x1123615e8) and /Users/linmuyi/miniconda3/envs/llm_gs/lib/python3.9/site-packages/cv2/.dylibs/libSDL2-2.0.0.dylib (0x16d26cbb0). This may cause spurious casting failures and mysterious crashes. One of the duplicates must be removed or renamed.
objc[30767]: Class Cocoa_WindowListener is implemented in both /Users/linmuyi/miniconda3/envs/llm_gs/lib/python3.9/site-packages/pygame/.dylibs/libSDL2-2.0.0.dylib (0x112361610) and /Users/linmuyi/miniconda3/envs/llm_gs/lib/python3.9/site-packages/cv2/.dylibs/libSDL2-2.0.0.dylib (0x16d26cbd8). This may cause spurious casting failures and mysterious crashes. One of the duplicates must be removed or renamed.
objc[30767]: Class SDLView is implemented in both /Users/linmuyi/miniconda3/envs/llm_gs/lib/python3.9/site-packages/pygame/.dylibs/libSDL2-2.0.0.dylib (0x112361688) and /Users/linmuyi/miniconda3/envs/llm_gs/lib/python3.9/site-packages/cv2/.dylibs/libSDL2-2.0.0.dylib (0x16d26cc50). This may cause spurious casting failures and mysterious crashes. One of the duplicates must be removed or renamed.
objc[30767]: Class METAL_RenderData is implemented in both /Users/linmuyi/miniconda3/envs/llm_gs/lib/python3.9/site-packages/pygame/.dylibs/libSDL2-2.0.0.dylib (0x112361700) and /Users/linmuyi/miniconda3/envs/llm_gs/lib/python3.9/site-packages/cv2/.dylibs/libSDL2-2.0.0.dylib (0x16d26ccc8). This may cause spurious casting failures and mysterious crashes. One of the duplicates must be removed or renamed.
objc[30767]: Class METAL_TextureData is implemented in both /Users/linmuyi/miniconda3/envs/llm_gs/lib/python3.9/site-packages/pygame/.dylibs/libSDL2-2.0.0.dylib (0x112361750) and /Users/linmuyi/miniconda3/envs/llm_gs/lib/python3.9/site-packages/cv2/.dylibs/libSDL2-2.0.0.dylib (0x16d26cd18). This may cause spurious casting failures and mysterious crashes. One of the duplicates must be removed or renamed.
objc[30767]: Class SDL_RumbleMotor is implemented in both /Users/linmuyi/miniconda3/envs/llm_gs/lib/python3.9/site-packages/pygame/.dylibs/libSDL2-2.0.0.dylib (0x112361778) and /Users/linmuyi/miniconda3/envs/llm_gs/lib/python3.9/site-packages/cv2/.dylibs/libSDL2-2.0.0.dylib (0x16d26cd40). This may cause spurious casting failures and mysterious crashes. One of the duplicates must be removed or renamed.
objc[30767]: Class SDL_RumbleContext is implemented in both /Users/linmuyi/miniconda3/envs/llm_gs/lib/python3.9/site-packages/pygame/.dylibs/libSDL2-2.0.0.dylib (0x1123617c8) and /Users/linmuyi/miniconda3/envs/llm_gs/lib/python3.9/site-packages/cv2/.dylibs/libSDL2-2.0.0.dylib (0x16d26cd90). This may cause spurious casting failures and mysterious crashes. One of the duplicates must be removed or renamed.
[random_curriculum] 1500000 steps, 30 checkpoints, curriculum

  steps=  50000  held=0.00  gate=0.04  bins=1/3  active= 30  (37s)
  steps= 100000  held=0.00  gate=0.00  bins=1/3  active= 30  (75s)
  steps= 150000  held=0.00  gate=0.00  bins=1/3  active= 30  (115s)
  steps= 200000  held=0.00  gate=0.00  bins=1/3  active= 30  (167s)
  steps= 250000  held=0.03  gate=0.10  bins=1/3  active= 30  (195s)
  steps= 300000  held=0.03  gate=0.11  bins=1/3  active= 30  (244s)
  steps= 350000  held=0.03  gate=0.17  bins=1/3  active= 30  (301s)
  steps= 400000  held=0.01  gate=0.03  bins=2/3  active= 60  [UNLOCK:deadline]  (360s)
  steps= 450000  held=0.01  gate=0.03  bins=2/3  active= 60  (428s)
  steps= 500000  held=0.04  gate=0.11  bins=2/3  active= 60  (479s)
  steps= 550000  held=0.03  gate=0.22  bins=2/3  active= 60  (530s)
  steps= 600000  held=0.03  gate=0.01  bins=2/3  active= 60  (592s)
  steps= 650000  held=0.05  gate=0.10  bins=2/3  active= 60  (647s)
  steps= 700000  held=0.03  gate=0.00  bins=2/3  active= 60  (717s)
  steps= 750000  held=0.03  gate=0.11  bins=2/3  active= 60  (783s)
  steps= 800000  held=0.08  gate=0.14  bins=3/3  active= 90  [UNLOCK:deadline]  (841s)
  steps= 850000  held=0.22  gate=0.22  bins=3/3  active= 90  (886s)
  steps= 900000  held=0.11  gate=0.11  bins=3/3  active= 90  (940s)
  steps= 950000  held=0.28  gate=0.28  bins=3/3  active= 90  (984s)
  steps=1000000  held=0.27  gate=0.27  bins=3/3  active= 90  (1028s)
  steps=1050000  held=0.39  gate=0.39  bins=3/3  active= 90  (1070s)
  steps=1100000  held=0.37  gate=0.37  bins=3/3  active= 90  (1111s)
  steps=1150000  held=0.45  gate=0.45  bins=3/3  active= 90  (1151s)
  steps=1200000  held=0.49  gate=0.49  bins=3/3  active= 90  (1191s)
  steps=1250000  held=0.58  gate=0.58  bins=3/3  active= 90  (1229s)
  steps=1300000  held=0.50  gate=0.50  bins=3/3  active= 90  (1266s)
  steps=1350000  held=0.52  gate=0.52  bins=3/3  active= 90  (1309s)
  steps=1400000  held=0.61  gate=0.61  bins=3/3  active= 90  (1347s)
  steps=1450000  held=0.50  gate=0.50  bins=3/3  active= 90  (1385s)
  steps=1500000  held=0.47  gate=0.47  bins=3/3  active= 90  (1429s)

[random_curriculum] DONE  final held=0.47  steps_to_0.3=1,050,000  wall=1429s  -> random_curriculum_seed3.json
[random_curriculum] per-cell held: s9N1=0.62  s9N2=0.62  s9N3=0.00  s13N1=0.69  s13N2=0.81  s13N3=0.19  s17N1=0.50  s17N2=0.56  s17N3=0.19
