[grader] train=90 layouts  held-out=36 layouts
objc[46306]: Class SDLApplication is implemented in both /Users/linmuyi/miniconda3/envs/llm_gs/lib/python3.9/site-packages/pygame/.dylibs/libSDL2-2.0.0.dylib (0x106f1d2c8) and /Users/linmuyi/miniconda3/envs/llm_gs/lib/python3.9/site-packages/cv2/.dylibs/libSDL2-2.0.0.dylib (0x311374890). This may cause spurious casting failures and mysterious crashes. One of the duplicates must be removed or renamed.
objc[46306]: Class SDLAppDelegate is implemented in both /Users/linmuyi/miniconda3/envs/llm_gs/lib/python3.9/site-packages/pygame/.dylibs/libSDL2-2.0.0.dylib (0x106f1d318) and /Users/linmuyi/miniconda3/envs/llm_gs/lib/python3.9/site-packages/cv2/.dylibs/libSDL2-2.0.0.dylib (0x3113748e0). This may cause spurious casting failures and mysterious crashes. One of the duplicates must be removed or renamed.
objc[46306]: Class SDLTranslatorResponder is implemented in both /Users/linmuyi/miniconda3/envs/llm_gs/lib/python3.9/site-packages/pygame/.dylibs/libSDL2-2.0.0.dylib (0x106f1d390) and /Users/linmuyi/miniconda3/envs/llm_gs/lib/python3.9/site-packages/cv2/.dylibs/libSDL2-2.0.0.dylib (0x311374958). This may cause spurious casting failures and mysterious crashes. One of the duplicates must be removed or renamed.
objc[46306]: Class SDLMessageBoxPresenter is implemented in both /Users/linmuyi/miniconda3/envs/llm_gs/lib/python3.9/site-packages/pygame/.dylibs/libSDL2-2.0.0.dylib (0x106f1d3b8) and /Users/linmuyi/miniconda3/envs/llm_gs/lib/python3.9/site-packages/cv2/.dylibs/libSDL2-2.0.0.dylib (0x311374980). This may cause spurious casting failures and mysterious crashes. One of the duplicates must be removed or renamed.
objc[46306]: Class SDL_cocoametalview is implemented in both /Users/linmuyi/miniconda3/envs/llm_gs/lib/python3.9/site-packages/pygame/.dylibs/libSDL2-2.0.0.dylib (0x106f1d408) and /Users/linmuyi/miniconda3/envs/llm_gs/lib/python3.9/site-packages/cv2/.dylibs/libSDL2-2.0.0.dylib (0x3113749d0). This may cause spurious casting failures and mysterious crashes. One of the duplicates must be removed or renamed.
objc[46306]: Class SDLOpenGLContext is implemented in both /Users/linmuyi/miniconda3/envs/llm_gs/lib/python3.9/site-packages/pygame/.dylibs/libSDL2-2.0.0.dylib (0x106f1d458) and /Users/linmuyi/miniconda3/envs/llm_gs/lib/python3.9/site-packages/cv2/.dylibs/libSDL2-2.0.0.dylib (0x311374a20). This may cause spurious casting failures and mysterious crashes. One of the duplicates must be removed or renamed.
objc[46306]: Class SDL_ShapeData is implemented in both /Users/linmuyi/miniconda3/envs/llm_gs/lib/python3.9/site-packages/pygame/.dylibs/libSDL2-2.0.0.dylib (0x106f1d4d0) and /Users/linmuyi/miniconda3/envs/llm_gs/lib/python3.9/site-packages/cv2/.dylibs/libSDL2-2.0.0.dylib (0x311374a98). This may cause spurious casting failures and mysterious crashes. One of the duplicates must be removed or renamed.
objc[46306]: Class SDL_CocoaClosure is implemented in both /Users/linmuyi/miniconda3/envs/llm_gs/lib/python3.9/site-packages/pygame/.dylibs/libSDL2-2.0.0.dylib (0x106f1d520) and /Users/linmuyi/miniconda3/envs/llm_gs/lib/python3.9/site-packages/cv2/.dylibs/libSDL2-2.0.0.dylib (0x311374ae8). This may cause spurious casting failures and mysterious crashes. One of the duplicates must be removed or renamed.
objc[46306]: Class SDL_VideoData is implemented in both /Users/linmuyi/miniconda3/envs/llm_gs/lib/python3.9/site-packages/pygame/.dylibs/libSDL2-2.0.0.dylib (0x106f1d570) and /Users/linmuyi/miniconda3/envs/llm_gs/lib/python3.9/site-packages/cv2/.dylibs/libSDL2-2.0.0.dylib (0x311374b38). This may cause spurious casting failures and mysterious crashes. One of the duplicates must be removed or renamed.
objc[46306]: Class SDL_WindowData is implemented in both /Users/linmuyi/miniconda3/envs/llm_gs/lib/python3.9/site-packages/pygame/.dylibs/libSDL2-2.0.0.dylib (0x106f1d5c0) and /Users/linmuyi/miniconda3/envs/llm_gs/lib/python3.9/site-packages/cv2/.dylibs/libSDL2-2.0.0.dylib (0x311374b88). This may cause spurious casting failures and mysterious crashes. One of the duplicates must be removed or renamed.
objc[46306]: Class SDLWindow is implemented in both /Users/linmuyi/miniconda3/envs/llm_gs/lib/python3.9/site-packages/pygame/.dylibs/libSDL2-2.0.0.dylib (0x106f1d5e8) and /Users/linmuyi/miniconda3/envs/llm_gs/lib/python3.9/site-packages/cv2/.dylibs/libSDL2-2.0.0.dylib (0x311374bb0). This may cause spurious casting failures and mysterious crashes. One of the duplicates must be removed or renamed.
objc[46306]: Class Cocoa_WindowListener is implemented in both /Users/linmuyi/miniconda3/envs/llm_gs/lib/python3.9/site-packages/pygame/.dylibs/libSDL2-2.0.0.dylib (0x106f1d610) and /Users/linmuyi/miniconda3/envs/llm_gs/lib/python3.9/site-packages/cv2/.dylibs/libSDL2-2.0.0.dylib (0x311374bd8). This may cause spurious casting failures and mysterious crashes. One of the duplicates must be removed or renamed.
objc[46306]: Class SDLView is implemented in both /Users/linmuyi/miniconda3/envs/llm_gs/lib/python3.9/site-packages/pygame/.dylibs/libSDL2-2.0.0.dylib (0x106f1d688) and /Users/linmuyi/miniconda3/envs/llm_gs/lib/python3.9/site-packages/cv2/.dylibs/libSDL2-2.0.0.dylib (0x311374c50). This may cause spurious casting failures and mysterious crashes. One of the duplicates must be removed or renamed.
objc[46306]: Class METAL_RenderData is implemented in both /Users/linmuyi/miniconda3/envs/llm_gs/lib/python3.9/site-packages/pygame/.dylibs/libSDL2-2.0.0.dylib (0x106f1d700) and /Users/linmuyi/miniconda3/envs/llm_gs/lib/python3.9/site-packages/cv2/.dylibs/libSDL2-2.0.0.dylib (0x311374cc8). This may cause spurious casting failures and mysterious crashes. One of the duplicates must be removed or renamed.
objc[46306]: Class METAL_TextureData is implemented in both /Users/linmuyi/miniconda3/envs/llm_gs/lib/python3.9/site-packages/pygame/.dylibs/libSDL2-2.0.0.dylib (0x106f1d750) and /Users/linmuyi/miniconda3/envs/llm_gs/lib/python3.9/site-packages/cv2/.dylibs/libSDL2-2.0.0.dylib (0x311374d18). This may cause spurious casting failures and mysterious crashes. One of the duplicates must be removed or renamed.
objc[46306]: Class SDL_RumbleMotor is implemented in both /Users/linmuyi/miniconda3/envs/llm_gs/lib/python3.9/site-packages/pygame/.dylibs/libSDL2-2.0.0.dylib (0x106f1d778) and /Users/linmuyi/miniconda3/envs/llm_gs/lib/python3.9/site-packages/cv2/.dylibs/libSDL2-2.0.0.dylib (0x311374d40). This may cause spurious casting failures and mysterious crashes. One of the duplicates must be removed or renamed.
objc[46306]: Class SDL_RumbleContext is implemented in both /Users/linmuyi/miniconda3/envs/llm_gs/lib/python3.9/site-packages/pygame/.dylibs/libSDL2-2.0.0.dylib (0x106f1d7c8) and /Users/linmuyi/miniconda3/envs/llm_gs/lib/python3.9/site-packages/cv2/.dylibs/libSDL2-2.0.0.dylib (0x311374d90). This may cause spurious casting failures and mysterious crashes. One of the duplicates must be removed or renamed.
[grader] 1500000 steps, 30 checkpoints, curriculum

  steps=  50000  held=0.00  gate=0.00  bins=1/3  active= 30  (43s)
  steps= 100000  held=0.00  gate=0.00  bins=1/3  active= 30  (86s)
  steps= 150000  held=0.02  gate=0.03  bins=1/3  active= 30  (131s)
  steps= 200000  held=0.00  gate=0.00  bins=1/3  active= 30  (183s)
  steps= 250000  held=0.00  gate=0.00  bins=1/3  active= 30  (231s)
  steps= 300000  held=0.03  gate=0.11  bins=1/3  active= 30  (282s)
  steps= 350000  held=0.03  gate=0.15  bins=1/3  active= 30  (335s)
  steps= 400000  held=0.03  gate=0.15  bins=2/3  active= 60  [UNLOCK:deadline]  (388s)
  steps= 450000  held=0.03  gate=0.06  bins=2/3  active= 60  (417s)
  steps= 500000  held=0.01  gate=0.06  bins=2/3  active= 60  (474s)
  steps= 550000  held=0.00  gate=0.06  bins=2/3  active= 60  (530s)
  steps= 600000  held=0.00  gate=0.00  bins=2/3  active= 60  (595s)
  steps= 650000  held=0.07  gate=0.01  bins=2/3  active= 60  (648s)
  steps= 700000  held=0.00  gate=0.00  bins=2/3  active= 60  (710s)
  steps= 750000  held=0.02  gate=0.01  bins=2/3  active= 60  (756s)
  steps= 800000  held=0.01  gate=0.10  bins=3/3  active= 90  [UNLOCK:deadline]  (806s)
  steps= 850000  held=0.01  gate=0.01  bins=3/3  active= 90  (857s)
  steps= 900000  held=0.01  gate=0.01  bins=3/3  active= 90  (909s)
  steps= 950000  held=0.02  gate=0.02  bins=3/3  active= 90  (956s)
  steps=1000000  held=0.01  gate=0.01  bins=3/3  active= 90  (1000s)
  steps=1050000  held=0.01  gate=0.01  bins=3/3  active= 90  (1047s)
  steps=1100000  held=0.02  gate=0.02  bins=3/3  active= 90  (1084s)
  steps=1150000  held=0.01  gate=0.01  bins=3/3  active= 90  (1131s)
  steps=1200000  held=0.03  gate=0.03  bins=3/3  active= 90  (1178s)
  steps=1250000  held=0.01  gate=0.01  bins=3/3  active= 90  (1212s)
  steps=1300000  held=0.00  gate=0.00  bins=3/3  active= 90  (1242s)
  steps=1350000  held=0.00  gate=0.00  bins=3/3  active= 90  (1281s)
  steps=1400000  held=0.00  gate=0.00  bins=3/3  active= 90  (1330s)
  steps=1450000  held=0.01  gate=0.01  bins=3/3  active= 90  (1379s)
  steps=1500000  held=0.00  gate=0.00  bins=3/3  active= 90  (1424s)

[grader] DONE  final held=0.00  steps_to_0.3=NOT REACHED  wall=1424s  -> grader_seed38.json
[grader] per-cell held: s9N1=0.00  s9N2=0.00  s9N3=0.00  s13N1=0.00  s13N2=0.00  s13N3=0.00  s17N1=0.00  s17N2=0.00  s17N3=0.00
