[random_curriculum] train=90 layouts  held-out=36 layouts
objc[58249]: Class SDLApplication is implemented in both /Users/linmuyi/miniconda3/envs/llm_gs/lib/python3.9/site-packages/pygame/.dylibs/libSDL2-2.0.0.dylib (0x1053612c8) and /Users/linmuyi/miniconda3/envs/llm_gs/lib/python3.9/site-packages/cv2/.dylibs/libSDL2-2.0.0.dylib (0x16a9c0890). This may cause spurious casting failures and mysterious crashes. One of the duplicates must be removed or renamed.
objc[58249]: Class SDLAppDelegate is implemented in both /Users/linmuyi/miniconda3/envs/llm_gs/lib/python3.9/site-packages/pygame/.dylibs/libSDL2-2.0.0.dylib (0x105361318) and /Users/linmuyi/miniconda3/envs/llm_gs/lib/python3.9/site-packages/cv2/.dylibs/libSDL2-2.0.0.dylib (0x16a9c08e0). This may cause spurious casting failures and mysterious crashes. One of the duplicates must be removed or renamed.
objc[58249]: Class SDLTranslatorResponder is implemented in both /Users/linmuyi/miniconda3/envs/llm_gs/lib/python3.9/site-packages/pygame/.dylibs/libSDL2-2.0.0.dylib (0x105361390) and /Users/linmuyi/miniconda3/envs/llm_gs/lib/python3.9/site-packages/cv2/.dylibs/libSDL2-2.0.0.dylib (0x16a9c0958). This may cause spurious casting failures and mysterious crashes. One of the duplicates must be removed or renamed.
objc[58249]: Class SDLMessageBoxPresenter is implemented in both /Users/linmuyi/miniconda3/envs/llm_gs/lib/python3.9/site-packages/pygame/.dylibs/libSDL2-2.0.0.dylib (0x1053613b8) and /Users/linmuyi/miniconda3/envs/llm_gs/lib/python3.9/site-packages/cv2/.dylibs/libSDL2-2.0.0.dylib (0x16a9c0980). This may cause spurious casting failures and mysterious crashes. One of the duplicates must be removed or renamed.
objc[58249]: Class SDL_cocoametalview is implemented in both /Users/linmuyi/miniconda3/envs/llm_gs/lib/python3.9/site-packages/pygame/.dylibs/libSDL2-2.0.0.dylib (0x105361408) and /Users/linmuyi/miniconda3/envs/llm_gs/lib/python3.9/site-packages/cv2/.dylibs/libSDL2-2.0.0.dylib (0x16a9c09d0). This may cause spurious casting failures and mysterious crashes. One of the duplicates must be removed or renamed.
objc[58249]: Class SDLOpenGLContext is implemented in both /Users/linmuyi/miniconda3/envs/llm_gs/lib/python3.9/site-packages/pygame/.dylibs/libSDL2-2.0.0.dylib (0x105361458) and /Users/linmuyi/miniconda3/envs/llm_gs/lib/python3.9/site-packages/cv2/.dylibs/libSDL2-2.0.0.dylib (0x16a9c0a20). This may cause spurious casting failures and mysterious crashes. One of the duplicates must be removed or renamed.
objc[58249]: Class SDL_ShapeData is implemented in both /Users/linmuyi/miniconda3/envs/llm_gs/lib/python3.9/site-packages/pygame/.dylibs/libSDL2-2.0.0.dylib (0x1053614d0) and /Users/linmuyi/miniconda3/envs/llm_gs/lib/python3.9/site-packages/cv2/.dylibs/libSDL2-2.0.0.dylib (0x16a9c0a98). This may cause spurious casting failures and mysterious crashes. One of the duplicates must be removed or renamed.
objc[58249]: Class SDL_CocoaClosure is implemented in both /Users/linmuyi/miniconda3/envs/llm_gs/lib/python3.9/site-packages/pygame/.dylibs/libSDL2-2.0.0.dylib (0x105361520) and /Users/linmuyi/miniconda3/envs/llm_gs/lib/python3.9/site-packages/cv2/.dylibs/libSDL2-2.0.0.dylib (0x16a9c0ae8). This may cause spurious casting failures and mysterious crashes. One of the duplicates must be removed or renamed.
objc[58249]: Class SDL_VideoData is implemented in both /Users/linmuyi/miniconda3/envs/llm_gs/lib/python3.9/site-packages/pygame/.dylibs/libSDL2-2.0.0.dylib (0x105361570) and /Users/linmuyi/miniconda3/envs/llm_gs/lib/python3.9/site-packages/cv2/.dylibs/libSDL2-2.0.0.dylib (0x16a9c0b38). This may cause spurious casting failures and mysterious crashes. One of the duplicates must be removed or renamed.
objc[58249]: Class SDL_WindowData is implemented in both /Users/linmuyi/miniconda3/envs/llm_gs/lib/python3.9/site-packages/pygame/.dylibs/libSDL2-2.0.0.dylib (0x1053615c0) and /Users/linmuyi/miniconda3/envs/llm_gs/lib/python3.9/site-packages/cv2/.dylibs/libSDL2-2.0.0.dylib (0x16a9c0b88). This may cause spurious casting failures and mysterious crashes. One of the duplicates must be removed or renamed.
objc[58249]: Class SDLWindow is implemented in both /Users/linmuyi/miniconda3/envs/llm_gs/lib/python3.9/site-packages/pygame/.dylibs/libSDL2-2.0.0.dylib (0x1053615e8) and /Users/linmuyi/miniconda3/envs/llm_gs/lib/python3.9/site-packages/cv2/.dylibs/libSDL2-2.0.0.dylib (0x16a9c0bb0). This may cause spurious casting failures and mysterious crashes. One of the duplicates must be removed or renamed.
objc[58249]: Class Cocoa_WindowListener is implemented in both /Users/linmuyi/miniconda3/envs/llm_gs/lib/python3.9/site-packages/pygame/.dylibs/libSDL2-2.0.0.dylib (0x105361610) and /Users/linmuyi/miniconda3/envs/llm_gs/lib/python3.9/site-packages/cv2/.dylibs/libSDL2-2.0.0.dylib (0x16a9c0bd8). This may cause spurious casting failures and mysterious crashes. One of the duplicates must be removed or renamed.
objc[58249]: Class SDLView is implemented in both /Users/linmuyi/miniconda3/envs/llm_gs/lib/python3.9/site-packages/pygame/.dylibs/libSDL2-2.0.0.dylib (0x105361688) and /Users/linmuyi/miniconda3/envs/llm_gs/lib/python3.9/site-packages/cv2/.dylibs/libSDL2-2.0.0.dylib (0x16a9c0c50). This may cause spurious casting failures and mysterious crashes. One of the duplicates must be removed or renamed.
objc[58249]: Class METAL_RenderData is implemented in both /Users/linmuyi/miniconda3/envs/llm_gs/lib/python3.9/site-packages/pygame/.dylibs/libSDL2-2.0.0.dylib (0x105361700) and /Users/linmuyi/miniconda3/envs/llm_gs/lib/python3.9/site-packages/cv2/.dylibs/libSDL2-2.0.0.dylib (0x16a9c0cc8). This may cause spurious casting failures and mysterious crashes. One of the duplicates must be removed or renamed.
objc[58249]: Class METAL_TextureData is implemented in both /Users/linmuyi/miniconda3/envs/llm_gs/lib/python3.9/site-packages/pygame/.dylibs/libSDL2-2.0.0.dylib (0x105361750) and /Users/linmuyi/miniconda3/envs/llm_gs/lib/python3.9/site-packages/cv2/.dylibs/libSDL2-2.0.0.dylib (0x16a9c0d18). This may cause spurious casting failures and mysterious crashes. One of the duplicates must be removed or renamed.
objc[58249]: Class SDL_RumbleMotor is implemented in both /Users/linmuyi/miniconda3/envs/llm_gs/lib/python3.9/site-packages/pygame/.dylibs/libSDL2-2.0.0.dylib (0x105361778) and /Users/linmuyi/miniconda3/envs/llm_gs/lib/python3.9/site-packages/cv2/.dylibs/libSDL2-2.0.0.dylib (0x16a9c0d40). This may cause spurious casting failures and mysterious crashes. One of the duplicates must be removed or renamed.
objc[58249]: Class SDL_RumbleContext is implemented in both /Users/linmuyi/miniconda3/envs/llm_gs/lib/python3.9/site-packages/pygame/.dylibs/libSDL2-2.0.0.dylib (0x1053617c8) and /Users/linmuyi/miniconda3/envs/llm_gs/lib/python3.9/site-packages/cv2/.dylibs/libSDL2-2.0.0.dylib (0x16a9c0d90). This may cause spurious casting failures and mysterious crashes. One of the duplicates must be removed or renamed.
[random_curriculum] 1500000 steps, 30 checkpoints, curriculum

  steps=  50000  held=0.01  gate=0.01  bins=1/3  active= 30  (32s)
  steps= 100000  held=0.00  gate=0.00  bins=1/3  active= 30  (72s)
  steps= 150000  held=0.00  gate=0.00  bins=1/3  active= 30  (102s)
  steps= 200000  held=0.00  gate=0.01  bins=1/3  active= 30  (138s)
  steps= 250000  held=0.01  gate=0.00  bins=1/3  active= 30  (171s)
  steps= 300000  held=0.01  gate=0.00  bins=1/3  active= 30  (200s)
  steps= 350000  held=0.01  gate=0.00  bins=1/3  active= 30  (233s)
  steps= 400000  held=0.01  gate=0.00  bins=2/3  active= 60  [UNLOCK:deadline]  (278s)
  steps= 450000  held=0.01  gate=0.00  bins=2/3  active= 60  (333s)
  steps= 500000  held=0.00  gate=0.00  bins=2/3  active= 60  (385s)
  steps= 550000  held=0.00  gate=0.06  bins=2/3  active= 60  (445s)
  steps= 600000  held=0.01  gate=0.00  bins=2/3  active= 60  (497s)
  steps= 650000  held=0.02  gate=0.00  bins=2/3  active= 60  (529s)
  steps= 700000  held=0.02  gate=0.00  bins=2/3  active= 60  (572s)
  steps= 750000  held=0.00  gate=0.00  bins=2/3  active= 60  (625s)
  steps= 800000  held=0.01  gate=0.01  bins=3/3  active= 90  [UNLOCK:deadline]  (667s)
  steps= 850000  held=0.00  gate=0.00  bins=3/3  active= 90  (706s)
  steps= 900000  held=0.01  gate=0.01  bins=3/3  active= 90  (740s)
  steps= 950000  held=0.01  gate=0.01  bins=3/3  active= 90  (775s)
  steps=1000000  held=0.00  gate=0.00  bins=3/3  active= 90  (814s)
  steps=1050000  held=0.00  gate=0.00  bins=3/3  active= 90  (857s)
  steps=1100000  held=0.00  gate=0.00  bins=3/3  active= 90  (901s)
  steps=1150000  held=0.00  gate=0.00  bins=3/3  active= 90  (947s)
  steps=1200000  held=0.01  gate=0.01  bins=3/3  active= 90  (983s)
  steps=1250000  held=0.03  gate=0.03  bins=3/3  active= 90  (1019s)
  steps=1300000  held=0.01  gate=0.01  bins=3/3  active= 90  (1059s)
  steps=1350000  held=0.03  gate=0.03  bins=3/3  active= 90  (1092s)
  steps=1400000  held=0.01  gate=0.01  bins=3/3  active= 90  (1129s)
  steps=1450000  held=0.01  gate=0.01  bins=3/3  active= 90  (1161s)
  steps=1500000  held=0.00  gate=0.00  bins=3/3  active= 90  (1200s)

[random_curriculum] DONE  final held=0.00  steps_to_0.3=NOT REACHED  wall=1200s  -> random_curriculum_seed8.json
[random_curriculum] per-cell held: s9N1=0.00  s9N2=0.00  s9N3=0.00  s13N1=0.00  s13N2=0.00  s13N3=0.00  s17N1=0.00  s17N2=0.00  s17N3=0.00
