[flat] train=90 layouts  held-out=36 layouts
objc[43084]: Class SDLApplication is implemented in both /Users/linmuyi/miniconda3/envs/llm_gs/lib/python3.9/site-packages/pygame/.dylibs/libSDL2-2.0.0.dylib (0x11c3612c8) and /Users/linmuyi/miniconda3/envs/llm_gs/lib/python3.9/site-packages/cv2/.dylibs/libSDL2-2.0.0.dylib (0x301804890). This may cause spurious casting failures and mysterious crashes. One of the duplicates must be removed or renamed.
objc[43084]: Class SDLAppDelegate is implemented in both /Users/linmuyi/miniconda3/envs/llm_gs/lib/python3.9/site-packages/pygame/.dylibs/libSDL2-2.0.0.dylib (0x11c361318) and /Users/linmuyi/miniconda3/envs/llm_gs/lib/python3.9/site-packages/cv2/.dylibs/libSDL2-2.0.0.dylib (0x3018048e0). This may cause spurious casting failures and mysterious crashes. One of the duplicates must be removed or renamed.
objc[43084]: Class SDLTranslatorResponder is implemented in both /Users/linmuyi/miniconda3/envs/llm_gs/lib/python3.9/site-packages/pygame/.dylibs/libSDL2-2.0.0.dylib (0x11c361390) and /Users/linmuyi/miniconda3/envs/llm_gs/lib/python3.9/site-packages/cv2/.dylibs/libSDL2-2.0.0.dylib (0x301804958). This may cause spurious casting failures and mysterious crashes. One of the duplicates must be removed or renamed.
objc[43084]: Class SDLMessageBoxPresenter is implemented in both /Users/linmuyi/miniconda3/envs/llm_gs/lib/python3.9/site-packages/pygame/.dylibs/libSDL2-2.0.0.dylib (0x11c3613b8) and /Users/linmuyi/miniconda3/envs/llm_gs/lib/python3.9/site-packages/cv2/.dylibs/libSDL2-2.0.0.dylib (0x301804980). This may cause spurious casting failures and mysterious crashes. One of the duplicates must be removed or renamed.
objc[43084]: Class SDL_cocoametalview is implemented in both /Users/linmuyi/miniconda3/envs/llm_gs/lib/python3.9/site-packages/pygame/.dylibs/libSDL2-2.0.0.dylib (0x11c361408) and /Users/linmuyi/miniconda3/envs/llm_gs/lib/python3.9/site-packages/cv2/.dylibs/libSDL2-2.0.0.dylib (0x3018049d0). This may cause spurious casting failures and mysterious crashes. One of the duplicates must be removed or renamed.
objc[43084]: Class SDLOpenGLContext is implemented in both /Users/linmuyi/miniconda3/envs/llm_gs/lib/python3.9/site-packages/pygame/.dylibs/libSDL2-2.0.0.dylib (0x11c361458) and /Users/linmuyi/miniconda3/envs/llm_gs/lib/python3.9/site-packages/cv2/.dylibs/libSDL2-2.0.0.dylib (0x301804a20). This may cause spurious casting failures and mysterious crashes. One of the duplicates must be removed or renamed.
objc[43084]: Class SDL_ShapeData is implemented in both /Users/linmuyi/miniconda3/envs/llm_gs/lib/python3.9/site-packages/pygame/.dylibs/libSDL2-2.0.0.dylib (0x11c3614d0) and /Users/linmuyi/miniconda3/envs/llm_gs/lib/python3.9/site-packages/cv2/.dylibs/libSDL2-2.0.0.dylib (0x301804a98). This may cause spurious casting failures and mysterious crashes. One of the duplicates must be removed or renamed.
objc[43084]: Class SDL_CocoaClosure is implemented in both /Users/linmuyi/miniconda3/envs/llm_gs/lib/python3.9/site-packages/pygame/.dylibs/libSDL2-2.0.0.dylib (0x11c361520) and /Users/linmuyi/miniconda3/envs/llm_gs/lib/python3.9/site-packages/cv2/.dylibs/libSDL2-2.0.0.dylib (0x301804ae8). This may cause spurious casting failures and mysterious crashes. One of the duplicates must be removed or renamed.
objc[43084]: Class SDL_VideoData is implemented in both /Users/linmuyi/miniconda3/envs/llm_gs/lib/python3.9/site-packages/pygame/.dylibs/libSDL2-2.0.0.dylib (0x11c361570) and /Users/linmuyi/miniconda3/envs/llm_gs/lib/python3.9/site-packages/cv2/.dylibs/libSDL2-2.0.0.dylib (0x301804b38). This may cause spurious casting failures and mysterious crashes. One of the duplicates must be removed or renamed.
objc[43084]: Class SDL_WindowData is implemented in both /Users/linmuyi/miniconda3/envs/llm_gs/lib/python3.9/site-packages/pygame/.dylibs/libSDL2-2.0.0.dylib (0x11c3615c0) and /Users/linmuyi/miniconda3/envs/llm_gs/lib/python3.9/site-packages/cv2/.dylibs/libSDL2-2.0.0.dylib (0x301804b88). This may cause spurious casting failures and mysterious crashes. One of the duplicates must be removed or renamed.
objc[43084]: Class SDLWindow is implemented in both /Users/linmuyi/miniconda3/envs/llm_gs/lib/python3.9/site-packages/pygame/.dylibs/libSDL2-2.0.0.dylib (0x11c3615e8) and /Users/linmuyi/miniconda3/envs/llm_gs/lib/python3.9/site-packages/cv2/.dylibs/libSDL2-2.0.0.dylib (0x301804bb0). This may cause spurious casting failures and mysterious crashes. One of the duplicates must be removed or renamed.
objc[43084]: Class Cocoa_WindowListener is implemented in both /Users/linmuyi/miniconda3/envs/llm_gs/lib/python3.9/site-packages/pygame/.dylibs/libSDL2-2.0.0.dylib (0x11c361610) and /Users/linmuyi/miniconda3/envs/llm_gs/lib/python3.9/site-packages/cv2/.dylibs/libSDL2-2.0.0.dylib (0x301804bd8). This may cause spurious casting failures and mysterious crashes. One of the duplicates must be removed or renamed.
objc[43084]: Class SDLView is implemented in both /Users/linmuyi/miniconda3/envs/llm_gs/lib/python3.9/site-packages/pygame/.dylibs/libSDL2-2.0.0.dylib (0x11c361688) and /Users/linmuyi/miniconda3/envs/llm_gs/lib/python3.9/site-packages/cv2/.dylibs/libSDL2-2.0.0.dylib (0x301804c50). This may cause spurious casting failures and mysterious crashes. One of the duplicates must be removed or renamed.
objc[43084]: Class METAL_RenderData is implemented in both /Users/linmuyi/miniconda3/envs/llm_gs/lib/python3.9/site-packages/pygame/.dylibs/libSDL2-2.0.0.dylib (0x11c361700) and /Users/linmuyi/miniconda3/envs/llm_gs/lib/python3.9/site-packages/cv2/.dylibs/libSDL2-2.0.0.dylib (0x301804cc8). This may cause spurious casting failures and mysterious crashes. One of the duplicates must be removed or renamed.
objc[43084]: Class METAL_TextureData is implemented in both /Users/linmuyi/miniconda3/envs/llm_gs/lib/python3.9/site-packages/pygame/.dylibs/libSDL2-2.0.0.dylib (0x11c361750) and /Users/linmuyi/miniconda3/envs/llm_gs/lib/python3.9/site-packages/cv2/.dylibs/libSDL2-2.0.0.dylib (0x301804d18). This may cause spurious casting failures and mysterious crashes. One of the duplicates must be removed or renamed.
objc[43084]: Class SDL_RumbleMotor is implemented in both /Users/linmuyi/miniconda3/envs/llm_gs/lib/python3.9/site-packages/pygame/.dylibs/libSDL2-2.0.0.dylib (0x11c361778) and /Users/linmuyi/miniconda3/envs/llm_gs/lib/python3.9/site-packages/cv2/.dylibs/libSDL2-2.0.0.dylib (0x301804d40). This may cause spurious casting failures and mysterious crashes. One of the duplicates must be removed or renamed.
objc[43084]: Class SDL_RumbleContext is implemented in both /Users/linmuyi/miniconda3/envs/llm_gs/lib/python3.9/site-packages/pygame/.dylibs/libSDL2-2.0.0.dylib (0x11c3617c8) and /Users/linmuyi/miniconda3/envs/llm_gs/lib/python3.9/site-packages/cv2/.dylibs/libSDL2-2.0.0.dylib (0x301804d90). This may cause spurious casting failures and mysterious crashes. One of the duplicates must be removed or renamed.
[flat] 1500000 steps, 30 checkpoints, flat (no curriculum)

  steps=  50000  held=0.01  gate=0.01  bins=3/3  active= 90  (35s)
  steps= 100000  held=0.00  gate=0.00  bins=3/3  active= 90  (71s)
  steps= 150000  held=0.00  gate=0.00  bins=3/3  active= 90  (102s)
  steps= 200000  held=0.00  gate=0.00  bins=3/3  active= 90  (140s)
  steps= 250000  held=0.01  gate=0.01  bins=3/3  active= 90  (174s)
  steps= 300000  held=0.00  gate=0.00  bins=3/3  active= 90  (213s)
  steps= 350000  held=0.00  gate=0.00  bins=3/3  active= 90  (260s)
  steps= 400000  held=0.00  gate=0.00  bins=3/3  active= 90  (294s)
  steps= 450000  held=0.01  gate=0.01  bins=3/3  active= 90  (338s)
  steps= 500000  held=0.00  gate=0.00  bins=3/3  active= 90  (370s)
  steps= 550000  held=0.00  gate=0.00  bins=3/3  active= 90  (417s)
  steps= 600000  held=0.00  gate=0.00  bins=3/3  active= 90  (459s)
  steps= 650000  held=0.00  gate=0.00  bins=3/3  active= 90  (497s)
  steps= 700000  held=0.00  gate=0.00  bins=3/3  active= 90  (530s)
  steps= 750000  held=0.00  gate=0.00  bins=3/3  active= 90  (560s)
  steps= 800000  held=0.04  gate=0.04  bins=3/3  active= 90  (585s)
  steps= 850000  held=0.06  gate=0.06  bins=3/3  active= 90  (618s)
  steps= 900000  held=0.03  gate=0.03  bins=3/3  active= 90  (663s)
  steps= 950000  held=0.03  gate=0.03  bins=3/3  active= 90  (694s)
  steps=1000000  held=0.10  gate=0.10  bins=3/3  active= 90  (730s)
  steps=1050000  held=0.06  gate=0.06  bins=3/3  active= 90  (771s)
  steps=1100000  held=0.11  gate=0.11  bins=3/3  active= 90  (810s)
  steps=1150000  held=0.03  gate=0.03  bins=3/3  active= 90  (861s)
  steps=1200000  held=0.19  gate=0.19  bins=3/3  active= 90  (902s)
  steps=1250000  held=0.22  gate=0.22  bins=3/3  active= 90  (940s)
  steps=1300000  held=0.08  gate=0.08  bins=3/3  active= 90  (986s)
  steps=1350000  held=0.09  gate=0.09  bins=3/3  active= 90  (1029s)
  steps=1400000  held=0.21  gate=0.21  bins=3/3  active= 90  (1064s)
  steps=1450000  held=0.17  gate=0.17  bins=3/3  active= 90  (1111s)
  steps=1500000  held=0.10  gate=0.10  bins=3/3  active= 90  (1150s)

[flat] DONE  final held=0.10  steps_to_0.3=NOT REACHED  wall=1150s  -> flat_seed23.json
[flat] per-cell held: s9N1=0.12  s9N2=0.00  s9N3=0.00  s13N1=0.50  s13N2=0.00  s13N3=0.00  s17N1=0.00  s17N2=0.25  s17N3=0.06
