[random_curriculum] train=90 layouts  held-out=36 layouts
objc[14072]: Class SDLApplication is implemented in both /Users/linmuyi/miniconda3/envs/llm_gs/lib/python3.9/site-packages/pygame/.dylibs/libSDL2-2.0.0.dylib (0x10528d2c8) and /Users/linmuyi/miniconda3/envs/llm_gs/lib/python3.9/site-packages/cv2/.dylibs/libSDL2-2.0.0.dylib (0x140aa4890). This may cause spurious casting failures and mysterious crashes. One of the duplicates must be removed or renamed.
objc[14072]: Class SDLAppDelegate is implemented in both /Users/linmuyi/miniconda3/envs/llm_gs/lib/python3.9/site-packages/pygame/.dylibs/libSDL2-2.0.0.dylib (0x10528d318) and /Users/linmuyi/miniconda3/envs/llm_gs/lib/python3.9/site-packages/cv2/.dylibs/libSDL2-2.0.0.dylib (0x140aa48e0). This may cause spurious casting failures and mysterious crashes. One of the duplicates must be removed or renamed.
objc[14072]: Class SDLTranslatorResponder is implemented in both /Users/linmuyi/miniconda3/envs/llm_gs/lib/python3.9/site-packages/pygame/.dylibs/libSDL2-2.0.0.dylib (0x10528d390) and /Users/linmuyi/miniconda3/envs/llm_gs/lib/python3.9/site-packages/cv2/.dylibs/libSDL2-2.0.0.dylib (0x140aa4958). This may cause spurious casting failures and mysterious crashes. One of the duplicates must be removed or renamed.
objc[14072]: Class SDLMessageBoxPresenter is implemented in both /Users/linmuyi/miniconda3/envs/llm_gs/lib/python3.9/site-packages/pygame/.dylibs/libSDL2-2.0.0.dylib (0x10528d3b8) and /Users/linmuyi/miniconda3/envs/llm_gs/lib/python3.9/site-packages/cv2/.dylibs/libSDL2-2.0.0.dylib (0x140aa4980). This may cause spurious casting failures and mysterious crashes. One of the duplicates must be removed or renamed.
objc[14072]: Class SDL_cocoametalview is implemented in both /Users/linmuyi/miniconda3/envs/llm_gs/lib/python3.9/site-packages/pygame/.dylibs/libSDL2-2.0.0.dylib (0x10528d408) and /Users/linmuyi/miniconda3/envs/llm_gs/lib/python3.9/site-packages/cv2/.dylibs/libSDL2-2.0.0.dylib (0x140aa49d0). This may cause spurious casting failures and mysterious crashes. One of the duplicates must be removed or renamed.
objc[14072]: Class SDLOpenGLContext is implemented in both /Users/linmuyi/miniconda3/envs/llm_gs/lib/python3.9/site-packages/pygame/.dylibs/libSDL2-2.0.0.dylib (0x10528d458) and /Users/linmuyi/miniconda3/envs/llm_gs/lib/python3.9/site-packages/cv2/.dylibs/libSDL2-2.0.0.dylib (0x140aa4a20). This may cause spurious casting failures and mysterious crashes. One of the duplicates must be removed or renamed.
objc[14072]: Class SDL_ShapeData is implemented in both /Users/linmuyi/miniconda3/envs/llm_gs/lib/python3.9/site-packages/pygame/.dylibs/libSDL2-2.0.0.dylib (0x10528d4d0) and /Users/linmuyi/miniconda3/envs/llm_gs/lib/python3.9/site-packages/cv2/.dylibs/libSDL2-2.0.0.dylib (0x140aa4a98). This may cause spurious casting failures and mysterious crashes. One of the duplicates must be removed or renamed.
objc[14072]: Class SDL_CocoaClosure is implemented in both /Users/linmuyi/miniconda3/envs/llm_gs/lib/python3.9/site-packages/pygame/.dylibs/libSDL2-2.0.0.dylib (0x10528d520) and /Users/linmuyi/miniconda3/envs/llm_gs/lib/python3.9/site-packages/cv2/.dylibs/libSDL2-2.0.0.dylib (0x140aa4ae8). This may cause spurious casting failures and mysterious crashes. One of the duplicates must be removed or renamed.
objc[14072]: Class SDL_VideoData is implemented in both /Users/linmuyi/miniconda3/envs/llm_gs/lib/python3.9/site-packages/pygame/.dylibs/libSDL2-2.0.0.dylib (0x10528d570) and /Users/linmuyi/miniconda3/envs/llm_gs/lib/python3.9/site-packages/cv2/.dylibs/libSDL2-2.0.0.dylib (0x140aa4b38). This may cause spurious casting failures and mysterious crashes. One of the duplicates must be removed or renamed.
objc[14072]: Class SDL_WindowData is implemented in both /Users/linmuyi/miniconda3/envs/llm_gs/lib/python3.9/site-packages/pygame/.dylibs/libSDL2-2.0.0.dylib (0x10528d5c0) and /Users/linmuyi/miniconda3/envs/llm_gs/lib/python3.9/site-packages/cv2/.dylibs/libSDL2-2.0.0.dylib (0x140aa4b88). This may cause spurious casting failures and mysterious crashes. One of the duplicates must be removed or renamed.
objc[14072]: Class SDLWindow is implemented in both /Users/linmuyi/miniconda3/envs/llm_gs/lib/python3.9/site-packages/pygame/.dylibs/libSDL2-2.0.0.dylib (0x10528d5e8) and /Users/linmuyi/miniconda3/envs/llm_gs/lib/python3.9/site-packages/cv2/.dylibs/libSDL2-2.0.0.dylib (0x140aa4bb0). This may cause spurious casting failures and mysterious crashes. One of the duplicates must be removed or renamed.
objc[14072]: Class Cocoa_WindowListener is implemented in both /Users/linmuyi/miniconda3/envs/llm_gs/lib/python3.9/site-packages/pygame/.dylibs/libSDL2-2.0.0.dylib (0x10528d610) and /Users/linmuyi/miniconda3/envs/llm_gs/lib/python3.9/site-packages/cv2/.dylibs/libSDL2-2.0.0.dylib (0x140aa4bd8). This may cause spurious casting failures and mysterious crashes. One of the duplicates must be removed or renamed.
objc[14072]: Class SDLView is implemented in both /Users/linmuyi/miniconda3/envs/llm_gs/lib/python3.9/site-packages/pygame/.dylibs/libSDL2-2.0.0.dylib (0x10528d688) and /Users/linmuyi/miniconda3/envs/llm_gs/lib/python3.9/site-packages/cv2/.dylibs/libSDL2-2.0.0.dylib (0x140aa4c50). This may cause spurious casting failures and mysterious crashes. One of the duplicates must be removed or renamed.
objc[14072]: Class METAL_RenderData is implemented in both /Users/linmuyi/miniconda3/envs/llm_gs/lib/python3.9/site-packages/pygame/.dylibs/libSDL2-2.0.0.dylib (0x10528d700) and /Users/linmuyi/miniconda3/envs/llm_gs/lib/python3.9/site-packages/cv2/.dylibs/libSDL2-2.0.0.dylib (0x140aa4cc8). This may cause spurious casting failures and mysterious crashes. One of the duplicates must be removed or renamed.
objc[14072]: Class METAL_TextureData is implemented in both /Users/linmuyi/miniconda3/envs/llm_gs/lib/python3.9/site-packages/pygame/.dylibs/libSDL2-2.0.0.dylib (0x10528d750) and /Users/linmuyi/miniconda3/envs/llm_gs/lib/python3.9/site-packages/cv2/.dylibs/libSDL2-2.0.0.dylib (0x140aa4d18). This may cause spurious casting failures and mysterious crashes. One of the duplicates must be removed or renamed.
objc[14072]: Class SDL_RumbleMotor is implemented in both /Users/linmuyi/miniconda3/envs/llm_gs/lib/python3.9/site-packages/pygame/.dylibs/libSDL2-2.0.0.dylib (0x10528d778) and /Users/linmuyi/miniconda3/envs/llm_gs/lib/python3.9/site-packages/cv2/.dylibs/libSDL2-2.0.0.dylib (0x140aa4d40). This may cause spurious casting failures and mysterious crashes. One of the duplicates must be removed or renamed.
objc[14072]: Class SDL_RumbleContext is implemented in both /Users/linmuyi/miniconda3/envs/llm_gs/lib/python3.9/site-packages/pygame/.dylibs/libSDL2-2.0.0.dylib (0x10528d7c8) and /Users/linmuyi/miniconda3/envs/llm_gs/lib/python3.9/site-packages/cv2/.dylibs/libSDL2-2.0.0.dylib (0x140aa4d90). This may cause spurious casting failures and mysterious crashes. One of the duplicates must be removed or renamed.
[random_curriculum] 1500000 steps, 30 checkpoints, curriculum

  steps=  50000  held=0.00  gate=0.00  bins=1/3  active= 30  (32s)
  steps= 100000  held=0.01  gate=0.01  bins=1/3  active= 30  (59s)
  steps= 150000  held=0.03  gate=0.04  bins=1/3  active= 30  (87s)
  steps= 200000  held=0.14  gate=0.17  bins=1/3  active= 30  (113s)
  steps= 250000  held=0.14  gate=0.11  bins=1/3  active= 30  (153s)
  steps= 300000  held=0.13  gate=0.06  bins=1/3  active= 30  (184s)
  steps= 350000  held=0.12  gate=0.03  bins=1/3  active= 30  (223s)
  steps= 400000  held=0.14  gate=0.11  bins=2/3  active= 60  [UNLOCK:deadline]  (268s)
  steps= 450000  held=0.14  gate=0.11  bins=2/3  active= 60  (314s)
  steps= 500000  held=0.14  gate=0.11  bins=2/3  active= 60  (369s)
  steps= 550000  held=0.13  gate=0.12  bins=2/3  active= 60  (426s)
  steps= 600000  held=0.13  gate=0.06  bins=2/3  active= 60  (476s)
  steps= 650000  held=0.13  gate=0.06  bins=2/3  active= 60  (529s)
  steps= 700000  held=0.12  gate=0.00  bins=2/3  active= 60  (589s)
  steps= 750000  held=0.12  gate=0.11  bins=2/3  active= 60  (632s)
  steps= 800000  held=0.14  gate=0.06  bins=3/3  active= 90  [UNLOCK:deadline]  (697s)
  steps= 850000  held=0.11  gate=0.11  bins=3/3  active= 90  (749s)
  steps= 900000  held=0.04  gate=0.04  bins=3/3  active= 90  (800s)
  steps= 950000  held=0.05  gate=0.05  bins=3/3  active= 90  (848s)
  steps=1000000  held=0.03  gate=0.03  bins=3/3  active= 90  (899s)
  steps=1050000  held=0.00  gate=0.00  bins=3/3  active= 90  (949s)
  steps=1100000  held=0.03  gate=0.03  bins=3/3  active= 90  (993s)
  steps=1150000  held=0.09  gate=0.09  bins=3/3  active= 90  (1040s)
  steps=1200000  held=0.13  gate=0.13  bins=3/3  active= 90  (1087s)
  steps=1250000  held=0.07  gate=0.07  bins=3/3  active= 90  (1135s)
  steps=1300000  held=0.03  gate=0.03  bins=3/3  active= 90  (1186s)
  steps=1350000  held=0.03  gate=0.03  bins=3/3  active= 90  (1231s)
  steps=1400000  held=0.03  gate=0.03  bins=3/3  active= 90  (1278s)
  steps=1450000  held=0.03  gate=0.03  bins=3/3  active= 90  (1330s)
  steps=1500000  held=0.05  gate=0.05  bins=3/3  active= 90  (1379s)

[random_curriculum] DONE  final held=0.05  steps_to_0.3=NOT REACHED  wall=1379s  -> random_curriculum_seed32.json
[random_curriculum] per-cell held: s9N1=0.00  s9N2=0.00  s9N3=0.00  s13N1=0.00  s13N2=0.00  s13N3=0.00  s17N1=0.00  s17N2=0.44  s17N3=0.00
