[random_curriculum] train=90 layouts  held-out=36 layouts
objc[46210]: Class SDLApplication is implemented in both /Users/linmuyi/miniconda3/envs/llm_gs/lib/python3.9/site-packages/pygame/.dylibs/libSDL2-2.0.0.dylib (0x104ef92c8) and /Users/linmuyi/miniconda3/envs/llm_gs/lib/python3.9/site-packages/cv2/.dylibs/libSDL2-2.0.0.dylib (0x153ca0890). This may cause spurious casting failures and mysterious crashes. One of the duplicates must be removed or renamed.
objc[46210]: Class SDLAppDelegate is implemented in both /Users/linmuyi/miniconda3/envs/llm_gs/lib/python3.9/site-packages/pygame/.dylibs/libSDL2-2.0.0.dylib (0x104ef9318) and /Users/linmuyi/miniconda3/envs/llm_gs/lib/python3.9/site-packages/cv2/.dylibs/libSDL2-2.0.0.dylib (0x153ca08e0). This may cause spurious casting failures and mysterious crashes. One of the duplicates must be removed or renamed.
objc[46210]: Class SDLTranslatorResponder is implemented in both /Users/linmuyi/miniconda3/envs/llm_gs/lib/python3.9/site-packages/pygame/.dylibs/libSDL2-2.0.0.dylib (0x104ef9390) and /Users/linmuyi/miniconda3/envs/llm_gs/lib/python3.9/site-packages/cv2/.dylibs/libSDL2-2.0.0.dylib (0x153ca0958). This may cause spurious casting failures and mysterious crashes. One of the duplicates must be removed or renamed.
objc[46210]: Class SDLMessageBoxPresenter is implemented in both /Users/linmuyi/miniconda3/envs/llm_gs/lib/python3.9/site-packages/pygame/.dylibs/libSDL2-2.0.0.dylib (0x104ef93b8) and /Users/linmuyi/miniconda3/envs/llm_gs/lib/python3.9/site-packages/cv2/.dylibs/libSDL2-2.0.0.dylib (0x153ca0980). This may cause spurious casting failures and mysterious crashes. One of the duplicates must be removed or renamed.
objc[46210]: Class SDL_cocoametalview is implemented in both /Users/linmuyi/miniconda3/envs/llm_gs/lib/python3.9/site-packages/pygame/.dylibs/libSDL2-2.0.0.dylib (0x104ef9408) and /Users/linmuyi/miniconda3/envs/llm_gs/lib/python3.9/site-packages/cv2/.dylibs/libSDL2-2.0.0.dylib (0x153ca09d0). This may cause spurious casting failures and mysterious crashes. One of the duplicates must be removed or renamed.
objc[46210]: Class SDLOpenGLContext is implemented in both /Users/linmuyi/miniconda3/envs/llm_gs/lib/python3.9/site-packages/pygame/.dylibs/libSDL2-2.0.0.dylib (0x104ef9458) and /Users/linmuyi/miniconda3/envs/llm_gs/lib/python3.9/site-packages/cv2/.dylibs/libSDL2-2.0.0.dylib (0x153ca0a20). This may cause spurious casting failures and mysterious crashes. One of the duplicates must be removed or renamed.
objc[46210]: Class SDL_ShapeData is implemented in both /Users/linmuyi/miniconda3/envs/llm_gs/lib/python3.9/site-packages/pygame/.dylibs/libSDL2-2.0.0.dylib (0x104ef94d0) and /Users/linmuyi/miniconda3/envs/llm_gs/lib/python3.9/site-packages/cv2/.dylibs/libSDL2-2.0.0.dylib (0x153ca0a98). This may cause spurious casting failures and mysterious crashes. One of the duplicates must be removed or renamed.
objc[46210]: Class SDL_CocoaClosure is implemented in both /Users/linmuyi/miniconda3/envs/llm_gs/lib/python3.9/site-packages/pygame/.dylibs/libSDL2-2.0.0.dylib (0x104ef9520) and /Users/linmuyi/miniconda3/envs/llm_gs/lib/python3.9/site-packages/cv2/.dylibs/libSDL2-2.0.0.dylib (0x153ca0ae8). This may cause spurious casting failures and mysterious crashes. One of the duplicates must be removed or renamed.
objc[46210]: Class SDL_VideoData is implemented in both /Users/linmuyi/miniconda3/envs/llm_gs/lib/python3.9/site-packages/pygame/.dylibs/libSDL2-2.0.0.dylib (0x104ef9570) and /Users/linmuyi/miniconda3/envs/llm_gs/lib/python3.9/site-packages/cv2/.dylibs/libSDL2-2.0.0.dylib (0x153ca0b38). This may cause spurious casting failures and mysterious crashes. One of the duplicates must be removed or renamed.
objc[46210]: Class SDL_WindowData is implemented in both /Users/linmuyi/miniconda3/envs/llm_gs/lib/python3.9/site-packages/pygame/.dylibs/libSDL2-2.0.0.dylib (0x104ef95c0) and /Users/linmuyi/miniconda3/envs/llm_gs/lib/python3.9/site-packages/cv2/.dylibs/libSDL2-2.0.0.dylib (0x153ca0b88). This may cause spurious casting failures and mysterious crashes. One of the duplicates must be removed or renamed.
objc[46210]: Class SDLWindow is implemented in both /Users/linmuyi/miniconda3/envs/llm_gs/lib/python3.9/site-packages/pygame/.dylibs/libSDL2-2.0.0.dylib (0x104ef95e8) and /Users/linmuyi/miniconda3/envs/llm_gs/lib/python3.9/site-packages/cv2/.dylibs/libSDL2-2.0.0.dylib (0x153ca0bb0). This may cause spurious casting failures and mysterious crashes. One of the duplicates must be removed or renamed.
objc[46210]: Class Cocoa_WindowListener is implemented in both /Users/linmuyi/miniconda3/envs/llm_gs/lib/python3.9/site-packages/pygame/.dylibs/libSDL2-2.0.0.dylib (0x104ef9610) and /Users/linmuyi/miniconda3/envs/llm_gs/lib/python3.9/site-packages/cv2/.dylibs/libSDL2-2.0.0.dylib (0x153ca0bd8). This may cause spurious casting failures and mysterious crashes. One of the duplicates must be removed or renamed.
objc[46210]: Class SDLView is implemented in both /Users/linmuyi/miniconda3/envs/llm_gs/lib/python3.9/site-packages/pygame/.dylibs/libSDL2-2.0.0.dylib (0x104ef9688) and /Users/linmuyi/miniconda3/envs/llm_gs/lib/python3.9/site-packages/cv2/.dylibs/libSDL2-2.0.0.dylib (0x153ca0c50). This may cause spurious casting failures and mysterious crashes. One of the duplicates must be removed or renamed.
objc[46210]: Class METAL_RenderData is implemented in both /Users/linmuyi/miniconda3/envs/llm_gs/lib/python3.9/site-packages/pygame/.dylibs/libSDL2-2.0.0.dylib (0x104ef9700) and /Users/linmuyi/miniconda3/envs/llm_gs/lib/python3.9/site-packages/cv2/.dylibs/libSDL2-2.0.0.dylib (0x153ca0cc8). This may cause spurious casting failures and mysterious crashes. One of the duplicates must be removed or renamed.
objc[46210]: Class METAL_TextureData is implemented in both /Users/linmuyi/miniconda3/envs/llm_gs/lib/python3.9/site-packages/pygame/.dylibs/libSDL2-2.0.0.dylib (0x104ef9750) and /Users/linmuyi/miniconda3/envs/llm_gs/lib/python3.9/site-packages/cv2/.dylibs/libSDL2-2.0.0.dylib (0x153ca0d18). This may cause spurious casting failures and mysterious crashes. One of the duplicates must be removed or renamed.
objc[46210]: Class SDL_RumbleMotor is implemented in both /Users/linmuyi/miniconda3/envs/llm_gs/lib/python3.9/site-packages/pygame/.dylibs/libSDL2-2.0.0.dylib (0x104ef9778) and /Users/linmuyi/miniconda3/envs/llm_gs/lib/python3.9/site-packages/cv2/.dylibs/libSDL2-2.0.0.dylib (0x153ca0d40). This may cause spurious casting failures and mysterious crashes. One of the duplicates must be removed or renamed.
objc[46210]: Class SDL_RumbleContext is implemented in both /Users/linmuyi/miniconda3/envs/llm_gs/lib/python3.9/site-packages/pygame/.dylibs/libSDL2-2.0.0.dylib (0x104ef97c8) and /Users/linmuyi/miniconda3/envs/llm_gs/lib/python3.9/site-packages/cv2/.dylibs/libSDL2-2.0.0.dylib (0x153ca0d90). This may cause spurious casting failures and mysterious crashes. One of the duplicates must be removed or renamed.
[random_curriculum] 1500000 steps, 30 checkpoints, curriculum

  steps=  50000  held=0.01  gate=0.00  bins=1/3  active= 30  (31s)
  steps= 100000  held=0.01  gate=0.01  bins=1/3  active= 30  (63s)
  steps= 150000  held=0.03  gate=0.06  bins=1/3  active= 30  (98s)
  steps= 200000  held=0.04  gate=0.07  bins=1/3  active= 30  (146s)
  steps= 250000  held=0.04  gate=0.03  bins=1/3  active= 30  (193s)
  steps= 300000  held=0.00  gate=0.00  bins=1/3  active= 30  (254s)
  steps= 350000  held=0.01  gate=0.00  bins=1/3  active= 30  (310s)
  steps= 400000  held=0.03  gate=0.00  bins=2/3  active= 60  [UNLOCK:deadline]  (361s)
  steps= 450000  held=0.00  gate=0.00  bins=2/3  active= 60  (417s)
  steps= 500000  held=0.01  gate=0.00  bins=2/3  active= 60  (458s)
  steps= 550000  held=0.00  gate=0.00  bins=2/3  active= 60  (503s)
  steps= 600000  held=0.00  gate=0.00  bins=2/3  active= 60  (557s)
  steps= 650000  held=0.01  gate=0.07  bins=2/3  active= 60  (592s)
  steps= 700000  held=0.03  gate=0.06  bins=2/3  active= 60  (646s)
  steps= 750000  held=0.03  gate=0.06  bins=2/3  active= 60  (698s)
  steps= 800000  held=0.03  gate=0.06  bins=3/3  active= 90  [UNLOCK:deadline]  (755s)
  steps= 850000  held=0.03  gate=0.03  bins=3/3  active= 90  (806s)
  steps= 900000  held=0.03  gate=0.03  bins=3/3  active= 90  (855s)
  steps= 950000  held=0.03  gate=0.03  bins=3/3  active= 90  (904s)
  steps=1000000  held=0.03  gate=0.03  bins=3/3  active= 90  (954s)
  steps=1050000  held=0.03  gate=0.03  bins=3/3  active= 90  (1004s)
  steps=1100000  held=0.03  gate=0.03  bins=3/3  active= 90  (1054s)
  steps=1150000  held=0.03  gate=0.03  bins=3/3  active= 90  (1106s)
  steps=1200000  held=0.00  gate=0.00  bins=3/3  active= 90  (1156s)
  steps=1250000  held=0.11  gate=0.11  bins=3/3  active= 90  (1191s)
  steps=1300000  held=0.06  gate=0.06  bins=3/3  active= 90  (1238s)
  steps=1350000  held=0.03  gate=0.03  bins=3/3  active= 90  (1281s)
  steps=1400000  held=0.01  gate=0.01  bins=3/3  active= 90  (1333s)
  steps=1450000  held=0.03  gate=0.03  bins=3/3  active= 90  (1364s)
  steps=1500000  held=0.12  gate=0.12  bins=3/3  active= 90  (1411s)

[random_curriculum] DONE  final held=0.12  steps_to_0.3=NOT REACHED  wall=1410s  -> random_curriculum_seed23.json
[random_curriculum] per-cell held: s9N1=0.19  s9N2=0.00  s9N3=0.00  s13N1=0.06  s13N2=0.25  s13N3=0.00  s17N1=0.00  s17N2=0.44  s17N3=0.19
