[random_curriculum] train=90 layouts  held-out=36 layouts
objc[40471]: Class SDLApplication is implemented in both /Users/linmuyi/miniconda3/envs/llm_gs/lib/python3.9/site-packages/pygame/.dylibs/libSDL2-2.0.0.dylib (0x1083612c8) and /Users/linmuyi/miniconda3/envs/llm_gs/lib/python3.9/site-packages/cv2/.dylibs/libSDL2-2.0.0.dylib (0x168cf8890). This may cause spurious casting failures and mysterious crashes. One of the duplicates must be removed or renamed.
objc[40471]: Class SDLAppDelegate is implemented in both /Users/linmuyi/miniconda3/envs/llm_gs/lib/python3.9/site-packages/pygame/.dylibs/libSDL2-2.0.0.dylib (0x108361318) and /Users/linmuyi/miniconda3/envs/llm_gs/lib/python3.9/site-packages/cv2/.dylibs/libSDL2-2.0.0.dylib (0x168cf88e0). This may cause spurious casting failures and mysterious crashes. One of the duplicates must be removed or renamed.
objc[40471]: Class SDLTranslatorResponder is implemented in both /Users/linmuyi/miniconda3/envs/llm_gs/lib/python3.9/site-packages/pygame/.dylibs/libSDL2-2.0.0.dylib (0x108361390) and /Users/linmuyi/miniconda3/envs/llm_gs/lib/python3.9/site-packages/cv2/.dylibs/libSDL2-2.0.0.dylib (0x168cf8958). This may cause spurious casting failures and mysterious crashes. One of the duplicates must be removed or renamed.
objc[40471]: Class SDLMessageBoxPresenter is implemented in both /Users/linmuyi/miniconda3/envs/llm_gs/lib/python3.9/site-packages/pygame/.dylibs/libSDL2-2.0.0.dylib (0x1083613b8) and /Users/linmuyi/miniconda3/envs/llm_gs/lib/python3.9/site-packages/cv2/.dylibs/libSDL2-2.0.0.dylib (0x168cf8980). This may cause spurious casting failures and mysterious crashes. One of the duplicates must be removed or renamed.
objc[40471]: Class SDL_cocoametalview is implemented in both /Users/linmuyi/miniconda3/envs/llm_gs/lib/python3.9/site-packages/pygame/.dylibs/libSDL2-2.0.0.dylib (0x108361408) and /Users/linmuyi/miniconda3/envs/llm_gs/lib/python3.9/site-packages/cv2/.dylibs/libSDL2-2.0.0.dylib (0x168cf89d0). This may cause spurious casting failures and mysterious crashes. One of the duplicates must be removed or renamed.
objc[40471]: Class SDLOpenGLContext is implemented in both /Users/linmuyi/miniconda3/envs/llm_gs/lib/python3.9/site-packages/pygame/.dylibs/libSDL2-2.0.0.dylib (0x108361458) and /Users/linmuyi/miniconda3/envs/llm_gs/lib/python3.9/site-packages/cv2/.dylibs/libSDL2-2.0.0.dylib (0x168cf8a20). This may cause spurious casting failures and mysterious crashes. One of the duplicates must be removed or renamed.
objc[40471]: Class SDL_ShapeData is implemented in both /Users/linmuyi/miniconda3/envs/llm_gs/lib/python3.9/site-packages/pygame/.dylibs/libSDL2-2.0.0.dylib (0x1083614d0) and /Users/linmuyi/miniconda3/envs/llm_gs/lib/python3.9/site-packages/cv2/.dylibs/libSDL2-2.0.0.dylib (0x168cf8a98). This may cause spurious casting failures and mysterious crashes. One of the duplicates must be removed or renamed.
objc[40471]: Class SDL_CocoaClosure is implemented in both /Users/linmuyi/miniconda3/envs/llm_gs/lib/python3.9/site-packages/pygame/.dylibs/libSDL2-2.0.0.dylib (0x108361520) and /Users/linmuyi/miniconda3/envs/llm_gs/lib/python3.9/site-packages/cv2/.dylibs/libSDL2-2.0.0.dylib (0x168cf8ae8). This may cause spurious casting failures and mysterious crashes. One of the duplicates must be removed or renamed.
objc[40471]: Class SDL_VideoData is implemented in both /Users/linmuyi/miniconda3/envs/llm_gs/lib/python3.9/site-packages/pygame/.dylibs/libSDL2-2.0.0.dylib (0x108361570) and /Users/linmuyi/miniconda3/envs/llm_gs/lib/python3.9/site-packages/cv2/.dylibs/libSDL2-2.0.0.dylib (0x168cf8b38). This may cause spurious casting failures and mysterious crashes. One of the duplicates must be removed or renamed.
objc[40471]: Class SDL_WindowData is implemented in both /Users/linmuyi/miniconda3/envs/llm_gs/lib/python3.9/site-packages/pygame/.dylibs/libSDL2-2.0.0.dylib (0x1083615c0) and /Users/linmuyi/miniconda3/envs/llm_gs/lib/python3.9/site-packages/cv2/.dylibs/libSDL2-2.0.0.dylib (0x168cf8b88). This may cause spurious casting failures and mysterious crashes. One of the duplicates must be removed or renamed.
objc[40471]: Class SDLWindow is implemented in both /Users/linmuyi/miniconda3/envs/llm_gs/lib/python3.9/site-packages/pygame/.dylibs/libSDL2-2.0.0.dylib (0x1083615e8) and /Users/linmuyi/miniconda3/envs/llm_gs/lib/python3.9/site-packages/cv2/.dylibs/libSDL2-2.0.0.dylib (0x168cf8bb0). This may cause spurious casting failures and mysterious crashes. One of the duplicates must be removed or renamed.
objc[40471]: Class Cocoa_WindowListener is implemented in both /Users/linmuyi/miniconda3/envs/llm_gs/lib/python3.9/site-packages/pygame/.dylibs/libSDL2-2.0.0.dylib (0x108361610) and /Users/linmuyi/miniconda3/envs/llm_gs/lib/python3.9/site-packages/cv2/.dylibs/libSDL2-2.0.0.dylib (0x168cf8bd8). This may cause spurious casting failures and mysterious crashes. One of the duplicates must be removed or renamed.
objc[40471]: Class SDLView is implemented in both /Users/linmuyi/miniconda3/envs/llm_gs/lib/python3.9/site-packages/pygame/.dylibs/libSDL2-2.0.0.dylib (0x108361688) and /Users/linmuyi/miniconda3/envs/llm_gs/lib/python3.9/site-packages/cv2/.dylibs/libSDL2-2.0.0.dylib (0x168cf8c50). This may cause spurious casting failures and mysterious crashes. One of the duplicates must be removed or renamed.
objc[40471]: Class METAL_RenderData is implemented in both /Users/linmuyi/miniconda3/envs/llm_gs/lib/python3.9/site-packages/pygame/.dylibs/libSDL2-2.0.0.dylib (0x108361700) and /Users/linmuyi/miniconda3/envs/llm_gs/lib/python3.9/site-packages/cv2/.dylibs/libSDL2-2.0.0.dylib (0x168cf8cc8). This may cause spurious casting failures and mysterious crashes. One of the duplicates must be removed or renamed.
objc[40471]: Class METAL_TextureData is implemented in both /Users/linmuyi/miniconda3/envs/llm_gs/lib/python3.9/site-packages/pygame/.dylibs/libSDL2-2.0.0.dylib (0x108361750) and /Users/linmuyi/miniconda3/envs/llm_gs/lib/python3.9/site-packages/cv2/.dylibs/libSDL2-2.0.0.dylib (0x168cf8d18). This may cause spurious casting failures and mysterious crashes. One of the duplicates must be removed or renamed.
objc[40471]: Class SDL_RumbleMotor is implemented in both /Users/linmuyi/miniconda3/envs/llm_gs/lib/python3.9/site-packages/pygame/.dylibs/libSDL2-2.0.0.dylib (0x108361778) and /Users/linmuyi/miniconda3/envs/llm_gs/lib/python3.9/site-packages/cv2/.dylibs/libSDL2-2.0.0.dylib (0x168cf8d40). This may cause spurious casting failures and mysterious crashes. One of the duplicates must be removed or renamed.
objc[40471]: Class SDL_RumbleContext is implemented in both /Users/linmuyi/miniconda3/envs/llm_gs/lib/python3.9/site-packages/pygame/.dylibs/libSDL2-2.0.0.dylib (0x1083617c8) and /Users/linmuyi/miniconda3/envs/llm_gs/lib/python3.9/site-packages/cv2/.dylibs/libSDL2-2.0.0.dylib (0x168cf8d90). This may cause spurious casting failures and mysterious crashes. One of the duplicates must be removed or renamed.
[random_curriculum] 1500000 steps, 30 checkpoints, curriculum

  steps=  50000  held=0.00  gate=0.00  bins=1/3  active= 30  (33s)
  steps= 100000  held=0.00  gate=0.00  bins=1/3  active= 30  (62s)
  steps= 150000  held=0.01  gate=0.01  bins=1/3  active= 30  (88s)
  steps= 200000  held=0.00  gate=0.03  bins=1/3  active= 30  (116s)
  steps= 250000  held=0.00  gate=0.00  bins=1/3  active= 30  (156s)
  steps= 300000  held=0.00  gate=0.00  bins=1/3  active= 30  (200s)
  steps= 350000  held=0.00  gate=0.00  bins=1/3  active= 30  (245s)
  steps= 400000  held=0.00  gate=0.00  bins=2/3  active= 60  [UNLOCK:deadline]  (281s)
  steps= 450000  held=0.00  gate=0.00  bins=2/3  active= 60  (327s)
  steps= 500000  held=0.01  gate=0.00  bins=2/3  active= 60  (380s)
  steps= 550000  held=0.00  gate=0.00  bins=2/3  active= 60  (424s)
  steps= 600000  held=0.00  gate=0.00  bins=2/3  active= 60  (464s)
  steps= 650000  held=0.01  gate=0.01  bins=2/3  active= 60  (506s)
  steps= 700000  held=0.01  gate=0.00  bins=2/3  active= 60  (560s)
  steps= 750000  held=0.02  gate=0.01  bins=2/3  active= 60  (601s)
  steps= 800000  held=0.01  gate=0.01  bins=3/3  active= 90  [UNLOCK:deadline]  (652s)
  steps= 850000  held=0.01  gate=0.01  bins=3/3  active= 90  (688s)
  steps= 900000  held=0.01  gate=0.01  bins=3/3  active= 90  (714s)
  steps= 950000  held=0.01  gate=0.01  bins=3/3  active= 90  (754s)
  steps=1000000  held=0.01  gate=0.01  bins=3/3  active= 90  (787s)
  steps=1050000  held=0.01  gate=0.01  bins=3/3  active= 90  (825s)
  steps=1100000  held=0.01  gate=0.01  bins=3/3  active= 90  (871s)
  steps=1150000  held=0.01  gate=0.01  bins=3/3  active= 90  (912s)
  steps=1200000  held=0.00  gate=0.00  bins=3/3  active= 90  (962s)
  steps=1250000  held=0.01  gate=0.01  bins=3/3  active= 90  (1011s)
  steps=1300000  held=0.02  gate=0.02  bins=3/3  active= 90  (1059s)
  steps=1350000  held=0.01  gate=0.01  bins=3/3  active= 90  (1103s)
  steps=1400000  held=0.00  gate=0.00  bins=3/3  active= 90  (1152s)
  steps=1450000  held=0.00  gate=0.00  bins=3/3  active= 90  (1204s)
  steps=1500000  held=0.00  gate=0.00  bins=3/3  active= 90  (1255s)

[random_curriculum] DONE  final held=0.00  steps_to_0.3=NOT REACHED  wall=1255s  -> random_curriculum_seed37.json
[random_curriculum] per-cell held: s9N1=0.00  s9N2=0.00  s9N3=0.00  s13N1=0.00  s13N2=0.00  s13N3=0.00  s17N1=0.00  s17N2=0.00  s17N3=0.00
