[flat] train=90 layouts  held-out=36 layouts
objc[94110]: Class SDLApplication is implemented in both /Users/linmuyi/miniconda3/envs/llm_gs/lib/python3.9/site-packages/pygame/.dylibs/libSDL2-2.0.0.dylib (0x11814d2c8) and /Users/linmuyi/miniconda3/envs/llm_gs/lib/python3.9/site-packages/cv2/.dylibs/libSDL2-2.0.0.dylib (0x319c6c890). This may cause spurious casting failures and mysterious crashes. One of the duplicates must be removed or renamed.
objc[94110]: Class SDLAppDelegate is implemented in both /Users/linmuyi/miniconda3/envs/llm_gs/lib/python3.9/site-packages/pygame/.dylibs/libSDL2-2.0.0.dylib (0x11814d318) and /Users/linmuyi/miniconda3/envs/llm_gs/lib/python3.9/site-packages/cv2/.dylibs/libSDL2-2.0.0.dylib (0x319c6c8e0). This may cause spurious casting failures and mysterious crashes. One of the duplicates must be removed or renamed.
objc[94110]: Class SDLTranslatorResponder is implemented in both /Users/linmuyi/miniconda3/envs/llm_gs/lib/python3.9/site-packages/pygame/.dylibs/libSDL2-2.0.0.dylib (0x11814d390) and /Users/linmuyi/miniconda3/envs/llm_gs/lib/python3.9/site-packages/cv2/.dylibs/libSDL2-2.0.0.dylib (0x319c6c958). This may cause spurious casting failures and mysterious crashes. One of the duplicates must be removed or renamed.
objc[94110]: Class SDLMessageBoxPresenter is implemented in both /Users/linmuyi/miniconda3/envs/llm_gs/lib/python3.9/site-packages/pygame/.dylibs/libSDL2-2.0.0.dylib (0x11814d3b8) and /Users/linmuyi/miniconda3/envs/llm_gs/lib/python3.9/site-packages/cv2/.dylibs/libSDL2-2.0.0.dylib (0x319c6c980). This may cause spurious casting failures and mysterious crashes. One of the duplicates must be removed or renamed.
objc[94110]: Class SDL_cocoametalview is implemented in both /Users/linmuyi/miniconda3/envs/llm_gs/lib/python3.9/site-packages/pygame/.dylibs/libSDL2-2.0.0.dylib (0x11814d408) and /Users/linmuyi/miniconda3/envs/llm_gs/lib/python3.9/site-packages/cv2/.dylibs/libSDL2-2.0.0.dylib (0x319c6c9d0). This may cause spurious casting failures and mysterious crashes. One of the duplicates must be removed or renamed.
objc[94110]: Class SDLOpenGLContext is implemented in both /Users/linmuyi/miniconda3/envs/llm_gs/lib/python3.9/site-packages/pygame/.dylibs/libSDL2-2.0.0.dylib (0x11814d458) and /Users/linmuyi/miniconda3/envs/llm_gs/lib/python3.9/site-packages/cv2/.dylibs/libSDL2-2.0.0.dylib (0x319c6ca20). This may cause spurious casting failures and mysterious crashes. One of the duplicates must be removed or renamed.
objc[94110]: Class SDL_ShapeData is implemented in both /Users/linmuyi/miniconda3/envs/llm_gs/lib/python3.9/site-packages/pygame/.dylibs/libSDL2-2.0.0.dylib (0x11814d4d0) and /Users/linmuyi/miniconda3/envs/llm_gs/lib/python3.9/site-packages/cv2/.dylibs/libSDL2-2.0.0.dylib (0x319c6ca98). This may cause spurious casting failures and mysterious crashes. One of the duplicates must be removed or renamed.
objc[94110]: Class SDL_CocoaClosure is implemented in both /Users/linmuyi/miniconda3/envs/llm_gs/lib/python3.9/site-packages/pygame/.dylibs/libSDL2-2.0.0.dylib (0x11814d520) and /Users/linmuyi/miniconda3/envs/llm_gs/lib/python3.9/site-packages/cv2/.dylibs/libSDL2-2.0.0.dylib (0x319c6cae8). This may cause spurious casting failures and mysterious crashes. One of the duplicates must be removed or renamed.
objc[94110]: Class SDL_VideoData is implemented in both /Users/linmuyi/miniconda3/envs/llm_gs/lib/python3.9/site-packages/pygame/.dylibs/libSDL2-2.0.0.dylib (0x11814d570) and /Users/linmuyi/miniconda3/envs/llm_gs/lib/python3.9/site-packages/cv2/.dylibs/libSDL2-2.0.0.dylib (0x319c6cb38). This may cause spurious casting failures and mysterious crashes. One of the duplicates must be removed or renamed.
objc[94110]: Class SDL_WindowData is implemented in both /Users/linmuyi/miniconda3/envs/llm_gs/lib/python3.9/site-packages/pygame/.dylibs/libSDL2-2.0.0.dylib (0x11814d5c0) and /Users/linmuyi/miniconda3/envs/llm_gs/lib/python3.9/site-packages/cv2/.dylibs/libSDL2-2.0.0.dylib (0x319c6cb88). This may cause spurious casting failures and mysterious crashes. One of the duplicates must be removed or renamed.
objc[94110]: Class SDLWindow is implemented in both /Users/linmuyi/miniconda3/envs/llm_gs/lib/python3.9/site-packages/pygame/.dylibs/libSDL2-2.0.0.dylib (0x11814d5e8) and /Users/linmuyi/miniconda3/envs/llm_gs/lib/python3.9/site-packages/cv2/.dylibs/libSDL2-2.0.0.dylib (0x319c6cbb0). This may cause spurious casting failures and mysterious crashes. One of the duplicates must be removed or renamed.
objc[94110]: Class Cocoa_WindowListener is implemented in both /Users/linmuyi/miniconda3/envs/llm_gs/lib/python3.9/site-packages/pygame/.dylibs/libSDL2-2.0.0.dylib (0x11814d610) and /Users/linmuyi/miniconda3/envs/llm_gs/lib/python3.9/site-packages/cv2/.dylibs/libSDL2-2.0.0.dylib (0x319c6cbd8). This may cause spurious casting failures and mysterious crashes. One of the duplicates must be removed or renamed.
objc[94110]: Class SDLView is implemented in both /Users/linmuyi/miniconda3/envs/llm_gs/lib/python3.9/site-packages/pygame/.dylibs/libSDL2-2.0.0.dylib (0x11814d688) and /Users/linmuyi/miniconda3/envs/llm_gs/lib/python3.9/site-packages/cv2/.dylibs/libSDL2-2.0.0.dylib (0x319c6cc50). This may cause spurious casting failures and mysterious crashes. One of the duplicates must be removed or renamed.
objc[94110]: Class METAL_RenderData is implemented in both /Users/linmuyi/miniconda3/envs/llm_gs/lib/python3.9/site-packages/pygame/.dylibs/libSDL2-2.0.0.dylib (0x11814d700) and /Users/linmuyi/miniconda3/envs/llm_gs/lib/python3.9/site-packages/cv2/.dylibs/libSDL2-2.0.0.dylib (0x319c6ccc8). This may cause spurious casting failures and mysterious crashes. One of the duplicates must be removed or renamed.
objc[94110]: Class METAL_TextureData is implemented in both /Users/linmuyi/miniconda3/envs/llm_gs/lib/python3.9/site-packages/pygame/.dylibs/libSDL2-2.0.0.dylib (0x11814d750) and /Users/linmuyi/miniconda3/envs/llm_gs/lib/python3.9/site-packages/cv2/.dylibs/libSDL2-2.0.0.dylib (0x319c6cd18). This may cause spurious casting failures and mysterious crashes. One of the duplicates must be removed or renamed.
objc[94110]: Class SDL_RumbleMotor is implemented in both /Users/linmuyi/miniconda3/envs/llm_gs/lib/python3.9/site-packages/pygame/.dylibs/libSDL2-2.0.0.dylib (0x11814d778) and /Users/linmuyi/miniconda3/envs/llm_gs/lib/python3.9/site-packages/cv2/.dylibs/libSDL2-2.0.0.dylib (0x319c6cd40). This may cause spurious casting failures and mysterious crashes. One of the duplicates must be removed or renamed.
objc[94110]: Class SDL_RumbleContext is implemented in both /Users/linmuyi/miniconda3/envs/llm_gs/lib/python3.9/site-packages/pygame/.dylibs/libSDL2-2.0.0.dylib (0x11814d7c8) and /Users/linmuyi/miniconda3/envs/llm_gs/lib/python3.9/site-packages/cv2/.dylibs/libSDL2-2.0.0.dylib (0x319c6cd90). This may cause spurious casting failures and mysterious crashes. One of the duplicates must be removed or renamed.
[flat] 1500000 steps, 30 checkpoints, flat (no curriculum)

  steps=  50000  held=0.00  gate=0.00  bins=3/3  active= 90  (79s)
  steps= 100000  held=0.00  gate=0.00  bins=3/3  active= 90  (124s)
  steps= 150000  held=0.00  gate=0.00  bins=3/3  active= 90  (168s)
  steps= 200000  held=0.00  gate=0.00  bins=3/3  active= 90  (214s)
  steps= 250000  held=0.00  gate=0.00  bins=3/3  active= 90  (258s)
  steps= 300000  held=0.01  gate=0.01  bins=3/3  active= 90  (290s)
  steps= 350000  held=0.00  gate=0.00  bins=3/3  active= 90  (324s)
  steps= 400000  held=0.01  gate=0.01  bins=3/3  active= 90  (365s)
  steps= 450000  held=0.03  gate=0.03  bins=3/3  active= 90  (410s)
  steps= 500000  held=0.03  gate=0.03  bins=3/3  active= 90  (459s)
  steps= 550000  held=0.03  gate=0.03  bins=3/3  active= 90  (491s)
  steps= 600000  held=0.03  gate=0.03  bins=3/3  active= 90  (544s)
  steps= 650000  held=0.03  gate=0.03  bins=3/3  active= 90  (583s)
  steps= 700000  held=0.01  gate=0.01  bins=3/3  active= 90  (619s)
  steps= 750000  held=0.00  gate=0.00  bins=3/3  active= 90  (654s)
  steps= 800000  held=0.00  gate=0.00  bins=3/3  active= 90  (691s)
  steps= 850000  held=0.00  gate=0.00  bins=3/3  active= 90  (735s)
  steps= 900000  held=0.00  gate=0.00  bins=3/3  active= 90  (779s)
  steps= 950000  held=0.00  gate=0.00  bins=3/3  active= 90  (825s)
  steps=1000000  held=0.00  gate=0.00  bins=3/3  active= 90  (870s)
  steps=1050000  held=0.00  gate=0.00  bins=3/3  active= 90  (915s)
  steps=1100000  held=0.00  gate=0.00  bins=3/3  active= 90  (969s)
  steps=1150000  held=0.00  gate=0.00  bins=3/3  active= 90  (1015s)
  steps=1200000  held=0.00  gate=0.00  bins=3/3  active= 90  (1064s)
  steps=1250000  held=0.00  gate=0.00  bins=3/3  active= 90  (1113s)
  steps=1300000  held=0.00  gate=0.00  bins=3/3  active= 90  (1159s)
  steps=1350000  held=0.00  gate=0.00  bins=3/3  active= 90  (1209s)
  steps=1400000  held=0.00  gate=0.00  bins=3/3  active= 90  (1258s)
  steps=1450000  held=0.00  gate=0.00  bins=3/3  active= 90  (1316s)
  steps=1500000  held=0.00  gate=0.00  bins=3/3  active= 90  (1371s)

[flat] DONE  final held=0.00  steps_to_0.3=NOT REACHED  wall=1371s  -> flat_seed14.json
[flat] per-cell held: s9N1=0.00  s9N2=0.00  s9N3=0.00  s13N1=0.00  s13N2=0.00  s13N3=0.00  s17N1=0.00  s17N2=0.00  s17N3=0.00
