/Users/linmuyi/miniconda3/envs/llm_gs/lib/python3.9/site-packages/pygame/pkgdata.py:25: UserWarning: pkg_resources is deprecated as an API. See https://setuptools.pypa.io/en/latest/pkg_resources.html. The pkg_resources package is slated for removal as early as 2025-11-30. Refrain from using this package or pin to Setuptools<81.
  from pkg_resources import resource_stream, resource_exists
[sfl_grader] held-out=36
objc[80570]: Class SDLApplication is implemented in both /Users/linmuyi/miniconda3/envs/llm_gs/lib/python3.9/site-packages/pygame/.dylibs/libSDL2-2.0.0.dylib (0x109e592c8) and /Users/linmuyi/miniconda3/envs/llm_gs/lib/python3.9/site-packages/cv2/.dylibs/libSDL2-2.0.0.dylib (0x308c94890). This may cause spurious casting failures and mysterious crashes. One of the duplicates must be removed or renamed.
objc[80570]: Class SDLAppDelegate is implemented in both /Users/linmuyi/miniconda3/envs/llm_gs/lib/python3.9/site-packages/pygame/.dylibs/libSDL2-2.0.0.dylib (0x109e59318) and /Users/linmuyi/miniconda3/envs/llm_gs/lib/python3.9/site-packages/cv2/.dylibs/libSDL2-2.0.0.dylib (0x308c948e0). This may cause spurious casting failures and mysterious crashes. One of the duplicates must be removed or renamed.
objc[80570]: Class SDLTranslatorResponder is implemented in both /Users/linmuyi/miniconda3/envs/llm_gs/lib/python3.9/site-packages/pygame/.dylibs/libSDL2-2.0.0.dylib (0x109e59390) and /Users/linmuyi/miniconda3/envs/llm_gs/lib/python3.9/site-packages/cv2/.dylibs/libSDL2-2.0.0.dylib (0x308c94958). This may cause spurious casting failures and mysterious crashes. One of the duplicates must be removed or renamed.
objc[80570]: Class SDLMessageBoxPresenter is implemented in both /Users/linmuyi/miniconda3/envs/llm_gs/lib/python3.9/site-packages/pygame/.dylibs/libSDL2-2.0.0.dylib (0x109e593b8) and /Users/linmuyi/miniconda3/envs/llm_gs/lib/python3.9/site-packages/cv2/.dylibs/libSDL2-2.0.0.dylib (0x308c94980). This may cause spurious casting failures and mysterious crashes. One of the duplicates must be removed or renamed.
objc[80570]: Class SDL_cocoametalview is implemented in both /Users/linmuyi/miniconda3/envs/llm_gs/lib/python3.9/site-packages/pygame/.dylibs/libSDL2-2.0.0.dylib (0x109e59408) and /Users/linmuyi/miniconda3/envs/llm_gs/lib/python3.9/site-packages/cv2/.dylibs/libSDL2-2.0.0.dylib (0x308c949d0). This may cause spurious casting failures and mysterious crashes. One of the duplicates must be removed or renamed.
objc[80570]: Class SDLOpenGLContext is implemented in both /Users/linmuyi/miniconda3/envs/llm_gs/lib/python3.9/site-packages/pygame/.dylibs/libSDL2-2.0.0.dylib (0x109e59458) and /Users/linmuyi/miniconda3/envs/llm_gs/lib/python3.9/site-packages/cv2/.dylibs/libSDL2-2.0.0.dylib (0x308c94a20). This may cause spurious casting failures and mysterious crashes. One of the duplicates must be removed or renamed.
objc[80570]: Class SDL_ShapeData is implemented in both /Users/linmuyi/miniconda3/envs/llm_gs/lib/python3.9/site-packages/pygame/.dylibs/libSDL2-2.0.0.dylib (0x109e594d0) and /Users/linmuyi/miniconda3/envs/llm_gs/lib/python3.9/site-packages/cv2/.dylibs/libSDL2-2.0.0.dylib (0x308c94a98). This may cause spurious casting failures and mysterious crashes. One of the duplicates must be removed or renamed.
objc[80570]: Class SDL_CocoaClosure is implemented in both /Users/linmuyi/miniconda3/envs/llm_gs/lib/python3.9/site-packages/pygame/.dylibs/libSDL2-2.0.0.dylib (0x109e59520) and /Users/linmuyi/miniconda3/envs/llm_gs/lib/python3.9/site-packages/cv2/.dylibs/libSDL2-2.0.0.dylib (0x308c94ae8). This may cause spurious casting failures and mysterious crashes. One of the duplicates must be removed or renamed.
objc[80570]: Class SDL_VideoData is implemented in both /Users/linmuyi/miniconda3/envs/llm_gs/lib/python3.9/site-packages/pygame/.dylibs/libSDL2-2.0.0.dylib (0x109e59570) and /Users/linmuyi/miniconda3/envs/llm_gs/lib/python3.9/site-packages/cv2/.dylibs/libSDL2-2.0.0.dylib (0x308c94b38). This may cause spurious casting failures and mysterious crashes. One of the duplicates must be removed or renamed.
objc[80570]: Class SDL_WindowData is implemented in both /Users/linmuyi/miniconda3/envs/llm_gs/lib/python3.9/site-packages/pygame/.dylibs/libSDL2-2.0.0.dylib (0x109e595c0) and /Users/linmuyi/miniconda3/envs/llm_gs/lib/python3.9/site-packages/cv2/.dylibs/libSDL2-2.0.0.dylib (0x308c94b88). This may cause spurious casting failures and mysterious crashes. One of the duplicates must be removed or renamed.
objc[80570]: Class SDLWindow is implemented in both /Users/linmuyi/miniconda3/envs/llm_gs/lib/python3.9/site-packages/pygame/.dylibs/libSDL2-2.0.0.dylib (0x109e595e8) and /Users/linmuyi/miniconda3/envs/llm_gs/lib/python3.9/site-packages/cv2/.dylibs/libSDL2-2.0.0.dylib (0x308c94bb0). This may cause spurious casting failures and mysterious crashes. One of the duplicates must be removed or renamed.
objc[80570]: Class Cocoa_WindowListener is implemented in both /Users/linmuyi/miniconda3/envs/llm_gs/lib/python3.9/site-packages/pygame/.dylibs/libSDL2-2.0.0.dylib (0x109e59610) and /Users/linmuyi/miniconda3/envs/llm_gs/lib/python3.9/site-packages/cv2/.dylibs/libSDL2-2.0.0.dylib (0x308c94bd8). This may cause spurious casting failures and mysterious crashes. One of the duplicates must be removed or renamed.
objc[80570]: Class SDLView is implemented in both /Users/linmuyi/miniconda3/envs/llm_gs/lib/python3.9/site-packages/pygame/.dylibs/libSDL2-2.0.0.dylib (0x109e59688) and /Users/linmuyi/miniconda3/envs/llm_gs/lib/python3.9/site-packages/cv2/.dylibs/libSDL2-2.0.0.dylib (0x308c94c50). This may cause spurious casting failures and mysterious crashes. One of the duplicates must be removed or renamed.
objc[80570]: Class METAL_RenderData is implemented in both /Users/linmuyi/miniconda3/envs/llm_gs/lib/python3.9/site-packages/pygame/.dylibs/libSDL2-2.0.0.dylib (0x109e59700) and /Users/linmuyi/miniconda3/envs/llm_gs/lib/python3.9/site-packages/cv2/.dylibs/libSDL2-2.0.0.dylib (0x308c94cc8). This may cause spurious casting failures and mysterious crashes. One of the duplicates must be removed or renamed.
objc[80570]: Class METAL_TextureData is implemented in both /Users/linmuyi/miniconda3/envs/llm_gs/lib/python3.9/site-packages/pygame/.dylibs/libSDL2-2.0.0.dylib (0x109e59750) and /Users/linmuyi/miniconda3/envs/llm_gs/lib/python3.9/site-packages/cv2/.dylibs/libSDL2-2.0.0.dylib (0x308c94d18). This may cause spurious casting failures and mysterious crashes. One of the duplicates must be removed or renamed.
objc[80570]: Class SDL_RumbleMotor is implemented in both /Users/linmuyi/miniconda3/envs/llm_gs/lib/python3.9/site-packages/pygame/.dylibs/libSDL2-2.0.0.dylib (0x109e59778) and /Users/linmuyi/miniconda3/envs/llm_gs/lib/python3.9/site-packages/cv2/.dylibs/libSDL2-2.0.0.dylib (0x308c94d40). This may cause spurious casting failures and mysterious crashes. One of the duplicates must be removed or renamed.
objc[80570]: Class SDL_RumbleContext is implemented in both /Users/linmuyi/miniconda3/envs/llm_gs/lib/python3.9/site-packages/pygame/.dylibs/libSDL2-2.0.0.dylib (0x109e597c8) and /Users/linmuyi/miniconda3/envs/llm_gs/lib/python3.9/site-packages/cv2/.dylibs/libSDL2-2.0.0.dylib (0x308c94d90). This may cause spurious casting failures and mysterious crashes. One of the duplicates must be removed or renamed.
  steps=  50000 held=0.00 scoring_steps=8459 (37s)
  steps= 100000 held=0.00 scoring_steps=8459 (70s)
  steps= 150000 held=0.00 scoring_steps=8459 (104s)
  steps= 200000 held=0.00 scoring_steps=8459 (137s)
  steps= 250000 held=0.01 scoring_steps=8459 (168s)
  steps= 300000 held=0.01 scoring_steps=23104 (211s)
  steps= 350000 held=0.00 scoring_steps=23104 (250s)
  steps= 400000 held=0.01 scoring_steps=23104 (283s)
  steps= 450000 held=0.00 scoring_steps=23104 (309s)
  steps= 500000 held=0.00 scoring_steps=23104 (346s)
  steps= 550000 held=0.01 scoring_steps=58820 (391s)
  steps= 600000 held=0.00 scoring_steps=58820 (426s)
  steps= 650000 held=0.00 scoring_steps=58820 (461s)
  steps= 700000 held=0.00 scoring_steps=58820 (494s)
  steps= 750000 held=0.00 scoring_steps=58820 (534s)
  steps= 800000 held=0.00 scoring_steps=94151 (588s)
  steps= 850000 held=0.01 scoring_steps=94151 (623s)
  steps= 900000 held=0.00 scoring_steps=94151 (663s)
  steps= 950000 held=0.00 scoring_steps=94151 (702s)
  steps=1000000 held=0.01 scoring_steps=94151 (740s)
  steps=1050000 held=0.01 scoring_steps=137599 (790s)
  steps=1100000 held=0.03 scoring_steps=137599 (825s)
  steps=1150000 held=0.00 scoring_steps=137599 (867s)
  steps=1200000 held=0.00 scoring_steps=137599 (907s)
  steps=1250000 held=0.02 scoring_steps=137599 (953s)
  steps=1300000 held=0.01 scoring_steps=184170 (1014s)
  steps=1350000 held=0.20 scoring_steps=184170 (1051s)
  steps=1400000 held=0.35 scoring_steps=184170 (1086s)
  steps=1450000 held=0.37 scoring_steps=184170 (1121s)
  steps=1500000 held=0.53 scoring_steps=184170 (1151s)
[sfl_grader] DONE final=0.53 scoring_steps=184170
