/Users/linmuyi/miniconda3/envs/llm_gs/lib/python3.9/site-packages/pygame/pkgdata.py:25: UserWarning: pkg_resources is deprecated as an API. See https://setuptools.pypa.io/en/latest/pkg_resources.html. The pkg_resources package is slated for removal as early as 2025-11-30. Refrain from using this package or pin to Setuptools<81.
  from pkg_resources import resource_stream, resource_exists
[sfl] held-out=36
objc[93643]: Class SDLApplication is implemented in both /Users/linmuyi/miniconda3/envs/llm_gs/lib/python3.9/site-packages/pygame/.dylibs/libSDL2-2.0.0.dylib (0x104bc12c8) and /Users/linmuyi/miniconda3/envs/llm_gs/lib/python3.9/site-packages/cv2/.dylibs/libSDL2-2.0.0.dylib (0x169cc8890). This may cause spurious casting failures and mysterious crashes. One of the duplicates must be removed or renamed.
objc[93643]: Class SDLAppDelegate is implemented in both /Users/linmuyi/miniconda3/envs/llm_gs/lib/python3.9/site-packages/pygame/.dylibs/libSDL2-2.0.0.dylib (0x104bc1318) and /Users/linmuyi/miniconda3/envs/llm_gs/lib/python3.9/site-packages/cv2/.dylibs/libSDL2-2.0.0.dylib (0x169cc88e0). This may cause spurious casting failures and mysterious crashes. One of the duplicates must be removed or renamed.
objc[93643]: Class SDLTranslatorResponder is implemented in both /Users/linmuyi/miniconda3/envs/llm_gs/lib/python3.9/site-packages/pygame/.dylibs/libSDL2-2.0.0.dylib (0x104bc1390) and /Users/linmuyi/miniconda3/envs/llm_gs/lib/python3.9/site-packages/cv2/.dylibs/libSDL2-2.0.0.dylib (0x169cc8958). This may cause spurious casting failures and mysterious crashes. One of the duplicates must be removed or renamed.
objc[93643]: Class SDLMessageBoxPresenter is implemented in both /Users/linmuyi/miniconda3/envs/llm_gs/lib/python3.9/site-packages/pygame/.dylibs/libSDL2-2.0.0.dylib (0x104bc13b8) and /Users/linmuyi/miniconda3/envs/llm_gs/lib/python3.9/site-packages/cv2/.dylibs/libSDL2-2.0.0.dylib (0x169cc8980). This may cause spurious casting failures and mysterious crashes. One of the duplicates must be removed or renamed.
objc[93643]: Class SDL_cocoametalview is implemented in both /Users/linmuyi/miniconda3/envs/llm_gs/lib/python3.9/site-packages/pygame/.dylibs/libSDL2-2.0.0.dylib (0x104bc1408) and /Users/linmuyi/miniconda3/envs/llm_gs/lib/python3.9/site-packages/cv2/.dylibs/libSDL2-2.0.0.dylib (0x169cc89d0). This may cause spurious casting failures and mysterious crashes. One of the duplicates must be removed or renamed.
objc[93643]: Class SDLOpenGLContext is implemented in both /Users/linmuyi/miniconda3/envs/llm_gs/lib/python3.9/site-packages/pygame/.dylibs/libSDL2-2.0.0.dylib (0x104bc1458) and /Users/linmuyi/miniconda3/envs/llm_gs/lib/python3.9/site-packages/cv2/.dylibs/libSDL2-2.0.0.dylib (0x169cc8a20). This may cause spurious casting failures and mysterious crashes. One of the duplicates must be removed or renamed.
objc[93643]: Class SDL_ShapeData is implemented in both /Users/linmuyi/miniconda3/envs/llm_gs/lib/python3.9/site-packages/pygame/.dylibs/libSDL2-2.0.0.dylib (0x104bc14d0) and /Users/linmuyi/miniconda3/envs/llm_gs/lib/python3.9/site-packages/cv2/.dylibs/libSDL2-2.0.0.dylib (0x169cc8a98). This may cause spurious casting failures and mysterious crashes. One of the duplicates must be removed or renamed.
objc[93643]: Class SDL_CocoaClosure is implemented in both /Users/linmuyi/miniconda3/envs/llm_gs/lib/python3.9/site-packages/pygame/.dylibs/libSDL2-2.0.0.dylib (0x104bc1520) and /Users/linmuyi/miniconda3/envs/llm_gs/lib/python3.9/site-packages/cv2/.dylibs/libSDL2-2.0.0.dylib (0x169cc8ae8). This may cause spurious casting failures and mysterious crashes. One of the duplicates must be removed or renamed.
objc[93643]: Class SDL_VideoData is implemented in both /Users/linmuyi/miniconda3/envs/llm_gs/lib/python3.9/site-packages/pygame/.dylibs/libSDL2-2.0.0.dylib (0x104bc1570) and /Users/linmuyi/miniconda3/envs/llm_gs/lib/python3.9/site-packages/cv2/.dylibs/libSDL2-2.0.0.dylib (0x169cc8b38). This may cause spurious casting failures and mysterious crashes. One of the duplicates must be removed or renamed.
objc[93643]: Class SDL_WindowData is implemented in both /Users/linmuyi/miniconda3/envs/llm_gs/lib/python3.9/site-packages/pygame/.dylibs/libSDL2-2.0.0.dylib (0x104bc15c0) and /Users/linmuyi/miniconda3/envs/llm_gs/lib/python3.9/site-packages/cv2/.dylibs/libSDL2-2.0.0.dylib (0x169cc8b88). This may cause spurious casting failures and mysterious crashes. One of the duplicates must be removed or renamed.
objc[93643]: Class SDLWindow is implemented in both /Users/linmuyi/miniconda3/envs/llm_gs/lib/python3.9/site-packages/pygame/.dylibs/libSDL2-2.0.0.dylib (0x104bc15e8) and /Users/linmuyi/miniconda3/envs/llm_gs/lib/python3.9/site-packages/cv2/.dylibs/libSDL2-2.0.0.dylib (0x169cc8bb0). This may cause spurious casting failures and mysterious crashes. One of the duplicates must be removed or renamed.
objc[93643]: Class Cocoa_WindowListener is implemented in both /Users/linmuyi/miniconda3/envs/llm_gs/lib/python3.9/site-packages/pygame/.dylibs/libSDL2-2.0.0.dylib (0x104bc1610) and /Users/linmuyi/miniconda3/envs/llm_gs/lib/python3.9/site-packages/cv2/.dylibs/libSDL2-2.0.0.dylib (0x169cc8bd8). This may cause spurious casting failures and mysterious crashes. One of the duplicates must be removed or renamed.
objc[93643]: Class SDLView is implemented in both /Users/linmuyi/miniconda3/envs/llm_gs/lib/python3.9/site-packages/pygame/.dylibs/libSDL2-2.0.0.dylib (0x104bc1688) and /Users/linmuyi/miniconda3/envs/llm_gs/lib/python3.9/site-packages/cv2/.dylibs/libSDL2-2.0.0.dylib (0x169cc8c50). This may cause spurious casting failures and mysterious crashes. One of the duplicates must be removed or renamed.
objc[93643]: Class METAL_RenderData is implemented in both /Users/linmuyi/miniconda3/envs/llm_gs/lib/python3.9/site-packages/pygame/.dylibs/libSDL2-2.0.0.dylib (0x104bc1700) and /Users/linmuyi/miniconda3/envs/llm_gs/lib/python3.9/site-packages/cv2/.dylibs/libSDL2-2.0.0.dylib (0x169cc8cc8). This may cause spurious casting failures and mysterious crashes. One of the duplicates must be removed or renamed.
objc[93643]: Class METAL_TextureData is implemented in both /Users/linmuyi/miniconda3/envs/llm_gs/lib/python3.9/site-packages/pygame/.dylibs/libSDL2-2.0.0.dylib (0x104bc1750) and /Users/linmuyi/miniconda3/envs/llm_gs/lib/python3.9/site-packages/cv2/.dylibs/libSDL2-2.0.0.dylib (0x169cc8d18). This may cause spurious casting failures and mysterious crashes. One of the duplicates must be removed or renamed.
objc[93643]: Class SDL_RumbleMotor is implemented in both /Users/linmuyi/miniconda3/envs/llm_gs/lib/python3.9/site-packages/pygame/.dylibs/libSDL2-2.0.0.dylib (0x104bc1778) and /Users/linmuyi/miniconda3/envs/llm_gs/lib/python3.9/site-packages/cv2/.dylibs/libSDL2-2.0.0.dylib (0x169cc8d40). This may cause spurious casting failures and mysterious crashes. One of the duplicates must be removed or renamed.
objc[93643]: Class SDL_RumbleContext is implemented in both /Users/linmuyi/miniconda3/envs/llm_gs/lib/python3.9/site-packages/pygame/.dylibs/libSDL2-2.0.0.dylib (0x104bc17c8) and /Users/linmuyi/miniconda3/envs/llm_gs/lib/python3.9/site-packages/cv2/.dylibs/libSDL2-2.0.0.dylib (0x169cc8d90). This may cause spurious casting failures and mysterious crashes. One of the duplicates must be removed or renamed.
  steps=  50000 held=0.00 scoring_steps=32746 (67s)
  steps= 100000 held=0.00 scoring_steps=32746 (115s)
  steps= 150000 held=0.01 scoring_steps=32746 (172s)
  steps= 200000 held=0.01 scoring_steps=32746 (229s)
  steps= 250000 held=0.05 scoring_steps=32746 (7496s)
  steps= 300000 held=0.11 scoring_steps=63271 (14837s)
  steps= 350000 held=0.03 scoring_steps=63271 (16950s)
  steps= 400000 held=0.00 scoring_steps=63271 (17028s)
  steps= 450000 held=0.00 scoring_steps=63271 (17095s)
  steps= 500000 held=0.00 scoring_steps=63271 (17157s)
  steps= 550000 held=0.00 scoring_steps=211160 (17268s)
  steps= 600000 held=0.00 scoring_steps=211160 (17326s)
  steps= 650000 held=0.00 scoring_steps=211160 (17387s)
  steps= 700000 held=0.00 scoring_steps=211160 (17451s)
  steps= 750000 held=0.00 scoring_steps=211160 (17512s)
  steps= 800000 held=0.00 scoring_steps=358384 (17658s)
  steps= 850000 held=0.00 scoring_steps=358384 (17733s)
  steps= 900000 held=0.00 scoring_steps=358384 (17824s)
  steps= 950000 held=0.00 scoring_steps=358384 (17894s)
  steps=1000000 held=0.01 scoring_steps=358384 (17981s)
  steps=1050000 held=0.00 scoring_steps=500473 (18121s)
  steps=1100000 held=0.00 scoring_steps=500473 (18182s)
  steps=1150000 held=0.00 scoring_steps=500473 (18247s)
  steps=1200000 held=0.00 scoring_steps=500473 (18320s)
  steps=1250000 held=0.00 scoring_steps=500473 (18378s)
  steps=1300000 held=0.00 scoring_steps=611644 (18500s)
  steps=1350000 held=0.00 scoring_steps=611644 (18580s)
  steps=1400000 held=0.00 scoring_steps=611644 (18654s)
  steps=1450000 held=0.01 scoring_steps=611644 (18730s)
  steps=1500000 held=0.00 scoring_steps=611644 (18807s)
[sfl] DONE final=0.00 scoring_steps=611644
