/Users/linmuyi/miniconda3/envs/llm_gs/lib/python3.9/site-packages/pygame/pkgdata.py:25: UserWarning: pkg_resources is deprecated as an API. See https://setuptools.pypa.io/en/latest/pkg_resources.html. The pkg_resources package is slated for removal as early as 2025-11-30. Refrain from using this package or pin to Setuptools<81.
  from pkg_resources import resource_stream, resource_exists
[sfl] held-out=36
objc[77196]: Class SDLApplication is implemented in both /Users/linmuyi/miniconda3/envs/llm_gs/lib/python3.9/site-packages/pygame/.dylibs/libSDL2-2.0.0.dylib (0x10af892c8) and /Users/linmuyi/miniconda3/envs/llm_gs/lib/python3.9/site-packages/cv2/.dylibs/libSDL2-2.0.0.dylib (0x173770890). This may cause spurious casting failures and mysterious crashes. One of the duplicates must be removed or renamed.
objc[77196]: Class SDLAppDelegate is implemented in both /Users/linmuyi/miniconda3/envs/llm_gs/lib/python3.9/site-packages/pygame/.dylibs/libSDL2-2.0.0.dylib (0x10af89318) and /Users/linmuyi/miniconda3/envs/llm_gs/lib/python3.9/site-packages/cv2/.dylibs/libSDL2-2.0.0.dylib (0x1737708e0). This may cause spurious casting failures and mysterious crashes. One of the duplicates must be removed or renamed.
objc[77196]: Class SDLTranslatorResponder is implemented in both /Users/linmuyi/miniconda3/envs/llm_gs/lib/python3.9/site-packages/pygame/.dylibs/libSDL2-2.0.0.dylib (0x10af89390) and /Users/linmuyi/miniconda3/envs/llm_gs/lib/python3.9/site-packages/cv2/.dylibs/libSDL2-2.0.0.dylib (0x173770958). This may cause spurious casting failures and mysterious crashes. One of the duplicates must be removed or renamed.
objc[77196]: Class SDLMessageBoxPresenter is implemented in both /Users/linmuyi/miniconda3/envs/llm_gs/lib/python3.9/site-packages/pygame/.dylibs/libSDL2-2.0.0.dylib (0x10af893b8) and /Users/linmuyi/miniconda3/envs/llm_gs/lib/python3.9/site-packages/cv2/.dylibs/libSDL2-2.0.0.dylib (0x173770980). This may cause spurious casting failures and mysterious crashes. One of the duplicates must be removed or renamed.
objc[77196]: Class SDL_cocoametalview is implemented in both /Users/linmuyi/miniconda3/envs/llm_gs/lib/python3.9/site-packages/pygame/.dylibs/libSDL2-2.0.0.dylib (0x10af89408) and /Users/linmuyi/miniconda3/envs/llm_gs/lib/python3.9/site-packages/cv2/.dylibs/libSDL2-2.0.0.dylib (0x1737709d0). This may cause spurious casting failures and mysterious crashes. One of the duplicates must be removed or renamed.
objc[77196]: Class SDLOpenGLContext is implemented in both /Users/linmuyi/miniconda3/envs/llm_gs/lib/python3.9/site-packages/pygame/.dylibs/libSDL2-2.0.0.dylib (0x10af89458) and /Users/linmuyi/miniconda3/envs/llm_gs/lib/python3.9/site-packages/cv2/.dylibs/libSDL2-2.0.0.dylib (0x173770a20). This may cause spurious casting failures and mysterious crashes. One of the duplicates must be removed or renamed.
objc[77196]: Class SDL_ShapeData is implemented in both /Users/linmuyi/miniconda3/envs/llm_gs/lib/python3.9/site-packages/pygame/.dylibs/libSDL2-2.0.0.dylib (0x10af894d0) and /Users/linmuyi/miniconda3/envs/llm_gs/lib/python3.9/site-packages/cv2/.dylibs/libSDL2-2.0.0.dylib (0x173770a98). This may cause spurious casting failures and mysterious crashes. One of the duplicates must be removed or renamed.
objc[77196]: Class SDL_CocoaClosure is implemented in both /Users/linmuyi/miniconda3/envs/llm_gs/lib/python3.9/site-packages/pygame/.dylibs/libSDL2-2.0.0.dylib (0x10af89520) and /Users/linmuyi/miniconda3/envs/llm_gs/lib/python3.9/site-packages/cv2/.dylibs/libSDL2-2.0.0.dylib (0x173770ae8). This may cause spurious casting failures and mysterious crashes. One of the duplicates must be removed or renamed.
objc[77196]: Class SDL_VideoData is implemented in both /Users/linmuyi/miniconda3/envs/llm_gs/lib/python3.9/site-packages/pygame/.dylibs/libSDL2-2.0.0.dylib (0x10af89570) and /Users/linmuyi/miniconda3/envs/llm_gs/lib/python3.9/site-packages/cv2/.dylibs/libSDL2-2.0.0.dylib (0x173770b38). This may cause spurious casting failures and mysterious crashes. One of the duplicates must be removed or renamed.
objc[77196]: Class SDL_WindowData is implemented in both /Users/linmuyi/miniconda3/envs/llm_gs/lib/python3.9/site-packages/pygame/.dylibs/libSDL2-2.0.0.dylib (0x10af895c0) and /Users/linmuyi/miniconda3/envs/llm_gs/lib/python3.9/site-packages/cv2/.dylibs/libSDL2-2.0.0.dylib (0x173770b88). This may cause spurious casting failures and mysterious crashes. One of the duplicates must be removed or renamed.
objc[77196]: Class SDLWindow is implemented in both /Users/linmuyi/miniconda3/envs/llm_gs/lib/python3.9/site-packages/pygame/.dylibs/libSDL2-2.0.0.dylib (0x10af895e8) and /Users/linmuyi/miniconda3/envs/llm_gs/lib/python3.9/site-packages/cv2/.dylibs/libSDL2-2.0.0.dylib (0x173770bb0). This may cause spurious casting failures and mysterious crashes. One of the duplicates must be removed or renamed.
objc[77196]: Class Cocoa_WindowListener is implemented in both /Users/linmuyi/miniconda3/envs/llm_gs/lib/python3.9/site-packages/pygame/.dylibs/libSDL2-2.0.0.dylib (0x10af89610) and /Users/linmuyi/miniconda3/envs/llm_gs/lib/python3.9/site-packages/cv2/.dylibs/libSDL2-2.0.0.dylib (0x173770bd8). This may cause spurious casting failures and mysterious crashes. One of the duplicates must be removed or renamed.
objc[77196]: Class SDLView is implemented in both /Users/linmuyi/miniconda3/envs/llm_gs/lib/python3.9/site-packages/pygame/.dylibs/libSDL2-2.0.0.dylib (0x10af89688) and /Users/linmuyi/miniconda3/envs/llm_gs/lib/python3.9/site-packages/cv2/.dylibs/libSDL2-2.0.0.dylib (0x173770c50). This may cause spurious casting failures and mysterious crashes. One of the duplicates must be removed or renamed.
objc[77196]: Class METAL_RenderData is implemented in both /Users/linmuyi/miniconda3/envs/llm_gs/lib/python3.9/site-packages/pygame/.dylibs/libSDL2-2.0.0.dylib (0x10af89700) and /Users/linmuyi/miniconda3/envs/llm_gs/lib/python3.9/site-packages/cv2/.dylibs/libSDL2-2.0.0.dylib (0x173770cc8). This may cause spurious casting failures and mysterious crashes. One of the duplicates must be removed or renamed.
objc[77196]: Class METAL_TextureData is implemented in both /Users/linmuyi/miniconda3/envs/llm_gs/lib/python3.9/site-packages/pygame/.dylibs/libSDL2-2.0.0.dylib (0x10af89750) and /Users/linmuyi/miniconda3/envs/llm_gs/lib/python3.9/site-packages/cv2/.dylibs/libSDL2-2.0.0.dylib (0x173770d18). This may cause spurious casting failures and mysterious crashes. One of the duplicates must be removed or renamed.
objc[77196]: Class SDL_RumbleMotor is implemented in both /Users/linmuyi/miniconda3/envs/llm_gs/lib/python3.9/site-packages/pygame/.dylibs/libSDL2-2.0.0.dylib (0x10af89778) and /Users/linmuyi/miniconda3/envs/llm_gs/lib/python3.9/site-packages/cv2/.dylibs/libSDL2-2.0.0.dylib (0x173770d40). This may cause spurious casting failures and mysterious crashes. One of the duplicates must be removed or renamed.
objc[77196]: Class SDL_RumbleContext is implemented in both /Users/linmuyi/miniconda3/envs/llm_gs/lib/python3.9/site-packages/pygame/.dylibs/libSDL2-2.0.0.dylib (0x10af897c8) and /Users/linmuyi/miniconda3/envs/llm_gs/lib/python3.9/site-packages/cv2/.dylibs/libSDL2-2.0.0.dylib (0x173770d90). This may cause spurious casting failures and mysterious crashes. One of the duplicates must be removed or renamed.
  steps=  50000 held=0.01 scoring_steps=27243 (83s)
  steps= 100000 held=0.00 scoring_steps=27243 (128s)
  steps= 150000 held=0.00 scoring_steps=27243 (204s)
  steps= 200000 held=0.00 scoring_steps=27243 (283s)
  steps= 250000 held=0.00 scoring_steps=27243 (383s)
  steps= 300000 held=0.00 scoring_steps=123616 (561s)
  steps= 350000 held=0.00 scoring_steps=123616 (642s)
  steps= 400000 held=0.00 scoring_steps=123616 (726s)
  steps= 450000 held=0.00 scoring_steps=123616 (814s)
  steps= 500000 held=0.00 scoring_steps=123616 (890s)
  steps= 550000 held=0.01 scoring_steps=129697 (974s)
  steps= 600000 held=0.00 scoring_steps=129697 (1054s)
  steps= 650000 held=0.00 scoring_steps=129697 (1135s)
  steps= 700000 held=0.00 scoring_steps=129697 (1222s)
  steps= 750000 held=0.00 scoring_steps=129697 (1293s)
  steps= 800000 held=0.00 scoring_steps=305971 (1439s)
  steps= 850000 held=0.00 scoring_steps=305971 (1502s)
  steps= 900000 held=0.00 scoring_steps=305971 (1571s)
  steps= 950000 held=0.00 scoring_steps=305971 (1638s)
  steps=1000000 held=0.00 scoring_steps=305971 (1695s)
  steps=1050000 held=0.00 scoring_steps=421845 (1802s)
  steps=1100000 held=0.01 scoring_steps=421845 (1866s)
  steps=1150000 held=0.00 scoring_steps=421845 (1926s)
  steps=1200000 held=0.00 scoring_steps=421845 (1968s)
  steps=1250000 held=0.00 scoring_steps=421845 (2025s)
  steps=1300000 held=0.00 scoring_steps=550672 (2134s)
  steps=1350000 held=0.00 scoring_steps=550672 (2175s)
  steps=1400000 held=0.00 scoring_steps=550672 (2222s)
  steps=1450000 held=0.00 scoring_steps=550672 (2266s)
  steps=1500000 held=0.00 scoring_steps=550672 (2315s)
[sfl] DONE final=0.00 scoring_steps=550672
