/Users/linmuyi/miniconda3/envs/llm_gs/lib/python3.9/site-packages/pygame/pkgdata.py:25: UserWarning: pkg_resources is deprecated as an API. See https://setuptools.pypa.io/en/latest/pkg_resources.html. The pkg_resources package is slated for removal as early as 2025-11-30. Refrain from using this package or pin to Setuptools<81.
  from pkg_resources import resource_stream, resource_exists
[sfl_grader] held-out=36
objc[64222]: Class SDLApplication is implemented in both /Users/linmuyi/miniconda3/envs/llm_gs/lib/python3.9/site-packages/pygame/.dylibs/libSDL2-2.0.0.dylib (0x10ab652c8) and /Users/linmuyi/miniconda3/envs/llm_gs/lib/python3.9/site-packages/cv2/.dylibs/libSDL2-2.0.0.dylib (0x1692d4890). This may cause spurious casting failures and mysterious crashes. One of the duplicates must be removed or renamed.
objc[64222]: Class SDLAppDelegate is implemented in both /Users/linmuyi/miniconda3/envs/llm_gs/lib/python3.9/site-packages/pygame/.dylibs/libSDL2-2.0.0.dylib (0x10ab65318) and /Users/linmuyi/miniconda3/envs/llm_gs/lib/python3.9/site-packages/cv2/.dylibs/libSDL2-2.0.0.dylib (0x1692d48e0). This may cause spurious casting failures and mysterious crashes. One of the duplicates must be removed or renamed.
objc[64222]: Class SDLTranslatorResponder is implemented in both /Users/linmuyi/miniconda3/envs/llm_gs/lib/python3.9/site-packages/pygame/.dylibs/libSDL2-2.0.0.dylib (0x10ab65390) and /Users/linmuyi/miniconda3/envs/llm_gs/lib/python3.9/site-packages/cv2/.dylibs/libSDL2-2.0.0.dylib (0x1692d4958). This may cause spurious casting failures and mysterious crashes. One of the duplicates must be removed or renamed.
objc[64222]: Class SDLMessageBoxPresenter is implemented in both /Users/linmuyi/miniconda3/envs/llm_gs/lib/python3.9/site-packages/pygame/.dylibs/libSDL2-2.0.0.dylib (0x10ab653b8) and /Users/linmuyi/miniconda3/envs/llm_gs/lib/python3.9/site-packages/cv2/.dylibs/libSDL2-2.0.0.dylib (0x1692d4980). This may cause spurious casting failures and mysterious crashes. One of the duplicates must be removed or renamed.
objc[64222]: Class SDL_cocoametalview is implemented in both /Users/linmuyi/miniconda3/envs/llm_gs/lib/python3.9/site-packages/pygame/.dylibs/libSDL2-2.0.0.dylib (0x10ab65408) and /Users/linmuyi/miniconda3/envs/llm_gs/lib/python3.9/site-packages/cv2/.dylibs/libSDL2-2.0.0.dylib (0x1692d49d0). This may cause spurious casting failures and mysterious crashes. One of the duplicates must be removed or renamed.
objc[64222]: Class SDLOpenGLContext is implemented in both /Users/linmuyi/miniconda3/envs/llm_gs/lib/python3.9/site-packages/pygame/.dylibs/libSDL2-2.0.0.dylib (0x10ab65458) and /Users/linmuyi/miniconda3/envs/llm_gs/lib/python3.9/site-packages/cv2/.dylibs/libSDL2-2.0.0.dylib (0x1692d4a20). This may cause spurious casting failures and mysterious crashes. One of the duplicates must be removed or renamed.
objc[64222]: Class SDL_ShapeData is implemented in both /Users/linmuyi/miniconda3/envs/llm_gs/lib/python3.9/site-packages/pygame/.dylibs/libSDL2-2.0.0.dylib (0x10ab654d0) and /Users/linmuyi/miniconda3/envs/llm_gs/lib/python3.9/site-packages/cv2/.dylibs/libSDL2-2.0.0.dylib (0x1692d4a98). This may cause spurious casting failures and mysterious crashes. One of the duplicates must be removed or renamed.
objc[64222]: Class SDL_CocoaClosure is implemented in both /Users/linmuyi/miniconda3/envs/llm_gs/lib/python3.9/site-packages/pygame/.dylibs/libSDL2-2.0.0.dylib (0x10ab65520) and /Users/linmuyi/miniconda3/envs/llm_gs/lib/python3.9/site-packages/cv2/.dylibs/libSDL2-2.0.0.dylib (0x1692d4ae8). This may cause spurious casting failures and mysterious crashes. One of the duplicates must be removed or renamed.
objc[64222]: Class SDL_VideoData is implemented in both /Users/linmuyi/miniconda3/envs/llm_gs/lib/python3.9/site-packages/pygame/.dylibs/libSDL2-2.0.0.dylib (0x10ab65570) and /Users/linmuyi/miniconda3/envs/llm_gs/lib/python3.9/site-packages/cv2/.dylibs/libSDL2-2.0.0.dylib (0x1692d4b38). This may cause spurious casting failures and mysterious crashes. One of the duplicates must be removed or renamed.
objc[64222]: Class SDL_WindowData is implemented in both /Users/linmuyi/miniconda3/envs/llm_gs/lib/python3.9/site-packages/pygame/.dylibs/libSDL2-2.0.0.dylib (0x10ab655c0) and /Users/linmuyi/miniconda3/envs/llm_gs/lib/python3.9/site-packages/cv2/.dylibs/libSDL2-2.0.0.dylib (0x1692d4b88). This may cause spurious casting failures and mysterious crashes. One of the duplicates must be removed or renamed.
objc[64222]: Class SDLWindow is implemented in both /Users/linmuyi/miniconda3/envs/llm_gs/lib/python3.9/site-packages/pygame/.dylibs/libSDL2-2.0.0.dylib (0x10ab655e8) and /Users/linmuyi/miniconda3/envs/llm_gs/lib/python3.9/site-packages/cv2/.dylibs/libSDL2-2.0.0.dylib (0x1692d4bb0). This may cause spurious casting failures and mysterious crashes. One of the duplicates must be removed or renamed.
objc[64222]: Class Cocoa_WindowListener is implemented in both /Users/linmuyi/miniconda3/envs/llm_gs/lib/python3.9/site-packages/pygame/.dylibs/libSDL2-2.0.0.dylib (0x10ab65610) and /Users/linmuyi/miniconda3/envs/llm_gs/lib/python3.9/site-packages/cv2/.dylibs/libSDL2-2.0.0.dylib (0x1692d4bd8). This may cause spurious casting failures and mysterious crashes. One of the duplicates must be removed or renamed.
objc[64222]: Class SDLView is implemented in both /Users/linmuyi/miniconda3/envs/llm_gs/lib/python3.9/site-packages/pygame/.dylibs/libSDL2-2.0.0.dylib (0x10ab65688) and /Users/linmuyi/miniconda3/envs/llm_gs/lib/python3.9/site-packages/cv2/.dylibs/libSDL2-2.0.0.dylib (0x1692d4c50). This may cause spurious casting failures and mysterious crashes. One of the duplicates must be removed or renamed.
objc[64222]: Class METAL_RenderData is implemented in both /Users/linmuyi/miniconda3/envs/llm_gs/lib/python3.9/site-packages/pygame/.dylibs/libSDL2-2.0.0.dylib (0x10ab65700) and /Users/linmuyi/miniconda3/envs/llm_gs/lib/python3.9/site-packages/cv2/.dylibs/libSDL2-2.0.0.dylib (0x1692d4cc8). This may cause spurious casting failures and mysterious crashes. One of the duplicates must be removed or renamed.
objc[64222]: Class METAL_TextureData is implemented in both /Users/linmuyi/miniconda3/envs/llm_gs/lib/python3.9/site-packages/pygame/.dylibs/libSDL2-2.0.0.dylib (0x10ab65750) and /Users/linmuyi/miniconda3/envs/llm_gs/lib/python3.9/site-packages/cv2/.dylibs/libSDL2-2.0.0.dylib (0x1692d4d18). This may cause spurious casting failures and mysterious crashes. One of the duplicates must be removed or renamed.
objc[64222]: Class SDL_RumbleMotor is implemented in both /Users/linmuyi/miniconda3/envs/llm_gs/lib/python3.9/site-packages/pygame/.dylibs/libSDL2-2.0.0.dylib (0x10ab65778) and /Users/linmuyi/miniconda3/envs/llm_gs/lib/python3.9/site-packages/cv2/.dylibs/libSDL2-2.0.0.dylib (0x1692d4d40). This may cause spurious casting failures and mysterious crashes. One of the duplicates must be removed or renamed.
objc[64222]: Class SDL_RumbleContext is implemented in both /Users/linmuyi/miniconda3/envs/llm_gs/lib/python3.9/site-packages/pygame/.dylibs/libSDL2-2.0.0.dylib (0x10ab657c8) and /Users/linmuyi/miniconda3/envs/llm_gs/lib/python3.9/site-packages/cv2/.dylibs/libSDL2-2.0.0.dylib (0x1692d4d90). This may cause spurious casting failures and mysterious crashes. One of the duplicates must be removed or renamed.
  steps=  50000 held=0.01 scoring_steps=3505 (33s)
  steps= 100000 held=0.10 scoring_steps=3505 (59s)
  steps= 150000 held=0.15 scoring_steps=3505 (97s)
  steps= 200000 held=0.01 scoring_steps=3505 (143s)
  steps= 250000 held=0.01 scoring_steps=3505 (194s)
  steps= 300000 held=0.05 scoring_steps=53869 (253s)
  steps= 350000 held=0.15 scoring_steps=53869 (297s)
  steps= 400000 held=0.14 scoring_steps=53869 (324s)
  steps= 450000 held=0.32 scoring_steps=53869 (369s)
  steps= 500000 held=0.51 scoring_steps=53869 (409s)
  steps= 550000 held=0.41 scoring_steps=90496 (464s)
  steps= 600000 held=0.24 scoring_steps=90496 (506s)
  steps= 650000 held=0.32 scoring_steps=90496 (548s)
  steps= 700000 held=0.40 scoring_steps=90496 (591s)
  steps= 750000 held=0.39 scoring_steps=90496 (635s)
  steps= 800000 held=0.69 scoring_steps=131200 (687s)
  steps= 850000 held=0.51 scoring_steps=131200 (726s)
  steps= 900000 held=0.77 scoring_steps=131200 (758s)
  steps= 950000 held=0.62 scoring_steps=131200 (793s)
  steps=1000000 held=0.88 scoring_steps=131200 (824s)
  steps=1050000 held=0.72 scoring_steps=147753 (864s)
  steps=1100000 held=0.87 scoring_steps=147753 (896s)
  steps=1150000 held=0.84 scoring_steps=147753 (928s)
  steps=1200000 held=0.81 scoring_steps=147753 (959s)
  steps=1250000 held=0.91 scoring_steps=147753 (990s)
  steps=1300000 held=0.85 scoring_steps=158019 (1026s)
  steps=1350000 held=0.81 scoring_steps=158019 (1059s)
  steps=1400000 held=0.79 scoring_steps=158019 (1092s)
  steps=1450000 held=0.83 scoring_steps=158019 (1125s)
  steps=1500000 held=0.76 scoring_steps=158019 (1159s)
[sfl_grader] DONE final=0.76 scoring_steps=158019
