/Users/linmuyi/miniconda3/envs/llm_gs/lib/python3.9/site-packages/pygame/pkgdata.py:25: UserWarning: pkg_resources is deprecated as an API. See https://setuptools.pypa.io/en/latest/pkg_resources.html. The pkg_resources package is slated for removal as early as 2025-11-30. Refrain from using this package or pin to Setuptools<81.
  from pkg_resources import resource_stream, resource_exists
[sfl_grader] held-out=36
objc[78511]: Class SDLApplication is implemented in both /Users/linmuyi/miniconda3/envs/llm_gs/lib/python3.9/site-packages/pygame/.dylibs/libSDL2-2.0.0.dylib (0x10ac592c8) and /Users/linmuyi/miniconda3/envs/llm_gs/lib/python3.9/site-packages/cv2/.dylibs/libSDL2-2.0.0.dylib (0x309ba8890). This may cause spurious casting failures and mysterious crashes. One of the duplicates must be removed or renamed.
objc[78511]: Class SDLAppDelegate is implemented in both /Users/linmuyi/miniconda3/envs/llm_gs/lib/python3.9/site-packages/pygame/.dylibs/libSDL2-2.0.0.dylib (0x10ac59318) and /Users/linmuyi/miniconda3/envs/llm_gs/lib/python3.9/site-packages/cv2/.dylibs/libSDL2-2.0.0.dylib (0x309ba88e0). This may cause spurious casting failures and mysterious crashes. One of the duplicates must be removed or renamed.
objc[78511]: Class SDLTranslatorResponder is implemented in both /Users/linmuyi/miniconda3/envs/llm_gs/lib/python3.9/site-packages/pygame/.dylibs/libSDL2-2.0.0.dylib (0x10ac59390) and /Users/linmuyi/miniconda3/envs/llm_gs/lib/python3.9/site-packages/cv2/.dylibs/libSDL2-2.0.0.dylib (0x309ba8958). This may cause spurious casting failures and mysterious crashes. One of the duplicates must be removed or renamed.
objc[78511]: Class SDLMessageBoxPresenter is implemented in both /Users/linmuyi/miniconda3/envs/llm_gs/lib/python3.9/site-packages/pygame/.dylibs/libSDL2-2.0.0.dylib (0x10ac593b8) and /Users/linmuyi/miniconda3/envs/llm_gs/lib/python3.9/site-packages/cv2/.dylibs/libSDL2-2.0.0.dylib (0x309ba8980). This may cause spurious casting failures and mysterious crashes. One of the duplicates must be removed or renamed.
objc[78511]: Class SDL_cocoametalview is implemented in both /Users/linmuyi/miniconda3/envs/llm_gs/lib/python3.9/site-packages/pygame/.dylibs/libSDL2-2.0.0.dylib (0x10ac59408) and /Users/linmuyi/miniconda3/envs/llm_gs/lib/python3.9/site-packages/cv2/.dylibs/libSDL2-2.0.0.dylib (0x309ba89d0). This may cause spurious casting failures and mysterious crashes. One of the duplicates must be removed or renamed.
objc[78511]: Class SDLOpenGLContext is implemented in both /Users/linmuyi/miniconda3/envs/llm_gs/lib/python3.9/site-packages/pygame/.dylibs/libSDL2-2.0.0.dylib (0x10ac59458) and /Users/linmuyi/miniconda3/envs/llm_gs/lib/python3.9/site-packages/cv2/.dylibs/libSDL2-2.0.0.dylib (0x309ba8a20). This may cause spurious casting failures and mysterious crashes. One of the duplicates must be removed or renamed.
objc[78511]: Class SDL_ShapeData is implemented in both /Users/linmuyi/miniconda3/envs/llm_gs/lib/python3.9/site-packages/pygame/.dylibs/libSDL2-2.0.0.dylib (0x10ac594d0) and /Users/linmuyi/miniconda3/envs/llm_gs/lib/python3.9/site-packages/cv2/.dylibs/libSDL2-2.0.0.dylib (0x309ba8a98). This may cause spurious casting failures and mysterious crashes. One of the duplicates must be removed or renamed.
objc[78511]: Class SDL_CocoaClosure is implemented in both /Users/linmuyi/miniconda3/envs/llm_gs/lib/python3.9/site-packages/pygame/.dylibs/libSDL2-2.0.0.dylib (0x10ac59520) and /Users/linmuyi/miniconda3/envs/llm_gs/lib/python3.9/site-packages/cv2/.dylibs/libSDL2-2.0.0.dylib (0x309ba8ae8). This may cause spurious casting failures and mysterious crashes. One of the duplicates must be removed or renamed.
objc[78511]: Class SDL_VideoData is implemented in both /Users/linmuyi/miniconda3/envs/llm_gs/lib/python3.9/site-packages/pygame/.dylibs/libSDL2-2.0.0.dylib (0x10ac59570) and /Users/linmuyi/miniconda3/envs/llm_gs/lib/python3.9/site-packages/cv2/.dylibs/libSDL2-2.0.0.dylib (0x309ba8b38). This may cause spurious casting failures and mysterious crashes. One of the duplicates must be removed or renamed.
objc[78511]: Class SDL_WindowData is implemented in both /Users/linmuyi/miniconda3/envs/llm_gs/lib/python3.9/site-packages/pygame/.dylibs/libSDL2-2.0.0.dylib (0x10ac595c0) and /Users/linmuyi/miniconda3/envs/llm_gs/lib/python3.9/site-packages/cv2/.dylibs/libSDL2-2.0.0.dylib (0x309ba8b88). This may cause spurious casting failures and mysterious crashes. One of the duplicates must be removed or renamed.
objc[78511]: Class SDLWindow is implemented in both /Users/linmuyi/miniconda3/envs/llm_gs/lib/python3.9/site-packages/pygame/.dylibs/libSDL2-2.0.0.dylib (0x10ac595e8) and /Users/linmuyi/miniconda3/envs/llm_gs/lib/python3.9/site-packages/cv2/.dylibs/libSDL2-2.0.0.dylib (0x309ba8bb0). This may cause spurious casting failures and mysterious crashes. One of the duplicates must be removed or renamed.
objc[78511]: Class Cocoa_WindowListener is implemented in both /Users/linmuyi/miniconda3/envs/llm_gs/lib/python3.9/site-packages/pygame/.dylibs/libSDL2-2.0.0.dylib (0x10ac59610) and /Users/linmuyi/miniconda3/envs/llm_gs/lib/python3.9/site-packages/cv2/.dylibs/libSDL2-2.0.0.dylib (0x309ba8bd8). This may cause spurious casting failures and mysterious crashes. One of the duplicates must be removed or renamed.
objc[78511]: Class SDLView is implemented in both /Users/linmuyi/miniconda3/envs/llm_gs/lib/python3.9/site-packages/pygame/.dylibs/libSDL2-2.0.0.dylib (0x10ac59688) and /Users/linmuyi/miniconda3/envs/llm_gs/lib/python3.9/site-packages/cv2/.dylibs/libSDL2-2.0.0.dylib (0x309ba8c50). This may cause spurious casting failures and mysterious crashes. One of the duplicates must be removed or renamed.
objc[78511]: Class METAL_RenderData is implemented in both /Users/linmuyi/miniconda3/envs/llm_gs/lib/python3.9/site-packages/pygame/.dylibs/libSDL2-2.0.0.dylib (0x10ac59700) and /Users/linmuyi/miniconda3/envs/llm_gs/lib/python3.9/site-packages/cv2/.dylibs/libSDL2-2.0.0.dylib (0x309ba8cc8). This may cause spurious casting failures and mysterious crashes. One of the duplicates must be removed or renamed.
objc[78511]: Class METAL_TextureData is implemented in both /Users/linmuyi/miniconda3/envs/llm_gs/lib/python3.9/site-packages/pygame/.dylibs/libSDL2-2.0.0.dylib (0x10ac59750) and /Users/linmuyi/miniconda3/envs/llm_gs/lib/python3.9/site-packages/cv2/.dylibs/libSDL2-2.0.0.dylib (0x309ba8d18). This may cause spurious casting failures and mysterious crashes. One of the duplicates must be removed or renamed.
objc[78511]: Class SDL_RumbleMotor is implemented in both /Users/linmuyi/miniconda3/envs/llm_gs/lib/python3.9/site-packages/pygame/.dylibs/libSDL2-2.0.0.dylib (0x10ac59778) and /Users/linmuyi/miniconda3/envs/llm_gs/lib/python3.9/site-packages/cv2/.dylibs/libSDL2-2.0.0.dylib (0x309ba8d40). This may cause spurious casting failures and mysterious crashes. One of the duplicates must be removed or renamed.
objc[78511]: Class SDL_RumbleContext is implemented in both /Users/linmuyi/miniconda3/envs/llm_gs/lib/python3.9/site-packages/pygame/.dylibs/libSDL2-2.0.0.dylib (0x10ac597c8) and /Users/linmuyi/miniconda3/envs/llm_gs/lib/python3.9/site-packages/cv2/.dylibs/libSDL2-2.0.0.dylib (0x309ba8d90). This may cause spurious casting failures and mysterious crashes. One of the duplicates must be removed or renamed.
  steps=  50000 held=0.00 scoring_steps=7079 (37s)
  steps= 100000 held=0.01 scoring_steps=7079 (67s)
  steps= 150000 held=0.03 scoring_steps=7079 (96s)
  steps= 200000 held=0.03 scoring_steps=7079 (129s)
  steps= 250000 held=0.05 scoring_steps=7079 (168s)
  steps= 300000 held=0.02 scoring_steps=36132 (222s)
  steps= 350000 held=0.00 scoring_steps=36132 (267s)
  steps= 400000 held=0.01 scoring_steps=36132 (313s)
  steps= 450000 held=0.01 scoring_steps=36132 (357s)
  steps= 500000 held=0.06 scoring_steps=36132 (398s)
  steps= 550000 held=0.07 scoring_steps=70236 (454s)
  steps= 600000 held=0.04 scoring_steps=70236 (497s)
  steps= 650000 held=0.00 scoring_steps=70236 (544s)
  steps= 700000 held=0.01 scoring_steps=70236 (579s)
  steps= 750000 held=0.01 scoring_steps=70236 (615s)
  steps= 800000 held=0.00 scoring_steps=100427 (663s)
  steps= 850000 held=0.00 scoring_steps=100427 (708s)
  steps= 900000 held=0.00 scoring_steps=100427 (750s)
  steps= 950000 held=0.00 scoring_steps=100427 (789s)
  steps=1000000 held=0.00 scoring_steps=100427 (833s)
  steps=1050000 held=0.01 scoring_steps=129201 (872s)
  steps=1100000 held=0.00 scoring_steps=129201 (898s)
  steps=1150000 held=0.00 scoring_steps=129201 (935s)
  steps=1200000 held=0.06 scoring_steps=129201 (975s)
  steps=1250000 held=0.11 scoring_steps=129201 (1009s)
  steps=1300000 held=0.03 scoring_steps=155412 (1057s)
  steps=1350000 held=0.00 scoring_steps=155412 (1088s)
  steps=1400000 held=0.00 scoring_steps=155412 (1133s)
  steps=1450000 held=0.01 scoring_steps=155412 (1175s)
  steps=1500000 held=0.01 scoring_steps=155412 (1214s)
[sfl_grader] DONE final=0.01 scoring_steps=155412
