/Users/linmuyi/miniconda3/envs/llm_gs/lib/python3.9/site-packages/pygame/pkgdata.py:25: UserWarning: pkg_resources is deprecated as an API. See https://setuptools.pypa.io/en/latest/pkg_resources.html. The pkg_resources package is slated for removal as early as 2025-11-30. Refrain from using this package or pin to Setuptools<81.
  from pkg_resources import resource_stream, resource_exists
[sfl] held-out=36
objc[85342]: Class SDLApplication is implemented in both /Users/linmuyi/miniconda3/envs/llm_gs/lib/python3.9/site-packages/pygame/.dylibs/libSDL2-2.0.0.dylib (0x10714d2c8) and /Users/linmuyi/miniconda3/envs/llm_gs/lib/python3.9/site-packages/cv2/.dylibs/libSDL2-2.0.0.dylib (0x16b6ac890). This may cause spurious casting failures and mysterious crashes. One of the duplicates must be removed or renamed.
objc[85342]: Class SDLAppDelegate is implemented in both /Users/linmuyi/miniconda3/envs/llm_gs/lib/python3.9/site-packages/pygame/.dylibs/libSDL2-2.0.0.dylib (0x10714d318) and /Users/linmuyi/miniconda3/envs/llm_gs/lib/python3.9/site-packages/cv2/.dylibs/libSDL2-2.0.0.dylib (0x16b6ac8e0). This may cause spurious casting failures and mysterious crashes. One of the duplicates must be removed or renamed.
objc[85342]: Class SDLTranslatorResponder is implemented in both /Users/linmuyi/miniconda3/envs/llm_gs/lib/python3.9/site-packages/pygame/.dylibs/libSDL2-2.0.0.dylib (0x10714d390) and /Users/linmuyi/miniconda3/envs/llm_gs/lib/python3.9/site-packages/cv2/.dylibs/libSDL2-2.0.0.dylib (0x16b6ac958). This may cause spurious casting failures and mysterious crashes. One of the duplicates must be removed or renamed.
objc[85342]: Class SDLMessageBoxPresenter is implemented in both /Users/linmuyi/miniconda3/envs/llm_gs/lib/python3.9/site-packages/pygame/.dylibs/libSDL2-2.0.0.dylib (0x10714d3b8) and /Users/linmuyi/miniconda3/envs/llm_gs/lib/python3.9/site-packages/cv2/.dylibs/libSDL2-2.0.0.dylib (0x16b6ac980). This may cause spurious casting failures and mysterious crashes. One of the duplicates must be removed or renamed.
objc[85342]: Class SDL_cocoametalview is implemented in both /Users/linmuyi/miniconda3/envs/llm_gs/lib/python3.9/site-packages/pygame/.dylibs/libSDL2-2.0.0.dylib (0x10714d408) and /Users/linmuyi/miniconda3/envs/llm_gs/lib/python3.9/site-packages/cv2/.dylibs/libSDL2-2.0.0.dylib (0x16b6ac9d0). This may cause spurious casting failures and mysterious crashes. One of the duplicates must be removed or renamed.
objc[85342]: Class SDLOpenGLContext is implemented in both /Users/linmuyi/miniconda3/envs/llm_gs/lib/python3.9/site-packages/pygame/.dylibs/libSDL2-2.0.0.dylib (0x10714d458) and /Users/linmuyi/miniconda3/envs/llm_gs/lib/python3.9/site-packages/cv2/.dylibs/libSDL2-2.0.0.dylib (0x16b6aca20). This may cause spurious casting failures and mysterious crashes. One of the duplicates must be removed or renamed.
objc[85342]: Class SDL_ShapeData is implemented in both /Users/linmuyi/miniconda3/envs/llm_gs/lib/python3.9/site-packages/pygame/.dylibs/libSDL2-2.0.0.dylib (0x10714d4d0) and /Users/linmuyi/miniconda3/envs/llm_gs/lib/python3.9/site-packages/cv2/.dylibs/libSDL2-2.0.0.dylib (0x16b6aca98). This may cause spurious casting failures and mysterious crashes. One of the duplicates must be removed or renamed.
objc[85342]: Class SDL_CocoaClosure is implemented in both /Users/linmuyi/miniconda3/envs/llm_gs/lib/python3.9/site-packages/pygame/.dylibs/libSDL2-2.0.0.dylib (0x10714d520) and /Users/linmuyi/miniconda3/envs/llm_gs/lib/python3.9/site-packages/cv2/.dylibs/libSDL2-2.0.0.dylib (0x16b6acae8). This may cause spurious casting failures and mysterious crashes. One of the duplicates must be removed or renamed.
objc[85342]: Class SDL_VideoData is implemented in both /Users/linmuyi/miniconda3/envs/llm_gs/lib/python3.9/site-packages/pygame/.dylibs/libSDL2-2.0.0.dylib (0x10714d570) and /Users/linmuyi/miniconda3/envs/llm_gs/lib/python3.9/site-packages/cv2/.dylibs/libSDL2-2.0.0.dylib (0x16b6acb38). This may cause spurious casting failures and mysterious crashes. One of the duplicates must be removed or renamed.
objc[85342]: Class SDL_WindowData is implemented in both /Users/linmuyi/miniconda3/envs/llm_gs/lib/python3.9/site-packages/pygame/.dylibs/libSDL2-2.0.0.dylib (0x10714d5c0) and /Users/linmuyi/miniconda3/envs/llm_gs/lib/python3.9/site-packages/cv2/.dylibs/libSDL2-2.0.0.dylib (0x16b6acb88). This may cause spurious casting failures and mysterious crashes. One of the duplicates must be removed or renamed.
objc[85342]: Class SDLWindow is implemented in both /Users/linmuyi/miniconda3/envs/llm_gs/lib/python3.9/site-packages/pygame/.dylibs/libSDL2-2.0.0.dylib (0x10714d5e8) and /Users/linmuyi/miniconda3/envs/llm_gs/lib/python3.9/site-packages/cv2/.dylibs/libSDL2-2.0.0.dylib (0x16b6acbb0). This may cause spurious casting failures and mysterious crashes. One of the duplicates must be removed or renamed.
objc[85342]: Class Cocoa_WindowListener is implemented in both /Users/linmuyi/miniconda3/envs/llm_gs/lib/python3.9/site-packages/pygame/.dylibs/libSDL2-2.0.0.dylib (0x10714d610) and /Users/linmuyi/miniconda3/envs/llm_gs/lib/python3.9/site-packages/cv2/.dylibs/libSDL2-2.0.0.dylib (0x16b6acbd8). This may cause spurious casting failures and mysterious crashes. One of the duplicates must be removed or renamed.
objc[85342]: Class SDLView is implemented in both /Users/linmuyi/miniconda3/envs/llm_gs/lib/python3.9/site-packages/pygame/.dylibs/libSDL2-2.0.0.dylib (0x10714d688) and /Users/linmuyi/miniconda3/envs/llm_gs/lib/python3.9/site-packages/cv2/.dylibs/libSDL2-2.0.0.dylib (0x16b6acc50). This may cause spurious casting failures and mysterious crashes. One of the duplicates must be removed or renamed.
objc[85342]: Class METAL_RenderData is implemented in both /Users/linmuyi/miniconda3/envs/llm_gs/lib/python3.9/site-packages/pygame/.dylibs/libSDL2-2.0.0.dylib (0x10714d700) and /Users/linmuyi/miniconda3/envs/llm_gs/lib/python3.9/site-packages/cv2/.dylibs/libSDL2-2.0.0.dylib (0x16b6accc8). This may cause spurious casting failures and mysterious crashes. One of the duplicates must be removed or renamed.
objc[85342]: Class METAL_TextureData is implemented in both /Users/linmuyi/miniconda3/envs/llm_gs/lib/python3.9/site-packages/pygame/.dylibs/libSDL2-2.0.0.dylib (0x10714d750) and /Users/linmuyi/miniconda3/envs/llm_gs/lib/python3.9/site-packages/cv2/.dylibs/libSDL2-2.0.0.dylib (0x16b6acd18). This may cause spurious casting failures and mysterious crashes. One of the duplicates must be removed or renamed.
objc[85342]: Class SDL_RumbleMotor is implemented in both /Users/linmuyi/miniconda3/envs/llm_gs/lib/python3.9/site-packages/pygame/.dylibs/libSDL2-2.0.0.dylib (0x10714d778) and /Users/linmuyi/miniconda3/envs/llm_gs/lib/python3.9/site-packages/cv2/.dylibs/libSDL2-2.0.0.dylib (0x16b6acd40). This may cause spurious casting failures and mysterious crashes. One of the duplicates must be removed or renamed.
objc[85342]: Class SDL_RumbleContext is implemented in both /Users/linmuyi/miniconda3/envs/llm_gs/lib/python3.9/site-packages/pygame/.dylibs/libSDL2-2.0.0.dylib (0x10714d7c8) and /Users/linmuyi/miniconda3/envs/llm_gs/lib/python3.9/site-packages/cv2/.dylibs/libSDL2-2.0.0.dylib (0x16b6acd90). This may cause spurious casting failures and mysterious crashes. One of the duplicates must be removed or renamed.
  steps=  50000 held=0.00 scoring_steps=27180 (61s)
  steps= 100000 held=0.01 scoring_steps=27180 (102s)
  steps= 150000 held=0.00 scoring_steps=27180 (143s)
  steps= 200000 held=0.01 scoring_steps=27180 (194s)
  steps= 250000 held=0.09 scoring_steps=27180 (240s)
  steps= 300000 held=0.02 scoring_steps=102153 (356s)
  steps= 350000 held=0.00 scoring_steps=102153 (441s)
  steps= 400000 held=0.05 scoring_steps=102153 (520s)
  steps= 450000 held=0.02 scoring_steps=102153 (595s)
  steps= 500000 held=0.02 scoring_steps=102153 (659s)
  steps= 550000 held=0.00 scoring_steps=267188 (807s)
  steps= 600000 held=0.00 scoring_steps=267188 (857s)
  steps= 650000 held=0.00 scoring_steps=267188 (915s)
  steps= 700000 held=0.00 scoring_steps=267188 (994s)
  steps= 750000 held=0.00 scoring_steps=267188 (1073s)
  steps= 800000 held=0.00 scoring_steps=517908 (1257s)
  steps= 850000 held=0.00 scoring_steps=517908 (1320s)
  steps= 900000 held=0.00 scoring_steps=517908 (1381s)
  steps= 950000 held=0.00 scoring_steps=517908 (5215s)
  steps=1000000 held=0.00 scoring_steps=517908 (16049s)
  steps=1050000 held=0.00 scoring_steps=747015 (18303s)
  steps=1100000 held=0.00 scoring_steps=747015 (18379s)
  steps=1150000 held=0.00 scoring_steps=747015 (18456s)
  steps=1200000 held=0.00 scoring_steps=747015 (18531s)
  steps=1250000 held=0.00 scoring_steps=747015 (18603s)
  steps=1300000 held=0.00 scoring_steps=918590 (18765s)
  steps=1350000 held=0.00 scoring_steps=918590 (18865s)
  steps=1400000 held=0.00 scoring_steps=918590 (18968s)
  steps=1450000 held=0.00 scoring_steps=918590 (19059s)
  steps=1500000 held=0.01 scoring_steps=918590 (19135s)
[sfl] DONE final=0.01 scoring_steps=918590
