/Users/linmuyi/miniconda3/envs/llm_gs/lib/python3.9/site-packages/pygame/pkgdata.py:25: UserWarning: pkg_resources is deprecated as an API. See https://setuptools.pypa.io/en/latest/pkg_resources.html. The pkg_resources package is slated for removal as early as 2025-11-30. Refrain from using this package or pin to Setuptools<81.
  from pkg_resources import resource_stream, resource_exists
[sfl] held-out=36
objc[63362]: Class SDLApplication is implemented in both /Users/linmuyi/miniconda3/envs/llm_gs/lib/python3.9/site-packages/pygame/.dylibs/libSDL2-2.0.0.dylib (0x1076e92c8) and /Users/linmuyi/miniconda3/envs/llm_gs/lib/python3.9/site-packages/cv2/.dylibs/libSDL2-2.0.0.dylib (0x16992c890). This may cause spurious casting failures and mysterious crashes. One of the duplicates must be removed or renamed.
objc[63362]: Class SDLAppDelegate is implemented in both /Users/linmuyi/miniconda3/envs/llm_gs/lib/python3.9/site-packages/pygame/.dylibs/libSDL2-2.0.0.dylib (0x1076e9318) and /Users/linmuyi/miniconda3/envs/llm_gs/lib/python3.9/site-packages/cv2/.dylibs/libSDL2-2.0.0.dylib (0x16992c8e0). This may cause spurious casting failures and mysterious crashes. One of the duplicates must be removed or renamed.
objc[63362]: Class SDLTranslatorResponder is implemented in both /Users/linmuyi/miniconda3/envs/llm_gs/lib/python3.9/site-packages/pygame/.dylibs/libSDL2-2.0.0.dylib (0x1076e9390) and /Users/linmuyi/miniconda3/envs/llm_gs/lib/python3.9/site-packages/cv2/.dylibs/libSDL2-2.0.0.dylib (0x16992c958). This may cause spurious casting failures and mysterious crashes. One of the duplicates must be removed or renamed.
objc[63362]: Class SDLMessageBoxPresenter is implemented in both /Users/linmuyi/miniconda3/envs/llm_gs/lib/python3.9/site-packages/pygame/.dylibs/libSDL2-2.0.0.dylib (0x1076e93b8) and /Users/linmuyi/miniconda3/envs/llm_gs/lib/python3.9/site-packages/cv2/.dylibs/libSDL2-2.0.0.dylib (0x16992c980). This may cause spurious casting failures and mysterious crashes. One of the duplicates must be removed or renamed.
objc[63362]: Class SDL_cocoametalview is implemented in both /Users/linmuyi/miniconda3/envs/llm_gs/lib/python3.9/site-packages/pygame/.dylibs/libSDL2-2.0.0.dylib (0x1076e9408) and /Users/linmuyi/miniconda3/envs/llm_gs/lib/python3.9/site-packages/cv2/.dylibs/libSDL2-2.0.0.dylib (0x16992c9d0). This may cause spurious casting failures and mysterious crashes. One of the duplicates must be removed or renamed.
objc[63362]: Class SDLOpenGLContext is implemented in both /Users/linmuyi/miniconda3/envs/llm_gs/lib/python3.9/site-packages/pygame/.dylibs/libSDL2-2.0.0.dylib (0x1076e9458) and /Users/linmuyi/miniconda3/envs/llm_gs/lib/python3.9/site-packages/cv2/.dylibs/libSDL2-2.0.0.dylib (0x16992ca20). This may cause spurious casting failures and mysterious crashes. One of the duplicates must be removed or renamed.
objc[63362]: Class SDL_ShapeData is implemented in both /Users/linmuyi/miniconda3/envs/llm_gs/lib/python3.9/site-packages/pygame/.dylibs/libSDL2-2.0.0.dylib (0x1076e94d0) and /Users/linmuyi/miniconda3/envs/llm_gs/lib/python3.9/site-packages/cv2/.dylibs/libSDL2-2.0.0.dylib (0x16992ca98). This may cause spurious casting failures and mysterious crashes. One of the duplicates must be removed or renamed.
objc[63362]: Class SDL_CocoaClosure is implemented in both /Users/linmuyi/miniconda3/envs/llm_gs/lib/python3.9/site-packages/pygame/.dylibs/libSDL2-2.0.0.dylib (0x1076e9520) and /Users/linmuyi/miniconda3/envs/llm_gs/lib/python3.9/site-packages/cv2/.dylibs/libSDL2-2.0.0.dylib (0x16992cae8). This may cause spurious casting failures and mysterious crashes. One of the duplicates must be removed or renamed.
objc[63362]: Class SDL_VideoData is implemented in both /Users/linmuyi/miniconda3/envs/llm_gs/lib/python3.9/site-packages/pygame/.dylibs/libSDL2-2.0.0.dylib (0x1076e9570) and /Users/linmuyi/miniconda3/envs/llm_gs/lib/python3.9/site-packages/cv2/.dylibs/libSDL2-2.0.0.dylib (0x16992cb38). This may cause spurious casting failures and mysterious crashes. One of the duplicates must be removed or renamed.
objc[63362]: Class SDL_WindowData is implemented in both /Users/linmuyi/miniconda3/envs/llm_gs/lib/python3.9/site-packages/pygame/.dylibs/libSDL2-2.0.0.dylib (0x1076e95c0) and /Users/linmuyi/miniconda3/envs/llm_gs/lib/python3.9/site-packages/cv2/.dylibs/libSDL2-2.0.0.dylib (0x16992cb88). This may cause spurious casting failures and mysterious crashes. One of the duplicates must be removed or renamed.
objc[63362]: Class SDLWindow is implemented in both /Users/linmuyi/miniconda3/envs/llm_gs/lib/python3.9/site-packages/pygame/.dylibs/libSDL2-2.0.0.dylib (0x1076e95e8) and /Users/linmuyi/miniconda3/envs/llm_gs/lib/python3.9/site-packages/cv2/.dylibs/libSDL2-2.0.0.dylib (0x16992cbb0). This may cause spurious casting failures and mysterious crashes. One of the duplicates must be removed or renamed.
objc[63362]: Class Cocoa_WindowListener is implemented in both /Users/linmuyi/miniconda3/envs/llm_gs/lib/python3.9/site-packages/pygame/.dylibs/libSDL2-2.0.0.dylib (0x1076e9610) and /Users/linmuyi/miniconda3/envs/llm_gs/lib/python3.9/site-packages/cv2/.dylibs/libSDL2-2.0.0.dylib (0x16992cbd8). This may cause spurious casting failures and mysterious crashes. One of the duplicates must be removed or renamed.
objc[63362]: Class SDLView is implemented in both /Users/linmuyi/miniconda3/envs/llm_gs/lib/python3.9/site-packages/pygame/.dylibs/libSDL2-2.0.0.dylib (0x1076e9688) and /Users/linmuyi/miniconda3/envs/llm_gs/lib/python3.9/site-packages/cv2/.dylibs/libSDL2-2.0.0.dylib (0x16992cc50). This may cause spurious casting failures and mysterious crashes. One of the duplicates must be removed or renamed.
objc[63362]: Class METAL_RenderData is implemented in both /Users/linmuyi/miniconda3/envs/llm_gs/lib/python3.9/site-packages/pygame/.dylibs/libSDL2-2.0.0.dylib (0x1076e9700) and /Users/linmuyi/miniconda3/envs/llm_gs/lib/python3.9/site-packages/cv2/.dylibs/libSDL2-2.0.0.dylib (0x16992ccc8). This may cause spurious casting failures and mysterious crashes. One of the duplicates must be removed or renamed.
objc[63362]: Class METAL_TextureData is implemented in both /Users/linmuyi/miniconda3/envs/llm_gs/lib/python3.9/site-packages/pygame/.dylibs/libSDL2-2.0.0.dylib (0x1076e9750) and /Users/linmuyi/miniconda3/envs/llm_gs/lib/python3.9/site-packages/cv2/.dylibs/libSDL2-2.0.0.dylib (0x16992cd18). This may cause spurious casting failures and mysterious crashes. One of the duplicates must be removed or renamed.
objc[63362]: Class SDL_RumbleMotor is implemented in both /Users/linmuyi/miniconda3/envs/llm_gs/lib/python3.9/site-packages/pygame/.dylibs/libSDL2-2.0.0.dylib (0x1076e9778) and /Users/linmuyi/miniconda3/envs/llm_gs/lib/python3.9/site-packages/cv2/.dylibs/libSDL2-2.0.0.dylib (0x16992cd40). This may cause spurious casting failures and mysterious crashes. One of the duplicates must be removed or renamed.
objc[63362]: Class SDL_RumbleContext is implemented in both /Users/linmuyi/miniconda3/envs/llm_gs/lib/python3.9/site-packages/pygame/.dylibs/libSDL2-2.0.0.dylib (0x1076e97c8) and /Users/linmuyi/miniconda3/envs/llm_gs/lib/python3.9/site-packages/cv2/.dylibs/libSDL2-2.0.0.dylib (0x16992cd90). This may cause spurious casting failures and mysterious crashes. One of the duplicates must be removed or renamed.
  steps=  50000 held=0.00 scoring_steps=49050 (44s)
  steps= 100000 held=0.00 scoring_steps=49050 (74s)
  steps= 150000 held=0.00 scoring_steps=49050 (110s)
  steps= 200000 held=0.00 scoring_steps=49050 (146s)
  steps= 250000 held=0.00 scoring_steps=49050 (182s)
  steps= 300000 held=0.01 scoring_steps=181527 (259s)
  steps= 350000 held=0.00 scoring_steps=181527 (300s)
  steps= 400000 held=0.00 scoring_steps=181527 (345s)
  steps= 450000 held=0.01 scoring_steps=181527 (390s)
  steps= 500000 held=0.00 scoring_steps=181527 (440s)
  steps= 550000 held=0.00 scoring_steps=439391 (563s)
  steps= 600000 held=0.00 scoring_steps=439391 (616s)
  steps= 650000 held=0.00 scoring_steps=439391 (666s)
  steps= 700000 held=0.01 scoring_steps=439391 (717s)
  steps= 750000 held=0.00 scoring_steps=439391 (769s)
  steps= 800000 held=0.00 scoring_steps=752652 (909s)
  steps= 850000 held=0.00 scoring_steps=752652 (960s)
  steps= 900000 held=0.00 scoring_steps=752652 (1008s)
  steps= 950000 held=0.01 scoring_steps=752652 (1056s)
  steps=1000000 held=0.00 scoring_steps=752652 (1106s)
  steps=1050000 held=0.01 scoring_steps=1016949 (1228s)
  steps=1100000 held=0.00 scoring_steps=1016949 (1277s)
  steps=1150000 held=0.01 scoring_steps=1016949 (1324s)
  steps=1200000 held=0.00 scoring_steps=1016949 (1376s)
  steps=1250000 held=0.00 scoring_steps=1016949 (1428s)
  steps=1300000 held=0.00 scoring_steps=1266188 (1546s)
  steps=1350000 held=0.00 scoring_steps=1266188 (1575s)
  steps=1400000 held=0.02 scoring_steps=1266188 (1606s)
  steps=1450000 held=0.00 scoring_steps=1266188 (1656s)
  steps=1500000 held=0.00 scoring_steps=1266188 (1705s)
[sfl] DONE final=0.00 scoring_steps=1266188
