/Users/linmuyi/miniconda3/envs/llm_gs/lib/python3.9/site-packages/pygame/pkgdata.py:25: UserWarning: pkg_resources is deprecated as an API. See https://setuptools.pypa.io/en/latest/pkg_resources.html. The pkg_resources package is slated for removal as early as 2025-11-30. Refrain from using this package or pin to Setuptools<81.
  from pkg_resources import resource_stream, resource_exists
[sfl_grader] held-out=36
objc[12843]: Class SDLApplication is implemented in both /Users/linmuyi/miniconda3/envs/llm_gs/lib/python3.9/site-packages/pygame/.dylibs/libSDL2-2.0.0.dylib (0x10bb612c8) and /Users/linmuyi/miniconda3/envs/llm_gs/lib/python3.9/site-packages/cv2/.dylibs/libSDL2-2.0.0.dylib (0x31ec98890). This may cause spurious casting failures and mysterious crashes. One of the duplicates must be removed or renamed.
objc[12843]: Class SDLAppDelegate is implemented in both /Users/linmuyi/miniconda3/envs/llm_gs/lib/python3.9/site-packages/pygame/.dylibs/libSDL2-2.0.0.dylib (0x10bb61318) and /Users/linmuyi/miniconda3/envs/llm_gs/lib/python3.9/site-packages/cv2/.dylibs/libSDL2-2.0.0.dylib (0x31ec988e0). This may cause spurious casting failures and mysterious crashes. One of the duplicates must be removed or renamed.
objc[12843]: Class SDLTranslatorResponder is implemented in both /Users/linmuyi/miniconda3/envs/llm_gs/lib/python3.9/site-packages/pygame/.dylibs/libSDL2-2.0.0.dylib (0x10bb61390) and /Users/linmuyi/miniconda3/envs/llm_gs/lib/python3.9/site-packages/cv2/.dylibs/libSDL2-2.0.0.dylib (0x31ec98958). This may cause spurious casting failures and mysterious crashes. One of the duplicates must be removed or renamed.
objc[12843]: Class SDLMessageBoxPresenter is implemented in both /Users/linmuyi/miniconda3/envs/llm_gs/lib/python3.9/site-packages/pygame/.dylibs/libSDL2-2.0.0.dylib (0x10bb613b8) and /Users/linmuyi/miniconda3/envs/llm_gs/lib/python3.9/site-packages/cv2/.dylibs/libSDL2-2.0.0.dylib (0x31ec98980). This may cause spurious casting failures and mysterious crashes. One of the duplicates must be removed or renamed.
objc[12843]: Class SDL_cocoametalview is implemented in both /Users/linmuyi/miniconda3/envs/llm_gs/lib/python3.9/site-packages/pygame/.dylibs/libSDL2-2.0.0.dylib (0x10bb61408) and /Users/linmuyi/miniconda3/envs/llm_gs/lib/python3.9/site-packages/cv2/.dylibs/libSDL2-2.0.0.dylib (0x31ec989d0). This may cause spurious casting failures and mysterious crashes. One of the duplicates must be removed or renamed.
objc[12843]: Class SDLOpenGLContext is implemented in both /Users/linmuyi/miniconda3/envs/llm_gs/lib/python3.9/site-packages/pygame/.dylibs/libSDL2-2.0.0.dylib (0x10bb61458) and /Users/linmuyi/miniconda3/envs/llm_gs/lib/python3.9/site-packages/cv2/.dylibs/libSDL2-2.0.0.dylib (0x31ec98a20). This may cause spurious casting failures and mysterious crashes. One of the duplicates must be removed or renamed.
objc[12843]: Class SDL_ShapeData is implemented in both /Users/linmuyi/miniconda3/envs/llm_gs/lib/python3.9/site-packages/pygame/.dylibs/libSDL2-2.0.0.dylib (0x10bb614d0) and /Users/linmuyi/miniconda3/envs/llm_gs/lib/python3.9/site-packages/cv2/.dylibs/libSDL2-2.0.0.dylib (0x31ec98a98). This may cause spurious casting failures and mysterious crashes. One of the duplicates must be removed or renamed.
objc[12843]: Class SDL_CocoaClosure is implemented in both /Users/linmuyi/miniconda3/envs/llm_gs/lib/python3.9/site-packages/pygame/.dylibs/libSDL2-2.0.0.dylib (0x10bb61520) and /Users/linmuyi/miniconda3/envs/llm_gs/lib/python3.9/site-packages/cv2/.dylibs/libSDL2-2.0.0.dylib (0x31ec98ae8). This may cause spurious casting failures and mysterious crashes. One of the duplicates must be removed or renamed.
objc[12843]: Class SDL_VideoData is implemented in both /Users/linmuyi/miniconda3/envs/llm_gs/lib/python3.9/site-packages/pygame/.dylibs/libSDL2-2.0.0.dylib (0x10bb61570) and /Users/linmuyi/miniconda3/envs/llm_gs/lib/python3.9/site-packages/cv2/.dylibs/libSDL2-2.0.0.dylib (0x31ec98b38). This may cause spurious casting failures and mysterious crashes. One of the duplicates must be removed or renamed.
objc[12843]: Class SDL_WindowData is implemented in both /Users/linmuyi/miniconda3/envs/llm_gs/lib/python3.9/site-packages/pygame/.dylibs/libSDL2-2.0.0.dylib (0x10bb615c0) and /Users/linmuyi/miniconda3/envs/llm_gs/lib/python3.9/site-packages/cv2/.dylibs/libSDL2-2.0.0.dylib (0x31ec98b88). This may cause spurious casting failures and mysterious crashes. One of the duplicates must be removed or renamed.
objc[12843]: Class SDLWindow is implemented in both /Users/linmuyi/miniconda3/envs/llm_gs/lib/python3.9/site-packages/pygame/.dylibs/libSDL2-2.0.0.dylib (0x10bb615e8) and /Users/linmuyi/miniconda3/envs/llm_gs/lib/python3.9/site-packages/cv2/.dylibs/libSDL2-2.0.0.dylib (0x31ec98bb0). This may cause spurious casting failures and mysterious crashes. One of the duplicates must be removed or renamed.
objc[12843]: Class Cocoa_WindowListener is implemented in both /Users/linmuyi/miniconda3/envs/llm_gs/lib/python3.9/site-packages/pygame/.dylibs/libSDL2-2.0.0.dylib (0x10bb61610) and /Users/linmuyi/miniconda3/envs/llm_gs/lib/python3.9/site-packages/cv2/.dylibs/libSDL2-2.0.0.dylib (0x31ec98bd8). This may cause spurious casting failures and mysterious crashes. One of the duplicates must be removed or renamed.
objc[12843]: Class SDLView is implemented in both /Users/linmuyi/miniconda3/envs/llm_gs/lib/python3.9/site-packages/pygame/.dylibs/libSDL2-2.0.0.dylib (0x10bb61688) and /Users/linmuyi/miniconda3/envs/llm_gs/lib/python3.9/site-packages/cv2/.dylibs/libSDL2-2.0.0.dylib (0x31ec98c50). This may cause spurious casting failures and mysterious crashes. One of the duplicates must be removed or renamed.
objc[12843]: Class METAL_RenderData is implemented in both /Users/linmuyi/miniconda3/envs/llm_gs/lib/python3.9/site-packages/pygame/.dylibs/libSDL2-2.0.0.dylib (0x10bb61700) and /Users/linmuyi/miniconda3/envs/llm_gs/lib/python3.9/site-packages/cv2/.dylibs/libSDL2-2.0.0.dylib (0x31ec98cc8). This may cause spurious casting failures and mysterious crashes. One of the duplicates must be removed or renamed.
objc[12843]: Class METAL_TextureData is implemented in both /Users/linmuyi/miniconda3/envs/llm_gs/lib/python3.9/site-packages/pygame/.dylibs/libSDL2-2.0.0.dylib (0x10bb61750) and /Users/linmuyi/miniconda3/envs/llm_gs/lib/python3.9/site-packages/cv2/.dylibs/libSDL2-2.0.0.dylib (0x31ec98d18). This may cause spurious casting failures and mysterious crashes. One of the duplicates must be removed or renamed.
objc[12843]: Class SDL_RumbleMotor is implemented in both /Users/linmuyi/miniconda3/envs/llm_gs/lib/python3.9/site-packages/pygame/.dylibs/libSDL2-2.0.0.dylib (0x10bb61778) and /Users/linmuyi/miniconda3/envs/llm_gs/lib/python3.9/site-packages/cv2/.dylibs/libSDL2-2.0.0.dylib (0x31ec98d40). This may cause spurious casting failures and mysterious crashes. One of the duplicates must be removed or renamed.
objc[12843]: Class SDL_RumbleContext is implemented in both /Users/linmuyi/miniconda3/envs/llm_gs/lib/python3.9/site-packages/pygame/.dylibs/libSDL2-2.0.0.dylib (0x10bb617c8) and /Users/linmuyi/miniconda3/envs/llm_gs/lib/python3.9/site-packages/cv2/.dylibs/libSDL2-2.0.0.dylib (0x31ec98d90). This may cause spurious casting failures and mysterious crashes. One of the duplicates must be removed or renamed.
  steps=  50000 held=0.00 scoring_steps=7295 (60s)
  steps= 100000 held=0.00 scoring_steps=7295 (112s)
  steps= 150000 held=0.00 scoring_steps=7295 (167s)
  steps= 200000 held=0.00 scoring_steps=7295 (218s)
  steps= 250000 held=0.01 scoring_steps=7295 (272s)
  steps= 300000 held=0.01 scoring_steps=26947 (336s)
  steps= 350000 held=0.13 scoring_steps=26947 (388s)
  steps= 400000 held=0.00 scoring_steps=26947 (458s)
  steps= 450000 held=0.00 scoring_steps=26947 (510s)
  steps= 500000 held=0.00 scoring_steps=26947 (562s)
  steps= 550000 held=0.00 scoring_steps=71149 (625s)
  steps= 600000 held=0.00 scoring_steps=71149 (663s)
  steps= 650000 held=0.01 scoring_steps=71149 (707s)
  steps= 700000 held=0.00 scoring_steps=71149 (745s)
  steps= 750000 held=0.01 scoring_steps=71149 (779s)
  steps= 800000 held=0.03 scoring_steps=88437 (828s)
  steps= 850000 held=0.00 scoring_steps=88437 (873s)
  steps= 900000 held=0.01 scoring_steps=88437 (920s)
  steps= 950000 held=0.00 scoring_steps=88437 (972s)
  steps=1000000 held=0.00 scoring_steps=88437 (1024s)
  steps=1050000 held=0.00 scoring_steps=147086 (1095s)
  steps=1100000 held=0.00 scoring_steps=147086 (1146s)
  steps=1150000 held=0.00 scoring_steps=147086 (1197s)
  steps=1200000 held=0.10 scoring_steps=147086 (1245s)
  steps=1250000 held=0.03 scoring_steps=147086 (1295s)
  steps=1300000 held=0.10 scoring_steps=200064 (1342s)
  steps=1350000 held=0.03 scoring_steps=200064 (1387s)
  steps=1400000 held=0.06 scoring_steps=200064 (1430s)
  steps=1450000 held=0.01 scoring_steps=200064 (1470s)
  steps=1500000 held=0.00 scoring_steps=200064 (1506s)
[sfl_grader] DONE final=0.00 scoring_steps=200064
