/Users/linmuyi/miniconda3/envs/llm_gs/lib/python3.9/site-packages/pygame/pkgdata.py:25: UserWarning: pkg_resources is deprecated as an API. See https://setuptools.pypa.io/en/latest/pkg_resources.html. The pkg_resources package is slated for removal as early as 2025-11-30. Refrain from using this package or pin to Setuptools<81.
  from pkg_resources import resource_stream, resource_exists
[sfl_small] held-out=36
objc[56752]: Class SDLApplication is implemented in both /Users/linmuyi/miniconda3/envs/llm_gs/lib/python3.9/site-packages/pygame/.dylibs/libSDL2-2.0.0.dylib (0x10794d2c8) and /Users/linmuyi/miniconda3/envs/llm_gs/lib/python3.9/site-packages/cv2/.dylibs/libSDL2-2.0.0.dylib (0x138c1c890). This may cause spurious casting failures and mysterious crashes. One of the duplicates must be removed or renamed.
objc[56752]: Class SDLAppDelegate is implemented in both /Users/linmuyi/miniconda3/envs/llm_gs/lib/python3.9/site-packages/pygame/.dylibs/libSDL2-2.0.0.dylib (0x10794d318) and /Users/linmuyi/miniconda3/envs/llm_gs/lib/python3.9/site-packages/cv2/.dylibs/libSDL2-2.0.0.dylib (0x138c1c8e0). This may cause spurious casting failures and mysterious crashes. One of the duplicates must be removed or renamed.
objc[56752]: Class SDLTranslatorResponder is implemented in both /Users/linmuyi/miniconda3/envs/llm_gs/lib/python3.9/site-packages/pygame/.dylibs/libSDL2-2.0.0.dylib (0x10794d390) and /Users/linmuyi/miniconda3/envs/llm_gs/lib/python3.9/site-packages/cv2/.dylibs/libSDL2-2.0.0.dylib (0x138c1c958). This may cause spurious casting failures and mysterious crashes. One of the duplicates must be removed or renamed.
objc[56752]: Class SDLMessageBoxPresenter is implemented in both /Users/linmuyi/miniconda3/envs/llm_gs/lib/python3.9/site-packages/pygame/.dylibs/libSDL2-2.0.0.dylib (0x10794d3b8) and /Users/linmuyi/miniconda3/envs/llm_gs/lib/python3.9/site-packages/cv2/.dylibs/libSDL2-2.0.0.dylib (0x138c1c980). This may cause spurious casting failures and mysterious crashes. One of the duplicates must be removed or renamed.
objc[56752]: Class SDL_cocoametalview is implemented in both /Users/linmuyi/miniconda3/envs/llm_gs/lib/python3.9/site-packages/pygame/.dylibs/libSDL2-2.0.0.dylib (0x10794d408) and /Users/linmuyi/miniconda3/envs/llm_gs/lib/python3.9/site-packages/cv2/.dylibs/libSDL2-2.0.0.dylib (0x138c1c9d0). This may cause spurious casting failures and mysterious crashes. One of the duplicates must be removed or renamed.
objc[56752]: Class SDLOpenGLContext is implemented in both /Users/linmuyi/miniconda3/envs/llm_gs/lib/python3.9/site-packages/pygame/.dylibs/libSDL2-2.0.0.dylib (0x10794d458) and /Users/linmuyi/miniconda3/envs/llm_gs/lib/python3.9/site-packages/cv2/.dylibs/libSDL2-2.0.0.dylib (0x138c1ca20). This may cause spurious casting failures and mysterious crashes. One of the duplicates must be removed or renamed.
objc[56752]: Class SDL_ShapeData is implemented in both /Users/linmuyi/miniconda3/envs/llm_gs/lib/python3.9/site-packages/pygame/.dylibs/libSDL2-2.0.0.dylib (0x10794d4d0) and /Users/linmuyi/miniconda3/envs/llm_gs/lib/python3.9/site-packages/cv2/.dylibs/libSDL2-2.0.0.dylib (0x138c1ca98). This may cause spurious casting failures and mysterious crashes. One of the duplicates must be removed or renamed.
objc[56752]: Class SDL_CocoaClosure is implemented in both /Users/linmuyi/miniconda3/envs/llm_gs/lib/python3.9/site-packages/pygame/.dylibs/libSDL2-2.0.0.dylib (0x10794d520) and /Users/linmuyi/miniconda3/envs/llm_gs/lib/python3.9/site-packages/cv2/.dylibs/libSDL2-2.0.0.dylib (0x138c1cae8). This may cause spurious casting failures and mysterious crashes. One of the duplicates must be removed or renamed.
objc[56752]: Class SDL_VideoData is implemented in both /Users/linmuyi/miniconda3/envs/llm_gs/lib/python3.9/site-packages/pygame/.dylibs/libSDL2-2.0.0.dylib (0x10794d570) and /Users/linmuyi/miniconda3/envs/llm_gs/lib/python3.9/site-packages/cv2/.dylibs/libSDL2-2.0.0.dylib (0x138c1cb38). This may cause spurious casting failures and mysterious crashes. One of the duplicates must be removed or renamed.
objc[56752]: Class SDL_WindowData is implemented in both /Users/linmuyi/miniconda3/envs/llm_gs/lib/python3.9/site-packages/pygame/.dylibs/libSDL2-2.0.0.dylib (0x10794d5c0) and /Users/linmuyi/miniconda3/envs/llm_gs/lib/python3.9/site-packages/cv2/.dylibs/libSDL2-2.0.0.dylib (0x138c1cb88). This may cause spurious casting failures and mysterious crashes. One of the duplicates must be removed or renamed.
objc[56752]: Class SDLWindow is implemented in both /Users/linmuyi/miniconda3/envs/llm_gs/lib/python3.9/site-packages/pygame/.dylibs/libSDL2-2.0.0.dylib (0x10794d5e8) and /Users/linmuyi/miniconda3/envs/llm_gs/lib/python3.9/site-packages/cv2/.dylibs/libSDL2-2.0.0.dylib (0x138c1cbb0). This may cause spurious casting failures and mysterious crashes. One of the duplicates must be removed or renamed.
objc[56752]: Class Cocoa_WindowListener is implemented in both /Users/linmuyi/miniconda3/envs/llm_gs/lib/python3.9/site-packages/pygame/.dylibs/libSDL2-2.0.0.dylib (0x10794d610) and /Users/linmuyi/miniconda3/envs/llm_gs/lib/python3.9/site-packages/cv2/.dylibs/libSDL2-2.0.0.dylib (0x138c1cbd8). This may cause spurious casting failures and mysterious crashes. One of the duplicates must be removed or renamed.
objc[56752]: Class SDLView is implemented in both /Users/linmuyi/miniconda3/envs/llm_gs/lib/python3.9/site-packages/pygame/.dylibs/libSDL2-2.0.0.dylib (0x10794d688) and /Users/linmuyi/miniconda3/envs/llm_gs/lib/python3.9/site-packages/cv2/.dylibs/libSDL2-2.0.0.dylib (0x138c1cc50). This may cause spurious casting failures and mysterious crashes. One of the duplicates must be removed or renamed.
objc[56752]: Class METAL_RenderData is implemented in both /Users/linmuyi/miniconda3/envs/llm_gs/lib/python3.9/site-packages/pygame/.dylibs/libSDL2-2.0.0.dylib (0x10794d700) and /Users/linmuyi/miniconda3/envs/llm_gs/lib/python3.9/site-packages/cv2/.dylibs/libSDL2-2.0.0.dylib (0x138c1ccc8). This may cause spurious casting failures and mysterious crashes. One of the duplicates must be removed or renamed.
objc[56752]: Class METAL_TextureData is implemented in both /Users/linmuyi/miniconda3/envs/llm_gs/lib/python3.9/site-packages/pygame/.dylibs/libSDL2-2.0.0.dylib (0x10794d750) and /Users/linmuyi/miniconda3/envs/llm_gs/lib/python3.9/site-packages/cv2/.dylibs/libSDL2-2.0.0.dylib (0x138c1cd18). This may cause spurious casting failures and mysterious crashes. One of the duplicates must be removed or renamed.
objc[56752]: Class SDL_RumbleMotor is implemented in both /Users/linmuyi/miniconda3/envs/llm_gs/lib/python3.9/site-packages/pygame/.dylibs/libSDL2-2.0.0.dylib (0x10794d778) and /Users/linmuyi/miniconda3/envs/llm_gs/lib/python3.9/site-packages/cv2/.dylibs/libSDL2-2.0.0.dylib (0x138c1cd40). This may cause spurious casting failures and mysterious crashes. One of the duplicates must be removed or renamed.
objc[56752]: Class SDL_RumbleContext is implemented in both /Users/linmuyi/miniconda3/envs/llm_gs/lib/python3.9/site-packages/pygame/.dylibs/libSDL2-2.0.0.dylib (0x10794d7c8) and /Users/linmuyi/miniconda3/envs/llm_gs/lib/python3.9/site-packages/cv2/.dylibs/libSDL2-2.0.0.dylib (0x138c1cd90). This may cause spurious casting failures and mysterious crashes. One of the duplicates must be removed or renamed.
  steps=  50000 held=0.00 scoring_steps=7406 (35s)
  steps= 100000 held=0.00 scoring_steps=7406 (69s)
  steps= 150000 held=0.00 scoring_steps=7406 (109s)
  steps= 200000 held=0.01 scoring_steps=7406 (143s)
  steps= 250000 held=0.03 scoring_steps=7406 (175s)
  steps= 300000 held=0.00 scoring_steps=22863 (210s)
  steps= 350000 held=0.00 scoring_steps=22863 (246s)
  steps= 400000 held=0.00 scoring_steps=22863 (272s)
  steps= 450000 held=0.00 scoring_steps=22863 (300s)
  steps= 500000 held=0.00 scoring_steps=22863 (336s)
  steps= 550000 held=0.00 scoring_steps=41190 (385s)
  steps= 600000 held=0.00 scoring_steps=41190 (432s)
  steps= 650000 held=0.01 scoring_steps=41190 (472s)
  steps= 700000 held=0.00 scoring_steps=41190 (506s)
  steps= 750000 held=0.04 scoring_steps=41190 (541s)
  steps= 800000 held=0.01 scoring_steps=61916 (595s)
  steps= 850000 held=0.04 scoring_steps=61916 (640s)
  steps= 900000 held=0.13 scoring_steps=61916 (674s)
  steps= 950000 held=0.08 scoring_steps=61916 (717s)
  steps=1000000 held=0.14 scoring_steps=61916 (756s)
  steps=1050000 held=0.03 scoring_steps=101434 (814s)
  steps=1100000 held=0.00 scoring_steps=101434 (863s)
  steps=1150000 held=0.00 scoring_steps=101434 (910s)
  steps=1200000 held=0.00 scoring_steps=101434 (957s)
  steps=1250000 held=0.01 scoring_steps=101434 (999s)
  steps=1300000 held=0.00 scoring_steps=133474 (1055s)
  steps=1350000 held=0.03 scoring_steps=133474 (1100s)
  steps=1400000 held=0.01 scoring_steps=133474 (1147s)
  steps=1450000 held=0.01 scoring_steps=133474 (1195s)
  steps=1500000 held=0.00 scoring_steps=133474 (1242s)
[sfl_small] DONE final=0.00 scoring_steps=133474
