/Users/linmuyi/miniconda3/envs/llm_gs/lib/python3.9/site-packages/pygame/pkgdata.py:25: UserWarning: pkg_resources is deprecated as an API. See https://setuptools.pypa.io/en/latest/pkg_resources.html. The pkg_resources package is slated for removal as early as 2025-11-30. Refrain from using this package or pin to Setuptools<81.
  from pkg_resources import resource_stream, resource_exists
[sfl] held-out=36
objc[70965]: Class SDLApplication is implemented in both /Users/linmuyi/miniconda3/envs/llm_gs/lib/python3.9/site-packages/pygame/.dylibs/libSDL2-2.0.0.dylib (0x1135212c8) and /Users/linmuyi/miniconda3/envs/llm_gs/lib/python3.9/site-packages/cv2/.dylibs/libSDL2-2.0.0.dylib (0x17a438890). This may cause spurious casting failures and mysterious crashes. One of the duplicates must be removed or renamed.
objc[70965]: Class SDLAppDelegate is implemented in both /Users/linmuyi/miniconda3/envs/llm_gs/lib/python3.9/site-packages/pygame/.dylibs/libSDL2-2.0.0.dylib (0x113521318) and /Users/linmuyi/miniconda3/envs/llm_gs/lib/python3.9/site-packages/cv2/.dylibs/libSDL2-2.0.0.dylib (0x17a4388e0). This may cause spurious casting failures and mysterious crashes. One of the duplicates must be removed or renamed.
objc[70965]: Class SDLTranslatorResponder is implemented in both /Users/linmuyi/miniconda3/envs/llm_gs/lib/python3.9/site-packages/pygame/.dylibs/libSDL2-2.0.0.dylib (0x113521390) and /Users/linmuyi/miniconda3/envs/llm_gs/lib/python3.9/site-packages/cv2/.dylibs/libSDL2-2.0.0.dylib (0x17a438958). This may cause spurious casting failures and mysterious crashes. One of the duplicates must be removed or renamed.
objc[70965]: Class SDLMessageBoxPresenter is implemented in both /Users/linmuyi/miniconda3/envs/llm_gs/lib/python3.9/site-packages/pygame/.dylibs/libSDL2-2.0.0.dylib (0x1135213b8) and /Users/linmuyi/miniconda3/envs/llm_gs/lib/python3.9/site-packages/cv2/.dylibs/libSDL2-2.0.0.dylib (0x17a438980). This may cause spurious casting failures and mysterious crashes. One of the duplicates must be removed or renamed.
objc[70965]: Class SDL_cocoametalview is implemented in both /Users/linmuyi/miniconda3/envs/llm_gs/lib/python3.9/site-packages/pygame/.dylibs/libSDL2-2.0.0.dylib (0x113521408) and /Users/linmuyi/miniconda3/envs/llm_gs/lib/python3.9/site-packages/cv2/.dylibs/libSDL2-2.0.0.dylib (0x17a4389d0). This may cause spurious casting failures and mysterious crashes. One of the duplicates must be removed or renamed.
objc[70965]: Class SDLOpenGLContext is implemented in both /Users/linmuyi/miniconda3/envs/llm_gs/lib/python3.9/site-packages/pygame/.dylibs/libSDL2-2.0.0.dylib (0x113521458) and /Users/linmuyi/miniconda3/envs/llm_gs/lib/python3.9/site-packages/cv2/.dylibs/libSDL2-2.0.0.dylib (0x17a438a20). This may cause spurious casting failures and mysterious crashes. One of the duplicates must be removed or renamed.
objc[70965]: Class SDL_ShapeData is implemented in both /Users/linmuyi/miniconda3/envs/llm_gs/lib/python3.9/site-packages/pygame/.dylibs/libSDL2-2.0.0.dylib (0x1135214d0) and /Users/linmuyi/miniconda3/envs/llm_gs/lib/python3.9/site-packages/cv2/.dylibs/libSDL2-2.0.0.dylib (0x17a438a98). This may cause spurious casting failures and mysterious crashes. One of the duplicates must be removed or renamed.
objc[70965]: Class SDL_CocoaClosure is implemented in both /Users/linmuyi/miniconda3/envs/llm_gs/lib/python3.9/site-packages/pygame/.dylibs/libSDL2-2.0.0.dylib (0x113521520) and /Users/linmuyi/miniconda3/envs/llm_gs/lib/python3.9/site-packages/cv2/.dylibs/libSDL2-2.0.0.dylib (0x17a438ae8). This may cause spurious casting failures and mysterious crashes. One of the duplicates must be removed or renamed.
objc[70965]: Class SDL_VideoData is implemented in both /Users/linmuyi/miniconda3/envs/llm_gs/lib/python3.9/site-packages/pygame/.dylibs/libSDL2-2.0.0.dylib (0x113521570) and /Users/linmuyi/miniconda3/envs/llm_gs/lib/python3.9/site-packages/cv2/.dylibs/libSDL2-2.0.0.dylib (0x17a438b38). This may cause spurious casting failures and mysterious crashes. One of the duplicates must be removed or renamed.
objc[70965]: Class SDL_WindowData is implemented in both /Users/linmuyi/miniconda3/envs/llm_gs/lib/python3.9/site-packages/pygame/.dylibs/libSDL2-2.0.0.dylib (0x1135215c0) and /Users/linmuyi/miniconda3/envs/llm_gs/lib/python3.9/site-packages/cv2/.dylibs/libSDL2-2.0.0.dylib (0x17a438b88). This may cause spurious casting failures and mysterious crashes. One of the duplicates must be removed or renamed.
objc[70965]: Class SDLWindow is implemented in both /Users/linmuyi/miniconda3/envs/llm_gs/lib/python3.9/site-packages/pygame/.dylibs/libSDL2-2.0.0.dylib (0x1135215e8) and /Users/linmuyi/miniconda3/envs/llm_gs/lib/python3.9/site-packages/cv2/.dylibs/libSDL2-2.0.0.dylib (0x17a438bb0). This may cause spurious casting failures and mysterious crashes. One of the duplicates must be removed or renamed.
objc[70965]: Class Cocoa_WindowListener is implemented in both /Users/linmuyi/miniconda3/envs/llm_gs/lib/python3.9/site-packages/pygame/.dylibs/libSDL2-2.0.0.dylib (0x113521610) and /Users/linmuyi/miniconda3/envs/llm_gs/lib/python3.9/site-packages/cv2/.dylibs/libSDL2-2.0.0.dylib (0x17a438bd8). This may cause spurious casting failures and mysterious crashes. One of the duplicates must be removed or renamed.
objc[70965]: Class SDLView is implemented in both /Users/linmuyi/miniconda3/envs/llm_gs/lib/python3.9/site-packages/pygame/.dylibs/libSDL2-2.0.0.dylib (0x113521688) and /Users/linmuyi/miniconda3/envs/llm_gs/lib/python3.9/site-packages/cv2/.dylibs/libSDL2-2.0.0.dylib (0x17a438c50). This may cause spurious casting failures and mysterious crashes. One of the duplicates must be removed or renamed.
objc[70965]: Class METAL_RenderData is implemented in both /Users/linmuyi/miniconda3/envs/llm_gs/lib/python3.9/site-packages/pygame/.dylibs/libSDL2-2.0.0.dylib (0x113521700) and /Users/linmuyi/miniconda3/envs/llm_gs/lib/python3.9/site-packages/cv2/.dylibs/libSDL2-2.0.0.dylib (0x17a438cc8). This may cause spurious casting failures and mysterious crashes. One of the duplicates must be removed or renamed.
objc[70965]: Class METAL_TextureData is implemented in both /Users/linmuyi/miniconda3/envs/llm_gs/lib/python3.9/site-packages/pygame/.dylibs/libSDL2-2.0.0.dylib (0x113521750) and /Users/linmuyi/miniconda3/envs/llm_gs/lib/python3.9/site-packages/cv2/.dylibs/libSDL2-2.0.0.dylib (0x17a438d18). This may cause spurious casting failures and mysterious crashes. One of the duplicates must be removed or renamed.
objc[70965]: Class SDL_RumbleMotor is implemented in both /Users/linmuyi/miniconda3/envs/llm_gs/lib/python3.9/site-packages/pygame/.dylibs/libSDL2-2.0.0.dylib (0x113521778) and /Users/linmuyi/miniconda3/envs/llm_gs/lib/python3.9/site-packages/cv2/.dylibs/libSDL2-2.0.0.dylib (0x17a438d40). This may cause spurious casting failures and mysterious crashes. One of the duplicates must be removed or renamed.
objc[70965]: Class SDL_RumbleContext is implemented in both /Users/linmuyi/miniconda3/envs/llm_gs/lib/python3.9/site-packages/pygame/.dylibs/libSDL2-2.0.0.dylib (0x1135217c8) and /Users/linmuyi/miniconda3/envs/llm_gs/lib/python3.9/site-packages/cv2/.dylibs/libSDL2-2.0.0.dylib (0x17a438d90). This may cause spurious casting failures and mysterious crashes. One of the duplicates must be removed or renamed.
  steps=  50000 held=0.00 scoring_steps=36667 (40s)
  steps= 100000 held=0.01 scoring_steps=36667 (67s)
  steps= 150000 held=0.00 scoring_steps=36667 (95s)
  steps= 200000 held=0.00 scoring_steps=36667 (128s)
  steps= 250000 held=0.00 scoring_steps=36667 (155s)
  steps= 300000 held=0.00 scoring_steps=69514 (197s)
  steps= 350000 held=0.00 scoring_steps=69514 (229s)
  steps= 400000 held=0.00 scoring_steps=69514 (259s)
  steps= 450000 held=0.00 scoring_steps=69514 (302s)
  steps= 500000 held=0.01 scoring_steps=69514 (340s)
  steps= 550000 held=0.00 scoring_steps=234663 (436s)
  steps= 600000 held=0.01 scoring_steps=234663 (483s)
  steps= 650000 held=0.00 scoring_steps=234663 (532s)
  steps= 700000 held=0.01 scoring_steps=234663 (580s)
  steps= 750000 held=0.00 scoring_steps=234663 (631s)
  steps= 800000 held=0.01 scoring_steps=502287 (751s)
  steps= 850000 held=0.00 scoring_steps=502287 (797s)
  steps= 900000 held=0.01 scoring_steps=502287 (831s)
  steps= 950000 held=0.00 scoring_steps=502287 (881s)
  steps=1000000 held=0.03 scoring_steps=502287 (921s)
  steps=1050000 held=0.00 scoring_steps=699259 (1023s)
  steps=1100000 held=0.12 scoring_steps=699259 (1053s)
  steps=1150000 held=0.00 scoring_steps=699259 (1100s)
  steps=1200000 held=0.00 scoring_steps=699259 (1137s)
  steps=1250000 held=0.00 scoring_steps=699259 (1179s)
  steps=1300000 held=0.00 scoring_steps=886355 (1272s)
  steps=1350000 held=0.00 scoring_steps=886355 (1312s)
  steps=1400000 held=0.00 scoring_steps=886355 (1359s)
  steps=1450000 held=0.00 scoring_steps=886355 (1406s)
  steps=1500000 held=0.00 scoring_steps=886355 (1451s)
[sfl] DONE final=0.00 scoring_steps=886355
