/Users/linmuyi/miniconda3/envs/llm_gs/lib/python3.9/site-packages/pygame/pkgdata.py:25: UserWarning: pkg_resources is deprecated as an API. See https://setuptools.pypa.io/en/latest/pkg_resources.html. The pkg_resources package is slated for removal as early as 2025-11-30. Refrain from using this package or pin to Setuptools<81.
  from pkg_resources import resource_stream, resource_exists
[sfl_grader] held-out=36
objc[56739]: Class SDLApplication is implemented in both /Users/linmuyi/miniconda3/envs/llm_gs/lib/python3.9/site-packages/pygame/.dylibs/libSDL2-2.0.0.dylib (0x10d3612c8) and /Users/linmuyi/miniconda3/envs/llm_gs/lib/python3.9/site-packages/cv2/.dylibs/libSDL2-2.0.0.dylib (0x309564890). This may cause spurious casting failures and mysterious crashes. One of the duplicates must be removed or renamed.
objc[56739]: Class SDLAppDelegate is implemented in both /Users/linmuyi/miniconda3/envs/llm_gs/lib/python3.9/site-packages/pygame/.dylibs/libSDL2-2.0.0.dylib (0x10d361318) and /Users/linmuyi/miniconda3/envs/llm_gs/lib/python3.9/site-packages/cv2/.dylibs/libSDL2-2.0.0.dylib (0x3095648e0). This may cause spurious casting failures and mysterious crashes. One of the duplicates must be removed or renamed.
objc[56739]: Class SDLTranslatorResponder is implemented in both /Users/linmuyi/miniconda3/envs/llm_gs/lib/python3.9/site-packages/pygame/.dylibs/libSDL2-2.0.0.dylib (0x10d361390) and /Users/linmuyi/miniconda3/envs/llm_gs/lib/python3.9/site-packages/cv2/.dylibs/libSDL2-2.0.0.dylib (0x309564958). This may cause spurious casting failures and mysterious crashes. One of the duplicates must be removed or renamed.
objc[56739]: Class SDLMessageBoxPresenter is implemented in both /Users/linmuyi/miniconda3/envs/llm_gs/lib/python3.9/site-packages/pygame/.dylibs/libSDL2-2.0.0.dylib (0x10d3613b8) and /Users/linmuyi/miniconda3/envs/llm_gs/lib/python3.9/site-packages/cv2/.dylibs/libSDL2-2.0.0.dylib (0x309564980). This may cause spurious casting failures and mysterious crashes. One of the duplicates must be removed or renamed.
objc[56739]: Class SDL_cocoametalview is implemented in both /Users/linmuyi/miniconda3/envs/llm_gs/lib/python3.9/site-packages/pygame/.dylibs/libSDL2-2.0.0.dylib (0x10d361408) and /Users/linmuyi/miniconda3/envs/llm_gs/lib/python3.9/site-packages/cv2/.dylibs/libSDL2-2.0.0.dylib (0x3095649d0). This may cause spurious casting failures and mysterious crashes. One of the duplicates must be removed or renamed.
objc[56739]: Class SDLOpenGLContext is implemented in both /Users/linmuyi/miniconda3/envs/llm_gs/lib/python3.9/site-packages/pygame/.dylibs/libSDL2-2.0.0.dylib (0x10d361458) and /Users/linmuyi/miniconda3/envs/llm_gs/lib/python3.9/site-packages/cv2/.dylibs/libSDL2-2.0.0.dylib (0x309564a20). This may cause spurious casting failures and mysterious crashes. One of the duplicates must be removed or renamed.
objc[56739]: Class SDL_ShapeData is implemented in both /Users/linmuyi/miniconda3/envs/llm_gs/lib/python3.9/site-packages/pygame/.dylibs/libSDL2-2.0.0.dylib (0x10d3614d0) and /Users/linmuyi/miniconda3/envs/llm_gs/lib/python3.9/site-packages/cv2/.dylibs/libSDL2-2.0.0.dylib (0x309564a98). This may cause spurious casting failures and mysterious crashes. One of the duplicates must be removed or renamed.
objc[56739]: Class SDL_CocoaClosure is implemented in both /Users/linmuyi/miniconda3/envs/llm_gs/lib/python3.9/site-packages/pygame/.dylibs/libSDL2-2.0.0.dylib (0x10d361520) and /Users/linmuyi/miniconda3/envs/llm_gs/lib/python3.9/site-packages/cv2/.dylibs/libSDL2-2.0.0.dylib (0x309564ae8). This may cause spurious casting failures and mysterious crashes. One of the duplicates must be removed or renamed.
objc[56739]: Class SDL_VideoData is implemented in both /Users/linmuyi/miniconda3/envs/llm_gs/lib/python3.9/site-packages/pygame/.dylibs/libSDL2-2.0.0.dylib (0x10d361570) and /Users/linmuyi/miniconda3/envs/llm_gs/lib/python3.9/site-packages/cv2/.dylibs/libSDL2-2.0.0.dylib (0x309564b38). This may cause spurious casting failures and mysterious crashes. One of the duplicates must be removed or renamed.
objc[56739]: Class SDL_WindowData is implemented in both /Users/linmuyi/miniconda3/envs/llm_gs/lib/python3.9/site-packages/pygame/.dylibs/libSDL2-2.0.0.dylib (0x10d3615c0) and /Users/linmuyi/miniconda3/envs/llm_gs/lib/python3.9/site-packages/cv2/.dylibs/libSDL2-2.0.0.dylib (0x309564b88). This may cause spurious casting failures and mysterious crashes. One of the duplicates must be removed or renamed.
objc[56739]: Class SDLWindow is implemented in both /Users/linmuyi/miniconda3/envs/llm_gs/lib/python3.9/site-packages/pygame/.dylibs/libSDL2-2.0.0.dylib (0x10d3615e8) and /Users/linmuyi/miniconda3/envs/llm_gs/lib/python3.9/site-packages/cv2/.dylibs/libSDL2-2.0.0.dylib (0x309564bb0). This may cause spurious casting failures and mysterious crashes. One of the duplicates must be removed or renamed.
objc[56739]: Class Cocoa_WindowListener is implemented in both /Users/linmuyi/miniconda3/envs/llm_gs/lib/python3.9/site-packages/pygame/.dylibs/libSDL2-2.0.0.dylib (0x10d361610) and /Users/linmuyi/miniconda3/envs/llm_gs/lib/python3.9/site-packages/cv2/.dylibs/libSDL2-2.0.0.dylib (0x309564bd8). This may cause spurious casting failures and mysterious crashes. One of the duplicates must be removed or renamed.
objc[56739]: Class SDLView is implemented in both /Users/linmuyi/miniconda3/envs/llm_gs/lib/python3.9/site-packages/pygame/.dylibs/libSDL2-2.0.0.dylib (0x10d361688) and /Users/linmuyi/miniconda3/envs/llm_gs/lib/python3.9/site-packages/cv2/.dylibs/libSDL2-2.0.0.dylib (0x309564c50). This may cause spurious casting failures and mysterious crashes. One of the duplicates must be removed or renamed.
objc[56739]: Class METAL_RenderData is implemented in both /Users/linmuyi/miniconda3/envs/llm_gs/lib/python3.9/site-packages/pygame/.dylibs/libSDL2-2.0.0.dylib (0x10d361700) and /Users/linmuyi/miniconda3/envs/llm_gs/lib/python3.9/site-packages/cv2/.dylibs/libSDL2-2.0.0.dylib (0x309564cc8). This may cause spurious casting failures and mysterious crashes. One of the duplicates must be removed or renamed.
objc[56739]: Class METAL_TextureData is implemented in both /Users/linmuyi/miniconda3/envs/llm_gs/lib/python3.9/site-packages/pygame/.dylibs/libSDL2-2.0.0.dylib (0x10d361750) and /Users/linmuyi/miniconda3/envs/llm_gs/lib/python3.9/site-packages/cv2/.dylibs/libSDL2-2.0.0.dylib (0x309564d18). This may cause spurious casting failures and mysterious crashes. One of the duplicates must be removed or renamed.
objc[56739]: Class SDL_RumbleMotor is implemented in both /Users/linmuyi/miniconda3/envs/llm_gs/lib/python3.9/site-packages/pygame/.dylibs/libSDL2-2.0.0.dylib (0x10d361778) and /Users/linmuyi/miniconda3/envs/llm_gs/lib/python3.9/site-packages/cv2/.dylibs/libSDL2-2.0.0.dylib (0x309564d40). This may cause spurious casting failures and mysterious crashes. One of the duplicates must be removed or renamed.
objc[56739]: Class SDL_RumbleContext is implemented in both /Users/linmuyi/miniconda3/envs/llm_gs/lib/python3.9/site-packages/pygame/.dylibs/libSDL2-2.0.0.dylib (0x10d3617c8) and /Users/linmuyi/miniconda3/envs/llm_gs/lib/python3.9/site-packages/cv2/.dylibs/libSDL2-2.0.0.dylib (0x309564d90). This may cause spurious casting failures and mysterious crashes. One of the duplicates must be removed or renamed.
  steps=  50000 held=0.03 scoring_steps=7406 (33s)
  steps= 100000 held=0.00 scoring_steps=7406 (65s)
  steps= 150000 held=0.00 scoring_steps=7406 (101s)
  steps= 200000 held=0.00 scoring_steps=7406 (137s)
  steps= 250000 held=0.00 scoring_steps=7406 (175s)
  steps= 300000 held=0.01 scoring_steps=37155 (211s)
  steps= 350000 held=0.00 scoring_steps=37155 (239s)
  steps= 400000 held=0.00 scoring_steps=37155 (263s)
  steps= 450000 held=0.00 scoring_steps=37155 (298s)
  steps= 500000 held=0.01 scoring_steps=37155 (334s)
  steps= 550000 held=0.01 scoring_steps=59311 (377s)
  steps= 600000 held=0.01 scoring_steps=59311 (414s)
  steps= 650000 held=0.00 scoring_steps=59311 (450s)
  steps= 700000 held=0.04 scoring_steps=59311 (486s)
  steps= 750000 held=0.00 scoring_steps=59311 (520s)
  steps= 800000 held=0.01 scoring_steps=94918 (559s)
  steps= 850000 held=0.04 scoring_steps=94918 (590s)
  steps= 900000 held=0.03 scoring_steps=94918 (622s)
  steps= 950000 held=0.00 scoring_steps=94918 (669s)
  steps=1000000 held=0.12 scoring_steps=94918 (719s)
  steps=1050000 held=0.12 scoring_steps=151805 (785s)
  steps=1100000 held=0.20 scoring_steps=151805 (832s)
  steps=1150000 held=0.49 scoring_steps=151805 (873s)
  steps=1200000 held=0.51 scoring_steps=151805 (914s)
  steps=1250000 held=0.63 scoring_steps=151805 (951s)
  steps=1300000 held=0.37 scoring_steps=182599 (1003s)
  steps=1350000 held=0.38 scoring_steps=182599 (1048s)
  steps=1400000 held=0.47 scoring_steps=182599 (1093s)
  steps=1450000 held=0.63 scoring_steps=182599 (1131s)
  steps=1500000 held=0.60 scoring_steps=182599 (1170s)
[sfl_grader] DONE final=0.60 scoring_steps=182599
