/Users/linmuyi/miniconda3/envs/llm_gs/lib/python3.9/site-packages/pygame/pkgdata.py:25: UserWarning: pkg_resources is deprecated as an API. See https://setuptools.pypa.io/en/latest/pkg_resources.html. The pkg_resources package is slated for removal as early as 2025-11-30. Refrain from using this package or pin to Setuptools<81.
  from pkg_resources import resource_stream, resource_exists
[sfl] held-out=36
objc[56747]: Class SDLApplication is implemented in both /Users/linmuyi/miniconda3/envs/llm_gs/lib/python3.9/site-packages/pygame/.dylibs/libSDL2-2.0.0.dylib (0x108a892c8) and /Users/linmuyi/miniconda3/envs/llm_gs/lib/python3.9/site-packages/cv2/.dylibs/libSDL2-2.0.0.dylib (0x17a6b0890). This may cause spurious casting failures and mysterious crashes. One of the duplicates must be removed or renamed.
objc[56747]: Class SDLAppDelegate is implemented in both /Users/linmuyi/miniconda3/envs/llm_gs/lib/python3.9/site-packages/pygame/.dylibs/libSDL2-2.0.0.dylib (0x108a89318) and /Users/linmuyi/miniconda3/envs/llm_gs/lib/python3.9/site-packages/cv2/.dylibs/libSDL2-2.0.0.dylib (0x17a6b08e0). This may cause spurious casting failures and mysterious crashes. One of the duplicates must be removed or renamed.
objc[56747]: Class SDLTranslatorResponder is implemented in both /Users/linmuyi/miniconda3/envs/llm_gs/lib/python3.9/site-packages/pygame/.dylibs/libSDL2-2.0.0.dylib (0x108a89390) and /Users/linmuyi/miniconda3/envs/llm_gs/lib/python3.9/site-packages/cv2/.dylibs/libSDL2-2.0.0.dylib (0x17a6b0958). This may cause spurious casting failures and mysterious crashes. One of the duplicates must be removed or renamed.
objc[56747]: Class SDLMessageBoxPresenter is implemented in both /Users/linmuyi/miniconda3/envs/llm_gs/lib/python3.9/site-packages/pygame/.dylibs/libSDL2-2.0.0.dylib (0x108a893b8) and /Users/linmuyi/miniconda3/envs/llm_gs/lib/python3.9/site-packages/cv2/.dylibs/libSDL2-2.0.0.dylib (0x17a6b0980). This may cause spurious casting failures and mysterious crashes. One of the duplicates must be removed or renamed.
objc[56747]: Class SDL_cocoametalview is implemented in both /Users/linmuyi/miniconda3/envs/llm_gs/lib/python3.9/site-packages/pygame/.dylibs/libSDL2-2.0.0.dylib (0x108a89408) and /Users/linmuyi/miniconda3/envs/llm_gs/lib/python3.9/site-packages/cv2/.dylibs/libSDL2-2.0.0.dylib (0x17a6b09d0). This may cause spurious casting failures and mysterious crashes. One of the duplicates must be removed or renamed.
objc[56747]: Class SDLOpenGLContext is implemented in both /Users/linmuyi/miniconda3/envs/llm_gs/lib/python3.9/site-packages/pygame/.dylibs/libSDL2-2.0.0.dylib (0x108a89458) and /Users/linmuyi/miniconda3/envs/llm_gs/lib/python3.9/site-packages/cv2/.dylibs/libSDL2-2.0.0.dylib (0x17a6b0a20). This may cause spurious casting failures and mysterious crashes. One of the duplicates must be removed or renamed.
objc[56747]: Class SDL_ShapeData is implemented in both /Users/linmuyi/miniconda3/envs/llm_gs/lib/python3.9/site-packages/pygame/.dylibs/libSDL2-2.0.0.dylib (0x108a894d0) and /Users/linmuyi/miniconda3/envs/llm_gs/lib/python3.9/site-packages/cv2/.dylibs/libSDL2-2.0.0.dylib (0x17a6b0a98). This may cause spurious casting failures and mysterious crashes. One of the duplicates must be removed or renamed.
objc[56747]: Class SDL_CocoaClosure is implemented in both /Users/linmuyi/miniconda3/envs/llm_gs/lib/python3.9/site-packages/pygame/.dylibs/libSDL2-2.0.0.dylib (0x108a89520) and /Users/linmuyi/miniconda3/envs/llm_gs/lib/python3.9/site-packages/cv2/.dylibs/libSDL2-2.0.0.dylib (0x17a6b0ae8). This may cause spurious casting failures and mysterious crashes. One of the duplicates must be removed or renamed.
objc[56747]: Class SDL_VideoData is implemented in both /Users/linmuyi/miniconda3/envs/llm_gs/lib/python3.9/site-packages/pygame/.dylibs/libSDL2-2.0.0.dylib (0x108a89570) and /Users/linmuyi/miniconda3/envs/llm_gs/lib/python3.9/site-packages/cv2/.dylibs/libSDL2-2.0.0.dylib (0x17a6b0b38). This may cause spurious casting failures and mysterious crashes. One of the duplicates must be removed or renamed.
objc[56747]: Class SDL_WindowData is implemented in both /Users/linmuyi/miniconda3/envs/llm_gs/lib/python3.9/site-packages/pygame/.dylibs/libSDL2-2.0.0.dylib (0x108a895c0) and /Users/linmuyi/miniconda3/envs/llm_gs/lib/python3.9/site-packages/cv2/.dylibs/libSDL2-2.0.0.dylib (0x17a6b0b88). This may cause spurious casting failures and mysterious crashes. One of the duplicates must be removed or renamed.
objc[56747]: Class SDLWindow is implemented in both /Users/linmuyi/miniconda3/envs/llm_gs/lib/python3.9/site-packages/pygame/.dylibs/libSDL2-2.0.0.dylib (0x108a895e8) and /Users/linmuyi/miniconda3/envs/llm_gs/lib/python3.9/site-packages/cv2/.dylibs/libSDL2-2.0.0.dylib (0x17a6b0bb0). This may cause spurious casting failures and mysterious crashes. One of the duplicates must be removed or renamed.
objc[56747]: Class Cocoa_WindowListener is implemented in both /Users/linmuyi/miniconda3/envs/llm_gs/lib/python3.9/site-packages/pygame/.dylibs/libSDL2-2.0.0.dylib (0x108a89610) and /Users/linmuyi/miniconda3/envs/llm_gs/lib/python3.9/site-packages/cv2/.dylibs/libSDL2-2.0.0.dylib (0x17a6b0bd8). This may cause spurious casting failures and mysterious crashes. One of the duplicates must be removed or renamed.
objc[56747]: Class SDLView is implemented in both /Users/linmuyi/miniconda3/envs/llm_gs/lib/python3.9/site-packages/pygame/.dylibs/libSDL2-2.0.0.dylib (0x108a89688) and /Users/linmuyi/miniconda3/envs/llm_gs/lib/python3.9/site-packages/cv2/.dylibs/libSDL2-2.0.0.dylib (0x17a6b0c50). This may cause spurious casting failures and mysterious crashes. One of the duplicates must be removed or renamed.
objc[56747]: Class METAL_RenderData is implemented in both /Users/linmuyi/miniconda3/envs/llm_gs/lib/python3.9/site-packages/pygame/.dylibs/libSDL2-2.0.0.dylib (0x108a89700) and /Users/linmuyi/miniconda3/envs/llm_gs/lib/python3.9/site-packages/cv2/.dylibs/libSDL2-2.0.0.dylib (0x17a6b0cc8). This may cause spurious casting failures and mysterious crashes. One of the duplicates must be removed or renamed.
objc[56747]: Class METAL_TextureData is implemented in both /Users/linmuyi/miniconda3/envs/llm_gs/lib/python3.9/site-packages/pygame/.dylibs/libSDL2-2.0.0.dylib (0x108a89750) and /Users/linmuyi/miniconda3/envs/llm_gs/lib/python3.9/site-packages/cv2/.dylibs/libSDL2-2.0.0.dylib (0x17a6b0d18). This may cause spurious casting failures and mysterious crashes. One of the duplicates must be removed or renamed.
objc[56747]: Class SDL_RumbleMotor is implemented in both /Users/linmuyi/miniconda3/envs/llm_gs/lib/python3.9/site-packages/pygame/.dylibs/libSDL2-2.0.0.dylib (0x108a89778) and /Users/linmuyi/miniconda3/envs/llm_gs/lib/python3.9/site-packages/cv2/.dylibs/libSDL2-2.0.0.dylib (0x17a6b0d40). This may cause spurious casting failures and mysterious crashes. One of the duplicates must be removed or renamed.
objc[56747]: Class SDL_RumbleContext is implemented in both /Users/linmuyi/miniconda3/envs/llm_gs/lib/python3.9/site-packages/pygame/.dylibs/libSDL2-2.0.0.dylib (0x108a897c8) and /Users/linmuyi/miniconda3/envs/llm_gs/lib/python3.9/site-packages/cv2/.dylibs/libSDL2-2.0.0.dylib (0x17a6b0d90). This may cause spurious casting failures and mysterious crashes. One of the duplicates must be removed or renamed.
  steps=  50000 held=0.01 scoring_steps=36756 (37s)
  steps= 100000 held=0.00 scoring_steps=36756 (62s)
  steps= 150000 held=0.00 scoring_steps=36756 (87s)
  steps= 200000 held=0.00 scoring_steps=36756 (112s)
  steps= 250000 held=0.00 scoring_steps=36756 (137s)
  steps= 300000 held=0.03 scoring_steps=39952 (166s)
  steps= 350000 held=0.12 scoring_steps=39952 (207s)
  steps= 400000 held=0.14 scoring_steps=39952 (245s)
  steps= 450000 held=0.13 scoring_steps=39952 (291s)
  steps= 500000 held=0.22 scoring_steps=39952 (333s)
  steps= 550000 held=0.50 scoring_steps=262444 (435s)
  steps= 600000 held=0.55 scoring_steps=262444 (473s)
  steps= 650000 held=0.59 scoring_steps=262444 (511s)
  steps= 700000 held=0.64 scoring_steps=262444 (548s)
  steps= 750000 held=0.36 scoring_steps=262444 (592s)
  steps= 800000 held=0.59 scoring_steps=489611 (693s)
  steps= 850000 held=0.64 scoring_steps=489611 (728s)
  steps= 900000 held=0.60 scoring_steps=489611 (765s)
  steps= 950000 held=0.60 scoring_steps=489611 (802s)
  steps=1000000 held=0.55 scoring_steps=489611 (842s)
  steps=1050000 held=0.59 scoring_steps=651085 (925s)
  steps=1100000 held=0.55 scoring_steps=651085 (963s)
  steps=1150000 held=0.54 scoring_steps=651085 (1000s)
  steps=1200000 held=0.56 scoring_steps=651085 (1038s)
  steps=1250000 held=0.63 scoring_steps=651085 (1075s)
  steps=1300000 held=0.57 scoring_steps=799537 (1152s)
  steps=1350000 held=0.60 scoring_steps=799537 (1188s)
  steps=1400000 held=0.73 scoring_steps=799537 (1222s)
  steps=1450000 held=0.54 scoring_steps=799537 (1260s)
  steps=1500000 held=0.52 scoring_steps=799537 (1297s)
[sfl] DONE final=0.52 scoring_steps=799537
