/Users/linmuyi/miniconda3/envs/llm_gs/lib/python3.9/site-packages/pygame/pkgdata.py:25: UserWarning: pkg_resources is deprecated as an API. See https://setuptools.pypa.io/en/latest/pkg_resources.html. The pkg_resources package is slated for removal as early as 2025-11-30. Refrain from using this package or pin to Setuptools<81.
  from pkg_resources import resource_stream, resource_exists
[sfl] held-out=36
objc[64420]: Class SDLApplication is implemented in both /Users/linmuyi/miniconda3/envs/llm_gs/lib/python3.9/site-packages/pygame/.dylibs/libSDL2-2.0.0.dylib (0x1067392c8) and /Users/linmuyi/miniconda3/envs/llm_gs/lib/python3.9/site-packages/cv2/.dylibs/libSDL2-2.0.0.dylib (0x13830c890). This may cause spurious casting failures and mysterious crashes. One of the duplicates must be removed or renamed.
objc[64420]: Class SDLAppDelegate is implemented in both /Users/linmuyi/miniconda3/envs/llm_gs/lib/python3.9/site-packages/pygame/.dylibs/libSDL2-2.0.0.dylib (0x106739318) and /Users/linmuyi/miniconda3/envs/llm_gs/lib/python3.9/site-packages/cv2/.dylibs/libSDL2-2.0.0.dylib (0x13830c8e0). This may cause spurious casting failures and mysterious crashes. One of the duplicates must be removed or renamed.
objc[64420]: Class SDLTranslatorResponder is implemented in both /Users/linmuyi/miniconda3/envs/llm_gs/lib/python3.9/site-packages/pygame/.dylibs/libSDL2-2.0.0.dylib (0x106739390) and /Users/linmuyi/miniconda3/envs/llm_gs/lib/python3.9/site-packages/cv2/.dylibs/libSDL2-2.0.0.dylib (0x13830c958). This may cause spurious casting failures and mysterious crashes. One of the duplicates must be removed or renamed.
objc[64420]: Class SDLMessageBoxPresenter is implemented in both /Users/linmuyi/miniconda3/envs/llm_gs/lib/python3.9/site-packages/pygame/.dylibs/libSDL2-2.0.0.dylib (0x1067393b8) and /Users/linmuyi/miniconda3/envs/llm_gs/lib/python3.9/site-packages/cv2/.dylibs/libSDL2-2.0.0.dylib (0x13830c980). This may cause spurious casting failures and mysterious crashes. One of the duplicates must be removed or renamed.
objc[64420]: Class SDL_cocoametalview is implemented in both /Users/linmuyi/miniconda3/envs/llm_gs/lib/python3.9/site-packages/pygame/.dylibs/libSDL2-2.0.0.dylib (0x106739408) and /Users/linmuyi/miniconda3/envs/llm_gs/lib/python3.9/site-packages/cv2/.dylibs/libSDL2-2.0.0.dylib (0x13830c9d0). This may cause spurious casting failures and mysterious crashes. One of the duplicates must be removed or renamed.
objc[64420]: Class SDLOpenGLContext is implemented in both /Users/linmuyi/miniconda3/envs/llm_gs/lib/python3.9/site-packages/pygame/.dylibs/libSDL2-2.0.0.dylib (0x106739458) and /Users/linmuyi/miniconda3/envs/llm_gs/lib/python3.9/site-packages/cv2/.dylibs/libSDL2-2.0.0.dylib (0x13830ca20). This may cause spurious casting failures and mysterious crashes. One of the duplicates must be removed or renamed.
objc[64420]: Class SDL_ShapeData is implemented in both /Users/linmuyi/miniconda3/envs/llm_gs/lib/python3.9/site-packages/pygame/.dylibs/libSDL2-2.0.0.dylib (0x1067394d0) and /Users/linmuyi/miniconda3/envs/llm_gs/lib/python3.9/site-packages/cv2/.dylibs/libSDL2-2.0.0.dylib (0x13830ca98). This may cause spurious casting failures and mysterious crashes. One of the duplicates must be removed or renamed.
objc[64420]: Class SDL_CocoaClosure is implemented in both /Users/linmuyi/miniconda3/envs/llm_gs/lib/python3.9/site-packages/pygame/.dylibs/libSDL2-2.0.0.dylib (0x106739520) and /Users/linmuyi/miniconda3/envs/llm_gs/lib/python3.9/site-packages/cv2/.dylibs/libSDL2-2.0.0.dylib (0x13830cae8). This may cause spurious casting failures and mysterious crashes. One of the duplicates must be removed or renamed.
objc[64420]: Class SDL_VideoData is implemented in both /Users/linmuyi/miniconda3/envs/llm_gs/lib/python3.9/site-packages/pygame/.dylibs/libSDL2-2.0.0.dylib (0x106739570) and /Users/linmuyi/miniconda3/envs/llm_gs/lib/python3.9/site-packages/cv2/.dylibs/libSDL2-2.0.0.dylib (0x13830cb38). This may cause spurious casting failures and mysterious crashes. One of the duplicates must be removed or renamed.
objc[64420]: Class SDL_WindowData is implemented in both /Users/linmuyi/miniconda3/envs/llm_gs/lib/python3.9/site-packages/pygame/.dylibs/libSDL2-2.0.0.dylib (0x1067395c0) and /Users/linmuyi/miniconda3/envs/llm_gs/lib/python3.9/site-packages/cv2/.dylibs/libSDL2-2.0.0.dylib (0x13830cb88). This may cause spurious casting failures and mysterious crashes. One of the duplicates must be removed or renamed.
objc[64420]: Class SDLWindow is implemented in both /Users/linmuyi/miniconda3/envs/llm_gs/lib/python3.9/site-packages/pygame/.dylibs/libSDL2-2.0.0.dylib (0x1067395e8) and /Users/linmuyi/miniconda3/envs/llm_gs/lib/python3.9/site-packages/cv2/.dylibs/libSDL2-2.0.0.dylib (0x13830cbb0). This may cause spurious casting failures and mysterious crashes. One of the duplicates must be removed or renamed.
objc[64420]: Class Cocoa_WindowListener is implemented in both /Users/linmuyi/miniconda3/envs/llm_gs/lib/python3.9/site-packages/pygame/.dylibs/libSDL2-2.0.0.dylib (0x106739610) and /Users/linmuyi/miniconda3/envs/llm_gs/lib/python3.9/site-packages/cv2/.dylibs/libSDL2-2.0.0.dylib (0x13830cbd8). This may cause spurious casting failures and mysterious crashes. One of the duplicates must be removed or renamed.
objc[64420]: Class SDLView is implemented in both /Users/linmuyi/miniconda3/envs/llm_gs/lib/python3.9/site-packages/pygame/.dylibs/libSDL2-2.0.0.dylib (0x106739688) and /Users/linmuyi/miniconda3/envs/llm_gs/lib/python3.9/site-packages/cv2/.dylibs/libSDL2-2.0.0.dylib (0x13830cc50). This may cause spurious casting failures and mysterious crashes. One of the duplicates must be removed or renamed.
objc[64420]: Class METAL_RenderData is implemented in both /Users/linmuyi/miniconda3/envs/llm_gs/lib/python3.9/site-packages/pygame/.dylibs/libSDL2-2.0.0.dylib (0x106739700) and /Users/linmuyi/miniconda3/envs/llm_gs/lib/python3.9/site-packages/cv2/.dylibs/libSDL2-2.0.0.dylib (0x13830ccc8). This may cause spurious casting failures and mysterious crashes. One of the duplicates must be removed or renamed.
objc[64420]: Class METAL_TextureData is implemented in both /Users/linmuyi/miniconda3/envs/llm_gs/lib/python3.9/site-packages/pygame/.dylibs/libSDL2-2.0.0.dylib (0x106739750) and /Users/linmuyi/miniconda3/envs/llm_gs/lib/python3.9/site-packages/cv2/.dylibs/libSDL2-2.0.0.dylib (0x13830cd18). This may cause spurious casting failures and mysterious crashes. One of the duplicates must be removed or renamed.
objc[64420]: Class SDL_RumbleMotor is implemented in both /Users/linmuyi/miniconda3/envs/llm_gs/lib/python3.9/site-packages/pygame/.dylibs/libSDL2-2.0.0.dylib (0x106739778) and /Users/linmuyi/miniconda3/envs/llm_gs/lib/python3.9/site-packages/cv2/.dylibs/libSDL2-2.0.0.dylib (0x13830cd40). This may cause spurious casting failures and mysterious crashes. One of the duplicates must be removed or renamed.
objc[64420]: Class SDL_RumbleContext is implemented in both /Users/linmuyi/miniconda3/envs/llm_gs/lib/python3.9/site-packages/pygame/.dylibs/libSDL2-2.0.0.dylib (0x1067397c8) and /Users/linmuyi/miniconda3/envs/llm_gs/lib/python3.9/site-packages/cv2/.dylibs/libSDL2-2.0.0.dylib (0x13830cd90). This may cause spurious casting failures and mysterious crashes. One of the duplicates must be removed or renamed.
  steps=  50000 held=0.00 scoring_steps=33780 (48s)
  steps= 100000 held=0.00 scoring_steps=33780 (82s)
  steps= 150000 held=0.00 scoring_steps=33780 (118s)
  steps= 200000 held=0.01 scoring_steps=33780 (144s)
  steps= 250000 held=0.02 scoring_steps=33780 (169s)
  steps= 300000 held=0.01 scoring_steps=46919 (198s)
  steps= 350000 held=0.00 scoring_steps=46919 (223s)
  steps= 400000 held=0.00 scoring_steps=46919 (248s)
  steps= 450000 held=0.00 scoring_steps=46919 (273s)
  steps= 500000 held=0.00 scoring_steps=46919 (298s)
  steps= 550000 held=0.00 scoring_steps=50460 (324s)
  steps= 600000 held=0.04 scoring_steps=50460 (351s)
  steps= 650000 held=0.04 scoring_steps=50460 (381s)
  steps= 700000 held=0.00 scoring_steps=50460 (411s)
  steps= 750000 held=0.03 scoring_steps=50460 (444s)
  steps= 800000 held=0.01 scoring_steps=123414 (496s)
  steps= 850000 held=0.18 scoring_steps=123414 (542s)
  steps= 900000 held=0.12 scoring_steps=123414 (581s)
  steps= 950000 held=0.19 scoring_steps=123414 (621s)
  steps=1000000 held=0.27 scoring_steps=123414 (667s)
  steps=1050000 held=0.40 scoring_steps=346376 (772s)
  steps=1100000 held=0.43 scoring_steps=346376 (812s)
  steps=1150000 held=0.44 scoring_steps=346376 (850s)
  steps=1200000 held=0.56 scoring_steps=346376 (888s)
  steps=1250000 held=0.44 scoring_steps=346376 (930s)
  steps=1300000 held=0.42 scoring_steps=471210 (1008s)
  steps=1350000 held=0.49 scoring_steps=471210 (1047s)
  steps=1400000 held=0.55 scoring_steps=471210 (1087s)
  steps=1450000 held=0.51 scoring_steps=471210 (1127s)
  steps=1500000 held=0.54 scoring_steps=471210 (1168s)
[sfl] DONE final=0.54 scoring_steps=471210
