/Users/linmuyi/miniconda3/envs/llm_gs/lib/python3.9/site-packages/pygame/pkgdata.py:25: UserWarning: pkg_resources is deprecated as an API. See https://setuptools.pypa.io/en/latest/pkg_resources.html. The pkg_resources package is slated for removal as early as 2025-11-30. Refrain from using this package or pin to Setuptools<81.
  from pkg_resources import resource_stream, resource_exists
[sfl] held-out=36
objc[19823]: Class SDLApplication is implemented in both /Users/linmuyi/miniconda3/envs/llm_gs/lib/python3.9/site-packages/pygame/.dylibs/libSDL2-2.0.0.dylib (0x1143612c8) and /Users/linmuyi/miniconda3/envs/llm_gs/lib/python3.9/site-packages/cv2/.dylibs/libSDL2-2.0.0.dylib (0x16dd90890). This may cause spurious casting failures and mysterious crashes. One of the duplicates must be removed or renamed.
objc[19823]: Class SDLAppDelegate is implemented in both /Users/linmuyi/miniconda3/envs/llm_gs/lib/python3.9/site-packages/pygame/.dylibs/libSDL2-2.0.0.dylib (0x114361318) and /Users/linmuyi/miniconda3/envs/llm_gs/lib/python3.9/site-packages/cv2/.dylibs/libSDL2-2.0.0.dylib (0x16dd908e0). This may cause spurious casting failures and mysterious crashes. One of the duplicates must be removed or renamed.
objc[19823]: Class SDLTranslatorResponder is implemented in both /Users/linmuyi/miniconda3/envs/llm_gs/lib/python3.9/site-packages/pygame/.dylibs/libSDL2-2.0.0.dylib (0x114361390) and /Users/linmuyi/miniconda3/envs/llm_gs/lib/python3.9/site-packages/cv2/.dylibs/libSDL2-2.0.0.dylib (0x16dd90958). This may cause spurious casting failures and mysterious crashes. One of the duplicates must be removed or renamed.
objc[19823]: Class SDLMessageBoxPresenter is implemented in both /Users/linmuyi/miniconda3/envs/llm_gs/lib/python3.9/site-packages/pygame/.dylibs/libSDL2-2.0.0.dylib (0x1143613b8) and /Users/linmuyi/miniconda3/envs/llm_gs/lib/python3.9/site-packages/cv2/.dylibs/libSDL2-2.0.0.dylib (0x16dd90980). This may cause spurious casting failures and mysterious crashes. One of the duplicates must be removed or renamed.
objc[19823]: Class SDL_cocoametalview is implemented in both /Users/linmuyi/miniconda3/envs/llm_gs/lib/python3.9/site-packages/pygame/.dylibs/libSDL2-2.0.0.dylib (0x114361408) and /Users/linmuyi/miniconda3/envs/llm_gs/lib/python3.9/site-packages/cv2/.dylibs/libSDL2-2.0.0.dylib (0x16dd909d0). This may cause spurious casting failures and mysterious crashes. One of the duplicates must be removed or renamed.
objc[19823]: Class SDLOpenGLContext is implemented in both /Users/linmuyi/miniconda3/envs/llm_gs/lib/python3.9/site-packages/pygame/.dylibs/libSDL2-2.0.0.dylib (0x114361458) and /Users/linmuyi/miniconda3/envs/llm_gs/lib/python3.9/site-packages/cv2/.dylibs/libSDL2-2.0.0.dylib (0x16dd90a20). This may cause spurious casting failures and mysterious crashes. One of the duplicates must be removed or renamed.
objc[19823]: Class SDL_ShapeData is implemented in both /Users/linmuyi/miniconda3/envs/llm_gs/lib/python3.9/site-packages/pygame/.dylibs/libSDL2-2.0.0.dylib (0x1143614d0) and /Users/linmuyi/miniconda3/envs/llm_gs/lib/python3.9/site-packages/cv2/.dylibs/libSDL2-2.0.0.dylib (0x16dd90a98). This may cause spurious casting failures and mysterious crashes. One of the duplicates must be removed or renamed.
objc[19823]: Class SDL_CocoaClosure is implemented in both /Users/linmuyi/miniconda3/envs/llm_gs/lib/python3.9/site-packages/pygame/.dylibs/libSDL2-2.0.0.dylib (0x114361520) and /Users/linmuyi/miniconda3/envs/llm_gs/lib/python3.9/site-packages/cv2/.dylibs/libSDL2-2.0.0.dylib (0x16dd90ae8). This may cause spurious casting failures and mysterious crashes. One of the duplicates must be removed or renamed.
objc[19823]: Class SDL_VideoData is implemented in both /Users/linmuyi/miniconda3/envs/llm_gs/lib/python3.9/site-packages/pygame/.dylibs/libSDL2-2.0.0.dylib (0x114361570) and /Users/linmuyi/miniconda3/envs/llm_gs/lib/python3.9/site-packages/cv2/.dylibs/libSDL2-2.0.0.dylib (0x16dd90b38). This may cause spurious casting failures and mysterious crashes. One of the duplicates must be removed or renamed.
objc[19823]: Class SDL_WindowData is implemented in both /Users/linmuyi/miniconda3/envs/llm_gs/lib/python3.9/site-packages/pygame/.dylibs/libSDL2-2.0.0.dylib (0x1143615c0) and /Users/linmuyi/miniconda3/envs/llm_gs/lib/python3.9/site-packages/cv2/.dylibs/libSDL2-2.0.0.dylib (0x16dd90b88). This may cause spurious casting failures and mysterious crashes. One of the duplicates must be removed or renamed.
objc[19823]: Class SDLWindow is implemented in both /Users/linmuyi/miniconda3/envs/llm_gs/lib/python3.9/site-packages/pygame/.dylibs/libSDL2-2.0.0.dylib (0x1143615e8) and /Users/linmuyi/miniconda3/envs/llm_gs/lib/python3.9/site-packages/cv2/.dylibs/libSDL2-2.0.0.dylib (0x16dd90bb0). This may cause spurious casting failures and mysterious crashes. One of the duplicates must be removed or renamed.
objc[19823]: Class Cocoa_WindowListener is implemented in both /Users/linmuyi/miniconda3/envs/llm_gs/lib/python3.9/site-packages/pygame/.dylibs/libSDL2-2.0.0.dylib (0x114361610) and /Users/linmuyi/miniconda3/envs/llm_gs/lib/python3.9/site-packages/cv2/.dylibs/libSDL2-2.0.0.dylib (0x16dd90bd8). This may cause spurious casting failures and mysterious crashes. One of the duplicates must be removed or renamed.
objc[19823]: Class SDLView is implemented in both /Users/linmuyi/miniconda3/envs/llm_gs/lib/python3.9/site-packages/pygame/.dylibs/libSDL2-2.0.0.dylib (0x114361688) and /Users/linmuyi/miniconda3/envs/llm_gs/lib/python3.9/site-packages/cv2/.dylibs/libSDL2-2.0.0.dylib (0x16dd90c50). This may cause spurious casting failures and mysterious crashes. One of the duplicates must be removed or renamed.
objc[19823]: Class METAL_RenderData is implemented in both /Users/linmuyi/miniconda3/envs/llm_gs/lib/python3.9/site-packages/pygame/.dylibs/libSDL2-2.0.0.dylib (0x114361700) and /Users/linmuyi/miniconda3/envs/llm_gs/lib/python3.9/site-packages/cv2/.dylibs/libSDL2-2.0.0.dylib (0x16dd90cc8). This may cause spurious casting failures and mysterious crashes. One of the duplicates must be removed or renamed.
objc[19823]: Class METAL_TextureData is implemented in both /Users/linmuyi/miniconda3/envs/llm_gs/lib/python3.9/site-packages/pygame/.dylibs/libSDL2-2.0.0.dylib (0x114361750) and /Users/linmuyi/miniconda3/envs/llm_gs/lib/python3.9/site-packages/cv2/.dylibs/libSDL2-2.0.0.dylib (0x16dd90d18). This may cause spurious casting failures and mysterious crashes. One of the duplicates must be removed or renamed.
objc[19823]: Class SDL_RumbleMotor is implemented in both /Users/linmuyi/miniconda3/envs/llm_gs/lib/python3.9/site-packages/pygame/.dylibs/libSDL2-2.0.0.dylib (0x114361778) and /Users/linmuyi/miniconda3/envs/llm_gs/lib/python3.9/site-packages/cv2/.dylibs/libSDL2-2.0.0.dylib (0x16dd90d40). This may cause spurious casting failures and mysterious crashes. One of the duplicates must be removed or renamed.
objc[19823]: Class SDL_RumbleContext is implemented in both /Users/linmuyi/miniconda3/envs/llm_gs/lib/python3.9/site-packages/pygame/.dylibs/libSDL2-2.0.0.dylib (0x1143617c8) and /Users/linmuyi/miniconda3/envs/llm_gs/lib/python3.9/site-packages/cv2/.dylibs/libSDL2-2.0.0.dylib (0x16dd90d90). This may cause spurious casting failures and mysterious crashes. One of the duplicates must be removed or renamed.
  steps=  50000 held=0.00 scoring_steps=29922 (47s)
  steps= 100000 held=0.00 scoring_steps=29922 (76s)
  steps= 150000 held=0.00 scoring_steps=29922 (105s)
  steps= 200000 held=0.00 scoring_steps=29922 (134s)
  steps= 250000 held=0.01 scoring_steps=29922 (163s)
  steps= 300000 held=0.01 scoring_steps=58573 (199s)
  steps= 350000 held=0.00 scoring_steps=58573 (226s)
  steps= 400000 held=0.01 scoring_steps=58573 (253s)
  steps= 450000 held=0.09 scoring_steps=58573 (284s)
  steps= 500000 held=0.12 scoring_steps=58573 (317s)
  steps= 550000 held=0.11 scoring_steps=151736 (381s)
  steps= 600000 held=0.08 scoring_steps=151736 (430s)
  steps= 650000 held=0.06 scoring_steps=151736 (462s)
  steps= 700000 held=0.14 scoring_steps=151736 (506s)
  steps= 750000 held=0.07 scoring_steps=151736 (537s)
  steps= 800000 held=0.13 scoring_steps=224288 (604s)
  steps= 850000 held=0.04 scoring_steps=224288 (653s)
  steps= 900000 held=0.08 scoring_steps=224288 (700s)
  steps= 950000 held=0.20 scoring_steps=224288 (748s)
  steps=1000000 held=0.19 scoring_steps=224288 (783s)
  steps=1050000 held=0.22 scoring_steps=340710 (852s)
  steps=1100000 held=0.35 scoring_steps=340710 (891s)
  steps=1150000 held=0.28 scoring_steps=340710 (933s)
  steps=1200000 held=0.57 scoring_steps=340710 (971s)
  steps=1250000 held=0.51 scoring_steps=340710 (1013s)
  steps=1300000 held=0.60 scoring_steps=520974 (1100s)
  steps=1350000 held=0.69 scoring_steps=520974 (1136s)
  steps=1400000 held=0.67 scoring_steps=520974 (1172s)
  steps=1450000 held=0.64 scoring_steps=520974 (1207s)
  steps=1500000 held=0.65 scoring_steps=520974 (1243s)
[sfl] DONE final=0.65 scoring_steps=520974
