/Users/linmuyi/miniconda3/envs/llm_gs/lib/python3.9/site-packages/pygame/pkgdata.py:25: UserWarning: pkg_resources is deprecated as an API. See https://setuptools.pypa.io/en/latest/pkg_resources.html. The pkg_resources package is slated for removal as early as 2025-11-30. Refrain from using this package or pin to Setuptools<81.
  from pkg_resources import resource_stream, resource_exists
[sfl_small] held-out=36
objc[79521]: Class SDLApplication is implemented in both /Users/linmuyi/miniconda3/envs/llm_gs/lib/python3.9/site-packages/pygame/.dylibs/libSDL2-2.0.0.dylib (0x10ad0d2c8) and /Users/linmuyi/miniconda3/envs/llm_gs/lib/python3.9/site-packages/cv2/.dylibs/libSDL2-2.0.0.dylib (0x135a80890). This may cause spurious casting failures and mysterious crashes. One of the duplicates must be removed or renamed.
objc[79521]: Class SDLAppDelegate is implemented in both /Users/linmuyi/miniconda3/envs/llm_gs/lib/python3.9/site-packages/pygame/.dylibs/libSDL2-2.0.0.dylib (0x10ad0d318) and /Users/linmuyi/miniconda3/envs/llm_gs/lib/python3.9/site-packages/cv2/.dylibs/libSDL2-2.0.0.dylib (0x135a808e0). This may cause spurious casting failures and mysterious crashes. One of the duplicates must be removed or renamed.
objc[79521]: Class SDLTranslatorResponder is implemented in both /Users/linmuyi/miniconda3/envs/llm_gs/lib/python3.9/site-packages/pygame/.dylibs/libSDL2-2.0.0.dylib (0x10ad0d390) and /Users/linmuyi/miniconda3/envs/llm_gs/lib/python3.9/site-packages/cv2/.dylibs/libSDL2-2.0.0.dylib (0x135a80958). This may cause spurious casting failures and mysterious crashes. One of the duplicates must be removed or renamed.
objc[79521]: Class SDLMessageBoxPresenter is implemented in both /Users/linmuyi/miniconda3/envs/llm_gs/lib/python3.9/site-packages/pygame/.dylibs/libSDL2-2.0.0.dylib (0x10ad0d3b8) and /Users/linmuyi/miniconda3/envs/llm_gs/lib/python3.9/site-packages/cv2/.dylibs/libSDL2-2.0.0.dylib (0x135a80980). This may cause spurious casting failures and mysterious crashes. One of the duplicates must be removed or renamed.
objc[79521]: Class SDL_cocoametalview is implemented in both /Users/linmuyi/miniconda3/envs/llm_gs/lib/python3.9/site-packages/pygame/.dylibs/libSDL2-2.0.0.dylib (0x10ad0d408) and /Users/linmuyi/miniconda3/envs/llm_gs/lib/python3.9/site-packages/cv2/.dylibs/libSDL2-2.0.0.dylib (0x135a809d0). This may cause spurious casting failures and mysterious crashes. One of the duplicates must be removed or renamed.
objc[79521]: Class SDLOpenGLContext is implemented in both /Users/linmuyi/miniconda3/envs/llm_gs/lib/python3.9/site-packages/pygame/.dylibs/libSDL2-2.0.0.dylib (0x10ad0d458) and /Users/linmuyi/miniconda3/envs/llm_gs/lib/python3.9/site-packages/cv2/.dylibs/libSDL2-2.0.0.dylib (0x135a80a20). This may cause spurious casting failures and mysterious crashes. One of the duplicates must be removed or renamed.
objc[79521]: Class SDL_ShapeData is implemented in both /Users/linmuyi/miniconda3/envs/llm_gs/lib/python3.9/site-packages/pygame/.dylibs/libSDL2-2.0.0.dylib (0x10ad0d4d0) and /Users/linmuyi/miniconda3/envs/llm_gs/lib/python3.9/site-packages/cv2/.dylibs/libSDL2-2.0.0.dylib (0x135a80a98). This may cause spurious casting failures and mysterious crashes. One of the duplicates must be removed or renamed.
objc[79521]: Class SDL_CocoaClosure is implemented in both /Users/linmuyi/miniconda3/envs/llm_gs/lib/python3.9/site-packages/pygame/.dylibs/libSDL2-2.0.0.dylib (0x10ad0d520) and /Users/linmuyi/miniconda3/envs/llm_gs/lib/python3.9/site-packages/cv2/.dylibs/libSDL2-2.0.0.dylib (0x135a80ae8). This may cause spurious casting failures and mysterious crashes. One of the duplicates must be removed or renamed.
objc[79521]: Class SDL_VideoData is implemented in both /Users/linmuyi/miniconda3/envs/llm_gs/lib/python3.9/site-packages/pygame/.dylibs/libSDL2-2.0.0.dylib (0x10ad0d570) and /Users/linmuyi/miniconda3/envs/llm_gs/lib/python3.9/site-packages/cv2/.dylibs/libSDL2-2.0.0.dylib (0x135a80b38). This may cause spurious casting failures and mysterious crashes. One of the duplicates must be removed or renamed.
objc[79521]: Class SDL_WindowData is implemented in both /Users/linmuyi/miniconda3/envs/llm_gs/lib/python3.9/site-packages/pygame/.dylibs/libSDL2-2.0.0.dylib (0x10ad0d5c0) and /Users/linmuyi/miniconda3/envs/llm_gs/lib/python3.9/site-packages/cv2/.dylibs/libSDL2-2.0.0.dylib (0x135a80b88). This may cause spurious casting failures and mysterious crashes. One of the duplicates must be removed or renamed.
objc[79521]: Class SDLWindow is implemented in both /Users/linmuyi/miniconda3/envs/llm_gs/lib/python3.9/site-packages/pygame/.dylibs/libSDL2-2.0.0.dylib (0x10ad0d5e8) and /Users/linmuyi/miniconda3/envs/llm_gs/lib/python3.9/site-packages/cv2/.dylibs/libSDL2-2.0.0.dylib (0x135a80bb0). This may cause spurious casting failures and mysterious crashes. One of the duplicates must be removed or renamed.
objc[79521]: Class Cocoa_WindowListener is implemented in both /Users/linmuyi/miniconda3/envs/llm_gs/lib/python3.9/site-packages/pygame/.dylibs/libSDL2-2.0.0.dylib (0x10ad0d610) and /Users/linmuyi/miniconda3/envs/llm_gs/lib/python3.9/site-packages/cv2/.dylibs/libSDL2-2.0.0.dylib (0x135a80bd8). This may cause spurious casting failures and mysterious crashes. One of the duplicates must be removed or renamed.
objc[79521]: Class SDLView is implemented in both /Users/linmuyi/miniconda3/envs/llm_gs/lib/python3.9/site-packages/pygame/.dylibs/libSDL2-2.0.0.dylib (0x10ad0d688) and /Users/linmuyi/miniconda3/envs/llm_gs/lib/python3.9/site-packages/cv2/.dylibs/libSDL2-2.0.0.dylib (0x135a80c50). This may cause spurious casting failures and mysterious crashes. One of the duplicates must be removed or renamed.
objc[79521]: Class METAL_RenderData is implemented in both /Users/linmuyi/miniconda3/envs/llm_gs/lib/python3.9/site-packages/pygame/.dylibs/libSDL2-2.0.0.dylib (0x10ad0d700) and /Users/linmuyi/miniconda3/envs/llm_gs/lib/python3.9/site-packages/cv2/.dylibs/libSDL2-2.0.0.dylib (0x135a80cc8). This may cause spurious casting failures and mysterious crashes. One of the duplicates must be removed or renamed.
objc[79521]: Class METAL_TextureData is implemented in both /Users/linmuyi/miniconda3/envs/llm_gs/lib/python3.9/site-packages/pygame/.dylibs/libSDL2-2.0.0.dylib (0x10ad0d750) and /Users/linmuyi/miniconda3/envs/llm_gs/lib/python3.9/site-packages/cv2/.dylibs/libSDL2-2.0.0.dylib (0x135a80d18). This may cause spurious casting failures and mysterious crashes. One of the duplicates must be removed or renamed.
objc[79521]: Class SDL_RumbleMotor is implemented in both /Users/linmuyi/miniconda3/envs/llm_gs/lib/python3.9/site-packages/pygame/.dylibs/libSDL2-2.0.0.dylib (0x10ad0d778) and /Users/linmuyi/miniconda3/envs/llm_gs/lib/python3.9/site-packages/cv2/.dylibs/libSDL2-2.0.0.dylib (0x135a80d40). This may cause spurious casting failures and mysterious crashes. One of the duplicates must be removed or renamed.
objc[79521]: Class SDL_RumbleContext is implemented in both /Users/linmuyi/miniconda3/envs/llm_gs/lib/python3.9/site-packages/pygame/.dylibs/libSDL2-2.0.0.dylib (0x10ad0d7c8) and /Users/linmuyi/miniconda3/envs/llm_gs/lib/python3.9/site-packages/cv2/.dylibs/libSDL2-2.0.0.dylib (0x135a80d90). This may cause spurious casting failures and mysterious crashes. One of the duplicates must be removed or renamed.
  steps=  50000 held=0.01 scoring_steps=7079 (30s)
  steps= 100000 held=0.00 scoring_steps=7079 (56s)
  steps= 150000 held=0.00 scoring_steps=7079 (85s)
  steps= 200000 held=0.03 scoring_steps=7079 (127s)
  steps= 250000 held=0.00 scoring_steps=7079 (171s)
  steps= 300000 held=0.03 scoring_steps=46404 (219s)
  steps= 350000 held=0.01 scoring_steps=46404 (257s)
  steps= 400000 held=0.00 scoring_steps=46404 (304s)
  steps= 450000 held=0.00 scoring_steps=46404 (355s)
  steps= 500000 held=0.00 scoring_steps=46404 (407s)
  steps= 550000 held=0.00 scoring_steps=95753 (472s)
  steps= 600000 held=0.00 scoring_steps=95753 (516s)
  steps= 650000 held=0.00 scoring_steps=95753 (546s)
  steps= 700000 held=0.01 scoring_steps=95753 (575s)
  steps= 750000 held=0.00 scoring_steps=95753 (604s)
  steps= 800000 held=0.00 scoring_steps=99143 (645s)
  steps= 850000 held=0.00 scoring_steps=99143 (687s)
  steps= 900000 held=0.00 scoring_steps=99143 (727s)
  steps= 950000 held=0.00 scoring_steps=99143 (761s)
  steps=1000000 held=0.00 scoring_steps=99143 (800s)
  steps=1050000 held=0.00 scoring_steps=127735 (849s)
  steps=1100000 held=0.00 scoring_steps=127735 (889s)
  steps=1150000 held=0.00 scoring_steps=127735 (929s)
  steps=1200000 held=0.00 scoring_steps=127735 (958s)
  steps=1250000 held=0.00 scoring_steps=127735 (1009s)
  steps=1300000 held=0.00 scoring_steps=180154 (1075s)
  steps=1350000 held=0.00 scoring_steps=180154 (1126s)
  steps=1400000 held=0.00 scoring_steps=180154 (1179s)
  steps=1450000 held=0.07 scoring_steps=180154 (1221s)
  steps=1500000 held=0.00 scoring_steps=180154 (1274s)
[sfl_small] DONE final=0.00 scoring_steps=180154
