/Users/linmuyi/miniconda3/envs/llm_gs/lib/python3.9/site-packages/pygame/pkgdata.py:25: UserWarning: pkg_resources is deprecated as an API. See https://setuptools.pypa.io/en/latest/pkg_resources.html. The pkg_resources package is slated for removal as early as 2025-11-30. Refrain from using this package or pin to Setuptools<81.
  from pkg_resources import resource_stream, resource_exists
[sfl_grader] held-out=36
objc[66851]: Class SDLApplication is implemented in both /Users/linmuyi/miniconda3/envs/llm_gs/lib/python3.9/site-packages/pygame/.dylibs/libSDL2-2.0.0.dylib (0x10c3612c8) and /Users/linmuyi/miniconda3/envs/llm_gs/lib/python3.9/site-packages/cv2/.dylibs/libSDL2-2.0.0.dylib (0x32ad00890). This may cause spurious casting failures and mysterious crashes. One of the duplicates must be removed or renamed.
objc[66851]: Class SDLAppDelegate is implemented in both /Users/linmuyi/miniconda3/envs/llm_gs/lib/python3.9/site-packages/pygame/.dylibs/libSDL2-2.0.0.dylib (0x10c361318) and /Users/linmuyi/miniconda3/envs/llm_gs/lib/python3.9/site-packages/cv2/.dylibs/libSDL2-2.0.0.dylib (0x32ad008e0). This may cause spurious casting failures and mysterious crashes. One of the duplicates must be removed or renamed.
objc[66851]: Class SDLTranslatorResponder is implemented in both /Users/linmuyi/miniconda3/envs/llm_gs/lib/python3.9/site-packages/pygame/.dylibs/libSDL2-2.0.0.dylib (0x10c361390) and /Users/linmuyi/miniconda3/envs/llm_gs/lib/python3.9/site-packages/cv2/.dylibs/libSDL2-2.0.0.dylib (0x32ad00958). This may cause spurious casting failures and mysterious crashes. One of the duplicates must be removed or renamed.
objc[66851]: Class SDLMessageBoxPresenter is implemented in both /Users/linmuyi/miniconda3/envs/llm_gs/lib/python3.9/site-packages/pygame/.dylibs/libSDL2-2.0.0.dylib (0x10c3613b8) and /Users/linmuyi/miniconda3/envs/llm_gs/lib/python3.9/site-packages/cv2/.dylibs/libSDL2-2.0.0.dylib (0x32ad00980). This may cause spurious casting failures and mysterious crashes. One of the duplicates must be removed or renamed.
objc[66851]: Class SDL_cocoametalview is implemented in both /Users/linmuyi/miniconda3/envs/llm_gs/lib/python3.9/site-packages/pygame/.dylibs/libSDL2-2.0.0.dylib (0x10c361408) and /Users/linmuyi/miniconda3/envs/llm_gs/lib/python3.9/site-packages/cv2/.dylibs/libSDL2-2.0.0.dylib (0x32ad009d0). This may cause spurious casting failures and mysterious crashes. One of the duplicates must be removed or renamed.
objc[66851]: Class SDLOpenGLContext is implemented in both /Users/linmuyi/miniconda3/envs/llm_gs/lib/python3.9/site-packages/pygame/.dylibs/libSDL2-2.0.0.dylib (0x10c361458) and /Users/linmuyi/miniconda3/envs/llm_gs/lib/python3.9/site-packages/cv2/.dylibs/libSDL2-2.0.0.dylib (0x32ad00a20). This may cause spurious casting failures and mysterious crashes. One of the duplicates must be removed or renamed.
objc[66851]: Class SDL_ShapeData is implemented in both /Users/linmuyi/miniconda3/envs/llm_gs/lib/python3.9/site-packages/pygame/.dylibs/libSDL2-2.0.0.dylib (0x10c3614d0) and /Users/linmuyi/miniconda3/envs/llm_gs/lib/python3.9/site-packages/cv2/.dylibs/libSDL2-2.0.0.dylib (0x32ad00a98). This may cause spurious casting failures and mysterious crashes. One of the duplicates must be removed or renamed.
objc[66851]: Class SDL_CocoaClosure is implemented in both /Users/linmuyi/miniconda3/envs/llm_gs/lib/python3.9/site-packages/pygame/.dylibs/libSDL2-2.0.0.dylib (0x10c361520) and /Users/linmuyi/miniconda3/envs/llm_gs/lib/python3.9/site-packages/cv2/.dylibs/libSDL2-2.0.0.dylib (0x32ad00ae8). This may cause spurious casting failures and mysterious crashes. One of the duplicates must be removed or renamed.
objc[66851]: Class SDL_VideoData is implemented in both /Users/linmuyi/miniconda3/envs/llm_gs/lib/python3.9/site-packages/pygame/.dylibs/libSDL2-2.0.0.dylib (0x10c361570) and /Users/linmuyi/miniconda3/envs/llm_gs/lib/python3.9/site-packages/cv2/.dylibs/libSDL2-2.0.0.dylib (0x32ad00b38). This may cause spurious casting failures and mysterious crashes. One of the duplicates must be removed or renamed.
objc[66851]: Class SDL_WindowData is implemented in both /Users/linmuyi/miniconda3/envs/llm_gs/lib/python3.9/site-packages/pygame/.dylibs/libSDL2-2.0.0.dylib (0x10c3615c0) and /Users/linmuyi/miniconda3/envs/llm_gs/lib/python3.9/site-packages/cv2/.dylibs/libSDL2-2.0.0.dylib (0x32ad00b88). This may cause spurious casting failures and mysterious crashes. One of the duplicates must be removed or renamed.
objc[66851]: Class SDLWindow is implemented in both /Users/linmuyi/miniconda3/envs/llm_gs/lib/python3.9/site-packages/pygame/.dylibs/libSDL2-2.0.0.dylib (0x10c3615e8) and /Users/linmuyi/miniconda3/envs/llm_gs/lib/python3.9/site-packages/cv2/.dylibs/libSDL2-2.0.0.dylib (0x32ad00bb0). This may cause spurious casting failures and mysterious crashes. One of the duplicates must be removed or renamed.
objc[66851]: Class Cocoa_WindowListener is implemented in both /Users/linmuyi/miniconda3/envs/llm_gs/lib/python3.9/site-packages/pygame/.dylibs/libSDL2-2.0.0.dylib (0x10c361610) and /Users/linmuyi/miniconda3/envs/llm_gs/lib/python3.9/site-packages/cv2/.dylibs/libSDL2-2.0.0.dylib (0x32ad00bd8). This may cause spurious casting failures and mysterious crashes. One of the duplicates must be removed or renamed.
objc[66851]: Class SDLView is implemented in both /Users/linmuyi/miniconda3/envs/llm_gs/lib/python3.9/site-packages/pygame/.dylibs/libSDL2-2.0.0.dylib (0x10c361688) and /Users/linmuyi/miniconda3/envs/llm_gs/lib/python3.9/site-packages/cv2/.dylibs/libSDL2-2.0.0.dylib (0x32ad00c50). This may cause spurious casting failures and mysterious crashes. One of the duplicates must be removed or renamed.
objc[66851]: Class METAL_RenderData is implemented in both /Users/linmuyi/miniconda3/envs/llm_gs/lib/python3.9/site-packages/pygame/.dylibs/libSDL2-2.0.0.dylib (0x10c361700) and /Users/linmuyi/miniconda3/envs/llm_gs/lib/python3.9/site-packages/cv2/.dylibs/libSDL2-2.0.0.dylib (0x32ad00cc8). This may cause spurious casting failures and mysterious crashes. One of the duplicates must be removed or renamed.
objc[66851]: Class METAL_TextureData is implemented in both /Users/linmuyi/miniconda3/envs/llm_gs/lib/python3.9/site-packages/pygame/.dylibs/libSDL2-2.0.0.dylib (0x10c361750) and /Users/linmuyi/miniconda3/envs/llm_gs/lib/python3.9/site-packages/cv2/.dylibs/libSDL2-2.0.0.dylib (0x32ad00d18). This may cause spurious casting failures and mysterious crashes. One of the duplicates must be removed or renamed.
objc[66851]: Class SDL_RumbleMotor is implemented in both /Users/linmuyi/miniconda3/envs/llm_gs/lib/python3.9/site-packages/pygame/.dylibs/libSDL2-2.0.0.dylib (0x10c361778) and /Users/linmuyi/miniconda3/envs/llm_gs/lib/python3.9/site-packages/cv2/.dylibs/libSDL2-2.0.0.dylib (0x32ad00d40). This may cause spurious casting failures and mysterious crashes. One of the duplicates must be removed or renamed.
objc[66851]: Class SDL_RumbleContext is implemented in both /Users/linmuyi/miniconda3/envs/llm_gs/lib/python3.9/site-packages/pygame/.dylibs/libSDL2-2.0.0.dylib (0x10c3617c8) and /Users/linmuyi/miniconda3/envs/llm_gs/lib/python3.9/site-packages/cv2/.dylibs/libSDL2-2.0.0.dylib (0x32ad00d90). This may cause spurious casting failures and mysterious crashes. One of the duplicates must be removed or renamed.
  steps=  50000 held=0.00 scoring_steps=5390 (69s)
  steps= 100000 held=0.00 scoring_steps=5390 (121s)
  steps= 150000 held=0.00 scoring_steps=5390 (173s)
  steps= 200000 held=0.00 scoring_steps=5390 (222s)
  steps= 250000 held=0.00 scoring_steps=5390 (277s)
  steps= 300000 held=0.00 scoring_steps=26671 (346s)
  steps= 350000 held=0.00 scoring_steps=26671 (402s)
  steps= 400000 held=0.00 scoring_steps=26671 (466s)
  steps= 450000 held=0.00 scoring_steps=26671 (536s)
  steps= 500000 held=0.00 scoring_steps=26671 (602s)
  steps= 550000 held=0.00 scoring_steps=35703 (662s)
  steps= 600000 held=0.00 scoring_steps=35703 (723s)
  steps= 650000 held=0.00 scoring_steps=35703 (785s)
  steps= 700000 held=0.00 scoring_steps=35703 (831s)
  steps= 750000 held=0.00 scoring_steps=35703 (908s)
  steps= 800000 held=0.00 scoring_steps=73000 (992s)
  steps= 850000 held=0.00 scoring_steps=73000 (1081s)
  steps= 900000 held=0.00 scoring_steps=73000 (1206s)
  steps= 950000 held=0.08 scoring_steps=73000 (1277s)
  steps=1000000 held=0.10 scoring_steps=73000 (1355s)
  steps=1050000 held=0.08 scoring_steps=117301 (1533s)
  steps=1100000 held=0.10 scoring_steps=117301 (1657s)
  steps=1150000 held=0.14 scoring_steps=117301 (1756s)
  steps=1200000 held=0.15 scoring_steps=117301 (1856s)
  steps=1250000 held=0.17 scoring_steps=117301 (1963s)
  steps=1300000 held=0.20 scoring_steps=144081 (2092s)
  steps=1350000 held=0.29 scoring_steps=144081 (2204s)
  steps=1400000 held=0.24 scoring_steps=144081 (2325s)
  steps=1450000 held=0.24 scoring_steps=144081 (2439s)
  steps=1500000 held=0.69 scoring_steps=144081 (2510s)
[sfl_grader] DONE final=0.69 scoring_steps=144081
