/Users/linmuyi/miniconda3/envs/llm_gs/lib/python3.9/site-packages/pygame/pkgdata.py:25: UserWarning: pkg_resources is deprecated as an API. See https://setuptools.pypa.io/en/latest/pkg_resources.html. The pkg_resources package is slated for removal as early as 2025-11-30. Refrain from using this package or pin to Setuptools<81.
  from pkg_resources import resource_stream, resource_exists
[sfl_small] held-out=36
objc[78506]: Class SDLApplication is implemented in both /Users/linmuyi/miniconda3/envs/llm_gs/lib/python3.9/site-packages/pygame/.dylibs/libSDL2-2.0.0.dylib (0x1074612c8) and /Users/linmuyi/miniconda3/envs/llm_gs/lib/python3.9/site-packages/cv2/.dylibs/libSDL2-2.0.0.dylib (0x15b25c890). This may cause spurious casting failures and mysterious crashes. One of the duplicates must be removed or renamed.
objc[78506]: Class SDLAppDelegate is implemented in both /Users/linmuyi/miniconda3/envs/llm_gs/lib/python3.9/site-packages/pygame/.dylibs/libSDL2-2.0.0.dylib (0x107461318) and /Users/linmuyi/miniconda3/envs/llm_gs/lib/python3.9/site-packages/cv2/.dylibs/libSDL2-2.0.0.dylib (0x15b25c8e0). This may cause spurious casting failures and mysterious crashes. One of the duplicates must be removed or renamed.
objc[78506]: Class SDLTranslatorResponder is implemented in both /Users/linmuyi/miniconda3/envs/llm_gs/lib/python3.9/site-packages/pygame/.dylibs/libSDL2-2.0.0.dylib (0x107461390) and /Users/linmuyi/miniconda3/envs/llm_gs/lib/python3.9/site-packages/cv2/.dylibs/libSDL2-2.0.0.dylib (0x15b25c958). This may cause spurious casting failures and mysterious crashes. One of the duplicates must be removed or renamed.
objc[78506]: Class SDLMessageBoxPresenter is implemented in both /Users/linmuyi/miniconda3/envs/llm_gs/lib/python3.9/site-packages/pygame/.dylibs/libSDL2-2.0.0.dylib (0x1074613b8) and /Users/linmuyi/miniconda3/envs/llm_gs/lib/python3.9/site-packages/cv2/.dylibs/libSDL2-2.0.0.dylib (0x15b25c980). This may cause spurious casting failures and mysterious crashes. One of the duplicates must be removed or renamed.
objc[78506]: Class SDL_cocoametalview is implemented in both /Users/linmuyi/miniconda3/envs/llm_gs/lib/python3.9/site-packages/pygame/.dylibs/libSDL2-2.0.0.dylib (0x107461408) and /Users/linmuyi/miniconda3/envs/llm_gs/lib/python3.9/site-packages/cv2/.dylibs/libSDL2-2.0.0.dylib (0x15b25c9d0). This may cause spurious casting failures and mysterious crashes. One of the duplicates must be removed or renamed.
objc[78506]: Class SDLOpenGLContext is implemented in both /Users/linmuyi/miniconda3/envs/llm_gs/lib/python3.9/site-packages/pygame/.dylibs/libSDL2-2.0.0.dylib (0x107461458) and /Users/linmuyi/miniconda3/envs/llm_gs/lib/python3.9/site-packages/cv2/.dylibs/libSDL2-2.0.0.dylib (0x15b25ca20). This may cause spurious casting failures and mysterious crashes. One of the duplicates must be removed or renamed.
objc[78506]: Class SDL_ShapeData is implemented in both /Users/linmuyi/miniconda3/envs/llm_gs/lib/python3.9/site-packages/pygame/.dylibs/libSDL2-2.0.0.dylib (0x1074614d0) and /Users/linmuyi/miniconda3/envs/llm_gs/lib/python3.9/site-packages/cv2/.dylibs/libSDL2-2.0.0.dylib (0x15b25ca98). This may cause spurious casting failures and mysterious crashes. One of the duplicates must be removed or renamed.
objc[78506]: Class SDL_CocoaClosure is implemented in both /Users/linmuyi/miniconda3/envs/llm_gs/lib/python3.9/site-packages/pygame/.dylibs/libSDL2-2.0.0.dylib (0x107461520) and /Users/linmuyi/miniconda3/envs/llm_gs/lib/python3.9/site-packages/cv2/.dylibs/libSDL2-2.0.0.dylib (0x15b25cae8). This may cause spurious casting failures and mysterious crashes. One of the duplicates must be removed or renamed.
objc[78506]: Class SDL_VideoData is implemented in both /Users/linmuyi/miniconda3/envs/llm_gs/lib/python3.9/site-packages/pygame/.dylibs/libSDL2-2.0.0.dylib (0x107461570) and /Users/linmuyi/miniconda3/envs/llm_gs/lib/python3.9/site-packages/cv2/.dylibs/libSDL2-2.0.0.dylib (0x15b25cb38). This may cause spurious casting failures and mysterious crashes. One of the duplicates must be removed or renamed.
objc[78506]: Class SDL_WindowData is implemented in both /Users/linmuyi/miniconda3/envs/llm_gs/lib/python3.9/site-packages/pygame/.dylibs/libSDL2-2.0.0.dylib (0x1074615c0) and /Users/linmuyi/miniconda3/envs/llm_gs/lib/python3.9/site-packages/cv2/.dylibs/libSDL2-2.0.0.dylib (0x15b25cb88). This may cause spurious casting failures and mysterious crashes. One of the duplicates must be removed or renamed.
objc[78506]: Class SDLWindow is implemented in both /Users/linmuyi/miniconda3/envs/llm_gs/lib/python3.9/site-packages/pygame/.dylibs/libSDL2-2.0.0.dylib (0x1074615e8) and /Users/linmuyi/miniconda3/envs/llm_gs/lib/python3.9/site-packages/cv2/.dylibs/libSDL2-2.0.0.dylib (0x15b25cbb0). This may cause spurious casting failures and mysterious crashes. One of the duplicates must be removed or renamed.
objc[78506]: Class Cocoa_WindowListener is implemented in both /Users/linmuyi/miniconda3/envs/llm_gs/lib/python3.9/site-packages/pygame/.dylibs/libSDL2-2.0.0.dylib (0x107461610) and /Users/linmuyi/miniconda3/envs/llm_gs/lib/python3.9/site-packages/cv2/.dylibs/libSDL2-2.0.0.dylib (0x15b25cbd8). This may cause spurious casting failures and mysterious crashes. One of the duplicates must be removed or renamed.
objc[78506]: Class SDLView is implemented in both /Users/linmuyi/miniconda3/envs/llm_gs/lib/python3.9/site-packages/pygame/.dylibs/libSDL2-2.0.0.dylib (0x107461688) and /Users/linmuyi/miniconda3/envs/llm_gs/lib/python3.9/site-packages/cv2/.dylibs/libSDL2-2.0.0.dylib (0x15b25cc50). This may cause spurious casting failures and mysterious crashes. One of the duplicates must be removed or renamed.
objc[78506]: Class METAL_RenderData is implemented in both /Users/linmuyi/miniconda3/envs/llm_gs/lib/python3.9/site-packages/pygame/.dylibs/libSDL2-2.0.0.dylib (0x107461700) and /Users/linmuyi/miniconda3/envs/llm_gs/lib/python3.9/site-packages/cv2/.dylibs/libSDL2-2.0.0.dylib (0x15b25ccc8). This may cause spurious casting failures and mysterious crashes. One of the duplicates must be removed or renamed.
objc[78506]: Class METAL_TextureData is implemented in both /Users/linmuyi/miniconda3/envs/llm_gs/lib/python3.9/site-packages/pygame/.dylibs/libSDL2-2.0.0.dylib (0x107461750) and /Users/linmuyi/miniconda3/envs/llm_gs/lib/python3.9/site-packages/cv2/.dylibs/libSDL2-2.0.0.dylib (0x15b25cd18). This may cause spurious casting failures and mysterious crashes. One of the duplicates must be removed or renamed.
objc[78506]: Class SDL_RumbleMotor is implemented in both /Users/linmuyi/miniconda3/envs/llm_gs/lib/python3.9/site-packages/pygame/.dylibs/libSDL2-2.0.0.dylib (0x107461778) and /Users/linmuyi/miniconda3/envs/llm_gs/lib/python3.9/site-packages/cv2/.dylibs/libSDL2-2.0.0.dylib (0x15b25cd40). This may cause spurious casting failures and mysterious crashes. One of the duplicates must be removed or renamed.
objc[78506]: Class SDL_RumbleContext is implemented in both /Users/linmuyi/miniconda3/envs/llm_gs/lib/python3.9/site-packages/pygame/.dylibs/libSDL2-2.0.0.dylib (0x1074617c8) and /Users/linmuyi/miniconda3/envs/llm_gs/lib/python3.9/site-packages/cv2/.dylibs/libSDL2-2.0.0.dylib (0x15b25cd90). This may cause spurious casting failures and mysterious crashes. One of the duplicates must be removed or renamed.
  steps=  50000 held=0.00 scoring_steps=8665 (32s)
  steps= 100000 held=0.00 scoring_steps=8665 (57s)
  steps= 150000 held=0.00 scoring_steps=8665 (82s)
  steps= 200000 held=0.00 scoring_steps=8665 (128s)
  steps= 250000 held=0.03 scoring_steps=8665 (176s)
  steps= 300000 held=0.15 scoring_steps=53257 (216s)
  steps= 350000 held=0.14 scoring_steps=53257 (255s)
  steps= 400000 held=0.14 scoring_steps=53257 (295s)
  steps= 450000 held=0.05 scoring_steps=53257 (347s)
  steps= 500000 held=0.13 scoring_steps=53257 (386s)
  steps= 550000 held=0.03 scoring_steps=99909 (435s)
  steps= 600000 held=0.12 scoring_steps=99909 (468s)
  steps= 650000 held=0.02 scoring_steps=99909 (516s)
  steps= 700000 held=0.03 scoring_steps=99909 (564s)
  steps= 750000 held=0.13 scoring_steps=99909 (606s)
  steps= 800000 held=0.14 scoring_steps=135373 (658s)
  steps= 850000 held=0.16 scoring_steps=135373 (698s)
  steps= 900000 held=0.11 scoring_steps=135373 (732s)
  steps= 950000 held=0.20 scoring_steps=135373 (775s)
  steps=1000000 held=0.09 scoring_steps=135373 (812s)
  steps=1050000 held=0.19 scoring_steps=158621 (863s)
  steps=1100000 held=0.25 scoring_steps=158621 (912s)
  steps=1150000 held=0.19 scoring_steps=158621 (962s)
  steps=1200000 held=0.12 scoring_steps=158621 (1009s)
  steps=1250000 held=0.03 scoring_steps=158621 (1057s)
  steps=1300000 held=0.00 scoring_steps=213200 (1120s)
  steps=1350000 held=0.00 scoring_steps=213200 (1147s)
  steps=1400000 held=0.00 scoring_steps=213200 (1185s)
  steps=1450000 held=0.00 scoring_steps=213200 (1225s)
  steps=1500000 held=0.00 scoring_steps=213200 (1256s)
[sfl_small] DONE final=0.00 scoring_steps=213200
