/Users/linmuyi/miniconda3/envs/llm_gs/lib/python3.9/site-packages/pygame/pkgdata.py:25: UserWarning: pkg_resources is deprecated as an API. See https://setuptools.pypa.io/en/latest/pkg_resources.html. The pkg_resources package is slated for removal as early as 2025-11-30. Refrain from using this package or pin to Setuptools<81.
  from pkg_resources import resource_stream, resource_exists
[sfl_grader] held-out=36
objc[70912]: Class SDLApplication is implemented in both /Users/linmuyi/miniconda3/envs/llm_gs/lib/python3.9/site-packages/pygame/.dylibs/libSDL2-2.0.0.dylib (0x10d94d2c8) and /Users/linmuyi/miniconda3/envs/llm_gs/lib/python3.9/site-packages/cv2/.dylibs/libSDL2-2.0.0.dylib (0x301eb4890). This may cause spurious casting failures and mysterious crashes. One of the duplicates must be removed or renamed.
objc[70912]: Class SDLAppDelegate is implemented in both /Users/linmuyi/miniconda3/envs/llm_gs/lib/python3.9/site-packages/pygame/.dylibs/libSDL2-2.0.0.dylib (0x10d94d318) and /Users/linmuyi/miniconda3/envs/llm_gs/lib/python3.9/site-packages/cv2/.dylibs/libSDL2-2.0.0.dylib (0x301eb48e0). This may cause spurious casting failures and mysterious crashes. One of the duplicates must be removed or renamed.
objc[70912]: Class SDLTranslatorResponder is implemented in both /Users/linmuyi/miniconda3/envs/llm_gs/lib/python3.9/site-packages/pygame/.dylibs/libSDL2-2.0.0.dylib (0x10d94d390) and /Users/linmuyi/miniconda3/envs/llm_gs/lib/python3.9/site-packages/cv2/.dylibs/libSDL2-2.0.0.dylib (0x301eb4958). This may cause spurious casting failures and mysterious crashes. One of the duplicates must be removed or renamed.
objc[70912]: Class SDLMessageBoxPresenter is implemented in both /Users/linmuyi/miniconda3/envs/llm_gs/lib/python3.9/site-packages/pygame/.dylibs/libSDL2-2.0.0.dylib (0x10d94d3b8) and /Users/linmuyi/miniconda3/envs/llm_gs/lib/python3.9/site-packages/cv2/.dylibs/libSDL2-2.0.0.dylib (0x301eb4980). This may cause spurious casting failures and mysterious crashes. One of the duplicates must be removed or renamed.
objc[70912]: Class SDL_cocoametalview is implemented in both /Users/linmuyi/miniconda3/envs/llm_gs/lib/python3.9/site-packages/pygame/.dylibs/libSDL2-2.0.0.dylib (0x10d94d408) and /Users/linmuyi/miniconda3/envs/llm_gs/lib/python3.9/site-packages/cv2/.dylibs/libSDL2-2.0.0.dylib (0x301eb49d0). This may cause spurious casting failures and mysterious crashes. One of the duplicates must be removed or renamed.
objc[70912]: Class SDLOpenGLContext is implemented in both /Users/linmuyi/miniconda3/envs/llm_gs/lib/python3.9/site-packages/pygame/.dylibs/libSDL2-2.0.0.dylib (0x10d94d458) and /Users/linmuyi/miniconda3/envs/llm_gs/lib/python3.9/site-packages/cv2/.dylibs/libSDL2-2.0.0.dylib (0x301eb4a20). This may cause spurious casting failures and mysterious crashes. One of the duplicates must be removed or renamed.
objc[70912]: Class SDL_ShapeData is implemented in both /Users/linmuyi/miniconda3/envs/llm_gs/lib/python3.9/site-packages/pygame/.dylibs/libSDL2-2.0.0.dylib (0x10d94d4d0) and /Users/linmuyi/miniconda3/envs/llm_gs/lib/python3.9/site-packages/cv2/.dylibs/libSDL2-2.0.0.dylib (0x301eb4a98). This may cause spurious casting failures and mysterious crashes. One of the duplicates must be removed or renamed.
objc[70912]: Class SDL_CocoaClosure is implemented in both /Users/linmuyi/miniconda3/envs/llm_gs/lib/python3.9/site-packages/pygame/.dylibs/libSDL2-2.0.0.dylib (0x10d94d520) and /Users/linmuyi/miniconda3/envs/llm_gs/lib/python3.9/site-packages/cv2/.dylibs/libSDL2-2.0.0.dylib (0x301eb4ae8). This may cause spurious casting failures and mysterious crashes. One of the duplicates must be removed or renamed.
objc[70912]: Class SDL_VideoData is implemented in both /Users/linmuyi/miniconda3/envs/llm_gs/lib/python3.9/site-packages/pygame/.dylibs/libSDL2-2.0.0.dylib (0x10d94d570) and /Users/linmuyi/miniconda3/envs/llm_gs/lib/python3.9/site-packages/cv2/.dylibs/libSDL2-2.0.0.dylib (0x301eb4b38). This may cause spurious casting failures and mysterious crashes. One of the duplicates must be removed or renamed.
objc[70912]: Class SDL_WindowData is implemented in both /Users/linmuyi/miniconda3/envs/llm_gs/lib/python3.9/site-packages/pygame/.dylibs/libSDL2-2.0.0.dylib (0x10d94d5c0) and /Users/linmuyi/miniconda3/envs/llm_gs/lib/python3.9/site-packages/cv2/.dylibs/libSDL2-2.0.0.dylib (0x301eb4b88). This may cause spurious casting failures and mysterious crashes. One of the duplicates must be removed or renamed.
objc[70912]: Class SDLWindow is implemented in both /Users/linmuyi/miniconda3/envs/llm_gs/lib/python3.9/site-packages/pygame/.dylibs/libSDL2-2.0.0.dylib (0x10d94d5e8) and /Users/linmuyi/miniconda3/envs/llm_gs/lib/python3.9/site-packages/cv2/.dylibs/libSDL2-2.0.0.dylib (0x301eb4bb0). This may cause spurious casting failures and mysterious crashes. One of the duplicates must be removed or renamed.
objc[70912]: Class Cocoa_WindowListener is implemented in both /Users/linmuyi/miniconda3/envs/llm_gs/lib/python3.9/site-packages/pygame/.dylibs/libSDL2-2.0.0.dylib (0x10d94d610) and /Users/linmuyi/miniconda3/envs/llm_gs/lib/python3.9/site-packages/cv2/.dylibs/libSDL2-2.0.0.dylib (0x301eb4bd8). This may cause spurious casting failures and mysterious crashes. One of the duplicates must be removed or renamed.
objc[70912]: Class SDLView is implemented in both /Users/linmuyi/miniconda3/envs/llm_gs/lib/python3.9/site-packages/pygame/.dylibs/libSDL2-2.0.0.dylib (0x10d94d688) and /Users/linmuyi/miniconda3/envs/llm_gs/lib/python3.9/site-packages/cv2/.dylibs/libSDL2-2.0.0.dylib (0x301eb4c50). This may cause spurious casting failures and mysterious crashes. One of the duplicates must be removed or renamed.
objc[70912]: Class METAL_RenderData is implemented in both /Users/linmuyi/miniconda3/envs/llm_gs/lib/python3.9/site-packages/pygame/.dylibs/libSDL2-2.0.0.dylib (0x10d94d700) and /Users/linmuyi/miniconda3/envs/llm_gs/lib/python3.9/site-packages/cv2/.dylibs/libSDL2-2.0.0.dylib (0x301eb4cc8). This may cause spurious casting failures and mysterious crashes. One of the duplicates must be removed or renamed.
objc[70912]: Class METAL_TextureData is implemented in both /Users/linmuyi/miniconda3/envs/llm_gs/lib/python3.9/site-packages/pygame/.dylibs/libSDL2-2.0.0.dylib (0x10d94d750) and /Users/linmuyi/miniconda3/envs/llm_gs/lib/python3.9/site-packages/cv2/.dylibs/libSDL2-2.0.0.dylib (0x301eb4d18). This may cause spurious casting failures and mysterious crashes. One of the duplicates must be removed or renamed.
objc[70912]: Class SDL_RumbleMotor is implemented in both /Users/linmuyi/miniconda3/envs/llm_gs/lib/python3.9/site-packages/pygame/.dylibs/libSDL2-2.0.0.dylib (0x10d94d778) and /Users/linmuyi/miniconda3/envs/llm_gs/lib/python3.9/site-packages/cv2/.dylibs/libSDL2-2.0.0.dylib (0x301eb4d40). This may cause spurious casting failures and mysterious crashes. One of the duplicates must be removed or renamed.
objc[70912]: Class SDL_RumbleContext is implemented in both /Users/linmuyi/miniconda3/envs/llm_gs/lib/python3.9/site-packages/pygame/.dylibs/libSDL2-2.0.0.dylib (0x10d94d7c8) and /Users/linmuyi/miniconda3/envs/llm_gs/lib/python3.9/site-packages/cv2/.dylibs/libSDL2-2.0.0.dylib (0x301eb4d90). This may cause spurious casting failures and mysterious crashes. One of the duplicates must be removed or renamed.
  steps=  50000 held=0.00 scoring_steps=6155 (41s)
  steps= 100000 held=0.00 scoring_steps=6155 (79s)
  steps= 150000 held=0.00 scoring_steps=6155 (123s)
  steps= 200000 held=0.00 scoring_steps=6155 (165s)
  steps= 250000 held=0.00 scoring_steps=6155 (194s)
  steps= 300000 held=0.00 scoring_steps=13405 (235s)
  steps= 350000 held=0.00 scoring_steps=13405 (269s)
  steps= 400000 held=0.00 scoring_steps=13405 (307s)
  steps= 450000 held=0.00 scoring_steps=13405 (341s)
  steps= 500000 held=0.00 scoring_steps=13405 (376s)
  steps= 550000 held=0.00 scoring_steps=42039 (417s)
  steps= 600000 held=0.00 scoring_steps=42039 (442s)
  steps= 650000 held=0.09 scoring_steps=42039 (481s)
  steps= 700000 held=0.14 scoring_steps=42039 (523s)
  steps= 750000 held=0.14 scoring_steps=42039 (566s)
  steps= 800000 held=0.14 scoring_steps=70839 (620s)
  steps= 850000 held=0.16 scoring_steps=70839 (665s)
  steps= 900000 held=0.22 scoring_steps=70839 (710s)
  steps= 950000 held=0.32 scoring_steps=70839 (751s)
  steps=1000000 held=0.32 scoring_steps=70839 (792s)
  steps=1050000 held=0.33 scoring_steps=106190 (843s)
  steps=1100000 held=0.40 scoring_steps=106190 (882s)
  steps=1150000 held=0.44 scoring_steps=106190 (922s)
  steps=1200000 held=0.50 scoring_steps=106190 (962s)
  steps=1250000 held=0.55 scoring_steps=106190 (1002s)
  steps=1300000 held=0.57 scoring_steps=137950 (1051s)
  steps=1350000 held=0.65 scoring_steps=137950 (1089s)
  steps=1400000 held=0.57 scoring_steps=137950 (1128s)
  steps=1450000 held=0.63 scoring_steps=137950 (1164s)
  steps=1500000 held=0.66 scoring_steps=137950 (1203s)
[sfl_grader] DONE final=0.66 scoring_steps=137950
