/Users/linmuyi/miniconda3/envs/llm_gs/lib/python3.9/site-packages/pygame/pkgdata.py:25: UserWarning: pkg_resources is deprecated as an API. See https://setuptools.pypa.io/en/latest/pkg_resources.html. The pkg_resources package is slated for removal as early as 2025-11-30. Refrain from using this package or pin to Setuptools<81.
  from pkg_resources import resource_stream, resource_exists
[sfl_small] held-out=36
objc[66008]: Class SDLApplication is implemented in both /Users/linmuyi/miniconda3/envs/llm_gs/lib/python3.9/site-packages/pygame/.dylibs/libSDL2-2.0.0.dylib (0x107d192c8) and /Users/linmuyi/miniconda3/envs/llm_gs/lib/python3.9/site-packages/cv2/.dylibs/libSDL2-2.0.0.dylib (0x16ac64890). This may cause spurious casting failures and mysterious crashes. One of the duplicates must be removed or renamed.
objc[66008]: Class SDLAppDelegate is implemented in both /Users/linmuyi/miniconda3/envs/llm_gs/lib/python3.9/site-packages/pygame/.dylibs/libSDL2-2.0.0.dylib (0x107d19318) and /Users/linmuyi/miniconda3/envs/llm_gs/lib/python3.9/site-packages/cv2/.dylibs/libSDL2-2.0.0.dylib (0x16ac648e0). This may cause spurious casting failures and mysterious crashes. One of the duplicates must be removed or renamed.
objc[66008]: Class SDLTranslatorResponder is implemented in both /Users/linmuyi/miniconda3/envs/llm_gs/lib/python3.9/site-packages/pygame/.dylibs/libSDL2-2.0.0.dylib (0x107d19390) and /Users/linmuyi/miniconda3/envs/llm_gs/lib/python3.9/site-packages/cv2/.dylibs/libSDL2-2.0.0.dylib (0x16ac64958). This may cause spurious casting failures and mysterious crashes. One of the duplicates must be removed or renamed.
objc[66008]: Class SDLMessageBoxPresenter is implemented in both /Users/linmuyi/miniconda3/envs/llm_gs/lib/python3.9/site-packages/pygame/.dylibs/libSDL2-2.0.0.dylib (0x107d193b8) and /Users/linmuyi/miniconda3/envs/llm_gs/lib/python3.9/site-packages/cv2/.dylibs/libSDL2-2.0.0.dylib (0x16ac64980). This may cause spurious casting failures and mysterious crashes. One of the duplicates must be removed or renamed.
objc[66008]: Class SDL_cocoametalview is implemented in both /Users/linmuyi/miniconda3/envs/llm_gs/lib/python3.9/site-packages/pygame/.dylibs/libSDL2-2.0.0.dylib (0x107d19408) and /Users/linmuyi/miniconda3/envs/llm_gs/lib/python3.9/site-packages/cv2/.dylibs/libSDL2-2.0.0.dylib (0x16ac649d0). This may cause spurious casting failures and mysterious crashes. One of the duplicates must be removed or renamed.
objc[66008]: Class SDLOpenGLContext is implemented in both /Users/linmuyi/miniconda3/envs/llm_gs/lib/python3.9/site-packages/pygame/.dylibs/libSDL2-2.0.0.dylib (0x107d19458) and /Users/linmuyi/miniconda3/envs/llm_gs/lib/python3.9/site-packages/cv2/.dylibs/libSDL2-2.0.0.dylib (0x16ac64a20). This may cause spurious casting failures and mysterious crashes. One of the duplicates must be removed or renamed.
objc[66008]: Class SDL_ShapeData is implemented in both /Users/linmuyi/miniconda3/envs/llm_gs/lib/python3.9/site-packages/pygame/.dylibs/libSDL2-2.0.0.dylib (0x107d194d0) and /Users/linmuyi/miniconda3/envs/llm_gs/lib/python3.9/site-packages/cv2/.dylibs/libSDL2-2.0.0.dylib (0x16ac64a98). This may cause spurious casting failures and mysterious crashes. One of the duplicates must be removed or renamed.
objc[66008]: Class SDL_CocoaClosure is implemented in both /Users/linmuyi/miniconda3/envs/llm_gs/lib/python3.9/site-packages/pygame/.dylibs/libSDL2-2.0.0.dylib (0x107d19520) and /Users/linmuyi/miniconda3/envs/llm_gs/lib/python3.9/site-packages/cv2/.dylibs/libSDL2-2.0.0.dylib (0x16ac64ae8). This may cause spurious casting failures and mysterious crashes. One of the duplicates must be removed or renamed.
objc[66008]: Class SDL_VideoData is implemented in both /Users/linmuyi/miniconda3/envs/llm_gs/lib/python3.9/site-packages/pygame/.dylibs/libSDL2-2.0.0.dylib (0x107d19570) and /Users/linmuyi/miniconda3/envs/llm_gs/lib/python3.9/site-packages/cv2/.dylibs/libSDL2-2.0.0.dylib (0x16ac64b38). This may cause spurious casting failures and mysterious crashes. One of the duplicates must be removed or renamed.
objc[66008]: Class SDL_WindowData is implemented in both /Users/linmuyi/miniconda3/envs/llm_gs/lib/python3.9/site-packages/pygame/.dylibs/libSDL2-2.0.0.dylib (0x107d195c0) and /Users/linmuyi/miniconda3/envs/llm_gs/lib/python3.9/site-packages/cv2/.dylibs/libSDL2-2.0.0.dylib (0x16ac64b88). This may cause spurious casting failures and mysterious crashes. One of the duplicates must be removed or renamed.
objc[66008]: Class SDLWindow is implemented in both /Users/linmuyi/miniconda3/envs/llm_gs/lib/python3.9/site-packages/pygame/.dylibs/libSDL2-2.0.0.dylib (0x107d195e8) and /Users/linmuyi/miniconda3/envs/llm_gs/lib/python3.9/site-packages/cv2/.dylibs/libSDL2-2.0.0.dylib (0x16ac64bb0). This may cause spurious casting failures and mysterious crashes. One of the duplicates must be removed or renamed.
objc[66008]: Class Cocoa_WindowListener is implemented in both /Users/linmuyi/miniconda3/envs/llm_gs/lib/python3.9/site-packages/pygame/.dylibs/libSDL2-2.0.0.dylib (0x107d19610) and /Users/linmuyi/miniconda3/envs/llm_gs/lib/python3.9/site-packages/cv2/.dylibs/libSDL2-2.0.0.dylib (0x16ac64bd8). This may cause spurious casting failures and mysterious crashes. One of the duplicates must be removed or renamed.
objc[66008]: Class SDLView is implemented in both /Users/linmuyi/miniconda3/envs/llm_gs/lib/python3.9/site-packages/pygame/.dylibs/libSDL2-2.0.0.dylib (0x107d19688) and /Users/linmuyi/miniconda3/envs/llm_gs/lib/python3.9/site-packages/cv2/.dylibs/libSDL2-2.0.0.dylib (0x16ac64c50). This may cause spurious casting failures and mysterious crashes. One of the duplicates must be removed or renamed.
objc[66008]: Class METAL_RenderData is implemented in both /Users/linmuyi/miniconda3/envs/llm_gs/lib/python3.9/site-packages/pygame/.dylibs/libSDL2-2.0.0.dylib (0x107d19700) and /Users/linmuyi/miniconda3/envs/llm_gs/lib/python3.9/site-packages/cv2/.dylibs/libSDL2-2.0.0.dylib (0x16ac64cc8). This may cause spurious casting failures and mysterious crashes. One of the duplicates must be removed or renamed.
objc[66008]: Class METAL_TextureData is implemented in both /Users/linmuyi/miniconda3/envs/llm_gs/lib/python3.9/site-packages/pygame/.dylibs/libSDL2-2.0.0.dylib (0x107d19750) and /Users/linmuyi/miniconda3/envs/llm_gs/lib/python3.9/site-packages/cv2/.dylibs/libSDL2-2.0.0.dylib (0x16ac64d18). This may cause spurious casting failures and mysterious crashes. One of the duplicates must be removed or renamed.
objc[66008]: Class SDL_RumbleMotor is implemented in both /Users/linmuyi/miniconda3/envs/llm_gs/lib/python3.9/site-packages/pygame/.dylibs/libSDL2-2.0.0.dylib (0x107d19778) and /Users/linmuyi/miniconda3/envs/llm_gs/lib/python3.9/site-packages/cv2/.dylibs/libSDL2-2.0.0.dylib (0x16ac64d40). This may cause spurious casting failures and mysterious crashes. One of the duplicates must be removed or renamed.
objc[66008]: Class SDL_RumbleContext is implemented in both /Users/linmuyi/miniconda3/envs/llm_gs/lib/python3.9/site-packages/pygame/.dylibs/libSDL2-2.0.0.dylib (0x107d197c8) and /Users/linmuyi/miniconda3/envs/llm_gs/lib/python3.9/site-packages/cv2/.dylibs/libSDL2-2.0.0.dylib (0x16ac64d90). This may cause spurious casting failures and mysterious crashes. One of the duplicates must be removed or renamed.
  steps=  50000 held=0.00 scoring_steps=8718 (54s)
  steps= 100000 held=0.00 scoring_steps=8718 (100s)
  steps= 150000 held=0.01 scoring_steps=8718 (146s)
  steps= 200000 held=0.00 scoring_steps=8718 (193s)
  steps= 250000 held=0.01 scoring_steps=8718 (236s)
  steps= 300000 held=0.00 scoring_steps=11338 (279s)
  steps= 350000 held=0.00 scoring_steps=11338 (320s)
  steps= 400000 held=0.01 scoring_steps=11338 (360s)
  steps= 450000 held=0.01 scoring_steps=11338 (401s)
  steps= 500000 held=0.00 scoring_steps=11338 (443s)
  steps= 550000 held=0.00 scoring_steps=14370 (486s)
  steps= 600000 held=0.00 scoring_steps=14370 (527s)
  steps= 650000 held=0.00 scoring_steps=14370 (569s)
  steps= 700000 held=0.00 scoring_steps=14370 (612s)
  steps= 750000 held=0.06 scoring_steps=14370 (670s)
  steps= 800000 held=0.08 scoring_steps=22467 (756s)
  steps= 850000 held=0.10 scoring_steps=22467 (831s)
  steps= 900000 held=0.10 scoring_steps=22467 (916s)
  steps= 950000 held=0.17 scoring_steps=22467 (989s)
  steps=1000000 held=0.07 scoring_steps=22467 (1084s)
  steps=1050000 held=0.16 scoring_steps=80711 (1188s)
  steps=1100000 held=0.24 scoring_steps=80711 (1283s)
  steps=1150000 held=0.25 scoring_steps=80711 (1397s)
  steps=1200000 held=0.38 scoring_steps=80711 (1479s)
  steps=1250000 held=0.39 scoring_steps=80711 (1590s)
  steps=1300000 held=0.34 scoring_steps=121996 (1766s)
  steps=1350000 held=0.26 scoring_steps=121996 (1906s)
  steps=1400000 held=0.43 scoring_steps=121996 (2025s)
  steps=1450000 held=0.49 scoring_steps=121996 (2144s)
  steps=1500000 held=0.56 scoring_steps=121996 (2265s)
[sfl_small] DONE final=0.56 scoring_steps=121996
