/Users/linmuyi/miniconda3/envs/llm_gs/lib/python3.9/site-packages/pygame/pkgdata.py:25: UserWarning: pkg_resources is deprecated as an API. See https://setuptools.pypa.io/en/latest/pkg_resources.html. The pkg_resources package is slated for removal as early as 2025-11-30. Refrain from using this package or pin to Setuptools<81.
  from pkg_resources import resource_stream, resource_exists
[sfl_small] held-out=36
objc[85326]: Class SDLApplication is implemented in both /Users/linmuyi/miniconda3/envs/llm_gs/lib/python3.9/site-packages/pygame/.dylibs/libSDL2-2.0.0.dylib (0x10794d2c8) and /Users/linmuyi/miniconda3/envs/llm_gs/lib/python3.9/site-packages/cv2/.dylibs/libSDL2-2.0.0.dylib (0x30a0a8890). This may cause spurious casting failures and mysterious crashes. One of the duplicates must be removed or renamed.
objc[85326]: Class SDLAppDelegate is implemented in both /Users/linmuyi/miniconda3/envs/llm_gs/lib/python3.9/site-packages/pygame/.dylibs/libSDL2-2.0.0.dylib (0x10794d318) and /Users/linmuyi/miniconda3/envs/llm_gs/lib/python3.9/site-packages/cv2/.dylibs/libSDL2-2.0.0.dylib (0x30a0a88e0). This may cause spurious casting failures and mysterious crashes. One of the duplicates must be removed or renamed.
objc[85326]: Class SDLTranslatorResponder is implemented in both /Users/linmuyi/miniconda3/envs/llm_gs/lib/python3.9/site-packages/pygame/.dylibs/libSDL2-2.0.0.dylib (0x10794d390) and /Users/linmuyi/miniconda3/envs/llm_gs/lib/python3.9/site-packages/cv2/.dylibs/libSDL2-2.0.0.dylib (0x30a0a8958). This may cause spurious casting failures and mysterious crashes. One of the duplicates must be removed or renamed.
objc[85326]: Class SDLMessageBoxPresenter is implemented in both /Users/linmuyi/miniconda3/envs/llm_gs/lib/python3.9/site-packages/pygame/.dylibs/libSDL2-2.0.0.dylib (0x10794d3b8) and /Users/linmuyi/miniconda3/envs/llm_gs/lib/python3.9/site-packages/cv2/.dylibs/libSDL2-2.0.0.dylib (0x30a0a8980). This may cause spurious casting failures and mysterious crashes. One of the duplicates must be removed or renamed.
objc[85326]: Class SDL_cocoametalview is implemented in both /Users/linmuyi/miniconda3/envs/llm_gs/lib/python3.9/site-packages/pygame/.dylibs/libSDL2-2.0.0.dylib (0x10794d408) and /Users/linmuyi/miniconda3/envs/llm_gs/lib/python3.9/site-packages/cv2/.dylibs/libSDL2-2.0.0.dylib (0x30a0a89d0). This may cause spurious casting failures and mysterious crashes. One of the duplicates must be removed or renamed.
objc[85326]: Class SDLOpenGLContext is implemented in both /Users/linmuyi/miniconda3/envs/llm_gs/lib/python3.9/site-packages/pygame/.dylibs/libSDL2-2.0.0.dylib (0x10794d458) and /Users/linmuyi/miniconda3/envs/llm_gs/lib/python3.9/site-packages/cv2/.dylibs/libSDL2-2.0.0.dylib (0x30a0a8a20). This may cause spurious casting failures and mysterious crashes. One of the duplicates must be removed or renamed.
objc[85326]: Class SDL_ShapeData is implemented in both /Users/linmuyi/miniconda3/envs/llm_gs/lib/python3.9/site-packages/pygame/.dylibs/libSDL2-2.0.0.dylib (0x10794d4d0) and /Users/linmuyi/miniconda3/envs/llm_gs/lib/python3.9/site-packages/cv2/.dylibs/libSDL2-2.0.0.dylib (0x30a0a8a98). This may cause spurious casting failures and mysterious crashes. One of the duplicates must be removed or renamed.
objc[85326]: Class SDL_CocoaClosure is implemented in both /Users/linmuyi/miniconda3/envs/llm_gs/lib/python3.9/site-packages/pygame/.dylibs/libSDL2-2.0.0.dylib (0x10794d520) and /Users/linmuyi/miniconda3/envs/llm_gs/lib/python3.9/site-packages/cv2/.dylibs/libSDL2-2.0.0.dylib (0x30a0a8ae8). This may cause spurious casting failures and mysterious crashes. One of the duplicates must be removed or renamed.
objc[85326]: Class SDL_VideoData is implemented in both /Users/linmuyi/miniconda3/envs/llm_gs/lib/python3.9/site-packages/pygame/.dylibs/libSDL2-2.0.0.dylib (0x10794d570) and /Users/linmuyi/miniconda3/envs/llm_gs/lib/python3.9/site-packages/cv2/.dylibs/libSDL2-2.0.0.dylib (0x30a0a8b38). This may cause spurious casting failures and mysterious crashes. One of the duplicates must be removed or renamed.
objc[85326]: Class SDL_WindowData is implemented in both /Users/linmuyi/miniconda3/envs/llm_gs/lib/python3.9/site-packages/pygame/.dylibs/libSDL2-2.0.0.dylib (0x10794d5c0) and /Users/linmuyi/miniconda3/envs/llm_gs/lib/python3.9/site-packages/cv2/.dylibs/libSDL2-2.0.0.dylib (0x30a0a8b88). This may cause spurious casting failures and mysterious crashes. One of the duplicates must be removed or renamed.
objc[85326]: Class SDLWindow is implemented in both /Users/linmuyi/miniconda3/envs/llm_gs/lib/python3.9/site-packages/pygame/.dylibs/libSDL2-2.0.0.dylib (0x10794d5e8) and /Users/linmuyi/miniconda3/envs/llm_gs/lib/python3.9/site-packages/cv2/.dylibs/libSDL2-2.0.0.dylib (0x30a0a8bb0). This may cause spurious casting failures and mysterious crashes. One of the duplicates must be removed or renamed.
objc[85326]: Class Cocoa_WindowListener is implemented in both /Users/linmuyi/miniconda3/envs/llm_gs/lib/python3.9/site-packages/pygame/.dylibs/libSDL2-2.0.0.dylib (0x10794d610) and /Users/linmuyi/miniconda3/envs/llm_gs/lib/python3.9/site-packages/cv2/.dylibs/libSDL2-2.0.0.dylib (0x30a0a8bd8). This may cause spurious casting failures and mysterious crashes. One of the duplicates must be removed or renamed.
objc[85326]: Class SDLView is implemented in both /Users/linmuyi/miniconda3/envs/llm_gs/lib/python3.9/site-packages/pygame/.dylibs/libSDL2-2.0.0.dylib (0x10794d688) and /Users/linmuyi/miniconda3/envs/llm_gs/lib/python3.9/site-packages/cv2/.dylibs/libSDL2-2.0.0.dylib (0x30a0a8c50). This may cause spurious casting failures and mysterious crashes. One of the duplicates must be removed or renamed.
objc[85326]: Class METAL_RenderData is implemented in both /Users/linmuyi/miniconda3/envs/llm_gs/lib/python3.9/site-packages/pygame/.dylibs/libSDL2-2.0.0.dylib (0x10794d700) and /Users/linmuyi/miniconda3/envs/llm_gs/lib/python3.9/site-packages/cv2/.dylibs/libSDL2-2.0.0.dylib (0x30a0a8cc8). This may cause spurious casting failures and mysterious crashes. One of the duplicates must be removed or renamed.
objc[85326]: Class METAL_TextureData is implemented in both /Users/linmuyi/miniconda3/envs/llm_gs/lib/python3.9/site-packages/pygame/.dylibs/libSDL2-2.0.0.dylib (0x10794d750) and /Users/linmuyi/miniconda3/envs/llm_gs/lib/python3.9/site-packages/cv2/.dylibs/libSDL2-2.0.0.dylib (0x30a0a8d18). This may cause spurious casting failures and mysterious crashes. One of the duplicates must be removed or renamed.
objc[85326]: Class SDL_RumbleMotor is implemented in both /Users/linmuyi/miniconda3/envs/llm_gs/lib/python3.9/site-packages/pygame/.dylibs/libSDL2-2.0.0.dylib (0x10794d778) and /Users/linmuyi/miniconda3/envs/llm_gs/lib/python3.9/site-packages/cv2/.dylibs/libSDL2-2.0.0.dylib (0x30a0a8d40). This may cause spurious casting failures and mysterious crashes. One of the duplicates must be removed or renamed.
objc[85326]: Class SDL_RumbleContext is implemented in both /Users/linmuyi/miniconda3/envs/llm_gs/lib/python3.9/site-packages/pygame/.dylibs/libSDL2-2.0.0.dylib (0x10794d7c8) and /Users/linmuyi/miniconda3/envs/llm_gs/lib/python3.9/site-packages/cv2/.dylibs/libSDL2-2.0.0.dylib (0x30a0a8d90). This may cause spurious casting failures and mysterious crashes. One of the duplicates must be removed or renamed.
  steps=  50000 held=0.00 scoring_steps=8459 (34s)
  steps= 100000 held=0.01 scoring_steps=8459 (62s)
  steps= 150000 held=0.01 scoring_steps=8459 (97s)
  steps= 200000 held=0.00 scoring_steps=8459 (132s)
  steps= 250000 held=0.01 scoring_steps=8459 (175s)
  steps= 300000 held=0.03 scoring_steps=50028 (232s)
  steps= 350000 held=0.03 scoring_steps=50028 (272s)
  steps= 400000 held=0.01 scoring_steps=50028 (302s)
  steps= 450000 held=0.00 scoring_steps=50028 (337s)
  steps= 500000 held=0.00 scoring_steps=50028 (369s)
  steps= 550000 held=0.00 scoring_steps=74375 (412s)
  steps= 600000 held=0.00 scoring_steps=74375 (448s)
  steps= 650000 held=0.00 scoring_steps=74375 (478s)
  steps= 700000 held=0.00 scoring_steps=74375 (514s)
  steps= 750000 held=0.00 scoring_steps=74375 (550s)
  steps= 800000 held=0.00 scoring_steps=96600 (588s)
  steps= 850000 held=0.01 scoring_steps=96600 (617s)
  steps= 900000 held=0.00 scoring_steps=96600 (651s)
  steps= 950000 held=0.00 scoring_steps=96600 (682s)
  steps=1000000 held=0.00 scoring_steps=96600 (727s)
  steps=1050000 held=0.01 scoring_steps=158788 (787s)
  steps=1100000 held=0.00 scoring_steps=158788 (826s)
  steps=1150000 held=0.00 scoring_steps=158788 (855s)
  steps=1200000 held=0.00 scoring_steps=158788 (886s)
  steps=1250000 held=0.00 scoring_steps=158788 (909s)
  steps=1300000 held=0.00 scoring_steps=163108 (947s)
  steps=1350000 held=0.00 scoring_steps=163108 (991s)
  steps=1400000 held=0.00 scoring_steps=163108 (1033s)
  steps=1450000 held=0.00 scoring_steps=163108 (1074s)
  steps=1500000 held=0.00 scoring_steps=163108 (1097s)
[sfl_small] DONE final=0.00 scoring_steps=163108
