/Users/linmuyi/miniconda3/envs/llm_gs/lib/python3.9/site-packages/pygame/pkgdata.py:25: UserWarning: pkg_resources is deprecated as an API. See https://setuptools.pypa.io/en/latest/pkg_resources.html. The pkg_resources package is slated for removal as early as 2025-11-30. Refrain from using this package or pin to Setuptools<81.
  from pkg_resources import resource_stream, resource_exists
[sfl_grader] held-out=36
objc[3808]: Class SDLApplication is implemented in both /Users/linmuyi/miniconda3/envs/llm_gs/lib/python3.9/site-packages/pygame/.dylibs/libSDL2-2.0.0.dylib (0x10ad092c8) and /Users/linmuyi/miniconda3/envs/llm_gs/lib/python3.9/site-packages/cv2/.dylibs/libSDL2-2.0.0.dylib (0x3124f8890). This may cause spurious casting failures and mysterious crashes. One of the duplicates must be removed or renamed.
objc[3808]: Class SDLAppDelegate is implemented in both /Users/linmuyi/miniconda3/envs/llm_gs/lib/python3.9/site-packages/pygame/.dylibs/libSDL2-2.0.0.dylib (0x10ad09318) and /Users/linmuyi/miniconda3/envs/llm_gs/lib/python3.9/site-packages/cv2/.dylibs/libSDL2-2.0.0.dylib (0x3124f88e0). This may cause spurious casting failures and mysterious crashes. One of the duplicates must be removed or renamed.
objc[3808]: Class SDLTranslatorResponder is implemented in both /Users/linmuyi/miniconda3/envs/llm_gs/lib/python3.9/site-packages/pygame/.dylibs/libSDL2-2.0.0.dylib (0x10ad09390) and /Users/linmuyi/miniconda3/envs/llm_gs/lib/python3.9/site-packages/cv2/.dylibs/libSDL2-2.0.0.dylib (0x3124f8958). This may cause spurious casting failures and mysterious crashes. One of the duplicates must be removed or renamed.
objc[3808]: Class SDLMessageBoxPresenter is implemented in both /Users/linmuyi/miniconda3/envs/llm_gs/lib/python3.9/site-packages/pygame/.dylibs/libSDL2-2.0.0.dylib (0x10ad093b8) and /Users/linmuyi/miniconda3/envs/llm_gs/lib/python3.9/site-packages/cv2/.dylibs/libSDL2-2.0.0.dylib (0x3124f8980). This may cause spurious casting failures and mysterious crashes. One of the duplicates must be removed or renamed.
objc[3808]: Class SDL_cocoametalview is implemented in both /Users/linmuyi/miniconda3/envs/llm_gs/lib/python3.9/site-packages/pygame/.dylibs/libSDL2-2.0.0.dylib (0x10ad09408) and /Users/linmuyi/miniconda3/envs/llm_gs/lib/python3.9/site-packages/cv2/.dylibs/libSDL2-2.0.0.dylib (0x3124f89d0). This may cause spurious casting failures and mysterious crashes. One of the duplicates must be removed or renamed.
objc[3808]: Class SDLOpenGLContext is implemented in both /Users/linmuyi/miniconda3/envs/llm_gs/lib/python3.9/site-packages/pygame/.dylibs/libSDL2-2.0.0.dylib (0x10ad09458) and /Users/linmuyi/miniconda3/envs/llm_gs/lib/python3.9/site-packages/cv2/.dylibs/libSDL2-2.0.0.dylib (0x3124f8a20). This may cause spurious casting failures and mysterious crashes. One of the duplicates must be removed or renamed.
objc[3808]: Class SDL_ShapeData is implemented in both /Users/linmuyi/miniconda3/envs/llm_gs/lib/python3.9/site-packages/pygame/.dylibs/libSDL2-2.0.0.dylib (0x10ad094d0) and /Users/linmuyi/miniconda3/envs/llm_gs/lib/python3.9/site-packages/cv2/.dylibs/libSDL2-2.0.0.dylib (0x3124f8a98). This may cause spurious casting failures and mysterious crashes. One of the duplicates must be removed or renamed.
objc[3808]: Class SDL_CocoaClosure is implemented in both /Users/linmuyi/miniconda3/envs/llm_gs/lib/python3.9/site-packages/pygame/.dylibs/libSDL2-2.0.0.dylib (0x10ad09520) and /Users/linmuyi/miniconda3/envs/llm_gs/lib/python3.9/site-packages/cv2/.dylibs/libSDL2-2.0.0.dylib (0x3124f8ae8). This may cause spurious casting failures and mysterious crashes. One of the duplicates must be removed or renamed.
objc[3808]: Class SDL_VideoData is implemented in both /Users/linmuyi/miniconda3/envs/llm_gs/lib/python3.9/site-packages/pygame/.dylibs/libSDL2-2.0.0.dylib (0x10ad09570) and /Users/linmuyi/miniconda3/envs/llm_gs/lib/python3.9/site-packages/cv2/.dylibs/libSDL2-2.0.0.dylib (0x3124f8b38). This may cause spurious casting failures and mysterious crashes. One of the duplicates must be removed or renamed.
objc[3808]: Class SDL_WindowData is implemented in both /Users/linmuyi/miniconda3/envs/llm_gs/lib/python3.9/site-packages/pygame/.dylibs/libSDL2-2.0.0.dylib (0x10ad095c0) and /Users/linmuyi/miniconda3/envs/llm_gs/lib/python3.9/site-packages/cv2/.dylibs/libSDL2-2.0.0.dylib (0x3124f8b88). This may cause spurious casting failures and mysterious crashes. One of the duplicates must be removed or renamed.
objc[3808]: Class SDLWindow is implemented in both /Users/linmuyi/miniconda3/envs/llm_gs/lib/python3.9/site-packages/pygame/.dylibs/libSDL2-2.0.0.dylib (0x10ad095e8) and /Users/linmuyi/miniconda3/envs/llm_gs/lib/python3.9/site-packages/cv2/.dylibs/libSDL2-2.0.0.dylib (0x3124f8bb0). This may cause spurious casting failures and mysterious crashes. One of the duplicates must be removed or renamed.
objc[3808]: Class Cocoa_WindowListener is implemented in both /Users/linmuyi/miniconda3/envs/llm_gs/lib/python3.9/site-packages/pygame/.dylibs/libSDL2-2.0.0.dylib (0x10ad09610) and /Users/linmuyi/miniconda3/envs/llm_gs/lib/python3.9/site-packages/cv2/.dylibs/libSDL2-2.0.0.dylib (0x3124f8bd8). This may cause spurious casting failures and mysterious crashes. One of the duplicates must be removed or renamed.
objc[3808]: Class SDLView is implemented in both /Users/linmuyi/miniconda3/envs/llm_gs/lib/python3.9/site-packages/pygame/.dylibs/libSDL2-2.0.0.dylib (0x10ad09688) and /Users/linmuyi/miniconda3/envs/llm_gs/lib/python3.9/site-packages/cv2/.dylibs/libSDL2-2.0.0.dylib (0x3124f8c50). This may cause spurious casting failures and mysterious crashes. One of the duplicates must be removed or renamed.
objc[3808]: Class METAL_RenderData is implemented in both /Users/linmuyi/miniconda3/envs/llm_gs/lib/python3.9/site-packages/pygame/.dylibs/libSDL2-2.0.0.dylib (0x10ad09700) and /Users/linmuyi/miniconda3/envs/llm_gs/lib/python3.9/site-packages/cv2/.dylibs/libSDL2-2.0.0.dylib (0x3124f8cc8). This may cause spurious casting failures and mysterious crashes. One of the duplicates must be removed or renamed.
objc[3808]: Class METAL_TextureData is implemented in both /Users/linmuyi/miniconda3/envs/llm_gs/lib/python3.9/site-packages/pygame/.dylibs/libSDL2-2.0.0.dylib (0x10ad09750) and /Users/linmuyi/miniconda3/envs/llm_gs/lib/python3.9/site-packages/cv2/.dylibs/libSDL2-2.0.0.dylib (0x3124f8d18). This may cause spurious casting failures and mysterious crashes. One of the duplicates must be removed or renamed.
objc[3808]: Class SDL_RumbleMotor is implemented in both /Users/linmuyi/miniconda3/envs/llm_gs/lib/python3.9/site-packages/pygame/.dylibs/libSDL2-2.0.0.dylib (0x10ad09778) and /Users/linmuyi/miniconda3/envs/llm_gs/lib/python3.9/site-packages/cv2/.dylibs/libSDL2-2.0.0.dylib (0x3124f8d40). This may cause spurious casting failures and mysterious crashes. One of the duplicates must be removed or renamed.
objc[3808]: Class SDL_RumbleContext is implemented in both /Users/linmuyi/miniconda3/envs/llm_gs/lib/python3.9/site-packages/pygame/.dylibs/libSDL2-2.0.0.dylib (0x10ad097c8) and /Users/linmuyi/miniconda3/envs/llm_gs/lib/python3.9/site-packages/cv2/.dylibs/libSDL2-2.0.0.dylib (0x3124f8d90). This may cause spurious casting failures and mysterious crashes. One of the duplicates must be removed or renamed.
  steps=  50000 held=0.00 scoring_steps=7555 (61s)
  steps= 100000 held=0.00 scoring_steps=7555 (110s)
  steps= 150000 held=0.01 scoring_steps=7555 (153s)
  steps= 200000 held=0.00 scoring_steps=7555 (195s)
  steps= 250000 held=0.00 scoring_steps=7555 (238s)
  steps= 300000 held=0.00 scoring_steps=8507 (304s)
  steps= 350000 held=0.00 scoring_steps=8507 (369s)
  steps= 400000 held=0.00 scoring_steps=8507 (441s)
  steps= 450000 held=0.03 scoring_steps=8507 (527s)
  steps= 500000 held=0.14 scoring_steps=8507 (635s)
  steps= 550000 held=0.14 scoring_steps=64936 (764s)
  steps= 600000 held=0.06 scoring_steps=64936 (841s)
  steps= 650000 held=0.06 scoring_steps=64936 (924s)
  steps= 700000 held=0.02 scoring_steps=64936 (1011s)
  steps= 750000 held=0.00 scoring_steps=64936 (1087s)
  steps= 800000 held=0.00 scoring_steps=107707 (1187s)
  steps= 850000 held=0.08 scoring_steps=107707 (1272s)
  steps= 900000 held=0.17 scoring_steps=107707 (1344s)
  steps= 950000 held=0.47 scoring_steps=107707 (1411s)
  steps=1000000 held=0.56 scoring_steps=107707 (1476s)
  steps=1050000 held=0.62 scoring_steps=149564 (1557s)
  steps=1100000 held=0.62 scoring_steps=149564 (1604s)
  steps=1150000 held=0.78 scoring_steps=149564 (1639s)
  steps=1200000 held=0.73 scoring_steps=149564 (1679s)
  steps=1250000 held=0.61 scoring_steps=149564 (1722s)
  steps=1300000 held=0.53 scoring_steps=171809 (1775s)
  steps=1350000 held=0.45 scoring_steps=171809 (1820s)
  steps=1400000 held=0.27 scoring_steps=171809 (1868s)
  steps=1450000 held=0.47 scoring_steps=171809 (1912s)
  steps=1500000 held=0.81 scoring_steps=171809 (1946s)
[sfl_grader] DONE final=0.81 scoring_steps=171809
