/Users/linmuyi/miniconda3/envs/llm_gs/lib/python3.9/site-packages/pygame/pkgdata.py:25: UserWarning: pkg_resources is deprecated as an API. See https://setuptools.pypa.io/en/latest/pkg_resources.html. The pkg_resources package is slated for removal as early as 2025-11-30. Refrain from using this package or pin to Setuptools<81.
  from pkg_resources import resource_stream, resource_exists
[sfl_small] held-out=36
objc[20227]: Class SDLApplication is implemented in both /Users/linmuyi/miniconda3/envs/llm_gs/lib/python3.9/site-packages/pygame/.dylibs/libSDL2-2.0.0.dylib (0x106b992c8) and /Users/linmuyi/miniconda3/envs/llm_gs/lib/python3.9/site-packages/cv2/.dylibs/libSDL2-2.0.0.dylib (0x146c64890). This may cause spurious casting failures and mysterious crashes. One of the duplicates must be removed or renamed.
objc[20227]: Class SDLAppDelegate is implemented in both /Users/linmuyi/miniconda3/envs/llm_gs/lib/python3.9/site-packages/pygame/.dylibs/libSDL2-2.0.0.dylib (0x106b99318) and /Users/linmuyi/miniconda3/envs/llm_gs/lib/python3.9/site-packages/cv2/.dylibs/libSDL2-2.0.0.dylib (0x146c648e0). This may cause spurious casting failures and mysterious crashes. One of the duplicates must be removed or renamed.
objc[20227]: Class SDLTranslatorResponder is implemented in both /Users/linmuyi/miniconda3/envs/llm_gs/lib/python3.9/site-packages/pygame/.dylibs/libSDL2-2.0.0.dylib (0x106b99390) and /Users/linmuyi/miniconda3/envs/llm_gs/lib/python3.9/site-packages/cv2/.dylibs/libSDL2-2.0.0.dylib (0x146c64958). This may cause spurious casting failures and mysterious crashes. One of the duplicates must be removed or renamed.
objc[20227]: Class SDLMessageBoxPresenter is implemented in both /Users/linmuyi/miniconda3/envs/llm_gs/lib/python3.9/site-packages/pygame/.dylibs/libSDL2-2.0.0.dylib (0x106b993b8) and /Users/linmuyi/miniconda3/envs/llm_gs/lib/python3.9/site-packages/cv2/.dylibs/libSDL2-2.0.0.dylib (0x146c64980). This may cause spurious casting failures and mysterious crashes. One of the duplicates must be removed or renamed.
objc[20227]: Class SDL_cocoametalview is implemented in both /Users/linmuyi/miniconda3/envs/llm_gs/lib/python3.9/site-packages/pygame/.dylibs/libSDL2-2.0.0.dylib (0x106b99408) and /Users/linmuyi/miniconda3/envs/llm_gs/lib/python3.9/site-packages/cv2/.dylibs/libSDL2-2.0.0.dylib (0x146c649d0). This may cause spurious casting failures and mysterious crashes. One of the duplicates must be removed or renamed.
objc[20227]: Class SDLOpenGLContext is implemented in both /Users/linmuyi/miniconda3/envs/llm_gs/lib/python3.9/site-packages/pygame/.dylibs/libSDL2-2.0.0.dylib (0x106b99458) and /Users/linmuyi/miniconda3/envs/llm_gs/lib/python3.9/site-packages/cv2/.dylibs/libSDL2-2.0.0.dylib (0x146c64a20). This may cause spurious casting failures and mysterious crashes. One of the duplicates must be removed or renamed.
objc[20227]: Class SDL_ShapeData is implemented in both /Users/linmuyi/miniconda3/envs/llm_gs/lib/python3.9/site-packages/pygame/.dylibs/libSDL2-2.0.0.dylib (0x106b994d0) and /Users/linmuyi/miniconda3/envs/llm_gs/lib/python3.9/site-packages/cv2/.dylibs/libSDL2-2.0.0.dylib (0x146c64a98). This may cause spurious casting failures and mysterious crashes. One of the duplicates must be removed or renamed.
objc[20227]: Class SDL_CocoaClosure is implemented in both /Users/linmuyi/miniconda3/envs/llm_gs/lib/python3.9/site-packages/pygame/.dylibs/libSDL2-2.0.0.dylib (0x106b99520) and /Users/linmuyi/miniconda3/envs/llm_gs/lib/python3.9/site-packages/cv2/.dylibs/libSDL2-2.0.0.dylib (0x146c64ae8). This may cause spurious casting failures and mysterious crashes. One of the duplicates must be removed or renamed.
objc[20227]: Class SDL_VideoData is implemented in both /Users/linmuyi/miniconda3/envs/llm_gs/lib/python3.9/site-packages/pygame/.dylibs/libSDL2-2.0.0.dylib (0x106b99570) and /Users/linmuyi/miniconda3/envs/llm_gs/lib/python3.9/site-packages/cv2/.dylibs/libSDL2-2.0.0.dylib (0x146c64b38). This may cause spurious casting failures and mysterious crashes. One of the duplicates must be removed or renamed.
objc[20227]: Class SDL_WindowData is implemented in both /Users/linmuyi/miniconda3/envs/llm_gs/lib/python3.9/site-packages/pygame/.dylibs/libSDL2-2.0.0.dylib (0x106b995c0) and /Users/linmuyi/miniconda3/envs/llm_gs/lib/python3.9/site-packages/cv2/.dylibs/libSDL2-2.0.0.dylib (0x146c64b88). This may cause spurious casting failures and mysterious crashes. One of the duplicates must be removed or renamed.
objc[20227]: Class SDLWindow is implemented in both /Users/linmuyi/miniconda3/envs/llm_gs/lib/python3.9/site-packages/pygame/.dylibs/libSDL2-2.0.0.dylib (0x106b995e8) and /Users/linmuyi/miniconda3/envs/llm_gs/lib/python3.9/site-packages/cv2/.dylibs/libSDL2-2.0.0.dylib (0x146c64bb0). This may cause spurious casting failures and mysterious crashes. One of the duplicates must be removed or renamed.
objc[20227]: Class Cocoa_WindowListener is implemented in both /Users/linmuyi/miniconda3/envs/llm_gs/lib/python3.9/site-packages/pygame/.dylibs/libSDL2-2.0.0.dylib (0x106b99610) and /Users/linmuyi/miniconda3/envs/llm_gs/lib/python3.9/site-packages/cv2/.dylibs/libSDL2-2.0.0.dylib (0x146c64bd8). This may cause spurious casting failures and mysterious crashes. One of the duplicates must be removed or renamed.
objc[20227]: Class SDLView is implemented in both /Users/linmuyi/miniconda3/envs/llm_gs/lib/python3.9/site-packages/pygame/.dylibs/libSDL2-2.0.0.dylib (0x106b99688) and /Users/linmuyi/miniconda3/envs/llm_gs/lib/python3.9/site-packages/cv2/.dylibs/libSDL2-2.0.0.dylib (0x146c64c50). This may cause spurious casting failures and mysterious crashes. One of the duplicates must be removed or renamed.
objc[20227]: Class METAL_RenderData is implemented in both /Users/linmuyi/miniconda3/envs/llm_gs/lib/python3.9/site-packages/pygame/.dylibs/libSDL2-2.0.0.dylib (0x106b99700) and /Users/linmuyi/miniconda3/envs/llm_gs/lib/python3.9/site-packages/cv2/.dylibs/libSDL2-2.0.0.dylib (0x146c64cc8). This may cause spurious casting failures and mysterious crashes. One of the duplicates must be removed or renamed.
objc[20227]: Class METAL_TextureData is implemented in both /Users/linmuyi/miniconda3/envs/llm_gs/lib/python3.9/site-packages/pygame/.dylibs/libSDL2-2.0.0.dylib (0x106b99750) and /Users/linmuyi/miniconda3/envs/llm_gs/lib/python3.9/site-packages/cv2/.dylibs/libSDL2-2.0.0.dylib (0x146c64d18). This may cause spurious casting failures and mysterious crashes. One of the duplicates must be removed or renamed.
objc[20227]: Class SDL_RumbleMotor is implemented in both /Users/linmuyi/miniconda3/envs/llm_gs/lib/python3.9/site-packages/pygame/.dylibs/libSDL2-2.0.0.dylib (0x106b99778) and /Users/linmuyi/miniconda3/envs/llm_gs/lib/python3.9/site-packages/cv2/.dylibs/libSDL2-2.0.0.dylib (0x146c64d40). This may cause spurious casting failures and mysterious crashes. One of the duplicates must be removed or renamed.
objc[20227]: Class SDL_RumbleContext is implemented in both /Users/linmuyi/miniconda3/envs/llm_gs/lib/python3.9/site-packages/pygame/.dylibs/libSDL2-2.0.0.dylib (0x106b997c8) and /Users/linmuyi/miniconda3/envs/llm_gs/lib/python3.9/site-packages/cv2/.dylibs/libSDL2-2.0.0.dylib (0x146c64d90). This may cause spurious casting failures and mysterious crashes. One of the duplicates must be removed or renamed.
  steps=  50000 held=0.00 scoring_steps=6743 (35s)
  steps= 100000 held=0.01 scoring_steps=6743 (62s)
  steps= 150000 held=0.01 scoring_steps=6743 (91s)
  steps= 200000 held=0.01 scoring_steps=6743 (119s)
  steps= 250000 held=0.00 scoring_steps=6743 (162s)
  steps= 300000 held=0.00 scoring_steps=35448 (206s)
  steps= 350000 held=0.00 scoring_steps=35448 (237s)
  steps= 400000 held=0.00 scoring_steps=35448 (266s)
  steps= 450000 held=0.12 scoring_steps=35448 (293s)
  steps= 500000 held=0.14 scoring_steps=35448 (333s)
  steps= 550000 held=0.15 scoring_steps=64046 (375s)
  steps= 600000 held=0.14 scoring_steps=64046 (416s)
  steps= 650000 held=0.14 scoring_steps=64046 (454s)
  steps= 700000 held=0.17 scoring_steps=64046 (491s)
  steps= 750000 held=0.06 scoring_steps=64046 (537s)
  steps= 800000 held=0.12 scoring_steps=102001 (594s)
  steps= 850000 held=0.07 scoring_steps=102001 (646s)
  steps= 900000 held=0.00 scoring_steps=102001 (700s)
  steps= 950000 held=0.00 scoring_steps=102001 (749s)
  steps=1000000 held=0.00 scoring_steps=102001 (791s)
  steps=1050000 held=0.07 scoring_steps=144601 (838s)
  steps=1100000 held=0.15 scoring_steps=144601 (875s)
  steps=1150000 held=0.15 scoring_steps=144601 (915s)
  steps=1200000 held=0.14 scoring_steps=144601 (955s)
  steps=1250000 held=0.08 scoring_steps=144601 (1003s)
  steps=1300000 held=0.05 scoring_steps=182608 (1064s)
  steps=1350000 held=0.10 scoring_steps=182608 (1106s)
  steps=1400000 held=0.03 scoring_steps=182608 (1152s)
  steps=1450000 held=0.00 scoring_steps=182608 (1203s)
  steps=1500000 held=0.00 scoring_steps=182608 (1255s)
[sfl_small] DONE final=0.00 scoring_steps=182608
