/Users/linmuyi/miniconda3/envs/llm_gs/lib/python3.9/site-packages/pygame/pkgdata.py:25: UserWarning: pkg_resources is deprecated as an API. See https://setuptools.pypa.io/en/latest/pkg_resources.html. The pkg_resources package is slated for removal as early as 2025-11-30. Refrain from using this package or pin to Setuptools<81.
  from pkg_resources import resource_stream, resource_exists
[sfl_grader] held-out=36
objc[56757]: Class SDLApplication is implemented in both /Users/linmuyi/miniconda3/envs/llm_gs/lib/python3.9/site-packages/pygame/.dylibs/libSDL2-2.0.0.dylib (0x109eb92c8) and /Users/linmuyi/miniconda3/envs/llm_gs/lib/python3.9/site-packages/cv2/.dylibs/libSDL2-2.0.0.dylib (0x310fa8890). This may cause spurious casting failures and mysterious crashes. One of the duplicates must be removed or renamed.
objc[56757]: Class SDLAppDelegate is implemented in both /Users/linmuyi/miniconda3/envs/llm_gs/lib/python3.9/site-packages/pygame/.dylibs/libSDL2-2.0.0.dylib (0x109eb9318) and /Users/linmuyi/miniconda3/envs/llm_gs/lib/python3.9/site-packages/cv2/.dylibs/libSDL2-2.0.0.dylib (0x310fa88e0). This may cause spurious casting failures and mysterious crashes. One of the duplicates must be removed or renamed.
objc[56757]: Class SDLTranslatorResponder is implemented in both /Users/linmuyi/miniconda3/envs/llm_gs/lib/python3.9/site-packages/pygame/.dylibs/libSDL2-2.0.0.dylib (0x109eb9390) and /Users/linmuyi/miniconda3/envs/llm_gs/lib/python3.9/site-packages/cv2/.dylibs/libSDL2-2.0.0.dylib (0x310fa8958). This may cause spurious casting failures and mysterious crashes. One of the duplicates must be removed or renamed.
objc[56757]: Class SDLMessageBoxPresenter is implemented in both /Users/linmuyi/miniconda3/envs/llm_gs/lib/python3.9/site-packages/pygame/.dylibs/libSDL2-2.0.0.dylib (0x109eb93b8) and /Users/linmuyi/miniconda3/envs/llm_gs/lib/python3.9/site-packages/cv2/.dylibs/libSDL2-2.0.0.dylib (0x310fa8980). This may cause spurious casting failures and mysterious crashes. One of the duplicates must be removed or renamed.
objc[56757]: Class SDL_cocoametalview is implemented in both /Users/linmuyi/miniconda3/envs/llm_gs/lib/python3.9/site-packages/pygame/.dylibs/libSDL2-2.0.0.dylib (0x109eb9408) and /Users/linmuyi/miniconda3/envs/llm_gs/lib/python3.9/site-packages/cv2/.dylibs/libSDL2-2.0.0.dylib (0x310fa89d0). This may cause spurious casting failures and mysterious crashes. One of the duplicates must be removed or renamed.
objc[56757]: Class SDLOpenGLContext is implemented in both /Users/linmuyi/miniconda3/envs/llm_gs/lib/python3.9/site-packages/pygame/.dylibs/libSDL2-2.0.0.dylib (0x109eb9458) and /Users/linmuyi/miniconda3/envs/llm_gs/lib/python3.9/site-packages/cv2/.dylibs/libSDL2-2.0.0.dylib (0x310fa8a20). This may cause spurious casting failures and mysterious crashes. One of the duplicates must be removed or renamed.
objc[56757]: Class SDL_ShapeData is implemented in both /Users/linmuyi/miniconda3/envs/llm_gs/lib/python3.9/site-packages/pygame/.dylibs/libSDL2-2.0.0.dylib (0x109eb94d0) and /Users/linmuyi/miniconda3/envs/llm_gs/lib/python3.9/site-packages/cv2/.dylibs/libSDL2-2.0.0.dylib (0x310fa8a98). This may cause spurious casting failures and mysterious crashes. One of the duplicates must be removed or renamed.
objc[56757]: Class SDL_CocoaClosure is implemented in both /Users/linmuyi/miniconda3/envs/llm_gs/lib/python3.9/site-packages/pygame/.dylibs/libSDL2-2.0.0.dylib (0x109eb9520) and /Users/linmuyi/miniconda3/envs/llm_gs/lib/python3.9/site-packages/cv2/.dylibs/libSDL2-2.0.0.dylib (0x310fa8ae8). This may cause spurious casting failures and mysterious crashes. One of the duplicates must be removed or renamed.
objc[56757]: Class SDL_VideoData is implemented in both /Users/linmuyi/miniconda3/envs/llm_gs/lib/python3.9/site-packages/pygame/.dylibs/libSDL2-2.0.0.dylib (0x109eb9570) and /Users/linmuyi/miniconda3/envs/llm_gs/lib/python3.9/site-packages/cv2/.dylibs/libSDL2-2.0.0.dylib (0x310fa8b38). This may cause spurious casting failures and mysterious crashes. One of the duplicates must be removed or renamed.
objc[56757]: Class SDL_WindowData is implemented in both /Users/linmuyi/miniconda3/envs/llm_gs/lib/python3.9/site-packages/pygame/.dylibs/libSDL2-2.0.0.dylib (0x109eb95c0) and /Users/linmuyi/miniconda3/envs/llm_gs/lib/python3.9/site-packages/cv2/.dylibs/libSDL2-2.0.0.dylib (0x310fa8b88). This may cause spurious casting failures and mysterious crashes. One of the duplicates must be removed or renamed.
objc[56757]: Class SDLWindow is implemented in both /Users/linmuyi/miniconda3/envs/llm_gs/lib/python3.9/site-packages/pygame/.dylibs/libSDL2-2.0.0.dylib (0x109eb95e8) and /Users/linmuyi/miniconda3/envs/llm_gs/lib/python3.9/site-packages/cv2/.dylibs/libSDL2-2.0.0.dylib (0x310fa8bb0). This may cause spurious casting failures and mysterious crashes. One of the duplicates must be removed or renamed.
objc[56757]: Class Cocoa_WindowListener is implemented in both /Users/linmuyi/miniconda3/envs/llm_gs/lib/python3.9/site-packages/pygame/.dylibs/libSDL2-2.0.0.dylib (0x109eb9610) and /Users/linmuyi/miniconda3/envs/llm_gs/lib/python3.9/site-packages/cv2/.dylibs/libSDL2-2.0.0.dylib (0x310fa8bd8). This may cause spurious casting failures and mysterious crashes. One of the duplicates must be removed or renamed.
objc[56757]: Class SDLView is implemented in both /Users/linmuyi/miniconda3/envs/llm_gs/lib/python3.9/site-packages/pygame/.dylibs/libSDL2-2.0.0.dylib (0x109eb9688) and /Users/linmuyi/miniconda3/envs/llm_gs/lib/python3.9/site-packages/cv2/.dylibs/libSDL2-2.0.0.dylib (0x310fa8c50). This may cause spurious casting failures and mysterious crashes. One of the duplicates must be removed or renamed.
objc[56757]: Class METAL_RenderData is implemented in both /Users/linmuyi/miniconda3/envs/llm_gs/lib/python3.9/site-packages/pygame/.dylibs/libSDL2-2.0.0.dylib (0x109eb9700) and /Users/linmuyi/miniconda3/envs/llm_gs/lib/python3.9/site-packages/cv2/.dylibs/libSDL2-2.0.0.dylib (0x310fa8cc8). This may cause spurious casting failures and mysterious crashes. One of the duplicates must be removed or renamed.
objc[56757]: Class METAL_TextureData is implemented in both /Users/linmuyi/miniconda3/envs/llm_gs/lib/python3.9/site-packages/pygame/.dylibs/libSDL2-2.0.0.dylib (0x109eb9750) and /Users/linmuyi/miniconda3/envs/llm_gs/lib/python3.9/site-packages/cv2/.dylibs/libSDL2-2.0.0.dylib (0x310fa8d18). This may cause spurious casting failures and mysterious crashes. One of the duplicates must be removed or renamed.
objc[56757]: Class SDL_RumbleMotor is implemented in both /Users/linmuyi/miniconda3/envs/llm_gs/lib/python3.9/site-packages/pygame/.dylibs/libSDL2-2.0.0.dylib (0x109eb9778) and /Users/linmuyi/miniconda3/envs/llm_gs/lib/python3.9/site-packages/cv2/.dylibs/libSDL2-2.0.0.dylib (0x310fa8d40). This may cause spurious casting failures and mysterious crashes. One of the duplicates must be removed or renamed.
objc[56757]: Class SDL_RumbleContext is implemented in both /Users/linmuyi/miniconda3/envs/llm_gs/lib/python3.9/site-packages/pygame/.dylibs/libSDL2-2.0.0.dylib (0x109eb97c8) and /Users/linmuyi/miniconda3/envs/llm_gs/lib/python3.9/site-packages/cv2/.dylibs/libSDL2-2.0.0.dylib (0x310fa8d90). This may cause spurious casting failures and mysterious crashes. One of the duplicates must be removed or renamed.
  steps=  50000 held=0.00 scoring_steps=11382 (37s)
  steps= 100000 held=0.00 scoring_steps=11382 (67s)
  steps= 150000 held=0.00 scoring_steps=11382 (105s)
  steps= 200000 held=0.00 scoring_steps=11382 (136s)
  steps= 250000 held=0.00 scoring_steps=11382 (170s)
  steps= 300000 held=0.11 scoring_steps=31309 (204s)
  steps= 350000 held=0.08 scoring_steps=31309 (247s)
  steps= 400000 held=0.11 scoring_steps=31309 (291s)
  steps= 450000 held=0.14 scoring_steps=31309 (320s)
  steps= 500000 held=0.13 scoring_steps=31309 (363s)
  steps= 550000 held=0.12 scoring_steps=75059 (426s)
  steps= 600000 held=0.01 scoring_steps=75059 (473s)
  steps= 650000 held=0.12 scoring_steps=75059 (517s)
  steps= 700000 held=0.15 scoring_steps=75059 (562s)
  steps= 750000 held=0.07 scoring_steps=75059 (613s)
  steps= 800000 held=0.06 scoring_steps=137808 (683s)
  steps= 850000 held=0.00 scoring_steps=137808 (731s)
  steps= 900000 held=0.02 scoring_steps=137808 (782s)
  steps= 950000 held=0.05 scoring_steps=137808 (827s)
  steps=1000000 held=0.11 scoring_steps=137808 (869s)
  steps=1050000 held=0.11 scoring_steps=193174 (933s)
  steps=1100000 held=0.03 scoring_steps=193174 (984s)
  steps=1150000 held=0.08 scoring_steps=193174 (1031s)
  steps=1200000 held=0.25 scoring_steps=193174 (1074s)
  steps=1250000 held=0.26 scoring_steps=193174 (1115s)
  steps=1300000 held=0.25 scoring_steps=229025 (1175s)
  steps=1350000 held=0.39 scoring_steps=229025 (1218s)
  steps=1400000 held=0.44 scoring_steps=229025 (1258s)
  steps=1450000 held=0.24 scoring_steps=229025 (1308s)
  steps=1500000 held=0.38 scoring_steps=229025 (1349s)
[sfl_grader] DONE final=0.38 scoring_steps=229025
