/Users/linmuyi/miniconda3/envs/llm_gs/lib/python3.9/site-packages/pygame/pkgdata.py:25: UserWarning: pkg_resources is deprecated as an API. See https://setuptools.pypa.io/en/latest/pkg_resources.html. The pkg_resources package is slated for removal as early as 2025-11-30. Refrain from using this package or pin to Setuptools<81.
  from pkg_resources import resource_stream, resource_exists
[sfl_small] held-out=36
objc[24605]: Class SDLApplication is implemented in both /Users/linmuyi/miniconda3/envs/llm_gs/lib/python3.9/site-packages/pygame/.dylibs/libSDL2-2.0.0.dylib (0x10876d2c8) and /Users/linmuyi/miniconda3/envs/llm_gs/lib/python3.9/site-packages/cv2/.dylibs/libSDL2-2.0.0.dylib (0x16a4f8890). This may cause spurious casting failures and mysterious crashes. One of the duplicates must be removed or renamed.
objc[24605]: Class SDLAppDelegate is implemented in both /Users/linmuyi/miniconda3/envs/llm_gs/lib/python3.9/site-packages/pygame/.dylibs/libSDL2-2.0.0.dylib (0x10876d318) and /Users/linmuyi/miniconda3/envs/llm_gs/lib/python3.9/site-packages/cv2/.dylibs/libSDL2-2.0.0.dylib (0x16a4f88e0). This may cause spurious casting failures and mysterious crashes. One of the duplicates must be removed or renamed.
objc[24605]: Class SDLTranslatorResponder is implemented in both /Users/linmuyi/miniconda3/envs/llm_gs/lib/python3.9/site-packages/pygame/.dylibs/libSDL2-2.0.0.dylib (0x10876d390) and /Users/linmuyi/miniconda3/envs/llm_gs/lib/python3.9/site-packages/cv2/.dylibs/libSDL2-2.0.0.dylib (0x16a4f8958). This may cause spurious casting failures and mysterious crashes. One of the duplicates must be removed or renamed.
objc[24605]: Class SDLMessageBoxPresenter is implemented in both /Users/linmuyi/miniconda3/envs/llm_gs/lib/python3.9/site-packages/pygame/.dylibs/libSDL2-2.0.0.dylib (0x10876d3b8) and /Users/linmuyi/miniconda3/envs/llm_gs/lib/python3.9/site-packages/cv2/.dylibs/libSDL2-2.0.0.dylib (0x16a4f8980). This may cause spurious casting failures and mysterious crashes. One of the duplicates must be removed or renamed.
objc[24605]: Class SDL_cocoametalview is implemented in both /Users/linmuyi/miniconda3/envs/llm_gs/lib/python3.9/site-packages/pygame/.dylibs/libSDL2-2.0.0.dylib (0x10876d408) and /Users/linmuyi/miniconda3/envs/llm_gs/lib/python3.9/site-packages/cv2/.dylibs/libSDL2-2.0.0.dylib (0x16a4f89d0). This may cause spurious casting failures and mysterious crashes. One of the duplicates must be removed or renamed.
objc[24605]: Class SDLOpenGLContext is implemented in both /Users/linmuyi/miniconda3/envs/llm_gs/lib/python3.9/site-packages/pygame/.dylibs/libSDL2-2.0.0.dylib (0x10876d458) and /Users/linmuyi/miniconda3/envs/llm_gs/lib/python3.9/site-packages/cv2/.dylibs/libSDL2-2.0.0.dylib (0x16a4f8a20). This may cause spurious casting failures and mysterious crashes. One of the duplicates must be removed or renamed.
objc[24605]: Class SDL_ShapeData is implemented in both /Users/linmuyi/miniconda3/envs/llm_gs/lib/python3.9/site-packages/pygame/.dylibs/libSDL2-2.0.0.dylib (0x10876d4d0) and /Users/linmuyi/miniconda3/envs/llm_gs/lib/python3.9/site-packages/cv2/.dylibs/libSDL2-2.0.0.dylib (0x16a4f8a98). This may cause spurious casting failures and mysterious crashes. One of the duplicates must be removed or renamed.
objc[24605]: Class SDL_CocoaClosure is implemented in both /Users/linmuyi/miniconda3/envs/llm_gs/lib/python3.9/site-packages/pygame/.dylibs/libSDL2-2.0.0.dylib (0x10876d520) and /Users/linmuyi/miniconda3/envs/llm_gs/lib/python3.9/site-packages/cv2/.dylibs/libSDL2-2.0.0.dylib (0x16a4f8ae8). This may cause spurious casting failures and mysterious crashes. One of the duplicates must be removed or renamed.
objc[24605]: Class SDL_VideoData is implemented in both /Users/linmuyi/miniconda3/envs/llm_gs/lib/python3.9/site-packages/pygame/.dylibs/libSDL2-2.0.0.dylib (0x10876d570) and /Users/linmuyi/miniconda3/envs/llm_gs/lib/python3.9/site-packages/cv2/.dylibs/libSDL2-2.0.0.dylib (0x16a4f8b38). This may cause spurious casting failures and mysterious crashes. One of the duplicates must be removed or renamed.
objc[24605]: Class SDL_WindowData is implemented in both /Users/linmuyi/miniconda3/envs/llm_gs/lib/python3.9/site-packages/pygame/.dylibs/libSDL2-2.0.0.dylib (0x10876d5c0) and /Users/linmuyi/miniconda3/envs/llm_gs/lib/python3.9/site-packages/cv2/.dylibs/libSDL2-2.0.0.dylib (0x16a4f8b88). This may cause spurious casting failures and mysterious crashes. One of the duplicates must be removed or renamed.
objc[24605]: Class SDLWindow is implemented in both /Users/linmuyi/miniconda3/envs/llm_gs/lib/python3.9/site-packages/pygame/.dylibs/libSDL2-2.0.0.dylib (0x10876d5e8) and /Users/linmuyi/miniconda3/envs/llm_gs/lib/python3.9/site-packages/cv2/.dylibs/libSDL2-2.0.0.dylib (0x16a4f8bb0). This may cause spurious casting failures and mysterious crashes. One of the duplicates must be removed or renamed.
objc[24605]: Class Cocoa_WindowListener is implemented in both /Users/linmuyi/miniconda3/envs/llm_gs/lib/python3.9/site-packages/pygame/.dylibs/libSDL2-2.0.0.dylib (0x10876d610) and /Users/linmuyi/miniconda3/envs/llm_gs/lib/python3.9/site-packages/cv2/.dylibs/libSDL2-2.0.0.dylib (0x16a4f8bd8). This may cause spurious casting failures and mysterious crashes. One of the duplicates must be removed or renamed.
objc[24605]: Class SDLView is implemented in both /Users/linmuyi/miniconda3/envs/llm_gs/lib/python3.9/site-packages/pygame/.dylibs/libSDL2-2.0.0.dylib (0x10876d688) and /Users/linmuyi/miniconda3/envs/llm_gs/lib/python3.9/site-packages/cv2/.dylibs/libSDL2-2.0.0.dylib (0x16a4f8c50). This may cause spurious casting failures and mysterious crashes. One of the duplicates must be removed or renamed.
objc[24605]: Class METAL_RenderData is implemented in both /Users/linmuyi/miniconda3/envs/llm_gs/lib/python3.9/site-packages/pygame/.dylibs/libSDL2-2.0.0.dylib (0x10876d700) and /Users/linmuyi/miniconda3/envs/llm_gs/lib/python3.9/site-packages/cv2/.dylibs/libSDL2-2.0.0.dylib (0x16a4f8cc8). This may cause spurious casting failures and mysterious crashes. One of the duplicates must be removed or renamed.
objc[24605]: Class METAL_TextureData is implemented in both /Users/linmuyi/miniconda3/envs/llm_gs/lib/python3.9/site-packages/pygame/.dylibs/libSDL2-2.0.0.dylib (0x10876d750) and /Users/linmuyi/miniconda3/envs/llm_gs/lib/python3.9/site-packages/cv2/.dylibs/libSDL2-2.0.0.dylib (0x16a4f8d18). This may cause spurious casting failures and mysterious crashes. One of the duplicates must be removed or renamed.
objc[24605]: Class SDL_RumbleMotor is implemented in both /Users/linmuyi/miniconda3/envs/llm_gs/lib/python3.9/site-packages/pygame/.dylibs/libSDL2-2.0.0.dylib (0x10876d778) and /Users/linmuyi/miniconda3/envs/llm_gs/lib/python3.9/site-packages/cv2/.dylibs/libSDL2-2.0.0.dylib (0x16a4f8d40). This may cause spurious casting failures and mysterious crashes. One of the duplicates must be removed or renamed.
objc[24605]: Class SDL_RumbleContext is implemented in both /Users/linmuyi/miniconda3/envs/llm_gs/lib/python3.9/site-packages/pygame/.dylibs/libSDL2-2.0.0.dylib (0x10876d7c8) and /Users/linmuyi/miniconda3/envs/llm_gs/lib/python3.9/site-packages/cv2/.dylibs/libSDL2-2.0.0.dylib (0x16a4f8d90). This may cause spurious casting failures and mysterious crashes. One of the duplicates must be removed or renamed.
  steps=  50000 held=0.00 scoring_steps=4741 (32s)
  steps= 100000 held=0.00 scoring_steps=4741 (61s)
  steps= 150000 held=0.00 scoring_steps=4741 (94s)
  steps= 200000 held=0.00 scoring_steps=4741 (125s)
  steps= 250000 held=0.00 scoring_steps=4741 (160s)
  steps= 300000 held=0.00 scoring_steps=26340 (197s)
  steps= 350000 held=0.00 scoring_steps=26340 (226s)
  steps= 400000 held=0.07 scoring_steps=26340 (257s)
  steps= 450000 held=0.06 scoring_steps=26340 (301s)
  steps= 500000 held=0.03 scoring_steps=26340 (350s)
  steps= 550000 held=0.00 scoring_steps=76032 (411s)
  steps= 600000 held=0.01 scoring_steps=76032 (459s)
  steps= 650000 held=0.00 scoring_steps=76032 (507s)
  steps= 700000 held=0.00 scoring_steps=76032 (547s)
  steps= 750000 held=0.00 scoring_steps=76032 (594s)
  steps= 800000 held=0.00 scoring_steps=124653 (648s)
  steps= 850000 held=0.01 scoring_steps=124653 (692s)
  steps= 900000 held=0.00 scoring_steps=124653 (743s)
  steps= 950000 held=0.00 scoring_steps=124653 (792s)
  steps=1000000 held=0.00 scoring_steps=124653 (837s)
  steps=1050000 held=0.00 scoring_steps=159786 (898s)
  steps=1100000 held=0.00 scoring_steps=159786 (947s)
  steps=1150000 held=0.00 scoring_steps=159786 (995s)
  steps=1200000 held=0.00 scoring_steps=159786 (1044s)
  steps=1250000 held=0.00 scoring_steps=159786 (1093s)
  steps=1300000 held=0.00 scoring_steps=208587 (1154s)
  steps=1350000 held=0.01 scoring_steps=208587 (1204s)
  steps=1400000 held=0.00 scoring_steps=208587 (1255s)
  steps=1450000 held=0.01 scoring_steps=208587 (1308s)
  steps=1500000 held=0.01 scoring_steps=208587 (1356s)
[sfl_small] DONE final=0.01 scoring_steps=208587
