/Users/linmuyi/miniconda3/envs/llm_gs/lib/python3.9/site-packages/pygame/pkgdata.py:25: UserWarning: pkg_resources is deprecated as an API. See https://setuptools.pypa.io/en/latest/pkg_resources.html. The pkg_resources package is slated for removal as early as 2025-11-30. Refrain from using this package or pin to Setuptools<81.
  from pkg_resources import resource_stream, resource_exists
[sfl] held-out=36
objc[67154]: Class SDLApplication is implemented in both /Users/linmuyi/miniconda3/envs/llm_gs/lib/python3.9/site-packages/pygame/.dylibs/libSDL2-2.0.0.dylib (0x1066a92c8) and /Users/linmuyi/miniconda3/envs/llm_gs/lib/python3.9/site-packages/cv2/.dylibs/libSDL2-2.0.0.dylib (0x12fef4890). This may cause spurious casting failures and mysterious crashes. One of the duplicates must be removed or renamed.
objc[67154]: Class SDLAppDelegate is implemented in both /Users/linmuyi/miniconda3/envs/llm_gs/lib/python3.9/site-packages/pygame/.dylibs/libSDL2-2.0.0.dylib (0x1066a9318) and /Users/linmuyi/miniconda3/envs/llm_gs/lib/python3.9/site-packages/cv2/.dylibs/libSDL2-2.0.0.dylib (0x12fef48e0). This may cause spurious casting failures and mysterious crashes. One of the duplicates must be removed or renamed.
objc[67154]: Class SDLTranslatorResponder is implemented in both /Users/linmuyi/miniconda3/envs/llm_gs/lib/python3.9/site-packages/pygame/.dylibs/libSDL2-2.0.0.dylib (0x1066a9390) and /Users/linmuyi/miniconda3/envs/llm_gs/lib/python3.9/site-packages/cv2/.dylibs/libSDL2-2.0.0.dylib (0x12fef4958). This may cause spurious casting failures and mysterious crashes. One of the duplicates must be removed or renamed.
objc[67154]: Class SDLMessageBoxPresenter is implemented in both /Users/linmuyi/miniconda3/envs/llm_gs/lib/python3.9/site-packages/pygame/.dylibs/libSDL2-2.0.0.dylib (0x1066a93b8) and /Users/linmuyi/miniconda3/envs/llm_gs/lib/python3.9/site-packages/cv2/.dylibs/libSDL2-2.0.0.dylib (0x12fef4980). This may cause spurious casting failures and mysterious crashes. One of the duplicates must be removed or renamed.
objc[67154]: Class SDL_cocoametalview is implemented in both /Users/linmuyi/miniconda3/envs/llm_gs/lib/python3.9/site-packages/pygame/.dylibs/libSDL2-2.0.0.dylib (0x1066a9408) and /Users/linmuyi/miniconda3/envs/llm_gs/lib/python3.9/site-packages/cv2/.dylibs/libSDL2-2.0.0.dylib (0x12fef49d0). This may cause spurious casting failures and mysterious crashes. One of the duplicates must be removed or renamed.
objc[67154]: Class SDLOpenGLContext is implemented in both /Users/linmuyi/miniconda3/envs/llm_gs/lib/python3.9/site-packages/pygame/.dylibs/libSDL2-2.0.0.dylib (0x1066a9458) and /Users/linmuyi/miniconda3/envs/llm_gs/lib/python3.9/site-packages/cv2/.dylibs/libSDL2-2.0.0.dylib (0x12fef4a20). This may cause spurious casting failures and mysterious crashes. One of the duplicates must be removed or renamed.
objc[67154]: Class SDL_ShapeData is implemented in both /Users/linmuyi/miniconda3/envs/llm_gs/lib/python3.9/site-packages/pygame/.dylibs/libSDL2-2.0.0.dylib (0x1066a94d0) and /Users/linmuyi/miniconda3/envs/llm_gs/lib/python3.9/site-packages/cv2/.dylibs/libSDL2-2.0.0.dylib (0x12fef4a98). This may cause spurious casting failures and mysterious crashes. One of the duplicates must be removed or renamed.
objc[67154]: Class SDL_CocoaClosure is implemented in both /Users/linmuyi/miniconda3/envs/llm_gs/lib/python3.9/site-packages/pygame/.dylibs/libSDL2-2.0.0.dylib (0x1066a9520) and /Users/linmuyi/miniconda3/envs/llm_gs/lib/python3.9/site-packages/cv2/.dylibs/libSDL2-2.0.0.dylib (0x12fef4ae8). This may cause spurious casting failures and mysterious crashes. One of the duplicates must be removed or renamed.
objc[67154]: Class SDL_VideoData is implemented in both /Users/linmuyi/miniconda3/envs/llm_gs/lib/python3.9/site-packages/pygame/.dylibs/libSDL2-2.0.0.dylib (0x1066a9570) and /Users/linmuyi/miniconda3/envs/llm_gs/lib/python3.9/site-packages/cv2/.dylibs/libSDL2-2.0.0.dylib (0x12fef4b38). This may cause spurious casting failures and mysterious crashes. One of the duplicates must be removed or renamed.
objc[67154]: Class SDL_WindowData is implemented in both /Users/linmuyi/miniconda3/envs/llm_gs/lib/python3.9/site-packages/pygame/.dylibs/libSDL2-2.0.0.dylib (0x1066a95c0) and /Users/linmuyi/miniconda3/envs/llm_gs/lib/python3.9/site-packages/cv2/.dylibs/libSDL2-2.0.0.dylib (0x12fef4b88). This may cause spurious casting failures and mysterious crashes. One of the duplicates must be removed or renamed.
objc[67154]: Class SDLWindow is implemented in both /Users/linmuyi/miniconda3/envs/llm_gs/lib/python3.9/site-packages/pygame/.dylibs/libSDL2-2.0.0.dylib (0x1066a95e8) and /Users/linmuyi/miniconda3/envs/llm_gs/lib/python3.9/site-packages/cv2/.dylibs/libSDL2-2.0.0.dylib (0x12fef4bb0). This may cause spurious casting failures and mysterious crashes. One of the duplicates must be removed or renamed.
objc[67154]: Class Cocoa_WindowListener is implemented in both /Users/linmuyi/miniconda3/envs/llm_gs/lib/python3.9/site-packages/pygame/.dylibs/libSDL2-2.0.0.dylib (0x1066a9610) and /Users/linmuyi/miniconda3/envs/llm_gs/lib/python3.9/site-packages/cv2/.dylibs/libSDL2-2.0.0.dylib (0x12fef4bd8). This may cause spurious casting failures and mysterious crashes. One of the duplicates must be removed or renamed.
objc[67154]: Class SDLView is implemented in both /Users/linmuyi/miniconda3/envs/llm_gs/lib/python3.9/site-packages/pygame/.dylibs/libSDL2-2.0.0.dylib (0x1066a9688) and /Users/linmuyi/miniconda3/envs/llm_gs/lib/python3.9/site-packages/cv2/.dylibs/libSDL2-2.0.0.dylib (0x12fef4c50). This may cause spurious casting failures and mysterious crashes. One of the duplicates must be removed or renamed.
objc[67154]: Class METAL_RenderData is implemented in both /Users/linmuyi/miniconda3/envs/llm_gs/lib/python3.9/site-packages/pygame/.dylibs/libSDL2-2.0.0.dylib (0x1066a9700) and /Users/linmuyi/miniconda3/envs/llm_gs/lib/python3.9/site-packages/cv2/.dylibs/libSDL2-2.0.0.dylib (0x12fef4cc8). This may cause spurious casting failures and mysterious crashes. One of the duplicates must be removed or renamed.
objc[67154]: Class METAL_TextureData is implemented in both /Users/linmuyi/miniconda3/envs/llm_gs/lib/python3.9/site-packages/pygame/.dylibs/libSDL2-2.0.0.dylib (0x1066a9750) and /Users/linmuyi/miniconda3/envs/llm_gs/lib/python3.9/site-packages/cv2/.dylibs/libSDL2-2.0.0.dylib (0x12fef4d18). This may cause spurious casting failures and mysterious crashes. One of the duplicates must be removed or renamed.
objc[67154]: Class SDL_RumbleMotor is implemented in both /Users/linmuyi/miniconda3/envs/llm_gs/lib/python3.9/site-packages/pygame/.dylibs/libSDL2-2.0.0.dylib (0x1066a9778) and /Users/linmuyi/miniconda3/envs/llm_gs/lib/python3.9/site-packages/cv2/.dylibs/libSDL2-2.0.0.dylib (0x12fef4d40). This may cause spurious casting failures and mysterious crashes. One of the duplicates must be removed or renamed.
objc[67154]: Class SDL_RumbleContext is implemented in both /Users/linmuyi/miniconda3/envs/llm_gs/lib/python3.9/site-packages/pygame/.dylibs/libSDL2-2.0.0.dylib (0x1066a97c8) and /Users/linmuyi/miniconda3/envs/llm_gs/lib/python3.9/site-packages/cv2/.dylibs/libSDL2-2.0.0.dylib (0x12fef4d90). This may cause spurious casting failures and mysterious crashes. One of the duplicates must be removed or renamed.
  steps=  50000 held=0.00 scoring_steps=26869 (64s)
  steps= 100000 held=0.00 scoring_steps=26869 (111s)
  steps= 150000 held=0.00 scoring_steps=26869 (160s)
  steps= 200000 held=0.00 scoring_steps=26869 (214s)
  steps= 250000 held=0.00 scoring_steps=26869 (277s)
  steps= 300000 held=0.00 scoring_steps=164203 (413s)
  steps= 350000 held=0.00 scoring_steps=164203 (502s)
  steps= 400000 held=0.00 scoring_steps=164203 (588s)
  steps= 450000 held=0.01 scoring_steps=164203 (648s)
  steps= 500000 held=0.00 scoring_steps=164203 (700s)
  steps= 550000 held=0.00 scoring_steps=241786 (791s)
  steps= 600000 held=0.00 scoring_steps=241786 (841s)
  steps= 650000 held=0.00 scoring_steps=241786 (895s)
  steps= 700000 held=0.00 scoring_steps=241786 (944s)
  steps= 750000 held=0.06 scoring_steps=241786 (1008s)
  steps= 800000 held=0.01 scoring_steps=363106 (1190s)
  steps= 850000 held=0.01 scoring_steps=363106 (1287s)
  steps= 900000 held=0.06 scoring_steps=363106 (1363s)
  steps= 950000 held=0.02 scoring_steps=363106 (1507s)
  steps=1000000 held=0.01 scoring_steps=363106 (1646s)
  steps=1050000 held=0.00 scoring_steps=534148 (1930s)
  steps=1100000 held=0.00 scoring_steps=534148 (2071s)
  steps=1150000 held=0.00 scoring_steps=534148 (2229s)
  steps=1200000 held=0.00 scoring_steps=534148 (2352s)
  steps=1250000 held=0.01 scoring_steps=534148 (2468s)
  steps=1300000 held=0.01 scoring_steps=756171 (2638s)
  steps=1350000 held=0.09 scoring_steps=756171 (2693s)
  steps=1400000 held=0.03 scoring_steps=756171 (2754s)
  steps=1450000 held=0.03 scoring_steps=756171 (2827s)
  steps=1500000 held=0.03 scoring_steps=756171 (2892s)
[sfl] DONE final=0.03 scoring_steps=756171
