/Users/linmuyi/miniconda3/envs/llm_gs/lib/python3.9/site-packages/pygame/pkgdata.py:25: UserWarning: pkg_resources is deprecated as an API. See https://setuptools.pypa.io/en/latest/pkg_resources.html. The pkg_resources package is slated for removal as early as 2025-11-30. Refrain from using this package or pin to Setuptools<81.
  from pkg_resources import resource_stream, resource_exists
[sfl_grader] held-out=36
objc[63807]: Class SDLApplication is implemented in both /Users/linmuyi/miniconda3/envs/llm_gs/lib/python3.9/site-packages/pygame/.dylibs/libSDL2-2.0.0.dylib (0x10acb92c8) and /Users/linmuyi/miniconda3/envs/llm_gs/lib/python3.9/site-packages/cv2/.dylibs/libSDL2-2.0.0.dylib (0x168a2c890). This may cause spurious casting failures and mysterious crashes. One of the duplicates must be removed or renamed.
objc[63807]: Class SDLAppDelegate is implemented in both /Users/linmuyi/miniconda3/envs/llm_gs/lib/python3.9/site-packages/pygame/.dylibs/libSDL2-2.0.0.dylib (0x10acb9318) and /Users/linmuyi/miniconda3/envs/llm_gs/lib/python3.9/site-packages/cv2/.dylibs/libSDL2-2.0.0.dylib (0x168a2c8e0). This may cause spurious casting failures and mysterious crashes. One of the duplicates must be removed or renamed.
objc[63807]: Class SDLTranslatorResponder is implemented in both /Users/linmuyi/miniconda3/envs/llm_gs/lib/python3.9/site-packages/pygame/.dylibs/libSDL2-2.0.0.dylib (0x10acb9390) and /Users/linmuyi/miniconda3/envs/llm_gs/lib/python3.9/site-packages/cv2/.dylibs/libSDL2-2.0.0.dylib (0x168a2c958). This may cause spurious casting failures and mysterious crashes. One of the duplicates must be removed or renamed.
objc[63807]: Class SDLMessageBoxPresenter is implemented in both /Users/linmuyi/miniconda3/envs/llm_gs/lib/python3.9/site-packages/pygame/.dylibs/libSDL2-2.0.0.dylib (0x10acb93b8) and /Users/linmuyi/miniconda3/envs/llm_gs/lib/python3.9/site-packages/cv2/.dylibs/libSDL2-2.0.0.dylib (0x168a2c980). This may cause spurious casting failures and mysterious crashes. One of the duplicates must be removed or renamed.
objc[63807]: Class SDL_cocoametalview is implemented in both /Users/linmuyi/miniconda3/envs/llm_gs/lib/python3.9/site-packages/pygame/.dylibs/libSDL2-2.0.0.dylib (0x10acb9408) and /Users/linmuyi/miniconda3/envs/llm_gs/lib/python3.9/site-packages/cv2/.dylibs/libSDL2-2.0.0.dylib (0x168a2c9d0). This may cause spurious casting failures and mysterious crashes. One of the duplicates must be removed or renamed.
objc[63807]: Class SDLOpenGLContext is implemented in both /Users/linmuyi/miniconda3/envs/llm_gs/lib/python3.9/site-packages/pygame/.dylibs/libSDL2-2.0.0.dylib (0x10acb9458) and /Users/linmuyi/miniconda3/envs/llm_gs/lib/python3.9/site-packages/cv2/.dylibs/libSDL2-2.0.0.dylib (0x168a2ca20). This may cause spurious casting failures and mysterious crashes. One of the duplicates must be removed or renamed.
objc[63807]: Class SDL_ShapeData is implemented in both /Users/linmuyi/miniconda3/envs/llm_gs/lib/python3.9/site-packages/pygame/.dylibs/libSDL2-2.0.0.dylib (0x10acb94d0) and /Users/linmuyi/miniconda3/envs/llm_gs/lib/python3.9/site-packages/cv2/.dylibs/libSDL2-2.0.0.dylib (0x168a2ca98). This may cause spurious casting failures and mysterious crashes. One of the duplicates must be removed or renamed.
objc[63807]: Class SDL_CocoaClosure is implemented in both /Users/linmuyi/miniconda3/envs/llm_gs/lib/python3.9/site-packages/pygame/.dylibs/libSDL2-2.0.0.dylib (0x10acb9520) and /Users/linmuyi/miniconda3/envs/llm_gs/lib/python3.9/site-packages/cv2/.dylibs/libSDL2-2.0.0.dylib (0x168a2cae8). This may cause spurious casting failures and mysterious crashes. One of the duplicates must be removed or renamed.
objc[63807]: Class SDL_VideoData is implemented in both /Users/linmuyi/miniconda3/envs/llm_gs/lib/python3.9/site-packages/pygame/.dylibs/libSDL2-2.0.0.dylib (0x10acb9570) and /Users/linmuyi/miniconda3/envs/llm_gs/lib/python3.9/site-packages/cv2/.dylibs/libSDL2-2.0.0.dylib (0x168a2cb38). This may cause spurious casting failures and mysterious crashes. One of the duplicates must be removed or renamed.
objc[63807]: Class SDL_WindowData is implemented in both /Users/linmuyi/miniconda3/envs/llm_gs/lib/python3.9/site-packages/pygame/.dylibs/libSDL2-2.0.0.dylib (0x10acb95c0) and /Users/linmuyi/miniconda3/envs/llm_gs/lib/python3.9/site-packages/cv2/.dylibs/libSDL2-2.0.0.dylib (0x168a2cb88). This may cause spurious casting failures and mysterious crashes. One of the duplicates must be removed or renamed.
objc[63807]: Class SDLWindow is implemented in both /Users/linmuyi/miniconda3/envs/llm_gs/lib/python3.9/site-packages/pygame/.dylibs/libSDL2-2.0.0.dylib (0x10acb95e8) and /Users/linmuyi/miniconda3/envs/llm_gs/lib/python3.9/site-packages/cv2/.dylibs/libSDL2-2.0.0.dylib (0x168a2cbb0). This may cause spurious casting failures and mysterious crashes. One of the duplicates must be removed or renamed.
objc[63807]: Class Cocoa_WindowListener is implemented in both /Users/linmuyi/miniconda3/envs/llm_gs/lib/python3.9/site-packages/pygame/.dylibs/libSDL2-2.0.0.dylib (0x10acb9610) and /Users/linmuyi/miniconda3/envs/llm_gs/lib/python3.9/site-packages/cv2/.dylibs/libSDL2-2.0.0.dylib (0x168a2cbd8). This may cause spurious casting failures and mysterious crashes. One of the duplicates must be removed or renamed.
objc[63807]: Class SDLView is implemented in both /Users/linmuyi/miniconda3/envs/llm_gs/lib/python3.9/site-packages/pygame/.dylibs/libSDL2-2.0.0.dylib (0x10acb9688) and /Users/linmuyi/miniconda3/envs/llm_gs/lib/python3.9/site-packages/cv2/.dylibs/libSDL2-2.0.0.dylib (0x168a2cc50). This may cause spurious casting failures and mysterious crashes. One of the duplicates must be removed or renamed.
objc[63807]: Class METAL_RenderData is implemented in both /Users/linmuyi/miniconda3/envs/llm_gs/lib/python3.9/site-packages/pygame/.dylibs/libSDL2-2.0.0.dylib (0x10acb9700) and /Users/linmuyi/miniconda3/envs/llm_gs/lib/python3.9/site-packages/cv2/.dylibs/libSDL2-2.0.0.dylib (0x168a2ccc8). This may cause spurious casting failures and mysterious crashes. One of the duplicates must be removed or renamed.
objc[63807]: Class METAL_TextureData is implemented in both /Users/linmuyi/miniconda3/envs/llm_gs/lib/python3.9/site-packages/pygame/.dylibs/libSDL2-2.0.0.dylib (0x10acb9750) and /Users/linmuyi/miniconda3/envs/llm_gs/lib/python3.9/site-packages/cv2/.dylibs/libSDL2-2.0.0.dylib (0x168a2cd18). This may cause spurious casting failures and mysterious crashes. One of the duplicates must be removed or renamed.
objc[63807]: Class SDL_RumbleMotor is implemented in both /Users/linmuyi/miniconda3/envs/llm_gs/lib/python3.9/site-packages/pygame/.dylibs/libSDL2-2.0.0.dylib (0x10acb9778) and /Users/linmuyi/miniconda3/envs/llm_gs/lib/python3.9/site-packages/cv2/.dylibs/libSDL2-2.0.0.dylib (0x168a2cd40). This may cause spurious casting failures and mysterious crashes. One of the duplicates must be removed or renamed.
objc[63807]: Class SDL_RumbleContext is implemented in both /Users/linmuyi/miniconda3/envs/llm_gs/lib/python3.9/site-packages/pygame/.dylibs/libSDL2-2.0.0.dylib (0x10acb97c8) and /Users/linmuyi/miniconda3/envs/llm_gs/lib/python3.9/site-packages/cv2/.dylibs/libSDL2-2.0.0.dylib (0x168a2cd90). This may cause spurious casting failures and mysterious crashes. One of the duplicates must be removed or renamed.
  steps=  50000 held=0.01 scoring_steps=7958 (36s)
  steps= 100000 held=0.00 scoring_steps=7958 (67s)
  steps= 150000 held=0.00 scoring_steps=7958 (101s)
  steps= 200000 held=0.00 scoring_steps=7958 (141s)
  steps= 250000 held=0.01 scoring_steps=7958 (180s)
  steps= 300000 held=0.00 scoring_steps=39892 (233s)
  steps= 350000 held=0.01 scoring_steps=39892 (282s)
  steps= 400000 held=0.00 scoring_steps=39892 (330s)
  steps= 450000 held=0.01 scoring_steps=39892 (378s)
  steps= 500000 held=0.00 scoring_steps=39892 (428s)
  steps= 550000 held=0.00 scoring_steps=83136 (497s)
  steps= 600000 held=0.00 scoring_steps=83136 (550s)
  steps= 650000 held=0.01 scoring_steps=83136 (597s)
  steps= 700000 held=0.00 scoring_steps=83136 (649s)
  steps= 750000 held=0.00 scoring_steps=83136 (700s)
  steps= 800000 held=0.00 scoring_steps=147945 (771s)
  steps= 850000 held=0.00 scoring_steps=147945 (799s)
  steps= 900000 held=0.00 scoring_steps=147945 (851s)
  steps= 950000 held=0.00 scoring_steps=147945 (902s)
  steps=1000000 held=0.00 scoring_steps=147945 (954s)
  steps=1050000 held=0.01 scoring_steps=199125 (1007s)
  steps=1100000 held=0.00 scoring_steps=199125 (1047s)
  steps=1150000 held=0.00 scoring_steps=199125 (1096s)
  steps=1200000 held=0.01 scoring_steps=199125 (1143s)
  steps=1250000 held=0.03 scoring_steps=199125 (1190s)
  steps=1300000 held=0.01 scoring_steps=244855 (1251s)
  steps=1350000 held=0.03 scoring_steps=244855 (1292s)
  steps=1400000 held=0.04 scoring_steps=244855 (1343s)
  steps=1450000 held=0.00 scoring_steps=244855 (1396s)
  steps=1500000 held=0.01 scoring_steps=244855 (1449s)
[sfl_grader] DONE final=0.01 scoring_steps=244855
