/Users/linmuyi/miniconda3/envs/llm_gs/lib/python3.9/site-packages/pygame/pkgdata.py:25: UserWarning: pkg_resources is deprecated as an API. See https://setuptools.pypa.io/en/latest/pkg_resources.html. The pkg_resources package is slated for removal as early as 2025-11-30. Refrain from using this package or pin to Setuptools<81.
  from pkg_resources import resource_stream, resource_exists
[sfl_grader] held-out=36
objc[22429]: Class SDLApplication is implemented in both /Users/linmuyi/miniconda3/envs/llm_gs/lib/python3.9/site-packages/pygame/.dylibs/libSDL2-2.0.0.dylib (0x1095f92c8) and /Users/linmuyi/miniconda3/envs/llm_gs/lib/python3.9/site-packages/cv2/.dylibs/libSDL2-2.0.0.dylib (0x15b2b8890). This may cause spurious casting failures and mysterious crashes. One of the duplicates must be removed or renamed.
objc[22429]: Class SDLAppDelegate is implemented in both /Users/linmuyi/miniconda3/envs/llm_gs/lib/python3.9/site-packages/pygame/.dylibs/libSDL2-2.0.0.dylib (0x1095f9318) and /Users/linmuyi/miniconda3/envs/llm_gs/lib/python3.9/site-packages/cv2/.dylibs/libSDL2-2.0.0.dylib (0x15b2b88e0). This may cause spurious casting failures and mysterious crashes. One of the duplicates must be removed or renamed.
objc[22429]: Class SDLTranslatorResponder is implemented in both /Users/linmuyi/miniconda3/envs/llm_gs/lib/python3.9/site-packages/pygame/.dylibs/libSDL2-2.0.0.dylib (0x1095f9390) and /Users/linmuyi/miniconda3/envs/llm_gs/lib/python3.9/site-packages/cv2/.dylibs/libSDL2-2.0.0.dylib (0x15b2b8958). This may cause spurious casting failures and mysterious crashes. One of the duplicates must be removed or renamed.
objc[22429]: Class SDLMessageBoxPresenter is implemented in both /Users/linmuyi/miniconda3/envs/llm_gs/lib/python3.9/site-packages/pygame/.dylibs/libSDL2-2.0.0.dylib (0x1095f93b8) and /Users/linmuyi/miniconda3/envs/llm_gs/lib/python3.9/site-packages/cv2/.dylibs/libSDL2-2.0.0.dylib (0x15b2b8980). This may cause spurious casting failures and mysterious crashes. One of the duplicates must be removed or renamed.
objc[22429]: Class SDL_cocoametalview is implemented in both /Users/linmuyi/miniconda3/envs/llm_gs/lib/python3.9/site-packages/pygame/.dylibs/libSDL2-2.0.0.dylib (0x1095f9408) and /Users/linmuyi/miniconda3/envs/llm_gs/lib/python3.9/site-packages/cv2/.dylibs/libSDL2-2.0.0.dylib (0x15b2b89d0). This may cause spurious casting failures and mysterious crashes. One of the duplicates must be removed or renamed.
objc[22429]: Class SDLOpenGLContext is implemented in both /Users/linmuyi/miniconda3/envs/llm_gs/lib/python3.9/site-packages/pygame/.dylibs/libSDL2-2.0.0.dylib (0x1095f9458) and /Users/linmuyi/miniconda3/envs/llm_gs/lib/python3.9/site-packages/cv2/.dylibs/libSDL2-2.0.0.dylib (0x15b2b8a20). This may cause spurious casting failures and mysterious crashes. One of the duplicates must be removed or renamed.
objc[22429]: Class SDL_ShapeData is implemented in both /Users/linmuyi/miniconda3/envs/llm_gs/lib/python3.9/site-packages/pygame/.dylibs/libSDL2-2.0.0.dylib (0x1095f94d0) and /Users/linmuyi/miniconda3/envs/llm_gs/lib/python3.9/site-packages/cv2/.dylibs/libSDL2-2.0.0.dylib (0x15b2b8a98). This may cause spurious casting failures and mysterious crashes. One of the duplicates must be removed or renamed.
objc[22429]: Class SDL_CocoaClosure is implemented in both /Users/linmuyi/miniconda3/envs/llm_gs/lib/python3.9/site-packages/pygame/.dylibs/libSDL2-2.0.0.dylib (0x1095f9520) and /Users/linmuyi/miniconda3/envs/llm_gs/lib/python3.9/site-packages/cv2/.dylibs/libSDL2-2.0.0.dylib (0x15b2b8ae8). This may cause spurious casting failures and mysterious crashes. One of the duplicates must be removed or renamed.
objc[22429]: Class SDL_VideoData is implemented in both /Users/linmuyi/miniconda3/envs/llm_gs/lib/python3.9/site-packages/pygame/.dylibs/libSDL2-2.0.0.dylib (0x1095f9570) and /Users/linmuyi/miniconda3/envs/llm_gs/lib/python3.9/site-packages/cv2/.dylibs/libSDL2-2.0.0.dylib (0x15b2b8b38). This may cause spurious casting failures and mysterious crashes. One of the duplicates must be removed or renamed.
objc[22429]: Class SDL_WindowData is implemented in both /Users/linmuyi/miniconda3/envs/llm_gs/lib/python3.9/site-packages/pygame/.dylibs/libSDL2-2.0.0.dylib (0x1095f95c0) and /Users/linmuyi/miniconda3/envs/llm_gs/lib/python3.9/site-packages/cv2/.dylibs/libSDL2-2.0.0.dylib (0x15b2b8b88). This may cause spurious casting failures and mysterious crashes. One of the duplicates must be removed or renamed.
objc[22429]: Class SDLWindow is implemented in both /Users/linmuyi/miniconda3/envs/llm_gs/lib/python3.9/site-packages/pygame/.dylibs/libSDL2-2.0.0.dylib (0x1095f95e8) and /Users/linmuyi/miniconda3/envs/llm_gs/lib/python3.9/site-packages/cv2/.dylibs/libSDL2-2.0.0.dylib (0x15b2b8bb0). This may cause spurious casting failures and mysterious crashes. One of the duplicates must be removed or renamed.
objc[22429]: Class Cocoa_WindowListener is implemented in both /Users/linmuyi/miniconda3/envs/llm_gs/lib/python3.9/site-packages/pygame/.dylibs/libSDL2-2.0.0.dylib (0x1095f9610) and /Users/linmuyi/miniconda3/envs/llm_gs/lib/python3.9/site-packages/cv2/.dylibs/libSDL2-2.0.0.dylib (0x15b2b8bd8). This may cause spurious casting failures and mysterious crashes. One of the duplicates must be removed or renamed.
objc[22429]: Class SDLView is implemented in both /Users/linmuyi/miniconda3/envs/llm_gs/lib/python3.9/site-packages/pygame/.dylibs/libSDL2-2.0.0.dylib (0x1095f9688) and /Users/linmuyi/miniconda3/envs/llm_gs/lib/python3.9/site-packages/cv2/.dylibs/libSDL2-2.0.0.dylib (0x15b2b8c50). This may cause spurious casting failures and mysterious crashes. One of the duplicates must be removed or renamed.
objc[22429]: Class METAL_RenderData is implemented in both /Users/linmuyi/miniconda3/envs/llm_gs/lib/python3.9/site-packages/pygame/.dylibs/libSDL2-2.0.0.dylib (0x1095f9700) and /Users/linmuyi/miniconda3/envs/llm_gs/lib/python3.9/site-packages/cv2/.dylibs/libSDL2-2.0.0.dylib (0x15b2b8cc8). This may cause spurious casting failures and mysterious crashes. One of the duplicates must be removed or renamed.
objc[22429]: Class METAL_TextureData is implemented in both /Users/linmuyi/miniconda3/envs/llm_gs/lib/python3.9/site-packages/pygame/.dylibs/libSDL2-2.0.0.dylib (0x1095f9750) and /Users/linmuyi/miniconda3/envs/llm_gs/lib/python3.9/site-packages/cv2/.dylibs/libSDL2-2.0.0.dylib (0x15b2b8d18). This may cause spurious casting failures and mysterious crashes. One of the duplicates must be removed or renamed.
objc[22429]: Class SDL_RumbleMotor is implemented in both /Users/linmuyi/miniconda3/envs/llm_gs/lib/python3.9/site-packages/pygame/.dylibs/libSDL2-2.0.0.dylib (0x1095f9778) and /Users/linmuyi/miniconda3/envs/llm_gs/lib/python3.9/site-packages/cv2/.dylibs/libSDL2-2.0.0.dylib (0x15b2b8d40). This may cause spurious casting failures and mysterious crashes. One of the duplicates must be removed or renamed.
objc[22429]: Class SDL_RumbleContext is implemented in both /Users/linmuyi/miniconda3/envs/llm_gs/lib/python3.9/site-packages/pygame/.dylibs/libSDL2-2.0.0.dylib (0x1095f97c8) and /Users/linmuyi/miniconda3/envs/llm_gs/lib/python3.9/site-packages/cv2/.dylibs/libSDL2-2.0.0.dylib (0x15b2b8d90). This may cause spurious casting failures and mysterious crashes. One of the duplicates must be removed or renamed.
  steps=  50000 held=0.01 scoring_steps=4741 (42s)
  steps= 100000 held=0.00 scoring_steps=4741 (73s)
  steps= 150000 held=0.00 scoring_steps=4741 (104s)
  steps= 200000 held=0.00 scoring_steps=4741 (134s)
  steps= 250000 held=0.00 scoring_steps=4741 (163s)
  steps= 300000 held=0.00 scoring_steps=13968 (197s)
  steps= 350000 held=0.00 scoring_steps=13968 (230s)
  steps= 400000 held=0.00 scoring_steps=13968 (269s)
  steps= 450000 held=0.00 scoring_steps=13968 (310s)
  steps= 500000 held=0.00 scoring_steps=13968 (351s)
  steps= 550000 held=0.00 scoring_steps=56059 (404s)
  steps= 600000 held=0.00 scoring_steps=56059 (440s)
  steps= 650000 held=0.00 scoring_steps=56059 (475s)
  steps= 700000 held=0.00 scoring_steps=56059 (508s)
  steps= 750000 held=0.00 scoring_steps=56059 (543s)
  steps= 800000 held=0.00 scoring_steps=82988 (585s)
  steps= 850000 held=0.00 scoring_steps=82988 (622s)
  steps= 900000 held=0.00 scoring_steps=82988 (662s)
  steps= 950000 held=0.00 scoring_steps=82988 (693s)
  steps=1000000 held=0.00 scoring_steps=82988 (744s)
  steps=1050000 held=0.00 scoring_steps=124476 (810s)
  steps=1100000 held=0.00 scoring_steps=124476 (860s)
  steps=1150000 held=0.00 scoring_steps=124476 (907s)
  steps=1200000 held=0.00 scoring_steps=124476 (952s)
  steps=1250000 held=0.00 scoring_steps=124476 (993s)
  steps=1300000 held=0.01 scoring_steps=162336 (1037s)
  steps=1350000 held=0.01 scoring_steps=162336 (1088s)
  steps=1400000 held=0.00 scoring_steps=162336 (1139s)
  steps=1450000 held=0.01 scoring_steps=162336 (1171s)
  steps=1500000 held=0.00 scoring_steps=162336 (1219s)
[sfl_grader] DONE final=0.00 scoring_steps=162336
