/Users/linmuyi/miniconda3/envs/llm_gs/lib/python3.9/site-packages/pygame/pkgdata.py:25: UserWarning: pkg_resources is deprecated as an API. See https://setuptools.pypa.io/en/latest/pkg_resources.html. The pkg_resources package is slated for removal as early as 2025-11-30. Refrain from using this package or pin to Setuptools<81.
  from pkg_resources import resource_stream, resource_exists
[sfl_small] held-out=36
objc[85436]: Class SDLApplication is implemented in both /Users/linmuyi/miniconda3/envs/llm_gs/lib/python3.9/site-packages/pygame/.dylibs/libSDL2-2.0.0.dylib (0x108aa12c8) and /Users/linmuyi/miniconda3/envs/llm_gs/lib/python3.9/site-packages/cv2/.dylibs/libSDL2-2.0.0.dylib (0x149cc8890). This may cause spurious casting failures and mysterious crashes. One of the duplicates must be removed or renamed.
objc[85436]: Class SDLAppDelegate is implemented in both /Users/linmuyi/miniconda3/envs/llm_gs/lib/python3.9/site-packages/pygame/.dylibs/libSDL2-2.0.0.dylib (0x108aa1318) and /Users/linmuyi/miniconda3/envs/llm_gs/lib/python3.9/site-packages/cv2/.dylibs/libSDL2-2.0.0.dylib (0x149cc88e0). This may cause spurious casting failures and mysterious crashes. One of the duplicates must be removed or renamed.
objc[85436]: Class SDLTranslatorResponder is implemented in both /Users/linmuyi/miniconda3/envs/llm_gs/lib/python3.9/site-packages/pygame/.dylibs/libSDL2-2.0.0.dylib (0x108aa1390) and /Users/linmuyi/miniconda3/envs/llm_gs/lib/python3.9/site-packages/cv2/.dylibs/libSDL2-2.0.0.dylib (0x149cc8958). This may cause spurious casting failures and mysterious crashes. One of the duplicates must be removed or renamed.
objc[85436]: Class SDLMessageBoxPresenter is implemented in both /Users/linmuyi/miniconda3/envs/llm_gs/lib/python3.9/site-packages/pygame/.dylibs/libSDL2-2.0.0.dylib (0x108aa13b8) and /Users/linmuyi/miniconda3/envs/llm_gs/lib/python3.9/site-packages/cv2/.dylibs/libSDL2-2.0.0.dylib (0x149cc8980). This may cause spurious casting failures and mysterious crashes. One of the duplicates must be removed or renamed.
objc[85436]: Class SDL_cocoametalview is implemented in both /Users/linmuyi/miniconda3/envs/llm_gs/lib/python3.9/site-packages/pygame/.dylibs/libSDL2-2.0.0.dylib (0x108aa1408) and /Users/linmuyi/miniconda3/envs/llm_gs/lib/python3.9/site-packages/cv2/.dylibs/libSDL2-2.0.0.dylib (0x149cc89d0). This may cause spurious casting failures and mysterious crashes. One of the duplicates must be removed or renamed.
objc[85436]: Class SDLOpenGLContext is implemented in both /Users/linmuyi/miniconda3/envs/llm_gs/lib/python3.9/site-packages/pygame/.dylibs/libSDL2-2.0.0.dylib (0x108aa1458) and /Users/linmuyi/miniconda3/envs/llm_gs/lib/python3.9/site-packages/cv2/.dylibs/libSDL2-2.0.0.dylib (0x149cc8a20). This may cause spurious casting failures and mysterious crashes. One of the duplicates must be removed or renamed.
objc[85436]: Class SDL_ShapeData is implemented in both /Users/linmuyi/miniconda3/envs/llm_gs/lib/python3.9/site-packages/pygame/.dylibs/libSDL2-2.0.0.dylib (0x108aa14d0) and /Users/linmuyi/miniconda3/envs/llm_gs/lib/python3.9/site-packages/cv2/.dylibs/libSDL2-2.0.0.dylib (0x149cc8a98). This may cause spurious casting failures and mysterious crashes. One of the duplicates must be removed or renamed.
objc[85436]: Class SDL_CocoaClosure is implemented in both /Users/linmuyi/miniconda3/envs/llm_gs/lib/python3.9/site-packages/pygame/.dylibs/libSDL2-2.0.0.dylib (0x108aa1520) and /Users/linmuyi/miniconda3/envs/llm_gs/lib/python3.9/site-packages/cv2/.dylibs/libSDL2-2.0.0.dylib (0x149cc8ae8). This may cause spurious casting failures and mysterious crashes. One of the duplicates must be removed or renamed.
objc[85436]: Class SDL_VideoData is implemented in both /Users/linmuyi/miniconda3/envs/llm_gs/lib/python3.9/site-packages/pygame/.dylibs/libSDL2-2.0.0.dylib (0x108aa1570) and /Users/linmuyi/miniconda3/envs/llm_gs/lib/python3.9/site-packages/cv2/.dylibs/libSDL2-2.0.0.dylib (0x149cc8b38). This may cause spurious casting failures and mysterious crashes. One of the duplicates must be removed or renamed.
objc[85436]: Class SDL_WindowData is implemented in both /Users/linmuyi/miniconda3/envs/llm_gs/lib/python3.9/site-packages/pygame/.dylibs/libSDL2-2.0.0.dylib (0x108aa15c0) and /Users/linmuyi/miniconda3/envs/llm_gs/lib/python3.9/site-packages/cv2/.dylibs/libSDL2-2.0.0.dylib (0x149cc8b88). This may cause spurious casting failures and mysterious crashes. One of the duplicates must be removed or renamed.
objc[85436]: Class SDLWindow is implemented in both /Users/linmuyi/miniconda3/envs/llm_gs/lib/python3.9/site-packages/pygame/.dylibs/libSDL2-2.0.0.dylib (0x108aa15e8) and /Users/linmuyi/miniconda3/envs/llm_gs/lib/python3.9/site-packages/cv2/.dylibs/libSDL2-2.0.0.dylib (0x149cc8bb0). This may cause spurious casting failures and mysterious crashes. One of the duplicates must be removed or renamed.
objc[85436]: Class Cocoa_WindowListener is implemented in both /Users/linmuyi/miniconda3/envs/llm_gs/lib/python3.9/site-packages/pygame/.dylibs/libSDL2-2.0.0.dylib (0x108aa1610) and /Users/linmuyi/miniconda3/envs/llm_gs/lib/python3.9/site-packages/cv2/.dylibs/libSDL2-2.0.0.dylib (0x149cc8bd8). This may cause spurious casting failures and mysterious crashes. One of the duplicates must be removed or renamed.
objc[85436]: Class SDLView is implemented in both /Users/linmuyi/miniconda3/envs/llm_gs/lib/python3.9/site-packages/pygame/.dylibs/libSDL2-2.0.0.dylib (0x108aa1688) and /Users/linmuyi/miniconda3/envs/llm_gs/lib/python3.9/site-packages/cv2/.dylibs/libSDL2-2.0.0.dylib (0x149cc8c50). This may cause spurious casting failures and mysterious crashes. One of the duplicates must be removed or renamed.
objc[85436]: Class METAL_RenderData is implemented in both /Users/linmuyi/miniconda3/envs/llm_gs/lib/python3.9/site-packages/pygame/.dylibs/libSDL2-2.0.0.dylib (0x108aa1700) and /Users/linmuyi/miniconda3/envs/llm_gs/lib/python3.9/site-packages/cv2/.dylibs/libSDL2-2.0.0.dylib (0x149cc8cc8). This may cause spurious casting failures and mysterious crashes. One of the duplicates must be removed or renamed.
objc[85436]: Class METAL_TextureData is implemented in both /Users/linmuyi/miniconda3/envs/llm_gs/lib/python3.9/site-packages/pygame/.dylibs/libSDL2-2.0.0.dylib (0x108aa1750) and /Users/linmuyi/miniconda3/envs/llm_gs/lib/python3.9/site-packages/cv2/.dylibs/libSDL2-2.0.0.dylib (0x149cc8d18). This may cause spurious casting failures and mysterious crashes. One of the duplicates must be removed or renamed.
objc[85436]: Class SDL_RumbleMotor is implemented in both /Users/linmuyi/miniconda3/envs/llm_gs/lib/python3.9/site-packages/pygame/.dylibs/libSDL2-2.0.0.dylib (0x108aa1778) and /Users/linmuyi/miniconda3/envs/llm_gs/lib/python3.9/site-packages/cv2/.dylibs/libSDL2-2.0.0.dylib (0x149cc8d40). This may cause spurious casting failures and mysterious crashes. One of the duplicates must be removed or renamed.
objc[85436]: Class SDL_RumbleContext is implemented in both /Users/linmuyi/miniconda3/envs/llm_gs/lib/python3.9/site-packages/pygame/.dylibs/libSDL2-2.0.0.dylib (0x108aa17c8) and /Users/linmuyi/miniconda3/envs/llm_gs/lib/python3.9/site-packages/cv2/.dylibs/libSDL2-2.0.0.dylib (0x149cc8d90). This may cause spurious casting failures and mysterious crashes. One of the duplicates must be removed or renamed.
  steps=  50000 held=0.00 scoring_steps=4220 (53s)
  steps= 100000 held=0.00 scoring_steps=4220 (115s)
  steps= 150000 held=0.01 scoring_steps=4220 (163s)
  steps= 200000 held=0.00 scoring_steps=4220 (239s)
  steps= 250000 held=0.00 scoring_steps=4220 (314s)
  steps= 300000 held=0.01 scoring_steps=51210 (392s)
  steps= 350000 held=0.00 scoring_steps=51210 (459s)
  steps= 400000 held=0.00 scoring_steps=51210 (532s)
  steps= 450000 held=0.00 scoring_steps=51210 (613s)
  steps= 500000 held=0.00 scoring_steps=51210 (695s)
  steps= 550000 held=0.00 scoring_steps=103721 (800s)
  steps= 600000 held=0.00 scoring_steps=103721 (870s)
  steps= 650000 held=0.00 scoring_steps=103721 (911s)
  steps= 700000 held=0.00 scoring_steps=103721 (955s)
  steps= 750000 held=0.00 scoring_steps=103721 (1001s)
  steps= 800000 held=0.00 scoring_steps=109133 (1047s)
  steps= 850000 held=0.00 scoring_steps=109133 (1092s)
  steps= 900000 held=0.00 scoring_steps=109133 (1133s)
  steps= 950000 held=0.01 scoring_steps=109133 (1176s)
  steps=1000000 held=0.01 scoring_steps=109133 (1217s)
  steps=1050000 held=0.00 scoring_steps=110153 (1273s)
  steps=1100000 held=0.01 scoring_steps=110153 (1324s)
  steps=1150000 held=0.01 scoring_steps=110153 (1377s)
  steps=1200000 held=0.00 scoring_steps=110153 (6188s)
  steps=1250000 held=0.00 scoring_steps=110153 (14363s)
  steps=1300000 held=0.00 scoring_steps=138384 (18145s)
  steps=1350000 held=0.00 scoring_steps=138384 (18195s)
  steps=1400000 held=0.01 scoring_steps=138384 (18237s)
  steps=1450000 held=0.02 scoring_steps=138384 (18295s)
  steps=1500000 held=0.00 scoring_steps=138384 (18351s)
[sfl_small] DONE final=0.00 scoring_steps=138384
