/Users/linmuyi/miniconda3/envs/llm_gs/lib/python3.9/site-packages/pygame/pkgdata.py:25: UserWarning: pkg_resources is deprecated as an API. See https://setuptools.pypa.io/en/latest/pkg_resources.html. The pkg_resources package is slated for removal as early as 2025-11-30. Refrain from using this package or pin to Setuptools<81.
  from pkg_resources import resource_stream, resource_exists
[sfl_small] held-out=36
objc[73352]: Class SDLApplication is implemented in both /Users/linmuyi/miniconda3/envs/llm_gs/lib/python3.9/site-packages/pygame/.dylibs/libSDL2-2.0.0.dylib (0x1084112c8) and /Users/linmuyi/miniconda3/envs/llm_gs/lib/python3.9/site-packages/cv2/.dylibs/libSDL2-2.0.0.dylib (0x158760890). This may cause spurious casting failures and mysterious crashes. One of the duplicates must be removed or renamed.
objc[73352]: Class SDLAppDelegate is implemented in both /Users/linmuyi/miniconda3/envs/llm_gs/lib/python3.9/site-packages/pygame/.dylibs/libSDL2-2.0.0.dylib (0x108411318) and /Users/linmuyi/miniconda3/envs/llm_gs/lib/python3.9/site-packages/cv2/.dylibs/libSDL2-2.0.0.dylib (0x1587608e0). This may cause spurious casting failures and mysterious crashes. One of the duplicates must be removed or renamed.
objc[73352]: Class SDLTranslatorResponder is implemented in both /Users/linmuyi/miniconda3/envs/llm_gs/lib/python3.9/site-packages/pygame/.dylibs/libSDL2-2.0.0.dylib (0x108411390) and /Users/linmuyi/miniconda3/envs/llm_gs/lib/python3.9/site-packages/cv2/.dylibs/libSDL2-2.0.0.dylib (0x158760958). This may cause spurious casting failures and mysterious crashes. One of the duplicates must be removed or renamed.
objc[73352]: Class SDLMessageBoxPresenter is implemented in both /Users/linmuyi/miniconda3/envs/llm_gs/lib/python3.9/site-packages/pygame/.dylibs/libSDL2-2.0.0.dylib (0x1084113b8) and /Users/linmuyi/miniconda3/envs/llm_gs/lib/python3.9/site-packages/cv2/.dylibs/libSDL2-2.0.0.dylib (0x158760980). This may cause spurious casting failures and mysterious crashes. One of the duplicates must be removed or renamed.
objc[73352]: Class SDL_cocoametalview is implemented in both /Users/linmuyi/miniconda3/envs/llm_gs/lib/python3.9/site-packages/pygame/.dylibs/libSDL2-2.0.0.dylib (0x108411408) and /Users/linmuyi/miniconda3/envs/llm_gs/lib/python3.9/site-packages/cv2/.dylibs/libSDL2-2.0.0.dylib (0x1587609d0). This may cause spurious casting failures and mysterious crashes. One of the duplicates must be removed or renamed.
objc[73352]: Class SDLOpenGLContext is implemented in both /Users/linmuyi/miniconda3/envs/llm_gs/lib/python3.9/site-packages/pygame/.dylibs/libSDL2-2.0.0.dylib (0x108411458) and /Users/linmuyi/miniconda3/envs/llm_gs/lib/python3.9/site-packages/cv2/.dylibs/libSDL2-2.0.0.dylib (0x158760a20). This may cause spurious casting failures and mysterious crashes. One of the duplicates must be removed or renamed.
objc[73352]: Class SDL_ShapeData is implemented in both /Users/linmuyi/miniconda3/envs/llm_gs/lib/python3.9/site-packages/pygame/.dylibs/libSDL2-2.0.0.dylib (0x1084114d0) and /Users/linmuyi/miniconda3/envs/llm_gs/lib/python3.9/site-packages/cv2/.dylibs/libSDL2-2.0.0.dylib (0x158760a98). This may cause spurious casting failures and mysterious crashes. One of the duplicates must be removed or renamed.
objc[73352]: Class SDL_CocoaClosure is implemented in both /Users/linmuyi/miniconda3/envs/llm_gs/lib/python3.9/site-packages/pygame/.dylibs/libSDL2-2.0.0.dylib (0x108411520) and /Users/linmuyi/miniconda3/envs/llm_gs/lib/python3.9/site-packages/cv2/.dylibs/libSDL2-2.0.0.dylib (0x158760ae8). This may cause spurious casting failures and mysterious crashes. One of the duplicates must be removed or renamed.
objc[73352]: Class SDL_VideoData is implemented in both /Users/linmuyi/miniconda3/envs/llm_gs/lib/python3.9/site-packages/pygame/.dylibs/libSDL2-2.0.0.dylib (0x108411570) and /Users/linmuyi/miniconda3/envs/llm_gs/lib/python3.9/site-packages/cv2/.dylibs/libSDL2-2.0.0.dylib (0x158760b38). This may cause spurious casting failures and mysterious crashes. One of the duplicates must be removed or renamed.
objc[73352]: Class SDL_WindowData is implemented in both /Users/linmuyi/miniconda3/envs/llm_gs/lib/python3.9/site-packages/pygame/.dylibs/libSDL2-2.0.0.dylib (0x1084115c0) and /Users/linmuyi/miniconda3/envs/llm_gs/lib/python3.9/site-packages/cv2/.dylibs/libSDL2-2.0.0.dylib (0x158760b88). This may cause spurious casting failures and mysterious crashes. One of the duplicates must be removed or renamed.
objc[73352]: Class SDLWindow is implemented in both /Users/linmuyi/miniconda3/envs/llm_gs/lib/python3.9/site-packages/pygame/.dylibs/libSDL2-2.0.0.dylib (0x1084115e8) and /Users/linmuyi/miniconda3/envs/llm_gs/lib/python3.9/site-packages/cv2/.dylibs/libSDL2-2.0.0.dylib (0x158760bb0). This may cause spurious casting failures and mysterious crashes. One of the duplicates must be removed or renamed.
objc[73352]: Class Cocoa_WindowListener is implemented in both /Users/linmuyi/miniconda3/envs/llm_gs/lib/python3.9/site-packages/pygame/.dylibs/libSDL2-2.0.0.dylib (0x108411610) and /Users/linmuyi/miniconda3/envs/llm_gs/lib/python3.9/site-packages/cv2/.dylibs/libSDL2-2.0.0.dylib (0x158760bd8). This may cause spurious casting failures and mysterious crashes. One of the duplicates must be removed or renamed.
objc[73352]: Class SDLView is implemented in both /Users/linmuyi/miniconda3/envs/llm_gs/lib/python3.9/site-packages/pygame/.dylibs/libSDL2-2.0.0.dylib (0x108411688) and /Users/linmuyi/miniconda3/envs/llm_gs/lib/python3.9/site-packages/cv2/.dylibs/libSDL2-2.0.0.dylib (0x158760c50). This may cause spurious casting failures and mysterious crashes. One of the duplicates must be removed or renamed.
objc[73352]: Class METAL_RenderData is implemented in both /Users/linmuyi/miniconda3/envs/llm_gs/lib/python3.9/site-packages/pygame/.dylibs/libSDL2-2.0.0.dylib (0x108411700) and /Users/linmuyi/miniconda3/envs/llm_gs/lib/python3.9/site-packages/cv2/.dylibs/libSDL2-2.0.0.dylib (0x158760cc8). This may cause spurious casting failures and mysterious crashes. One of the duplicates must be removed or renamed.
objc[73352]: Class METAL_TextureData is implemented in both /Users/linmuyi/miniconda3/envs/llm_gs/lib/python3.9/site-packages/pygame/.dylibs/libSDL2-2.0.0.dylib (0x108411750) and /Users/linmuyi/miniconda3/envs/llm_gs/lib/python3.9/site-packages/cv2/.dylibs/libSDL2-2.0.0.dylib (0x158760d18). This may cause spurious casting failures and mysterious crashes. One of the duplicates must be removed or renamed.
objc[73352]: Class SDL_RumbleMotor is implemented in both /Users/linmuyi/miniconda3/envs/llm_gs/lib/python3.9/site-packages/pygame/.dylibs/libSDL2-2.0.0.dylib (0x108411778) and /Users/linmuyi/miniconda3/envs/llm_gs/lib/python3.9/site-packages/cv2/.dylibs/libSDL2-2.0.0.dylib (0x158760d40). This may cause spurious casting failures and mysterious crashes. One of the duplicates must be removed or renamed.
objc[73352]: Class SDL_RumbleContext is implemented in both /Users/linmuyi/miniconda3/envs/llm_gs/lib/python3.9/site-packages/pygame/.dylibs/libSDL2-2.0.0.dylib (0x1084117c8) and /Users/linmuyi/miniconda3/envs/llm_gs/lib/python3.9/site-packages/cv2/.dylibs/libSDL2-2.0.0.dylib (0x158760d90). This may cause spurious casting failures and mysterious crashes. One of the duplicates must be removed or renamed.
  steps=  50000 held=0.00 scoring_steps=5390 (64s)
  steps= 100000 held=0.00 scoring_steps=5390 (117s)
  steps= 150000 held=0.00 scoring_steps=5390 (172s)
  steps= 200000 held=0.00 scoring_steps=5390 (223s)
  steps= 250000 held=0.01 scoring_steps=5390 (272s)
  steps= 300000 held=0.06 scoring_steps=10361 (330s)
  steps= 350000 held=0.06 scoring_steps=10361 (419s)
  steps= 400000 held=0.06 scoring_steps=10361 (533s)
  steps= 450000 held=0.00 scoring_steps=10361 (620s)
  steps= 500000 held=0.00 scoring_steps=10361 (776s)
  steps= 550000 held=0.01 scoring_steps=58840 (954s)
  steps= 600000 held=0.00 scoring_steps=58840 (1094s)
  steps= 650000 held=0.00 scoring_steps=58840 (1246s)
  steps= 700000 held=0.10 scoring_steps=58840 (1353s)
  steps= 750000 held=0.09 scoring_steps=58840 (1461s)
  steps= 800000 held=0.01 scoring_steps=97804 (1600s)
  steps= 850000 held=0.01 scoring_steps=97804 (1698s)
  steps= 900000 held=0.02 scoring_steps=97804 (1778s)
  steps= 950000 held=0.00 scoring_steps=97804 (1863s)
  steps=1000000 held=0.00 scoring_steps=97804 (1952s)
  steps=1050000 held=0.01 scoring_steps=163280 (2051s)
  steps=1100000 held=0.00 scoring_steps=163280 (2123s)
  steps=1150000 held=0.00 scoring_steps=163280 (2195s)
  steps=1200000 held=0.00 scoring_steps=163280 (2272s)
  steps=1250000 held=0.02 scoring_steps=163280 (2335s)
  steps=1300000 held=0.00 scoring_steps=186922 (2426s)
  steps=1350000 held=0.00 scoring_steps=186922 (2511s)
  steps=1400000 held=0.00 scoring_steps=186922 (2594s)
  steps=1450000 held=0.00 scoring_steps=186922 (2666s)
  steps=1500000 held=0.00 scoring_steps=186922 (2745s)
[sfl_small] DONE final=0.00 scoring_steps=186922
