/Users/linmuyi/miniconda3/envs/llm_gs/lib/python3.9/site-packages/pygame/pkgdata.py:25: UserWarning: pkg_resources is deprecated as an API. See https://setuptools.pypa.io/en/latest/pkg_resources.html. The pkg_resources package is slated for removal as early as 2025-11-30. Refrain from using this package or pin to Setuptools<81.
  from pkg_resources import resource_stream, resource_exists
[sfl] held-out=36
objc[92465]: Class SDLApplication is implemented in both /Users/linmuyi/miniconda3/envs/llm_gs/lib/python3.9/site-packages/pygame/.dylibs/libSDL2-2.0.0.dylib (0x107b612c8) and /Users/linmuyi/miniconda3/envs/llm_gs/lib/python3.9/site-packages/cv2/.dylibs/libSDL2-2.0.0.dylib (0x1372a4890). This may cause spurious casting failures and mysterious crashes. One of the duplicates must be removed or renamed.
objc[92465]: Class SDLAppDelegate is implemented in both /Users/linmuyi/miniconda3/envs/llm_gs/lib/python3.9/site-packages/pygame/.dylibs/libSDL2-2.0.0.dylib (0x107b61318) and /Users/linmuyi/miniconda3/envs/llm_gs/lib/python3.9/site-packages/cv2/.dylibs/libSDL2-2.0.0.dylib (0x1372a48e0). This may cause spurious casting failures and mysterious crashes. One of the duplicates must be removed or renamed.
objc[92465]: Class SDLTranslatorResponder is implemented in both /Users/linmuyi/miniconda3/envs/llm_gs/lib/python3.9/site-packages/pygame/.dylibs/libSDL2-2.0.0.dylib (0x107b61390) and /Users/linmuyi/miniconda3/envs/llm_gs/lib/python3.9/site-packages/cv2/.dylibs/libSDL2-2.0.0.dylib (0x1372a4958). This may cause spurious casting failures and mysterious crashes. One of the duplicates must be removed or renamed.
objc[92465]: Class SDLMessageBoxPresenter is implemented in both /Users/linmuyi/miniconda3/envs/llm_gs/lib/python3.9/site-packages/pygame/.dylibs/libSDL2-2.0.0.dylib (0x107b613b8) and /Users/linmuyi/miniconda3/envs/llm_gs/lib/python3.9/site-packages/cv2/.dylibs/libSDL2-2.0.0.dylib (0x1372a4980). This may cause spurious casting failures and mysterious crashes. One of the duplicates must be removed or renamed.
objc[92465]: Class SDL_cocoametalview is implemented in both /Users/linmuyi/miniconda3/envs/llm_gs/lib/python3.9/site-packages/pygame/.dylibs/libSDL2-2.0.0.dylib (0x107b61408) and /Users/linmuyi/miniconda3/envs/llm_gs/lib/python3.9/site-packages/cv2/.dylibs/libSDL2-2.0.0.dylib (0x1372a49d0). This may cause spurious casting failures and mysterious crashes. One of the duplicates must be removed or renamed.
objc[92465]: Class SDLOpenGLContext is implemented in both /Users/linmuyi/miniconda3/envs/llm_gs/lib/python3.9/site-packages/pygame/.dylibs/libSDL2-2.0.0.dylib (0x107b61458) and /Users/linmuyi/miniconda3/envs/llm_gs/lib/python3.9/site-packages/cv2/.dylibs/libSDL2-2.0.0.dylib (0x1372a4a20). This may cause spurious casting failures and mysterious crashes. One of the duplicates must be removed or renamed.
objc[92465]: Class SDL_ShapeData is implemented in both /Users/linmuyi/miniconda3/envs/llm_gs/lib/python3.9/site-packages/pygame/.dylibs/libSDL2-2.0.0.dylib (0x107b614d0) and /Users/linmuyi/miniconda3/envs/llm_gs/lib/python3.9/site-packages/cv2/.dylibs/libSDL2-2.0.0.dylib (0x1372a4a98). This may cause spurious casting failures and mysterious crashes. One of the duplicates must be removed or renamed.
objc[92465]: Class SDL_CocoaClosure is implemented in both /Users/linmuyi/miniconda3/envs/llm_gs/lib/python3.9/site-packages/pygame/.dylibs/libSDL2-2.0.0.dylib (0x107b61520) and /Users/linmuyi/miniconda3/envs/llm_gs/lib/python3.9/site-packages/cv2/.dylibs/libSDL2-2.0.0.dylib (0x1372a4ae8). This may cause spurious casting failures and mysterious crashes. One of the duplicates must be removed or renamed.
objc[92465]: Class SDL_VideoData is implemented in both /Users/linmuyi/miniconda3/envs/llm_gs/lib/python3.9/site-packages/pygame/.dylibs/libSDL2-2.0.0.dylib (0x107b61570) and /Users/linmuyi/miniconda3/envs/llm_gs/lib/python3.9/site-packages/cv2/.dylibs/libSDL2-2.0.0.dylib (0x1372a4b38). This may cause spurious casting failures and mysterious crashes. One of the duplicates must be removed or renamed.
objc[92465]: Class SDL_WindowData is implemented in both /Users/linmuyi/miniconda3/envs/llm_gs/lib/python3.9/site-packages/pygame/.dylibs/libSDL2-2.0.0.dylib (0x107b615c0) and /Users/linmuyi/miniconda3/envs/llm_gs/lib/python3.9/site-packages/cv2/.dylibs/libSDL2-2.0.0.dylib (0x1372a4b88). This may cause spurious casting failures and mysterious crashes. One of the duplicates must be removed or renamed.
objc[92465]: Class SDLWindow is implemented in both /Users/linmuyi/miniconda3/envs/llm_gs/lib/python3.9/site-packages/pygame/.dylibs/libSDL2-2.0.0.dylib (0x107b615e8) and /Users/linmuyi/miniconda3/envs/llm_gs/lib/python3.9/site-packages/cv2/.dylibs/libSDL2-2.0.0.dylib (0x1372a4bb0). This may cause spurious casting failures and mysterious crashes. One of the duplicates must be removed or renamed.
objc[92465]: Class Cocoa_WindowListener is implemented in both /Users/linmuyi/miniconda3/envs/llm_gs/lib/python3.9/site-packages/pygame/.dylibs/libSDL2-2.0.0.dylib (0x107b61610) and /Users/linmuyi/miniconda3/envs/llm_gs/lib/python3.9/site-packages/cv2/.dylibs/libSDL2-2.0.0.dylib (0x1372a4bd8). This may cause spurious casting failures and mysterious crashes. One of the duplicates must be removed or renamed.
objc[92465]: Class SDLView is implemented in both /Users/linmuyi/miniconda3/envs/llm_gs/lib/python3.9/site-packages/pygame/.dylibs/libSDL2-2.0.0.dylib (0x107b61688) and /Users/linmuyi/miniconda3/envs/llm_gs/lib/python3.9/site-packages/cv2/.dylibs/libSDL2-2.0.0.dylib (0x1372a4c50). This may cause spurious casting failures and mysterious crashes. One of the duplicates must be removed or renamed.
objc[92465]: Class METAL_RenderData is implemented in both /Users/linmuyi/miniconda3/envs/llm_gs/lib/python3.9/site-packages/pygame/.dylibs/libSDL2-2.0.0.dylib (0x107b61700) and /Users/linmuyi/miniconda3/envs/llm_gs/lib/python3.9/site-packages/cv2/.dylibs/libSDL2-2.0.0.dylib (0x1372a4cc8). This may cause spurious casting failures and mysterious crashes. One of the duplicates must be removed or renamed.
objc[92465]: Class METAL_TextureData is implemented in both /Users/linmuyi/miniconda3/envs/llm_gs/lib/python3.9/site-packages/pygame/.dylibs/libSDL2-2.0.0.dylib (0x107b61750) and /Users/linmuyi/miniconda3/envs/llm_gs/lib/python3.9/site-packages/cv2/.dylibs/libSDL2-2.0.0.dylib (0x1372a4d18). This may cause spurious casting failures and mysterious crashes. One of the duplicates must be removed or renamed.
objc[92465]: Class SDL_RumbleMotor is implemented in both /Users/linmuyi/miniconda3/envs/llm_gs/lib/python3.9/site-packages/pygame/.dylibs/libSDL2-2.0.0.dylib (0x107b61778) and /Users/linmuyi/miniconda3/envs/llm_gs/lib/python3.9/site-packages/cv2/.dylibs/libSDL2-2.0.0.dylib (0x1372a4d40). This may cause spurious casting failures and mysterious crashes. One of the duplicates must be removed or renamed.
objc[92465]: Class SDL_RumbleContext is implemented in both /Users/linmuyi/miniconda3/envs/llm_gs/lib/python3.9/site-packages/pygame/.dylibs/libSDL2-2.0.0.dylib (0x107b617c8) and /Users/linmuyi/miniconda3/envs/llm_gs/lib/python3.9/site-packages/cv2/.dylibs/libSDL2-2.0.0.dylib (0x1372a4d90). This may cause spurious casting failures and mysterious crashes. One of the duplicates must be removed or renamed.
  steps=  50000 held=0.00 scoring_steps=39995 (73s)
  steps= 100000 held=0.01 scoring_steps=39995 (119s)
  steps= 150000 held=0.01 scoring_steps=39995 (171s)
  steps= 200000 held=0.00 scoring_steps=39995 (220s)
  steps= 250000 held=0.00 scoring_steps=39995 (273s)
  steps= 300000 held=0.00 scoring_steps=111367 (349s)
  steps= 350000 held=0.02 scoring_steps=111367 (1434s)
  steps= 400000 held=0.00 scoring_steps=111367 (11312s)
  steps= 450000 held=0.00 scoring_steps=111367 (17095s)
  steps= 500000 held=0.00 scoring_steps=111367 (17162s)
  steps= 550000 held=0.00 scoring_steps=287684 (17306s)
  steps= 600000 held=0.00 scoring_steps=287684 (17371s)
  steps= 650000 held=0.01 scoring_steps=287684 (17420s)
  steps= 700000 held=0.00 scoring_steps=287684 (17481s)
  steps= 750000 held=0.00 scoring_steps=287684 (17548s)
  steps= 800000 held=0.00 scoring_steps=471213 (17695s)
  steps= 850000 held=0.00 scoring_steps=471213 (17762s)
  steps= 900000 held=0.00 scoring_steps=471213 (17840s)
  steps= 950000 held=0.00 scoring_steps=471213 (17932s)
  steps=1000000 held=0.00 scoring_steps=471213 (18036s)
  steps=1050000 held=0.00 scoring_steps=670391 (18248s)
  steps=1100000 held=0.00 scoring_steps=670391 (18316s)
  steps=1150000 held=0.00 scoring_steps=670391 (18386s)
  steps=1200000 held=0.00 scoring_steps=670391 (18453s)
  steps=1250000 held=0.00 scoring_steps=670391 (18520s)
  steps=1300000 held=0.00 scoring_steps=859319 (18675s)
  steps=1350000 held=0.00 scoring_steps=859319 (18747s)
  steps=1400000 held=0.00 scoring_steps=859319 (18815s)
  steps=1450000 held=0.00 scoring_steps=859319 (18880s)
  steps=1500000 held=0.00 scoring_steps=859319 (18954s)
[sfl] DONE final=0.00 scoring_steps=859319
