/Users/linmuyi/miniconda3/envs/llm_gs/lib/python3.9/site-packages/pygame/pkgdata.py:25: UserWarning: pkg_resources is deprecated as an API. See https://setuptools.pypa.io/en/latest/pkg_resources.html. The pkg_resources package is slated for removal as early as 2025-11-30. Refrain from using this package or pin to Setuptools<81.
  from pkg_resources import resource_stream, resource_exists
[sfl_grader] held-out=36
objc[88516]: Class SDLApplication is implemented in both /Users/linmuyi/miniconda3/envs/llm_gs/lib/python3.9/site-packages/pygame/.dylibs/libSDL2-2.0.0.dylib (0x107aa12c8) and /Users/linmuyi/miniconda3/envs/llm_gs/lib/python3.9/site-packages/cv2/.dylibs/libSDL2-2.0.0.dylib (0x14d180890). This may cause spurious casting failures and mysterious crashes. One of the duplicates must be removed or renamed.
objc[88516]: Class SDLAppDelegate is implemented in both /Users/linmuyi/miniconda3/envs/llm_gs/lib/python3.9/site-packages/pygame/.dylibs/libSDL2-2.0.0.dylib (0x107aa1318) and /Users/linmuyi/miniconda3/envs/llm_gs/lib/python3.9/site-packages/cv2/.dylibs/libSDL2-2.0.0.dylib (0x14d1808e0). This may cause spurious casting failures and mysterious crashes. One of the duplicates must be removed or renamed.
objc[88516]: Class SDLTranslatorResponder is implemented in both /Users/linmuyi/miniconda3/envs/llm_gs/lib/python3.9/site-packages/pygame/.dylibs/libSDL2-2.0.0.dylib (0x107aa1390) and /Users/linmuyi/miniconda3/envs/llm_gs/lib/python3.9/site-packages/cv2/.dylibs/libSDL2-2.0.0.dylib (0x14d180958). This may cause spurious casting failures and mysterious crashes. One of the duplicates must be removed or renamed.
objc[88516]: Class SDLMessageBoxPresenter is implemented in both /Users/linmuyi/miniconda3/envs/llm_gs/lib/python3.9/site-packages/pygame/.dylibs/libSDL2-2.0.0.dylib (0x107aa13b8) and /Users/linmuyi/miniconda3/envs/llm_gs/lib/python3.9/site-packages/cv2/.dylibs/libSDL2-2.0.0.dylib (0x14d180980). This may cause spurious casting failures and mysterious crashes. One of the duplicates must be removed or renamed.
objc[88516]: Class SDL_cocoametalview is implemented in both /Users/linmuyi/miniconda3/envs/llm_gs/lib/python3.9/site-packages/pygame/.dylibs/libSDL2-2.0.0.dylib (0x107aa1408) and /Users/linmuyi/miniconda3/envs/llm_gs/lib/python3.9/site-packages/cv2/.dylibs/libSDL2-2.0.0.dylib (0x14d1809d0). This may cause spurious casting failures and mysterious crashes. One of the duplicates must be removed or renamed.
objc[88516]: Class SDLOpenGLContext is implemented in both /Users/linmuyi/miniconda3/envs/llm_gs/lib/python3.9/site-packages/pygame/.dylibs/libSDL2-2.0.0.dylib (0x107aa1458) and /Users/linmuyi/miniconda3/envs/llm_gs/lib/python3.9/site-packages/cv2/.dylibs/libSDL2-2.0.0.dylib (0x14d180a20). This may cause spurious casting failures and mysterious crashes. One of the duplicates must be removed or renamed.
objc[88516]: Class SDL_ShapeData is implemented in both /Users/linmuyi/miniconda3/envs/llm_gs/lib/python3.9/site-packages/pygame/.dylibs/libSDL2-2.0.0.dylib (0x107aa14d0) and /Users/linmuyi/miniconda3/envs/llm_gs/lib/python3.9/site-packages/cv2/.dylibs/libSDL2-2.0.0.dylib (0x14d180a98). This may cause spurious casting failures and mysterious crashes. One of the duplicates must be removed or renamed.
objc[88516]: Class SDL_CocoaClosure is implemented in both /Users/linmuyi/miniconda3/envs/llm_gs/lib/python3.9/site-packages/pygame/.dylibs/libSDL2-2.0.0.dylib (0x107aa1520) and /Users/linmuyi/miniconda3/envs/llm_gs/lib/python3.9/site-packages/cv2/.dylibs/libSDL2-2.0.0.dylib (0x14d180ae8). This may cause spurious casting failures and mysterious crashes. One of the duplicates must be removed or renamed.
objc[88516]: Class SDL_VideoData is implemented in both /Users/linmuyi/miniconda3/envs/llm_gs/lib/python3.9/site-packages/pygame/.dylibs/libSDL2-2.0.0.dylib (0x107aa1570) and /Users/linmuyi/miniconda3/envs/llm_gs/lib/python3.9/site-packages/cv2/.dylibs/libSDL2-2.0.0.dylib (0x14d180b38). This may cause spurious casting failures and mysterious crashes. One of the duplicates must be removed or renamed.
objc[88516]: Class SDL_WindowData is implemented in both /Users/linmuyi/miniconda3/envs/llm_gs/lib/python3.9/site-packages/pygame/.dylibs/libSDL2-2.0.0.dylib (0x107aa15c0) and /Users/linmuyi/miniconda3/envs/llm_gs/lib/python3.9/site-packages/cv2/.dylibs/libSDL2-2.0.0.dylib (0x14d180b88). This may cause spurious casting failures and mysterious crashes. One of the duplicates must be removed or renamed.
objc[88516]: Class SDLWindow is implemented in both /Users/linmuyi/miniconda3/envs/llm_gs/lib/python3.9/site-packages/pygame/.dylibs/libSDL2-2.0.0.dylib (0x107aa15e8) and /Users/linmuyi/miniconda3/envs/llm_gs/lib/python3.9/site-packages/cv2/.dylibs/libSDL2-2.0.0.dylib (0x14d180bb0). This may cause spurious casting failures and mysterious crashes. One of the duplicates must be removed or renamed.
objc[88516]: Class Cocoa_WindowListener is implemented in both /Users/linmuyi/miniconda3/envs/llm_gs/lib/python3.9/site-packages/pygame/.dylibs/libSDL2-2.0.0.dylib (0x107aa1610) and /Users/linmuyi/miniconda3/envs/llm_gs/lib/python3.9/site-packages/cv2/.dylibs/libSDL2-2.0.0.dylib (0x14d180bd8). This may cause spurious casting failures and mysterious crashes. One of the duplicates must be removed or renamed.
objc[88516]: Class SDLView is implemented in both /Users/linmuyi/miniconda3/envs/llm_gs/lib/python3.9/site-packages/pygame/.dylibs/libSDL2-2.0.0.dylib (0x107aa1688) and /Users/linmuyi/miniconda3/envs/llm_gs/lib/python3.9/site-packages/cv2/.dylibs/libSDL2-2.0.0.dylib (0x14d180c50). This may cause spurious casting failures and mysterious crashes. One of the duplicates must be removed or renamed.
objc[88516]: Class METAL_RenderData is implemented in both /Users/linmuyi/miniconda3/envs/llm_gs/lib/python3.9/site-packages/pygame/.dylibs/libSDL2-2.0.0.dylib (0x107aa1700) and /Users/linmuyi/miniconda3/envs/llm_gs/lib/python3.9/site-packages/cv2/.dylibs/libSDL2-2.0.0.dylib (0x14d180cc8). This may cause spurious casting failures and mysterious crashes. One of the duplicates must be removed or renamed.
objc[88516]: Class METAL_TextureData is implemented in both /Users/linmuyi/miniconda3/envs/llm_gs/lib/python3.9/site-packages/pygame/.dylibs/libSDL2-2.0.0.dylib (0x107aa1750) and /Users/linmuyi/miniconda3/envs/llm_gs/lib/python3.9/site-packages/cv2/.dylibs/libSDL2-2.0.0.dylib (0x14d180d18). This may cause spurious casting failures and mysterious crashes. One of the duplicates must be removed or renamed.
objc[88516]: Class SDL_RumbleMotor is implemented in both /Users/linmuyi/miniconda3/envs/llm_gs/lib/python3.9/site-packages/pygame/.dylibs/libSDL2-2.0.0.dylib (0x107aa1778) and /Users/linmuyi/miniconda3/envs/llm_gs/lib/python3.9/site-packages/cv2/.dylibs/libSDL2-2.0.0.dylib (0x14d180d40). This may cause spurious casting failures and mysterious crashes. One of the duplicates must be removed or renamed.
objc[88516]: Class SDL_RumbleContext is implemented in both /Users/linmuyi/miniconda3/envs/llm_gs/lib/python3.9/site-packages/pygame/.dylibs/libSDL2-2.0.0.dylib (0x107aa17c8) and /Users/linmuyi/miniconda3/envs/llm_gs/lib/python3.9/site-packages/cv2/.dylibs/libSDL2-2.0.0.dylib (0x14d180d90). This may cause spurious casting failures and mysterious crashes. One of the duplicates must be removed or renamed.
  steps=  50000 held=0.01 scoring_steps=6574 (65s)
  steps= 100000 held=0.00 scoring_steps=6574 (110s)
  steps= 150000 held=0.00 scoring_steps=6574 (153s)
  steps= 200000 held=0.00 scoring_steps=6574 (205s)
  steps= 250000 held=0.01 scoring_steps=6574 (248s)
  steps= 300000 held=0.00 scoring_steps=9685 (298s)
  steps= 350000 held=0.00 scoring_steps=9685 (363s)
  steps= 400000 held=0.00 scoring_steps=9685 (432s)
  steps= 450000 held=0.00 scoring_steps=9685 (498s)
  steps= 500000 held=0.00 scoring_steps=9685 (552s)
  steps= 550000 held=0.00 scoring_steps=34157 (631s)
  steps= 600000 held=0.00 scoring_steps=34157 (699s)
  steps= 650000 held=0.00 scoring_steps=34157 (744s)
  steps= 700000 held=0.00 scoring_steps=34157 (794s)
  steps= 750000 held=0.00 scoring_steps=34157 (872s)
  steps= 800000 held=0.00 scoring_steps=74399 (952s)
  steps= 850000 held=0.01 scoring_steps=74399 (2039s)
  steps= 900000 held=0.03 scoring_steps=74399 (11313s)
  steps= 950000 held=0.14 scoring_steps=74399 (16528s)
  steps=1000000 held=0.14 scoring_steps=74399 (17762s)
  steps=1050000 held=0.12 scoring_steps=131049 (17858s)
  steps=1100000 held=0.03 scoring_steps=131049 (17941s)
  steps=1150000 held=0.00 scoring_steps=131049 (18018s)
  steps=1200000 held=0.00 scoring_steps=131049 (18095s)
  steps=1250000 held=0.00 scoring_steps=131049 (18175s)
  steps=1300000 held=0.00 scoring_steps=179659 (18280s)
  steps=1350000 held=0.06 scoring_steps=179659 (18348s)
  steps=1400000 held=0.00 scoring_steps=179659 (18444s)
  steps=1450000 held=0.03 scoring_steps=179659 (18544s)
  steps=1500000 held=0.00 scoring_steps=179659 (18674s)
[sfl_grader] DONE final=0.00 scoring_steps=179659
