/Users/linmuyi/miniconda3/envs/llm_gs/lib/python3.9/site-packages/pygame/pkgdata.py:25: UserWarning: pkg_resources is deprecated as an API. See https://setuptools.pypa.io/en/latest/pkg_resources.html. The pkg_resources package is slated for removal as early as 2025-11-30. Refrain from using this package or pin to Setuptools<81.
  from pkg_resources import resource_stream, resource_exists
[sfl] held-out=36
objc[15839]: Class SDLApplication is implemented in both /Users/linmuyi/miniconda3/envs/llm_gs/lib/python3.9/site-packages/pygame/.dylibs/libSDL2-2.0.0.dylib (0x108a092c8) and /Users/linmuyi/miniconda3/envs/llm_gs/lib/python3.9/site-packages/cv2/.dylibs/libSDL2-2.0.0.dylib (0x14267c890). This may cause spurious casting failures and mysterious crashes. One of the duplicates must be removed or renamed.
objc[15839]: Class SDLAppDelegate is implemented in both /Users/linmuyi/miniconda3/envs/llm_gs/lib/python3.9/site-packages/pygame/.dylibs/libSDL2-2.0.0.dylib (0x108a09318) and /Users/linmuyi/miniconda3/envs/llm_gs/lib/python3.9/site-packages/cv2/.dylibs/libSDL2-2.0.0.dylib (0x14267c8e0). This may cause spurious casting failures and mysterious crashes. One of the duplicates must be removed or renamed.
objc[15839]: Class SDLTranslatorResponder is implemented in both /Users/linmuyi/miniconda3/envs/llm_gs/lib/python3.9/site-packages/pygame/.dylibs/libSDL2-2.0.0.dylib (0x108a09390) and /Users/linmuyi/miniconda3/envs/llm_gs/lib/python3.9/site-packages/cv2/.dylibs/libSDL2-2.0.0.dylib (0x14267c958). This may cause spurious casting failures and mysterious crashes. One of the duplicates must be removed or renamed.
objc[15839]: Class SDLMessageBoxPresenter is implemented in both /Users/linmuyi/miniconda3/envs/llm_gs/lib/python3.9/site-packages/pygame/.dylibs/libSDL2-2.0.0.dylib (0x108a093b8) and /Users/linmuyi/miniconda3/envs/llm_gs/lib/python3.9/site-packages/cv2/.dylibs/libSDL2-2.0.0.dylib (0x14267c980). This may cause spurious casting failures and mysterious crashes. One of the duplicates must be removed or renamed.
objc[15839]: Class SDL_cocoametalview is implemented in both /Users/linmuyi/miniconda3/envs/llm_gs/lib/python3.9/site-packages/pygame/.dylibs/libSDL2-2.0.0.dylib (0x108a09408) and /Users/linmuyi/miniconda3/envs/llm_gs/lib/python3.9/site-packages/cv2/.dylibs/libSDL2-2.0.0.dylib (0x14267c9d0). This may cause spurious casting failures and mysterious crashes. One of the duplicates must be removed or renamed.
objc[15839]: Class SDLOpenGLContext is implemented in both /Users/linmuyi/miniconda3/envs/llm_gs/lib/python3.9/site-packages/pygame/.dylibs/libSDL2-2.0.0.dylib (0x108a09458) and /Users/linmuyi/miniconda3/envs/llm_gs/lib/python3.9/site-packages/cv2/.dylibs/libSDL2-2.0.0.dylib (0x14267ca20). This may cause spurious casting failures and mysterious crashes. One of the duplicates must be removed or renamed.
objc[15839]: Class SDL_ShapeData is implemented in both /Users/linmuyi/miniconda3/envs/llm_gs/lib/python3.9/site-packages/pygame/.dylibs/libSDL2-2.0.0.dylib (0x108a094d0) and /Users/linmuyi/miniconda3/envs/llm_gs/lib/python3.9/site-packages/cv2/.dylibs/libSDL2-2.0.0.dylib (0x14267ca98). This may cause spurious casting failures and mysterious crashes. One of the duplicates must be removed or renamed.
objc[15839]: Class SDL_CocoaClosure is implemented in both /Users/linmuyi/miniconda3/envs/llm_gs/lib/python3.9/site-packages/pygame/.dylibs/libSDL2-2.0.0.dylib (0x108a09520) and /Users/linmuyi/miniconda3/envs/llm_gs/lib/python3.9/site-packages/cv2/.dylibs/libSDL2-2.0.0.dylib (0x14267cae8). This may cause spurious casting failures and mysterious crashes. One of the duplicates must be removed or renamed.
objc[15839]: Class SDL_VideoData is implemented in both /Users/linmuyi/miniconda3/envs/llm_gs/lib/python3.9/site-packages/pygame/.dylibs/libSDL2-2.0.0.dylib (0x108a09570) and /Users/linmuyi/miniconda3/envs/llm_gs/lib/python3.9/site-packages/cv2/.dylibs/libSDL2-2.0.0.dylib (0x14267cb38). This may cause spurious casting failures and mysterious crashes. One of the duplicates must be removed or renamed.
objc[15839]: Class SDL_WindowData is implemented in both /Users/linmuyi/miniconda3/envs/llm_gs/lib/python3.9/site-packages/pygame/.dylibs/libSDL2-2.0.0.dylib (0x108a095c0) and /Users/linmuyi/miniconda3/envs/llm_gs/lib/python3.9/site-packages/cv2/.dylibs/libSDL2-2.0.0.dylib (0x14267cb88). This may cause spurious casting failures and mysterious crashes. One of the duplicates must be removed or renamed.
objc[15839]: Class SDLWindow is implemented in both /Users/linmuyi/miniconda3/envs/llm_gs/lib/python3.9/site-packages/pygame/.dylibs/libSDL2-2.0.0.dylib (0x108a095e8) and /Users/linmuyi/miniconda3/envs/llm_gs/lib/python3.9/site-packages/cv2/.dylibs/libSDL2-2.0.0.dylib (0x14267cbb0). This may cause spurious casting failures and mysterious crashes. One of the duplicates must be removed or renamed.
objc[15839]: Class Cocoa_WindowListener is implemented in both /Users/linmuyi/miniconda3/envs/llm_gs/lib/python3.9/site-packages/pygame/.dylibs/libSDL2-2.0.0.dylib (0x108a09610) and /Users/linmuyi/miniconda3/envs/llm_gs/lib/python3.9/site-packages/cv2/.dylibs/libSDL2-2.0.0.dylib (0x14267cbd8). This may cause spurious casting failures and mysterious crashes. One of the duplicates must be removed or renamed.
objc[15839]: Class SDLView is implemented in both /Users/linmuyi/miniconda3/envs/llm_gs/lib/python3.9/site-packages/pygame/.dylibs/libSDL2-2.0.0.dylib (0x108a09688) and /Users/linmuyi/miniconda3/envs/llm_gs/lib/python3.9/site-packages/cv2/.dylibs/libSDL2-2.0.0.dylib (0x14267cc50). This may cause spurious casting failures and mysterious crashes. One of the duplicates must be removed or renamed.
objc[15839]: Class METAL_RenderData is implemented in both /Users/linmuyi/miniconda3/envs/llm_gs/lib/python3.9/site-packages/pygame/.dylibs/libSDL2-2.0.0.dylib (0x108a09700) and /Users/linmuyi/miniconda3/envs/llm_gs/lib/python3.9/site-packages/cv2/.dylibs/libSDL2-2.0.0.dylib (0x14267ccc8). This may cause spurious casting failures and mysterious crashes. One of the duplicates must be removed or renamed.
objc[15839]: Class METAL_TextureData is implemented in both /Users/linmuyi/miniconda3/envs/llm_gs/lib/python3.9/site-packages/pygame/.dylibs/libSDL2-2.0.0.dylib (0x108a09750) and /Users/linmuyi/miniconda3/envs/llm_gs/lib/python3.9/site-packages/cv2/.dylibs/libSDL2-2.0.0.dylib (0x14267cd18). This may cause spurious casting failures and mysterious crashes. One of the duplicates must be removed or renamed.
objc[15839]: Class SDL_RumbleMotor is implemented in both /Users/linmuyi/miniconda3/envs/llm_gs/lib/python3.9/site-packages/pygame/.dylibs/libSDL2-2.0.0.dylib (0x108a09778) and /Users/linmuyi/miniconda3/envs/llm_gs/lib/python3.9/site-packages/cv2/.dylibs/libSDL2-2.0.0.dylib (0x14267cd40). This may cause spurious casting failures and mysterious crashes. One of the duplicates must be removed or renamed.
objc[15839]: Class SDL_RumbleContext is implemented in both /Users/linmuyi/miniconda3/envs/llm_gs/lib/python3.9/site-packages/pygame/.dylibs/libSDL2-2.0.0.dylib (0x108a097c8) and /Users/linmuyi/miniconda3/envs/llm_gs/lib/python3.9/site-packages/cv2/.dylibs/libSDL2-2.0.0.dylib (0x14267cd90). This may cause spurious casting failures and mysterious crashes. One of the duplicates must be removed or renamed.
  steps=  50000 held=0.00 scoring_steps=38844 (71s)
  steps= 100000 held=0.00 scoring_steps=38844 (116s)
  steps= 150000 held=0.00 scoring_steps=38844 (153s)
  steps= 200000 held=0.00 scoring_steps=38844 (191s)
  steps= 250000 held=0.00 scoring_steps=38844 (230s)
  steps= 300000 held=0.00 scoring_steps=205278 (323s)
  steps= 350000 held=0.00 scoring_steps=205278 (357s)
  steps= 400000 held=0.00 scoring_steps=205278 (390s)
  steps= 450000 held=0.00 scoring_steps=205278 (424s)
  steps= 500000 held=0.00 scoring_steps=205278 (459s)
  steps= 550000 held=0.00 scoring_steps=335336 (532s)
  steps= 600000 held=0.00 scoring_steps=335336 (576s)
  steps= 650000 held=0.00 scoring_steps=335336 (618s)
  steps= 700000 held=0.00 scoring_steps=335336 (656s)
  steps= 750000 held=0.01 scoring_steps=335336 (693s)
  steps= 800000 held=0.06 scoring_steps=453967 (765s)
  steps= 850000 held=0.02 scoring_steps=453967 (811s)
  steps= 900000 held=0.01 scoring_steps=453967 (851s)
  steps= 950000 held=0.04 scoring_steps=453967 (895s)
  steps=1000000 held=0.01 scoring_steps=453967 (941s)
  steps=1050000 held=0.00 scoring_steps=671482 (1050s)
  steps=1100000 held=0.00 scoring_steps=671482 (1100s)
  steps=1150000 held=0.00 scoring_steps=671482 (1146s)
  steps=1200000 held=0.01 scoring_steps=671482 (1183s)
  steps=1250000 held=0.00 scoring_steps=671482 (1218s)
  steps=1300000 held=0.00 scoring_steps=767591 (1281s)
  steps=1350000 held=0.01 scoring_steps=767591 (1319s)
  steps=1400000 held=0.02 scoring_steps=767591 (1367s)
  steps=1450000 held=0.01 scoring_steps=767591 (1412s)
  steps=1500000 held=0.00 scoring_steps=767591 (1450s)
[sfl] DONE final=0.00 scoring_steps=767591
