/Users/linmuyi/miniconda3/envs/llm_gs/lib/python3.9/site-packages/pygame/pkgdata.py:25: UserWarning: pkg_resources is deprecated as an API. See https://setuptools.pypa.io/en/latest/pkg_resources.html. The pkg_resources package is slated for removal as early as 2025-11-30. Refrain from using this package or pin to Setuptools<81.
  from pkg_resources import resource_stream, resource_exists
[sfl_grader] held-out=36
objc[77875]: Class SDLApplication is implemented in both /Users/linmuyi/miniconda3/envs/llm_gs/lib/python3.9/site-packages/pygame/.dylibs/libSDL2-2.0.0.dylib (0x1065b92c8) and /Users/linmuyi/miniconda3/envs/llm_gs/lib/python3.9/site-packages/cv2/.dylibs/libSDL2-2.0.0.dylib (0x17cfd0890). This may cause spurious casting failures and mysterious crashes. One of the duplicates must be removed or renamed.
objc[77875]: Class SDLAppDelegate is implemented in both /Users/linmuyi/miniconda3/envs/llm_gs/lib/python3.9/site-packages/pygame/.dylibs/libSDL2-2.0.0.dylib (0x1065b9318) and /Users/linmuyi/miniconda3/envs/llm_gs/lib/python3.9/site-packages/cv2/.dylibs/libSDL2-2.0.0.dylib (0x17cfd08e0). This may cause spurious casting failures and mysterious crashes. One of the duplicates must be removed or renamed.
objc[77875]: Class SDLTranslatorResponder is implemented in both /Users/linmuyi/miniconda3/envs/llm_gs/lib/python3.9/site-packages/pygame/.dylibs/libSDL2-2.0.0.dylib (0x1065b9390) and /Users/linmuyi/miniconda3/envs/llm_gs/lib/python3.9/site-packages/cv2/.dylibs/libSDL2-2.0.0.dylib (0x17cfd0958). This may cause spurious casting failures and mysterious crashes. One of the duplicates must be removed or renamed.
objc[77875]: Class SDLMessageBoxPresenter is implemented in both /Users/linmuyi/miniconda3/envs/llm_gs/lib/python3.9/site-packages/pygame/.dylibs/libSDL2-2.0.0.dylib (0x1065b93b8) and /Users/linmuyi/miniconda3/envs/llm_gs/lib/python3.9/site-packages/cv2/.dylibs/libSDL2-2.0.0.dylib (0x17cfd0980). This may cause spurious casting failures and mysterious crashes. One of the duplicates must be removed or renamed.
objc[77875]: Class SDL_cocoametalview is implemented in both /Users/linmuyi/miniconda3/envs/llm_gs/lib/python3.9/site-packages/pygame/.dylibs/libSDL2-2.0.0.dylib (0x1065b9408) and /Users/linmuyi/miniconda3/envs/llm_gs/lib/python3.9/site-packages/cv2/.dylibs/libSDL2-2.0.0.dylib (0x17cfd09d0). This may cause spurious casting failures and mysterious crashes. One of the duplicates must be removed or renamed.
objc[77875]: Class SDLOpenGLContext is implemented in both /Users/linmuyi/miniconda3/envs/llm_gs/lib/python3.9/site-packages/pygame/.dylibs/libSDL2-2.0.0.dylib (0x1065b9458) and /Users/linmuyi/miniconda3/envs/llm_gs/lib/python3.9/site-packages/cv2/.dylibs/libSDL2-2.0.0.dylib (0x17cfd0a20). This may cause spurious casting failures and mysterious crashes. One of the duplicates must be removed or renamed.
objc[77875]: Class SDL_ShapeData is implemented in both /Users/linmuyi/miniconda3/envs/llm_gs/lib/python3.9/site-packages/pygame/.dylibs/libSDL2-2.0.0.dylib (0x1065b94d0) and /Users/linmuyi/miniconda3/envs/llm_gs/lib/python3.9/site-packages/cv2/.dylibs/libSDL2-2.0.0.dylib (0x17cfd0a98). This may cause spurious casting failures and mysterious crashes. One of the duplicates must be removed or renamed.
objc[77875]: Class SDL_CocoaClosure is implemented in both /Users/linmuyi/miniconda3/envs/llm_gs/lib/python3.9/site-packages/pygame/.dylibs/libSDL2-2.0.0.dylib (0x1065b9520) and /Users/linmuyi/miniconda3/envs/llm_gs/lib/python3.9/site-packages/cv2/.dylibs/libSDL2-2.0.0.dylib (0x17cfd0ae8). This may cause spurious casting failures and mysterious crashes. One of the duplicates must be removed or renamed.
objc[77875]: Class SDL_VideoData is implemented in both /Users/linmuyi/miniconda3/envs/llm_gs/lib/python3.9/site-packages/pygame/.dylibs/libSDL2-2.0.0.dylib (0x1065b9570) and /Users/linmuyi/miniconda3/envs/llm_gs/lib/python3.9/site-packages/cv2/.dylibs/libSDL2-2.0.0.dylib (0x17cfd0b38). This may cause spurious casting failures and mysterious crashes. One of the duplicates must be removed or renamed.
objc[77875]: Class SDL_WindowData is implemented in both /Users/linmuyi/miniconda3/envs/llm_gs/lib/python3.9/site-packages/pygame/.dylibs/libSDL2-2.0.0.dylib (0x1065b95c0) and /Users/linmuyi/miniconda3/envs/llm_gs/lib/python3.9/site-packages/cv2/.dylibs/libSDL2-2.0.0.dylib (0x17cfd0b88). This may cause spurious casting failures and mysterious crashes. One of the duplicates must be removed or renamed.
objc[77875]: Class SDLWindow is implemented in both /Users/linmuyi/miniconda3/envs/llm_gs/lib/python3.9/site-packages/pygame/.dylibs/libSDL2-2.0.0.dylib (0x1065b95e8) and /Users/linmuyi/miniconda3/envs/llm_gs/lib/python3.9/site-packages/cv2/.dylibs/libSDL2-2.0.0.dylib (0x17cfd0bb0). This may cause spurious casting failures and mysterious crashes. One of the duplicates must be removed or renamed.
objc[77875]: Class Cocoa_WindowListener is implemented in both /Users/linmuyi/miniconda3/envs/llm_gs/lib/python3.9/site-packages/pygame/.dylibs/libSDL2-2.0.0.dylib (0x1065b9610) and /Users/linmuyi/miniconda3/envs/llm_gs/lib/python3.9/site-packages/cv2/.dylibs/libSDL2-2.0.0.dylib (0x17cfd0bd8). This may cause spurious casting failures and mysterious crashes. One of the duplicates must be removed or renamed.
objc[77875]: Class SDLView is implemented in both /Users/linmuyi/miniconda3/envs/llm_gs/lib/python3.9/site-packages/pygame/.dylibs/libSDL2-2.0.0.dylib (0x1065b9688) and /Users/linmuyi/miniconda3/envs/llm_gs/lib/python3.9/site-packages/cv2/.dylibs/libSDL2-2.0.0.dylib (0x17cfd0c50). This may cause spurious casting failures and mysterious crashes. One of the duplicates must be removed or renamed.
objc[77875]: Class METAL_RenderData is implemented in both /Users/linmuyi/miniconda3/envs/llm_gs/lib/python3.9/site-packages/pygame/.dylibs/libSDL2-2.0.0.dylib (0x1065b9700) and /Users/linmuyi/miniconda3/envs/llm_gs/lib/python3.9/site-packages/cv2/.dylibs/libSDL2-2.0.0.dylib (0x17cfd0cc8). This may cause spurious casting failures and mysterious crashes. One of the duplicates must be removed or renamed.
objc[77875]: Class METAL_TextureData is implemented in both /Users/linmuyi/miniconda3/envs/llm_gs/lib/python3.9/site-packages/pygame/.dylibs/libSDL2-2.0.0.dylib (0x1065b9750) and /Users/linmuyi/miniconda3/envs/llm_gs/lib/python3.9/site-packages/cv2/.dylibs/libSDL2-2.0.0.dylib (0x17cfd0d18). This may cause spurious casting failures and mysterious crashes. One of the duplicates must be removed or renamed.
objc[77875]: Class SDL_RumbleMotor is implemented in both /Users/linmuyi/miniconda3/envs/llm_gs/lib/python3.9/site-packages/pygame/.dylibs/libSDL2-2.0.0.dylib (0x1065b9778) and /Users/linmuyi/miniconda3/envs/llm_gs/lib/python3.9/site-packages/cv2/.dylibs/libSDL2-2.0.0.dylib (0x17cfd0d40). This may cause spurious casting failures and mysterious crashes. One of the duplicates must be removed or renamed.
objc[77875]: Class SDL_RumbleContext is implemented in both /Users/linmuyi/miniconda3/envs/llm_gs/lib/python3.9/site-packages/pygame/.dylibs/libSDL2-2.0.0.dylib (0x1065b97c8) and /Users/linmuyi/miniconda3/envs/llm_gs/lib/python3.9/site-packages/cv2/.dylibs/libSDL2-2.0.0.dylib (0x17cfd0d90). This may cause spurious casting failures and mysterious crashes. One of the duplicates must be removed or renamed.
  steps=  50000 held=0.01 scoring_steps=8665 (44s)
  steps= 100000 held=0.00 scoring_steps=8665 (73s)
  steps= 150000 held=0.00 scoring_steps=8665 (101s)
  steps= 200000 held=0.00 scoring_steps=8665 (129s)
  steps= 250000 held=0.00 scoring_steps=8665 (157s)
  steps= 300000 held=0.00 scoring_steps=14307 (191s)
  steps= 350000 held=0.00 scoring_steps=14307 (229s)
  steps= 400000 held=0.01 scoring_steps=14307 (257s)
  steps= 450000 held=0.00 scoring_steps=14307 (297s)
  steps= 500000 held=0.01 scoring_steps=14307 (332s)
  steps= 550000 held=0.00 scoring_steps=45026 (377s)
  steps= 600000 held=0.00 scoring_steps=45026 (410s)
  steps= 650000 held=0.00 scoring_steps=45026 (441s)
  steps= 700000 held=0.01 scoring_steps=45026 (475s)
  steps= 750000 held=0.00 scoring_steps=45026 (513s)
  steps= 800000 held=0.00 scoring_steps=65877 (551s)
  steps= 850000 held=0.00 scoring_steps=65877 (588s)
  steps= 900000 held=0.00 scoring_steps=65877 (632s)
  steps= 950000 held=0.00 scoring_steps=65877 (678s)
  steps=1000000 held=0.01 scoring_steps=65877 (725s)
  steps=1050000 held=0.00 scoring_steps=102385 (788s)
  steps=1100000 held=0.00 scoring_steps=102385 (836s)
  steps=1150000 held=0.00 scoring_steps=102385 (887s)
  steps=1200000 held=0.00 scoring_steps=102385 (938s)
  steps=1250000 held=0.00 scoring_steps=102385 (990s)
  steps=1300000 held=0.00 scoring_steps=166226 (1061s)
  steps=1350000 held=0.01 scoring_steps=166226 (1110s)
  steps=1400000 held=0.00 scoring_steps=166226 (1139s)
  steps=1450000 held=0.00 scoring_steps=166226 (1167s)
  steps=1500000 held=0.00 scoring_steps=166226 (1194s)
[sfl_grader] DONE final=0.00 scoring_steps=166226
