/Users/linmuyi/miniconda3/envs/llm_gs/lib/python3.9/site-packages/pygame/pkgdata.py:25: UserWarning: pkg_resources is deprecated as an API. See https://setuptools.pypa.io/en/latest/pkg_resources.html. The pkg_resources package is slated for removal as early as 2025-11-30. Refrain from using this package or pin to Setuptools<81.
  from pkg_resources import resource_stream, resource_exists
[sfl_small] held-out=36
objc[70724]: Class SDLApplication is implemented in both /Users/linmuyi/miniconda3/envs/llm_gs/lib/python3.9/site-packages/pygame/.dylibs/libSDL2-2.0.0.dylib (0x1076612c8) and /Users/linmuyi/miniconda3/envs/llm_gs/lib/python3.9/site-packages/cv2/.dylibs/libSDL2-2.0.0.dylib (0x308760890). This may cause spurious casting failures and mysterious crashes. One of the duplicates must be removed or renamed.
objc[70724]: Class SDLAppDelegate is implemented in both /Users/linmuyi/miniconda3/envs/llm_gs/lib/python3.9/site-packages/pygame/.dylibs/libSDL2-2.0.0.dylib (0x107661318) and /Users/linmuyi/miniconda3/envs/llm_gs/lib/python3.9/site-packages/cv2/.dylibs/libSDL2-2.0.0.dylib (0x3087608e0). This may cause spurious casting failures and mysterious crashes. One of the duplicates must be removed or renamed.
objc[70724]: Class SDLTranslatorResponder is implemented in both /Users/linmuyi/miniconda3/envs/llm_gs/lib/python3.9/site-packages/pygame/.dylibs/libSDL2-2.0.0.dylib (0x107661390) and /Users/linmuyi/miniconda3/envs/llm_gs/lib/python3.9/site-packages/cv2/.dylibs/libSDL2-2.0.0.dylib (0x308760958). This may cause spurious casting failures and mysterious crashes. One of the duplicates must be removed or renamed.
objc[70724]: Class SDLMessageBoxPresenter is implemented in both /Users/linmuyi/miniconda3/envs/llm_gs/lib/python3.9/site-packages/pygame/.dylibs/libSDL2-2.0.0.dylib (0x1076613b8) and /Users/linmuyi/miniconda3/envs/llm_gs/lib/python3.9/site-packages/cv2/.dylibs/libSDL2-2.0.0.dylib (0x308760980). This may cause spurious casting failures and mysterious crashes. One of the duplicates must be removed or renamed.
objc[70724]: Class SDL_cocoametalview is implemented in both /Users/linmuyi/miniconda3/envs/llm_gs/lib/python3.9/site-packages/pygame/.dylibs/libSDL2-2.0.0.dylib (0x107661408) and /Users/linmuyi/miniconda3/envs/llm_gs/lib/python3.9/site-packages/cv2/.dylibs/libSDL2-2.0.0.dylib (0x3087609d0). This may cause spurious casting failures and mysterious crashes. One of the duplicates must be removed or renamed.
objc[70724]: Class SDLOpenGLContext is implemented in both /Users/linmuyi/miniconda3/envs/llm_gs/lib/python3.9/site-packages/pygame/.dylibs/libSDL2-2.0.0.dylib (0x107661458) and /Users/linmuyi/miniconda3/envs/llm_gs/lib/python3.9/site-packages/cv2/.dylibs/libSDL2-2.0.0.dylib (0x308760a20). This may cause spurious casting failures and mysterious crashes. One of the duplicates must be removed or renamed.
objc[70724]: Class SDL_ShapeData is implemented in both /Users/linmuyi/miniconda3/envs/llm_gs/lib/python3.9/site-packages/pygame/.dylibs/libSDL2-2.0.0.dylib (0x1076614d0) and /Users/linmuyi/miniconda3/envs/llm_gs/lib/python3.9/site-packages/cv2/.dylibs/libSDL2-2.0.0.dylib (0x308760a98). This may cause spurious casting failures and mysterious crashes. One of the duplicates must be removed or renamed.
objc[70724]: Class SDL_CocoaClosure is implemented in both /Users/linmuyi/miniconda3/envs/llm_gs/lib/python3.9/site-packages/pygame/.dylibs/libSDL2-2.0.0.dylib (0x107661520) and /Users/linmuyi/miniconda3/envs/llm_gs/lib/python3.9/site-packages/cv2/.dylibs/libSDL2-2.0.0.dylib (0x308760ae8). This may cause spurious casting failures and mysterious crashes. One of the duplicates must be removed or renamed.
objc[70724]: Class SDL_VideoData is implemented in both /Users/linmuyi/miniconda3/envs/llm_gs/lib/python3.9/site-packages/pygame/.dylibs/libSDL2-2.0.0.dylib (0x107661570) and /Users/linmuyi/miniconda3/envs/llm_gs/lib/python3.9/site-packages/cv2/.dylibs/libSDL2-2.0.0.dylib (0x308760b38). This may cause spurious casting failures and mysterious crashes. One of the duplicates must be removed or renamed.
objc[70724]: Class SDL_WindowData is implemented in both /Users/linmuyi/miniconda3/envs/llm_gs/lib/python3.9/site-packages/pygame/.dylibs/libSDL2-2.0.0.dylib (0x1076615c0) and /Users/linmuyi/miniconda3/envs/llm_gs/lib/python3.9/site-packages/cv2/.dylibs/libSDL2-2.0.0.dylib (0x308760b88). This may cause spurious casting failures and mysterious crashes. One of the duplicates must be removed or renamed.
objc[70724]: Class SDLWindow is implemented in both /Users/linmuyi/miniconda3/envs/llm_gs/lib/python3.9/site-packages/pygame/.dylibs/libSDL2-2.0.0.dylib (0x1076615e8) and /Users/linmuyi/miniconda3/envs/llm_gs/lib/python3.9/site-packages/cv2/.dylibs/libSDL2-2.0.0.dylib (0x308760bb0). This may cause spurious casting failures and mysterious crashes. One of the duplicates must be removed or renamed.
objc[70724]: Class Cocoa_WindowListener is implemented in both /Users/linmuyi/miniconda3/envs/llm_gs/lib/python3.9/site-packages/pygame/.dylibs/libSDL2-2.0.0.dylib (0x107661610) and /Users/linmuyi/miniconda3/envs/llm_gs/lib/python3.9/site-packages/cv2/.dylibs/libSDL2-2.0.0.dylib (0x308760bd8). This may cause spurious casting failures and mysterious crashes. One of the duplicates must be removed or renamed.
objc[70724]: Class SDLView is implemented in both /Users/linmuyi/miniconda3/envs/llm_gs/lib/python3.9/site-packages/pygame/.dylibs/libSDL2-2.0.0.dylib (0x107661688) and /Users/linmuyi/miniconda3/envs/llm_gs/lib/python3.9/site-packages/cv2/.dylibs/libSDL2-2.0.0.dylib (0x308760c50). This may cause spurious casting failures and mysterious crashes. One of the duplicates must be removed or renamed.
objc[70724]: Class METAL_RenderData is implemented in both /Users/linmuyi/miniconda3/envs/llm_gs/lib/python3.9/site-packages/pygame/.dylibs/libSDL2-2.0.0.dylib (0x107661700) and /Users/linmuyi/miniconda3/envs/llm_gs/lib/python3.9/site-packages/cv2/.dylibs/libSDL2-2.0.0.dylib (0x308760cc8). This may cause spurious casting failures and mysterious crashes. One of the duplicates must be removed or renamed.
objc[70724]: Class METAL_TextureData is implemented in both /Users/linmuyi/miniconda3/envs/llm_gs/lib/python3.9/site-packages/pygame/.dylibs/libSDL2-2.0.0.dylib (0x107661750) and /Users/linmuyi/miniconda3/envs/llm_gs/lib/python3.9/site-packages/cv2/.dylibs/libSDL2-2.0.0.dylib (0x308760d18). This may cause spurious casting failures and mysterious crashes. One of the duplicates must be removed or renamed.
objc[70724]: Class SDL_RumbleMotor is implemented in both /Users/linmuyi/miniconda3/envs/llm_gs/lib/python3.9/site-packages/pygame/.dylibs/libSDL2-2.0.0.dylib (0x107661778) and /Users/linmuyi/miniconda3/envs/llm_gs/lib/python3.9/site-packages/cv2/.dylibs/libSDL2-2.0.0.dylib (0x308760d40). This may cause spurious casting failures and mysterious crashes. One of the duplicates must be removed or renamed.
objc[70724]: Class SDL_RumbleContext is implemented in both /Users/linmuyi/miniconda3/envs/llm_gs/lib/python3.9/site-packages/pygame/.dylibs/libSDL2-2.0.0.dylib (0x1076617c8) and /Users/linmuyi/miniconda3/envs/llm_gs/lib/python3.9/site-packages/cv2/.dylibs/libSDL2-2.0.0.dylib (0x308760d90). This may cause spurious casting failures and mysterious crashes. One of the duplicates must be removed or renamed.
  steps=  50000 held=0.01 scoring_steps=3505 (32s)
  steps= 100000 held=0.01 scoring_steps=3505 (74s)
  steps= 150000 held=0.06 scoring_steps=3505 (111s)
  steps= 200000 held=0.13 scoring_steps=3505 (155s)
  steps= 250000 held=0.10 scoring_steps=3505 (205s)
  steps= 300000 held=0.03 scoring_steps=57920 (269s)
  steps= 350000 held=0.02 scoring_steps=57920 (318s)
  steps= 400000 held=0.02 scoring_steps=57920 (366s)
  steps= 450000 held=0.07 scoring_steps=57920 (412s)
  steps= 500000 held=0.05 scoring_steps=57920 (461s)
  steps= 550000 held=0.01 scoring_steps=115304 (528s)
  steps= 600000 held=0.00 scoring_steps=115304 (572s)
  steps= 650000 held=0.01 scoring_steps=115304 (616s)
  steps= 700000 held=0.00 scoring_steps=115304 (645s)
  steps= 750000 held=0.00 scoring_steps=115304 (671s)
  steps= 800000 held=0.01 scoring_steps=120312 (703s)
  steps= 850000 held=0.00 scoring_steps=120312 (741s)
  steps= 900000 held=0.01 scoring_steps=120312 (776s)
  steps= 950000 held=0.01 scoring_steps=120312 (814s)
  steps=1000000 held=0.03 scoring_steps=120312 (853s)
  steps=1050000 held=0.08 scoring_steps=152994 (902s)
  steps=1100000 held=0.03 scoring_steps=152994 (952s)
  steps=1150000 held=0.01 scoring_steps=152994 (997s)
  steps=1200000 held=0.08 scoring_steps=152994 (1043s)
  steps=1250000 held=0.06 scoring_steps=152994 (1092s)
  steps=1300000 held=0.12 scoring_steps=196475 (1146s)
  steps=1350000 held=0.00 scoring_steps=196475 (1197s)
  steps=1400000 held=0.01 scoring_steps=196475 (1247s)
  steps=1450000 held=0.01 scoring_steps=196475 (1293s)
  steps=1500000 held=0.00 scoring_steps=196475 (1345s)
[sfl_small] DONE final=0.00 scoring_steps=196475
