/Users/linmuyi/miniconda3/envs/llm_gs/lib/python3.9/site-packages/pygame/pkgdata.py:25: UserWarning: pkg_resources is deprecated as an API. See https://setuptools.pypa.io/en/latest/pkg_resources.html. The pkg_resources package is slated for removal as early as 2025-11-30. Refrain from using this package or pin to Setuptools<81.
  from pkg_resources import resource_stream, resource_exists
[sfl_grader] held-out=36
objc[93379]: Class SDLApplication is implemented in both /Users/linmuyi/miniconda3/envs/llm_gs/lib/python3.9/site-packages/pygame/.dylibs/libSDL2-2.0.0.dylib (0x10a94d2c8) and /Users/linmuyi/miniconda3/envs/llm_gs/lib/python3.9/site-packages/cv2/.dylibs/libSDL2-2.0.0.dylib (0x15811c890). This may cause spurious casting failures and mysterious crashes. One of the duplicates must be removed or renamed.
objc[93379]: Class SDLAppDelegate is implemented in both /Users/linmuyi/miniconda3/envs/llm_gs/lib/python3.9/site-packages/pygame/.dylibs/libSDL2-2.0.0.dylib (0x10a94d318) and /Users/linmuyi/miniconda3/envs/llm_gs/lib/python3.9/site-packages/cv2/.dylibs/libSDL2-2.0.0.dylib (0x15811c8e0). This may cause spurious casting failures and mysterious crashes. One of the duplicates must be removed or renamed.
objc[93379]: Class SDLTranslatorResponder is implemented in both /Users/linmuyi/miniconda3/envs/llm_gs/lib/python3.9/site-packages/pygame/.dylibs/libSDL2-2.0.0.dylib (0x10a94d390) and /Users/linmuyi/miniconda3/envs/llm_gs/lib/python3.9/site-packages/cv2/.dylibs/libSDL2-2.0.0.dylib (0x15811c958). This may cause spurious casting failures and mysterious crashes. One of the duplicates must be removed or renamed.
objc[93379]: Class SDLMessageBoxPresenter is implemented in both /Users/linmuyi/miniconda3/envs/llm_gs/lib/python3.9/site-packages/pygame/.dylibs/libSDL2-2.0.0.dylib (0x10a94d3b8) and /Users/linmuyi/miniconda3/envs/llm_gs/lib/python3.9/site-packages/cv2/.dylibs/libSDL2-2.0.0.dylib (0x15811c980). This may cause spurious casting failures and mysterious crashes. One of the duplicates must be removed or renamed.
objc[93379]: Class SDL_cocoametalview is implemented in both /Users/linmuyi/miniconda3/envs/llm_gs/lib/python3.9/site-packages/pygame/.dylibs/libSDL2-2.0.0.dylib (0x10a94d408) and /Users/linmuyi/miniconda3/envs/llm_gs/lib/python3.9/site-packages/cv2/.dylibs/libSDL2-2.0.0.dylib (0x15811c9d0). This may cause spurious casting failures and mysterious crashes. One of the duplicates must be removed or renamed.
objc[93379]: Class SDLOpenGLContext is implemented in both /Users/linmuyi/miniconda3/envs/llm_gs/lib/python3.9/site-packages/pygame/.dylibs/libSDL2-2.0.0.dylib (0x10a94d458) and /Users/linmuyi/miniconda3/envs/llm_gs/lib/python3.9/site-packages/cv2/.dylibs/libSDL2-2.0.0.dylib (0x15811ca20). This may cause spurious casting failures and mysterious crashes. One of the duplicates must be removed or renamed.
objc[93379]: Class SDL_ShapeData is implemented in both /Users/linmuyi/miniconda3/envs/llm_gs/lib/python3.9/site-packages/pygame/.dylibs/libSDL2-2.0.0.dylib (0x10a94d4d0) and /Users/linmuyi/miniconda3/envs/llm_gs/lib/python3.9/site-packages/cv2/.dylibs/libSDL2-2.0.0.dylib (0x15811ca98). This may cause spurious casting failures and mysterious crashes. One of the duplicates must be removed or renamed.
objc[93379]: Class SDL_CocoaClosure is implemented in both /Users/linmuyi/miniconda3/envs/llm_gs/lib/python3.9/site-packages/pygame/.dylibs/libSDL2-2.0.0.dylib (0x10a94d520) and /Users/linmuyi/miniconda3/envs/llm_gs/lib/python3.9/site-packages/cv2/.dylibs/libSDL2-2.0.0.dylib (0x15811cae8). This may cause spurious casting failures and mysterious crashes. One of the duplicates must be removed or renamed.
objc[93379]: Class SDL_VideoData is implemented in both /Users/linmuyi/miniconda3/envs/llm_gs/lib/python3.9/site-packages/pygame/.dylibs/libSDL2-2.0.0.dylib (0x10a94d570) and /Users/linmuyi/miniconda3/envs/llm_gs/lib/python3.9/site-packages/cv2/.dylibs/libSDL2-2.0.0.dylib (0x15811cb38). This may cause spurious casting failures and mysterious crashes. One of the duplicates must be removed or renamed.
objc[93379]: Class SDL_WindowData is implemented in both /Users/linmuyi/miniconda3/envs/llm_gs/lib/python3.9/site-packages/pygame/.dylibs/libSDL2-2.0.0.dylib (0x10a94d5c0) and /Users/linmuyi/miniconda3/envs/llm_gs/lib/python3.9/site-packages/cv2/.dylibs/libSDL2-2.0.0.dylib (0x15811cb88). This may cause spurious casting failures and mysterious crashes. One of the duplicates must be removed or renamed.
objc[93379]: Class SDLWindow is implemented in both /Users/linmuyi/miniconda3/envs/llm_gs/lib/python3.9/site-packages/pygame/.dylibs/libSDL2-2.0.0.dylib (0x10a94d5e8) and /Users/linmuyi/miniconda3/envs/llm_gs/lib/python3.9/site-packages/cv2/.dylibs/libSDL2-2.0.0.dylib (0x15811cbb0). This may cause spurious casting failures and mysterious crashes. One of the duplicates must be removed or renamed.
objc[93379]: Class Cocoa_WindowListener is implemented in both /Users/linmuyi/miniconda3/envs/llm_gs/lib/python3.9/site-packages/pygame/.dylibs/libSDL2-2.0.0.dylib (0x10a94d610) and /Users/linmuyi/miniconda3/envs/llm_gs/lib/python3.9/site-packages/cv2/.dylibs/libSDL2-2.0.0.dylib (0x15811cbd8). This may cause spurious casting failures and mysterious crashes. One of the duplicates must be removed or renamed.
objc[93379]: Class SDLView is implemented in both /Users/linmuyi/miniconda3/envs/llm_gs/lib/python3.9/site-packages/pygame/.dylibs/libSDL2-2.0.0.dylib (0x10a94d688) and /Users/linmuyi/miniconda3/envs/llm_gs/lib/python3.9/site-packages/cv2/.dylibs/libSDL2-2.0.0.dylib (0x15811cc50). This may cause spurious casting failures and mysterious crashes. One of the duplicates must be removed or renamed.
objc[93379]: Class METAL_RenderData is implemented in both /Users/linmuyi/miniconda3/envs/llm_gs/lib/python3.9/site-packages/pygame/.dylibs/libSDL2-2.0.0.dylib (0x10a94d700) and /Users/linmuyi/miniconda3/envs/llm_gs/lib/python3.9/site-packages/cv2/.dylibs/libSDL2-2.0.0.dylib (0x15811ccc8). This may cause spurious casting failures and mysterious crashes. One of the duplicates must be removed or renamed.
objc[93379]: Class METAL_TextureData is implemented in both /Users/linmuyi/miniconda3/envs/llm_gs/lib/python3.9/site-packages/pygame/.dylibs/libSDL2-2.0.0.dylib (0x10a94d750) and /Users/linmuyi/miniconda3/envs/llm_gs/lib/python3.9/site-packages/cv2/.dylibs/libSDL2-2.0.0.dylib (0x15811cd18). This may cause spurious casting failures and mysterious crashes. One of the duplicates must be removed or renamed.
objc[93379]: Class SDL_RumbleMotor is implemented in both /Users/linmuyi/miniconda3/envs/llm_gs/lib/python3.9/site-packages/pygame/.dylibs/libSDL2-2.0.0.dylib (0x10a94d778) and /Users/linmuyi/miniconda3/envs/llm_gs/lib/python3.9/site-packages/cv2/.dylibs/libSDL2-2.0.0.dylib (0x15811cd40). This may cause spurious casting failures and mysterious crashes. One of the duplicates must be removed or renamed.
objc[93379]: Class SDL_RumbleContext is implemented in both /Users/linmuyi/miniconda3/envs/llm_gs/lib/python3.9/site-packages/pygame/.dylibs/libSDL2-2.0.0.dylib (0x10a94d7c8) and /Users/linmuyi/miniconda3/envs/llm_gs/lib/python3.9/site-packages/cv2/.dylibs/libSDL2-2.0.0.dylib (0x15811cd90). This may cause spurious casting failures and mysterious crashes. One of the duplicates must be removed or renamed.
  steps=  50000 held=0.00 scoring_steps=7128 (75s)
  steps= 100000 held=0.00 scoring_steps=7128 (132s)
  steps= 150000 held=0.00 scoring_steps=7128 (191s)
  steps= 200000 held=0.12 scoring_steps=7128 (241s)
  steps= 250000 held=0.12 scoring_steps=7128 (7531s)
  steps= 300000 held=0.01 scoring_steps=35009 (16961s)
  steps= 350000 held=0.03 scoring_steps=35009 (17005s)
  steps= 400000 held=0.00 scoring_steps=35009 (17076s)
  steps= 450000 held=0.00 scoring_steps=35009 (17160s)
  steps= 500000 held=0.00 scoring_steps=35009 (17241s)
  steps= 550000 held=0.00 scoring_steps=78900 (17333s)
  steps= 600000 held=0.01 scoring_steps=78900 (17404s)
  steps= 650000 held=0.01 scoring_steps=78900 (17468s)
  steps= 700000 held=0.10 scoring_steps=78900 (17514s)
  steps= 750000 held=0.00 scoring_steps=78900 (17598s)
  steps= 800000 held=0.01 scoring_steps=126184 (17725s)
  steps= 850000 held=0.03 scoring_steps=126184 (17836s)
  steps= 900000 held=0.00 scoring_steps=126184 (17948s)
  steps= 950000 held=0.00 scoring_steps=126184 (18048s)
  steps=1000000 held=0.00 scoring_steps=126184 (18133s)
  steps=1050000 held=0.00 scoring_steps=174834 (18223s)
  steps=1100000 held=0.00 scoring_steps=174834 (18297s)
  steps=1150000 held=0.00 scoring_steps=174834 (18380s)
  steps=1200000 held=0.00 scoring_steps=174834 (18465s)
  steps=1250000 held=0.00 scoring_steps=174834 (18541s)
  steps=1300000 held=0.00 scoring_steps=220946 (18661s)
  steps=1350000 held=0.00 scoring_steps=220946 (18748s)
  steps=1400000 held=0.00 scoring_steps=220946 (18809s)
  steps=1450000 held=0.00 scoring_steps=220946 (18876s)
  steps=1500000 held=0.00 scoring_steps=220946 (18922s)
[sfl_grader] DONE final=0.00 scoring_steps=220946
