/Users/linmuyi/miniconda3/envs/llm_gs/lib/python3.9/site-packages/pygame/pkgdata.py:25: UserWarning: pkg_resources is deprecated as an API. See https://setuptools.pypa.io/en/latest/pkg_resources.html. The pkg_resources package is slated for removal as early as 2025-11-30. Refrain from using this package or pin to Setuptools<81.
  from pkg_resources import resource_stream, resource_exists
[sfl_small] held-out=36
objc[71039]: Class SDLApplication is implemented in both /Users/linmuyi/miniconda3/envs/llm_gs/lib/python3.9/site-packages/pygame/.dylibs/libSDL2-2.0.0.dylib (0x10a0152c8) and /Users/linmuyi/miniconda3/envs/llm_gs/lib/python3.9/site-packages/cv2/.dylibs/libSDL2-2.0.0.dylib (0x13b1c8890). This may cause spurious casting failures and mysterious crashes. One of the duplicates must be removed or renamed.
objc[71039]: Class SDLAppDelegate is implemented in both /Users/linmuyi/miniconda3/envs/llm_gs/lib/python3.9/site-packages/pygame/.dylibs/libSDL2-2.0.0.dylib (0x10a015318) and /Users/linmuyi/miniconda3/envs/llm_gs/lib/python3.9/site-packages/cv2/.dylibs/libSDL2-2.0.0.dylib (0x13b1c88e0). This may cause spurious casting failures and mysterious crashes. One of the duplicates must be removed or renamed.
objc[71039]: Class SDLTranslatorResponder is implemented in both /Users/linmuyi/miniconda3/envs/llm_gs/lib/python3.9/site-packages/pygame/.dylibs/libSDL2-2.0.0.dylib (0x10a015390) and /Users/linmuyi/miniconda3/envs/llm_gs/lib/python3.9/site-packages/cv2/.dylibs/libSDL2-2.0.0.dylib (0x13b1c8958). This may cause spurious casting failures and mysterious crashes. One of the duplicates must be removed or renamed.
objc[71039]: Class SDLMessageBoxPresenter is implemented in both /Users/linmuyi/miniconda3/envs/llm_gs/lib/python3.9/site-packages/pygame/.dylibs/libSDL2-2.0.0.dylib (0x10a0153b8) and /Users/linmuyi/miniconda3/envs/llm_gs/lib/python3.9/site-packages/cv2/.dylibs/libSDL2-2.0.0.dylib (0x13b1c8980). This may cause spurious casting failures and mysterious crashes. One of the duplicates must be removed or renamed.
objc[71039]: Class SDL_cocoametalview is implemented in both /Users/linmuyi/miniconda3/envs/llm_gs/lib/python3.9/site-packages/pygame/.dylibs/libSDL2-2.0.0.dylib (0x10a015408) and /Users/linmuyi/miniconda3/envs/llm_gs/lib/python3.9/site-packages/cv2/.dylibs/libSDL2-2.0.0.dylib (0x13b1c89d0). This may cause spurious casting failures and mysterious crashes. One of the duplicates must be removed or renamed.
objc[71039]: Class SDLOpenGLContext is implemented in both /Users/linmuyi/miniconda3/envs/llm_gs/lib/python3.9/site-packages/pygame/.dylibs/libSDL2-2.0.0.dylib (0x10a015458) and /Users/linmuyi/miniconda3/envs/llm_gs/lib/python3.9/site-packages/cv2/.dylibs/libSDL2-2.0.0.dylib (0x13b1c8a20). This may cause spurious casting failures and mysterious crashes. One of the duplicates must be removed or renamed.
objc[71039]: Class SDL_ShapeData is implemented in both /Users/linmuyi/miniconda3/envs/llm_gs/lib/python3.9/site-packages/pygame/.dylibs/libSDL2-2.0.0.dylib (0x10a0154d0) and /Users/linmuyi/miniconda3/envs/llm_gs/lib/python3.9/site-packages/cv2/.dylibs/libSDL2-2.0.0.dylib (0x13b1c8a98). This may cause spurious casting failures and mysterious crashes. One of the duplicates must be removed or renamed.
objc[71039]: Class SDL_CocoaClosure is implemented in both /Users/linmuyi/miniconda3/envs/llm_gs/lib/python3.9/site-packages/pygame/.dylibs/libSDL2-2.0.0.dylib (0x10a015520) and /Users/linmuyi/miniconda3/envs/llm_gs/lib/python3.9/site-packages/cv2/.dylibs/libSDL2-2.0.0.dylib (0x13b1c8ae8). This may cause spurious casting failures and mysterious crashes. One of the duplicates must be removed or renamed.
objc[71039]: Class SDL_VideoData is implemented in both /Users/linmuyi/miniconda3/envs/llm_gs/lib/python3.9/site-packages/pygame/.dylibs/libSDL2-2.0.0.dylib (0x10a015570) and /Users/linmuyi/miniconda3/envs/llm_gs/lib/python3.9/site-packages/cv2/.dylibs/libSDL2-2.0.0.dylib (0x13b1c8b38). This may cause spurious casting failures and mysterious crashes. One of the duplicates must be removed or renamed.
objc[71039]: Class SDL_WindowData is implemented in both /Users/linmuyi/miniconda3/envs/llm_gs/lib/python3.9/site-packages/pygame/.dylibs/libSDL2-2.0.0.dylib (0x10a0155c0) and /Users/linmuyi/miniconda3/envs/llm_gs/lib/python3.9/site-packages/cv2/.dylibs/libSDL2-2.0.0.dylib (0x13b1c8b88). This may cause spurious casting failures and mysterious crashes. One of the duplicates must be removed or renamed.
objc[71039]: Class SDLWindow is implemented in both /Users/linmuyi/miniconda3/envs/llm_gs/lib/python3.9/site-packages/pygame/.dylibs/libSDL2-2.0.0.dylib (0x10a0155e8) and /Users/linmuyi/miniconda3/envs/llm_gs/lib/python3.9/site-packages/cv2/.dylibs/libSDL2-2.0.0.dylib (0x13b1c8bb0). This may cause spurious casting failures and mysterious crashes. One of the duplicates must be removed or renamed.
objc[71039]: Class Cocoa_WindowListener is implemented in both /Users/linmuyi/miniconda3/envs/llm_gs/lib/python3.9/site-packages/pygame/.dylibs/libSDL2-2.0.0.dylib (0x10a015610) and /Users/linmuyi/miniconda3/envs/llm_gs/lib/python3.9/site-packages/cv2/.dylibs/libSDL2-2.0.0.dylib (0x13b1c8bd8). This may cause spurious casting failures and mysterious crashes. One of the duplicates must be removed or renamed.
objc[71039]: Class SDLView is implemented in both /Users/linmuyi/miniconda3/envs/llm_gs/lib/python3.9/site-packages/pygame/.dylibs/libSDL2-2.0.0.dylib (0x10a015688) and /Users/linmuyi/miniconda3/envs/llm_gs/lib/python3.9/site-packages/cv2/.dylibs/libSDL2-2.0.0.dylib (0x13b1c8c50). This may cause spurious casting failures and mysterious crashes. One of the duplicates must be removed or renamed.
objc[71039]: Class METAL_RenderData is implemented in both /Users/linmuyi/miniconda3/envs/llm_gs/lib/python3.9/site-packages/pygame/.dylibs/libSDL2-2.0.0.dylib (0x10a015700) and /Users/linmuyi/miniconda3/envs/llm_gs/lib/python3.9/site-packages/cv2/.dylibs/libSDL2-2.0.0.dylib (0x13b1c8cc8). This may cause spurious casting failures and mysterious crashes. One of the duplicates must be removed or renamed.
objc[71039]: Class METAL_TextureData is implemented in both /Users/linmuyi/miniconda3/envs/llm_gs/lib/python3.9/site-packages/pygame/.dylibs/libSDL2-2.0.0.dylib (0x10a015750) and /Users/linmuyi/miniconda3/envs/llm_gs/lib/python3.9/site-packages/cv2/.dylibs/libSDL2-2.0.0.dylib (0x13b1c8d18). This may cause spurious casting failures and mysterious crashes. One of the duplicates must be removed or renamed.
objc[71039]: Class SDL_RumbleMotor is implemented in both /Users/linmuyi/miniconda3/envs/llm_gs/lib/python3.9/site-packages/pygame/.dylibs/libSDL2-2.0.0.dylib (0x10a015778) and /Users/linmuyi/miniconda3/envs/llm_gs/lib/python3.9/site-packages/cv2/.dylibs/libSDL2-2.0.0.dylib (0x13b1c8d40). This may cause spurious casting failures and mysterious crashes. One of the duplicates must be removed or renamed.
objc[71039]: Class SDL_RumbleContext is implemented in both /Users/linmuyi/miniconda3/envs/llm_gs/lib/python3.9/site-packages/pygame/.dylibs/libSDL2-2.0.0.dylib (0x10a0157c8) and /Users/linmuyi/miniconda3/envs/llm_gs/lib/python3.9/site-packages/cv2/.dylibs/libSDL2-2.0.0.dylib (0x13b1c8d90). This may cause spurious casting failures and mysterious crashes. One of the duplicates must be removed or renamed.
  steps=  50000 held=0.00 scoring_steps=6155 (32s)
  steps= 100000 held=0.01 scoring_steps=6155 (59s)
  steps= 150000 held=0.00 scoring_steps=6155 (84s)
  steps= 200000 held=0.00 scoring_steps=6155 (109s)
  steps= 250000 held=0.00 scoring_steps=6155 (146s)
  steps= 300000 held=0.00 scoring_steps=25006 (187s)
  steps= 350000 held=0.00 scoring_steps=25006 (225s)
  steps= 400000 held=0.00 scoring_steps=25006 (251s)
  steps= 450000 held=0.00 scoring_steps=25006 (289s)
  steps= 500000 held=0.00 scoring_steps=25006 (325s)
  steps= 550000 held=0.00 scoring_steps=48962 (368s)
  steps= 600000 held=0.00 scoring_steps=48962 (407s)
  steps= 650000 held=0.00 scoring_steps=48962 (440s)
  steps= 700000 held=0.00 scoring_steps=48962 (480s)
  steps= 750000 held=0.00 scoring_steps=48962 (517s)
  steps= 800000 held=0.00 scoring_steps=73705 (560s)
  steps= 850000 held=0.00 scoring_steps=73705 (599s)
  steps= 900000 held=0.00 scoring_steps=73705 (651s)
  steps= 950000 held=0.00 scoring_steps=73705 (688s)
  steps=1000000 held=0.00 scoring_steps=73705 (735s)
  steps=1050000 held=0.02 scoring_steps=112709 (795s)
  steps=1100000 held=0.00 scoring_steps=112709 (847s)
  steps=1150000 held=0.01 scoring_steps=112709 (898s)
  steps=1200000 held=0.02 scoring_steps=112709 (948s)
  steps=1250000 held=0.04 scoring_steps=112709 (998s)
  steps=1300000 held=0.10 scoring_steps=170977 (1058s)
  steps=1350000 held=0.12 scoring_steps=170977 (1100s)
  steps=1400000 held=0.04 scoring_steps=170977 (1147s)
  steps=1450000 held=0.12 scoring_steps=170977 (1183s)
  steps=1500000 held=0.12 scoring_steps=170977 (1232s)
[sfl_small] DONE final=0.12 scoring_steps=170977
