/Users/linmuyi/miniconda3/envs/llm_gs/lib/python3.9/site-packages/pygame/pkgdata.py:25: UserWarning: pkg_resources is deprecated as an API. See https://setuptools.pypa.io/en/latest/pkg_resources.html. The pkg_resources package is slated for removal as early as 2025-11-30. Refrain from using this package or pin to Setuptools<81.
  from pkg_resources import resource_stream, resource_exists
[sfl] held-out=36
objc[79333]: Class SDLApplication is implemented in both /Users/linmuyi/miniconda3/envs/llm_gs/lib/python3.9/site-packages/pygame/.dylibs/libSDL2-2.0.0.dylib (0x10ac1d2c8) and /Users/linmuyi/miniconda3/envs/llm_gs/lib/python3.9/site-packages/cv2/.dylibs/libSDL2-2.0.0.dylib (0x131bf8890). This may cause spurious casting failures and mysterious crashes. One of the duplicates must be removed or renamed.
objc[79333]: Class SDLAppDelegate is implemented in both /Users/linmuyi/miniconda3/envs/llm_gs/lib/python3.9/site-packages/pygame/.dylibs/libSDL2-2.0.0.dylib (0x10ac1d318) and /Users/linmuyi/miniconda3/envs/llm_gs/lib/python3.9/site-packages/cv2/.dylibs/libSDL2-2.0.0.dylib (0x131bf88e0). This may cause spurious casting failures and mysterious crashes. One of the duplicates must be removed or renamed.
objc[79333]: Class SDLTranslatorResponder is implemented in both /Users/linmuyi/miniconda3/envs/llm_gs/lib/python3.9/site-packages/pygame/.dylibs/libSDL2-2.0.0.dylib (0x10ac1d390) and /Users/linmuyi/miniconda3/envs/llm_gs/lib/python3.9/site-packages/cv2/.dylibs/libSDL2-2.0.0.dylib (0x131bf8958). This may cause spurious casting failures and mysterious crashes. One of the duplicates must be removed or renamed.
objc[79333]: Class SDLMessageBoxPresenter is implemented in both /Users/linmuyi/miniconda3/envs/llm_gs/lib/python3.9/site-packages/pygame/.dylibs/libSDL2-2.0.0.dylib (0x10ac1d3b8) and /Users/linmuyi/miniconda3/envs/llm_gs/lib/python3.9/site-packages/cv2/.dylibs/libSDL2-2.0.0.dylib (0x131bf8980). This may cause spurious casting failures and mysterious crashes. One of the duplicates must be removed or renamed.
objc[79333]: Class SDL_cocoametalview is implemented in both /Users/linmuyi/miniconda3/envs/llm_gs/lib/python3.9/site-packages/pygame/.dylibs/libSDL2-2.0.0.dylib (0x10ac1d408) and /Users/linmuyi/miniconda3/envs/llm_gs/lib/python3.9/site-packages/cv2/.dylibs/libSDL2-2.0.0.dylib (0x131bf89d0). This may cause spurious casting failures and mysterious crashes. One of the duplicates must be removed or renamed.
objc[79333]: Class SDLOpenGLContext is implemented in both /Users/linmuyi/miniconda3/envs/llm_gs/lib/python3.9/site-packages/pygame/.dylibs/libSDL2-2.0.0.dylib (0x10ac1d458) and /Users/linmuyi/miniconda3/envs/llm_gs/lib/python3.9/site-packages/cv2/.dylibs/libSDL2-2.0.0.dylib (0x131bf8a20). This may cause spurious casting failures and mysterious crashes. One of the duplicates must be removed or renamed.
objc[79333]: Class SDL_ShapeData is implemented in both /Users/linmuyi/miniconda3/envs/llm_gs/lib/python3.9/site-packages/pygame/.dylibs/libSDL2-2.0.0.dylib (0x10ac1d4d0) and /Users/linmuyi/miniconda3/envs/llm_gs/lib/python3.9/site-packages/cv2/.dylibs/libSDL2-2.0.0.dylib (0x131bf8a98). This may cause spurious casting failures and mysterious crashes. One of the duplicates must be removed or renamed.
objc[79333]: Class SDL_CocoaClosure is implemented in both /Users/linmuyi/miniconda3/envs/llm_gs/lib/python3.9/site-packages/pygame/.dylibs/libSDL2-2.0.0.dylib (0x10ac1d520) and /Users/linmuyi/miniconda3/envs/llm_gs/lib/python3.9/site-packages/cv2/.dylibs/libSDL2-2.0.0.dylib (0x131bf8ae8). This may cause spurious casting failures and mysterious crashes. One of the duplicates must be removed or renamed.
objc[79333]: Class SDL_VideoData is implemented in both /Users/linmuyi/miniconda3/envs/llm_gs/lib/python3.9/site-packages/pygame/.dylibs/libSDL2-2.0.0.dylib (0x10ac1d570) and /Users/linmuyi/miniconda3/envs/llm_gs/lib/python3.9/site-packages/cv2/.dylibs/libSDL2-2.0.0.dylib (0x131bf8b38). This may cause spurious casting failures and mysterious crashes. One of the duplicates must be removed or renamed.
objc[79333]: Class SDL_WindowData is implemented in both /Users/linmuyi/miniconda3/envs/llm_gs/lib/python3.9/site-packages/pygame/.dylibs/libSDL2-2.0.0.dylib (0x10ac1d5c0) and /Users/linmuyi/miniconda3/envs/llm_gs/lib/python3.9/site-packages/cv2/.dylibs/libSDL2-2.0.0.dylib (0x131bf8b88). This may cause spurious casting failures and mysterious crashes. One of the duplicates must be removed or renamed.
objc[79333]: Class SDLWindow is implemented in both /Users/linmuyi/miniconda3/envs/llm_gs/lib/python3.9/site-packages/pygame/.dylibs/libSDL2-2.0.0.dylib (0x10ac1d5e8) and /Users/linmuyi/miniconda3/envs/llm_gs/lib/python3.9/site-packages/cv2/.dylibs/libSDL2-2.0.0.dylib (0x131bf8bb0). This may cause spurious casting failures and mysterious crashes. One of the duplicates must be removed or renamed.
objc[79333]: Class Cocoa_WindowListener is implemented in both /Users/linmuyi/miniconda3/envs/llm_gs/lib/python3.9/site-packages/pygame/.dylibs/libSDL2-2.0.0.dylib (0x10ac1d610) and /Users/linmuyi/miniconda3/envs/llm_gs/lib/python3.9/site-packages/cv2/.dylibs/libSDL2-2.0.0.dylib (0x131bf8bd8). This may cause spurious casting failures and mysterious crashes. One of the duplicates must be removed or renamed.
objc[79333]: Class SDLView is implemented in both /Users/linmuyi/miniconda3/envs/llm_gs/lib/python3.9/site-packages/pygame/.dylibs/libSDL2-2.0.0.dylib (0x10ac1d688) and /Users/linmuyi/miniconda3/envs/llm_gs/lib/python3.9/site-packages/cv2/.dylibs/libSDL2-2.0.0.dylib (0x131bf8c50). This may cause spurious casting failures and mysterious crashes. One of the duplicates must be removed or renamed.
objc[79333]: Class METAL_RenderData is implemented in both /Users/linmuyi/miniconda3/envs/llm_gs/lib/python3.9/site-packages/pygame/.dylibs/libSDL2-2.0.0.dylib (0x10ac1d700) and /Users/linmuyi/miniconda3/envs/llm_gs/lib/python3.9/site-packages/cv2/.dylibs/libSDL2-2.0.0.dylib (0x131bf8cc8). This may cause spurious casting failures and mysterious crashes. One of the duplicates must be removed or renamed.
objc[79333]: Class METAL_TextureData is implemented in both /Users/linmuyi/miniconda3/envs/llm_gs/lib/python3.9/site-packages/pygame/.dylibs/libSDL2-2.0.0.dylib (0x10ac1d750) and /Users/linmuyi/miniconda3/envs/llm_gs/lib/python3.9/site-packages/cv2/.dylibs/libSDL2-2.0.0.dylib (0x131bf8d18). This may cause spurious casting failures and mysterious crashes. One of the duplicates must be removed or renamed.
objc[79333]: Class SDL_RumbleMotor is implemented in both /Users/linmuyi/miniconda3/envs/llm_gs/lib/python3.9/site-packages/pygame/.dylibs/libSDL2-2.0.0.dylib (0x10ac1d778) and /Users/linmuyi/miniconda3/envs/llm_gs/lib/python3.9/site-packages/cv2/.dylibs/libSDL2-2.0.0.dylib (0x131bf8d40). This may cause spurious casting failures and mysterious crashes. One of the duplicates must be removed or renamed.
objc[79333]: Class SDL_RumbleContext is implemented in both /Users/linmuyi/miniconda3/envs/llm_gs/lib/python3.9/site-packages/pygame/.dylibs/libSDL2-2.0.0.dylib (0x10ac1d7c8) and /Users/linmuyi/miniconda3/envs/llm_gs/lib/python3.9/site-packages/cv2/.dylibs/libSDL2-2.0.0.dylib (0x131bf8d90). This may cause spurious casting failures and mysterious crashes. One of the duplicates must be removed or renamed.
  steps=  50000 held=0.00 scoring_steps=31845 (39s)
  steps= 100000 held=0.01 scoring_steps=31845 (70s)
  steps= 150000 held=0.00 scoring_steps=31845 (104s)
  steps= 200000 held=0.00 scoring_steps=31845 (147s)
  steps= 250000 held=0.00 scoring_steps=31845 (185s)
  steps= 300000 held=0.00 scoring_steps=163311 (259s)
  steps= 350000 held=0.00 scoring_steps=163311 (293s)
  steps= 400000 held=0.00 scoring_steps=163311 (327s)
  steps= 450000 held=0.00 scoring_steps=163311 (356s)
  steps= 500000 held=0.00 scoring_steps=163311 (389s)
  steps= 550000 held=0.00 scoring_steps=245494 (454s)
  steps= 600000 held=0.01 scoring_steps=245494 (492s)
  steps= 650000 held=0.00 scoring_steps=245494 (534s)
  steps= 700000 held=0.00 scoring_steps=245494 (575s)
  steps= 750000 held=0.01 scoring_steps=245494 (603s)
  steps= 800000 held=0.00 scoring_steps=285261 (650s)
  steps= 850000 held=0.00 scoring_steps=285261 (684s)
  steps= 900000 held=0.00 scoring_steps=285261 (716s)
  steps= 950000 held=0.00 scoring_steps=285261 (751s)
  steps=1000000 held=0.01 scoring_steps=285261 (787s)
  steps=1050000 held=0.00 scoring_steps=393070 (847s)
  steps=1100000 held=0.00 scoring_steps=393070 (881s)
  steps=1150000 held=0.03 scoring_steps=393070 (919s)
  steps=1200000 held=0.00 scoring_steps=393070 (956s)
  steps=1250000 held=0.00 scoring_steps=393070 (995s)
  steps=1300000 held=0.00 scoring_steps=564157 (1084s)
  steps=1350000 held=0.00 scoring_steps=564157 (1123s)
  steps=1400000 held=0.00 scoring_steps=564157 (1161s)
  steps=1450000 held=0.00 scoring_steps=564157 (1199s)
  steps=1500000 held=0.00 scoring_steps=564157 (1231s)
[sfl] DONE final=0.00 scoring_steps=564157
