/Users/linmuyi/miniconda3/envs/llm_gs/lib/python3.9/site-packages/pygame/pkgdata.py:25: UserWarning: pkg_resources is deprecated as an API. See https://setuptools.pypa.io/en/latest/pkg_resources.html. The pkg_resources package is slated for removal as early as 2025-11-30. Refrain from using this package or pin to Setuptools<81.
  from pkg_resources import resource_stream, resource_exists
[sfl_small] held-out=36
objc[9512]: Class SDLApplication is implemented in both /Users/linmuyi/miniconda3/envs/llm_gs/lib/python3.9/site-packages/pygame/.dylibs/libSDL2-2.0.0.dylib (0x109f412c8) and /Users/linmuyi/miniconda3/envs/llm_gs/lib/python3.9/site-packages/cv2/.dylibs/libSDL2-2.0.0.dylib (0x141f74890). This may cause spurious casting failures and mysterious crashes. One of the duplicates must be removed or renamed.
objc[9512]: Class SDLAppDelegate is implemented in both /Users/linmuyi/miniconda3/envs/llm_gs/lib/python3.9/site-packages/pygame/.dylibs/libSDL2-2.0.0.dylib (0x109f41318) and /Users/linmuyi/miniconda3/envs/llm_gs/lib/python3.9/site-packages/cv2/.dylibs/libSDL2-2.0.0.dylib (0x141f748e0). This may cause spurious casting failures and mysterious crashes. One of the duplicates must be removed or renamed.
objc[9512]: Class SDLTranslatorResponder is implemented in both /Users/linmuyi/miniconda3/envs/llm_gs/lib/python3.9/site-packages/pygame/.dylibs/libSDL2-2.0.0.dylib (0x109f41390) and /Users/linmuyi/miniconda3/envs/llm_gs/lib/python3.9/site-packages/cv2/.dylibs/libSDL2-2.0.0.dylib (0x141f74958). This may cause spurious casting failures and mysterious crashes. One of the duplicates must be removed or renamed.
objc[9512]: Class SDLMessageBoxPresenter is implemented in both /Users/linmuyi/miniconda3/envs/llm_gs/lib/python3.9/site-packages/pygame/.dylibs/libSDL2-2.0.0.dylib (0x109f413b8) and /Users/linmuyi/miniconda3/envs/llm_gs/lib/python3.9/site-packages/cv2/.dylibs/libSDL2-2.0.0.dylib (0x141f74980). This may cause spurious casting failures and mysterious crashes. One of the duplicates must be removed or renamed.
objc[9512]: Class SDL_cocoametalview is implemented in both /Users/linmuyi/miniconda3/envs/llm_gs/lib/python3.9/site-packages/pygame/.dylibs/libSDL2-2.0.0.dylib (0x109f41408) and /Users/linmuyi/miniconda3/envs/llm_gs/lib/python3.9/site-packages/cv2/.dylibs/libSDL2-2.0.0.dylib (0x141f749d0). This may cause spurious casting failures and mysterious crashes. One of the duplicates must be removed or renamed.
objc[9512]: Class SDLOpenGLContext is implemented in both /Users/linmuyi/miniconda3/envs/llm_gs/lib/python3.9/site-packages/pygame/.dylibs/libSDL2-2.0.0.dylib (0x109f41458) and /Users/linmuyi/miniconda3/envs/llm_gs/lib/python3.9/site-packages/cv2/.dylibs/libSDL2-2.0.0.dylib (0x141f74a20). This may cause spurious casting failures and mysterious crashes. One of the duplicates must be removed or renamed.
objc[9512]: Class SDL_ShapeData is implemented in both /Users/linmuyi/miniconda3/envs/llm_gs/lib/python3.9/site-packages/pygame/.dylibs/libSDL2-2.0.0.dylib (0x109f414d0) and /Users/linmuyi/miniconda3/envs/llm_gs/lib/python3.9/site-packages/cv2/.dylibs/libSDL2-2.0.0.dylib (0x141f74a98). This may cause spurious casting failures and mysterious crashes. One of the duplicates must be removed or renamed.
objc[9512]: Class SDL_CocoaClosure is implemented in both /Users/linmuyi/miniconda3/envs/llm_gs/lib/python3.9/site-packages/pygame/.dylibs/libSDL2-2.0.0.dylib (0x109f41520) and /Users/linmuyi/miniconda3/envs/llm_gs/lib/python3.9/site-packages/cv2/.dylibs/libSDL2-2.0.0.dylib (0x141f74ae8). This may cause spurious casting failures and mysterious crashes. One of the duplicates must be removed or renamed.
objc[9512]: Class SDL_VideoData is implemented in both /Users/linmuyi/miniconda3/envs/llm_gs/lib/python3.9/site-packages/pygame/.dylibs/libSDL2-2.0.0.dylib (0x109f41570) and /Users/linmuyi/miniconda3/envs/llm_gs/lib/python3.9/site-packages/cv2/.dylibs/libSDL2-2.0.0.dylib (0x141f74b38). This may cause spurious casting failures and mysterious crashes. One of the duplicates must be removed or renamed.
objc[9512]: Class SDL_WindowData is implemented in both /Users/linmuyi/miniconda3/envs/llm_gs/lib/python3.9/site-packages/pygame/.dylibs/libSDL2-2.0.0.dylib (0x109f415c0) and /Users/linmuyi/miniconda3/envs/llm_gs/lib/python3.9/site-packages/cv2/.dylibs/libSDL2-2.0.0.dylib (0x141f74b88). This may cause spurious casting failures and mysterious crashes. One of the duplicates must be removed or renamed.
objc[9512]: Class SDLWindow is implemented in both /Users/linmuyi/miniconda3/envs/llm_gs/lib/python3.9/site-packages/pygame/.dylibs/libSDL2-2.0.0.dylib (0x109f415e8) and /Users/linmuyi/miniconda3/envs/llm_gs/lib/python3.9/site-packages/cv2/.dylibs/libSDL2-2.0.0.dylib (0x141f74bb0). This may cause spurious casting failures and mysterious crashes. One of the duplicates must be removed or renamed.
objc[9512]: Class Cocoa_WindowListener is implemented in both /Users/linmuyi/miniconda3/envs/llm_gs/lib/python3.9/site-packages/pygame/.dylibs/libSDL2-2.0.0.dylib (0x109f41610) and /Users/linmuyi/miniconda3/envs/llm_gs/lib/python3.9/site-packages/cv2/.dylibs/libSDL2-2.0.0.dylib (0x141f74bd8). This may cause spurious casting failures and mysterious crashes. One of the duplicates must be removed or renamed.
objc[9512]: Class SDLView is implemented in both /Users/linmuyi/miniconda3/envs/llm_gs/lib/python3.9/site-packages/pygame/.dylibs/libSDL2-2.0.0.dylib (0x109f41688) and /Users/linmuyi/miniconda3/envs/llm_gs/lib/python3.9/site-packages/cv2/.dylibs/libSDL2-2.0.0.dylib (0x141f74c50). This may cause spurious casting failures and mysterious crashes. One of the duplicates must be removed or renamed.
objc[9512]: Class METAL_RenderData is implemented in both /Users/linmuyi/miniconda3/envs/llm_gs/lib/python3.9/site-packages/pygame/.dylibs/libSDL2-2.0.0.dylib (0x109f41700) and /Users/linmuyi/miniconda3/envs/llm_gs/lib/python3.9/site-packages/cv2/.dylibs/libSDL2-2.0.0.dylib (0x141f74cc8). This may cause spurious casting failures and mysterious crashes. One of the duplicates must be removed or renamed.
objc[9512]: Class METAL_TextureData is implemented in both /Users/linmuyi/miniconda3/envs/llm_gs/lib/python3.9/site-packages/pygame/.dylibs/libSDL2-2.0.0.dylib (0x109f41750) and /Users/linmuyi/miniconda3/envs/llm_gs/lib/python3.9/site-packages/cv2/.dylibs/libSDL2-2.0.0.dylib (0x141f74d18). This may cause spurious casting failures and mysterious crashes. One of the duplicates must be removed or renamed.
objc[9512]: Class SDL_RumbleMotor is implemented in both /Users/linmuyi/miniconda3/envs/llm_gs/lib/python3.9/site-packages/pygame/.dylibs/libSDL2-2.0.0.dylib (0x109f41778) and /Users/linmuyi/miniconda3/envs/llm_gs/lib/python3.9/site-packages/cv2/.dylibs/libSDL2-2.0.0.dylib (0x141f74d40). This may cause spurious casting failures and mysterious crashes. One of the duplicates must be removed or renamed.
objc[9512]: Class SDL_RumbleContext is implemented in both /Users/linmuyi/miniconda3/envs/llm_gs/lib/python3.9/site-packages/pygame/.dylibs/libSDL2-2.0.0.dylib (0x109f417c8) and /Users/linmuyi/miniconda3/envs/llm_gs/lib/python3.9/site-packages/cv2/.dylibs/libSDL2-2.0.0.dylib (0x141f74d90). This may cause spurious casting failures and mysterious crashes. One of the duplicates must be removed or renamed.
  steps=  50000 held=0.00 scoring_steps=7555 (84s)
  steps= 100000 held=0.00 scoring_steps=7555 (133s)
  steps= 150000 held=0.00 scoring_steps=7555 (189s)
  steps= 200000 held=0.00 scoring_steps=7555 (237s)
  steps= 250000 held=0.01 scoring_steps=7555 (281s)
  steps= 300000 held=0.10 scoring_steps=12853 (344s)
  steps= 350000 held=0.11 scoring_steps=12853 (398s)
  steps= 400000 held=0.13 scoring_steps=12853 (464s)
  steps= 450000 held=0.14 scoring_steps=12853 (519s)
  steps= 500000 held=0.12 scoring_steps=12853 (599s)
  steps= 550000 held=0.14 scoring_steps=70646 (695s)
  steps= 600000 held=0.14 scoring_steps=70646 (768s)
  steps= 650000 held=0.14 scoring_steps=70646 (833s)
  steps= 700000 held=0.03 scoring_steps=70646 (915s)
  steps= 750000 held=0.10 scoring_steps=70646 (976s)
  steps= 800000 held=0.03 scoring_steps=106819 (1034s)
  steps= 850000 held=0.03 scoring_steps=106819 (1083s)
  steps= 900000 held=0.04 scoring_steps=106819 (1135s)
  steps= 950000 held=0.00 scoring_steps=106819 (1189s)
  steps=1000000 held=0.08 scoring_steps=106819 (1237s)
  steps=1050000 held=0.13 scoring_steps=166491 (1296s)
  steps=1100000 held=0.08 scoring_steps=166491 (1343s)
  steps=1150000 held=0.01 scoring_steps=166491 (1388s)
  steps=1200000 held=0.01 scoring_steps=166491 (1433s)
  steps=1250000 held=0.00 scoring_steps=166491 (1481s)
  steps=1300000 held=0.00 scoring_steps=224163 (1541s)
  steps=1350000 held=0.00 scoring_steps=224163 (1575s)
  steps=1400000 held=0.00 scoring_steps=224163 (1612s)
  steps=1450000 held=0.00 scoring_steps=224163 (1655s)
  steps=1500000 held=0.00 scoring_steps=224163 (1696s)
[sfl_small] DONE final=0.00 scoring_steps=224163
