/Users/linmuyi/miniconda3/envs/llm_gs/lib/python3.9/site-packages/pygame/pkgdata.py:25: UserWarning: pkg_resources is deprecated as an API. See https://setuptools.pypa.io/en/latest/pkg_resources.html. The pkg_resources package is slated for removal as early as 2025-11-30. Refrain from using this package or pin to Setuptools<81.
  from pkg_resources import resource_stream, resource_exists
[sfl_small] held-out=36
objc[63801]: Class SDLApplication is implemented in both /Users/linmuyi/miniconda3/envs/llm_gs/lib/python3.9/site-packages/pygame/.dylibs/libSDL2-2.0.0.dylib (0x1062752c8) and /Users/linmuyi/miniconda3/envs/llm_gs/lib/python3.9/site-packages/cv2/.dylibs/libSDL2-2.0.0.dylib (0x168370890). This may cause spurious casting failures and mysterious crashes. One of the duplicates must be removed or renamed.
objc[63801]: Class SDLAppDelegate is implemented in both /Users/linmuyi/miniconda3/envs/llm_gs/lib/python3.9/site-packages/pygame/.dylibs/libSDL2-2.0.0.dylib (0x106275318) and /Users/linmuyi/miniconda3/envs/llm_gs/lib/python3.9/site-packages/cv2/.dylibs/libSDL2-2.0.0.dylib (0x1683708e0). This may cause spurious casting failures and mysterious crashes. One of the duplicates must be removed or renamed.
objc[63801]: Class SDLTranslatorResponder is implemented in both /Users/linmuyi/miniconda3/envs/llm_gs/lib/python3.9/site-packages/pygame/.dylibs/libSDL2-2.0.0.dylib (0x106275390) and /Users/linmuyi/miniconda3/envs/llm_gs/lib/python3.9/site-packages/cv2/.dylibs/libSDL2-2.0.0.dylib (0x168370958). This may cause spurious casting failures and mysterious crashes. One of the duplicates must be removed or renamed.
objc[63801]: Class SDLMessageBoxPresenter is implemented in both /Users/linmuyi/miniconda3/envs/llm_gs/lib/python3.9/site-packages/pygame/.dylibs/libSDL2-2.0.0.dylib (0x1062753b8) and /Users/linmuyi/miniconda3/envs/llm_gs/lib/python3.9/site-packages/cv2/.dylibs/libSDL2-2.0.0.dylib (0x168370980). This may cause spurious casting failures and mysterious crashes. One of the duplicates must be removed or renamed.
objc[63801]: Class SDL_cocoametalview is implemented in both /Users/linmuyi/miniconda3/envs/llm_gs/lib/python3.9/site-packages/pygame/.dylibs/libSDL2-2.0.0.dylib (0x106275408) and /Users/linmuyi/miniconda3/envs/llm_gs/lib/python3.9/site-packages/cv2/.dylibs/libSDL2-2.0.0.dylib (0x1683709d0). This may cause spurious casting failures and mysterious crashes. One of the duplicates must be removed or renamed.
objc[63801]: Class SDLOpenGLContext is implemented in both /Users/linmuyi/miniconda3/envs/llm_gs/lib/python3.9/site-packages/pygame/.dylibs/libSDL2-2.0.0.dylib (0x106275458) and /Users/linmuyi/miniconda3/envs/llm_gs/lib/python3.9/site-packages/cv2/.dylibs/libSDL2-2.0.0.dylib (0x168370a20). This may cause spurious casting failures and mysterious crashes. One of the duplicates must be removed or renamed.
objc[63801]: Class SDL_ShapeData is implemented in both /Users/linmuyi/miniconda3/envs/llm_gs/lib/python3.9/site-packages/pygame/.dylibs/libSDL2-2.0.0.dylib (0x1062754d0) and /Users/linmuyi/miniconda3/envs/llm_gs/lib/python3.9/site-packages/cv2/.dylibs/libSDL2-2.0.0.dylib (0x168370a98). This may cause spurious casting failures and mysterious crashes. One of the duplicates must be removed or renamed.
objc[63801]: Class SDL_CocoaClosure is implemented in both /Users/linmuyi/miniconda3/envs/llm_gs/lib/python3.9/site-packages/pygame/.dylibs/libSDL2-2.0.0.dylib (0x106275520) and /Users/linmuyi/miniconda3/envs/llm_gs/lib/python3.9/site-packages/cv2/.dylibs/libSDL2-2.0.0.dylib (0x168370ae8). This may cause spurious casting failures and mysterious crashes. One of the duplicates must be removed or renamed.
objc[63801]: Class SDL_VideoData is implemented in both /Users/linmuyi/miniconda3/envs/llm_gs/lib/python3.9/site-packages/pygame/.dylibs/libSDL2-2.0.0.dylib (0x106275570) and /Users/linmuyi/miniconda3/envs/llm_gs/lib/python3.9/site-packages/cv2/.dylibs/libSDL2-2.0.0.dylib (0x168370b38). This may cause spurious casting failures and mysterious crashes. One of the duplicates must be removed or renamed.
objc[63801]: Class SDL_WindowData is implemented in both /Users/linmuyi/miniconda3/envs/llm_gs/lib/python3.9/site-packages/pygame/.dylibs/libSDL2-2.0.0.dylib (0x1062755c0) and /Users/linmuyi/miniconda3/envs/llm_gs/lib/python3.9/site-packages/cv2/.dylibs/libSDL2-2.0.0.dylib (0x168370b88). This may cause spurious casting failures and mysterious crashes. One of the duplicates must be removed or renamed.
objc[63801]: Class SDLWindow is implemented in both /Users/linmuyi/miniconda3/envs/llm_gs/lib/python3.9/site-packages/pygame/.dylibs/libSDL2-2.0.0.dylib (0x1062755e8) and /Users/linmuyi/miniconda3/envs/llm_gs/lib/python3.9/site-packages/cv2/.dylibs/libSDL2-2.0.0.dylib (0x168370bb0). This may cause spurious casting failures and mysterious crashes. One of the duplicates must be removed or renamed.
objc[63801]: Class Cocoa_WindowListener is implemented in both /Users/linmuyi/miniconda3/envs/llm_gs/lib/python3.9/site-packages/pygame/.dylibs/libSDL2-2.0.0.dylib (0x106275610) and /Users/linmuyi/miniconda3/envs/llm_gs/lib/python3.9/site-packages/cv2/.dylibs/libSDL2-2.0.0.dylib (0x168370bd8). This may cause spurious casting failures and mysterious crashes. One of the duplicates must be removed or renamed.
objc[63801]: Class SDLView is implemented in both /Users/linmuyi/miniconda3/envs/llm_gs/lib/python3.9/site-packages/pygame/.dylibs/libSDL2-2.0.0.dylib (0x106275688) and /Users/linmuyi/miniconda3/envs/llm_gs/lib/python3.9/site-packages/cv2/.dylibs/libSDL2-2.0.0.dylib (0x168370c50). This may cause spurious casting failures and mysterious crashes. One of the duplicates must be removed or renamed.
objc[63801]: Class METAL_RenderData is implemented in both /Users/linmuyi/miniconda3/envs/llm_gs/lib/python3.9/site-packages/pygame/.dylibs/libSDL2-2.0.0.dylib (0x106275700) and /Users/linmuyi/miniconda3/envs/llm_gs/lib/python3.9/site-packages/cv2/.dylibs/libSDL2-2.0.0.dylib (0x168370cc8). This may cause spurious casting failures and mysterious crashes. One of the duplicates must be removed or renamed.
objc[63801]: Class METAL_TextureData is implemented in both /Users/linmuyi/miniconda3/envs/llm_gs/lib/python3.9/site-packages/pygame/.dylibs/libSDL2-2.0.0.dylib (0x106275750) and /Users/linmuyi/miniconda3/envs/llm_gs/lib/python3.9/site-packages/cv2/.dylibs/libSDL2-2.0.0.dylib (0x168370d18). This may cause spurious casting failures and mysterious crashes. One of the duplicates must be removed or renamed.
objc[63801]: Class SDL_RumbleMotor is implemented in both /Users/linmuyi/miniconda3/envs/llm_gs/lib/python3.9/site-packages/pygame/.dylibs/libSDL2-2.0.0.dylib (0x106275778) and /Users/linmuyi/miniconda3/envs/llm_gs/lib/python3.9/site-packages/cv2/.dylibs/libSDL2-2.0.0.dylib (0x168370d40). This may cause spurious casting failures and mysterious crashes. One of the duplicates must be removed or renamed.
objc[63801]: Class SDL_RumbleContext is implemented in both /Users/linmuyi/miniconda3/envs/llm_gs/lib/python3.9/site-packages/pygame/.dylibs/libSDL2-2.0.0.dylib (0x1062757c8) and /Users/linmuyi/miniconda3/envs/llm_gs/lib/python3.9/site-packages/cv2/.dylibs/libSDL2-2.0.0.dylib (0x168370d90). This may cause spurious casting failures and mysterious crashes. One of the duplicates must be removed or renamed.
  steps=  50000 held=0.00 scoring_steps=11382 (33s)
  steps= 100000 held=0.00 scoring_steps=11382 (65s)
  steps= 150000 held=0.00 scoring_steps=11382 (99s)
  steps= 200000 held=0.00 scoring_steps=11382 (136s)
  steps= 250000 held=0.01 scoring_steps=11382 (174s)
  steps= 300000 held=0.06 scoring_steps=41585 (216s)
  steps= 350000 held=0.12 scoring_steps=41585 (249s)
  steps= 400000 held=0.12 scoring_steps=41585 (284s)
  steps= 450000 held=0.06 scoring_steps=41585 (328s)
  steps= 500000 held=0.12 scoring_steps=41585 (367s)
  steps= 550000 held=0.07 scoring_steps=73735 (420s)
  steps= 600000 held=0.14 scoring_steps=73735 (450s)
  steps= 650000 held=0.12 scoring_steps=73735 (495s)
  steps= 700000 held=0.01 scoring_steps=73735 (542s)
  steps= 750000 held=0.01 scoring_steps=73735 (578s)
  steps= 800000 held=0.00 scoring_steps=98767 (632s)
  steps= 850000 held=0.00 scoring_steps=98767 (680s)
  steps= 900000 held=0.00 scoring_steps=98767 (729s)
  steps= 950000 held=0.01 scoring_steps=98767 (777s)
  steps=1000000 held=0.05 scoring_steps=98767 (821s)
  steps=1050000 held=0.00 scoring_steps=150372 (872s)
  steps=1100000 held=0.00 scoring_steps=150372 (912s)
  steps=1150000 held=0.00 scoring_steps=150372 (947s)
  steps=1200000 held=0.00 scoring_steps=150372 (992s)
  steps=1250000 held=0.02 scoring_steps=150372 (1033s)
  steps=1300000 held=0.04 scoring_steps=190073 (1085s)
  steps=1350000 held=0.00 scoring_steps=190073 (1126s)
  steps=1400000 held=0.01 scoring_steps=190073 (1177s)
  steps=1450000 held=0.01 scoring_steps=190073 (1220s)
  steps=1500000 held=0.01 scoring_steps=190073 (1264s)
[sfl_small] DONE final=0.01 scoring_steps=190073
