/Users/linmuyi/miniconda3/envs/llm_gs/lib/python3.9/site-packages/pygame/pkgdata.py:25: UserWarning: pkg_resources is deprecated as an API. See https://setuptools.pypa.io/en/latest/pkg_resources.html. The pkg_resources package is slated for removal as early as 2025-11-30. Refrain from using this package or pin to Setuptools<81.
  from pkg_resources import resource_stream, resource_exists
[sfl] held-out=36
objc[63137]: Class SDLApplication is implemented in both /Users/linmuyi/miniconda3/envs/llm_gs/lib/python3.9/site-packages/pygame/.dylibs/libSDL2-2.0.0.dylib (0x10ab652c8) and /Users/linmuyi/miniconda3/envs/llm_gs/lib/python3.9/site-packages/cv2/.dylibs/libSDL2-2.0.0.dylib (0x1436ac890). This may cause spurious casting failures and mysterious crashes. One of the duplicates must be removed or renamed.
objc[63137]: Class SDLAppDelegate is implemented in both /Users/linmuyi/miniconda3/envs/llm_gs/lib/python3.9/site-packages/pygame/.dylibs/libSDL2-2.0.0.dylib (0x10ab65318) and /Users/linmuyi/miniconda3/envs/llm_gs/lib/python3.9/site-packages/cv2/.dylibs/libSDL2-2.0.0.dylib (0x1436ac8e0). This may cause spurious casting failures and mysterious crashes. One of the duplicates must be removed or renamed.
objc[63137]: Class SDLTranslatorResponder is implemented in both /Users/linmuyi/miniconda3/envs/llm_gs/lib/python3.9/site-packages/pygame/.dylibs/libSDL2-2.0.0.dylib (0x10ab65390) and /Users/linmuyi/miniconda3/envs/llm_gs/lib/python3.9/site-packages/cv2/.dylibs/libSDL2-2.0.0.dylib (0x1436ac958). This may cause spurious casting failures and mysterious crashes. One of the duplicates must be removed or renamed.
objc[63137]: Class SDLMessageBoxPresenter is implemented in both /Users/linmuyi/miniconda3/envs/llm_gs/lib/python3.9/site-packages/pygame/.dylibs/libSDL2-2.0.0.dylib (0x10ab653b8) and /Users/linmuyi/miniconda3/envs/llm_gs/lib/python3.9/site-packages/cv2/.dylibs/libSDL2-2.0.0.dylib (0x1436ac980). This may cause spurious casting failures and mysterious crashes. One of the duplicates must be removed or renamed.
objc[63137]: Class SDL_cocoametalview is implemented in both /Users/linmuyi/miniconda3/envs/llm_gs/lib/python3.9/site-packages/pygame/.dylibs/libSDL2-2.0.0.dylib (0x10ab65408) and /Users/linmuyi/miniconda3/envs/llm_gs/lib/python3.9/site-packages/cv2/.dylibs/libSDL2-2.0.0.dylib (0x1436ac9d0). This may cause spurious casting failures and mysterious crashes. One of the duplicates must be removed or renamed.
objc[63137]: Class SDLOpenGLContext is implemented in both /Users/linmuyi/miniconda3/envs/llm_gs/lib/python3.9/site-packages/pygame/.dylibs/libSDL2-2.0.0.dylib (0x10ab65458) and /Users/linmuyi/miniconda3/envs/llm_gs/lib/python3.9/site-packages/cv2/.dylibs/libSDL2-2.0.0.dylib (0x1436aca20). This may cause spurious casting failures and mysterious crashes. One of the duplicates must be removed or renamed.
objc[63137]: Class SDL_ShapeData is implemented in both /Users/linmuyi/miniconda3/envs/llm_gs/lib/python3.9/site-packages/pygame/.dylibs/libSDL2-2.0.0.dylib (0x10ab654d0) and /Users/linmuyi/miniconda3/envs/llm_gs/lib/python3.9/site-packages/cv2/.dylibs/libSDL2-2.0.0.dylib (0x1436aca98). This may cause spurious casting failures and mysterious crashes. One of the duplicates must be removed or renamed.
objc[63137]: Class SDL_CocoaClosure is implemented in both /Users/linmuyi/miniconda3/envs/llm_gs/lib/python3.9/site-packages/pygame/.dylibs/libSDL2-2.0.0.dylib (0x10ab65520) and /Users/linmuyi/miniconda3/envs/llm_gs/lib/python3.9/site-packages/cv2/.dylibs/libSDL2-2.0.0.dylib (0x1436acae8). This may cause spurious casting failures and mysterious crashes. One of the duplicates must be removed or renamed.
objc[63137]: Class SDL_VideoData is implemented in both /Users/linmuyi/miniconda3/envs/llm_gs/lib/python3.9/site-packages/pygame/.dylibs/libSDL2-2.0.0.dylib (0x10ab65570) and /Users/linmuyi/miniconda3/envs/llm_gs/lib/python3.9/site-packages/cv2/.dylibs/libSDL2-2.0.0.dylib (0x1436acb38). This may cause spurious casting failures and mysterious crashes. One of the duplicates must be removed or renamed.
objc[63137]: Class SDL_WindowData is implemented in both /Users/linmuyi/miniconda3/envs/llm_gs/lib/python3.9/site-packages/pygame/.dylibs/libSDL2-2.0.0.dylib (0x10ab655c0) and /Users/linmuyi/miniconda3/envs/llm_gs/lib/python3.9/site-packages/cv2/.dylibs/libSDL2-2.0.0.dylib (0x1436acb88). This may cause spurious casting failures and mysterious crashes. One of the duplicates must be removed or renamed.
objc[63137]: Class SDLWindow is implemented in both /Users/linmuyi/miniconda3/envs/llm_gs/lib/python3.9/site-packages/pygame/.dylibs/libSDL2-2.0.0.dylib (0x10ab655e8) and /Users/linmuyi/miniconda3/envs/llm_gs/lib/python3.9/site-packages/cv2/.dylibs/libSDL2-2.0.0.dylib (0x1436acbb0). This may cause spurious casting failures and mysterious crashes. One of the duplicates must be removed or renamed.
objc[63137]: Class Cocoa_WindowListener is implemented in both /Users/linmuyi/miniconda3/envs/llm_gs/lib/python3.9/site-packages/pygame/.dylibs/libSDL2-2.0.0.dylib (0x10ab65610) and /Users/linmuyi/miniconda3/envs/llm_gs/lib/python3.9/site-packages/cv2/.dylibs/libSDL2-2.0.0.dylib (0x1436acbd8). This may cause spurious casting failures and mysterious crashes. One of the duplicates must be removed or renamed.
objc[63137]: Class SDLView is implemented in both /Users/linmuyi/miniconda3/envs/llm_gs/lib/python3.9/site-packages/pygame/.dylibs/libSDL2-2.0.0.dylib (0x10ab65688) and /Users/linmuyi/miniconda3/envs/llm_gs/lib/python3.9/site-packages/cv2/.dylibs/libSDL2-2.0.0.dylib (0x1436acc50). This may cause spurious casting failures and mysterious crashes. One of the duplicates must be removed or renamed.
objc[63137]: Class METAL_RenderData is implemented in both /Users/linmuyi/miniconda3/envs/llm_gs/lib/python3.9/site-packages/pygame/.dylibs/libSDL2-2.0.0.dylib (0x10ab65700) and /Users/linmuyi/miniconda3/envs/llm_gs/lib/python3.9/site-packages/cv2/.dylibs/libSDL2-2.0.0.dylib (0x1436accc8). This may cause spurious casting failures and mysterious crashes. One of the duplicates must be removed or renamed.
objc[63137]: Class METAL_TextureData is implemented in both /Users/linmuyi/miniconda3/envs/llm_gs/lib/python3.9/site-packages/pygame/.dylibs/libSDL2-2.0.0.dylib (0x10ab65750) and /Users/linmuyi/miniconda3/envs/llm_gs/lib/python3.9/site-packages/cv2/.dylibs/libSDL2-2.0.0.dylib (0x1436acd18). This may cause spurious casting failures and mysterious crashes. One of the duplicates must be removed or renamed.
objc[63137]: Class SDL_RumbleMotor is implemented in both /Users/linmuyi/miniconda3/envs/llm_gs/lib/python3.9/site-packages/pygame/.dylibs/libSDL2-2.0.0.dylib (0x10ab65778) and /Users/linmuyi/miniconda3/envs/llm_gs/lib/python3.9/site-packages/cv2/.dylibs/libSDL2-2.0.0.dylib (0x1436acd40). This may cause spurious casting failures and mysterious crashes. One of the duplicates must be removed or renamed.
objc[63137]: Class SDL_RumbleContext is implemented in both /Users/linmuyi/miniconda3/envs/llm_gs/lib/python3.9/site-packages/pygame/.dylibs/libSDL2-2.0.0.dylib (0x10ab657c8) and /Users/linmuyi/miniconda3/envs/llm_gs/lib/python3.9/site-packages/cv2/.dylibs/libSDL2-2.0.0.dylib (0x1436acd90). This may cause spurious casting failures and mysterious crashes. One of the duplicates must be removed or renamed.
  steps=  50000 held=0.00 scoring_steps=33567 (72s)
  steps= 100000 held=0.00 scoring_steps=33567 (123s)
  steps= 150000 held=0.00 scoring_steps=33567 (178s)
  steps= 200000 held=0.00 scoring_steps=33567 (221s)
  steps= 250000 held=0.00 scoring_steps=33567 (268s)
  steps= 300000 held=0.00 scoring_steps=85116 (341s)
  steps= 350000 held=0.00 scoring_steps=85116 (383s)
  steps= 400000 held=0.00 scoring_steps=85116 (425s)
  steps= 450000 held=0.00 scoring_steps=85116 (466s)
  steps= 500000 held=0.00 scoring_steps=85116 (524s)
  steps= 550000 held=0.01 scoring_steps=205604 (653s)
  steps= 600000 held=0.00 scoring_steps=205604 (715s)
  steps= 650000 held=0.03 scoring_steps=205604 (770s)
  steps= 700000 held=0.00 scoring_steps=205604 (855s)
  steps= 750000 held=0.14 scoring_steps=205604 (908s)
  steps= 800000 held=0.14 scoring_steps=313818 (1041s)
  steps= 850000 held=0.01 scoring_steps=313818 (1125s)
  steps= 900000 held=0.01 scoring_steps=313818 (1205s)
  steps= 950000 held=0.00 scoring_steps=313818 (1285s)
  steps=1000000 held=0.00 scoring_steps=313818 (1379s)
  steps=1050000 held=0.00 scoring_steps=601992 (1625s)
  steps=1100000 held=0.00 scoring_steps=601992 (1752s)
  steps=1150000 held=0.00 scoring_steps=601992 (1837s)
  steps=1200000 held=0.01 scoring_steps=601992 (1946s)
  steps=1250000 held=0.00 scoring_steps=601992 (2103s)
  steps=1300000 held=0.00 scoring_steps=892392 (2491s)
  steps=1350000 held=0.01 scoring_steps=892392 (2593s)
  steps=1400000 held=0.00 scoring_steps=892392 (2712s)
  steps=1450000 held=0.00 scoring_steps=892392 (2846s)
  steps=1500000 held=0.00 scoring_steps=892392 (2955s)
[sfl] DONE final=0.00 scoring_steps=892392
