/Users/linmuyi/miniconda3/envs/llm_gs/lib/python3.9/site-packages/pygame/pkgdata.py:25: UserWarning: pkg_resources is deprecated as an API. See https://setuptools.pypa.io/en/latest/pkg_resources.html. The pkg_resources package is slated for removal as early as 2025-11-30. Refrain from using this package or pin to Setuptools<81.
  from pkg_resources import resource_stream, resource_exists
[sfl_small] held-out=36
objc[92817]: Class SDLApplication is implemented in both /Users/linmuyi/miniconda3/envs/llm_gs/lib/python3.9/site-packages/pygame/.dylibs/libSDL2-2.0.0.dylib (0x10b00d2c8) and /Users/linmuyi/miniconda3/envs/llm_gs/lib/python3.9/site-packages/cv2/.dylibs/libSDL2-2.0.0.dylib (0x13b9b4890). This may cause spurious casting failures and mysterious crashes. One of the duplicates must be removed or renamed.
objc[92817]: Class SDLAppDelegate is implemented in both /Users/linmuyi/miniconda3/envs/llm_gs/lib/python3.9/site-packages/pygame/.dylibs/libSDL2-2.0.0.dylib (0x10b00d318) and /Users/linmuyi/miniconda3/envs/llm_gs/lib/python3.9/site-packages/cv2/.dylibs/libSDL2-2.0.0.dylib (0x13b9b48e0). This may cause spurious casting failures and mysterious crashes. One of the duplicates must be removed or renamed.
objc[92817]: Class SDLTranslatorResponder is implemented in both /Users/linmuyi/miniconda3/envs/llm_gs/lib/python3.9/site-packages/pygame/.dylibs/libSDL2-2.0.0.dylib (0x10b00d390) and /Users/linmuyi/miniconda3/envs/llm_gs/lib/python3.9/site-packages/cv2/.dylibs/libSDL2-2.0.0.dylib (0x13b9b4958). This may cause spurious casting failures and mysterious crashes. One of the duplicates must be removed or renamed.
objc[92817]: Class SDLMessageBoxPresenter is implemented in both /Users/linmuyi/miniconda3/envs/llm_gs/lib/python3.9/site-packages/pygame/.dylibs/libSDL2-2.0.0.dylib (0x10b00d3b8) and /Users/linmuyi/miniconda3/envs/llm_gs/lib/python3.9/site-packages/cv2/.dylibs/libSDL2-2.0.0.dylib (0x13b9b4980). This may cause spurious casting failures and mysterious crashes. One of the duplicates must be removed or renamed.
objc[92817]: Class SDL_cocoametalview is implemented in both /Users/linmuyi/miniconda3/envs/llm_gs/lib/python3.9/site-packages/pygame/.dylibs/libSDL2-2.0.0.dylib (0x10b00d408) and /Users/linmuyi/miniconda3/envs/llm_gs/lib/python3.9/site-packages/cv2/.dylibs/libSDL2-2.0.0.dylib (0x13b9b49d0). This may cause spurious casting failures and mysterious crashes. One of the duplicates must be removed or renamed.
objc[92817]: Class SDLOpenGLContext is implemented in both /Users/linmuyi/miniconda3/envs/llm_gs/lib/python3.9/site-packages/pygame/.dylibs/libSDL2-2.0.0.dylib (0x10b00d458) and /Users/linmuyi/miniconda3/envs/llm_gs/lib/python3.9/site-packages/cv2/.dylibs/libSDL2-2.0.0.dylib (0x13b9b4a20). This may cause spurious casting failures and mysterious crashes. One of the duplicates must be removed or renamed.
objc[92817]: Class SDL_ShapeData is implemented in both /Users/linmuyi/miniconda3/envs/llm_gs/lib/python3.9/site-packages/pygame/.dylibs/libSDL2-2.0.0.dylib (0x10b00d4d0) and /Users/linmuyi/miniconda3/envs/llm_gs/lib/python3.9/site-packages/cv2/.dylibs/libSDL2-2.0.0.dylib (0x13b9b4a98). This may cause spurious casting failures and mysterious crashes. One of the duplicates must be removed or renamed.
objc[92817]: Class SDL_CocoaClosure is implemented in both /Users/linmuyi/miniconda3/envs/llm_gs/lib/python3.9/site-packages/pygame/.dylibs/libSDL2-2.0.0.dylib (0x10b00d520) and /Users/linmuyi/miniconda3/envs/llm_gs/lib/python3.9/site-packages/cv2/.dylibs/libSDL2-2.0.0.dylib (0x13b9b4ae8). This may cause spurious casting failures and mysterious crashes. One of the duplicates must be removed or renamed.
objc[92817]: Class SDL_VideoData is implemented in both /Users/linmuyi/miniconda3/envs/llm_gs/lib/python3.9/site-packages/pygame/.dylibs/libSDL2-2.0.0.dylib (0x10b00d570) and /Users/linmuyi/miniconda3/envs/llm_gs/lib/python3.9/site-packages/cv2/.dylibs/libSDL2-2.0.0.dylib (0x13b9b4b38). This may cause spurious casting failures and mysterious crashes. One of the duplicates must be removed or renamed.
objc[92817]: Class SDL_WindowData is implemented in both /Users/linmuyi/miniconda3/envs/llm_gs/lib/python3.9/site-packages/pygame/.dylibs/libSDL2-2.0.0.dylib (0x10b00d5c0) and /Users/linmuyi/miniconda3/envs/llm_gs/lib/python3.9/site-packages/cv2/.dylibs/libSDL2-2.0.0.dylib (0x13b9b4b88). This may cause spurious casting failures and mysterious crashes. One of the duplicates must be removed or renamed.
objc[92817]: Class SDLWindow is implemented in both /Users/linmuyi/miniconda3/envs/llm_gs/lib/python3.9/site-packages/pygame/.dylibs/libSDL2-2.0.0.dylib (0x10b00d5e8) and /Users/linmuyi/miniconda3/envs/llm_gs/lib/python3.9/site-packages/cv2/.dylibs/libSDL2-2.0.0.dylib (0x13b9b4bb0). This may cause spurious casting failures and mysterious crashes. One of the duplicates must be removed or renamed.
objc[92817]: Class Cocoa_WindowListener is implemented in both /Users/linmuyi/miniconda3/envs/llm_gs/lib/python3.9/site-packages/pygame/.dylibs/libSDL2-2.0.0.dylib (0x10b00d610) and /Users/linmuyi/miniconda3/envs/llm_gs/lib/python3.9/site-packages/cv2/.dylibs/libSDL2-2.0.0.dylib (0x13b9b4bd8). This may cause spurious casting failures and mysterious crashes. One of the duplicates must be removed or renamed.
objc[92817]: Class SDLView is implemented in both /Users/linmuyi/miniconda3/envs/llm_gs/lib/python3.9/site-packages/pygame/.dylibs/libSDL2-2.0.0.dylib (0x10b00d688) and /Users/linmuyi/miniconda3/envs/llm_gs/lib/python3.9/site-packages/cv2/.dylibs/libSDL2-2.0.0.dylib (0x13b9b4c50). This may cause spurious casting failures and mysterious crashes. One of the duplicates must be removed or renamed.
objc[92817]: Class METAL_RenderData is implemented in both /Users/linmuyi/miniconda3/envs/llm_gs/lib/python3.9/site-packages/pygame/.dylibs/libSDL2-2.0.0.dylib (0x10b00d700) and /Users/linmuyi/miniconda3/envs/llm_gs/lib/python3.9/site-packages/cv2/.dylibs/libSDL2-2.0.0.dylib (0x13b9b4cc8). This may cause spurious casting failures and mysterious crashes. One of the duplicates must be removed or renamed.
objc[92817]: Class METAL_TextureData is implemented in both /Users/linmuyi/miniconda3/envs/llm_gs/lib/python3.9/site-packages/pygame/.dylibs/libSDL2-2.0.0.dylib (0x10b00d750) and /Users/linmuyi/miniconda3/envs/llm_gs/lib/python3.9/site-packages/cv2/.dylibs/libSDL2-2.0.0.dylib (0x13b9b4d18). This may cause spurious casting failures and mysterious crashes. One of the duplicates must be removed or renamed.
objc[92817]: Class SDL_RumbleMotor is implemented in both /Users/linmuyi/miniconda3/envs/llm_gs/lib/python3.9/site-packages/pygame/.dylibs/libSDL2-2.0.0.dylib (0x10b00d778) and /Users/linmuyi/miniconda3/envs/llm_gs/lib/python3.9/site-packages/cv2/.dylibs/libSDL2-2.0.0.dylib (0x13b9b4d40). This may cause spurious casting failures and mysterious crashes. One of the duplicates must be removed or renamed.
objc[92817]: Class SDL_RumbleContext is implemented in both /Users/linmuyi/miniconda3/envs/llm_gs/lib/python3.9/site-packages/pygame/.dylibs/libSDL2-2.0.0.dylib (0x10b00d7c8) and /Users/linmuyi/miniconda3/envs/llm_gs/lib/python3.9/site-packages/cv2/.dylibs/libSDL2-2.0.0.dylib (0x13b9b4d90). This may cause spurious casting failures and mysterious crashes. One of the duplicates must be removed or renamed.
  steps=  50000 held=0.00 scoring_steps=6574 (68s)
  steps= 100000 held=0.00 scoring_steps=6574 (129s)
  steps= 150000 held=0.00 scoring_steps=6574 (187s)
  steps= 200000 held=0.00 scoring_steps=6574 (252s)
  steps= 250000 held=0.00 scoring_steps=6574 (312s)
  steps= 300000 held=0.00 scoring_steps=28163 (6165s)
  steps= 350000 held=0.00 scoring_steps=28163 (14933s)
  steps= 400000 held=0.00 scoring_steps=28163 (17087s)
  steps= 450000 held=0.00 scoring_steps=28163 (17152s)
  steps= 500000 held=0.00 scoring_steps=28163 (17223s)
  steps= 550000 held=0.00 scoring_steps=70376 (17328s)
  steps= 600000 held=0.00 scoring_steps=70376 (17393s)
  steps= 650000 held=0.00 scoring_steps=70376 (17449s)
  steps= 700000 held=0.00 scoring_steps=70376 (17497s)
  steps= 750000 held=0.00 scoring_steps=70376 (17574s)
  steps= 800000 held=0.00 scoring_steps=108308 (17644s)
  steps= 850000 held=0.00 scoring_steps=108308 (17690s)
  steps= 900000 held=0.01 scoring_steps=108308 (17759s)
  steps= 950000 held=0.00 scoring_steps=108308 (17813s)
  steps=1000000 held=0.00 scoring_steps=108308 (17912s)
  steps=1050000 held=0.00 scoring_steps=147567 (18008s)
  steps=1100000 held=0.00 scoring_steps=147567 (18093s)
  steps=1150000 held=0.00 scoring_steps=147567 (18175s)
  steps=1200000 held=0.00 scoring_steps=147567 (18222s)
  steps=1250000 held=0.00 scoring_steps=147567 (18269s)
  steps=1300000 held=0.00 scoring_steps=150411 (18314s)
  steps=1350000 held=0.00 scoring_steps=150411 (18362s)
  steps=1400000 held=0.00 scoring_steps=150411 (18405s)
  steps=1450000 held=0.00 scoring_steps=150411 (18473s)
  steps=1500000 held=0.00 scoring_steps=150411 (18558s)
[sfl_small] DONE final=0.00 scoring_steps=150411
