/Users/linmuyi/miniconda3/envs/llm_gs/lib/python3.9/site-packages/pygame/pkgdata.py:25: UserWarning: pkg_resources is deprecated as an API. See https://setuptools.pypa.io/en/latest/pkg_resources.html. The pkg_resources package is slated for removal as early as 2025-11-30. Refrain from using this package or pin to Setuptools<81.
  from pkg_resources import resource_stream, resource_exists
[sfl_grader] held-out=36
objc[71582]: Class SDLApplication is implemented in both /Users/linmuyi/miniconda3/envs/llm_gs/lib/python3.9/site-packages/pygame/.dylibs/libSDL2-2.0.0.dylib (0x11394d2c8) and /Users/linmuyi/miniconda3/envs/llm_gs/lib/python3.9/site-packages/cv2/.dylibs/libSDL2-2.0.0.dylib (0x308124890). This may cause spurious casting failures and mysterious crashes. One of the duplicates must be removed or renamed.
objc[71582]: Class SDLAppDelegate is implemented in both /Users/linmuyi/miniconda3/envs/llm_gs/lib/python3.9/site-packages/pygame/.dylibs/libSDL2-2.0.0.dylib (0x11394d318) and /Users/linmuyi/miniconda3/envs/llm_gs/lib/python3.9/site-packages/cv2/.dylibs/libSDL2-2.0.0.dylib (0x3081248e0). This may cause spurious casting failures and mysterious crashes. One of the duplicates must be removed or renamed.
objc[71582]: Class SDLTranslatorResponder is implemented in both /Users/linmuyi/miniconda3/envs/llm_gs/lib/python3.9/site-packages/pygame/.dylibs/libSDL2-2.0.0.dylib (0x11394d390) and /Users/linmuyi/miniconda3/envs/llm_gs/lib/python3.9/site-packages/cv2/.dylibs/libSDL2-2.0.0.dylib (0x308124958). This may cause spurious casting failures and mysterious crashes. One of the duplicates must be removed or renamed.
objc[71582]: Class SDLMessageBoxPresenter is implemented in both /Users/linmuyi/miniconda3/envs/llm_gs/lib/python3.9/site-packages/pygame/.dylibs/libSDL2-2.0.0.dylib (0x11394d3b8) and /Users/linmuyi/miniconda3/envs/llm_gs/lib/python3.9/site-packages/cv2/.dylibs/libSDL2-2.0.0.dylib (0x308124980). This may cause spurious casting failures and mysterious crashes. One of the duplicates must be removed or renamed.
objc[71582]: Class SDL_cocoametalview is implemented in both /Users/linmuyi/miniconda3/envs/llm_gs/lib/python3.9/site-packages/pygame/.dylibs/libSDL2-2.0.0.dylib (0x11394d408) and /Users/linmuyi/miniconda3/envs/llm_gs/lib/python3.9/site-packages/cv2/.dylibs/libSDL2-2.0.0.dylib (0x3081249d0). This may cause spurious casting failures and mysterious crashes. One of the duplicates must be removed or renamed.
objc[71582]: Class SDLOpenGLContext is implemented in both /Users/linmuyi/miniconda3/envs/llm_gs/lib/python3.9/site-packages/pygame/.dylibs/libSDL2-2.0.0.dylib (0x11394d458) and /Users/linmuyi/miniconda3/envs/llm_gs/lib/python3.9/site-packages/cv2/.dylibs/libSDL2-2.0.0.dylib (0x308124a20). This may cause spurious casting failures and mysterious crashes. One of the duplicates must be removed or renamed.
objc[71582]: Class SDL_ShapeData is implemented in both /Users/linmuyi/miniconda3/envs/llm_gs/lib/python3.9/site-packages/pygame/.dylibs/libSDL2-2.0.0.dylib (0x11394d4d0) and /Users/linmuyi/miniconda3/envs/llm_gs/lib/python3.9/site-packages/cv2/.dylibs/libSDL2-2.0.0.dylib (0x308124a98). This may cause spurious casting failures and mysterious crashes. One of the duplicates must be removed or renamed.
objc[71582]: Class SDL_CocoaClosure is implemented in both /Users/linmuyi/miniconda3/envs/llm_gs/lib/python3.9/site-packages/pygame/.dylibs/libSDL2-2.0.0.dylib (0x11394d520) and /Users/linmuyi/miniconda3/envs/llm_gs/lib/python3.9/site-packages/cv2/.dylibs/libSDL2-2.0.0.dylib (0x308124ae8). This may cause spurious casting failures and mysterious crashes. One of the duplicates must be removed or renamed.
objc[71582]: Class SDL_VideoData is implemented in both /Users/linmuyi/miniconda3/envs/llm_gs/lib/python3.9/site-packages/pygame/.dylibs/libSDL2-2.0.0.dylib (0x11394d570) and /Users/linmuyi/miniconda3/envs/llm_gs/lib/python3.9/site-packages/cv2/.dylibs/libSDL2-2.0.0.dylib (0x308124b38). This may cause spurious casting failures and mysterious crashes. One of the duplicates must be removed or renamed.
objc[71582]: Class SDL_WindowData is implemented in both /Users/linmuyi/miniconda3/envs/llm_gs/lib/python3.9/site-packages/pygame/.dylibs/libSDL2-2.0.0.dylib (0x11394d5c0) and /Users/linmuyi/miniconda3/envs/llm_gs/lib/python3.9/site-packages/cv2/.dylibs/libSDL2-2.0.0.dylib (0x308124b88). This may cause spurious casting failures and mysterious crashes. One of the duplicates must be removed or renamed.
objc[71582]: Class SDLWindow is implemented in both /Users/linmuyi/miniconda3/envs/llm_gs/lib/python3.9/site-packages/pygame/.dylibs/libSDL2-2.0.0.dylib (0x11394d5e8) and /Users/linmuyi/miniconda3/envs/llm_gs/lib/python3.9/site-packages/cv2/.dylibs/libSDL2-2.0.0.dylib (0x308124bb0). This may cause spurious casting failures and mysterious crashes. One of the duplicates must be removed or renamed.
objc[71582]: Class Cocoa_WindowListener is implemented in both /Users/linmuyi/miniconda3/envs/llm_gs/lib/python3.9/site-packages/pygame/.dylibs/libSDL2-2.0.0.dylib (0x11394d610) and /Users/linmuyi/miniconda3/envs/llm_gs/lib/python3.9/site-packages/cv2/.dylibs/libSDL2-2.0.0.dylib (0x308124bd8). This may cause spurious casting failures and mysterious crashes. One of the duplicates must be removed or renamed.
objc[71582]: Class SDLView is implemented in both /Users/linmuyi/miniconda3/envs/llm_gs/lib/python3.9/site-packages/pygame/.dylibs/libSDL2-2.0.0.dylib (0x11394d688) and /Users/linmuyi/miniconda3/envs/llm_gs/lib/python3.9/site-packages/cv2/.dylibs/libSDL2-2.0.0.dylib (0x308124c50). This may cause spurious casting failures and mysterious crashes. One of the duplicates must be removed or renamed.
objc[71582]: Class METAL_RenderData is implemented in both /Users/linmuyi/miniconda3/envs/llm_gs/lib/python3.9/site-packages/pygame/.dylibs/libSDL2-2.0.0.dylib (0x11394d700) and /Users/linmuyi/miniconda3/envs/llm_gs/lib/python3.9/site-packages/cv2/.dylibs/libSDL2-2.0.0.dylib (0x308124cc8). This may cause spurious casting failures and mysterious crashes. One of the duplicates must be removed or renamed.
objc[71582]: Class METAL_TextureData is implemented in both /Users/linmuyi/miniconda3/envs/llm_gs/lib/python3.9/site-packages/pygame/.dylibs/libSDL2-2.0.0.dylib (0x11394d750) and /Users/linmuyi/miniconda3/envs/llm_gs/lib/python3.9/site-packages/cv2/.dylibs/libSDL2-2.0.0.dylib (0x308124d18). This may cause spurious casting failures and mysterious crashes. One of the duplicates must be removed or renamed.
objc[71582]: Class SDL_RumbleMotor is implemented in both /Users/linmuyi/miniconda3/envs/llm_gs/lib/python3.9/site-packages/pygame/.dylibs/libSDL2-2.0.0.dylib (0x11394d778) and /Users/linmuyi/miniconda3/envs/llm_gs/lib/python3.9/site-packages/cv2/.dylibs/libSDL2-2.0.0.dylib (0x308124d40). This may cause spurious casting failures and mysterious crashes. One of the duplicates must be removed or renamed.
objc[71582]: Class SDL_RumbleContext is implemented in both /Users/linmuyi/miniconda3/envs/llm_gs/lib/python3.9/site-packages/pygame/.dylibs/libSDL2-2.0.0.dylib (0x11394d7c8) and /Users/linmuyi/miniconda3/envs/llm_gs/lib/python3.9/site-packages/cv2/.dylibs/libSDL2-2.0.0.dylib (0x308124d90). This may cause spurious casting failures and mysterious crashes. One of the duplicates must be removed or renamed.
  steps=  50000 held=0.00 scoring_steps=6733 (41s)
  steps= 100000 held=0.00 scoring_steps=6733 (67s)
  steps= 150000 held=0.00 scoring_steps=6733 (92s)
  steps= 200000 held=0.00 scoring_steps=6733 (117s)
  steps= 250000 held=0.00 scoring_steps=6733 (143s)
  steps= 300000 held=0.00 scoring_steps=7447 (172s)
  steps= 350000 held=0.00 scoring_steps=7447 (201s)
  steps= 400000 held=0.00 scoring_steps=7447 (227s)
  steps= 450000 held=0.00 scoring_steps=7447 (257s)
  steps= 500000 held=0.00 scoring_steps=7447 (291s)
  steps= 550000 held=0.00 scoring_steps=21528 (328s)
  steps= 600000 held=0.00 scoring_steps=21528 (363s)
  steps= 650000 held=0.01 scoring_steps=21528 (402s)
  steps= 700000 held=0.04 scoring_steps=21528 (446s)
  steps= 750000 held=0.23 scoring_steps=21528 (485s)
  steps= 800000 held=0.22 scoring_steps=56227 (540s)
  steps= 850000 held=0.08 scoring_steps=56227 (590s)
  steps= 900000 held=0.19 scoring_steps=56227 (639s)
  steps= 950000 held=0.00 scoring_steps=56227 (692s)
  steps=1000000 held=0.01 scoring_steps=56227 (740s)
  steps=1050000 held=0.03 scoring_steps=101538 (801s)
  steps=1100000 held=0.29 scoring_steps=101538 (845s)
  steps=1150000 held=0.16 scoring_steps=101538 (888s)
  steps=1200000 held=0.40 scoring_steps=101538 (934s)
  steps=1250000 held=0.54 scoring_steps=101538 (977s)
  steps=1300000 held=0.69 scoring_steps=127092 (1026s)
  steps=1350000 held=0.52 scoring_steps=127092 (1067s)
  steps=1400000 held=0.50 scoring_steps=127092 (1109s)
  steps=1450000 held=0.62 scoring_steps=127092 (1150s)
  steps=1500000 held=0.68 scoring_steps=127092 (1187s)
[sfl_grader] DONE final=0.68 scoring_steps=127092
