/Users/linmuyi/miniconda3/envs/llm_gs/lib/python3.9/site-packages/pygame/pkgdata.py:25: UserWarning: pkg_resources is deprecated as an API. See https://setuptools.pypa.io/en/latest/pkg_resources.html. The pkg_resources package is slated for removal as early as 2025-11-30. Refrain from using this package or pin to Setuptools<81.
  from pkg_resources import resource_stream, resource_exists
[sfl_grader] held-out=36
objc[73832]: Class SDLApplication is implemented in both /Users/linmuyi/miniconda3/envs/llm_gs/lib/python3.9/site-packages/pygame/.dylibs/libSDL2-2.0.0.dylib (0x106b552c8) and /Users/linmuyi/miniconda3/envs/llm_gs/lib/python3.9/site-packages/cv2/.dylibs/libSDL2-2.0.0.dylib (0x31e5c0890). This may cause spurious casting failures and mysterious crashes. One of the duplicates must be removed or renamed.
objc[73832]: Class SDLAppDelegate is implemented in both /Users/linmuyi/miniconda3/envs/llm_gs/lib/python3.9/site-packages/pygame/.dylibs/libSDL2-2.0.0.dylib (0x106b55318) and /Users/linmuyi/miniconda3/envs/llm_gs/lib/python3.9/site-packages/cv2/.dylibs/libSDL2-2.0.0.dylib (0x31e5c08e0). This may cause spurious casting failures and mysterious crashes. One of the duplicates must be removed or renamed.
objc[73832]: Class SDLTranslatorResponder is implemented in both /Users/linmuyi/miniconda3/envs/llm_gs/lib/python3.9/site-packages/pygame/.dylibs/libSDL2-2.0.0.dylib (0x106b55390) and /Users/linmuyi/miniconda3/envs/llm_gs/lib/python3.9/site-packages/cv2/.dylibs/libSDL2-2.0.0.dylib (0x31e5c0958). This may cause spurious casting failures and mysterious crashes. One of the duplicates must be removed or renamed.
objc[73832]: Class SDLMessageBoxPresenter is implemented in both /Users/linmuyi/miniconda3/envs/llm_gs/lib/python3.9/site-packages/pygame/.dylibs/libSDL2-2.0.0.dylib (0x106b553b8) and /Users/linmuyi/miniconda3/envs/llm_gs/lib/python3.9/site-packages/cv2/.dylibs/libSDL2-2.0.0.dylib (0x31e5c0980). This may cause spurious casting failures and mysterious crashes. One of the duplicates must be removed or renamed.
objc[73832]: Class SDL_cocoametalview is implemented in both /Users/linmuyi/miniconda3/envs/llm_gs/lib/python3.9/site-packages/pygame/.dylibs/libSDL2-2.0.0.dylib (0x106b55408) and /Users/linmuyi/miniconda3/envs/llm_gs/lib/python3.9/site-packages/cv2/.dylibs/libSDL2-2.0.0.dylib (0x31e5c09d0). This may cause spurious casting failures and mysterious crashes. One of the duplicates must be removed or renamed.
objc[73832]: Class SDLOpenGLContext is implemented in both /Users/linmuyi/miniconda3/envs/llm_gs/lib/python3.9/site-packages/pygame/.dylibs/libSDL2-2.0.0.dylib (0x106b55458) and /Users/linmuyi/miniconda3/envs/llm_gs/lib/python3.9/site-packages/cv2/.dylibs/libSDL2-2.0.0.dylib (0x31e5c0a20). This may cause spurious casting failures and mysterious crashes. One of the duplicates must be removed or renamed.
objc[73832]: Class SDL_ShapeData is implemented in both /Users/linmuyi/miniconda3/envs/llm_gs/lib/python3.9/site-packages/pygame/.dylibs/libSDL2-2.0.0.dylib (0x106b554d0) and /Users/linmuyi/miniconda3/envs/llm_gs/lib/python3.9/site-packages/cv2/.dylibs/libSDL2-2.0.0.dylib (0x31e5c0a98). This may cause spurious casting failures and mysterious crashes. One of the duplicates must be removed or renamed.
objc[73832]: Class SDL_CocoaClosure is implemented in both /Users/linmuyi/miniconda3/envs/llm_gs/lib/python3.9/site-packages/pygame/.dylibs/libSDL2-2.0.0.dylib (0x106b55520) and /Users/linmuyi/miniconda3/envs/llm_gs/lib/python3.9/site-packages/cv2/.dylibs/libSDL2-2.0.0.dylib (0x31e5c0ae8). This may cause spurious casting failures and mysterious crashes. One of the duplicates must be removed or renamed.
objc[73832]: Class SDL_VideoData is implemented in both /Users/linmuyi/miniconda3/envs/llm_gs/lib/python3.9/site-packages/pygame/.dylibs/libSDL2-2.0.0.dylib (0x106b55570) and /Users/linmuyi/miniconda3/envs/llm_gs/lib/python3.9/site-packages/cv2/.dylibs/libSDL2-2.0.0.dylib (0x31e5c0b38). This may cause spurious casting failures and mysterious crashes. One of the duplicates must be removed or renamed.
objc[73832]: Class SDL_WindowData is implemented in both /Users/linmuyi/miniconda3/envs/llm_gs/lib/python3.9/site-packages/pygame/.dylibs/libSDL2-2.0.0.dylib (0x106b555c0) and /Users/linmuyi/miniconda3/envs/llm_gs/lib/python3.9/site-packages/cv2/.dylibs/libSDL2-2.0.0.dylib (0x31e5c0b88). This may cause spurious casting failures and mysterious crashes. One of the duplicates must be removed or renamed.
objc[73832]: Class SDLWindow is implemented in both /Users/linmuyi/miniconda3/envs/llm_gs/lib/python3.9/site-packages/pygame/.dylibs/libSDL2-2.0.0.dylib (0x106b555e8) and /Users/linmuyi/miniconda3/envs/llm_gs/lib/python3.9/site-packages/cv2/.dylibs/libSDL2-2.0.0.dylib (0x31e5c0bb0). This may cause spurious casting failures and mysterious crashes. One of the duplicates must be removed or renamed.
objc[73832]: Class Cocoa_WindowListener is implemented in both /Users/linmuyi/miniconda3/envs/llm_gs/lib/python3.9/site-packages/pygame/.dylibs/libSDL2-2.0.0.dylib (0x106b55610) and /Users/linmuyi/miniconda3/envs/llm_gs/lib/python3.9/site-packages/cv2/.dylibs/libSDL2-2.0.0.dylib (0x31e5c0bd8). This may cause spurious casting failures and mysterious crashes. One of the duplicates must be removed or renamed.
objc[73832]: Class SDLView is implemented in both /Users/linmuyi/miniconda3/envs/llm_gs/lib/python3.9/site-packages/pygame/.dylibs/libSDL2-2.0.0.dylib (0x106b55688) and /Users/linmuyi/miniconda3/envs/llm_gs/lib/python3.9/site-packages/cv2/.dylibs/libSDL2-2.0.0.dylib (0x31e5c0c50). This may cause spurious casting failures and mysterious crashes. One of the duplicates must be removed or renamed.
objc[73832]: Class METAL_RenderData is implemented in both /Users/linmuyi/miniconda3/envs/llm_gs/lib/python3.9/site-packages/pygame/.dylibs/libSDL2-2.0.0.dylib (0x106b55700) and /Users/linmuyi/miniconda3/envs/llm_gs/lib/python3.9/site-packages/cv2/.dylibs/libSDL2-2.0.0.dylib (0x31e5c0cc8). This may cause spurious casting failures and mysterious crashes. One of the duplicates must be removed or renamed.
objc[73832]: Class METAL_TextureData is implemented in both /Users/linmuyi/miniconda3/envs/llm_gs/lib/python3.9/site-packages/pygame/.dylibs/libSDL2-2.0.0.dylib (0x106b55750) and /Users/linmuyi/miniconda3/envs/llm_gs/lib/python3.9/site-packages/cv2/.dylibs/libSDL2-2.0.0.dylib (0x31e5c0d18). This may cause spurious casting failures and mysterious crashes. One of the duplicates must be removed or renamed.
objc[73832]: Class SDL_RumbleMotor is implemented in both /Users/linmuyi/miniconda3/envs/llm_gs/lib/python3.9/site-packages/pygame/.dylibs/libSDL2-2.0.0.dylib (0x106b55778) and /Users/linmuyi/miniconda3/envs/llm_gs/lib/python3.9/site-packages/cv2/.dylibs/libSDL2-2.0.0.dylib (0x31e5c0d40). This may cause spurious casting failures and mysterious crashes. One of the duplicates must be removed or renamed.
objc[73832]: Class SDL_RumbleContext is implemented in both /Users/linmuyi/miniconda3/envs/llm_gs/lib/python3.9/site-packages/pygame/.dylibs/libSDL2-2.0.0.dylib (0x106b557c8) and /Users/linmuyi/miniconda3/envs/llm_gs/lib/python3.9/site-packages/cv2/.dylibs/libSDL2-2.0.0.dylib (0x31e5c0d90). This may cause spurious casting failures and mysterious crashes. One of the duplicates must be removed or renamed.
  steps=  50000 held=0.00 scoring_steps=5618 (73s)
  steps= 100000 held=0.00 scoring_steps=5618 (144s)
  steps= 150000 held=0.00 scoring_steps=5618 (221s)
  steps= 200000 held=0.00 scoring_steps=5618 (341s)
  steps= 250000 held=0.00 scoring_steps=5618 (441s)
  steps= 300000 held=0.00 scoring_steps=46748 (517s)
  steps= 350000 held=0.00 scoring_steps=46748 (657s)
  steps= 400000 held=0.00 scoring_steps=46748 (807s)
  steps= 450000 held=0.00 scoring_steps=46748 (917s)
  steps= 500000 held=0.02 scoring_steps=46748 (1056s)
  steps= 550000 held=0.01 scoring_steps=87205 (1210s)
  steps= 600000 held=0.00 scoring_steps=87205 (1312s)
  steps= 650000 held=0.00 scoring_steps=87205 (1408s)
  steps= 700000 held=0.00 scoring_steps=87205 (1519s)
  steps= 750000 held=0.00 scoring_steps=87205 (1613s)
  steps= 800000 held=0.00 scoring_steps=126635 (1725s)
  steps= 850000 held=0.00 scoring_steps=126635 (1799s)
  steps= 900000 held=0.00 scoring_steps=126635 (1872s)
  steps= 950000 held=0.00 scoring_steps=126635 (1955s)
  steps=1000000 held=0.01 scoring_steps=126635 (2037s)
  steps=1050000 held=0.00 scoring_steps=181866 (2148s)
  steps=1100000 held=0.00 scoring_steps=181866 (2225s)
  steps=1150000 held=0.00 scoring_steps=181866 (2303s)
  steps=1200000 held=0.00 scoring_steps=181866 (2377s)
  steps=1250000 held=0.11 scoring_steps=181866 (2437s)
  steps=1300000 held=0.17 scoring_steps=201408 (2515s)
  steps=1350000 held=0.03 scoring_steps=201408 (2600s)
  steps=1400000 held=0.03 scoring_steps=201408 (2682s)
  steps=1450000 held=0.47 scoring_steps=201408 (2744s)
  steps=1500000 held=0.31 scoring_steps=201408 (2816s)
[sfl_grader] DONE final=0.31 scoring_steps=201408
