/Users/linmuyi/miniconda3/envs/llm_gs/lib/python3.9/site-packages/pygame/pkgdata.py:25: UserWarning: pkg_resources is deprecated as an API. See https://setuptools.pypa.io/en/latest/pkg_resources.html. The pkg_resources package is slated for removal as early as 2025-11-30. Refrain from using this package or pin to Setuptools<81.
  from pkg_resources import resource_stream, resource_exists
[sfl_small] held-out=36
objc[2697]: Class SDLApplication is implemented in both /Users/linmuyi/miniconda3/envs/llm_gs/lib/python3.9/site-packages/pygame/.dylibs/libSDL2-2.0.0.dylib (0x11d5f92c8) and /Users/linmuyi/miniconda3/envs/llm_gs/lib/python3.9/site-packages/cv2/.dylibs/libSDL2-2.0.0.dylib (0x319a30890). This may cause spurious casting failures and mysterious crashes. One of the duplicates must be removed or renamed.
objc[2697]: Class SDLAppDelegate is implemented in both /Users/linmuyi/miniconda3/envs/llm_gs/lib/python3.9/site-packages/pygame/.dylibs/libSDL2-2.0.0.dylib (0x11d5f9318) and /Users/linmuyi/miniconda3/envs/llm_gs/lib/python3.9/site-packages/cv2/.dylibs/libSDL2-2.0.0.dylib (0x319a308e0). This may cause spurious casting failures and mysterious crashes. One of the duplicates must be removed or renamed.
objc[2697]: Class SDLTranslatorResponder is implemented in both /Users/linmuyi/miniconda3/envs/llm_gs/lib/python3.9/site-packages/pygame/.dylibs/libSDL2-2.0.0.dylib (0x11d5f9390) and /Users/linmuyi/miniconda3/envs/llm_gs/lib/python3.9/site-packages/cv2/.dylibs/libSDL2-2.0.0.dylib (0x319a30958). This may cause spurious casting failures and mysterious crashes. One of the duplicates must be removed or renamed.
objc[2697]: Class SDLMessageBoxPresenter is implemented in both /Users/linmuyi/miniconda3/envs/llm_gs/lib/python3.9/site-packages/pygame/.dylibs/libSDL2-2.0.0.dylib (0x11d5f93b8) and /Users/linmuyi/miniconda3/envs/llm_gs/lib/python3.9/site-packages/cv2/.dylibs/libSDL2-2.0.0.dylib (0x319a30980). This may cause spurious casting failures and mysterious crashes. One of the duplicates must be removed or renamed.
objc[2697]: Class SDL_cocoametalview is implemented in both /Users/linmuyi/miniconda3/envs/llm_gs/lib/python3.9/site-packages/pygame/.dylibs/libSDL2-2.0.0.dylib (0x11d5f9408) and /Users/linmuyi/miniconda3/envs/llm_gs/lib/python3.9/site-packages/cv2/.dylibs/libSDL2-2.0.0.dylib (0x319a309d0). This may cause spurious casting failures and mysterious crashes. One of the duplicates must be removed or renamed.
objc[2697]: Class SDLOpenGLContext is implemented in both /Users/linmuyi/miniconda3/envs/llm_gs/lib/python3.9/site-packages/pygame/.dylibs/libSDL2-2.0.0.dylib (0x11d5f9458) and /Users/linmuyi/miniconda3/envs/llm_gs/lib/python3.9/site-packages/cv2/.dylibs/libSDL2-2.0.0.dylib (0x319a30a20). This may cause spurious casting failures and mysterious crashes. One of the duplicates must be removed or renamed.
objc[2697]: Class SDL_ShapeData is implemented in both /Users/linmuyi/miniconda3/envs/llm_gs/lib/python3.9/site-packages/pygame/.dylibs/libSDL2-2.0.0.dylib (0x11d5f94d0) and /Users/linmuyi/miniconda3/envs/llm_gs/lib/python3.9/site-packages/cv2/.dylibs/libSDL2-2.0.0.dylib (0x319a30a98). This may cause spurious casting failures and mysterious crashes. One of the duplicates must be removed or renamed.
objc[2697]: Class SDL_CocoaClosure is implemented in both /Users/linmuyi/miniconda3/envs/llm_gs/lib/python3.9/site-packages/pygame/.dylibs/libSDL2-2.0.0.dylib (0x11d5f9520) and /Users/linmuyi/miniconda3/envs/llm_gs/lib/python3.9/site-packages/cv2/.dylibs/libSDL2-2.0.0.dylib (0x319a30ae8). This may cause spurious casting failures and mysterious crashes. One of the duplicates must be removed or renamed.
objc[2697]: Class SDL_VideoData is implemented in both /Users/linmuyi/miniconda3/envs/llm_gs/lib/python3.9/site-packages/pygame/.dylibs/libSDL2-2.0.0.dylib (0x11d5f9570) and /Users/linmuyi/miniconda3/envs/llm_gs/lib/python3.9/site-packages/cv2/.dylibs/libSDL2-2.0.0.dylib (0x319a30b38). This may cause spurious casting failures and mysterious crashes. One of the duplicates must be removed or renamed.
objc[2697]: Class SDL_WindowData is implemented in both /Users/linmuyi/miniconda3/envs/llm_gs/lib/python3.9/site-packages/pygame/.dylibs/libSDL2-2.0.0.dylib (0x11d5f95c0) and /Users/linmuyi/miniconda3/envs/llm_gs/lib/python3.9/site-packages/cv2/.dylibs/libSDL2-2.0.0.dylib (0x319a30b88). This may cause spurious casting failures and mysterious crashes. One of the duplicates must be removed or renamed.
objc[2697]: Class SDLWindow is implemented in both /Users/linmuyi/miniconda3/envs/llm_gs/lib/python3.9/site-packages/pygame/.dylibs/libSDL2-2.0.0.dylib (0x11d5f95e8) and /Users/linmuyi/miniconda3/envs/llm_gs/lib/python3.9/site-packages/cv2/.dylibs/libSDL2-2.0.0.dylib (0x319a30bb0). This may cause spurious casting failures and mysterious crashes. One of the duplicates must be removed or renamed.
objc[2697]: Class Cocoa_WindowListener is implemented in both /Users/linmuyi/miniconda3/envs/llm_gs/lib/python3.9/site-packages/pygame/.dylibs/libSDL2-2.0.0.dylib (0x11d5f9610) and /Users/linmuyi/miniconda3/envs/llm_gs/lib/python3.9/site-packages/cv2/.dylibs/libSDL2-2.0.0.dylib (0x319a30bd8). This may cause spurious casting failures and mysterious crashes. One of the duplicates must be removed or renamed.
objc[2697]: Class SDLView is implemented in both /Users/linmuyi/miniconda3/envs/llm_gs/lib/python3.9/site-packages/pygame/.dylibs/libSDL2-2.0.0.dylib (0x11d5f9688) and /Users/linmuyi/miniconda3/envs/llm_gs/lib/python3.9/site-packages/cv2/.dylibs/libSDL2-2.0.0.dylib (0x319a30c50). This may cause spurious casting failures and mysterious crashes. One of the duplicates must be removed or renamed.
objc[2697]: Class METAL_RenderData is implemented in both /Users/linmuyi/miniconda3/envs/llm_gs/lib/python3.9/site-packages/pygame/.dylibs/libSDL2-2.0.0.dylib (0x11d5f9700) and /Users/linmuyi/miniconda3/envs/llm_gs/lib/python3.9/site-packages/cv2/.dylibs/libSDL2-2.0.0.dylib (0x319a30cc8). This may cause spurious casting failures and mysterious crashes. One of the duplicates must be removed or renamed.
objc[2697]: Class METAL_TextureData is implemented in both /Users/linmuyi/miniconda3/envs/llm_gs/lib/python3.9/site-packages/pygame/.dylibs/libSDL2-2.0.0.dylib (0x11d5f9750) and /Users/linmuyi/miniconda3/envs/llm_gs/lib/python3.9/site-packages/cv2/.dylibs/libSDL2-2.0.0.dylib (0x319a30d18). This may cause spurious casting failures and mysterious crashes. One of the duplicates must be removed or renamed.
objc[2697]: Class SDL_RumbleMotor is implemented in both /Users/linmuyi/miniconda3/envs/llm_gs/lib/python3.9/site-packages/pygame/.dylibs/libSDL2-2.0.0.dylib (0x11d5f9778) and /Users/linmuyi/miniconda3/envs/llm_gs/lib/python3.9/site-packages/cv2/.dylibs/libSDL2-2.0.0.dylib (0x319a30d40). This may cause spurious casting failures and mysterious crashes. One of the duplicates must be removed or renamed.
objc[2697]: Class SDL_RumbleContext is implemented in both /Users/linmuyi/miniconda3/envs/llm_gs/lib/python3.9/site-packages/pygame/.dylibs/libSDL2-2.0.0.dylib (0x11d5f97c8) and /Users/linmuyi/miniconda3/envs/llm_gs/lib/python3.9/site-packages/cv2/.dylibs/libSDL2-2.0.0.dylib (0x319a30d90). This may cause spurious casting failures and mysterious crashes. One of the duplicates must be removed or renamed.
  steps=  50000 held=0.01 scoring_steps=7128 (55s)
  steps= 100000 held=0.00 scoring_steps=7128 (114s)
  steps= 150000 held=0.00 scoring_steps=7128 (174s)
  steps= 200000 held=0.01 scoring_steps=7128 (250s)
  steps= 250000 held=0.00 scoring_steps=7128 (314s)
  steps= 300000 held=0.01 scoring_steps=29215 (410s)
  steps= 350000 held=0.00 scoring_steps=29215 (505s)
  steps= 400000 held=0.00 scoring_steps=29215 (605s)
  steps= 450000 held=0.00 scoring_steps=29215 (703s)
  steps= 500000 held=0.00 scoring_steps=29215 (785s)
  steps= 550000 held=0.00 scoring_steps=37033 (877s)
  steps= 600000 held=0.01 scoring_steps=37033 (937s)
  steps= 650000 held=0.00 scoring_steps=37033 (1015s)
  steps= 700000 held=0.00 scoring_steps=37033 (1089s)
  steps= 750000 held=0.00 scoring_steps=37033 (1171s)
  steps= 800000 held=0.00 scoring_steps=85614 (1269s)
  steps= 850000 held=0.00 scoring_steps=85614 (1352s)
  steps= 900000 held=0.00 scoring_steps=85614 (1435s)
  steps= 950000 held=0.00 scoring_steps=85614 (1520s)
  steps=1000000 held=0.00 scoring_steps=85614 (1605s)
  steps=1050000 held=0.00 scoring_steps=131696 (1705s)
  steps=1100000 held=0.00 scoring_steps=131696 (1768s)
  steps=1150000 held=0.00 scoring_steps=131696 (1820s)
  steps=1200000 held=0.00 scoring_steps=131696 (1872s)
  steps=1250000 held=0.00 scoring_steps=131696 (1918s)
  steps=1300000 held=0.00 scoring_steps=172880 (1973s)
  steps=1350000 held=0.00 scoring_steps=172880 (2017s)
  steps=1400000 held=0.00 scoring_steps=172880 (2063s)
  steps=1450000 held=0.00 scoring_steps=172880 (2107s)
  steps=1500000 held=0.00 scoring_steps=172880 (2147s)
[sfl_small] DONE final=0.00 scoring_steps=172880
