/Users/linmuyi/miniconda3/envs/llm_gs/lib/python3.9/site-packages/pygame/pkgdata.py:25: UserWarning: pkg_resources is deprecated as an API. See https://setuptools.pypa.io/en/latest/pkg_resources.html. The pkg_resources package is slated for removal as early as 2025-11-30. Refrain from using this package or pin to Setuptools<81.
  from pkg_resources import resource_stream, resource_exists
[sfl] held-out=36
objc[56700]: Class SDLApplication is implemented in both /Users/linmuyi/miniconda3/envs/llm_gs/lib/python3.9/site-packages/pygame/.dylibs/libSDL2-2.0.0.dylib (0x10ab452c8) and /Users/linmuyi/miniconda3/envs/llm_gs/lib/python3.9/site-packages/cv2/.dylibs/libSDL2-2.0.0.dylib (0x13b790890). This may cause spurious casting failures and mysterious crashes. One of the duplicates must be removed or renamed.
objc[56700]: Class SDLAppDelegate is implemented in both /Users/linmuyi/miniconda3/envs/llm_gs/lib/python3.9/site-packages/pygame/.dylibs/libSDL2-2.0.0.dylib (0x10ab45318) and /Users/linmuyi/miniconda3/envs/llm_gs/lib/python3.9/site-packages/cv2/.dylibs/libSDL2-2.0.0.dylib (0x13b7908e0). This may cause spurious casting failures and mysterious crashes. One of the duplicates must be removed or renamed.
objc[56700]: Class SDLTranslatorResponder is implemented in both /Users/linmuyi/miniconda3/envs/llm_gs/lib/python3.9/site-packages/pygame/.dylibs/libSDL2-2.0.0.dylib (0x10ab45390) and /Users/linmuyi/miniconda3/envs/llm_gs/lib/python3.9/site-packages/cv2/.dylibs/libSDL2-2.0.0.dylib (0x13b790958). This may cause spurious casting failures and mysterious crashes. One of the duplicates must be removed or renamed.
objc[56700]: Class SDLMessageBoxPresenter is implemented in both /Users/linmuyi/miniconda3/envs/llm_gs/lib/python3.9/site-packages/pygame/.dylibs/libSDL2-2.0.0.dylib (0x10ab453b8) and /Users/linmuyi/miniconda3/envs/llm_gs/lib/python3.9/site-packages/cv2/.dylibs/libSDL2-2.0.0.dylib (0x13b790980). This may cause spurious casting failures and mysterious crashes. One of the duplicates must be removed or renamed.
objc[56700]: Class SDL_cocoametalview is implemented in both /Users/linmuyi/miniconda3/envs/llm_gs/lib/python3.9/site-packages/pygame/.dylibs/libSDL2-2.0.0.dylib (0x10ab45408) and /Users/linmuyi/miniconda3/envs/llm_gs/lib/python3.9/site-packages/cv2/.dylibs/libSDL2-2.0.0.dylib (0x13b7909d0). This may cause spurious casting failures and mysterious crashes. One of the duplicates must be removed or renamed.
objc[56700]: Class SDLOpenGLContext is implemented in both /Users/linmuyi/miniconda3/envs/llm_gs/lib/python3.9/site-packages/pygame/.dylibs/libSDL2-2.0.0.dylib (0x10ab45458) and /Users/linmuyi/miniconda3/envs/llm_gs/lib/python3.9/site-packages/cv2/.dylibs/libSDL2-2.0.0.dylib (0x13b790a20). This may cause spurious casting failures and mysterious crashes. One of the duplicates must be removed or renamed.
objc[56700]: Class SDL_ShapeData is implemented in both /Users/linmuyi/miniconda3/envs/llm_gs/lib/python3.9/site-packages/pygame/.dylibs/libSDL2-2.0.0.dylib (0x10ab454d0) and /Users/linmuyi/miniconda3/envs/llm_gs/lib/python3.9/site-packages/cv2/.dylibs/libSDL2-2.0.0.dylib (0x13b790a98). This may cause spurious casting failures and mysterious crashes. One of the duplicates must be removed or renamed.
objc[56700]: Class SDL_CocoaClosure is implemented in both /Users/linmuyi/miniconda3/envs/llm_gs/lib/python3.9/site-packages/pygame/.dylibs/libSDL2-2.0.0.dylib (0x10ab45520) and /Users/linmuyi/miniconda3/envs/llm_gs/lib/python3.9/site-packages/cv2/.dylibs/libSDL2-2.0.0.dylib (0x13b790ae8). This may cause spurious casting failures and mysterious crashes. One of the duplicates must be removed or renamed.
objc[56700]: Class SDL_VideoData is implemented in both /Users/linmuyi/miniconda3/envs/llm_gs/lib/python3.9/site-packages/pygame/.dylibs/libSDL2-2.0.0.dylib (0x10ab45570) and /Users/linmuyi/miniconda3/envs/llm_gs/lib/python3.9/site-packages/cv2/.dylibs/libSDL2-2.0.0.dylib (0x13b790b38). This may cause spurious casting failures and mysterious crashes. One of the duplicates must be removed or renamed.
objc[56700]: Class SDL_WindowData is implemented in both /Users/linmuyi/miniconda3/envs/llm_gs/lib/python3.9/site-packages/pygame/.dylibs/libSDL2-2.0.0.dylib (0x10ab455c0) and /Users/linmuyi/miniconda3/envs/llm_gs/lib/python3.9/site-packages/cv2/.dylibs/libSDL2-2.0.0.dylib (0x13b790b88). This may cause spurious casting failures and mysterious crashes. One of the duplicates must be removed or renamed.
objc[56700]: Class SDLWindow is implemented in both /Users/linmuyi/miniconda3/envs/llm_gs/lib/python3.9/site-packages/pygame/.dylibs/libSDL2-2.0.0.dylib (0x10ab455e8) and /Users/linmuyi/miniconda3/envs/llm_gs/lib/python3.9/site-packages/cv2/.dylibs/libSDL2-2.0.0.dylib (0x13b790bb0). This may cause spurious casting failures and mysterious crashes. One of the duplicates must be removed or renamed.
objc[56700]: Class Cocoa_WindowListener is implemented in both /Users/linmuyi/miniconda3/envs/llm_gs/lib/python3.9/site-packages/pygame/.dylibs/libSDL2-2.0.0.dylib (0x10ab45610) and /Users/linmuyi/miniconda3/envs/llm_gs/lib/python3.9/site-packages/cv2/.dylibs/libSDL2-2.0.0.dylib (0x13b790bd8). This may cause spurious casting failures and mysterious crashes. One of the duplicates must be removed or renamed.
objc[56700]: Class SDLView is implemented in both /Users/linmuyi/miniconda3/envs/llm_gs/lib/python3.9/site-packages/pygame/.dylibs/libSDL2-2.0.0.dylib (0x10ab45688) and /Users/linmuyi/miniconda3/envs/llm_gs/lib/python3.9/site-packages/cv2/.dylibs/libSDL2-2.0.0.dylib (0x13b790c50). This may cause spurious casting failures and mysterious crashes. One of the duplicates must be removed or renamed.
objc[56700]: Class METAL_RenderData is implemented in both /Users/linmuyi/miniconda3/envs/llm_gs/lib/python3.9/site-packages/pygame/.dylibs/libSDL2-2.0.0.dylib (0x10ab45700) and /Users/linmuyi/miniconda3/envs/llm_gs/lib/python3.9/site-packages/cv2/.dylibs/libSDL2-2.0.0.dylib (0x13b790cc8). This may cause spurious casting failures and mysterious crashes. One of the duplicates must be removed or renamed.
objc[56700]: Class METAL_TextureData is implemented in both /Users/linmuyi/miniconda3/envs/llm_gs/lib/python3.9/site-packages/pygame/.dylibs/libSDL2-2.0.0.dylib (0x10ab45750) and /Users/linmuyi/miniconda3/envs/llm_gs/lib/python3.9/site-packages/cv2/.dylibs/libSDL2-2.0.0.dylib (0x13b790d18). This may cause spurious casting failures and mysterious crashes. One of the duplicates must be removed or renamed.
objc[56700]: Class SDL_RumbleMotor is implemented in both /Users/linmuyi/miniconda3/envs/llm_gs/lib/python3.9/site-packages/pygame/.dylibs/libSDL2-2.0.0.dylib (0x10ab45778) and /Users/linmuyi/miniconda3/envs/llm_gs/lib/python3.9/site-packages/cv2/.dylibs/libSDL2-2.0.0.dylib (0x13b790d40). This may cause spurious casting failures and mysterious crashes. One of the duplicates must be removed or renamed.
objc[56700]: Class SDL_RumbleContext is implemented in both /Users/linmuyi/miniconda3/envs/llm_gs/lib/python3.9/site-packages/pygame/.dylibs/libSDL2-2.0.0.dylib (0x10ab457c8) and /Users/linmuyi/miniconda3/envs/llm_gs/lib/python3.9/site-packages/cv2/.dylibs/libSDL2-2.0.0.dylib (0x13b790d90). This may cause spurious casting failures and mysterious crashes. One of the duplicates must be removed or renamed.
  steps=  50000 held=0.00 scoring_steps=33162 (39s)
  steps= 100000 held=0.01 scoring_steps=33162 (66s)
  steps= 150000 held=0.00 scoring_steps=33162 (94s)
  steps= 200000 held=0.00 scoring_steps=33162 (122s)
  steps= 250000 held=0.00 scoring_steps=33162 (149s)
  steps= 300000 held=0.01 scoring_steps=58261 (189s)
  steps= 350000 held=0.00 scoring_steps=58261 (224s)
  steps= 400000 held=0.00 scoring_steps=58261 (264s)
  steps= 450000 held=0.00 scoring_steps=58261 (301s)
  steps= 500000 held=0.00 scoring_steps=58261 (332s)
  steps= 550000 held=0.00 scoring_steps=140369 (388s)
  steps= 600000 held=0.03 scoring_steps=140369 (421s)
  steps= 650000 held=0.00 scoring_steps=140369 (463s)
  steps= 700000 held=0.03 scoring_steps=140369 (494s)
  steps= 750000 held=0.00 scoring_steps=140369 (527s)
  steps= 800000 held=0.00 scoring_steps=248970 (595s)
  steps= 850000 held=0.00 scoring_steps=248970 (621s)
  steps= 900000 held=0.00 scoring_steps=248970 (658s)
  steps= 950000 held=0.00 scoring_steps=248970 (688s)
  steps=1000000 held=0.01 scoring_steps=248970 (731s)
  steps=1050000 held=0.02 scoring_steps=437092 (826s)
  steps=1100000 held=0.01 scoring_steps=437092 (860s)
  steps=1150000 held=0.00 scoring_steps=437092 (909s)
  steps=1200000 held=0.00 scoring_steps=437092 (960s)
  steps=1250000 held=0.00 scoring_steps=437092 (1012s)
  steps=1300000 held=0.00 scoring_steps=693259 (1128s)
  steps=1350000 held=0.01 scoring_steps=693259 (1165s)
  steps=1400000 held=0.00 scoring_steps=693259 (1213s)
  steps=1450000 held=0.00 scoring_steps=693259 (1243s)
  steps=1500000 held=0.00 scoring_steps=693259 (1291s)
[sfl] DONE final=0.00 scoring_steps=693259
