/Users/linmuyi/miniconda3/envs/llm_gs/lib/python3.9/site-packages/pygame/pkgdata.py:25: UserWarning: pkg_resources is deprecated as an API. See https://setuptools.pypa.io/en/latest/pkg_resources.html. The pkg_resources package is slated for removal as early as 2025-11-30. Refrain from using this package or pin to Setuptools<81.
  from pkg_resources import resource_stream, resource_exists
[sfl_grader] held-out=36
objc[83114]: Class SDLApplication is implemented in both /Users/linmuyi/miniconda3/envs/llm_gs/lib/python3.9/site-packages/pygame/.dylibs/libSDL2-2.0.0.dylib (0x1042f52c8) and /Users/linmuyi/miniconda3/envs/llm_gs/lib/python3.9/site-packages/cv2/.dylibs/libSDL2-2.0.0.dylib (0x17b564890). This may cause spurious casting failures and mysterious crashes. One of the duplicates must be removed or renamed.
objc[83114]: Class SDLAppDelegate is implemented in both /Users/linmuyi/miniconda3/envs/llm_gs/lib/python3.9/site-packages/pygame/.dylibs/libSDL2-2.0.0.dylib (0x1042f5318) and /Users/linmuyi/miniconda3/envs/llm_gs/lib/python3.9/site-packages/cv2/.dylibs/libSDL2-2.0.0.dylib (0x17b5648e0). This may cause spurious casting failures and mysterious crashes. One of the duplicates must be removed or renamed.
objc[83114]: Class SDLTranslatorResponder is implemented in both /Users/linmuyi/miniconda3/envs/llm_gs/lib/python3.9/site-packages/pygame/.dylibs/libSDL2-2.0.0.dylib (0x1042f5390) and /Users/linmuyi/miniconda3/envs/llm_gs/lib/python3.9/site-packages/cv2/.dylibs/libSDL2-2.0.0.dylib (0x17b564958). This may cause spurious casting failures and mysterious crashes. One of the duplicates must be removed or renamed.
objc[83114]: Class SDLMessageBoxPresenter is implemented in both /Users/linmuyi/miniconda3/envs/llm_gs/lib/python3.9/site-packages/pygame/.dylibs/libSDL2-2.0.0.dylib (0x1042f53b8) and /Users/linmuyi/miniconda3/envs/llm_gs/lib/python3.9/site-packages/cv2/.dylibs/libSDL2-2.0.0.dylib (0x17b564980). This may cause spurious casting failures and mysterious crashes. One of the duplicates must be removed or renamed.
objc[83114]: Class SDL_cocoametalview is implemented in both /Users/linmuyi/miniconda3/envs/llm_gs/lib/python3.9/site-packages/pygame/.dylibs/libSDL2-2.0.0.dylib (0x1042f5408) and /Users/linmuyi/miniconda3/envs/llm_gs/lib/python3.9/site-packages/cv2/.dylibs/libSDL2-2.0.0.dylib (0x17b5649d0). This may cause spurious casting failures and mysterious crashes. One of the duplicates must be removed or renamed.
objc[83114]: Class SDLOpenGLContext is implemented in both /Users/linmuyi/miniconda3/envs/llm_gs/lib/python3.9/site-packages/pygame/.dylibs/libSDL2-2.0.0.dylib (0x1042f5458) and /Users/linmuyi/miniconda3/envs/llm_gs/lib/python3.9/site-packages/cv2/.dylibs/libSDL2-2.0.0.dylib (0x17b564a20). This may cause spurious casting failures and mysterious crashes. One of the duplicates must be removed or renamed.
objc[83114]: Class SDL_ShapeData is implemented in both /Users/linmuyi/miniconda3/envs/llm_gs/lib/python3.9/site-packages/pygame/.dylibs/libSDL2-2.0.0.dylib (0x1042f54d0) and /Users/linmuyi/miniconda3/envs/llm_gs/lib/python3.9/site-packages/cv2/.dylibs/libSDL2-2.0.0.dylib (0x17b564a98). This may cause spurious casting failures and mysterious crashes. One of the duplicates must be removed or renamed.
objc[83114]: Class SDL_CocoaClosure is implemented in both /Users/linmuyi/miniconda3/envs/llm_gs/lib/python3.9/site-packages/pygame/.dylibs/libSDL2-2.0.0.dylib (0x1042f5520) and /Users/linmuyi/miniconda3/envs/llm_gs/lib/python3.9/site-packages/cv2/.dylibs/libSDL2-2.0.0.dylib (0x17b564ae8). This may cause spurious casting failures and mysterious crashes. One of the duplicates must be removed or renamed.
objc[83114]: Class SDL_VideoData is implemented in both /Users/linmuyi/miniconda3/envs/llm_gs/lib/python3.9/site-packages/pygame/.dylibs/libSDL2-2.0.0.dylib (0x1042f5570) and /Users/linmuyi/miniconda3/envs/llm_gs/lib/python3.9/site-packages/cv2/.dylibs/libSDL2-2.0.0.dylib (0x17b564b38). This may cause spurious casting failures and mysterious crashes. One of the duplicates must be removed or renamed.
objc[83114]: Class SDL_WindowData is implemented in both /Users/linmuyi/miniconda3/envs/llm_gs/lib/python3.9/site-packages/pygame/.dylibs/libSDL2-2.0.0.dylib (0x1042f55c0) and /Users/linmuyi/miniconda3/envs/llm_gs/lib/python3.9/site-packages/cv2/.dylibs/libSDL2-2.0.0.dylib (0x17b564b88). This may cause spurious casting failures and mysterious crashes. One of the duplicates must be removed or renamed.
objc[83114]: Class SDLWindow is implemented in both /Users/linmuyi/miniconda3/envs/llm_gs/lib/python3.9/site-packages/pygame/.dylibs/libSDL2-2.0.0.dylib (0x1042f55e8) and /Users/linmuyi/miniconda3/envs/llm_gs/lib/python3.9/site-packages/cv2/.dylibs/libSDL2-2.0.0.dylib (0x17b564bb0). This may cause spurious casting failures and mysterious crashes. One of the duplicates must be removed or renamed.
objc[83114]: Class Cocoa_WindowListener is implemented in both /Users/linmuyi/miniconda3/envs/llm_gs/lib/python3.9/site-packages/pygame/.dylibs/libSDL2-2.0.0.dylib (0x1042f5610) and /Users/linmuyi/miniconda3/envs/llm_gs/lib/python3.9/site-packages/cv2/.dylibs/libSDL2-2.0.0.dylib (0x17b564bd8). This may cause spurious casting failures and mysterious crashes. One of the duplicates must be removed or renamed.
objc[83114]: Class SDLView is implemented in both /Users/linmuyi/miniconda3/envs/llm_gs/lib/python3.9/site-packages/pygame/.dylibs/libSDL2-2.0.0.dylib (0x1042f5688) and /Users/linmuyi/miniconda3/envs/llm_gs/lib/python3.9/site-packages/cv2/.dylibs/libSDL2-2.0.0.dylib (0x17b564c50). This may cause spurious casting failures and mysterious crashes. One of the duplicates must be removed or renamed.
objc[83114]: Class METAL_RenderData is implemented in both /Users/linmuyi/miniconda3/envs/llm_gs/lib/python3.9/site-packages/pygame/.dylibs/libSDL2-2.0.0.dylib (0x1042f5700) and /Users/linmuyi/miniconda3/envs/llm_gs/lib/python3.9/site-packages/cv2/.dylibs/libSDL2-2.0.0.dylib (0x17b564cc8). This may cause spurious casting failures and mysterious crashes. One of the duplicates must be removed or renamed.
objc[83114]: Class METAL_TextureData is implemented in both /Users/linmuyi/miniconda3/envs/llm_gs/lib/python3.9/site-packages/pygame/.dylibs/libSDL2-2.0.0.dylib (0x1042f5750) and /Users/linmuyi/miniconda3/envs/llm_gs/lib/python3.9/site-packages/cv2/.dylibs/libSDL2-2.0.0.dylib (0x17b564d18). This may cause spurious casting failures and mysterious crashes. One of the duplicates must be removed or renamed.
objc[83114]: Class SDL_RumbleMotor is implemented in both /Users/linmuyi/miniconda3/envs/llm_gs/lib/python3.9/site-packages/pygame/.dylibs/libSDL2-2.0.0.dylib (0x1042f5778) and /Users/linmuyi/miniconda3/envs/llm_gs/lib/python3.9/site-packages/cv2/.dylibs/libSDL2-2.0.0.dylib (0x17b564d40). This may cause spurious casting failures and mysterious crashes. One of the duplicates must be removed or renamed.
objc[83114]: Class SDL_RumbleContext is implemented in both /Users/linmuyi/miniconda3/envs/llm_gs/lib/python3.9/site-packages/pygame/.dylibs/libSDL2-2.0.0.dylib (0x1042f57c8) and /Users/linmuyi/miniconda3/envs/llm_gs/lib/python3.9/site-packages/cv2/.dylibs/libSDL2-2.0.0.dylib (0x17b564d90). This may cause spurious casting failures and mysterious crashes. One of the duplicates must be removed or renamed.
  steps=  50000 held=0.00 scoring_steps=4220 (107s)
  steps= 100000 held=0.00 scoring_steps=4220 (186s)
  steps= 150000 held=0.00 scoring_steps=4220 (277s)
  steps= 200000 held=0.00 scoring_steps=4220 (380s)
  steps= 250000 held=0.00 scoring_steps=4220 (454s)
  steps= 300000 held=0.03 scoring_steps=47941 (537s)
  steps= 350000 held=0.01 scoring_steps=47941 (590s)
  steps= 400000 held=0.01 scoring_steps=47941 (649s)
  steps= 450000 held=0.01 scoring_steps=47941 (699s)
  steps= 500000 held=0.00 scoring_steps=47941 (743s)
  steps= 550000 held=0.01 scoring_steps=55052 (807s)
  steps= 600000 held=0.01 scoring_steps=55052 (855s)
  steps= 650000 held=0.00 scoring_steps=55052 (933s)
  steps= 700000 held=0.02 scoring_steps=55052 (1007s)
  steps= 750000 held=0.01 scoring_steps=55052 (1080s)
  steps= 800000 held=0.01 scoring_steps=97906 (1176s)
  steps= 850000 held=0.02 scoring_steps=97906 (1258s)
  steps= 900000 held=0.00 scoring_steps=97906 (1342s)
  steps= 950000 held=0.00 scoring_steps=97906 (1427s)
  steps=1000000 held=0.00 scoring_steps=97906 (1501s)
  steps=1050000 held=0.00 scoring_steps=141251 (1604s)
  steps=1100000 held=0.00 scoring_steps=141251 (1681s)
  steps=1150000 held=0.00 scoring_steps=141251 (1755s)
  steps=1200000 held=0.00 scoring_steps=141251 (9065s)
  steps=1250000 held=0.00 scoring_steps=141251 (18478s)
  steps=1300000 held=0.00 scoring_steps=177767 (18580s)
  steps=1350000 held=0.00 scoring_steps=177767 (18649s)
  steps=1400000 held=0.00 scoring_steps=177767 (18722s)
  steps=1450000 held=0.00 scoring_steps=177767 (18798s)
  steps=1500000 held=0.00 scoring_steps=177767 (18874s)
[sfl_grader] DONE final=0.00 scoring_steps=177767
