objc[5589]: Class SDLApplication is implemented in both /Users/linmuyi/miniconda3/envs/llm_gs/lib/python3.9/site-packages/pygame/.dylibs/libSDL2-2.0.0.dylib (0x135b612c8) and /Users/linmuyi/miniconda3/envs/llm_gs/lib/python3.9/site-packages/cv2/.dylibs/libSDL2-2.0.0.dylib (0x355828890). This may cause spurious casting failures and mysterious crashes. One of the duplicates must be removed or renamed.
objc[5589]: Class SDLAppDelegate is implemented in both /Users/linmuyi/miniconda3/envs/llm_gs/lib/python3.9/site-packages/pygame/.dylibs/libSDL2-2.0.0.dylib (0x135b61318) and /Users/linmuyi/miniconda3/envs/llm_gs/lib/python3.9/site-packages/cv2/.dylibs/libSDL2-2.0.0.dylib (0x3558288e0). This may cause spurious casting failures and mysterious crashes. One of the duplicates must be removed or renamed.
objc[5589]: Class SDLTranslatorResponder is implemented in both /Users/linmuyi/miniconda3/envs/llm_gs/lib/python3.9/site-packages/pygame/.dylibs/libSDL2-2.0.0.dylib (0x135b61390) and /Users/linmuyi/miniconda3/envs/llm_gs/lib/python3.9/site-packages/cv2/.dylibs/libSDL2-2.0.0.dylib (0x355828958). This may cause spurious casting failures and mysterious crashes. One of the duplicates must be removed or renamed.
objc[5589]: Class SDLMessageBoxPresenter is implemented in both /Users/linmuyi/miniconda3/envs/llm_gs/lib/python3.9/site-packages/pygame/.dylibs/libSDL2-2.0.0.dylib (0x135b613b8) and /Users/linmuyi/miniconda3/envs/llm_gs/lib/python3.9/site-packages/cv2/.dylibs/libSDL2-2.0.0.dylib (0x355828980). This may cause spurious casting failures and mysterious crashes. One of the duplicates must be removed or renamed.
objc[5589]: Class SDL_cocoametalview is implemented in both /Users/linmuyi/miniconda3/envs/llm_gs/lib/python3.9/site-packages/pygame/.dylibs/libSDL2-2.0.0.dylib (0x135b61408) and /Users/linmuyi/miniconda3/envs/llm_gs/lib/python3.9/site-packages/cv2/.dylibs/libSDL2-2.0.0.dylib (0x3558289d0). This may cause spurious casting failures and mysterious crashes. One of the duplicates must be removed or renamed.
objc[5589]: Class SDLOpenGLContext is implemented in both /Users/linmuyi/miniconda3/envs/llm_gs/lib/python3.9/site-packages/pygame/.dylibs/libSDL2-2.0.0.dylib (0x135b61458) and /Users/linmuyi/miniconda3/envs/llm_gs/lib/python3.9/site-packages/cv2/.dylibs/libSDL2-2.0.0.dylib (0x355828a20). This may cause spurious casting failures and mysterious crashes. One of the duplicates must be removed or renamed.
objc[5589]: Class SDL_ShapeData is implemented in both /Users/linmuyi/miniconda3/envs/llm_gs/lib/python3.9/site-packages/pygame/.dylibs/libSDL2-2.0.0.dylib (0x135b614d0) and /Users/linmuyi/miniconda3/envs/llm_gs/lib/python3.9/site-packages/cv2/.dylibs/libSDL2-2.0.0.dylib (0x355828a98). This may cause spurious casting failures and mysterious crashes. One of the duplicates must be removed or renamed.
objc[5589]: Class SDL_CocoaClosure is implemented in both /Users/linmuyi/miniconda3/envs/llm_gs/lib/python3.9/site-packages/pygame/.dylibs/libSDL2-2.0.0.dylib (0x135b61520) and /Users/linmuyi/miniconda3/envs/llm_gs/lib/python3.9/site-packages/cv2/.dylibs/libSDL2-2.0.0.dylib (0x355828ae8). This may cause spurious casting failures and mysterious crashes. One of the duplicates must be removed or renamed.
objc[5589]: Class SDL_VideoData is implemented in both /Users/linmuyi/miniconda3/envs/llm_gs/lib/python3.9/site-packages/pygame/.dylibs/libSDL2-2.0.0.dylib (0x135b61570) and /Users/linmuyi/miniconda3/envs/llm_gs/lib/python3.9/site-packages/cv2/.dylibs/libSDL2-2.0.0.dylib (0x355828b38). This may cause spurious casting failures and mysterious crashes. One of the duplicates must be removed or renamed.
objc[5589]: Class SDL_WindowData is implemented in both /Users/linmuyi/miniconda3/envs/llm_gs/lib/python3.9/site-packages/pygame/.dylibs/libSDL2-2.0.0.dylib (0x135b615c0) and /Users/linmuyi/miniconda3/envs/llm_gs/lib/python3.9/site-packages/cv2/.dylibs/libSDL2-2.0.0.dylib (0x355828b88). This may cause spurious casting failures and mysterious crashes. One of the duplicates must be removed or renamed.
objc[5589]: Class SDLWindow is implemented in both /Users/linmuyi/miniconda3/envs/llm_gs/lib/python3.9/site-packages/pygame/.dylibs/libSDL2-2.0.0.dylib (0x135b615e8) and /Users/linmuyi/miniconda3/envs/llm_gs/lib/python3.9/site-packages/cv2/.dylibs/libSDL2-2.0.0.dylib (0x355828bb0). This may cause spurious casting failures and mysterious crashes. One of the duplicates must be removed or renamed.
objc[5589]: Class Cocoa_WindowListener is implemented in both /Users/linmuyi/miniconda3/envs/llm_gs/lib/python3.9/site-packages/pygame/.dylibs/libSDL2-2.0.0.dylib (0x135b61610) and /Users/linmuyi/miniconda3/envs/llm_gs/lib/python3.9/site-packages/cv2/.dylibs/libSDL2-2.0.0.dylib (0x355828bd8). This may cause spurious casting failures and mysterious crashes. One of the duplicates must be removed or renamed.
objc[5589]: Class SDLView is implemented in both /Users/linmuyi/miniconda3/envs/llm_gs/lib/python3.9/site-packages/pygame/.dylibs/libSDL2-2.0.0.dylib (0x135b61688) and /Users/linmuyi/miniconda3/envs/llm_gs/lib/python3.9/site-packages/cv2/.dylibs/libSDL2-2.0.0.dylib (0x355828c50). This may cause spurious casting failures and mysterious crashes. One of the duplicates must be removed or renamed.
objc[5589]: Class METAL_RenderData is implemented in both /Users/linmuyi/miniconda3/envs/llm_gs/lib/python3.9/site-packages/pygame/.dylibs/libSDL2-2.0.0.dylib (0x135b61700) and /Users/linmuyi/miniconda3/envs/llm_gs/lib/python3.9/site-packages/cv2/.dylibs/libSDL2-2.0.0.dylib (0x355828cc8). This may cause spurious casting failures and mysterious crashes. One of the duplicates must be removed or renamed.
objc[5589]: Class METAL_TextureData is implemented in both /Users/linmuyi/miniconda3/envs/llm_gs/lib/python3.9/site-packages/pygame/.dylibs/libSDL2-2.0.0.dylib (0x135b61750) and /Users/linmuyi/miniconda3/envs/llm_gs/lib/python3.9/site-packages/cv2/.dylibs/libSDL2-2.0.0.dylib (0x355828d18). This may cause spurious casting failures and mysterious crashes. One of the duplicates must be removed or renamed.
objc[5589]: Class SDL_RumbleMotor is implemented in both /Users/linmuyi/miniconda3/envs/llm_gs/lib/python3.9/site-packages/pygame/.dylibs/libSDL2-2.0.0.dylib (0x135b61778) and /Users/linmuyi/miniconda3/envs/llm_gs/lib/python3.9/site-packages/cv2/.dylibs/libSDL2-2.0.0.dylib (0x355828d40). This may cause spurious casting failures and mysterious crashes. One of the duplicates must be removed or renamed.
objc[5589]: Class SDL_RumbleContext is implemented in both /Users/linmuyi/miniconda3/envs/llm_gs/lib/python3.9/site-packages/pygame/.dylibs/libSDL2-2.0.0.dylib (0x135b617c8) and /Users/linmuyi/miniconda3/envs/llm_gs/lib/python3.9/site-packages/cv2/.dylibs/libSDL2-2.0.0.dylib (0x355828d90). This may cause spurious casting failures and mysterious crashes. One of the duplicates must be removed or renamed.
LavaGap (60)                 partial-progress D     local                    ( 4) +0.263 +- 0.037
LavaGap (60)                 partial-progress D     local+reach              ( 9) +0.568 +- 0.044
LavaGap (60)                 partial-progress D     local+reach+spec         (14) +0.563 +- 0.041
LavaGap (60)                 partial-progress D     spec only                ( 5) +0.381 +- 0.039
LavaCrossing 7911 (90)       1 - PPO success        local                    ( 6) +0.268 +- 0.056
LavaCrossing 7911 (90)       1 - PPO success        local+reach              (11) +0.336 +- 0.041
LavaCrossing 7911 (90)       1 - PPO success        local+reach+spec         (16) +0.394 +- 0.046
LavaCrossing 7911 (90)       1 - PPO success        spec only                ( 5) +0.285 +- 0.058
LavaCrossing 91317 (90)      1 - PPO success        local                    ( 6) +0.262 +- 0.037
LavaCrossing 91317 (90)      1 - PPO success        local+reach              (11) +0.278 +- 0.041
LavaCrossing 91317 (90)      1 - PPO success        local+reach+spec         (16) +0.339 +- 0.045
LavaCrossing 91317 (90)      1 - PPO success        spec only                ( 5) +0.170 +- 0.035
Karel WallAvoider (200)      HC D (R=12)            local                    ( 1) -0.102 +- 0.048
Karel WallAvoider (200)      HC D (R=12)            local+reach              ( 3) +0.333 +- 0.024
Karel WallAvoider (200)      HC D (R=12)            local+reach+spec         ( 3) +0.333 +- 0.024
Karel TopOff (200)           HC D (R=12)            local                    ( 2) +0.324 +- 0.026
Karel TopOff (200)           HC D (R=12)            local+reach              ( 2) +0.324 +- 0.026
Karel TopOff (200)           HC D (R=12)            local+reach+spec         ( 2) +0.324 +- 0.026
Karel DoorKey (200)          HC D (R=12)            local                    ( 1) +0.036 +- 0.065
Karel DoorKey (200)          HC D (R=12)            local+reach              ( 2) -0.111 +- 0.051
Karel DoorKey (200)          HC D (R=12)            local+reach+spec         ( 2) -0.111 +- 0.051
Karel Maze (200)             HC D (R=12)            local                    ( 4) -0.033 +- 0.045
Karel Maze (200)             HC D (R=12)            local+reach              ( 7) -0.033 +- 0.047
Karel Maze (200)             HC D (R=12)            local+reach+spec         (11) -0.041 +- 0.048
Karel Maze (200)             HC D (R=12)            spec only                ( 4) +0.006 +- 0.021
Karel Snake (80)             HC D (R=12)            local                    ( 1) +0.090 +- 0.111
Karel Snake (80)             HC D (R=12)            local+reach              ( 2) +0.119 +- 0.098
Karel Snake (80)             HC D (R=12)            local+reach+spec         ( 2) +0.119 +- 0.098
Sokoban public (3000)        log A* effort          local                    (10) +0.589 +- 0.003
Sokoban public (3000)        log A* effort          local+reach              (15) +0.659 +- 0.003
Sokoban public (3000)        log A* effort          local+reach+spec         (20) +0.674 +- 0.002
Sokoban public (3000)        log A* effort          spec only                ( 5) +0.513 +- 0.003
Sokoban public (3000)        log A* effort          full + domain-specific   (26) +0.750 +- 0.002
Sokoban public (3000)        tier                   local                    (10) +0.737 +- 0.003
Sokoban public (3000)        tier                   local+reach              (15) +0.787 +- 0.000
Sokoban public (3000)        tier                   local+reach+spec         (20) +0.799 +- 0.002
Sokoban public (3000)        tier                   spec only                ( 5) +0.691 +- 0.005
Sokoban public (3000)        tier                   full + domain-specific   (26) +0.804 +- 0.000

wrote data/benchmarks/feature_ablation.csv
