/Users/linmuyi/miniconda3/envs/llm_gs/lib/python3.9/site-packages/pygame/pkgdata.py:25: UserWarning: pkg_resources is deprecated as an API. See https://setuptools.pypa.io/en/latest/pkg_resources.html. The pkg_resources package is slated for removal as early as 2025-11-30. Refrain from using this package or pin to Setuptools<81.
  from pkg_resources import resource_stream, resource_exists
objc[56687]: Class SDLApplication is implemented in both /Users/linmuyi/miniconda3/envs/llm_gs/lib/python3.9/site-packages/pygame/.dylibs/libSDL2-2.0.0.dylib (0x11d2612c8) and /Users/linmuyi/miniconda3/envs/llm_gs/lib/python3.9/site-packages/cv2/.dylibs/libSDL2-2.0.0.dylib (0x15b5b4890). This may cause spurious casting failures and mysterious crashes. One of the duplicates must be removed or renamed.
objc[56687]: Class SDLAppDelegate is implemented in both /Users/linmuyi/miniconda3/envs/llm_gs/lib/python3.9/site-packages/pygame/.dylibs/libSDL2-2.0.0.dylib (0x11d261318) and /Users/linmuyi/miniconda3/envs/llm_gs/lib/python3.9/site-packages/cv2/.dylibs/libSDL2-2.0.0.dylib (0x15b5b48e0). This may cause spurious casting failures and mysterious crashes. One of the duplicates must be removed or renamed.
objc[56687]: Class SDLTranslatorResponder is implemented in both /Users/linmuyi/miniconda3/envs/llm_gs/lib/python3.9/site-packages/pygame/.dylibs/libSDL2-2.0.0.dylib (0x11d261390) and /Users/linmuyi/miniconda3/envs/llm_gs/lib/python3.9/site-packages/cv2/.dylibs/libSDL2-2.0.0.dylib (0x15b5b4958). This may cause spurious casting failures and mysterious crashes. One of the duplicates must be removed or renamed.
objc[56687]: Class SDLMessageBoxPresenter is implemented in both /Users/linmuyi/miniconda3/envs/llm_gs/lib/python3.9/site-packages/pygame/.dylibs/libSDL2-2.0.0.dylib (0x11d2613b8) and /Users/linmuyi/miniconda3/envs/llm_gs/lib/python3.9/site-packages/cv2/.dylibs/libSDL2-2.0.0.dylib (0x15b5b4980). This may cause spurious casting failures and mysterious crashes. One of the duplicates must be removed or renamed.
objc[56687]: Class SDL_cocoametalview is implemented in both /Users/linmuyi/miniconda3/envs/llm_gs/lib/python3.9/site-packages/pygame/.dylibs/libSDL2-2.0.0.dylib (0x11d261408) and /Users/linmuyi/miniconda3/envs/llm_gs/lib/python3.9/site-packages/cv2/.dylibs/libSDL2-2.0.0.dylib (0x15b5b49d0). This may cause spurious casting failures and mysterious crashes. One of the duplicates must be removed or renamed.
objc[56687]: Class SDLOpenGLContext is implemented in both /Users/linmuyi/miniconda3/envs/llm_gs/lib/python3.9/site-packages/pygame/.dylibs/libSDL2-2.0.0.dylib (0x11d261458) and /Users/linmuyi/miniconda3/envs/llm_gs/lib/python3.9/site-packages/cv2/.dylibs/libSDL2-2.0.0.dylib (0x15b5b4a20). This may cause spurious casting failures and mysterious crashes. One of the duplicates must be removed or renamed.
objc[56687]: Class SDL_ShapeData is implemented in both /Users/linmuyi/miniconda3/envs/llm_gs/lib/python3.9/site-packages/pygame/.dylibs/libSDL2-2.0.0.dylib (0x11d2614d0) and /Users/linmuyi/miniconda3/envs/llm_gs/lib/python3.9/site-packages/cv2/.dylibs/libSDL2-2.0.0.dylib (0x15b5b4a98). This may cause spurious casting failures and mysterious crashes. One of the duplicates must be removed or renamed.
objc[56687]: Class SDL_CocoaClosure is implemented in both /Users/linmuyi/miniconda3/envs/llm_gs/lib/python3.9/site-packages/pygame/.dylibs/libSDL2-2.0.0.dylib (0x11d261520) and /Users/linmuyi/miniconda3/envs/llm_gs/lib/python3.9/site-packages/cv2/.dylibs/libSDL2-2.0.0.dylib (0x15b5b4ae8). This may cause spurious casting failures and mysterious crashes. One of the duplicates must be removed or renamed.
objc[56687]: Class SDL_VideoData is implemented in both /Users/linmuyi/miniconda3/envs/llm_gs/lib/python3.9/site-packages/pygame/.dylibs/libSDL2-2.0.0.dylib (0x11d261570) and /Users/linmuyi/miniconda3/envs/llm_gs/lib/python3.9/site-packages/cv2/.dylibs/libSDL2-2.0.0.dylib (0x15b5b4b38). This may cause spurious casting failures and mysterious crashes. One of the duplicates must be removed or renamed.
objc[56687]: Class SDL_WindowData is implemented in both /Users/linmuyi/miniconda3/envs/llm_gs/lib/python3.9/site-packages/pygame/.dylibs/libSDL2-2.0.0.dylib (0x11d2615c0) and /Users/linmuyi/miniconda3/envs/llm_gs/lib/python3.9/site-packages/cv2/.dylibs/libSDL2-2.0.0.dylib (0x15b5b4b88). This may cause spurious casting failures and mysterious crashes. One of the duplicates must be removed or renamed.
objc[56687]: Class SDLWindow is implemented in both /Users/linmuyi/miniconda3/envs/llm_gs/lib/python3.9/site-packages/pygame/.dylibs/libSDL2-2.0.0.dylib (0x11d2615e8) and /Users/linmuyi/miniconda3/envs/llm_gs/lib/python3.9/site-packages/cv2/.dylibs/libSDL2-2.0.0.dylib (0x15b5b4bb0). This may cause spurious casting failures and mysterious crashes. One of the duplicates must be removed or renamed.
objc[56687]: Class Cocoa_WindowListener is implemented in both /Users/linmuyi/miniconda3/envs/llm_gs/lib/python3.9/site-packages/pygame/.dylibs/libSDL2-2.0.0.dylib (0x11d261610) and /Users/linmuyi/miniconda3/envs/llm_gs/lib/python3.9/site-packages/cv2/.dylibs/libSDL2-2.0.0.dylib (0x15b5b4bd8). This may cause spurious casting failures and mysterious crashes. One of the duplicates must be removed or renamed.
objc[56687]: Class SDLView is implemented in both /Users/linmuyi/miniconda3/envs/llm_gs/lib/python3.9/site-packages/pygame/.dylibs/libSDL2-2.0.0.dylib (0x11d261688) and /Users/linmuyi/miniconda3/envs/llm_gs/lib/python3.9/site-packages/cv2/.dylibs/libSDL2-2.0.0.dylib (0x15b5b4c50). This may cause spurious casting failures and mysterious crashes. One of the duplicates must be removed or renamed.
objc[56687]: Class METAL_RenderData is implemented in both /Users/linmuyi/miniconda3/envs/llm_gs/lib/python3.9/site-packages/pygame/.dylibs/libSDL2-2.0.0.dylib (0x11d261700) and /Users/linmuyi/miniconda3/envs/llm_gs/lib/python3.9/site-packages/cv2/.dylibs/libSDL2-2.0.0.dylib (0x15b5b4cc8). This may cause spurious casting failures and mysterious crashes. One of the duplicates must be removed or renamed.
objc[56687]: Class METAL_TextureData is implemented in both /Users/linmuyi/miniconda3/envs/llm_gs/lib/python3.9/site-packages/pygame/.dylibs/libSDL2-2.0.0.dylib (0x11d261750) and /Users/linmuyi/miniconda3/envs/llm_gs/lib/python3.9/site-packages/cv2/.dylibs/libSDL2-2.0.0.dylib (0x15b5b4d18). This may cause spurious casting failures and mysterious crashes. One of the duplicates must be removed or renamed.
objc[56687]: Class SDL_RumbleMotor is implemented in both /Users/linmuyi/miniconda3/envs/llm_gs/lib/python3.9/site-packages/pygame/.dylibs/libSDL2-2.0.0.dylib (0x11d261778) and /Users/linmuyi/miniconda3/envs/llm_gs/lib/python3.9/site-packages/cv2/.dylibs/libSDL2-2.0.0.dylib (0x15b5b4d40). This may cause spurious casting failures and mysterious crashes. One of the duplicates must be removed or renamed.
objc[56687]: Class SDL_RumbleContext is implemented in both /Users/linmuyi/miniconda3/envs/llm_gs/lib/python3.9/site-packages/pygame/.dylibs/libSDL2-2.0.0.dylib (0x11d2617c8) and /Users/linmuyi/miniconda3/envs/llm_gs/lib/python3.9/site-packages/cv2/.dylibs/libSDL2-2.0.0.dylib (0x15b5b4d90). This may cause spurious casting failures and mysterious crashes. One of the duplicates must be removed or renamed.

======================================================================
Task: DoorKey  (200 grids x 12 HC seeds)
======================================================================
  grid   0: mean_diff=0.583 std=0.186
  grid   1: mean_diff=0.792 std=0.247
  grid   2: mean_diff=0.875 std=0.217
  grid   3: mean_diff=0.625 std=0.217
  grid   4: mean_diff=0.833 std=0.236
  grid   5: mean_diff=0.750 std=0.250
  grid   6: mean_diff=0.500 std=0.000
  grid   7: mean_diff=0.792 std=0.247
  grid   8: mean_diff=0.875 std=0.298
  grid   9: mean_diff=0.958 std=0.138
  grid  10: mean_diff=0.625 std=0.217
  grid  11: mean_diff=0.708 std=0.247
  grid  12: mean_diff=0.750 std=0.250
  grid  13: mean_diff=0.625 std=0.217
  grid  14: mean_diff=0.958 std=0.138
  grid  15: mean_diff=0.500 std=0.000
  grid  16: mean_diff=0.417 std=0.276
  grid  17: mean_diff=0.750 std=0.250
  grid  18: mean_diff=0.750 std=0.250
  grid  19: mean_diff=0.625 std=0.361
  grid  20: mean_diff=0.708 std=0.247
  grid  21: mean_diff=0.708 std=0.247
  grid  22: mean_diff=0.750 std=0.250
  grid  23: mean_diff=0.750 std=0.250
  grid  24: mean_diff=0.625 std=0.217
  grid  25: mean_diff=0.708 std=0.247
  grid  26: mean_diff=0.792 std=0.247
  grid  27: mean_diff=0.667 std=0.236
  grid  28: mean_diff=0.625 std=0.298
  grid  29: mean_diff=0.583 std=0.186
  grid  30: mean_diff=0.667 std=0.236
  grid  31: mean_diff=0.875 std=0.217
  grid  32: mean_diff=0.875 std=0.217
  grid  33: mean_diff=0.833 std=0.236
  grid  34: mean_diff=0.833 std=0.236
  grid  35: mean_diff=0.708 std=0.320
  grid  36: mean_diff=0.625 std=0.298
  grid  37: mean_diff=0.875 std=0.217
  grid  38: mean_diff=0.958 std=0.138
  grid  39: mean_diff=0.833 std=0.312
  grid  40: mean_diff=0.750 std=0.250
  grid  41: mean_diff=0.750 std=0.250
  grid  42: mean_diff=0.625 std=0.217
  grid  43: mean_diff=0.625 std=0.217
  grid  44: mean_diff=0.542 std=0.138
  grid  45: mean_diff=0.750 std=0.250
  grid  46: mean_diff=0.917 std=0.186
  grid  47: mean_diff=0.750 std=0.250
  grid  48: mean_diff=0.500 std=0.204
  grid  49: mean_diff=0.917 std=0.186
  grid  50: mean_diff=0.875 std=0.217
  grid  51: mean_diff=0.917 std=0.186
  grid  52: mean_diff=0.583 std=0.276
  grid  53: mean_diff=0.625 std=0.217
  grid  54: mean_diff=0.792 std=0.247
  grid  55: mean_diff=0.500 std=0.000
  grid  56: mean_diff=0.875 std=0.217
  grid  57: mean_diff=0.833 std=0.236
  grid  58: mean_diff=0.708 std=0.247
  grid  59: mean_diff=0.708 std=0.247
  grid  60: mean_diff=0.667 std=0.236
  grid  61: mean_diff=0.750 std=0.250
  grid  62: mean_diff=0.750 std=0.250
  grid  63: mean_diff=0.583 std=0.186
  grid  64: mean_diff=0.750 std=0.250
  grid  65: mean_diff=0.708 std=0.320
  grid  66: mean_diff=0.917 std=0.186
  grid  67: mean_diff=0.708 std=0.247
  grid  68: mean_diff=0.625 std=0.217
  grid  69: mean_diff=0.625 std=0.217
  grid  70: mean_diff=0.625 std=0.217
  grid  71: mean_diff=0.708 std=0.247
  grid  72: mean_diff=0.833 std=0.236
  grid  73: mean_diff=0.708 std=0.247
  grid  74: mean_diff=0.625 std=0.217
  grid  75: mean_diff=0.833 std=0.236
  grid  76: mean_diff=0.583 std=0.276
  grid  77: mean_diff=0.708 std=0.247
  grid  78: mean_diff=0.875 std=0.217
  grid  79: mean_diff=0.792 std=0.247
  grid  80: mean_diff=0.750 std=0.250
  grid  81: mean_diff=0.667 std=0.236
  grid  82: mean_diff=0.792 std=0.247
  grid  83: mean_diff=0.792 std=0.247
  grid  84: mean_diff=0.958 std=0.138
  grid  85: mean_diff=0.917 std=0.186
  grid  86: mean_diff=0.625 std=0.217
  grid  87: mean_diff=0.792 std=0.247
  grid  88: mean_diff=0.750 std=0.250
  grid  89: mean_diff=0.500 std=0.000
  grid  90: mean_diff=0.500 std=0.000
  grid  91: mean_diff=0.917 std=0.186
  grid  92: mean_diff=0.875 std=0.217
  grid  93: mean_diff=0.833 std=0.236
  grid  94: mean_diff=0.708 std=0.247
  grid  95: mean_diff=0.792 std=0.247
  grid  96: mean_diff=0.792 std=0.247
  grid  97: mean_diff=0.708 std=0.247
  grid  98: mean_diff=0.625 std=0.217
  grid  99: mean_diff=0.750 std=0.323
  grid 100: mean_diff=0.625 std=0.217
  grid 101: mean_diff=0.667 std=0.312
  grid 102: mean_diff=0.750 std=0.250
  grid 103: mean_diff=0.958 std=0.138
  grid 104: mean_diff=0.708 std=0.247
  grid 105: mean_diff=0.583 std=0.186
  grid 106: mean_diff=0.542 std=0.138
  grid 107: mean_diff=0.792 std=0.247
  grid 108: mean_diff=0.750 std=0.250
  grid 109: mean_diff=0.708 std=0.247
  grid 110: mean_diff=0.500 std=0.000
  grid 111: mean_diff=0.667 std=0.312
  grid 112: mean_diff=0.542 std=0.138
  grid 113: mean_diff=0.958 std=0.138
  grid 114: mean_diff=0.875 std=0.217
  grid 115: mean_diff=0.833 std=0.236
  grid 116: mean_diff=0.875 std=0.217
  grid 117: mean_diff=0.667 std=0.236
  grid 118: mean_diff=0.708 std=0.247
  grid 119: mean_diff=0.750 std=0.250
  grid 120: mean_diff=0.542 std=0.247
  grid 121: mean_diff=0.583 std=0.186
  grid 122: mean_diff=0.875 std=0.217
  grid 123: mean_diff=0.917 std=0.186
  grid 124: mean_diff=0.875 std=0.217
  grid 125: mean_diff=0.917 std=0.186
  grid 126: mean_diff=0.625 std=0.217
  grid 127: mean_diff=0.750 std=0.323
  grid 128: mean_diff=0.667 std=0.236
  grid 129: mean_diff=0.542 std=0.247
  grid 130: mean_diff=0.792 std=0.247
  grid 131: mean_diff=0.875 std=0.217
  grid 132: mean_diff=0.792 std=0.247
  grid 133: mean_diff=0.667 std=0.236
  grid 134: mean_diff=0.667 std=0.236
  grid 135: mean_diff=0.917 std=0.186
  grid 136: mean_diff=0.792 std=0.247
  grid 137: mean_diff=0.750 std=0.250
  grid 138: mean_diff=0.917 std=0.186
  grid 139: mean_diff=0.917 std=0.186
  grid 140: mean_diff=0.583 std=0.186
  grid 141: mean_diff=0.833 std=0.236
  grid 142: mean_diff=0.750 std=0.250
  grid 143: mean_diff=0.875 std=0.217
  grid 144: mean_diff=0.583 std=0.186
  grid 145: mean_diff=0.958 std=0.138
  grid 146: mean_diff=0.792 std=0.247
  grid 147: mean_diff=0.625 std=0.217
  grid 148: mean_diff=0.667 std=0.236
  grid 149: mean_diff=0.583 std=0.186
  grid 150: mean_diff=0.958 std=0.138
  grid 151: mean_diff=0.875 std=0.217
  grid 152: mean_diff=0.500 std=0.000
  grid 153: mean_diff=0.792 std=0.247
  grid 154: mean_diff=0.958 std=0.138
  grid 155: mean_diff=0.667 std=0.236
  grid 156: mean_diff=0.833 std=0.236
  grid 157: mean_diff=0.708 std=0.247
  grid 158: mean_diff=0.792 std=0.247
  grid 159: mean_diff=0.625 std=0.217
  grid 160: mean_diff=0.708 std=0.247
  grid 161: mean_diff=0.833 std=0.236
  grid 162: mean_diff=0.708 std=0.247
  grid 163: mean_diff=0.792 std=0.247
  grid 164: mean_diff=0.708 std=0.247
  grid 165: mean_diff=0.500 std=0.000
  grid 166: mean_diff=0.542 std=0.138
  grid 167: mean_diff=0.708 std=0.320
  grid 168: mean_diff=0.875 std=0.217
  grid 169: mean_diff=0.542 std=0.247
  grid 170: mean_diff=0.667 std=0.236
  grid 171: mean_diff=0.792 std=0.247
  grid 172: mean_diff=0.833 std=0.236
  grid 173: mean_diff=0.875 std=0.298
  grid 174: mean_diff=0.875 std=0.217
  grid 175: mean_diff=0.708 std=0.247
  grid 176: mean_diff=0.542 std=0.138
  grid 177: mean_diff=0.583 std=0.186
  grid 178: mean_diff=0.875 std=0.217
  grid 179: mean_diff=0.750 std=0.250
  grid 180: mean_diff=0.875 std=0.217
  grid 181: mean_diff=0.875 std=0.217
  grid 182: mean_diff=0.833 std=0.236
  grid 183: mean_diff=0.667 std=0.236
  grid 184: mean_diff=0.792 std=0.247
  grid 185: mean_diff=0.750 std=0.250
  grid 186: mean_diff=0.875 std=0.217
  grid 187: mean_diff=0.708 std=0.247
  grid 188: mean_diff=0.500 std=0.000
  grid 189: mean_diff=0.917 std=0.186
  grid 190: mean_diff=0.667 std=0.236
  grid 191: mean_diff=0.708 std=0.247
  grid 192: mean_diff=0.708 std=0.247
  grid 193: mean_diff=0.625 std=0.217
  grid 194: mean_diff=0.625 std=0.217
  grid 195: mean_diff=0.958 std=0.138
  grid 196: mean_diff=0.917 std=0.186
  grid 197: mean_diff=0.667 std=0.312
  grid 198: mean_diff=0.875 std=0.217
  grid 199: mean_diff=0.667 std=0.236

==========================================================================================
AVERAGED-LABEL PILOT SUMMARY
==========================================================================================
   task  across_grid_std(mean_label)  within_grid_std  signal_std  SNR  label_reliability             best_feature  best_single_|rho|  rf_cv_rho
DoorKey                        0.126            0.218       0.108 2.69              0.709 graph_start_eccentricity              0.114      0.028

Interpretation per task:
  DoorKey    reliability= 0.709 SNR= 2.69 -> stable label with real across-grid signal; rf_cv= 0.028 -> geometry FAILS (geometry-blind)
